[2026-09-03 21:59:42,241 I 857 857] core_worker_process.cc:868: Constructing CoreWorkerProcess. pid: 857
[2026-09-03 21:59:42,243 I 857 857] event.cc:499: Ray Event initialized for CORE_WORKER
[2026-09-03 21:59:42,243 I 857 857] event.cc:499: Ray Event initialized for EXPORT_TASK
[2026-09-03 21:59:42,243 I 857 857] event.cc:332: Set ray event level to warning
[2026-09-03 21:59:42,244 I 857 857] grpc_server.cc:144: worker server started, listening on port 20008.
[2026-09-03 21:59:42,245 I 857 857] core_worker_process.cc:299: Initializing worker at address: 10.244.218.62:20008 worker_id=8bb34d9d526b5b86fc1922866265b82f88b108054f4b6c1a758cccdb node_id=137ca386e65d980acbeff863eda6c65487ee6942bccc8db1236dc36e
[2026-09-03 21:59:42,245 I 857 857] task_event_buffer.cc:535: Reporting task events to GCS every 1000ms.
[2026-09-03 21:59:42,245 I 857 857] core_worker.cc:568: Adjusted worker niceness to 15
[2026-09-03 21:59:42,246 I 857 885] core_worker.cc:498: Event stats:


Global stats: 11 total (9 active)
Queueing time: mean = 0.00ms, max = 0.02ms, min = 0.00ms, total = 0.02ms
Execution time:  mean = 0.00ms, total = 0.02ms
Event stats:
	PeriodicalRunner.RunFnPeriodically - 8 total (6 active, 1 running), Execution time: mean = 0.00ms, total = 0.02ms, Queueing time: mean = 0.00ms, max = 0.02ms, min = 0.00ms, total = 0.02ms
	CoreWorker.ExitIfParentRayletDies - 1 total (1 active), Execution time: mean = 0.00ms, total = 0.00ms, Queueing time: mean = 0.00ms, max = -0.00ms, min = 9223372036854.78ms, total = 0.00ms
	Publisher.CheckDeadSubscribers - 1 total (1 active), Execution time: mean = 0.00ms, total = 0.00ms, Queueing time: mean = 0.00ms, max = -0.00ms, min = 9223372036854.78ms, total = 0.00ms
	ray::rpc::WorkerInfoGcsService.grpc_client.AddWorkerInfo - 1 total (1 active), Execution time: mean = 0.00ms, total = 0.00ms, Queueing time: mean = 0.00ms, max = -0.00ms, min = 9223372036854.78ms, total = 0.00ms

-----------------
Task execution event stats:

Global stats: 0 total (0 active)
Queueing time: mean = -nanms, max = -0.00ms, min = 9223372036854.78ms, total = 0.00ms
Execution time:  mean = -nanms, total = 0.00ms
Event stats:

-----------------
Task Event stats:

IO Service Stats:

Global stats: 2 total (1 active)
Queueing time: mean = 0.00ms, max = 0.01ms, min = 0.01ms, total = 0.01ms
Execution time:  mean = 0.01ms, total = 0.02ms
Event stats:
	CoreWorker.deadline_timer.flush_task_events - 1 total (1 active), Execution time: mean = 0.00ms, total = 0.00ms, Queueing time: mean = 0.00ms, max = -0.00ms, min = 9223372036854.78ms, total = 0.00ms
	PeriodicalRunner.RunFnPeriodically - 1 total (0 active), Execution time: mean = 0.02ms, total = 0.02ms, Queueing time: mean = 0.01ms, max = 0.01ms, min = 0.01ms, total = 0.01ms
Other Stats:
	gcs_grpc_in_progress:0
	event_aggregator_grpc_in_progress:0
	current number of task status events in buffer: 0
	current number of profile events in buffer: 0
	current number of dropped task attempts tracked: 0
	total task events sent: 0 MiB
	total number of task attempts sent: 0
	total number of task attempts dropped reported: 0
	total number of sent failure: 0
	num status task events dropped: 0
	num profile task events dropped: 0
	num ray task events reported to aggregator: 0
	num ray task events failed to report to aggregator: 0
	num of task attempts dropped reported to aggregator: 0
	num of failed requests to aggregator: 0

[2026-09-03 21:59:42,247 I 857 857] actor_task_submitter.cc:75: Set actor max pending calls to -1 actor_id=68a9941140ea7ada16a1992d01000000
[2026-09-03 21:59:42,248 I 857 857] core_worker.cc:3112: Creating actor actor_id=68a9941140ea7ada16a1992d01000000
[2026-09-03 22:00:07,911 I 857 857] task_receiver.cc:117: Actor creation task finished, task_id: ffffffffffffffff68a9941140ea7ada16a1992d01000000, actor_id: 68a9941140ea7ada16a1992d01000000, actor_repr_name: 
[2026-09-03 22:00:42,246 I 857 885] core_worker.cc:498: Event stats:


Global stats: 831 total (8 active)
Queueing time: mean = 0.01ms, max = 0.45ms, min = 0.00ms, total = 11.84ms
Execution time:  mean = 33.46ms, total = 27803.99ms
Event stats:
	CoreWorker.RecoverObjects - 600 total (1 active), Execution time: mean = 0.00ms, total = 1.00ms, Queueing time: mean = 0.01ms, max = 0.04ms, min = 0.00ms, total = 8.32ms
	CoreWorker.ExitIfParentRayletDies - 60 total (1 active), Execution time: mean = 0.00ms, total = 0.28ms, Queueing time: mean = 0.01ms, max = 0.03ms, min = 0.00ms, total = 0.77ms
	CoreWorker.InternalHeartbeat - 60 total (1 active), Execution time: mean = 0.00ms, total = 0.12ms, Queueing time: mean = 0.02ms, max = 0.45ms, min = 0.00ms, total = 0.95ms
	CoreWorker.ReportWorkerBacklog - 60 total (1 active), Execution time: mean = 0.00ms, total = 0.13ms, Queueing time: mean = 0.02ms, max = 0.45ms, min = 0.00ms, total = 0.94ms
	CoreWorker.RecordMetrics - 12 total (1 active), Execution time: mean = 0.08ms, total = 0.94ms, Queueing time: mean = 0.01ms, max = 0.03ms, min = 0.00ms, total = 0.08ms
	PeriodicalRunner.RunFnPeriodically - 8 total (0 active), Execution time: mean = 0.01ms, total = 0.11ms, Queueing time: mean = 0.05ms, max = 0.09ms, min = 0.00ms, total = 0.43ms
	CoreWorkerService.grpc_server.PushTask.HandleRequestImpl - 6 total (0 active), Execution time: mean = 0.05ms, total = 0.31ms, Queueing time: mean = 0.03ms, max = 0.04ms, min = 0.02ms, total = 0.18ms
	CoreWorker.TryDelPendingObjectRefStreams - 6 total (1 active), Execution time: mean = 0.00ms, total = 0.01ms, Queueing time: mean = 0.01ms, max = 0.02ms, min = 0.01ms, total = 0.05ms
	CoreWorkerService.grpc_server.PushTask - 6 total (0 active), Execution time: mean = 4633.23ms, total = 27799.40ms, Queueing time: mean = 0.00ms, max = -0.00ms, min = 9223372036854.78ms, total = 0.00ms
	CoreWorkerService.grpc_server.GetCoreWorkerStats - 4 total (0 active), Execution time: mean = 0.25ms, total = 1.02ms, Queueing time: mean = 0.00ms, max = -0.00ms, min = 9223372036854.78ms, total = 0.00ms
	CoreWorkerService.grpc_server.GetCoreWorkerStats.HandleRequestImpl - 4 total (0 active), Execution time: mean = 0.06ms, total = 0.25ms, Queueing time: mean = 0.02ms, max = 0.04ms, min = 0.01ms, total = 0.10ms
	CoreWorker.PrintEventStats - 1 total (1 active, 1 running), Execution time: mean = 0.00ms, total = 0.00ms, Queueing time: mean = 0.00ms, max = -0.00ms, min = 9223372036854.78ms, total = 0.00ms
	Publisher.PublishFailure.WORKER_OBJECT_LOCATIONS_CHANNEL - 1 total (0 active), Execution time: mean = 0.01ms, total = 0.01ms, Queueing time: mean = 0.00ms, max = 0.00ms, min = 0.00ms, total = 0.00ms
	Publisher.CheckDeadSubscribers - 1 total (1 active), Execution time: mean = 0.00ms, total = 0.00ms, Queueing time: mean = 0.00ms, max = -0.00ms, min = 9223372036854.78ms, total = 0.00ms
	ray::rpc::WorkerInfoGcsService.grpc_client.AddWorkerInfo - 1 total (0 active), Execution time: mean = 0.39ms, total = 0.39ms, Queueing time: mean = 0.00ms, max = -0.00ms, min = 9223372036854.78ms, total = 0.00ms
	ray::rpc::WorkerInfoGcsService.grpc_client.AddWorkerInfo.OnReplyReceived - 1 total (0 active), Execution time: mean = 0.02ms, total = 0.02ms, Queueing time: mean = 0.01ms, max = 0.01ms, min = 0.01ms, total = 0.01ms

-----------------
Task execution event stats:

Global stats: 3222 total (1 active)
Queueing time: mean = 8.64ms, max = 25654.44ms, min = -0.01ms, total = 27848.46ms
Execution time:  mean = 8.63ms, total = 27807.11ms
Event stats:
	CoreWorker.CheckSignal - 3215 total (1 active), Execution time: mean = 0.00ms, total = 9.34ms, Queueing time: mean = 8.66ms, max = 25654.44ms, min = -0.01ms, total = 27848.32ms
	CoreWorker.HandlePushTaskActor - 5 total (0 active), Execution time: mean = 426.89ms, total = 2134.47ms, Queueing time: mean = 0.03ms, max = 0.04ms, min = 0.02ms, total = 0.13ms
	CoreWorker.HandlePushTask - 1 total (0 active), Execution time: mean = 25663.29ms, total = 25663.29ms, Queueing time: mean = 0.01ms, max = 0.01ms, min = 0.01ms, total = 0.01ms
	PeriodicalRunner.RunFnPeriodically - 1 total (0 active), Execution time: mean = 0.01ms, total = 0.01ms, Queueing time: mean = 0.00ms, max = 0.00ms, min = 0.00ms, total = 0.00ms

-----------------
Task Event stats:

IO Service Stats:

Global stats: 67 total (1 active)
Queueing time: mean = 0.02ms, max = 0.04ms, min = 0.01ms, total = 1.06ms
Execution time:  mean = 0.05ms, total = 3.57ms
Event stats:
	CoreWorker.deadline_timer.flush_task_events - 60 total (1 active), Execution time: mean = 0.02ms, total = 0.98ms, Queueing time: mean = 0.02ms, max = 0.04ms, min = 0.01ms, total = 1.01ms
	ray::rpc::TaskInfoGcsService.grpc_client.AddTaskEventData - 3 total (0 active), Execution time: mean = 0.82ms, total = 2.46ms, Queueing time: mean = 0.00ms, max = -0.00ms, min = 9223372036854.78ms, total = 0.00ms
	ray::rpc::TaskInfoGcsService.grpc_client.AddTaskEventData.OnReplyReceived - 3 total (0 active), Execution time: mean = 0.03ms, total = 0.10ms, Queueing time: mean = 0.01ms, max = 0.02ms, min = 0.01ms, total = 0.04ms
	PeriodicalRunner.RunFnPeriodically - 1 total (0 active), Execution time: mean = 0.02ms, total = 0.02ms, Queueing time: mean = 0.01ms, max = 0.01ms, min = 0.01ms, total = 0.01ms
Other Stats:
	gcs_grpc_in_progress:0
	event_aggregator_grpc_in_progress:0
	current number of task status events in buffer: 0
	current number of profile events in buffer: 0
	current number of dropped task attempts tracked: 0
	total task events sent: 0.00258923 MiB
	total number of task attempts sent: 8
	total number of task attempts dropped reported: 0
	total number of sent failure: 0
	num status task events dropped: 0
	num profile task events dropped: 0
	num ray task events reported to aggregator: 0
	num ray task events failed to report to aggregator: 0
	num of task attempts dropped reported to aggregator: 0
	num of failed requests to aggregator: 0

[2026-09-03 22:01:42,246 I 857 885] core_worker.cc:498: Event stats:


Global stats: 1638 total (8 active)
Queueing time: mean = 0.01ms, max = 0.45ms, min = -0.01ms, total = 22.27ms
Execution time:  mean = 16.98ms, total = 27808.21ms
Event stats:
	CoreWorker.RecoverObjects - 1200 total (1 active), Execution time: mean = 0.00ms, total = 2.42ms, Queueing time: mean = 0.01ms, max = 0.05ms, min = -0.01ms, total = 15.89ms
	CoreWorker.ExitIfParentRayletDies - 120 total (1 active), Execution time: mean = 0.01ms, total = 0.69ms, Queueing time: mean = 0.01ms, max = 0.06ms, min = 0.00ms, total = 1.52ms
	CoreWorker.InternalHeartbeat - 120 total (1 active), Execution time: mean = 0.00ms, total = 0.32ms, Queueing time: mean = 0.01ms, max = 0.45ms, min = 0.00ms, total = 1.79ms
	CoreWorker.ReportWorkerBacklog - 120 total (1 active), Execution time: mean = 0.00ms, total = 0.38ms, Queueing time: mean = 0.01ms, max = 0.45ms, min = 0.00ms, total = 1.72ms
	CoreWorker.RecordMetrics - 24 total (1 active), Execution time: mean = 0.06ms, total = 1.34ms, Queueing time: mean = 0.01ms, max = 0.03ms, min = 0.00ms, total = 0.19ms
	CoreWorker.TryDelPendingObjectRefStreams - 12 total (1 active), Execution time: mean = 0.00ms, total = 0.03ms, Queueing time: mean = 0.03ms, max = 0.21ms, min = 0.00ms, total = 0.33ms
	CoreWorkerService.grpc_server.GetCoreWorkerStats - 8 total (0 active), Execution time: mean = 0.27ms, total = 2.12ms, Queueing time: mean = 0.00ms, max = -0.00ms, min = 9223372036854.78ms, total = 0.00ms
	PeriodicalRunner.RunFnPeriodically - 8 total (0 active), Execution time: mean = 0.01ms, total = 0.11ms, Queueing time: mean = 0.05ms, max = 0.09ms, min = 0.00ms, total = 0.43ms
	CoreWorkerService.grpc_server.GetCoreWorkerStats.HandleRequestImpl - 8 total (0 active), Execution time: mean = 0.05ms, total = 0.42ms, Queueing time: mean = 0.02ms, max = 0.04ms, min = 0.01ms, total = 0.19ms
	CoreWorkerService.grpc_server.PushTask.HandleRequestImpl - 6 total (0 active), Execution time: mean = 0.05ms, total = 0.31ms, Queueing time: mean = 0.03ms, max = 0.04ms, min = 0.02ms, total = 0.18ms
	CoreWorkerService.grpc_server.PushTask - 6 total (0 active), Execution time: mean = 4633.23ms, total = 27799.40ms, Queueing time: mean = 0.00ms, max = -0.00ms, min = 9223372036854.78ms, total = 0.00ms
	CoreWorker.PrintEventStats - 2 total (1 active, 1 running), Execution time: mean = 0.13ms, total = 0.26ms, Queueing time: mean = 0.01ms, max = 0.02ms, min = 0.02ms, total = 0.02ms
	Publisher.PublishFailure.WORKER_OBJECT_LOCATIONS_CHANNEL - 1 total (0 active), Execution time: mean = 0.01ms, total = 0.01ms, Queueing time: mean = 0.00ms, max = 0.00ms, min = 0.00ms, total = 0.00ms
	Publisher.CheckDeadSubscribers - 1 total (1 active), Execution time: mean = 0.00ms, total = 0.00ms, Queueing time: mean = 0.00ms, max = -0.00ms, min = 9223372036854.78ms, total = 0.00ms
	ray::rpc::WorkerInfoGcsService.grpc_client.AddWorkerInfo - 1 total (0 active), Execution time: mean = 0.39ms, total = 0.39ms, Queueing time: mean = 0.00ms, max = -0.00ms, min = 9223372036854.78ms, total = 0.00ms
	ray::rpc::WorkerInfoGcsService.grpc_client.AddWorkerInfo.OnReplyReceived - 1 total (0 active), Execution time: mean = 0.02ms, total = 0.02ms, Queueing time: mean = 0.01ms, max = 0.01ms, min = 0.01ms, total = 0.01ms

-----------------
Task execution event stats:

Global stats: 9216 total (1 active)
Queueing time: mean = 3.03ms, max = 25654.44ms, min = -0.02ms, total = 27907.51ms
Execution time:  mean = 3.02ms, total = 27814.90ms
Event stats:
	CoreWorker.CheckSignal - 9209 total (1 active), Execution time: mean = 0.00ms, total = 17.13ms, Queueing time: mean = 3.03ms, max = 25654.44ms, min = -0.02ms, total = 27907.37ms
	CoreWorker.HandlePushTaskActor - 5 total (0 active), Execution time: mean = 426.89ms, total = 2134.47ms, Queueing time: mean = 0.03ms, max = 0.04ms, min = 0.02ms, total = 0.13ms
	CoreWorker.HandlePushTask - 1 total (0 active), Execution time: mean = 25663.29ms, total = 25663.29ms, Queueing time: mean = 0.01ms, max = 0.01ms, min = 0.01ms, total = 0.01ms
	PeriodicalRunner.RunFnPeriodically - 1 total (0 active), Execution time: mean = 0.01ms, total = 0.01ms, Queueing time: mean = 0.00ms, max = 0.00ms, min = 0.00ms, total = 0.00ms

-----------------
Task Event stats:

IO Service Stats:

Global stats: 127 total (1 active)
Queueing time: mean = 0.02ms, max = 0.04ms, min = 0.01ms, total = 2.31ms
Execution time:  mean = 0.03ms, total = 4.23ms
Event stats:
	CoreWorker.deadline_timer.flush_task_events - 120 total (1 active), Execution time: mean = 0.01ms, total = 1.64ms, Queueing time: mean = 0.02ms, max = 0.04ms, min = 0.01ms, total = 2.26ms
	ray::rpc::TaskInfoGcsService.grpc_client.AddTaskEventData - 3 total (0 active), Execution time: mean = 0.82ms, total = 2.46ms, Queueing time: mean = 0.00ms, max = -0.00ms, min = 9223372036854.78ms, total = 0.00ms
	ray::rpc::TaskInfoGcsService.grpc_client.AddTaskEventData.OnReplyReceived - 3 total (0 active), Execution time: mean = 0.03ms, total = 0.10ms, Queueing time: mean = 0.01ms, max = 0.02ms, min = 0.01ms, total = 0.04ms
	PeriodicalRunner.RunFnPeriodically - 1 total (0 active), Execution time: mean = 0.02ms, total = 0.02ms, Queueing time: mean = 0.01ms, max = 0.01ms, min = 0.01ms, total = 0.01ms
Other Stats:
	gcs_grpc_in_progress:0
	event_aggregator_grpc_in_progress:0
	current number of task status events in buffer: 0
	current number of profile events in buffer: 0
	current number of dropped task attempts tracked: 0
	total task events sent: 0.00258923 MiB
	total number of task attempts sent: 8
	total number of task attempts dropped reported: 0
	total number of sent failure: 0
	num status task events dropped: 0
	num profile task events dropped: 0
	num ray task events reported to aggregator: 0
	num ray task events failed to report to aggregator: 0
	num of task attempts dropped reported to aggregator: 0
	num of failed requests to aggregator: 0

[2026-09-03 22:02:42,246 I 857 885] core_worker.cc:498: Event stats:


Global stats: 2445 total (8 active)
Queueing time: mean = 0.01ms, max = 0.45ms, min = -0.01ms, total = 31.31ms
Execution time:  mean = 11.37ms, total = 27811.45ms
Event stats:
	CoreWorker.RecoverObjects - 1800 total (1 active), Execution time: mean = 0.00ms, total = 3.36ms, Queueing time: mean = 0.01ms, max = 0.06ms, min = -0.01ms, total = 22.80ms
	CoreWorker.ExitIfParentRayletDies - 180 total (1 active), Execution time: mean = 0.01ms, total = 0.95ms, Queueing time: mean = 0.01ms, max = 0.06ms, min = 0.00ms, total = 2.04ms
	CoreWorker.InternalHeartbeat - 180 total (1 active), Execution time: mean = 0.00ms, total = 0.52ms, Queueing time: mean = 0.01ms, max = 0.45ms, min = 0.00ms, total = 2.37ms
	CoreWorker.ReportWorkerBacklog - 180 total (1 active), Execution time: mean = 0.00ms, total = 0.57ms, Queueing time: mean = 0.01ms, max = 0.45ms, min = 0.00ms, total = 2.30ms
	CoreWorker.RecordMetrics - 36 total (1 active), Execution time: mean = 0.05ms, total = 1.78ms, Queueing time: mean = 0.01ms, max = 0.03ms, min = 0.00ms, total = 0.33ms
	CoreWorker.TryDelPendingObjectRefStreams - 18 total (1 active), Execution time: mean = 0.00ms, total = 0.04ms, Queueing time: mean = 0.03ms, max = 0.21ms, min = 0.00ms, total = 0.54ms
	CoreWorkerService.grpc_server.GetCoreWorkerStats - 12 total (0 active), Execution time: mean = 0.25ms, total = 2.95ms, Queueing time: mean = 0.00ms, max = -0.00ms, min = 9223372036854.78ms, total = 0.00ms
	CoreWorkerService.grpc_server.GetCoreWorkerStats.HandleRequestImpl - 12 total (0 active), Execution time: mean = 0.05ms, total = 0.57ms, Queueing time: mean = 0.02ms, max = 0.04ms, min = 0.01ms, total = 0.27ms
	PeriodicalRunner.RunFnPeriodically - 8 total (0 active), Execution time: mean = 0.01ms, total = 0.11ms, Queueing time: mean = 0.05ms, max = 0.09ms, min = 0.00ms, total = 0.43ms
	CoreWorkerService.grpc_server.PushTask.HandleRequestImpl - 6 total (0 active), Execution time: mean = 0.05ms, total = 0.31ms, Queueing time: mean = 0.03ms, max = 0.04ms, min = 0.02ms, total = 0.18ms
	CoreWorkerService.grpc_server.PushTask - 6 total (0 active), Execution time: mean = 4633.23ms, total = 27799.40ms, Queueing time: mean = 0.00ms, max = -0.00ms, min = 9223372036854.78ms, total = 0.00ms
	CoreWorker.PrintEventStats - 3 total (1 active, 1 running), Execution time: mean = 0.15ms, total = 0.46ms, Queueing time: mean = 0.01ms, max = 0.02ms, min = 0.01ms, total = 0.03ms
	Publisher.PublishFailure.WORKER_OBJECT_LOCATIONS_CHANNEL - 1 total (0 active), Execution time: mean = 0.01ms, total = 0.01ms, Queueing time: mean = 0.00ms, max = 0.00ms, min = 0.00ms, total = 0.00ms
	Publisher.CheckDeadSubscribers - 1 total (1 active), Execution time: mean = 0.00ms, total = 0.00ms, Queueing time: mean = 0.00ms, max = -0.00ms, min = 9223372036854.78ms, total = 0.00ms
	ray::rpc::WorkerInfoGcsService.grpc_client.AddWorkerInfo - 1 total (0 active), Execution time: mean = 0.39ms, total = 0.39ms, Queueing time: mean = 0.00ms, max = -0.00ms, min = 9223372036854.78ms, total = 0.00ms
	ray::rpc::WorkerInfoGcsService.grpc_client.AddWorkerInfo.OnReplyReceived - 1 total (0 active), Execution time: mean = 0.02ms, total = 0.02ms, Queueing time: mean = 0.01ms, max = 0.01ms, min = 0.01ms, total = 0.01ms

-----------------
Task execution event stats:

Global stats: 15209 total (1 active)
Queueing time: mean = 1.84ms, max = 25654.44ms, min = -0.02ms, total = 27971.51ms
Execution time:  mean = 1.83ms, total = 27824.56ms
Event stats:
	CoreWorker.CheckSignal - 15202 total (1 active), Execution time: mean = 0.00ms, total = 26.80ms, Queueing time: mean = 1.84ms, max = 25654.44ms, min = -0.02ms, total = 27971.37ms
	CoreWorker.HandlePushTaskActor - 5 total (0 active), Execution time: mean = 426.89ms, total = 2134.47ms, Queueing time: mean = 0.03ms, max = 0.04ms, min = 0.02ms, total = 0.13ms
	CoreWorker.HandlePushTask - 1 total (0 active), Execution time: mean = 25663.29ms, total = 25663.29ms, Queueing time: mean = 0.01ms, max = 0.01ms, min = 0.01ms, total = 0.01ms
	PeriodicalRunner.RunFnPeriodically - 1 total (0 active), Execution time: mean = 0.01ms, total = 0.01ms, Queueing time: mean = 0.00ms, max = 0.00ms, min = 0.00ms, total = 0.00ms

-----------------
Task Event stats:

IO Service Stats:

Global stats: 187 total (1 active)
Queueing time: mean = 0.02ms, max = 0.04ms, min = 0.01ms, total = 3.14ms
Execution time:  mean = 0.02ms, total = 4.57ms
Event stats:
	CoreWorker.deadline_timer.flush_task_events - 180 total (1 active), Execution time: mean = 0.01ms, total = 1.98ms, Queueing time: mean = 0.02ms, max = 0.04ms, min = 0.01ms, total = 3.09ms
	ray::rpc::TaskInfoGcsService.grpc_client.AddTaskEventData - 3 total (0 active), Execution time: mean = 0.82ms, total = 2.46ms, Queueing time: mean = 0.00ms, max = -0.00ms, min = 9223372036854.78ms, total = 0.00ms
	ray::rpc::TaskInfoGcsService.grpc_client.AddTaskEventData.OnReplyReceived - 3 total (0 active), Execution time: mean = 0.03ms, total = 0.10ms, Queueing time: mean = 0.01ms, max = 0.02ms, min = 0.01ms, total = 0.04ms
	PeriodicalRunner.RunFnPeriodically - 1 total (0 active), Execution time: mean = 0.02ms, total = 0.02ms, Queueing time: mean = 0.01ms, max = 0.01ms, min = 0.01ms, total = 0.01ms
Other Stats:
	gcs_grpc_in_progress:0
	event_aggregator_grpc_in_progress:0
	current number of task status events in buffer: 0
	current number of profile events in buffer: 0
	current number of dropped task attempts tracked: 0
	total task events sent: 0.00258923 MiB
	total number of task attempts sent: 8
	total number of task attempts dropped reported: 0
	total number of sent failure: 0
	num status task events dropped: 0
	num profile task events dropped: 0
	num ray task events reported to aggregator: 0
	num ray task events failed to report to aggregator: 0
	num of task attempts dropped reported to aggregator: 0
	num of failed requests to aggregator: 0

[2026-09-03 22:03:42,247 I 857 885] core_worker.cc:498: Event stats:


Global stats: 3252 total (8 active)
Queueing time: mean = 0.01ms, max = 0.45ms, min = -0.01ms, total = 39.62ms
Execution time:  mean = 8.55ms, total = 27814.53ms
Event stats:
	CoreWorker.RecoverObjects - 2400 total (1 active), Execution time: mean = 0.00ms, total = 4.26ms, Queueing time: mean = 0.01ms, max = 0.06ms, min = -0.01ms, total = 29.01ms
	CoreWorker.ExitIfParentRayletDies - 240 total (1 active), Execution time: mean = 0.00ms, total = 1.19ms, Queueing time: mean = 0.01ms, max = 0.06ms, min = 0.00ms, total = 2.52ms
	CoreWorker.InternalHeartbeat - 240 total (1 active), Execution time: mean = 0.00ms, total = 0.68ms, Queueing time: mean = 0.01ms, max = 0.45ms, min = 0.00ms, total = 2.94ms
	CoreWorker.ReportWorkerBacklog - 240 total (1 active), Execution time: mean = 0.00ms, total = 0.73ms, Queueing time: mean = 0.01ms, max = 0.45ms, min = 0.00ms, total = 2.87ms
	CoreWorker.RecordMetrics - 48 total (1 active), Execution time: mean = 0.04ms, total = 2.13ms, Queueing time: mean = 0.01ms, max = 0.03ms, min = 0.00ms, total = 0.41ms
	CoreWorker.TryDelPendingObjectRefStreams - 24 total (1 active), Execution time: mean = 0.00ms, total = 0.06ms, Queueing time: mean = 0.04ms, max = 0.26ms, min = 0.00ms, total = 0.84ms
	CoreWorkerService.grpc_server.GetCoreWorkerStats - 16 total (0 active), Execution time: mean = 0.23ms, total = 3.70ms, Queueing time: mean = 0.00ms, max = -0.00ms, min = 9223372036854.78ms, total = 0.00ms
	CoreWorkerService.grpc_server.GetCoreWorkerStats.HandleRequestImpl - 16 total (0 active), Execution time: mean = 0.05ms, total = 0.72ms, Queueing time: mean = 0.02ms, max = 0.04ms, min = 0.01ms, total = 0.34ms
	PeriodicalRunner.RunFnPeriodically - 8 total (0 active), Execution time: mean = 0.01ms, total = 0.11ms, Queueing time: mean = 0.05ms, max = 0.09ms, min = 0.00ms, total = 0.43ms
	CoreWorkerService.grpc_server.PushTask.HandleRequestImpl - 6 total (0 active), Execution time: mean = 0.05ms, total = 0.31ms, Queueing time: mean = 0.03ms, max = 0.04ms, min = 0.02ms, total = 0.18ms
	CoreWorkerService.grpc_server.PushTask - 6 total (0 active), Execution time: mean = 4633.23ms, total = 27799.40ms, Queueing time: mean = 0.00ms, max = -0.00ms, min = 9223372036854.78ms, total = 0.00ms
	CoreWorker.PrintEventStats - 4 total (1 active, 1 running), Execution time: mean = 0.20ms, total = 0.81ms, Queueing time: mean = 0.01ms, max = 0.02ms, min = 0.01ms, total = 0.05ms
	Publisher.PublishFailure.WORKER_OBJECT_LOCATIONS_CHANNEL - 1 total (0 active), Execution time: mean = 0.01ms, total = 0.01ms, Queueing time: mean = 0.00ms, max = 0.00ms, min = 0.00ms, total = 0.00ms
	Publisher.CheckDeadSubscribers - 1 total (1 active), Execution time: mean = 0.00ms, total = 0.00ms, Queueing time: mean = 0.00ms, max = -0.00ms, min = 9223372036854.78ms, total = 0.00ms
	ray::rpc::WorkerInfoGcsService.grpc_client.AddWorkerInfo - 1 total (0 active), Execution time: mean = 0.39ms, total = 0.39ms, Queueing time: mean = 0.00ms, max = -0.00ms, min = 9223372036854.78ms, total = 0.00ms
	ray::rpc::WorkerInfoGcsService.grpc_client.AddWorkerInfo.OnReplyReceived - 1 total (0 active), Execution time: mean = 0.02ms, total = 0.02ms, Queueing time: mean = 0.01ms, max = 0.01ms, min = 0.01ms, total = 0.01ms

-----------------
Task execution event stats:

Global stats: 21201 total (1 active)
Queueing time: mean = 1.32ms, max = 25654.44ms, min = -0.02ms, total = 28039.70ms
Execution time:  mean = 1.31ms, total = 27832.04ms
Event stats:
	CoreWorker.CheckSignal - 21194 total (1 active), Execution time: mean = 0.00ms, total = 34.27ms, Queueing time: mean = 1.32ms, max = 25654.44ms, min = -0.02ms, total = 28039.56ms
	CoreWorker.HandlePushTaskActor - 5 total (0 active), Execution time: mean = 426.89ms, total = 2134.47ms, Queueing time: mean = 0.03ms, max = 0.04ms, min = 0.02ms, total = 0.13ms
	CoreWorker.HandlePushTask - 1 total (0 active), Execution time: mean = 25663.29ms, total = 25663.29ms, Queueing time: mean = 0.01ms, max = 0.01ms, min = 0.01ms, total = 0.01ms
	PeriodicalRunner.RunFnPeriodically - 1 total (0 active), Execution time: mean = 0.01ms, total = 0.01ms, Queueing time: mean = 0.00ms, max = 0.00ms, min = 0.00ms, total = 0.00ms

-----------------
Task Event stats:

IO Service Stats:

Global stats: 247 total (1 active)
Queueing time: mean = 0.02ms, max = 0.04ms, min = 0.01ms, total = 4.28ms
Execution time:  mean = 0.02ms, total = 5.15ms
Event stats:
	CoreWorker.deadline_timer.flush_task_events - 240 total (1 active), Execution time: mean = 0.01ms, total = 2.56ms, Queueing time: mean = 0.02ms, max = 0.04ms, min = 0.01ms, total = 4.23ms
	ray::rpc::TaskInfoGcsService.grpc_client.AddTaskEventData - 3 total (0 active), Execution time: mean = 0.82ms, total = 2.46ms, Queueing time: mean = 0.00ms, max = -0.00ms, min = 9223372036854.78ms, total = 0.00ms
	ray::rpc::TaskInfoGcsService.grpc_client.AddTaskEventData.OnReplyReceived - 3 total (0 active), Execution time: mean = 0.03ms, total = 0.10ms, Queueing time: mean = 0.01ms, max = 0.02ms, min = 0.01ms, total = 0.04ms
	PeriodicalRunner.RunFnPeriodically - 1 total (0 active), Execution time: mean = 0.02ms, total = 0.02ms, Queueing time: mean = 0.01ms, max = 0.01ms, min = 0.01ms, total = 0.01ms
Other Stats:
	gcs_grpc_in_progress:0
	event_aggregator_grpc_in_progress:0
	current number of task status events in buffer: 0
	current number of profile events in buffer: 0
	current number of dropped task attempts tracked: 0
	total task events sent: 0.00258923 MiB
	total number of task attempts sent: 8
	total number of task attempts dropped reported: 0
	total number of sent failure: 0
	num status task events dropped: 0
	num profile task events dropped: 0
	num ray task events reported to aggregator: 0
	num ray task events failed to report to aggregator: 0
	num of task attempts dropped reported to aggregator: 0
	num of failed requests to aggregator: 0

[2026-09-03 22:04:42,247 I 857 885] core_worker.cc:498: Event stats:


Global stats: 4060 total (8 active)
Queueing time: mean = 0.01ms, max = 0.45ms, min = -0.01ms, total = 45.64ms
Execution time:  mean = 6.85ms, total = 27817.47ms
Event stats:
	CoreWorker.RecoverObjects - 3000 total (1 active), Execution time: mean = 0.00ms, total = 4.98ms, Queueing time: mean = 0.01ms, max = 0.06ms, min = -0.01ms, total = 33.58ms
	CoreWorker.ExitIfParentRayletDies - 300 total (1 active), Execution time: mean = 0.01ms, total = 1.50ms, Queueing time: mean = 0.01ms, max = 0.06ms, min = 0.00ms, total = 2.80ms
	CoreWorker.InternalHeartbeat - 300 total (1 active), Execution time: mean = 0.00ms, total = 0.89ms, Queueing time: mean = 0.01ms, max = 0.45ms, min = 0.00ms, total = 3.33ms
	CoreWorker.ReportWorkerBacklog - 300 total (1 active), Execution time: mean = 0.00ms, total = 0.91ms, Queueing time: mean = 0.01ms, max = 0.45ms, min = 0.00ms, total = 3.27ms
	CoreWorker.RecordMetrics - 60 total (1 active), Execution time: mean = 0.04ms, total = 2.53ms, Queueing time: mean = 0.01ms, max = 0.03ms, min = 0.00ms, total = 0.49ms
	CoreWorker.TryDelPendingObjectRefStreams - 30 total (1 active), Execution time: mean = 0.00ms, total = 0.07ms, Queueing time: mean = 0.04ms, max = 0.26ms, min = 0.00ms, total = 1.06ms
	CoreWorkerService.grpc_server.GetCoreWorkerStats - 20 total (0 active), Execution time: mean = 0.22ms, total = 4.44ms, Queueing time: mean = 0.00ms, max = -0.00ms, min = 9223372036854.78ms, total = 0.00ms
	CoreWorkerService.grpc_server.GetCoreWorkerStats.HandleRequestImpl - 20 total (0 active), Execution time: mean = 0.04ms, total = 0.87ms, Queueing time: mean = 0.02ms, max = 0.04ms, min = 0.01ms, total = 0.41ms
	PeriodicalRunner.RunFnPeriodically - 8 total (0 active), Execution time: mean = 0.01ms, total = 0.11ms, Queueing time: mean = 0.05ms, max = 0.09ms, min = 0.00ms, total = 0.43ms
	CoreWorkerService.grpc_server.PushTask.HandleRequestImpl - 6 total (0 active), Execution time: mean = 0.05ms, total = 0.31ms, Queueing time: mean = 0.03ms, max = 0.04ms, min = 0.02ms, total = 0.18ms
	CoreWorkerService.grpc_server.PushTask - 6 total (0 active), Execution time: mean = 4633.23ms, total = 27799.40ms, Queueing time: mean = 0.00ms, max = -0.00ms, min = 9223372036854.78ms, total = 0.00ms
	CoreWorker.PrintEventStats - 5 total (1 active, 1 running), Execution time: mean = 0.21ms, total = 1.04ms, Queueing time: mean = 0.01ms, max = 0.02ms, min = 0.00ms, total = 0.05ms
	Publisher.CheckDeadSubscribers - 2 total (1 active), Execution time: mean = 0.00ms, total = 0.00ms, Queueing time: mean = 0.01ms, max = 0.02ms, min = 0.02ms, total = 0.02ms
	Publisher.PublishFailure.WORKER_OBJECT_LOCATIONS_CHANNEL - 1 total (0 active), Execution time: mean = 0.01ms, total = 0.01ms, Queueing time: mean = 0.00ms, max = 0.00ms, min = 0.00ms, total = 0.00ms
	ray::rpc::WorkerInfoGcsService.grpc_client.AddWorkerInfo - 1 total (0 active), Execution time: mean = 0.39ms, total = 0.39ms, Queueing time: mean = 0.00ms, max = -0.00ms, min = 9223372036854.78ms, total = 0.00ms
	ray::rpc::WorkerInfoGcsService.grpc_client.AddWorkerInfo.OnReplyReceived - 1 total (0 active), Execution time: mean = 0.02ms, total = 0.02ms, Queueing time: mean = 0.01ms, max = 0.01ms, min = 0.01ms, total = 0.01ms

-----------------
Task execution event stats:

Global stats: 27193 total (1 active)
Queueing time: mean = 1.03ms, max = 25654.44ms, min = -0.02ms, total = 28121.11ms
Execution time:  mean = 1.02ms, total = 27841.25ms
Event stats:
	CoreWorker.CheckSignal - 27186 total (1 active), Execution time: mean = 0.00ms, total = 43.48ms, Queueing time: mean = 1.03ms, max = 25654.44ms, min = -0.02ms, total = 28120.97ms
	CoreWorker.HandlePushTaskActor - 5 total (0 active), Execution time: mean = 426.89ms, total = 2134.47ms, Queueing time: mean = 0.03ms, max = 0.04ms, min = 0.02ms, total = 0.13ms
	CoreWorker.HandlePushTask - 1 total (0 active), Execution time: mean = 25663.29ms, total = 25663.29ms, Queueing time: mean = 0.01ms, max = 0.01ms, min = 0.01ms, total = 0.01ms
	PeriodicalRunner.RunFnPeriodically - 1 total (0 active), Execution time: mean = 0.01ms, total = 0.01ms, Queueing time: mean = 0.00ms, max = 0.00ms, min = 0.00ms, total = 0.00ms

-----------------
Task Event stats:

IO Service Stats:

Global stats: 307 total (1 active)
Queueing time: mean = 0.02ms, max = 0.04ms, min = 0.01ms, total = 5.39ms
Execution time:  mean = 0.02ms, total = 5.66ms
Event stats:
	CoreWorker.deadline_timer.flush_task_events - 300 total (1 active), Execution time: mean = 0.01ms, total = 3.07ms, Queueing time: mean = 0.02ms, max = 0.04ms, min = 0.01ms, total = 5.35ms
	ray::rpc::TaskInfoGcsService.grpc_client.AddTaskEventData - 3 total (0 active), Execution time: mean = 0.82ms, total = 2.46ms, Queueing time: mean = 0.00ms, max = -0.00ms, min = 9223372036854.78ms, total = 0.00ms
	ray::rpc::TaskInfoGcsService.grpc_client.AddTaskEventData.OnReplyReceived - 3 total (0 active), Execution time: mean = 0.03ms, total = 0.10ms, Queueing time: mean = 0.01ms, max = 0.02ms, min = 0.01ms, total = 0.04ms
	PeriodicalRunner.RunFnPeriodically - 1 total (0 active), Execution time: mean = 0.02ms, total = 0.02ms, Queueing time: mean = 0.01ms, max = 0.01ms, min = 0.01ms, total = 0.01ms
Other Stats:
	gcs_grpc_in_progress:0
	event_aggregator_grpc_in_progress:0
	current number of task status events in buffer: 0
	current number of profile events in buffer: 0
	current number of dropped task attempts tracked: 0
	total task events sent: 0.00258923 MiB
	total number of task attempts sent: 8
	total number of task attempts dropped reported: 0
	total number of sent failure: 0
	num status task events dropped: 0
	num profile task events dropped: 0
	num ray task events reported to aggregator: 0
	num ray task events failed to report to aggregator: 0
	num of task attempts dropped reported to aggregator: 0
	num of failed requests to aggregator: 0

[2026-09-03 22:05:42,247 I 857 885] core_worker.cc:498: Event stats:


Global stats: 4867 total (8 active)
Queueing time: mean = 0.01ms, max = 0.45ms, min = -0.01ms, total = 54.15ms
Execution time:  mean = 5.72ms, total = 27820.47ms
Event stats:
	CoreWorker.RecoverObjects - 3600 total (1 active), Execution time: mean = 0.00ms, total = 5.83ms, Queueing time: mean = 0.01ms, max = 0.06ms, min = -0.01ms, total = 39.79ms
	CoreWorker.ExitIfParentRayletDies - 360 total (1 active), Execution time: mean = 0.00ms, total = 1.70ms, Queueing time: mean = 0.01ms, max = 0.06ms, min = 0.00ms, total = 3.37ms
	CoreWorker.InternalHeartbeat - 360 total (1 active), Execution time: mean = 0.00ms, total = 1.01ms, Queueing time: mean = 0.01ms, max = 0.45ms, min = 0.00ms, total = 3.99ms
	CoreWorker.ReportWorkerBacklog - 360 total (1 active), Execution time: mean = 0.00ms, total = 1.05ms, Queueing time: mean = 0.01ms, max = 0.45ms, min = 0.00ms, total = 3.92ms
	CoreWorker.RecordMetrics - 72 total (1 active), Execution time: mean = 0.04ms, total = 2.88ms, Queueing time: mean = 0.01ms, max = 0.03ms, min = 0.00ms, total = 0.60ms
	CoreWorker.TryDelPendingObjectRefStreams - 36 total (1 active), Execution time: mean = 0.00ms, total = 0.08ms, Queueing time: mean = 0.04ms, max = 0.26ms, min = 0.00ms, total = 1.27ms
	CoreWorkerService.grpc_server.GetCoreWorkerStats - 24 total (0 active), Execution time: mean = 0.22ms, total = 5.35ms, Queueing time: mean = 0.00ms, max = -0.00ms, min = 9223372036854.78ms, total = 0.00ms
	CoreWorkerService.grpc_server.GetCoreWorkerStats.HandleRequestImpl - 24 total (0 active), Execution time: mean = 0.04ms, total = 1.07ms, Queueing time: mean = 0.02ms, max = 0.04ms, min = 0.01ms, total = 0.49ms
	PeriodicalRunner.RunFnPeriodically - 8 total (0 active), Execution time: mean = 0.01ms, total = 0.11ms, Queueing time: mean = 0.05ms, max = 0.09ms, min = 0.00ms, total = 0.43ms
	CoreWorker.PrintEventStats - 6 total (1 active, 1 running), Execution time: mean = 0.21ms, total = 1.24ms, Queueing time: mean = 0.01ms, max = 0.02ms, min = 0.00ms, total = 0.07ms
	CoreWorkerService.grpc_server.PushTask.HandleRequestImpl - 6 total (0 active), Execution time: mean = 0.05ms, total = 0.31ms, Queueing time: mean = 0.03ms, max = 0.04ms, min = 0.02ms, total = 0.18ms
	CoreWorkerService.grpc_server.PushTask - 6 total (0 active), Execution time: mean = 4633.23ms, total = 27799.40ms, Queueing time: mean = 0.00ms, max = -0.00ms, min = 9223372036854.78ms, total = 0.00ms
	Publisher.CheckDeadSubscribers - 2 total (1 active), Execution time: mean = 0.00ms, total = 0.00ms, Queueing time: mean = 0.01ms, max = 0.02ms, min = 0.02ms, total = 0.02ms
	Publisher.PublishFailure.WORKER_OBJECT_LOCATIONS_CHANNEL - 1 total (0 active), Execution time: mean = 0.01ms, total = 0.01ms, Queueing time: mean = 0.00ms, max = 0.00ms, min = 0.00ms, total = 0.00ms
	ray::rpc::WorkerInfoGcsService.grpc_client.AddWorkerInfo - 1 total (0 active), Execution time: mean = 0.39ms, total = 0.39ms, Queueing time: mean = 0.00ms, max = -0.00ms, min = 9223372036854.78ms, total = 0.00ms
	ray::rpc::WorkerInfoGcsService.grpc_client.AddWorkerInfo.OnReplyReceived - 1 total (0 active), Execution time: mean = 0.02ms, total = 0.02ms, Queueing time: mean = 0.01ms, max = 0.01ms, min = 0.01ms, total = 0.01ms

-----------------
Task execution event stats:

Global stats: 33186 total (1 active)
Queueing time: mean = 0.85ms, max = 25654.44ms, min = -0.02ms, total = 28178.82ms
Execution time:  mean = 0.84ms, total = 27850.31ms
Event stats:
	CoreWorker.CheckSignal - 33179 total (1 active), Execution time: mean = 0.00ms, total = 52.55ms, Queueing time: mean = 0.85ms, max = 25654.44ms, min = -0.02ms, total = 28178.68ms
	CoreWorker.HandlePushTaskActor - 5 total (0 active), Execution time: mean = 426.89ms, total = 2134.47ms, Queueing time: mean = 0.03ms, max = 0.04ms, min = 0.02ms, total = 0.13ms
	CoreWorker.HandlePushTask - 1 total (0 active), Execution time: mean = 25663.29ms, total = 25663.29ms, Queueing time: mean = 0.01ms, max = 0.01ms, min = 0.01ms, total = 0.01ms
	PeriodicalRunner.RunFnPeriodically - 1 total (0 active), Execution time: mean = 0.01ms, total = 0.01ms, Queueing time: mean = 0.00ms, max = 0.00ms, min = 0.00ms, total = 0.00ms

-----------------
Task Event stats:

IO Service Stats:

Global stats: 367 total (1 active)
Queueing time: mean = 0.02ms, max = 0.04ms, min = 0.01ms, total = 6.62ms
Execution time:  mean = 0.02ms, total = 6.12ms
Event stats:
	CoreWorker.deadline_timer.flush_task_events - 360 total (1 active), Execution time: mean = 0.01ms, total = 3.53ms, Queueing time: mean = 0.02ms, max = 0.04ms, min = 0.01ms, total = 6.57ms
	ray::rpc::TaskInfoGcsService.grpc_client.AddTaskEventData - 3 total (0 active), Execution time: mean = 0.82ms, total = 2.46ms, Queueing time: mean = 0.00ms, max = -0.00ms, min = 9223372036854.78ms, total = 0.00ms
	ray::rpc::TaskInfoGcsService.grpc_client.AddTaskEventData.OnReplyReceived - 3 total (0 active), Execution time: mean = 0.03ms, total = 0.10ms, Queueing time: mean = 0.01ms, max = 0.02ms, min = 0.01ms, total = 0.04ms
	PeriodicalRunner.RunFnPeriodically - 1 total (0 active), Execution time: mean = 0.02ms, total = 0.02ms, Queueing time: mean = 0.01ms, max = 0.01ms, min = 0.01ms, total = 0.01ms
Other Stats:
	gcs_grpc_in_progress:0
	event_aggregator_grpc_in_progress:0
	current number of task status events in buffer: 0
	current number of profile events in buffer: 0
	current number of dropped task attempts tracked: 0
	total task events sent: 0.00258923 MiB
	total number of task attempts sent: 8
	total number of task attempts dropped reported: 0
	total number of sent failure: 0
	num status task events dropped: 0
	num profile task events dropped: 0
	num ray task events reported to aggregator: 0
	num ray task events failed to report to aggregator: 0
	num of task attempts dropped reported to aggregator: 0
	num of failed requests to aggregator: 0

[2026-09-03 22:06:42,247 I 857 885] core_worker.cc:498: Event stats:


Global stats: 5674 total (8 active)
Queueing time: mean = 0.01ms, max = 0.45ms, min = -0.01ms, total = 60.96ms
Execution time:  mean = 4.90ms, total = 27824.05ms
Event stats:
	CoreWorker.RecoverObjects - 4200 total (1 active), Execution time: mean = 0.00ms, total = 6.72ms, Queueing time: mean = 0.01ms, max = 0.22ms, min = -0.01ms, total = 44.65ms
	CoreWorker.ExitIfParentRayletDies - 420 total (1 active), Execution time: mean = 0.00ms, total = 1.95ms, Queueing time: mean = 0.01ms, max = 0.06ms, min = 0.00ms, total = 3.82ms
	CoreWorker.InternalHeartbeat - 420 total (1 active), Execution time: mean = 0.00ms, total = 1.22ms, Queueing time: mean = 0.01ms, max = 0.45ms, min = 0.00ms, total = 4.48ms
	CoreWorker.ReportWorkerBacklog - 420 total (1 active), Execution time: mean = 0.00ms, total = 1.22ms, Queueing time: mean = 0.01ms, max = 0.45ms, min = 0.00ms, total = 4.47ms
	CoreWorker.RecordMetrics - 84 total (1 active), Execution time: mean = 0.04ms, total = 3.35ms, Queueing time: mean = 0.01ms, max = 0.03ms, min = 0.00ms, total = 0.72ms
	CoreWorker.TryDelPendingObjectRefStreams - 42 total (1 active), Execution time: mean = 0.00ms, total = 0.10ms, Queueing time: mean = 0.04ms, max = 0.26ms, min = 0.00ms, total = 1.53ms
	CoreWorkerService.grpc_server.GetCoreWorkerStats - 28 total (0 active), Execution time: mean = 0.23ms, total = 6.50ms, Queueing time: mean = 0.00ms, max = -0.00ms, min = 9223372036854.78ms, total = 0.00ms
	CoreWorkerService.grpc_server.GetCoreWorkerStats.HandleRequestImpl - 28 total (0 active), Execution time: mean = 0.05ms, total = 1.27ms, Queueing time: mean = 0.02ms, max = 0.04ms, min = 0.01ms, total = 0.57ms
	PeriodicalRunner.RunFnPeriodically - 8 total (0 active), Execution time: mean = 0.01ms, total = 0.11ms, Queueing time: mean = 0.05ms, max = 0.09ms, min = 0.00ms, total = 0.43ms
	CoreWorker.PrintEventStats - 7 total (1 active, 1 running), Execution time: mean = 0.21ms, total = 1.48ms, Queueing time: mean = 0.01ms, max = 0.02ms, min = 0.00ms, total = 0.08ms
	CoreWorkerService.grpc_server.PushTask.HandleRequestImpl - 6 total (0 active), Execution time: mean = 0.05ms, total = 0.31ms, Queueing time: mean = 0.03ms, max = 0.04ms, min = 0.02ms, total = 0.18ms
	CoreWorkerService.grpc_server.PushTask - 6 total (0 active), Execution time: mean = 4633.23ms, total = 27799.40ms, Queueing time: mean = 0.00ms, max = -0.00ms, min = 9223372036854.78ms, total = 0.00ms
	Publisher.CheckDeadSubscribers - 2 total (1 active), Execution time: mean = 0.00ms, total = 0.00ms, Queueing time: mean = 0.01ms, max = 0.02ms, min = 0.02ms, total = 0.02ms
	Publisher.PublishFailure.WORKER_OBJECT_LOCATIONS_CHANNEL - 1 total (0 active), Execution time: mean = 0.01ms, total = 0.01ms, Queueing time: mean = 0.00ms, max = 0.00ms, min = 0.00ms, total = 0.00ms
	ray::rpc::WorkerInfoGcsService.grpc_client.AddWorkerInfo - 1 total (0 active), Execution time: mean = 0.39ms, total = 0.39ms, Queueing time: mean = 0.00ms, max = -0.00ms, min = 9223372036854.78ms, total = 0.00ms
	ray::rpc::WorkerInfoGcsService.grpc_client.AddWorkerInfo.OnReplyReceived - 1 total (0 active), Execution time: mean = 0.02ms, total = 0.02ms, Queueing time: mean = 0.01ms, max = 0.01ms, min = 0.01ms, total = 0.01ms

-----------------
Task execution event stats:

Global stats: 39177 total (1 active)
Queueing time: mean = 0.72ms, max = 25654.44ms, min = -0.02ms, total = 28268.05ms
Execution time:  mean = 0.71ms, total = 27862.66ms
Event stats:
	CoreWorker.CheckSignal - 39170 total (1 active), Execution time: mean = 0.00ms, total = 64.89ms, Queueing time: mean = 0.72ms, max = 25654.44ms, min = -0.02ms, total = 28267.91ms
	CoreWorker.HandlePushTaskActor - 5 total (0 active), Execution time: mean = 426.89ms, total = 2134.47ms, Queueing time: mean = 0.03ms, max = 0.04ms, min = 0.02ms, total = 0.13ms
	CoreWorker.HandlePushTask - 1 total (0 active), Execution time: mean = 25663.29ms, total = 25663.29ms, Queueing time: mean = 0.01ms, max = 0.01ms, min = 0.01ms, total = 0.01ms
	PeriodicalRunner.RunFnPeriodically - 1 total (0 active), Execution time: mean = 0.01ms, total = 0.01ms, Queueing time: mean = 0.00ms, max = 0.00ms, min = 0.00ms, total = 0.00ms

-----------------
Task Event stats:

IO Service Stats:

Global stats: 427 total (1 active)
Queueing time: mean = 0.02ms, max = 0.04ms, min = -0.00ms, total = 7.86ms
Execution time:  mean = 0.02ms, total = 6.59ms
Event stats:
	CoreWorker.deadline_timer.flush_task_events - 420 total (1 active), Execution time: mean = 0.01ms, total = 4.00ms, Queueing time: mean = 0.02ms, max = 0.04ms, min = -0.00ms, total = 7.82ms
	ray::rpc::TaskInfoGcsService.grpc_client.AddTaskEventData - 3 total (0 active), Execution time: mean = 0.82ms, total = 2.46ms, Queueing time: mean = 0.00ms, max = -0.00ms, min = 9223372036854.78ms, total = 0.00ms
	ray::rpc::TaskInfoGcsService.grpc_client.AddTaskEventData.OnReplyReceived - 3 total (0 active), Execution time: mean = 0.03ms, total = 0.10ms, Queueing time: mean = 0.01ms, max = 0.02ms, min = 0.01ms, total = 0.04ms
	PeriodicalRunner.RunFnPeriodically - 1 total (0 active), Execution time: mean = 0.02ms, total = 0.02ms, Queueing time: mean = 0.01ms, max = 0.01ms, min = 0.01ms, total = 0.01ms
Other Stats:
	gcs_grpc_in_progress:0
	event_aggregator_grpc_in_progress:0
	current number of task status events in buffer: 0
	current number of profile events in buffer: 0
	current number of dropped task attempts tracked: 0
	total task events sent: 0.00258923 MiB
	total number of task attempts sent: 8
	total number of task attempts dropped reported: 0
	total number of sent failure: 0
	num status task events dropped: 0
	num profile task events dropped: 0
	num ray task events reported to aggregator: 0
	num ray task events failed to report to aggregator: 0
	num of task attempts dropped reported to aggregator: 0
	num of failed requests to aggregator: 0

[2026-09-03 22:07:42,247 I 857 885] core_worker.cc:498: Event stats:


Global stats: 6481 total (8 active)
Queueing time: mean = 0.01ms, max = 0.45ms, min = -0.01ms, total = 69.10ms
Execution time:  mean = 4.29ms, total = 27827.30ms
Event stats:
	CoreWorker.RecoverObjects - 4800 total (1 active), Execution time: mean = 0.00ms, total = 7.80ms, Queueing time: mean = 0.01ms, max = 0.22ms, min = -0.01ms, total = 50.72ms
	CoreWorker.ExitIfParentRayletDies - 480 total (1 active), Execution time: mean = 0.00ms, total = 2.20ms, Queueing time: mean = 0.01ms, max = 0.06ms, min = 0.00ms, total = 4.31ms
	CoreWorker.InternalHeartbeat - 480 total (1 active), Execution time: mean = 0.00ms, total = 1.40ms, Queueing time: mean = 0.01ms, max = 0.45ms, min = 0.00ms, total = 5.04ms
	CoreWorker.ReportWorkerBacklog - 480 total (1 active), Execution time: mean = 0.00ms, total = 1.37ms, Queueing time: mean = 0.01ms, max = 0.45ms, min = 0.00ms, total = 5.03ms
	CoreWorker.RecordMetrics - 96 total (1 active), Execution time: mean = 0.04ms, total = 3.72ms, Queueing time: mean = 0.01ms, max = 0.03ms, min = 0.00ms, total = 0.84ms
	CoreWorker.TryDelPendingObjectRefStreams - 48 total (1 active), Execution time: mean = 0.00ms, total = 0.11ms, Queueing time: mean = 0.04ms, max = 0.26ms, min = 0.00ms, total = 1.78ms
	CoreWorkerService.grpc_server.GetCoreWorkerStats - 32 total (0 active), Execution time: mean = 0.23ms, total = 7.27ms, Queueing time: mean = 0.00ms, max = -0.00ms, min = 9223372036854.78ms, total = 0.00ms
	CoreWorkerService.grpc_server.GetCoreWorkerStats.HandleRequestImpl - 32 total (0 active), Execution time: mean = 0.04ms, total = 1.43ms, Queueing time: mean = 0.02ms, max = 0.04ms, min = 0.01ms, total = 0.66ms
	CoreWorker.PrintEventStats - 8 total (1 active, 1 running), Execution time: mean = 0.22ms, total = 1.76ms, Queueing time: mean = 0.01ms, max = 0.02ms, min = 0.00ms, total = 0.08ms
	PeriodicalRunner.RunFnPeriodically - 8 total (0 active), Execution time: mean = 0.01ms, total = 0.11ms, Queueing time: mean = 0.05ms, max = 0.09ms, min = 0.00ms, total = 0.43ms
	CoreWorkerService.grpc_server.PushTask.HandleRequestImpl - 6 total (0 active), Execution time: mean = 0.05ms, total = 0.31ms, Queueing time: mean = 0.03ms, max = 0.04ms, min = 0.02ms, total = 0.18ms
	CoreWorkerService.grpc_server.PushTask - 6 total (0 active), Execution time: mean = 4633.23ms, total = 27799.40ms, Queueing time: mean = 0.00ms, max = -0.00ms, min = 9223372036854.78ms, total = 0.00ms
	Publisher.CheckDeadSubscribers - 2 total (1 active), Execution time: mean = 0.00ms, total = 0.00ms, Queueing time: mean = 0.01ms, max = 0.02ms, min = 0.02ms, total = 0.02ms
	Publisher.PublishFailure.WORKER_OBJECT_LOCATIONS_CHANNEL - 1 total (0 active), Execution time: mean = 0.01ms, total = 0.01ms, Queueing time: mean = 0.00ms, max = 0.00ms, min = 0.00ms, total = 0.00ms
	ray::rpc::WorkerInfoGcsService.grpc_client.AddWorkerInfo - 1 total (0 active), Execution time: mean = 0.39ms, total = 0.39ms, Queueing time: mean = 0.00ms, max = -0.00ms, min = 9223372036854.78ms, total = 0.00ms
	ray::rpc::WorkerInfoGcsService.grpc_client.AddWorkerInfo.OnReplyReceived - 1 total (0 active), Execution time: mean = 0.02ms, total = 0.02ms, Queueing time: mean = 0.01ms, max = 0.01ms, min = 0.01ms, total = 0.01ms

-----------------
Task execution event stats:

Global stats: 45171 total (1 active)
Queueing time: mean = 0.63ms, max = 25654.44ms, min = -0.02ms, total = 28323.65ms
Execution time:  mean = 0.62ms, total = 27871.80ms
Event stats:
	CoreWorker.CheckSignal - 45164 total (1 active), Execution time: mean = 0.00ms, total = 74.04ms, Queueing time: mean = 0.63ms, max = 25654.44ms, min = -0.02ms, total = 28323.51ms
	CoreWorker.HandlePushTaskActor - 5 total (0 active), Execution time: mean = 426.89ms, total = 2134.47ms, Queueing time: mean = 0.03ms, max = 0.04ms, min = 0.02ms, total = 0.13ms
	CoreWorker.HandlePushTask - 1 total (0 active), Execution time: mean = 25663.29ms, total = 25663.29ms, Queueing time: mean = 0.01ms, max = 0.01ms, min = 0.01ms, total = 0.01ms
	PeriodicalRunner.RunFnPeriodically - 1 total (0 active), Execution time: mean = 0.01ms, total = 0.01ms, Queueing time: mean = 0.00ms, max = 0.00ms, min = 0.00ms, total = 0.00ms

-----------------
Task Event stats:

IO Service Stats:

Global stats: 487 total (1 active)
Queueing time: mean = 0.02ms, max = 0.05ms, min = -0.00ms, total = 9.05ms
Execution time:  mean = 0.01ms, total = 7.07ms
Event stats:
	CoreWorker.deadline_timer.flush_task_events - 480 total (1 active), Execution time: mean = 0.01ms, total = 4.48ms, Queueing time: mean = 0.02ms, max = 0.05ms, min = -0.00ms, total = 9.00ms
	ray::rpc::TaskInfoGcsService.grpc_client.AddTaskEventData - 3 total (0 active), Execution time: mean = 0.82ms, total = 2.46ms, Queueing time: mean = 0.00ms, max = -0.00ms, min = 9223372036854.78ms, total = 0.00ms
	ray::rpc::TaskInfoGcsService.grpc_client.AddTaskEventData.OnReplyReceived - 3 total (0 active), Execution time: mean = 0.03ms, total = 0.10ms, Queueing time: mean = 0.01ms, max = 0.02ms, min = 0.01ms, total = 0.04ms
	PeriodicalRunner.RunFnPeriodically - 1 total (0 active), Execution time: mean = 0.02ms, total = 0.02ms, Queueing time: mean = 0.01ms, max = 0.01ms, min = 0.01ms, total = 0.01ms
Other Stats:
	gcs_grpc_in_progress:0
	event_aggregator_grpc_in_progress:0
	current number of task status events in buffer: 0
	current number of profile events in buffer: 0
	current number of dropped task attempts tracked: 0
	total task events sent: 0.00258923 MiB
	total number of task attempts sent: 8
	total number of task attempts dropped reported: 0
	total number of sent failure: 0
	num status task events dropped: 0
	num profile task events dropped: 0
	num ray task events reported to aggregator: 0
	num ray task events failed to report to aggregator: 0
	num of task attempts dropped reported to aggregator: 0
	num of failed requests to aggregator: 0

[2026-09-03 22:08:42,248 I 857 885] core_worker.cc:498: Event stats:


Global stats: 7288 total (8 active)
Queueing time: mean = 0.01ms, max = 0.45ms, min = -0.04ms, total = 76.12ms
Execution time:  mean = 3.82ms, total = 27829.82ms
Event stats:
	CoreWorker.RecoverObjects - 5400 total (1 active), Execution time: mean = 0.00ms, total = 8.45ms, Queueing time: mean = 0.01ms, max = 0.22ms, min = -0.04ms, total = 55.90ms
	CoreWorker.ExitIfParentRayletDies - 540 total (1 active), Execution time: mean = 0.00ms, total = 2.37ms, Queueing time: mean = 0.01ms, max = 0.06ms, min = 0.00ms, total = 4.75ms
	CoreWorker.InternalHeartbeat - 540 total (1 active), Execution time: mean = 0.00ms, total = 1.51ms, Queueing time: mean = 0.01ms, max = 0.45ms, min = 0.00ms, total = 5.56ms
	CoreWorker.ReportWorkerBacklog - 540 total (1 active), Execution time: mean = 0.00ms, total = 1.47ms, Queueing time: mean = 0.01ms, max = 0.45ms, min = 0.00ms, total = 5.54ms
	CoreWorker.RecordMetrics - 108 total (1 active), Execution time: mean = 0.04ms, total = 4.08ms, Queueing time: mean = 0.01ms, max = 0.03ms, min = 0.00ms, total = 0.92ms
	CoreWorker.TryDelPendingObjectRefStreams - 54 total (1 active), Execution time: mean = 0.00ms, total = 0.12ms, Queueing time: mean = 0.04ms, max = 0.26ms, min = 0.00ms, total = 1.96ms
	CoreWorkerService.grpc_server.GetCoreWorkerStats - 36 total (0 active), Execution time: mean = 0.22ms, total = 8.05ms, Queueing time: mean = 0.00ms, max = -0.00ms, min = 9223372036854.78ms, total = 0.00ms
	CoreWorkerService.grpc_server.GetCoreWorkerStats.HandleRequestImpl - 36 total (0 active), Execution time: mean = 0.04ms, total = 1.58ms, Queueing time: mean = 0.02ms, max = 0.04ms, min = 0.01ms, total = 0.76ms
	CoreWorker.PrintEventStats - 9 total (1 active, 1 running), Execution time: mean = 0.22ms, total = 1.94ms, Queueing time: mean = 0.01ms, max = 0.02ms, min = 0.00ms, total = 0.09ms
	PeriodicalRunner.RunFnPeriodically - 8 total (0 active), Execution time: mean = 0.01ms, total = 0.11ms, Queueing time: mean = 0.05ms, max = 0.09ms, min = 0.00ms, total = 0.43ms
	CoreWorkerService.grpc_server.PushTask.HandleRequestImpl - 6 total (0 active), Execution time: mean = 0.05ms, total = 0.31ms, Queueing time: mean = 0.03ms, max = 0.04ms, min = 0.02ms, total = 0.18ms
	CoreWorkerService.grpc_server.PushTask - 6 total (0 active), Execution time: mean = 4633.23ms, total = 27799.40ms, Queueing time: mean = 0.00ms, max = -0.00ms, min = 9223372036854.78ms, total = 0.00ms
	Publisher.CheckDeadSubscribers - 2 total (1 active), Execution time: mean = 0.00ms, total = 0.00ms, Queueing time: mean = 0.01ms, max = 0.02ms, min = 0.02ms, total = 0.02ms
	Publisher.PublishFailure.WORKER_OBJECT_LOCATIONS_CHANNEL - 1 total (0 active), Execution time: mean = 0.01ms, total = 0.01ms, Queueing time: mean = 0.00ms, max = 0.00ms, min = 0.00ms, total = 0.00ms
	ray::rpc::WorkerInfoGcsService.grpc_client.AddWorkerInfo - 1 total (0 active), Execution time: mean = 0.39ms, total = 0.39ms, Queueing time: mean = 0.00ms, max = -0.00ms, min = 9223372036854.78ms, total = 0.00ms
	ray::rpc::WorkerInfoGcsService.grpc_client.AddWorkerInfo.OnReplyReceived - 1 total (0 active), Execution time: mean = 0.02ms, total = 0.02ms, Queueing time: mean = 0.01ms, max = 0.01ms, min = 0.01ms, total = 0.01ms

-----------------
Task execution event stats:

Global stats: 51166 total (1 active)
Queueing time: mean = 0.55ms, max = 25654.44ms, min = -0.02ms, total = 28367.31ms
Execution time:  mean = 0.54ms, total = 27877.87ms
Event stats:
	CoreWorker.CheckSignal - 51159 total (1 active), Execution time: mean = 0.00ms, total = 80.11ms, Queueing time: mean = 0.55ms, max = 25654.44ms, min = -0.02ms, total = 28367.17ms
	CoreWorker.HandlePushTaskActor - 5 total (0 active), Execution time: mean = 426.89ms, total = 2134.47ms, Queueing time: mean = 0.03ms, max = 0.04ms, min = 0.02ms, total = 0.13ms
	CoreWorker.HandlePushTask - 1 total (0 active), Execution time: mean = 25663.29ms, total = 25663.29ms, Queueing time: mean = 0.01ms, max = 0.01ms, min = 0.01ms, total = 0.01ms
	PeriodicalRunner.RunFnPeriodically - 1 total (0 active), Execution time: mean = 0.01ms, total = 0.01ms, Queueing time: mean = 0.00ms, max = 0.00ms, min = 0.00ms, total = 0.00ms

-----------------
Task Event stats:

IO Service Stats:

Global stats: 547 total (1 active)
Queueing time: mean = 0.02ms, max = 0.05ms, min = -0.00ms, total = 9.93ms
Execution time:  mean = 0.01ms, total = 7.55ms
Event stats:
	CoreWorker.deadline_timer.flush_task_events - 540 total (1 active), Execution time: mean = 0.01ms, total = 4.96ms, Queueing time: mean = 0.02ms, max = 0.05ms, min = -0.00ms, total = 9.88ms
	ray::rpc::TaskInfoGcsService.grpc_client.AddTaskEventData - 3 total (0 active), Execution time: mean = 0.82ms, total = 2.46ms, Queueing time: mean = 0.00ms, max = -0.00ms, min = 9223372036854.78ms, total = 0.00ms
	ray::rpc::TaskInfoGcsService.grpc_client.AddTaskEventData.OnReplyReceived - 3 total (0 active), Execution time: mean = 0.03ms, total = 0.10ms, Queueing time: mean = 0.01ms, max = 0.02ms, min = 0.01ms, total = 0.04ms
	PeriodicalRunner.RunFnPeriodically - 1 total (0 active), Execution time: mean = 0.02ms, total = 0.02ms, Queueing time: mean = 0.01ms, max = 0.01ms, min = 0.01ms, total = 0.01ms
Other Stats:
	gcs_grpc_in_progress:0
	event_aggregator_grpc_in_progress:0
	current number of task status events in buffer: 0
	current number of profile events in buffer: 0
	current number of dropped task attempts tracked: 0
	total task events sent: 0.00258923 MiB
	total number of task attempts sent: 8
	total number of task attempts dropped reported: 0
	total number of sent failure: 0
	num status task events dropped: 0
	num profile task events dropped: 0
	num ray task events reported to aggregator: 0
	num ray task events failed to report to aggregator: 0
	num of task attempts dropped reported to aggregator: 0
	num of failed requests to aggregator: 0

[2026-09-03 22:09:42,248 I 857 885] core_worker.cc:498: Event stats:


Global stats: 8096 total (8 active)
Queueing time: mean = 0.01ms, max = 0.45ms, min = -0.04ms, total = 83.64ms
Execution time:  mean = 3.44ms, total = 27832.30ms
Event stats:
	CoreWorker.RecoverObjects - 6000 total (1 active), Execution time: mean = 0.00ms, total = 9.05ms, Queueing time: mean = 0.01ms, max = 0.22ms, min = -0.04ms, total = 61.52ms
	CoreWorker.ExitIfParentRayletDies - 600 total (1 active), Execution time: mean = 0.00ms, total = 2.53ms, Queueing time: mean = 0.01ms, max = 0.06ms, min = 0.00ms, total = 5.21ms
	CoreWorker.InternalHeartbeat - 600 total (1 active), Execution time: mean = 0.00ms, total = 1.61ms, Queueing time: mean = 0.01ms, max = 0.45ms, min = 0.00ms, total = 6.08ms
	CoreWorker.ReportWorkerBacklog - 600 total (1 active), Execution time: mean = 0.00ms, total = 1.56ms, Queueing time: mean = 0.01ms, max = 0.45ms, min = 0.00ms, total = 6.07ms
	CoreWorker.RecordMetrics - 120 total (1 active), Execution time: mean = 0.04ms, total = 4.38ms, Queueing time: mean = 0.01ms, max = 0.03ms, min = 0.00ms, total = 1.00ms
	CoreWorker.TryDelPendingObjectRefStreams - 60 total (1 active), Execution time: mean = 0.00ms, total = 0.13ms, Queueing time: mean = 0.04ms, max = 0.26ms, min = 0.00ms, total = 2.14ms
	CoreWorkerService.grpc_server.GetCoreWorkerStats - 40 total (0 active), Execution time: mean = 0.22ms, total = 8.93ms, Queueing time: mean = 0.00ms, max = -0.00ms, min = 9223372036854.78ms, total = 0.00ms
	CoreWorkerService.grpc_server.GetCoreWorkerStats.HandleRequestImpl - 40 total (0 active), Execution time: mean = 0.04ms, total = 1.74ms, Queueing time: mean = 0.02ms, max = 0.04ms, min = 0.01ms, total = 0.82ms
	CoreWorker.PrintEventStats - 10 total (1 active, 1 running), Execution time: mean = 0.21ms, total = 2.12ms, Queueing time: mean = 0.01ms, max = 0.02ms, min = 0.00ms, total = 0.10ms
	PeriodicalRunner.RunFnPeriodically - 8 total (0 active), Execution time: mean = 0.01ms, total = 0.11ms, Queueing time: mean = 0.05ms, max = 0.09ms, min = 0.00ms, total = 0.43ms
	CoreWorkerService.grpc_server.PushTask.HandleRequestImpl - 6 total (0 active), Execution time: mean = 0.05ms, total = 0.31ms, Queueing time: mean = 0.03ms, max = 0.04ms, min = 0.02ms, total = 0.18ms
	CoreWorkerService.grpc_server.PushTask - 6 total (0 active), Execution time: mean = 4633.23ms, total = 27799.40ms, Queueing time: mean = 0.00ms, max = -0.00ms, min = 9223372036854.78ms, total = 0.00ms
	Publisher.CheckDeadSubscribers - 3 total (1 active), Execution time: mean = 0.00ms, total = 0.00ms, Queueing time: mean = 0.02ms, max = 0.05ms, min = 0.02ms, total = 0.07ms
	Publisher.PublishFailure.WORKER_OBJECT_LOCATIONS_CHANNEL - 1 total (0 active), Execution time: mean = 0.01ms, total = 0.01ms, Queueing time: mean = 0.00ms, max = 0.00ms, min = 0.00ms, total = 0.00ms
	ray::rpc::WorkerInfoGcsService.grpc_client.AddWorkerInfo - 1 total (0 active), Execution time: mean = 0.39ms, total = 0.39ms, Queueing time: mean = 0.00ms, max = -0.00ms, min = 9223372036854.78ms, total = 0.00ms
	ray::rpc::WorkerInfoGcsService.grpc_client.AddWorkerInfo.OnReplyReceived - 1 total (0 active), Execution time: mean = 0.02ms, total = 0.02ms, Queueing time: mean = 0.01ms, max = 0.01ms, min = 0.01ms, total = 0.01ms

-----------------
Task execution event stats:

Global stats: 57160 total (1 active)
Queueing time: mean = 0.50ms, max = 25654.44ms, min = -0.02ms, total = 28422.19ms
Execution time:  mean = 0.49ms, total = 27885.00ms
Event stats:
	CoreWorker.CheckSignal - 57153 total (1 active), Execution time: mean = 0.00ms, total = 87.23ms, Queueing time: mean = 0.50ms, max = 25654.44ms, min = -0.02ms, total = 28422.05ms
	CoreWorker.HandlePushTaskActor - 5 total (0 active), Execution time: mean = 426.89ms, total = 2134.47ms, Queueing time: mean = 0.03ms, max = 0.04ms, min = 0.02ms, total = 0.13ms
	CoreWorker.HandlePushTask - 1 total (0 active), Execution time: mean = 25663.29ms, total = 25663.29ms, Queueing time: mean = 0.01ms, max = 0.01ms, min = 0.01ms, total = 0.01ms
	PeriodicalRunner.RunFnPeriodically - 1 total (0 active), Execution time: mean = 0.01ms, total = 0.01ms, Queueing time: mean = 0.00ms, max = 0.00ms, min = 0.00ms, total = 0.00ms

-----------------
Task Event stats:

IO Service Stats:

Global stats: 607 total (1 active)
Queueing time: mean = 0.02ms, max = 0.05ms, min = -0.00ms, total = 10.83ms
Execution time:  mean = 0.01ms, total = 8.00ms
Event stats:
	CoreWorker.deadline_timer.flush_task_events - 600 total (1 active), Execution time: mean = 0.01ms, total = 5.41ms, Queueing time: mean = 0.02ms, max = 0.05ms, min = -0.00ms, total = 10.78ms
	ray::rpc::TaskInfoGcsService.grpc_client.AddTaskEventData - 3 total (0 active), Execution time: mean = 0.82ms, total = 2.46ms, Queueing time: mean = 0.00ms, max = -0.00ms, min = 9223372036854.78ms, total = 0.00ms
	ray::rpc::TaskInfoGcsService.grpc_client.AddTaskEventData.OnReplyReceived - 3 total (0 active), Execution time: mean = 0.03ms, total = 0.10ms, Queueing time: mean = 0.01ms, max = 0.02ms, min = 0.01ms, total = 0.04ms
	PeriodicalRunner.RunFnPeriodically - 1 total (0 active), Execution time: mean = 0.02ms, total = 0.02ms, Queueing time: mean = 0.01ms, max = 0.01ms, min = 0.01ms, total = 0.01ms
Other Stats:
	gcs_grpc_in_progress:0
	event_aggregator_grpc_in_progress:0
	current number of task status events in buffer: 0
	current number of profile events in buffer: 0
	current number of dropped task attempts tracked: 0
	total task events sent: 0.00258923 MiB
	total number of task attempts sent: 8
	total number of task attempts dropped reported: 0
	total number of sent failure: 0
	num status task events dropped: 0
	num profile task events dropped: 0
	num ray task events reported to aggregator: 0
	num ray task events failed to report to aggregator: 0
	num of task attempts dropped reported to aggregator: 0
	num of failed requests to aggregator: 0

[2026-09-03 22:10:00,328 I 857 885] core_worker.cc:4493: Force kill actor request has received. exiting immediately... The actor is dead because its owner has died. Owner Id: e84ee228dd75a002ea6ee6f3f5e544f6a9e497346165feef037b7dc2 Owner Ip address: 10.244.18.139 Owner worker exit type: INTENDED_SYSTEM_EXIT Worker exit detail: Owner's worker process has crashed.
[2026-09-03 22:10:00,329 I 857 885] core_worker_shutdown_executor.cc:303: Try killing all child processes of this worker as it exits. Child process pids: 950,951
[2026-09-03 22:10:00,329 I 857 885] core_worker_shutdown_executor.cc:312: Kill result for child pid 950: Success, bool 0
[2026-09-03 22:10:00,329 I 857 885] core_worker_shutdown_executor.cc:312: Kill result for child pid 951: Success, bool 0
[2026-09-03 22:10:00,330 I 857 885] core_worker_shutdown_executor.cc:368: Sending disconnect message to the local raylet.
[2026-09-03 22:10:00,330 I 857 885] raylet_ipc_client.cc:133: RayletIpcClient::Disconnect, exit_type=INTENDED_SYSTEM_EXIT, exit_detail=Worker exits because the actor is killed. The actor is dead because its owner has died. Owner Id: e84ee228dd75a002ea6ee6f3f5e544f6a9e497346165feef037b7dc2 Owner Ip address: 10.244.18.139 Owner worker exit type: INTENDED_SYSTEM_EXIT Worker exit detail: Owner's worker process has crashed., has creation_task_exception_pb_bytes=0
[2026-09-03 22:10:00,330 I 857 885] core_worker_shutdown_executor.cc:384: Disconnected from the local raylet.
[2026-09-03 22:10:00,330 W 857 885] core_worker_shutdown_executor.cc:393: Quick exit - terminating process immediately
