[2026-09-03 21:59:33,469 I 5323 5323] core_worker_process.cc:868: Constructing CoreWorkerProcess. pid: 5323
[2026-09-03 21:59:33,470 I 5323 5323] event.cc:499: Ray Event initialized for CORE_WORKER
[2026-09-03 21:59:33,470 I 5323 5323] event.cc:499: Ray Event initialized for EXPORT_TASK
[2026-09-03 21:59:33,470 I 5323 5323] event.cc:332: Set ray event level to warning
[2026-09-03 21:59:33,472 I 5323 5323] grpc_server.cc:144: worker server started, listening on port 20070.
[2026-09-03 21:59:33,472 I 5323 5323] core_worker_process.cc:299: Initializing worker at address: 10.244.18.139:20070 worker_id=0039c4522c7bd133d5f1a7117080ca783930657e1799a46c80f127be node_id=b668a6c13d1b7186690b035979a815ca1ce93506fd27e5e4ac7a3f5d
[2026-09-03 21:59:33,473 I 5323 5323] task_event_buffer.cc:535: Reporting task events to GCS every 1000ms.
[2026-09-03 21:59:33,473 I 5323 5323] core_worker.cc:568: Adjusted worker niceness to 15
[2026-09-03 21:59:33,473 I 5323 5674] core_worker.cc:498: Event stats:


Global stats: 11 total (9 active)
Queueing time: mean = 0.00ms, max = 0.01ms, min = 0.00ms, total = 0.01ms
Execution time:  mean = 0.00ms, total = 0.02ms
Event stats:
	PeriodicalRunner.RunFnPeriodically - 8 total (6 active, 1 running), Execution time: mean = 0.00ms, total = 0.02ms, Queueing time: mean = 0.00ms, max = 0.01ms, min = 0.00ms, total = 0.01ms
	CoreWorker.ExitIfParentRayletDies - 1 total (1 active), Execution time: mean = 0.00ms, total = 0.00ms, Queueing time: mean = 0.00ms, max = -0.00ms, min = 9223372036854.78ms, total = 0.00ms
	Publisher.CheckDeadSubscribers - 1 total (1 active), Execution time: mean = 0.00ms, total = 0.00ms, Queueing time: mean = 0.00ms, max = -0.00ms, min = 9223372036854.78ms, total = 0.00ms
	ray::rpc::WorkerInfoGcsService.grpc_client.AddWorkerInfo - 1 total (1 active), Execution time: mean = 0.00ms, total = 0.00ms, Queueing time: mean = 0.00ms, max = -0.00ms, min = 9223372036854.78ms, total = 0.00ms

-----------------
Task execution event stats:

Global stats: 0 total (0 active)
Queueing time: mean = -nanms, max = -0.00ms, min = 9223372036854.78ms, total = 0.00ms
Execution time:  mean = -nanms, total = 0.00ms
Event stats:

-----------------
Task Event stats:

IO Service Stats:

Global stats: 2 total (1 active)
Queueing time: mean = 0.00ms, max = 0.01ms, min = 0.01ms, total = 0.01ms
Execution time:  mean = 0.01ms, total = 0.02ms
Event stats:
	PeriodicalRunner.RunFnPeriodically - 1 total (0 active), Execution time: mean = 0.02ms, total = 0.02ms, Queueing time: mean = 0.01ms, max = 0.01ms, min = 0.01ms, total = 0.01ms
	CoreWorker.deadline_timer.flush_task_events - 1 total (1 active), Execution time: mean = 0.00ms, total = 0.00ms, Queueing time: mean = 0.00ms, max = -0.00ms, min = 9223372036854.78ms, total = 0.00ms
Other Stats:
	gcs_grpc_in_progress:0
	event_aggregator_grpc_in_progress:0
	current number of task status events in buffer: 0
	current number of profile events in buffer: 0
	current number of dropped task attempts tracked: 0
	total task events sent: 0 MiB
	total number of task attempts sent: 0
	total number of task attempts dropped reported: 0
	total number of sent failure: 0
	num status task events dropped: 0
	num profile task events dropped: 0
	num ray task events reported to aggregator: 0
	num ray task events failed to report to aggregator: 0
	num of task attempts dropped reported to aggregator: 0
	num of failed requests to aggregator: 0

[2026-09-03 21:59:33,474 I 5323 5323] actor_task_submitter.cc:75: Set actor max pending calls to -1 actor_id=9e8640b538e843dff7addd2d01000000
[2026-09-03 21:59:33,475 I 5323 5323] core_worker.cc:3112: Creating actor actor_id=9e8640b538e843dff7addd2d01000000
[2026-09-03 21:59:55,343 I 5323 5323] task_receiver.cc:117: Actor creation task finished, task_id: ffffffffffffffff9e8640b538e843dff7addd2d01000000, actor_id: 9e8640b538e843dff7addd2d01000000, actor_repr_name: 
[2026-09-03 22:00:33,473 I 5323 5674] core_worker.cc:498: Event stats:


Global stats: 823 total (9 active)
Queueing time: mean = 0.01ms, max = 0.51ms, min = 0.00ms, total = 11.91ms
Execution time:  mean = 26.58ms, total = 21873.63ms
Event stats:
	CoreWorker.RecoverObjects - 600 total (1 active), Execution time: mean = 0.00ms, total = 0.97ms, Queueing time: mean = 0.01ms, max = 0.08ms, min = 0.00ms, total = 8.18ms
	CoreWorker.ExitIfParentRayletDies - 60 total (1 active), Execution time: mean = 0.01ms, total = 0.33ms, Queueing time: mean = 0.02ms, max = 0.05ms, min = 0.00ms, total = 0.94ms
	CoreWorker.InternalHeartbeat - 60 total (1 active), Execution time: mean = 0.00ms, total = 0.17ms, Queueing time: mean = 0.02ms, max = 0.51ms, min = 0.00ms, total = 1.00ms
	CoreWorker.ReportWorkerBacklog - 60 total (1 active), Execution time: mean = 0.00ms, total = 0.18ms, Queueing time: mean = 0.02ms, max = 0.50ms, min = 0.00ms, total = 0.99ms
	CoreWorker.RecordMetrics - 12 total (1 active), Execution time: mean = 0.08ms, total = 1.02ms, Queueing time: mean = 0.01ms, max = 0.02ms, min = 0.00ms, total = 0.06ms
	PeriodicalRunner.RunFnPeriodically - 8 total (0 active), Execution time: mean = 0.02ms, total = 0.13ms, Queueing time: mean = 0.07ms, max = 0.11ms, min = 0.00ms, total = 0.52ms
	CoreWorker.TryDelPendingObjectRefStreams - 6 total (1 active), Execution time: mean = 0.00ms, total = 0.01ms, Queueing time: mean = 0.01ms, max = 0.03ms, min = 0.01ms, total = 0.08ms
	CoreWorkerService.grpc_server.GetCoreWorkerStats.HandleRequestImpl - 4 total (0 active), Execution time: mean = 0.09ms, total = 0.37ms, Queueing time: mean = 0.02ms, max = 0.03ms, min = 0.01ms, total = 0.08ms
	CoreWorkerService.grpc_server.GetCoreWorkerStats - 4 total (0 active), Execution time: mean = 0.26ms, total = 1.02ms, Queueing time: mean = 0.00ms, max = -0.00ms, min = 9223372036854.78ms, total = 0.00ms
	CoreWorkerService.grpc_server.PushTask - 2 total (1 active), Execution time: mean = 10934.45ms, total = 21868.90ms, Queueing time: mean = 0.00ms, max = -0.00ms, min = 9223372036854.78ms, total = 0.00ms
	CoreWorkerService.grpc_server.PushTask.HandleRequestImpl - 2 total (0 active), Execution time: mean = 0.10ms, total = 0.19ms, Queueing time: mean = 0.02ms, max = 0.02ms, min = 0.01ms, total = 0.03ms
	Publisher.CheckDeadSubscribers - 1 total (1 active), Execution time: mean = 0.00ms, total = 0.00ms, Queueing time: mean = 0.00ms, max = -0.00ms, min = 9223372036854.78ms, total = 0.00ms
	ray::rpc::WorkerInfoGcsService.grpc_client.AddWorkerInfo.OnReplyReceived - 1 total (0 active), Execution time: mean = 0.03ms, total = 0.03ms, Queueing time: mean = 0.01ms, max = 0.01ms, min = 0.01ms, total = 0.01ms
	ray::rpc::WorkerInfoGcsService.grpc_client.AddWorkerInfo - 1 total (0 active), Execution time: mean = 0.30ms, total = 0.30ms, Queueing time: mean = 0.00ms, max = -0.00ms, min = 9223372036854.78ms, total = 0.00ms
	Publisher.PublishFailure.WORKER_OBJECT_LOCATIONS_CHANNEL - 1 total (0 active), Execution time: mean = 0.01ms, total = 0.01ms, Queueing time: mean = 0.00ms, max = 0.00ms, min = 0.00ms, total = 0.00ms
	CoreWorker.PrintEventStats - 1 total (1 active, 1 running), Execution time: mean = 0.00ms, total = 0.00ms, Queueing time: mean = 0.00ms, max = -0.00ms, min = 9223372036854.78ms, total = 0.00ms

-----------------
Task execution event stats:

Global stats: 5 total (2 active)
Queueing time: mean = 4371.82ms, max = 21859.10ms, min = 0.00ms, total = 21859.10ms
Execution time:  mean = 4373.72ms, total = 21868.62ms
Event stats:
	CoreWorker.CheckSignal - 2 total (1 active), Execution time: mean = 0.00ms, total = 0.00ms, Queueing time: mean = 10929.55ms, max = 21859.10ms, min = 21859.10ms, total = 21859.10ms
	PeriodicalRunner.RunFnPeriodically - 1 total (0 active), Execution time: mean = 0.01ms, total = 0.01ms, Queueing time: mean = 0.00ms, max = 0.00ms, min = 0.00ms, total = 0.00ms
	CoreWorker.HandlePushTask - 1 total (0 active), Execution time: mean = 21868.61ms, total = 21868.61ms, Queueing time: mean = 0.01ms, max = 0.01ms, min = 0.01ms, total = 0.01ms
	CoreWorker.HandlePushTaskActor - 1 total (1 active, 1 running), Execution time: mean = 0.00ms, total = 0.00ms, Queueing time: mean = 0.00ms, max = -0.00ms, min = 9223372036854.78ms, total = 0.00ms

-----------------
Task Event stats:

IO Service Stats:

Global stats: 65 total (1 active)
Queueing time: mean = 0.02ms, max = 0.05ms, min = 0.01ms, total = 1.47ms
Execution time:  mean = 0.03ms, total = 1.68ms
Event stats:
	CoreWorker.deadline_timer.flush_task_events - 60 total (1 active), Execution time: mean = 0.01ms, total = 0.81ms, Queueing time: mean = 0.02ms, max = 0.05ms, min = 0.01ms, total = 1.43ms
	ray::rpc::TaskInfoGcsService.grpc_client.AddTaskEventData - 2 total (0 active), Execution time: mean = 0.41ms, total = 0.81ms, Queueing time: mean = 0.00ms, max = -0.00ms, min = 9223372036854.78ms, total = 0.00ms
	ray::rpc::TaskInfoGcsService.grpc_client.AddTaskEventData.OnReplyReceived - 2 total (0 active), Execution time: mean = 0.02ms, total = 0.04ms, Queueing time: mean = 0.01ms, max = 0.02ms, min = 0.01ms, total = 0.03ms
	PeriodicalRunner.RunFnPeriodically - 1 total (0 active), Execution time: mean = 0.02ms, total = 0.02ms, Queueing time: mean = 0.01ms, max = 0.01ms, min = 0.01ms, total = 0.01ms
Other Stats:
	gcs_grpc_in_progress:0
	event_aggregator_grpc_in_progress:0
	current number of task status events in buffer: 0
	current number of profile events in buffer: 0
	current number of dropped task attempts tracked: 0
	total task events sent: 0.00057888 MiB
	total number of task attempts sent: 3
	total number of task attempts dropped reported: 0
	total number of sent failure: 0
	num status task events dropped: 0
	num profile task events dropped: 0
	num ray task events reported to aggregator: 0
	num ray task events failed to report to aggregator: 0
	num of task attempts dropped reported to aggregator: 0
	num of failed requests to aggregator: 0

[2026-09-03 22:00:57,415 I 5323 5323] actor_task_submitter.cc:75: Set actor max pending calls to -1 actor_id=e3776b08b973ff9e4d0d8b3101000000
[2026-09-03 22:01:33,474 I 5323 5674] core_worker.cc:498: Event stats:


Global stats: 1636 total (9 active)
Queueing time: mean = 0.02ms, max = 0.51ms, min = 0.00ms, total = 26.30ms
Execution time:  mean = 51.28ms, total = 83894.16ms
Event stats:
	CoreWorker.RecoverObjects - 1200 total (1 active), Execution time: mean = 0.00ms, total = 2.28ms, Queueing time: mean = 0.02ms, max = 0.08ms, min = 0.00ms, total = 18.79ms
	CoreWorker.ExitIfParentRayletDies - 120 total (1 active), Execution time: mean = 0.01ms, total = 0.68ms, Queueing time: mean = 0.02ms, max = 0.05ms, min = 0.00ms, total = 1.93ms
	CoreWorker.ReportWorkerBacklog - 120 total (1 active), Execution time: mean = 0.00ms, total = 0.37ms, Queueing time: mean = 0.02ms, max = 0.50ms, min = 0.00ms, total = 2.13ms
	CoreWorker.InternalHeartbeat - 120 total (1 active), Execution time: mean = 0.00ms, total = 0.33ms, Queueing time: mean = 0.02ms, max = 0.51ms, min = 0.00ms, total = 2.16ms
	CoreWorker.RecordMetrics - 24 total (1 active), Execution time: mean = 0.06ms, total = 1.52ms, Queueing time: mean = 0.01ms, max = 0.02ms, min = 0.00ms, total = 0.19ms
	CoreWorker.TryDelPendingObjectRefStreams - 12 total (1 active), Execution time: mean = 0.00ms, total = 0.03ms, Queueing time: mean = 0.02ms, max = 0.12ms, min = 0.01ms, total = 0.28ms
	PeriodicalRunner.RunFnPeriodically - 8 total (0 active), Execution time: mean = 0.02ms, total = 0.13ms, Queueing time: mean = 0.07ms, max = 0.11ms, min = 0.00ms, total = 0.52ms
	CoreWorkerService.grpc_server.GetCoreWorkerStats.HandleRequestImpl - 8 total (0 active), Execution time: mean = 0.07ms, total = 0.58ms, Queueing time: mean = 0.02ms, max = 0.04ms, min = 0.01ms, total = 0.18ms
	CoreWorkerService.grpc_server.GetCoreWorkerStats - 8 total (0 active), Execution time: mean = 0.25ms, total = 1.98ms, Queueing time: mean = 0.00ms, max = -0.00ms, min = 9223372036854.78ms, total = 0.00ms
	CoreWorkerService.grpc_server.PushTask - 3 total (0 active), Execution time: mean = 27961.76ms, total = 83885.28ms, Queueing time: mean = 0.00ms, max = -0.00ms, min = 9223372036854.78ms, total = 0.00ms
	CoreWorkerService.grpc_server.PushTask.HandleRequestImpl - 3 total (0 active), Execution time: mean = 0.09ms, total = 0.27ms, Queueing time: mean = 0.02ms, max = 0.02ms, min = 0.01ms, total = 0.05ms
	CoreWorker.PrintEventStats - 2 total (1 active, 1 running), Execution time: mean = 0.11ms, total = 0.22ms, Queueing time: mean = 0.01ms, max = 0.01ms, min = 0.01ms, total = 0.01ms
	ray::rpc::WorkerInfoGcsService.grpc_client.AddWorkerInfo.OnReplyReceived - 1 total (0 active), Execution time: mean = 0.03ms, total = 0.03ms, Queueing time: mean = 0.01ms, max = 0.01ms, min = 0.01ms, total = 0.01ms
	Publisher.CheckDeadSubscribers - 1 total (1 active), Execution time: mean = 0.00ms, total = 0.00ms, Queueing time: mean = 0.00ms, max = -0.00ms, min = 9223372036854.78ms, total = 0.00ms
	CoreWorkerService.grpc_server.PubsubLongPolling.HandleRequestImpl - 1 total (0 active), Execution time: mean = 0.01ms, total = 0.01ms, Queueing time: mean = 0.04ms, max = 0.04ms, min = 0.04ms, total = 0.04ms
	CoreWorkerService.grpc_server.PubsubLongPolling - 1 total (1 active), Execution time: mean = 0.00ms, total = 0.00ms, Queueing time: mean = 0.00ms, max = -0.00ms, min = 9223372036854.78ms, total = 0.00ms
	ray::rpc::WorkerInfoGcsService.grpc_client.AddWorkerInfo - 1 total (0 active), Execution time: mean = 0.30ms, total = 0.30ms, Queueing time: mean = 0.00ms, max = -0.00ms, min = 9223372036854.78ms, total = 0.00ms
	Publisher.PublishFailure.WORKER_OBJECT_LOCATIONS_CHANNEL - 1 total (0 active), Execution time: mean = 0.01ms, total = 0.01ms, Queueing time: mean = 0.00ms, max = 0.00ms, min = 0.00ms, total = 0.00ms
	CoreWorkerService.grpc_server.PubsubCommandBatch.HandleRequestImpl - 1 total (0 active), Execution time: mean = 0.04ms, total = 0.04ms, Queueing time: mean = 0.01ms, max = 0.01ms, min = 0.01ms, total = 0.01ms
	CoreWorkerService.grpc_server.PubsubCommandBatch - 1 total (0 active), Execution time: mean = 0.11ms, total = 0.11ms, Queueing time: mean = 0.00ms, max = -0.00ms, min = 9223372036854.78ms, total = 0.00ms

-----------------
Task execution event stats:

Global stats: 3611 total (1 active)
Queueing time: mean = 23.24ms, max = 61878.53ms, min = 0.00ms, total = 83930.57ms
Execution time:  mean = 23.23ms, total = 83894.40ms
Event stats:
	CoreWorker.CheckSignal - 3607 total (1 active), Execution time: mean = 0.00ms, total = 9.90ms, Queueing time: mean = 23.27ms, max = 61878.53ms, min = 0.00ms, total = 83930.54ms
	CoreWorker.HandlePushTaskActor - 2 total (0 active), Execution time: mean = 31007.94ms, total = 62015.88ms, Queueing time: mean = 0.01ms, max = 0.02ms, min = 0.01ms, total = 0.03ms
	PeriodicalRunner.RunFnPeriodically - 1 total (0 active), Execution time: mean = 0.01ms, total = 0.01ms, Queueing time: mean = 0.00ms, max = 0.00ms, min = 0.00ms, total = 0.00ms
	CoreWorker.HandlePushTask - 1 total (0 active), Execution time: mean = 21868.61ms, total = 21868.61ms, Queueing time: mean = 0.01ms, max = 0.01ms, min = 0.01ms, total = 0.01ms

-----------------
Task Event stats:

IO Service Stats:

Global stats: 129 total (1 active)
Queueing time: mean = 0.02ms, max = 0.05ms, min = 0.01ms, total = 3.04ms
Execution time:  mean = 0.03ms, total = 3.51ms
Event stats:
	CoreWorker.deadline_timer.flush_task_events - 120 total (1 active), Execution time: mean = 0.01ms, total = 1.69ms, Queueing time: mean = 0.02ms, max = 0.05ms, min = 0.01ms, total = 2.97ms
	ray::rpc::TaskInfoGcsService.grpc_client.AddTaskEventData - 4 total (0 active), Execution time: mean = 0.42ms, total = 1.69ms, Queueing time: mean = 0.00ms, max = -0.00ms, min = 9223372036854.78ms, total = 0.00ms
	ray::rpc::TaskInfoGcsService.grpc_client.AddTaskEventData.OnReplyReceived - 4 total (0 active), Execution time: mean = 0.03ms, total = 0.11ms, Queueing time: mean = 0.02ms, max = 0.02ms, min = 0.01ms, total = 0.06ms
	PeriodicalRunner.RunFnPeriodically - 1 total (0 active), Execution time: mean = 0.02ms, total = 0.02ms, Queueing time: mean = 0.01ms, max = 0.01ms, min = 0.01ms, total = 0.01ms
Other Stats:
	gcs_grpc_in_progress:0
	event_aggregator_grpc_in_progress:0
	current number of task status events in buffer: 0
	current number of profile events in buffer: 0
	current number of dropped task attempts tracked: 0
	total task events sent: 0.0013237 MiB
	total number of task attempts sent: 6
	total number of task attempts dropped reported: 0
	total number of sent failure: 0
	num status task events dropped: 0
	num profile task events dropped: 0
	num ray task events reported to aggregator: 0
	num ray task events failed to report to aggregator: 0
	num of task attempts dropped reported to aggregator: 0
	num of failed requests to aggregator: 0

[2026-09-03 22:02:14,264 I 5323 5323] actor_task_submitter.cc:75: Set actor max pending calls to -1 actor_id=25c7066656ef37f101908f5d01000000
[2026-09-03 22:02:14,266 I 5323 5323] actor_task_submitter.cc:75: Set actor max pending calls to -1 actor_id=ed804803bd01dc0de9765f8001000000
[2026-09-03 22:02:33,474 I 5323 5674] core_worker.cc:498: Event stats:


Global stats: 2445 total (10 active)
Queueing time: mean = 0.02ms, max = 0.51ms, min = 0.00ms, total = 42.05ms
Execution time:  mean = 34.31ms, total = 83898.64ms
Event stats:
	CoreWorker.RecoverObjects - 1800 total (1 active), Execution time: mean = 0.00ms, total = 3.65ms, Queueing time: mean = 0.02ms, max = 0.08ms, min = 0.00ms, total = 30.55ms
	CoreWorker.ExitIfParentRayletDies - 180 total (1 active), Execution time: mean = 0.01ms, total = 0.99ms, Queueing time: mean = 0.02ms, max = 0.05ms, min = 0.00ms, total = 3.01ms
	CoreWorker.ReportWorkerBacklog - 180 total (1 active), Execution time: mean = 0.00ms, total = 0.55ms, Queueing time: mean = 0.02ms, max = 0.50ms, min = 0.00ms, total = 3.33ms
	CoreWorker.InternalHeartbeat - 180 total (1 active), Execution time: mean = 0.00ms, total = 0.49ms, Queueing time: mean = 0.02ms, max = 0.51ms, min = 0.00ms, total = 3.38ms
	CoreWorker.RecordMetrics - 36 total (1 active), Execution time: mean = 0.06ms, total = 2.02ms, Queueing time: mean = 0.01ms, max = 0.02ms, min = 0.00ms, total = 0.30ms
	CoreWorker.TryDelPendingObjectRefStreams - 18 total (1 active), Execution time: mean = 0.00ms, total = 0.04ms, Queueing time: mean = 0.03ms, max = 0.17ms, min = 0.01ms, total = 0.54ms
	CoreWorkerService.grpc_server.GetCoreWorkerStats.HandleRequestImpl - 12 total (0 active), Execution time: mean = 0.07ms, total = 0.84ms, Queueing time: mean = 0.02ms, max = 0.04ms, min = 0.01ms, total = 0.27ms
	CoreWorkerService.grpc_server.GetCoreWorkerStats - 12 total (0 active), Execution time: mean = 0.28ms, total = 3.31ms, Queueing time: mean = 0.00ms, max = -0.00ms, min = 9223372036854.78ms, total = 0.00ms
	PeriodicalRunner.RunFnPeriodically - 8 total (0 active), Execution time: mean = 0.02ms, total = 0.13ms, Queueing time: mean = 0.07ms, max = 0.11ms, min = 0.00ms, total = 0.52ms
	CoreWorkerService.grpc_server.PushTask - 4 total (1 active), Execution time: mean = 20971.32ms, total = 83885.28ms, Queueing time: mean = 0.00ms, max = -0.00ms, min = 9223372036854.78ms, total = 0.00ms
	CoreWorkerService.grpc_server.PushTask.HandleRequestImpl - 4 total (0 active), Execution time: mean = 0.09ms, total = 0.36ms, Queueing time: mean = 0.01ms, max = 0.02ms, min = 0.01ms, total = 0.06ms
	CoreWorker.PrintEventStats - 3 total (1 active, 1 running), Execution time: mean = 0.16ms, total = 0.47ms, Queueing time: mean = 0.01ms, max = 0.01ms, min = 0.01ms, total = 0.02ms
	ray::rpc::WorkerInfoGcsService.grpc_client.AddWorkerInfo.OnReplyReceived - 1 total (0 active), Execution time: mean = 0.03ms, total = 0.03ms, Queueing time: mean = 0.01ms, max = 0.01ms, min = 0.01ms, total = 0.01ms
	Publisher.CheckDeadSubscribers - 1 total (1 active), Execution time: mean = 0.00ms, total = 0.00ms, Queueing time: mean = 0.00ms, max = -0.00ms, min = 9223372036854.78ms, total = 0.00ms
	CoreWorkerService.grpc_server.PubsubLongPolling.HandleRequestImpl - 1 total (0 active), Execution time: mean = 0.01ms, total = 0.01ms, Queueing time: mean = 0.04ms, max = 0.04ms, min = 0.04ms, total = 0.04ms
	CoreWorkerService.grpc_server.PubsubLongPolling - 1 total (1 active), Execution time: mean = 0.00ms, total = 0.00ms, Queueing time: mean = 0.00ms, max = -0.00ms, min = 9223372036854.78ms, total = 0.00ms
	ray::rpc::WorkerInfoGcsService.grpc_client.AddWorkerInfo - 1 total (0 active), Execution time: mean = 0.30ms, total = 0.30ms, Queueing time: mean = 0.00ms, max = -0.00ms, min = 9223372036854.78ms, total = 0.00ms
	Publisher.PublishFailure.WORKER_OBJECT_LOCATIONS_CHANNEL - 1 total (0 active), Execution time: mean = 0.01ms, total = 0.01ms, Queueing time: mean = 0.00ms, max = 0.00ms, min = 0.00ms, total = 0.00ms
	CoreWorkerService.grpc_server.PubsubCommandBatch.HandleRequestImpl - 1 total (0 active), Execution time: mean = 0.04ms, total = 0.04ms, Queueing time: mean = 0.01ms, max = 0.01ms, min = 0.01ms, total = 0.01ms
	CoreWorkerService.grpc_server.PubsubCommandBatch - 1 total (0 active), Execution time: mean = 0.11ms, total = 0.11ms, Queueing time: mean = 0.00ms, max = -0.00ms, min = 9223372036854.78ms, total = 0.00ms

-----------------
Task execution event stats:

Global stats: 7681 total (2 active)
Queueing time: mean = 10.94ms, max = 61878.53ms, min = -0.03ms, total = 84017.47ms
Execution time:  mean = 10.92ms, total = 83906.11ms
Event stats:
	CoreWorker.CheckSignal - 7676 total (1 active), Execution time: mean = 0.00ms, total = 21.61ms, Queueing time: mean = 10.95ms, max = 61878.53ms, min = -0.03ms, total = 84017.43ms
	CoreWorker.HandlePushTaskActor - 3 total (1 active, 1 running), Execution time: mean = 20671.96ms, total = 62015.88ms, Queueing time: mean = 0.01ms, max = 0.02ms, min = 0.01ms, total = 0.03ms
	PeriodicalRunner.RunFnPeriodically - 1 total (0 active), Execution time: mean = 0.01ms, total = 0.01ms, Queueing time: mean = 0.00ms, max = 0.00ms, min = 0.00ms, total = 0.00ms
	CoreWorker.HandlePushTask - 1 total (0 active), Execution time: mean = 21868.61ms, total = 21868.61ms, Queueing time: mean = 0.01ms, max = 0.01ms, min = 0.01ms, total = 0.01ms

-----------------
Task Event stats:

IO Service Stats:

Global stats: 191 total (1 active)
Queueing time: mean = 0.03ms, max = 0.05ms, min = 0.01ms, total = 4.84ms
Execution time:  mean = 0.02ms, total = 4.56ms
Event stats:
	CoreWorker.deadline_timer.flush_task_events - 180 total (1 active), Execution time: mean = 0.01ms, total = 2.41ms, Queueing time: mean = 0.03ms, max = 0.05ms, min = 0.01ms, total = 4.75ms
	ray::rpc::TaskInfoGcsService.grpc_client.AddTaskEventData - 5 total (0 active), Execution time: mean = 0.40ms, total = 2.00ms, Queueing time: mean = 0.00ms, max = -0.00ms, min = 9223372036854.78ms, total = 0.00ms
	ray::rpc::TaskInfoGcsService.grpc_client.AddTaskEventData.OnReplyReceived - 5 total (0 active), Execution time: mean = 0.03ms, total = 0.13ms, Queueing time: mean = 0.01ms, max = 0.02ms, min = 0.01ms, total = 0.07ms
	PeriodicalRunner.RunFnPeriodically - 1 total (0 active), Execution time: mean = 0.02ms, total = 0.02ms, Queueing time: mean = 0.01ms, max = 0.01ms, min = 0.01ms, total = 0.01ms
Other Stats:
	gcs_grpc_in_progress:0
	event_aggregator_grpc_in_progress:0
	current number of task status events in buffer: 0
	current number of profile events in buffer: 0
	current number of dropped task attempts tracked: 0
	total task events sent: 0.0014925 MiB
	total number of task attempts sent: 7
	total number of task attempts dropped reported: 0
	total number of sent failure: 0
	num status task events dropped: 0
	num profile task events dropped: 0
	num ray task events reported to aggregator: 0
	num ray task events failed to report to aggregator: 0
	num of task attempts dropped reported to aggregator: 0
	num of failed requests to aggregator: 0

[2026-09-03 22:03:33,474 I 5323 5674] core_worker.cc:498: Event stats:


Global stats: 3258 total (10 active)
Queueing time: mean = 0.02ms, max = 0.51ms, min = 0.00ms, total = 60.34ms
Execution time:  mean = 32.67ms, total = 106428.62ms
Event stats:
	CoreWorker.RecoverObjects - 2400 total (1 active), Execution time: mean = 0.00ms, total = 5.30ms, Queueing time: mean = 0.02ms, max = 0.08ms, min = 0.00ms, total = 43.55ms
	CoreWorker.ExitIfParentRayletDies - 240 total (1 active), Execution time: mean = 0.01ms, total = 1.37ms, Queueing time: mean = 0.02ms, max = 0.07ms, min = 0.00ms, total = 4.42ms
	CoreWorker.ReportWorkerBacklog - 240 total (1 active), Execution time: mean = 0.00ms, total = 0.76ms, Queueing time: mean = 0.02ms, max = 0.50ms, min = 0.00ms, total = 4.90ms
	CoreWorker.InternalHeartbeat - 240 total (1 active), Execution time: mean = 0.00ms, total = 0.68ms, Queueing time: mean = 0.02ms, max = 0.51ms, min = 0.00ms, total = 4.96ms
	CoreWorker.RecordMetrics - 48 total (1 active), Execution time: mean = 0.05ms, total = 2.51ms, Queueing time: mean = 0.01ms, max = 0.03ms, min = 0.00ms, total = 0.48ms
	CoreWorker.TryDelPendingObjectRefStreams - 24 total (1 active), Execution time: mean = 0.00ms, total = 0.06ms, Queueing time: mean = 0.04ms, max = 0.19ms, min = 0.01ms, total = 0.88ms
	CoreWorkerService.grpc_server.GetCoreWorkerStats.HandleRequestImpl - 16 total (0 active), Execution time: mean = 0.07ms, total = 1.06ms, Queueing time: mean = 0.02ms, max = 0.04ms, min = 0.01ms, total = 0.39ms
	CoreWorkerService.grpc_server.GetCoreWorkerStats - 16 total (0 active), Execution time: mean = 0.28ms, total = 4.41ms, Queueing time: mean = 0.00ms, max = -0.00ms, min = 9223372036854.78ms, total = 0.00ms
	PeriodicalRunner.RunFnPeriodically - 8 total (0 active), Execution time: mean = 0.02ms, total = 0.13ms, Queueing time: mean = 0.07ms, max = 0.11ms, min = 0.00ms, total = 0.52ms
	CoreWorkerService.grpc_server.PushTask - 4 total (0 active), Execution time: mean = 26602.61ms, total = 106410.43ms, Queueing time: mean = 0.00ms, max = -0.00ms, min = 9223372036854.78ms, total = 0.00ms
	CoreWorkerService.grpc_server.PushTask.HandleRequestImpl - 4 total (0 active), Execution time: mean = 0.09ms, total = 0.36ms, Queueing time: mean = 0.01ms, max = 0.02ms, min = 0.01ms, total = 0.06ms
	CoreWorker.PrintEventStats - 4 total (1 active, 1 running), Execution time: mean = 0.19ms, total = 0.76ms, Queueing time: mean = 0.01ms, max = 0.01ms, min = 0.01ms, total = 0.03ms
	CoreWorkerService.grpc_server.PubsubCommandBatch.HandleRequestImpl - 3 total (0 active), Execution time: mean = 0.03ms, total = 0.10ms, Queueing time: mean = 0.01ms, max = 0.02ms, min = 0.01ms, total = 0.04ms
	CoreWorkerService.grpc_server.PubsubCommandBatch - 3 total (0 active), Execution time: mean = 0.11ms, total = 0.34ms, Queueing time: mean = 0.00ms, max = -0.00ms, min = 9223372036854.78ms, total = 0.00ms
	CoreWorkerService.grpc_server.PubsubLongPolling.HandleRequestImpl - 2 total (0 active), Execution time: mean = 0.01ms, total = 0.02ms, Queueing time: mean = 0.05ms, max = 0.05ms, min = 0.04ms, total = 0.09ms
	CoreWorkerService.grpc_server.PubsubLongPolling - 2 total (2 active), Execution time: mean = 0.00ms, total = 0.00ms, Queueing time: mean = 0.00ms, max = -0.00ms, min = 9223372036854.78ms, total = 0.00ms
	ray::rpc::WorkerInfoGcsService.grpc_client.AddWorkerInfo.OnReplyReceived - 1 total (0 active), Execution time: mean = 0.03ms, total = 0.03ms, Queueing time: mean = 0.01ms, max = 0.01ms, min = 0.01ms, total = 0.01ms
	Publisher.CheckDeadSubscribers - 1 total (1 active), Execution time: mean = 0.00ms, total = 0.00ms, Queueing time: mean = 0.00ms, max = -0.00ms, min = 9223372036854.78ms, total = 0.00ms
	ray::rpc::WorkerInfoGcsService.grpc_client.AddWorkerInfo - 1 total (0 active), Execution time: mean = 0.30ms, total = 0.30ms, Queueing time: mean = 0.00ms, max = -0.00ms, min = 9223372036854.78ms, total = 0.00ms
	Publisher.PublishFailure.WORKER_OBJECT_LOCATIONS_CHANNEL - 1 total (0 active), Execution time: mean = 0.01ms, total = 0.01ms, Queueing time: mean = 0.00ms, max = 0.00ms, min = 0.00ms, total = 0.00ms

-----------------
Task execution event stats:

Global stats: 13337 total (1 active)
Queueing time: mean = 8.00ms, max = 61878.53ms, min = -0.03ms, total = 106663.27ms
Execution time:  mean = 7.98ms, total = 106448.03ms
Event stats:
	CoreWorker.CheckSignal - 13332 total (1 active), Execution time: mean = 0.00ms, total = 38.63ms, Queueing time: mean = 8.00ms, max = 61878.53ms, min = -0.03ms, total = 106663.22ms
	CoreWorker.HandlePushTaskActor - 3 total (0 active), Execution time: mean = 28180.26ms, total = 84540.78ms, Queueing time: mean = 0.01ms, max = 0.02ms, min = 0.01ms, total = 0.04ms
	PeriodicalRunner.RunFnPeriodically - 1 total (0 active), Execution time: mean = 0.01ms, total = 0.01ms, Queueing time: mean = 0.00ms, max = 0.00ms, min = 0.00ms, total = 0.00ms
	CoreWorker.HandlePushTask - 1 total (0 active), Execution time: mean = 21868.61ms, total = 21868.61ms, Queueing time: mean = 0.01ms, max = 0.01ms, min = 0.01ms, total = 0.01ms

-----------------
Task Event stats:

IO Service Stats:

Global stats: 253 total (1 active)
Queueing time: mean = 0.03ms, max = 0.06ms, min = 0.01ms, total = 6.57ms
Execution time:  mean = 0.02ms, total = 5.97ms
Event stats:
	CoreWorker.deadline_timer.flush_task_events - 240 total (1 active), Execution time: mean = 0.01ms, total = 3.21ms, Queueing time: mean = 0.03ms, max = 0.06ms, min = 0.01ms, total = 6.47ms
	ray::rpc::TaskInfoGcsService.grpc_client.AddTaskEventData - 6 total (0 active), Execution time: mean = 0.43ms, total = 2.58ms, Queueing time: mean = 0.00ms, max = -0.00ms, min = 9223372036854.78ms, total = 0.00ms
	ray::rpc::TaskInfoGcsService.grpc_client.AddTaskEventData.OnReplyReceived - 6 total (0 active), Execution time: mean = 0.03ms, total = 0.17ms, Queueing time: mean = 0.02ms, max = 0.02ms, min = 0.01ms, total = 0.09ms
	PeriodicalRunner.RunFnPeriodically - 1 total (0 active), Execution time: mean = 0.02ms, total = 0.02ms, Queueing time: mean = 0.01ms, max = 0.01ms, min = 0.01ms, total = 0.01ms
Other Stats:
	gcs_grpc_in_progress:0
	event_aggregator_grpc_in_progress:0
	current number of task status events in buffer: 0
	current number of profile events in buffer: 0
	current number of dropped task attempts tracked: 0
	total task events sent: 0.00181198 MiB
	total number of task attempts sent: 8
	total number of task attempts dropped reported: 0
	total number of sent failure: 0
	num status task events dropped: 0
	num profile task events dropped: 0
	num ray task events reported to aggregator: 0
	num ray task events failed to report to aggregator: 0
	num of task attempts dropped reported to aggregator: 0
	num of failed requests to aggregator: 0

[2026-09-03 22:04:33,475 I 5323 5674] core_worker.cc:498: Event stats:


Global stats: 4066 total (10 active)
Queueing time: mean = 0.02ms, max = 0.51ms, min = 0.00ms, total = 78.11ms
Execution time:  mean = 26.18ms, total = 106432.87ms
Event stats:
	CoreWorker.RecoverObjects - 3000 total (1 active), Execution time: mean = 0.00ms, total = 6.60ms, Queueing time: mean = 0.02ms, max = 0.08ms, min = 0.00ms, total = 56.04ms
	CoreWorker.ExitIfParentRayletDies - 300 total (1 active), Execution time: mean = 0.01ms, total = 1.68ms, Queueing time: mean = 0.02ms, max = 0.07ms, min = 0.00ms, total = 5.85ms
	CoreWorker.ReportWorkerBacklog - 300 total (1 active), Execution time: mean = 0.00ms, total = 0.94ms, Queueing time: mean = 0.02ms, max = 0.50ms, min = 0.00ms, total = 6.44ms
	CoreWorker.InternalHeartbeat - 300 total (1 active), Execution time: mean = 0.00ms, total = 0.86ms, Queueing time: mean = 0.02ms, max = 0.51ms, min = 0.00ms, total = 6.50ms
	CoreWorker.RecordMetrics - 60 total (1 active), Execution time: mean = 0.05ms, total = 2.95ms, Queueing time: mean = 0.01ms, max = 0.03ms, min = 0.00ms, total = 0.66ms
	CoreWorker.TryDelPendingObjectRefStreams - 30 total (1 active), Execution time: mean = 0.00ms, total = 0.08ms, Queueing time: mean = 0.04ms, max = 0.37ms, min = 0.01ms, total = 1.33ms
	CoreWorkerService.grpc_server.GetCoreWorkerStats.HandleRequestImpl - 20 total (0 active), Execution time: mean = 0.06ms, total = 1.28ms, Queueing time: mean = 0.02ms, max = 0.04ms, min = 0.01ms, total = 0.49ms
	CoreWorkerService.grpc_server.GetCoreWorkerStats - 20 total (0 active), Execution time: mean = 0.28ms, total = 5.51ms, Queueing time: mean = 0.00ms, max = -0.00ms, min = 9223372036854.78ms, total = 0.00ms
	PeriodicalRunner.RunFnPeriodically - 8 total (0 active), Execution time: mean = 0.02ms, total = 0.13ms, Queueing time: mean = 0.07ms, max = 0.11ms, min = 0.00ms, total = 0.52ms
	CoreWorker.PrintEventStats - 5 total (1 active, 1 running), Execution time: mean = 0.25ms, total = 1.27ms, Queueing time: mean = 0.01ms, max = 0.02ms, min = 0.01ms, total = 0.05ms
	CoreWorkerService.grpc_server.PushTask - 4 total (0 active), Execution time: mean = 26602.61ms, total = 106410.43ms, Queueing time: mean = 0.00ms, max = -0.00ms, min = 9223372036854.78ms, total = 0.00ms
	CoreWorkerService.grpc_server.PushTask.HandleRequestImpl - 4 total (0 active), Execution time: mean = 0.09ms, total = 0.36ms, Queueing time: mean = 0.01ms, max = 0.02ms, min = 0.01ms, total = 0.06ms
	CoreWorkerService.grpc_server.PubsubCommandBatch.HandleRequestImpl - 3 total (0 active), Execution time: mean = 0.03ms, total = 0.10ms, Queueing time: mean = 0.01ms, max = 0.02ms, min = 0.01ms, total = 0.04ms
	CoreWorkerService.grpc_server.PubsubCommandBatch - 3 total (0 active), Execution time: mean = 0.11ms, total = 0.34ms, Queueing time: mean = 0.00ms, max = -0.00ms, min = 9223372036854.78ms, total = 0.00ms
	Publisher.CheckDeadSubscribers - 2 total (1 active), Execution time: mean = 0.00ms, total = 0.00ms, Queueing time: mean = 0.01ms, max = 0.02ms, min = 0.02ms, total = 0.02ms
	CoreWorkerService.grpc_server.PubsubLongPolling.HandleRequestImpl - 2 total (0 active), Execution time: mean = 0.01ms, total = 0.02ms, Queueing time: mean = 0.05ms, max = 0.05ms, min = 0.04ms, total = 0.09ms
	CoreWorkerService.grpc_server.PubsubLongPolling - 2 total (2 active), Execution time: mean = 0.00ms, total = 0.00ms, Queueing time: mean = 0.00ms, max = -0.00ms, min = 9223372036854.78ms, total = 0.00ms
	ray::rpc::WorkerInfoGcsService.grpc_client.AddWorkerInfo.OnReplyReceived - 1 total (0 active), Execution time: mean = 0.03ms, total = 0.03ms, Queueing time: mean = 0.01ms, max = 0.01ms, min = 0.01ms, total = 0.01ms
	ray::rpc::WorkerInfoGcsService.grpc_client.AddWorkerInfo - 1 total (0 active), Execution time: mean = 0.30ms, total = 0.30ms, Queueing time: mean = 0.00ms, max = -0.00ms, min = 9223372036854.78ms, total = 0.00ms
	Publisher.PublishFailure.WORKER_OBJECT_LOCATIONS_CHANNEL - 1 total (0 active), Execution time: mean = 0.01ms, total = 0.01ms, Queueing time: mean = 0.00ms, max = 0.00ms, min = 0.00ms, total = 0.00ms

-----------------
Task execution event stats:

Global stats: 19322 total (1 active)
Queueing time: mean = 5.53ms, max = 61878.53ms, min = -0.03ms, total = 106795.99ms
Execution time:  mean = 5.51ms, total = 106467.03ms
Event stats:
	CoreWorker.CheckSignal - 19317 total (1 active), Execution time: mean = 0.00ms, total = 57.63ms, Queueing time: mean = 5.53ms, max = 61878.53ms, min = -0.03ms, total = 106795.94ms
	CoreWorker.HandlePushTaskActor - 3 total (0 active), Execution time: mean = 28180.26ms, total = 84540.78ms, Queueing time: mean = 0.01ms, max = 0.02ms, min = 0.01ms, total = 0.04ms
	PeriodicalRunner.RunFnPeriodically - 1 total (0 active), Execution time: mean = 0.01ms, total = 0.01ms, Queueing time: mean = 0.00ms, max = 0.00ms, min = 0.00ms, total = 0.00ms
	CoreWorker.HandlePushTask - 1 total (0 active), Execution time: mean = 21868.61ms, total = 21868.61ms, Queueing time: mean = 0.01ms, max = 0.01ms, min = 0.01ms, total = 0.01ms

-----------------
Task Event stats:

IO Service Stats:

Global stats: 313 total (1 active)
Queueing time: mean = 0.03ms, max = 0.07ms, min = 0.01ms, total = 8.25ms
Execution time:  mean = 0.02ms, total = 6.57ms
Event stats:
	CoreWorker.deadline_timer.flush_task_events - 300 total (1 active), Execution time: mean = 0.01ms, total = 3.80ms, Queueing time: mean = 0.03ms, max = 0.07ms, min = 0.01ms, total = 8.15ms
	ray::rpc::TaskInfoGcsService.grpc_client.AddTaskEventData - 6 total (0 active), Execution time: mean = 0.43ms, total = 2.58ms, Queueing time: mean = 0.00ms, max = -0.00ms, min = 9223372036854.78ms, total = 0.00ms
	ray::rpc::TaskInfoGcsService.grpc_client.AddTaskEventData.OnReplyReceived - 6 total (0 active), Execution time: mean = 0.03ms, total = 0.17ms, Queueing time: mean = 0.02ms, max = 0.02ms, min = 0.01ms, total = 0.09ms
	PeriodicalRunner.RunFnPeriodically - 1 total (0 active), Execution time: mean = 0.02ms, total = 0.02ms, Queueing time: mean = 0.01ms, max = 0.01ms, min = 0.01ms, total = 0.01ms
Other Stats:
	gcs_grpc_in_progress:0
	event_aggregator_grpc_in_progress:0
	current number of task status events in buffer: 0
	current number of profile events in buffer: 0
	current number of dropped task attempts tracked: 0
	total task events sent: 0.00181198 MiB
	total number of task attempts sent: 8
	total number of task attempts dropped reported: 0
	total number of sent failure: 0
	num status task events dropped: 0
	num profile task events dropped: 0
	num ray task events reported to aggregator: 0
	num ray task events failed to report to aggregator: 0
	num of task attempts dropped reported to aggregator: 0
	num of failed requests to aggregator: 0

[2026-09-03 22:05:33,475 I 5323 5674] core_worker.cc:498: Event stats:


Global stats: 4875 total (11 active)
Queueing time: mean = 0.02ms, max = 0.51ms, min = 0.00ms, total = 92.71ms
Execution time:  mean = 21.83ms, total = 106437.31ms
Event stats:
	CoreWorker.RecoverObjects - 3600 total (1 active), Execution time: mean = 0.00ms, total = 8.10ms, Queueing time: mean = 0.02ms, max = 0.08ms, min = 0.00ms, total = 66.46ms
	CoreWorker.ExitIfParentRayletDies - 360 total (1 active), Execution time: mean = 0.01ms, total = 2.05ms, Queueing time: mean = 0.02ms, max = 0.07ms, min = 0.00ms, total = 6.92ms
	CoreWorker.ReportWorkerBacklog - 360 total (1 active), Execution time: mean = 0.00ms, total = 1.15ms, Queueing time: mean = 0.02ms, max = 0.50ms, min = 0.00ms, total = 7.67ms
	CoreWorker.InternalHeartbeat - 360 total (1 active), Execution time: mean = 0.00ms, total = 1.05ms, Queueing time: mean = 0.02ms, max = 0.51ms, min = 0.00ms, total = 7.74ms
	CoreWorker.RecordMetrics - 72 total (1 active), Execution time: mean = 0.05ms, total = 3.46ms, Queueing time: mean = 0.01ms, max = 0.03ms, min = 0.00ms, total = 0.80ms
	CoreWorker.TryDelPendingObjectRefStreams - 36 total (1 active), Execution time: mean = 0.00ms, total = 0.09ms, Queueing time: mean = 0.05ms, max = 0.37ms, min = 0.01ms, total = 1.68ms
	CoreWorkerService.grpc_server.GetCoreWorkerStats.HandleRequestImpl - 24 total (0 active), Execution time: mean = 0.06ms, total = 1.51ms, Queueing time: mean = 0.02ms, max = 0.04ms, min = 0.01ms, total = 0.60ms
	CoreWorkerService.grpc_server.GetCoreWorkerStats - 24 total (0 active), Execution time: mean = 0.27ms, total = 6.47ms, Queueing time: mean = 0.00ms, max = -0.00ms, min = 9223372036854.78ms, total = 0.00ms
	PeriodicalRunner.RunFnPeriodically - 8 total (0 active), Execution time: mean = 0.02ms, total = 0.13ms, Queueing time: mean = 0.07ms, max = 0.11ms, min = 0.00ms, total = 0.52ms
	CoreWorker.PrintEventStats - 6 total (1 active, 1 running), Execution time: mean = 0.27ms, total = 1.61ms, Queueing time: mean = 0.01ms, max = 0.02ms, min = 0.01ms, total = 0.08ms
	CoreWorkerService.grpc_server.PushTask - 5 total (1 active), Execution time: mean = 21282.09ms, total = 106410.43ms, Queueing time: mean = 0.00ms, max = -0.00ms, min = 9223372036854.78ms, total = 0.00ms
	CoreWorkerService.grpc_server.PushTask.HandleRequestImpl - 5 total (0 active), Execution time: mean = 0.09ms, total = 0.47ms, Queueing time: mean = 0.01ms, max = 0.02ms, min = 0.01ms, total = 0.07ms
	CoreWorkerService.grpc_server.PubsubCommandBatch.HandleRequestImpl - 3 total (0 active), Execution time: mean = 0.03ms, total = 0.10ms, Queueing time: mean = 0.01ms, max = 0.02ms, min = 0.01ms, total = 0.04ms
	CoreWorkerService.grpc_server.PubsubCommandBatch - 3 total (0 active), Execution time: mean = 0.11ms, total = 0.34ms, Queueing time: mean = 0.00ms, max = -0.00ms, min = 9223372036854.78ms, total = 0.00ms
	Publisher.CheckDeadSubscribers - 2 total (1 active), Execution time: mean = 0.00ms, total = 0.00ms, Queueing time: mean = 0.01ms, max = 0.02ms, min = 0.02ms, total = 0.02ms
	CoreWorkerService.grpc_server.PubsubLongPolling.HandleRequestImpl - 2 total (0 active), Execution time: mean = 0.01ms, total = 0.02ms, Queueing time: mean = 0.05ms, max = 0.05ms, min = 0.04ms, total = 0.09ms
	CoreWorkerService.grpc_server.PubsubLongPolling - 2 total (2 active), Execution time: mean = 0.00ms, total = 0.00ms, Queueing time: mean = 0.00ms, max = -0.00ms, min = 9223372036854.78ms, total = 0.00ms
	ray::rpc::WorkerInfoGcsService.grpc_client.AddWorkerInfo.OnReplyReceived - 1 total (0 active), Execution time: mean = 0.03ms, total = 0.03ms, Queueing time: mean = 0.01ms, max = 0.01ms, min = 0.01ms, total = 0.01ms
	ray::rpc::WorkerInfoGcsService.grpc_client.AddWorkerInfo - 1 total (0 active), Execution time: mean = 0.30ms, total = 0.30ms, Queueing time: mean = 0.00ms, max = -0.00ms, min = 9223372036854.78ms, total = 0.00ms
	Publisher.PublishFailure.WORKER_OBJECT_LOCATIONS_CHANNEL - 1 total (0 active), Execution time: mean = 0.01ms, total = 0.01ms, Queueing time: mean = 0.00ms, max = 0.00ms, min = 0.00ms, total = 0.00ms

-----------------
Task execution event stats:

Global stats: 21994 total (2 active)
Queueing time: mean = 4.86ms, max = 61878.53ms, min = -0.03ms, total = 106851.19ms
Execution time:  mean = 4.84ms, total = 106475.41ms
Event stats:
	CoreWorker.CheckSignal - 21988 total (1 active), Execution time: mean = 0.00ms, total = 66.01ms, Queueing time: mean = 4.86ms, max = 61878.53ms, min = -0.03ms, total = 106851.14ms
	CoreWorker.HandlePushTaskActor - 4 total (1 active, 1 running), Execution time: mean = 21135.20ms, total = 84540.78ms, Queueing time: mean = 0.01ms, max = 0.02ms, min = 0.01ms, total = 0.04ms
	PeriodicalRunner.RunFnPeriodically - 1 total (0 active), Execution time: mean = 0.01ms, total = 0.01ms, Queueing time: mean = 0.00ms, max = 0.00ms, min = 0.00ms, total = 0.00ms
	CoreWorker.HandlePushTask - 1 total (0 active), Execution time: mean = 21868.61ms, total = 21868.61ms, Queueing time: mean = 0.01ms, max = 0.01ms, min = 0.01ms, total = 0.01ms

-----------------
Task Event stats:

IO Service Stats:

Global stats: 375 total (1 active)
Queueing time: mean = 0.03ms, max = 0.07ms, min = 0.01ms, total = 9.90ms
Execution time:  mean = 0.02ms, total = 7.71ms
Event stats:
	CoreWorker.deadline_timer.flush_task_events - 360 total (1 active), Execution time: mean = 0.01ms, total = 4.59ms, Queueing time: mean = 0.03ms, max = 0.07ms, min = 0.01ms, total = 9.79ms
	ray::rpc::TaskInfoGcsService.grpc_client.AddTaskEventData - 7 total (0 active), Execution time: mean = 0.42ms, total = 2.92ms, Queueing time: mean = 0.00ms, max = -0.00ms, min = 9223372036854.78ms, total = 0.00ms
	ray::rpc::TaskInfoGcsService.grpc_client.AddTaskEventData.OnReplyReceived - 7 total (0 active), Execution time: mean = 0.03ms, total = 0.19ms, Queueing time: mean = 0.02ms, max = 0.02ms, min = 0.01ms, total = 0.11ms
	PeriodicalRunner.RunFnPeriodically - 1 total (0 active), Execution time: mean = 0.02ms, total = 0.02ms, Queueing time: mean = 0.01ms, max = 0.01ms, min = 0.01ms, total = 0.01ms
Other Stats:
	gcs_grpc_in_progress:0
	event_aggregator_grpc_in_progress:0
	current number of task status events in buffer: 0
	current number of profile events in buffer: 0
	current number of dropped task attempts tracked: 0
	total task events sent: 0.00198078 MiB
	total number of task attempts sent: 9
	total number of task attempts dropped reported: 0
	total number of sent failure: 0
	num status task events dropped: 0
	num profile task events dropped: 0
	num ray task events reported to aggregator: 0
	num ray task events failed to report to aggregator: 0
	num of task attempts dropped reported to aggregator: 0
	num of failed requests to aggregator: 0

[2026-09-03 22:06:33,475 I 5323 5674] core_worker.cc:498: Event stats:


Global stats: 5682 total (11 active)
Queueing time: mean = 0.02ms, max = 0.51ms, min = 0.00ms, total = 104.17ms
Execution time:  mean = 18.73ms, total = 106440.99ms
Event stats:
	CoreWorker.RecoverObjects - 4200 total (1 active), Execution time: mean = 0.00ms, total = 9.14ms, Queueing time: mean = 0.02ms, max = 0.08ms, min = 0.00ms, total = 74.51ms
	CoreWorker.ExitIfParentRayletDies - 420 total (1 active), Execution time: mean = 0.01ms, total = 2.42ms, Queueing time: mean = 0.02ms, max = 0.07ms, min = 0.00ms, total = 7.78ms
	CoreWorker.ReportWorkerBacklog - 420 total (1 active), Execution time: mean = 0.00ms, total = 1.35ms, Queueing time: mean = 0.02ms, max = 0.50ms, min = 0.00ms, total = 8.69ms
	CoreWorker.InternalHeartbeat - 420 total (1 active), Execution time: mean = 0.00ms, total = 1.23ms, Queueing time: mean = 0.02ms, max = 0.51ms, min = 0.00ms, total = 8.79ms
	CoreWorker.RecordMetrics - 84 total (1 active), Execution time: mean = 0.05ms, total = 4.06ms, Queueing time: mean = 0.01ms, max = 0.03ms, min = 0.00ms, total = 0.93ms
	CoreWorker.TryDelPendingObjectRefStreams - 42 total (1 active), Execution time: mean = 0.00ms, total = 0.10ms, Queueing time: mean = 0.05ms, max = 0.37ms, min = 0.00ms, total = 1.91ms
	CoreWorkerService.grpc_server.GetCoreWorkerStats.HandleRequestImpl - 28 total (0 active), Execution time: mean = 0.06ms, total = 1.70ms, Queueing time: mean = 0.03ms, max = 0.04ms, min = 0.01ms, total = 0.70ms
	CoreWorkerService.grpc_server.GetCoreWorkerStats - 28 total (0 active), Execution time: mean = 0.26ms, total = 7.32ms, Queueing time: mean = 0.00ms, max = -0.00ms, min = 9223372036854.78ms, total = 0.00ms
	PeriodicalRunner.RunFnPeriodically - 8 total (0 active), Execution time: mean = 0.02ms, total = 0.13ms, Queueing time: mean = 0.07ms, max = 0.11ms, min = 0.00ms, total = 0.52ms
	CoreWorker.PrintEventStats - 7 total (1 active, 1 running), Execution time: mean = 0.26ms, total = 1.85ms, Queueing time: mean = 0.01ms, max = 0.02ms, min = 0.01ms, total = 0.09ms
	CoreWorkerService.grpc_server.PushTask - 5 total (1 active), Execution time: mean = 21282.09ms, total = 106410.43ms, Queueing time: mean = 0.00ms, max = -0.00ms, min = 9223372036854.78ms, total = 0.00ms
	CoreWorkerService.grpc_server.PushTask.HandleRequestImpl - 5 total (0 active), Execution time: mean = 0.09ms, total = 0.47ms, Queueing time: mean = 0.01ms, max = 0.02ms, min = 0.01ms, total = 0.07ms
	CoreWorkerService.grpc_server.PubsubCommandBatch.HandleRequestImpl - 3 total (0 active), Execution time: mean = 0.03ms, total = 0.10ms, Queueing time: mean = 0.01ms, max = 0.02ms, min = 0.01ms, total = 0.04ms
	CoreWorkerService.grpc_server.PubsubCommandBatch - 3 total (0 active), Execution time: mean = 0.11ms, total = 0.34ms, Queueing time: mean = 0.00ms, max = -0.00ms, min = 9223372036854.78ms, total = 0.00ms
	Publisher.CheckDeadSubscribers - 2 total (1 active), Execution time: mean = 0.00ms, total = 0.00ms, Queueing time: mean = 0.01ms, max = 0.02ms, min = 0.02ms, total = 0.02ms
	CoreWorkerService.grpc_server.PubsubLongPolling.HandleRequestImpl - 2 total (0 active), Execution time: mean = 0.01ms, total = 0.02ms, Queueing time: mean = 0.05ms, max = 0.05ms, min = 0.04ms, total = 0.09ms
	CoreWorkerService.grpc_server.PubsubLongPolling - 2 total (2 active), Execution time: mean = 0.00ms, total = 0.00ms, Queueing time: mean = 0.00ms, max = -0.00ms, min = 9223372036854.78ms, total = 0.00ms
	ray::rpc::WorkerInfoGcsService.grpc_client.AddWorkerInfo.OnReplyReceived - 1 total (0 active), Execution time: mean = 0.03ms, total = 0.03ms, Queueing time: mean = 0.01ms, max = 0.01ms, min = 0.01ms, total = 0.01ms
	ray::rpc::WorkerInfoGcsService.grpc_client.AddWorkerInfo - 1 total (0 active), Execution time: mean = 0.30ms, total = 0.30ms, Queueing time: mean = 0.00ms, max = -0.00ms, min = 9223372036854.78ms, total = 0.00ms
	Publisher.PublishFailure.WORKER_OBJECT_LOCATIONS_CHANNEL - 1 total (0 active), Execution time: mean = 0.01ms, total = 0.01ms, Queueing time: mean = 0.00ms, max = 0.00ms, min = 0.00ms, total = 0.00ms

-----------------
Task execution event stats:

Global stats: 21994 total (2 active)
Queueing time: mean = 4.86ms, max = 61878.53ms, min = -0.03ms, total = 106851.19ms
Execution time:  mean = 4.84ms, total = 106475.41ms
Event stats:
	CoreWorker.CheckSignal - 21988 total (1 active), Execution time: mean = 0.00ms, total = 66.01ms, Queueing time: mean = 4.86ms, max = 61878.53ms, min = -0.03ms, total = 106851.14ms
	CoreWorker.HandlePushTaskActor - 4 total (1 active, 1 running), Execution time: mean = 21135.20ms, total = 84540.78ms, Queueing time: mean = 0.01ms, max = 0.02ms, min = 0.01ms, total = 0.04ms
	PeriodicalRunner.RunFnPeriodically - 1 total (0 active), Execution time: mean = 0.01ms, total = 0.01ms, Queueing time: mean = 0.00ms, max = 0.00ms, min = 0.00ms, total = 0.00ms
	CoreWorker.HandlePushTask - 1 total (0 active), Execution time: mean = 21868.61ms, total = 21868.61ms, Queueing time: mean = 0.01ms, max = 0.01ms, min = 0.01ms, total = 0.01ms

-----------------
Task Event stats:

IO Service Stats:

Global stats: 435 total (1 active)
Queueing time: mean = 0.03ms, max = 0.07ms, min = 0.01ms, total = 11.33ms
Execution time:  mean = 0.02ms, total = 8.32ms
Event stats:
	CoreWorker.deadline_timer.flush_task_events - 420 total (1 active), Execution time: mean = 0.01ms, total = 5.20ms, Queueing time: mean = 0.03ms, max = 0.07ms, min = 0.01ms, total = 11.22ms
	ray::rpc::TaskInfoGcsService.grpc_client.AddTaskEventData - 7 total (0 active), Execution time: mean = 0.42ms, total = 2.92ms, Queueing time: mean = 0.00ms, max = -0.00ms, min = 9223372036854.78ms, total = 0.00ms
	ray::rpc::TaskInfoGcsService.grpc_client.AddTaskEventData.OnReplyReceived - 7 total (0 active), Execution time: mean = 0.03ms, total = 0.19ms, Queueing time: mean = 0.02ms, max = 0.02ms, min = 0.01ms, total = 0.11ms
	PeriodicalRunner.RunFnPeriodically - 1 total (0 active), Execution time: mean = 0.02ms, total = 0.02ms, Queueing time: mean = 0.01ms, max = 0.01ms, min = 0.01ms, total = 0.01ms
Other Stats:
	gcs_grpc_in_progress:0
	event_aggregator_grpc_in_progress:0
	current number of task status events in buffer: 0
	current number of profile events in buffer: 0
	current number of dropped task attempts tracked: 0
	total task events sent: 0.00198078 MiB
	total number of task attempts sent: 9
	total number of task attempts dropped reported: 0
	total number of sent failure: 0
	num status task events dropped: 0
	num profile task events dropped: 0
	num ray task events reported to aggregator: 0
	num ray task events failed to report to aggregator: 0
	num of task attempts dropped reported to aggregator: 0
	num of failed requests to aggregator: 0

[2026-09-03 22:07:10,979 I 5323 5323] actor_task_submitter.cc:75: Set actor max pending calls to -1 actor_id=25c7066656ef37f101908f5d01000000
[2026-09-03 22:07:10,979 I 5323 5323] actor_task_submitter.cc:75: Set actor max pending calls to -1 actor_id=ed804803bd01dc0de9765f8001000000
[2026-09-03 22:07:33,476 I 5323 5674] core_worker.cc:498: Event stats:


Global stats: 6509 total (10 active)
Queueing time: mean = 0.02ms, max = 0.51ms, min = 0.00ms, total = 117.70ms
Execution time:  mean = 36.89ms, total = 240144.47ms
Event stats:
	CoreWorker.RecoverObjects - 4800 total (1 active), Execution time: mean = 0.00ms, total = 10.47ms, Queueing time: mean = 0.02ms, max = 0.08ms, min = 0.00ms, total = 83.96ms
	CoreWorker.ExitIfParentRayletDies - 480 total (1 active), Execution time: mean = 0.01ms, total = 2.74ms, Queueing time: mean = 0.02ms, max = 0.07ms, min = 0.00ms, total = 8.68ms
	CoreWorker.ReportWorkerBacklog - 480 total (1 active), Execution time: mean = 0.00ms, total = 1.52ms, Queueing time: mean = 0.02ms, max = 0.50ms, min = 0.00ms, total = 9.74ms
	CoreWorker.InternalHeartbeat - 480 total (1 active), Execution time: mean = 0.00ms, total = 1.39ms, Queueing time: mean = 0.02ms, max = 0.51ms, min = 0.00ms, total = 9.84ms
	CoreWorker.RecordMetrics - 96 total (1 active), Execution time: mean = 0.05ms, total = 4.64ms, Queueing time: mean = 0.01ms, max = 0.03ms, min = 0.00ms, total = 1.07ms
	CoreWorker.TryDelPendingObjectRefStreams - 48 total (1 active), Execution time: mean = 0.00ms, total = 0.11ms, Queueing time: mean = 0.04ms, max = 0.37ms, min = 0.00ms, total = 2.14ms
	CoreWorkerService.grpc_server.GetCoreWorkerStats.HandleRequestImpl - 32 total (0 active), Execution time: mean = 0.06ms, total = 1.91ms, Queueing time: mean = 0.03ms, max = 0.04ms, min = 0.01ms, total = 0.81ms
	CoreWorkerService.grpc_server.GetCoreWorkerStats - 32 total (0 active), Execution time: mean = 0.26ms, total = 8.23ms, Queueing time: mean = 0.00ms, max = -0.00ms, min = 9223372036854.78ms, total = 0.00ms
	Publisher.PublishFailure.WORKER_OBJECT_LOCATIONS_CHANNEL - 17 total (0 active), Execution time: mean = 0.00ms, total = 0.03ms, Queueing time: mean = 0.03ms, max = 0.04ms, min = 0.00ms, total = 0.56ms
	PeriodicalRunner.RunFnPeriodically - 8 total (0 active), Execution time: mean = 0.02ms, total = 0.13ms, Queueing time: mean = 0.07ms, max = 0.11ms, min = 0.00ms, total = 0.52ms
	CoreWorker.PrintEventStats - 8 total (1 active, 1 running), Execution time: mean = 0.26ms, total = 2.09ms, Queueing time: mean = 0.01ms, max = 0.02ms, min = 0.01ms, total = 0.10ms
	CoreWorkerService.grpc_server.PushTask - 7 total (0 active), Execution time: mean = 34301.40ms, total = 240109.82ms, Queueing time: mean = 0.00ms, max = -0.00ms, min = 9223372036854.78ms, total = 0.00ms
	CoreWorkerService.grpc_server.PushTask.HandleRequestImpl - 7 total (0 active), Execution time: mean = 0.08ms, total = 0.59ms, Queueing time: mean = 0.02ms, max = 0.02ms, min = 0.01ms, total = 0.11ms
	CoreWorkerService.grpc_server.PubsubCommandBatch.HandleRequestImpl - 3 total (0 active), Execution time: mean = 0.03ms, total = 0.10ms, Queueing time: mean = 0.01ms, max = 0.02ms, min = 0.01ms, total = 0.04ms
	CoreWorkerService.grpc_server.PubsubCommandBatch - 3 total (0 active), Execution time: mean = 0.11ms, total = 0.34ms, Queueing time: mean = 0.00ms, max = -0.00ms, min = 9223372036854.78ms, total = 0.00ms
	Publisher.CheckDeadSubscribers - 2 total (1 active), Execution time: mean = 0.00ms, total = 0.00ms, Queueing time: mean = 0.01ms, max = 0.02ms, min = 0.02ms, total = 0.02ms
	CoreWorkerService.grpc_server.PubsubLongPolling.HandleRequestImpl - 2 total (0 active), Execution time: mean = 0.01ms, total = 0.02ms, Queueing time: mean = 0.05ms, max = 0.05ms, min = 0.04ms, total = 0.09ms
	CoreWorkerService.grpc_server.PubsubLongPolling - 2 total (2 active), Execution time: mean = 0.00ms, total = 0.00ms, Queueing time: mean = 0.00ms, max = -0.00ms, min = 9223372036854.78ms, total = 0.00ms
	ray::rpc::WorkerInfoGcsService.grpc_client.AddWorkerInfo.OnReplyReceived - 1 total (0 active), Execution time: mean = 0.03ms, total = 0.03ms, Queueing time: mean = 0.01ms, max = 0.01ms, min = 0.01ms, total = 0.01ms
	ray::rpc::WorkerInfoGcsService.grpc_client.AddWorkerInfo - 1 total (0 active), Execution time: mean = 0.30ms, total = 0.30ms, Queueing time: mean = 0.00ms, max = -0.00ms, min = 9223372036854.78ms, total = 0.00ms

-----------------
Task execution event stats:

Global stats: 23946 total (1 active)
Queueing time: mean = 10.05ms, max = 129258.75ms, min = -0.03ms, total = 240577.96ms
Execution time:  mean = 10.03ms, total = 240179.78ms
Event stats:
	CoreWorker.CheckSignal - 23938 total (1 active), Execution time: mean = 0.00ms, total = 71.72ms, Queueing time: mean = 10.05ms, max = 129258.75ms, min = -0.03ms, total = 240577.88ms
	CoreWorker.HandlePushTaskActor - 6 total (0 active), Execution time: mean = 36373.24ms, total = 218239.44ms, Queueing time: mean = 0.01ms, max = 0.02ms, min = 0.01ms, total = 0.08ms
	PeriodicalRunner.RunFnPeriodically - 1 total (0 active), Execution time: mean = 0.01ms, total = 0.01ms, Queueing time: mean = 0.00ms, max = 0.00ms, min = 0.00ms, total = 0.00ms
	CoreWorker.HandlePushTask - 1 total (0 active), Execution time: mean = 21868.61ms, total = 21868.61ms, Queueing time: mean = 0.01ms, max = 0.01ms, min = 0.01ms, total = 0.01ms

-----------------
Task Event stats:

IO Service Stats:

Global stats: 501 total (1 active)
Queueing time: mean = 0.03ms, max = 0.07ms, min = 0.01ms, total = 12.94ms
Execution time:  mean = 0.02ms, total = 10.54ms
Event stats:
	CoreWorker.deadline_timer.flush_task_events - 480 total (1 active), Execution time: mean = 0.01ms, total = 6.18ms, Queueing time: mean = 0.03ms, max = 0.07ms, min = 0.01ms, total = 12.81ms
	ray::rpc::TaskInfoGcsService.grpc_client.AddTaskEventData - 10 total (0 active), Execution time: mean = 0.41ms, total = 4.09ms, Queueing time: mean = 0.00ms, max = -0.00ms, min = 9223372036854.78ms, total = 0.00ms
	ray::rpc::TaskInfoGcsService.grpc_client.AddTaskEventData.OnReplyReceived - 10 total (0 active), Execution time: mean = 0.02ms, total = 0.25ms, Queueing time: mean = 0.01ms, max = 0.02ms, min = 0.01ms, total = 0.13ms
	PeriodicalRunner.RunFnPeriodically - 1 total (0 active), Execution time: mean = 0.02ms, total = 0.02ms, Queueing time: mean = 0.01ms, max = 0.01ms, min = 0.01ms, total = 0.01ms
Other Stats:
	gcs_grpc_in_progress:0
	event_aggregator_grpc_in_progress:0
	current number of task status events in buffer: 0
	current number of profile events in buffer: 0
	current number of dropped task attempts tracked: 0
	total task events sent: 0.00325584 MiB
	total number of task attempts sent: 14
	total number of task attempts dropped reported: 0
	total number of sent failure: 0
	num status task events dropped: 0
	num profile task events dropped: 0
	num ray task events reported to aggregator: 0
	num ray task events failed to report to aggregator: 0
	num of task attempts dropped reported to aggregator: 0
	num of failed requests to aggregator: 0

[2026-09-03 22:08:33,476 I 5323 5674] core_worker.cc:498: Event stats:


Global stats: 7316 total (10 active)
Queueing time: mean = 0.02ms, max = 0.51ms, min = 0.00ms, total = 134.33ms
Execution time:  mean = 32.83ms, total = 240149.03ms
Event stats:
	CoreWorker.RecoverObjects - 5400 total (1 active), Execution time: mean = 0.00ms, total = 12.00ms, Queueing time: mean = 0.02ms, max = 0.08ms, min = 0.00ms, total = 95.85ms
	CoreWorker.ExitIfParentRayletDies - 540 total (1 active), Execution time: mean = 0.01ms, total = 3.04ms, Queueing time: mean = 0.02ms, max = 0.07ms, min = 0.00ms, total = 9.87ms
	CoreWorker.ReportWorkerBacklog - 540 total (1 active), Execution time: mean = 0.00ms, total = 1.70ms, Queueing time: mean = 0.02ms, max = 0.50ms, min = 0.00ms, total = 11.05ms
	CoreWorker.InternalHeartbeat - 540 total (1 active), Execution time: mean = 0.00ms, total = 1.55ms, Queueing time: mean = 0.02ms, max = 0.51ms, min = 0.00ms, total = 11.16ms
	CoreWorker.RecordMetrics - 108 total (1 active), Execution time: mean = 0.05ms, total = 5.16ms, Queueing time: mean = 0.01ms, max = 0.04ms, min = 0.00ms, total = 1.28ms
	CoreWorker.TryDelPendingObjectRefStreams - 54 total (1 active), Execution time: mean = 0.00ms, total = 0.13ms, Queueing time: mean = 0.05ms, max = 0.47ms, min = 0.00ms, total = 2.73ms
	CoreWorkerService.grpc_server.GetCoreWorkerStats.HandleRequestImpl - 36 total (0 active), Execution time: mean = 0.06ms, total = 2.12ms, Queueing time: mean = 0.03ms, max = 0.04ms, min = 0.01ms, total = 0.92ms
	CoreWorkerService.grpc_server.GetCoreWorkerStats - 36 total (0 active), Execution time: mean = 0.26ms, total = 9.37ms, Queueing time: mean = 0.00ms, max = -0.00ms, min = 9223372036854.78ms, total = 0.00ms
	Publisher.PublishFailure.WORKER_OBJECT_LOCATIONS_CHANNEL - 17 total (0 active), Execution time: mean = 0.00ms, total = 0.03ms, Queueing time: mean = 0.03ms, max = 0.04ms, min = 0.00ms, total = 0.56ms
	CoreWorker.PrintEventStats - 9 total (1 active, 1 running), Execution time: mean = 0.29ms, total = 2.59ms, Queueing time: mean = 0.01ms, max = 0.04ms, min = 0.01ms, total = 0.13ms
	PeriodicalRunner.RunFnPeriodically - 8 total (0 active), Execution time: mean = 0.02ms, total = 0.13ms, Queueing time: mean = 0.07ms, max = 0.11ms, min = 0.00ms, total = 0.52ms
	CoreWorkerService.grpc_server.PushTask - 7 total (0 active), Execution time: mean = 34301.40ms, total = 240109.82ms, Queueing time: mean = 0.00ms, max = -0.00ms, min = 9223372036854.78ms, total = 0.00ms
	CoreWorkerService.grpc_server.PushTask.HandleRequestImpl - 7 total (0 active), Execution time: mean = 0.08ms, total = 0.59ms, Queueing time: mean = 0.02ms, max = 0.02ms, min = 0.01ms, total = 0.11ms
	CoreWorkerService.grpc_server.PubsubCommandBatch.HandleRequestImpl - 3 total (0 active), Execution time: mean = 0.03ms, total = 0.10ms, Queueing time: mean = 0.01ms, max = 0.02ms, min = 0.01ms, total = 0.04ms
	CoreWorkerService.grpc_server.PubsubCommandBatch - 3 total (0 active), Execution time: mean = 0.11ms, total = 0.34ms, Queueing time: mean = 0.00ms, max = -0.00ms, min = 9223372036854.78ms, total = 0.00ms
	Publisher.CheckDeadSubscribers - 2 total (1 active), Execution time: mean = 0.00ms, total = 0.00ms, Queueing time: mean = 0.01ms, max = 0.02ms, min = 0.02ms, total = 0.02ms
	CoreWorkerService.grpc_server.PubsubLongPolling.HandleRequestImpl - 2 total (0 active), Execution time: mean = 0.01ms, total = 0.02ms, Queueing time: mean = 0.05ms, max = 0.05ms, min = 0.04ms, total = 0.09ms
	CoreWorkerService.grpc_server.PubsubLongPolling - 2 total (2 active), Execution time: mean = 0.00ms, total = 0.00ms, Queueing time: mean = 0.00ms, max = -0.00ms, min = 9223372036854.78ms, total = 0.00ms
	ray::rpc::WorkerInfoGcsService.grpc_client.AddWorkerInfo.OnReplyReceived - 1 total (0 active), Execution time: mean = 0.03ms, total = 0.03ms, Queueing time: mean = 0.01ms, max = 0.01ms, min = 0.01ms, total = 0.01ms
	ray::rpc::WorkerInfoGcsService.grpc_client.AddWorkerInfo - 1 total (0 active), Execution time: mean = 0.30ms, total = 0.30ms, Queueing time: mean = 0.00ms, max = -0.00ms, min = 9223372036854.78ms, total = 0.00ms

-----------------
Task execution event stats:

Global stats: 29933 total (1 active)
Queueing time: mean = 8.04ms, max = 129258.75ms, min = -0.03ms, total = 240701.91ms
Execution time:  mean = 8.02ms, total = 240198.74ms
Event stats:
	CoreWorker.CheckSignal - 29925 total (1 active), Execution time: mean = 0.00ms, total = 90.68ms, Queueing time: mean = 8.04ms, max = 129258.75ms, min = -0.03ms, total = 240701.82ms
	CoreWorker.HandlePushTaskActor - 6 total (0 active), Execution time: mean = 36373.24ms, total = 218239.44ms, Queueing time: mean = 0.01ms, max = 0.02ms, min = 0.01ms, total = 0.08ms
	PeriodicalRunner.RunFnPeriodically - 1 total (0 active), Execution time: mean = 0.01ms, total = 0.01ms, Queueing time: mean = 0.00ms, max = 0.00ms, min = 0.00ms, total = 0.00ms
	CoreWorker.HandlePushTask - 1 total (0 active), Execution time: mean = 21868.61ms, total = 21868.61ms, Queueing time: mean = 0.01ms, max = 0.01ms, min = 0.01ms, total = 0.01ms

-----------------
Task Event stats:

IO Service Stats:

Global stats: 561 total (1 active)
Queueing time: mean = 0.03ms, max = 0.07ms, min = 0.01ms, total = 14.71ms
Execution time:  mean = 0.02ms, total = 11.12ms
Event stats:
	CoreWorker.deadline_timer.flush_task_events - 540 total (1 active), Execution time: mean = 0.01ms, total = 6.77ms, Queueing time: mean = 0.03ms, max = 0.07ms, min = 0.01ms, total = 14.57ms
	ray::rpc::TaskInfoGcsService.grpc_client.AddTaskEventData - 10 total (0 active), Execution time: mean = 0.41ms, total = 4.09ms, Queueing time: mean = 0.00ms, max = -0.00ms, min = 9223372036854.78ms, total = 0.00ms
	ray::rpc::TaskInfoGcsService.grpc_client.AddTaskEventData.OnReplyReceived - 10 total (0 active), Execution time: mean = 0.02ms, total = 0.25ms, Queueing time: mean = 0.01ms, max = 0.02ms, min = 0.01ms, total = 0.13ms
	PeriodicalRunner.RunFnPeriodically - 1 total (0 active), Execution time: mean = 0.02ms, total = 0.02ms, Queueing time: mean = 0.01ms, max = 0.01ms, min = 0.01ms, total = 0.01ms
Other Stats:
	gcs_grpc_in_progress:0
	event_aggregator_grpc_in_progress:0
	current number of task status events in buffer: 0
	current number of profile events in buffer: 0
	current number of dropped task attempts tracked: 0
	total task events sent: 0.00325584 MiB
	total number of task attempts sent: 14
	total number of task attempts dropped reported: 0
	total number of sent failure: 0
	num status task events dropped: 0
	num profile task events dropped: 0
	num ray task events reported to aggregator: 0
	num ray task events failed to report to aggregator: 0
	num of task attempts dropped reported to aggregator: 0
	num of failed requests to aggregator: 0

[2026-09-03 22:09:33,477 I 5323 5674] core_worker.cc:498: Event stats:


Global stats: 8129 total (11 active)
Queueing time: mean = 0.02ms, max = 0.51ms, min = 0.00ms, total = 151.07ms
Execution time:  mean = 144.27ms, total = 1172764.95ms
Event stats:
	CoreWorker.RecoverObjects - 5999 total (1 active), Execution time: mean = 0.00ms, total = 13.34ms, Queueing time: mean = 0.02ms, max = 0.08ms, min = 0.00ms, total = 107.93ms
	CoreWorker.ExitIfParentRayletDies - 600 total (1 active), Execution time: mean = 0.01ms, total = 3.34ms, Queueing time: mean = 0.02ms, max = 0.07ms, min = 0.00ms, total = 11.06ms
	CoreWorker.ReportWorkerBacklog - 600 total (1 active), Execution time: mean = 0.00ms, total = 1.90ms, Queueing time: mean = 0.02ms, max = 0.50ms, min = 0.00ms, total = 12.33ms
	CoreWorker.InternalHeartbeat - 600 total (1 active), Execution time: mean = 0.00ms, total = 1.70ms, Queueing time: mean = 0.02ms, max = 0.51ms, min = 0.00ms, total = 12.48ms
	CoreWorker.RecordMetrics - 120 total (1 active), Execution time: mean = 0.05ms, total = 5.72ms, Queueing time: mean = 0.01ms, max = 0.04ms, min = 0.00ms, total = 1.47ms
	CoreWorker.TryDelPendingObjectRefStreams - 60 total (1 active), Execution time: mean = 0.00ms, total = 0.15ms, Queueing time: mean = 0.05ms, max = 0.47ms, min = 0.00ms, total = 3.16ms
	CoreWorkerService.grpc_server.GetCoreWorkerStats.HandleRequestImpl - 40 total (0 active), Execution time: mean = 0.06ms, total = 2.37ms, Queueing time: mean = 0.03ms, max = 0.04ms, min = 0.01ms, total = 1.06ms
	CoreWorkerService.grpc_server.GetCoreWorkerStats - 40 total (0 active), Execution time: mean = 0.26ms, total = 10.59ms, Queueing time: mean = 0.00ms, max = -0.00ms, min = 9223372036854.78ms, total = 0.00ms
	Publisher.PublishFailure.WORKER_OBJECT_LOCATIONS_CHANNEL - 17 total (0 active), Execution time: mean = 0.00ms, total = 0.03ms, Queueing time: mean = 0.03ms, max = 0.04ms, min = 0.00ms, total = 0.56ms
	CoreWorker.PrintEventStats - 10 total (1 active, 1 running), Execution time: mean = 0.31ms, total = 3.07ms, Queueing time: mean = 0.01ms, max = 0.04ms, min = 0.01ms, total = 0.14ms
	CoreWorkerService.grpc_server.PushTask - 8 total (1 active), Execution time: mean = 30013.73ms, total = 240109.82ms, Queueing time: mean = 0.00ms, max = -0.00ms, min = 9223372036854.78ms, total = 0.00ms
	PeriodicalRunner.RunFnPeriodically - 8 total (0 active), Execution time: mean = 0.02ms, total = 0.13ms, Queueing time: mean = 0.07ms, max = 0.11ms, min = 0.00ms, total = 0.52ms
	CoreWorkerService.grpc_server.PushTask.HandleRequestImpl - 8 total (0 active), Execution time: mean = 0.09ms, total = 0.74ms, Queueing time: mean = 0.02ms, max = 0.02ms, min = 0.01ms, total = 0.14ms
	CoreWorkerService.grpc_server.PubsubLongPolling.HandleRequestImpl - 4 total (0 active), Execution time: mean = 0.01ms, total = 0.05ms, Queueing time: mean = 0.03ms, max = 0.05ms, min = 0.01ms, total = 0.12ms
	CoreWorkerService.grpc_server.PubsubLongPolling - 4 total (2 active), Execution time: mean = 233152.79ms, total = 932611.17ms, Queueing time: mean = 0.00ms, max = -0.00ms, min = 9223372036854.78ms, total = 0.00ms
	Publisher.CheckDeadSubscribers - 3 total (1 active), Execution time: mean = 0.01ms, total = 0.04ms, Queueing time: mean = 0.01ms, max = 0.02ms, min = 0.02ms, total = 0.04ms
	CoreWorkerService.grpc_server.PubsubCommandBatch.HandleRequestImpl - 3 total (0 active), Execution time: mean = 0.03ms, total = 0.10ms, Queueing time: mean = 0.01ms, max = 0.02ms, min = 0.01ms, total = 0.04ms
	CoreWorkerService.grpc_server.PubsubCommandBatch - 3 total (0 active), Execution time: mean = 0.11ms, total = 0.34ms, Queueing time: mean = 0.00ms, max = -0.00ms, min = 9223372036854.78ms, total = 0.00ms
	ray::rpc::WorkerInfoGcsService.grpc_client.AddWorkerInfo.OnReplyReceived - 1 total (0 active), Execution time: mean = 0.03ms, total = 0.03ms, Queueing time: mean = 0.01ms, max = 0.01ms, min = 0.01ms, total = 0.01ms
	ray::rpc::WorkerInfoGcsService.grpc_client.AddWorkerInfo - 1 total (0 active), Execution time: mean = 0.30ms, total = 0.30ms, Queueing time: mean = 0.00ms, max = -0.00ms, min = 9223372036854.78ms, total = 0.00ms

-----------------
Task execution event stats:

Global stats: 34350 total (2 active)
Queueing time: mean = 7.01ms, max = 129258.75ms, min = -0.03ms, total = 240800.67ms
Execution time:  mean = 6.99ms, total = 240212.81ms
Event stats:
	CoreWorker.CheckSignal - 34341 total (1 active), Execution time: mean = 0.00ms, total = 104.75ms, Queueing time: mean = 7.01ms, max = 129258.75ms, min = -0.03ms, total = 240800.59ms
	CoreWorker.HandlePushTaskActor - 7 total (1 active, 1 running), Execution time: mean = 31177.06ms, total = 218239.44ms, Queueing time: mean = 0.01ms, max = 0.02ms, min = 0.01ms, total = 0.08ms
	PeriodicalRunner.RunFnPeriodically - 1 total (0 active), Execution time: mean = 0.01ms, total = 0.01ms, Queueing time: mean = 0.00ms, max = 0.00ms, min = 0.00ms, total = 0.00ms
	CoreWorker.HandlePushTask - 1 total (0 active), Execution time: mean = 21868.61ms, total = 21868.61ms, Queueing time: mean = 0.01ms, max = 0.01ms, min = 0.01ms, total = 0.01ms

-----------------
Task Event stats:

IO Service Stats:

Global stats: 623 total (1 active)
Queueing time: mean = 0.03ms, max = 0.07ms, min = 0.01ms, total = 16.23ms
Execution time:  mean = 0.02ms, total = 12.14ms
Event stats:
	CoreWorker.deadline_timer.flush_task_events - 600 total (1 active), Execution time: mean = 0.01ms, total = 7.45ms, Queueing time: mean = 0.03ms, max = 0.07ms, min = 0.01ms, total = 16.08ms
	ray::rpc::TaskInfoGcsService.grpc_client.AddTaskEventData - 11 total (0 active), Execution time: mean = 0.40ms, total = 4.41ms, Queueing time: mean = 0.00ms, max = -0.00ms, min = 9223372036854.78ms, total = 0.00ms
	ray::rpc::TaskInfoGcsService.grpc_client.AddTaskEventData.OnReplyReceived - 11 total (0 active), Execution time: mean = 0.02ms, total = 0.26ms, Queueing time: mean = 0.01ms, max = 0.02ms, min = 0.01ms, total = 0.14ms
	PeriodicalRunner.RunFnPeriodically - 1 total (0 active), Execution time: mean = 0.02ms, total = 0.02ms, Queueing time: mean = 0.01ms, max = 0.01ms, min = 0.01ms, total = 0.01ms
Other Stats:
	gcs_grpc_in_progress:0
	event_aggregator_grpc_in_progress:0
	current number of task status events in buffer: 0
	current number of profile events in buffer: 0
	current number of dropped task attempts tracked: 0
	total task events sent: 0.00342464 MiB
	total number of task attempts sent: 15
	total number of task attempts dropped reported: 0
	total number of sent failure: 0
	num status task events dropped: 0
	num profile task events dropped: 0
	num ray task events reported to aggregator: 0
	num ray task events failed to report to aggregator: 0
	num of task attempts dropped reported to aggregator: 0
	num of failed requests to aggregator: 0

[2026-09-03 22:09:56,054 I 5323 5323] actor_task_submitter.cc:75: Set actor max pending calls to -1 actor_id=25c7066656ef37f101908f5d01000000
[2026-09-03 22:09:56,055 I 5323 5323] actor_task_submitter.cc:75: Set actor max pending calls to -1 actor_id=ed804803bd01dc0de9765f8001000000
[2026-09-03 22:10:00,293 I 5323 5674] core_worker_shutdown_executor.cc:141: Executing worker exit: INTENDED_SYSTEM_EXIT - Worker exits because the actor is killed. The actor is dead because all references to the actor were removed. (timeout: -1ms)
[2026-09-03 22:10:00,293 I 5323 5323] core_worker_shutdown_executor.cc:217: Wait for currently executing tasks in the underlying thread pools to finish.
[2026-09-03 22:10:00,293 I 5323 5323] core_worker_shutdown_executor.cc:255: Not draining reference counter since this is an actor worker.
[2026-09-03 22:10:00,301 I 5323 5323] core_worker_shutdown_executor.cc:303: Try killing all child processes of this worker as it exits. Child process pids: 9830,17449,17454
[2026-09-03 22:10:00,301 I 5323 5323] core_worker_shutdown_executor.cc:312: Kill result for child pid 9830: Success, bool 0
[2026-09-03 22:10:00,301 I 5323 5323] core_worker_shutdown_executor.cc:312: Kill result for child pid 17449: Success, bool 0
[2026-09-03 22:10:00,301 I 5323 5323] core_worker_shutdown_executor.cc:312: Kill result for child pid 17454: Success, bool 0
[2026-09-03 22:10:00,305 I 5323 5323] core_worker_shutdown_executor.cc:368: Sending disconnect message to the local raylet.
[2026-09-03 22:10:00,305 I 5323 5323] raylet_ipc_client.cc:133: RayletIpcClient::Disconnect, exit_type=INTENDED_SYSTEM_EXIT, exit_detail=Worker exits because the actor is killed. The actor is dead because all references to the actor were removed., has creation_task_exception_pb_bytes=0
[2026-09-03 22:10:00,306 I 5323 5323] core_worker_shutdown_executor.cc:384: Disconnected from the local raylet.
[2026-09-03 22:10:00,306 I 5323 5323] task_event_buffer.cc:548: Shutting down TaskEventBuffer.
[2026-09-03 22:10:00,306 I 5323 5733] task_event_buffer.cc:507: Task event buffer io service stopped.
[2026-09-03 22:10:00,307 I 5323 5323] ray_event_recorder_base.cc:69: Stopping RayEventRecorder and flushing remaining events.
[2026-09-03 22:10:00,307 I 5323 5323] core_worker_shutdown_executor.cc:92: Waiting for joining a core worker io thread. If it hangs here, there might be deadlock or a high load in the core worker io service.
[2026-09-03 22:10:00,307 I 5323 5674] core_worker_process.cc:199: Core worker main io service stopped.
[2026-09-03 22:10:00,307 I 5323 5323] core_worker_shutdown_executor.cc:109: Waiting for joining the object-freed callback thread.
[2026-09-03 22:10:00,308 I 5323 5675] core_worker_process.cc:219: Object-freed callback service stopped.
[2026-09-03 22:10:00,310 I 5323 5323] core_worker_shutdown_executor.cc:118: Disconnecting a GCS client.
[2026-09-03 22:10:00,310 I 5323 5323] core_worker_shutdown_executor.cc:125: Core worker ready to be deallocated.
[2026-09-03 22:10:00,310 I 5323 5323] core_worker_process.cc:1054: Task execution loop terminated. Waiting for shutdown to complete...
[2026-09-03 22:10:00,310 I 5323 5323] core_worker_shutdown_executor.cc:43: Shutdown completed successfully
[2026-09-03 22:10:00,310 I 5323 5323] core_worker_process.cc:1056: Shutdown complete. Removing the global worker.
[2026-09-03 22:10:00,310 I 5323 5323] core_worker_shutdown_executor.cc:43: Shutdown completed successfully
[2026-09-03 22:10:00,310 I 5323 5323] core_worker.cc:584: Core worker is destructed
[2026-09-03 22:10:06,905 I 5323 5323] core_worker_process.cc:950: Destructing CoreWorkerProcessImpl. pid: 5323
[2026-09-03 22:10:06,905 I 5323 5323] stats.h:176: Stats module has shutdown.
