[2026-09-03 21:59:04,277 I 1427 1427] core_worker_process.cc:868: Constructing CoreWorkerProcess. pid: 1427
[2026-09-03 21:59:04,278 I 1427 1427] event.cc:499: Ray Event initialized for CORE_WORKER
[2026-09-03 21:59:04,278 I 1427 1427] event.cc:499: Ray Event initialized for EXPORT_TASK
[2026-09-03 21:59:04,278 I 1427 1427] event.cc:332: Set ray event level to warning
[2026-09-03 21:59:04,280 I 1427 1427] grpc_server.cc:144: worker server started, listening on port 20044.
[2026-09-03 21:59:04,280 I 1427 1427] core_worker_process.cc:299: Initializing worker at address: 10.244.18.139:20044 worker_id=b75fcdda27d96b26cf495ebf1f7b7e504eb7e3793942154e35d61d8d node_id=b668a6c13d1b7186690b035979a815ca1ce93506fd27e5e4ac7a3f5d
[2026-09-03 21:59:04,281 I 1427 1427] task_event_buffer.cc:535: Reporting task events to GCS every 1000ms.
[2026-09-03 21:59:04,281 I 1427 1427] core_worker.cc:568: Adjusted worker niceness to 15
[2026-09-03 21:59:04,281 I 1427 3825] core_worker.cc:498: Event stats:


Global stats: 11 total (9 active)
Queueing time: mean = 0.00ms, max = 0.00ms, min = 0.00ms, total = 0.01ms
Execution time:  mean = 0.00ms, total = 0.01ms
Event stats:
	PeriodicalRunner.RunFnPeriodically - 8 total (6 active, 1 running), Execution time: mean = 0.00ms, total = 0.01ms, Queueing time: mean = 0.00ms, max = 0.00ms, min = 0.00ms, total = 0.01ms
	Publisher.CheckDeadSubscribers - 1 total (1 active), Execution time: mean = 0.00ms, total = 0.00ms, Queueing time: mean = 0.00ms, max = -0.00ms, min = 9223372036854.78ms, total = 0.00ms
	CoreWorker.ExitIfParentRayletDies - 1 total (1 active), Execution time: mean = 0.00ms, total = 0.00ms, Queueing time: mean = 0.00ms, max = -0.00ms, min = 9223372036854.78ms, total = 0.00ms
	ray::rpc::WorkerInfoGcsService.grpc_client.AddWorkerInfo - 1 total (1 active), Execution time: mean = 0.00ms, total = 0.00ms, Queueing time: mean = 0.00ms, max = -0.00ms, min = 9223372036854.78ms, total = 0.00ms

-----------------
Task execution event stats:

Global stats: 0 total (0 active)
Queueing time: mean = -nanms, max = -0.00ms, min = 9223372036854.78ms, total = 0.00ms
Execution time:  mean = -nanms, total = 0.00ms
Event stats:

-----------------
Task Event stats:

IO Service Stats:

Global stats: 2 total (1 active)
Queueing time: mean = 0.00ms, max = 0.01ms, min = 0.01ms, total = 0.01ms
Execution time:  mean = 0.02ms, total = 0.03ms
Event stats:
	CoreWorker.deadline_timer.flush_task_events - 1 total (1 active), Execution time: mean = 0.00ms, total = 0.00ms, Queueing time: mean = 0.00ms, max = -0.00ms, min = 9223372036854.78ms, total = 0.00ms
	PeriodicalRunner.RunFnPeriodically - 1 total (0 active), Execution time: mean = 0.03ms, total = 0.03ms, Queueing time: mean = 0.01ms, max = 0.01ms, min = 0.01ms, total = 0.01ms
Other Stats:
	gcs_grpc_in_progress:0
	event_aggregator_grpc_in_progress:0
	current number of task status events in buffer: 0
	current number of profile events in buffer: 0
	current number of dropped task attempts tracked: 0
	total task events sent: 0 MiB
	total number of task attempts sent: 0
	total number of task attempts dropped reported: 0
	total number of sent failure: 0
	num status task events dropped: 0
	num profile task events dropped: 0
	num ray task events reported to aggregator: 0
	num ray task events failed to report to aggregator: 0
	num of task attempts dropped reported to aggregator: 0
	num of failed requests to aggregator: 0

[2026-09-03 22:00:04,281 I 1427 3825] core_worker.cc:498: Event stats:


Global stats: 818 total (8 active)
Queueing time: mean = 0.01ms, max = 0.09ms, min = 0.00ms, total = 11.17ms
Execution time:  mean = 0.00ms, total = 3.46ms
Event stats:
	CoreWorker.RecoverObjects - 600 total (1 active), Execution time: mean = 0.00ms, total = 1.09ms, Queueing time: mean = 0.01ms, max = 0.04ms, min = 0.00ms, total = 8.30ms
	CoreWorker.InternalHeartbeat - 60 total (1 active), Execution time: mean = 0.00ms, total = 0.12ms, Queueing time: mean = 0.01ms, max = 0.04ms, min = 0.00ms, total = 0.78ms
	CoreWorker.ReportWorkerBacklog - 60 total (1 active), Execution time: mean = 0.00ms, total = 0.15ms, Queueing time: mean = 0.01ms, max = 0.04ms, min = 0.00ms, total = 0.75ms
	CoreWorker.ExitIfParentRayletDies - 60 total (1 active), Execution time: mean = 0.00ms, total = 0.27ms, Queueing time: mean = 0.01ms, max = 0.04ms, min = 0.00ms, total = 0.71ms
	CoreWorker.RecordMetrics - 12 total (1 active), Execution time: mean = 0.02ms, total = 0.20ms, Queueing time: mean = 0.01ms, max = 0.01ms, min = 0.00ms, total = 0.08ms
	PeriodicalRunner.RunFnPeriodically - 8 total (0 active), Execution time: mean = 0.01ms, total = 0.10ms, Queueing time: mean = 0.05ms, max = 0.09ms, min = 0.00ms, total = 0.41ms
	CoreWorker.TryDelPendingObjectRefStreams - 6 total (1 active), Execution time: mean = 0.00ms, total = 0.01ms, Queueing time: mean = 0.01ms, max = 0.02ms, min = 0.01ms, total = 0.05ms
	CoreWorkerService.grpc_server.GetCoreWorkerStats.HandleRequestImpl - 4 total (0 active), Execution time: mean = 0.05ms, total = 0.21ms, Queueing time: mean = 0.02ms, max = 0.03ms, min = 0.02ms, total = 0.08ms
	CoreWorkerService.grpc_server.GetCoreWorkerStats - 4 total (0 active), Execution time: mean = 0.25ms, total = 1.01ms, Queueing time: mean = 0.00ms, max = -0.00ms, min = 9223372036854.78ms, total = 0.00ms
	ray::rpc::WorkerInfoGcsService.grpc_client.AddWorkerInfo.OnReplyReceived - 1 total (0 active), Execution time: mean = 0.02ms, total = 0.02ms, Queueing time: mean = 0.01ms, max = 0.01ms, min = 0.01ms, total = 0.01ms
	Publisher.CheckDeadSubscribers - 1 total (1 active), Execution time: mean = 0.00ms, total = 0.00ms, Queueing time: mean = 0.00ms, max = -0.00ms, min = 9223372036854.78ms, total = 0.00ms
	CoreWorker.PrintEventStats - 1 total (1 active, 1 running), Execution time: mean = 0.00ms, total = 0.00ms, Queueing time: mean = 0.00ms, max = -0.00ms, min = 9223372036854.78ms, total = 0.00ms
	ray::rpc::WorkerInfoGcsService.grpc_client.AddWorkerInfo - 1 total (0 active), Execution time: mean = 0.28ms, total = 0.28ms, Queueing time: mean = 0.00ms, max = -0.00ms, min = 9223372036854.78ms, total = 0.00ms

-----------------
Task execution event stats:

Global stats: 5993 total (1 active)
Queueing time: mean = 0.01ms, max = 0.66ms, min = -0.02ms, total = 72.73ms
Execution time:  mean = 0.00ms, total = 11.05ms
Event stats:
	CoreWorker.CheckSignal - 5992 total (1 active), Execution time: mean = 0.00ms, total = 11.05ms, Queueing time: mean = 0.01ms, max = 0.66ms, min = -0.02ms, total = 72.73ms
	PeriodicalRunner.RunFnPeriodically - 1 total (0 active), Execution time: mean = 0.01ms, total = 0.01ms, Queueing time: mean = 0.00ms, max = 0.00ms, min = 0.00ms, total = 0.00ms

-----------------
Task Event stats:

IO Service Stats:

Global stats: 61 total (1 active)
Queueing time: mean = 0.02ms, max = 0.05ms, min = 0.01ms, total = 1.03ms
Execution time:  mean = 0.01ms, total = 0.43ms
Event stats:
	CoreWorker.deadline_timer.flush_task_events - 60 total (1 active), Execution time: mean = 0.01ms, total = 0.40ms, Queueing time: mean = 0.02ms, max = 0.05ms, min = 0.01ms, total = 1.02ms
	PeriodicalRunner.RunFnPeriodically - 1 total (0 active), Execution time: mean = 0.03ms, total = 0.03ms, Queueing time: mean = 0.01ms, max = 0.01ms, min = 0.01ms, total = 0.01ms
Other Stats:
	gcs_grpc_in_progress:0
	event_aggregator_grpc_in_progress:0
	current number of task status events in buffer: 0
	current number of profile events in buffer: 0
	current number of dropped task attempts tracked: 0
	total task events sent: 0 MiB
	total number of task attempts sent: 0
	total number of task attempts dropped reported: 0
	total number of sent failure: 0
	num status task events dropped: 0
	num profile task events dropped: 0
	num ray task events reported to aggregator: 0
	num ray task events failed to report to aggregator: 0
	num of task attempts dropped reported to aggregator: 0
	num of failed requests to aggregator: 0

[2026-09-03 22:01:04,282 I 1427 3825] core_worker.cc:498: Event stats:


Global stats: 1625 total (8 active)
Queueing time: mean = 0.01ms, max = 0.21ms, min = -0.00ms, total = 21.56ms
Execution time:  mean = 0.00ms, total = 6.95ms
Event stats:
	CoreWorker.RecoverObjects - 1200 total (1 active), Execution time: mean = 0.00ms, total = 2.69ms, Queueing time: mean = 0.01ms, max = 0.04ms, min = 0.00ms, total = 15.97ms
	CoreWorker.InternalHeartbeat - 120 total (1 active), Execution time: mean = 0.00ms, total = 0.27ms, Queueing time: mean = 0.01ms, max = 0.04ms, min = 0.00ms, total = 1.60ms
	CoreWorker.ReportWorkerBacklog - 120 total (1 active), Execution time: mean = 0.00ms, total = 0.34ms, Queueing time: mean = 0.01ms, max = 0.04ms, min = 0.00ms, total = 1.53ms
	CoreWorker.ExitIfParentRayletDies - 120 total (1 active), Execution time: mean = 0.01ms, total = 0.60ms, Queueing time: mean = 0.01ms, max = 0.04ms, min = -0.00ms, total = 1.36ms
	CoreWorker.RecordMetrics - 24 total (1 active), Execution time: mean = 0.02ms, total = 0.44ms, Queueing time: mean = 0.01ms, max = 0.03ms, min = 0.00ms, total = 0.19ms
	CoreWorker.TryDelPendingObjectRefStreams - 12 total (1 active), Execution time: mean = 0.00ms, total = 0.02ms, Queueing time: mean = 0.03ms, max = 0.21ms, min = 0.01ms, total = 0.31ms
	CoreWorkerService.grpc_server.GetCoreWorkerStats.HandleRequestImpl - 8 total (0 active), Execution time: mean = 0.04ms, total = 0.30ms, Queueing time: mean = 0.02ms, max = 0.03ms, min = 0.01ms, total = 0.16ms
	CoreWorkerService.grpc_server.GetCoreWorkerStats - 8 total (0 active), Execution time: mean = 0.20ms, total = 1.62ms, Queueing time: mean = 0.00ms, max = -0.00ms, min = 9223372036854.78ms, total = 0.00ms
	PeriodicalRunner.RunFnPeriodically - 8 total (0 active), Execution time: mean = 0.01ms, total = 0.10ms, Queueing time: mean = 0.05ms, max = 0.09ms, min = 0.00ms, total = 0.41ms
	CoreWorker.PrintEventStats - 2 total (1 active, 1 running), Execution time: mean = 0.13ms, total = 0.27ms, Queueing time: mean = 0.01ms, max = 0.01ms, min = 0.01ms, total = 0.01ms
	ray::rpc::WorkerInfoGcsService.grpc_client.AddWorkerInfo.OnReplyReceived - 1 total (0 active), Execution time: mean = 0.02ms, total = 0.02ms, Queueing time: mean = 0.01ms, max = 0.01ms, min = 0.01ms, total = 0.01ms
	Publisher.CheckDeadSubscribers - 1 total (1 active), Execution time: mean = 0.00ms, total = 0.00ms, Queueing time: mean = 0.00ms, max = -0.00ms, min = 9223372036854.78ms, total = 0.00ms
	ray::rpc::WorkerInfoGcsService.grpc_client.AddWorkerInfo - 1 total (0 active), Execution time: mean = 0.28ms, total = 0.28ms, Queueing time: mean = 0.00ms, max = -0.00ms, min = 9223372036854.78ms, total = 0.00ms

-----------------
Task execution event stats:

Global stats: 11985 total (1 active)
Queueing time: mean = 0.01ms, max = 0.66ms, min = -0.05ms, total = 141.98ms
Execution time:  mean = 0.00ms, total = 27.09ms
Event stats:
	CoreWorker.CheckSignal - 11984 total (1 active), Execution time: mean = 0.00ms, total = 27.08ms, Queueing time: mean = 0.01ms, max = 0.66ms, min = -0.05ms, total = 141.97ms
	PeriodicalRunner.RunFnPeriodically - 1 total (0 active), Execution time: mean = 0.01ms, total = 0.01ms, Queueing time: mean = 0.00ms, max = 0.00ms, min = 0.00ms, total = 0.00ms

-----------------
Task Event stats:

IO Service Stats:

Global stats: 121 total (1 active)
Queueing time: mean = 0.02ms, max = 0.05ms, min = 0.00ms, total = 1.89ms
Execution time:  mean = 0.01ms, total = 0.86ms
Event stats:
	CoreWorker.deadline_timer.flush_task_events - 120 total (1 active), Execution time: mean = 0.01ms, total = 0.82ms, Queueing time: mean = 0.02ms, max = 0.05ms, min = 0.00ms, total = 1.88ms
	PeriodicalRunner.RunFnPeriodically - 1 total (0 active), Execution time: mean = 0.03ms, total = 0.03ms, Queueing time: mean = 0.01ms, max = 0.01ms, min = 0.01ms, total = 0.01ms
Other Stats:
	gcs_grpc_in_progress:0
	event_aggregator_grpc_in_progress:0
	current number of task status events in buffer: 0
	current number of profile events in buffer: 0
	current number of dropped task attempts tracked: 0
	total task events sent: 0 MiB
	total number of task attempts sent: 0
	total number of task attempts dropped reported: 0
	total number of sent failure: 0
	num status task events dropped: 0
	num profile task events dropped: 0
	num ray task events reported to aggregator: 0
	num ray task events failed to report to aggregator: 0
	num of task attempts dropped reported to aggregator: 0
	num of failed requests to aggregator: 0

[2026-09-03 22:02:04,282 I 1427 3825] core_worker.cc:498: Event stats:


Global stats: 2432 total (8 active)
Queueing time: mean = 0.02ms, max = 0.21ms, min = -0.00ms, total = 39.29ms
Execution time:  mean = 0.00ms, total = 10.32ms
Event stats:
	CoreWorker.RecoverObjects - 1800 total (1 active), Execution time: mean = 0.00ms, total = 4.04ms, Queueing time: mean = 0.02ms, max = 0.07ms, min = 0.00ms, total = 29.39ms
	CoreWorker.InternalHeartbeat - 180 total (1 active), Execution time: mean = 0.00ms, total = 0.43ms, Queueing time: mean = 0.02ms, max = 0.04ms, min = 0.00ms, total = 2.92ms
	CoreWorker.ReportWorkerBacklog - 180 total (1 active), Execution time: mean = 0.00ms, total = 0.49ms, Queueing time: mean = 0.02ms, max = 0.04ms, min = 0.00ms, total = 2.84ms
	CoreWorker.ExitIfParentRayletDies - 180 total (1 active), Execution time: mean = 0.00ms, total = 0.85ms, Queueing time: mean = 0.01ms, max = 0.04ms, min = -0.00ms, total = 2.57ms
	CoreWorker.RecordMetrics - 36 total (1 active), Execution time: mean = 0.02ms, total = 0.71ms, Queueing time: mean = 0.01ms, max = 0.04ms, min = 0.00ms, total = 0.37ms
	CoreWorker.TryDelPendingObjectRefStreams - 18 total (1 active), Execution time: mean = 0.00ms, total = 0.03ms, Queueing time: mean = 0.02ms, max = 0.21ms, min = 0.00ms, total = 0.43ms
	CoreWorkerService.grpc_server.GetCoreWorkerStats.HandleRequestImpl - 12 total (0 active), Execution time: mean = 0.03ms, total = 0.40ms, Queueing time: mean = 0.03ms, max = 0.08ms, min = 0.01ms, total = 0.33ms
	CoreWorkerService.grpc_server.GetCoreWorkerStats - 12 total (0 active), Execution time: mean = 0.21ms, total = 2.58ms, Queueing time: mean = 0.00ms, max = -0.00ms, min = 9223372036854.78ms, total = 0.00ms
	PeriodicalRunner.RunFnPeriodically - 8 total (0 active), Execution time: mean = 0.01ms, total = 0.10ms, Queueing time: mean = 0.05ms, max = 0.09ms, min = 0.00ms, total = 0.41ms
	CoreWorker.PrintEventStats - 3 total (1 active, 1 running), Execution time: mean = 0.13ms, total = 0.40ms, Queueing time: mean = 0.01ms, max = 0.01ms, min = 0.01ms, total = 0.02ms
	ray::rpc::WorkerInfoGcsService.grpc_client.AddWorkerInfo.OnReplyReceived - 1 total (0 active), Execution time: mean = 0.02ms, total = 0.02ms, Queueing time: mean = 0.01ms, max = 0.01ms, min = 0.01ms, total = 0.01ms
	Publisher.CheckDeadSubscribers - 1 total (1 active), Execution time: mean = 0.00ms, total = 0.00ms, Queueing time: mean = 0.00ms, max = -0.00ms, min = 9223372036854.78ms, total = 0.00ms
	ray::rpc::WorkerInfoGcsService.grpc_client.AddWorkerInfo - 1 total (0 active), Execution time: mean = 0.28ms, total = 0.28ms, Queueing time: mean = 0.00ms, max = -0.00ms, min = 9223372036854.78ms, total = 0.00ms

-----------------
Task execution event stats:

Global stats: 17974 total (1 active)
Queueing time: mean = 0.01ms, max = 0.66ms, min = -0.05ms, total = 244.73ms
Execution time:  mean = 0.00ms, total = 45.80ms
Event stats:
	CoreWorker.CheckSignal - 17973 total (1 active), Execution time: mean = 0.00ms, total = 45.79ms, Queueing time: mean = 0.01ms, max = 0.66ms, min = -0.05ms, total = 244.73ms
	PeriodicalRunner.RunFnPeriodically - 1 total (0 active), Execution time: mean = 0.01ms, total = 0.01ms, Queueing time: mean = 0.00ms, max = 0.00ms, min = 0.00ms, total = 0.00ms

-----------------
Task Event stats:

IO Service Stats:

Global stats: 181 total (1 active)
Queueing time: mean = 0.02ms, max = 0.05ms, min = 0.00ms, total = 3.10ms
Execution time:  mean = 0.01ms, total = 1.31ms
Event stats:
	CoreWorker.deadline_timer.flush_task_events - 180 total (1 active), Execution time: mean = 0.01ms, total = 1.28ms, Queueing time: mean = 0.02ms, max = 0.05ms, min = 0.00ms, total = 3.10ms
	PeriodicalRunner.RunFnPeriodically - 1 total (0 active), Execution time: mean = 0.03ms, total = 0.03ms, Queueing time: mean = 0.01ms, max = 0.01ms, min = 0.01ms, total = 0.01ms
Other Stats:
	gcs_grpc_in_progress:0
	event_aggregator_grpc_in_progress:0
	current number of task status events in buffer: 0
	current number of profile events in buffer: 0
	current number of dropped task attempts tracked: 0
	total task events sent: 0 MiB
	total number of task attempts sent: 0
	total number of task attempts dropped reported: 0
	total number of sent failure: 0
	num status task events dropped: 0
	num profile task events dropped: 0
	num ray task events reported to aggregator: 0
	num ray task events failed to report to aggregator: 0
	num of task attempts dropped reported to aggregator: 0
	num of failed requests to aggregator: 0

[2026-09-03 22:03:04,282 I 1427 3825] core_worker.cc:498: Event stats:


Global stats: 3239 total (8 active)
Queueing time: mean = 0.02ms, max = 0.21ms, min = -0.00ms, total = 54.44ms
Execution time:  mean = 0.00ms, total = 13.73ms
Event stats:
	CoreWorker.RecoverObjects - 2400 total (1 active), Execution time: mean = 0.00ms, total = 5.44ms, Queueing time: mean = 0.02ms, max = 0.07ms, min = 0.00ms, total = 40.90ms
	CoreWorker.InternalHeartbeat - 240 total (1 active), Execution time: mean = 0.00ms, total = 0.62ms, Queueing time: mean = 0.02ms, max = 0.04ms, min = 0.00ms, total = 4.04ms
	CoreWorker.ReportWorkerBacklog - 240 total (1 active), Execution time: mean = 0.00ms, total = 0.65ms, Queueing time: mean = 0.02ms, max = 0.07ms, min = 0.00ms, total = 3.95ms
	CoreWorker.ExitIfParentRayletDies - 240 total (1 active), Execution time: mean = 0.00ms, total = 1.09ms, Queueing time: mean = 0.02ms, max = 0.07ms, min = -0.00ms, total = 3.60ms
	CoreWorker.RecordMetrics - 48 total (1 active), Execution time: mean = 0.02ms, total = 0.94ms, Queueing time: mean = 0.01ms, max = 0.04ms, min = 0.00ms, total = 0.50ms
	CoreWorker.TryDelPendingObjectRefStreams - 24 total (1 active), Execution time: mean = 0.00ms, total = 0.04ms, Queueing time: mean = 0.02ms, max = 0.21ms, min = 0.00ms, total = 0.59ms
	CoreWorkerService.grpc_server.GetCoreWorkerStats.HandleRequestImpl - 16 total (0 active), Execution time: mean = 0.03ms, total = 0.51ms, Queueing time: mean = 0.03ms, max = 0.08ms, min = 0.01ms, total = 0.42ms
	CoreWorkerService.grpc_server.GetCoreWorkerStats - 16 total (0 active), Execution time: mean = 0.22ms, total = 3.52ms, Queueing time: mean = 0.00ms, max = -0.00ms, min = 9223372036854.78ms, total = 0.00ms
	PeriodicalRunner.RunFnPeriodically - 8 total (0 active), Execution time: mean = 0.01ms, total = 0.10ms, Queueing time: mean = 0.05ms, max = 0.09ms, min = 0.00ms, total = 0.41ms
	CoreWorker.PrintEventStats - 4 total (1 active, 1 running), Execution time: mean = 0.13ms, total = 0.54ms, Queueing time: mean = 0.01ms, max = 0.01ms, min = 0.01ms, total = 0.02ms
	ray::rpc::WorkerInfoGcsService.grpc_client.AddWorkerInfo.OnReplyReceived - 1 total (0 active), Execution time: mean = 0.02ms, total = 0.02ms, Queueing time: mean = 0.01ms, max = 0.01ms, min = 0.01ms, total = 0.01ms
	Publisher.CheckDeadSubscribers - 1 total (1 active), Execution time: mean = 0.00ms, total = 0.00ms, Queueing time: mean = 0.00ms, max = -0.00ms, min = 9223372036854.78ms, total = 0.00ms
	ray::rpc::WorkerInfoGcsService.grpc_client.AddWorkerInfo - 1 total (0 active), Execution time: mean = 0.28ms, total = 0.28ms, Queueing time: mean = 0.00ms, max = -0.00ms, min = 9223372036854.78ms, total = 0.00ms

-----------------
Task execution event stats:

Global stats: 23964 total (1 active)
Queueing time: mean = 0.01ms, max = 0.66ms, min = -0.05ms, total = 334.75ms
Execution time:  mean = 0.00ms, total = 62.88ms
Event stats:
	CoreWorker.CheckSignal - 23963 total (1 active), Execution time: mean = 0.00ms, total = 62.88ms, Queueing time: mean = 0.01ms, max = 0.66ms, min = -0.05ms, total = 334.74ms
	PeriodicalRunner.RunFnPeriodically - 1 total (0 active), Execution time: mean = 0.01ms, total = 0.01ms, Queueing time: mean = 0.00ms, max = 0.00ms, min = 0.00ms, total = 0.00ms

-----------------
Task Event stats:

IO Service Stats:

Global stats: 241 total (1 active)
Queueing time: mean = 0.02ms, max = 0.05ms, min = 0.00ms, total = 4.39ms
Execution time:  mean = 0.01ms, total = 1.76ms
Event stats:
	CoreWorker.deadline_timer.flush_task_events - 240 total (1 active), Execution time: mean = 0.01ms, total = 1.73ms, Queueing time: mean = 0.02ms, max = 0.05ms, min = 0.00ms, total = 4.38ms
	PeriodicalRunner.RunFnPeriodically - 1 total (0 active), Execution time: mean = 0.03ms, total = 0.03ms, Queueing time: mean = 0.01ms, max = 0.01ms, min = 0.01ms, total = 0.01ms
Other Stats:
	gcs_grpc_in_progress:0
	event_aggregator_grpc_in_progress:0
	current number of task status events in buffer: 0
	current number of profile events in buffer: 0
	current number of dropped task attempts tracked: 0
	total task events sent: 0 MiB
	total number of task attempts sent: 0
	total number of task attempts dropped reported: 0
	total number of sent failure: 0
	num status task events dropped: 0
	num profile task events dropped: 0
	num ray task events reported to aggregator: 0
	num ray task events failed to report to aggregator: 0
	num of task attempts dropped reported to aggregator: 0
	num of failed requests to aggregator: 0

[2026-09-03 22:04:04,282 I 1427 3825] core_worker.cc:498: Event stats:


Global stats: 4047 total (8 active)
Queueing time: mean = 0.02ms, max = 0.21ms, min = -0.00ms, total = 73.59ms
Execution time:  mean = 0.00ms, total = 17.45ms
Event stats:
	CoreWorker.RecoverObjects - 3000 total (1 active), Execution time: mean = 0.00ms, total = 7.07ms, Queueing time: mean = 0.02ms, max = 0.07ms, min = 0.00ms, total = 55.66ms
	CoreWorker.InternalHeartbeat - 300 total (1 active), Execution time: mean = 0.00ms, total = 0.83ms, Queueing time: mean = 0.02ms, max = 0.04ms, min = 0.00ms, total = 5.37ms
	CoreWorker.ReportWorkerBacklog - 300 total (1 active), Execution time: mean = 0.00ms, total = 0.83ms, Queueing time: mean = 0.02ms, max = 0.07ms, min = 0.00ms, total = 5.31ms
	CoreWorker.ExitIfParentRayletDies - 300 total (1 active), Execution time: mean = 0.00ms, total = 1.39ms, Queueing time: mean = 0.02ms, max = 0.07ms, min = -0.00ms, total = 4.84ms
	CoreWorker.RecordMetrics - 60 total (1 active), Execution time: mean = 0.02ms, total = 1.21ms, Queueing time: mean = 0.01ms, max = 0.04ms, min = 0.00ms, total = 0.71ms
	CoreWorker.TryDelPendingObjectRefStreams - 30 total (1 active), Execution time: mean = 0.00ms, total = 0.05ms, Queueing time: mean = 0.02ms, max = 0.21ms, min = 0.00ms, total = 0.72ms
	CoreWorkerService.grpc_server.GetCoreWorkerStats.HandleRequestImpl - 20 total (0 active), Execution time: mean = 0.03ms, total = 0.65ms, Queueing time: mean = 0.03ms, max = 0.08ms, min = 0.01ms, total = 0.52ms
	CoreWorkerService.grpc_server.GetCoreWorkerStats - 20 total (0 active), Execution time: mean = 0.22ms, total = 4.35ms, Queueing time: mean = 0.00ms, max = -0.00ms, min = 9223372036854.78ms, total = 0.00ms
	PeriodicalRunner.RunFnPeriodically - 8 total (0 active), Execution time: mean = 0.01ms, total = 0.10ms, Queueing time: mean = 0.05ms, max = 0.09ms, min = 0.00ms, total = 0.41ms
	CoreWorker.PrintEventStats - 5 total (1 active, 1 running), Execution time: mean = 0.13ms, total = 0.67ms, Queueing time: mean = 0.01ms, max = 0.01ms, min = 0.01ms, total = 0.03ms
	Publisher.CheckDeadSubscribers - 2 total (1 active), Execution time: mean = 0.00ms, total = 0.00ms, Queueing time: mean = 0.00ms, max = 0.01ms, min = 0.01ms, total = 0.01ms
	ray::rpc::WorkerInfoGcsService.grpc_client.AddWorkerInfo.OnReplyReceived - 1 total (0 active), Execution time: mean = 0.02ms, total = 0.02ms, Queueing time: mean = 0.01ms, max = 0.01ms, min = 0.01ms, total = 0.01ms
	ray::rpc::WorkerInfoGcsService.grpc_client.AddWorkerInfo - 1 total (0 active), Execution time: mean = 0.28ms, total = 0.28ms, Queueing time: mean = 0.00ms, max = -0.00ms, min = 9223372036854.78ms, total = 0.00ms

-----------------
Task execution event stats:

Global stats: 29951 total (1 active)
Queueing time: mean = 0.02ms, max = 0.66ms, min = -0.05ms, total = 455.40ms
Execution time:  mean = 0.00ms, total = 82.30ms
Event stats:
	CoreWorker.CheckSignal - 29950 total (1 active), Execution time: mean = 0.00ms, total = 82.29ms, Queueing time: mean = 0.02ms, max = 0.66ms, min = -0.05ms, total = 455.40ms
	PeriodicalRunner.RunFnPeriodically - 1 total (0 active), Execution time: mean = 0.01ms, total = 0.01ms, Queueing time: mean = 0.00ms, max = 0.00ms, min = 0.00ms, total = 0.00ms

-----------------
Task Event stats:

IO Service Stats:

Global stats: 301 total (1 active)
Queueing time: mean = 0.02ms, max = 0.05ms, min = 0.00ms, total = 5.72ms
Execution time:  mean = 0.01ms, total = 2.28ms
Event stats:
	CoreWorker.deadline_timer.flush_task_events - 300 total (1 active), Execution time: mean = 0.01ms, total = 2.24ms, Queueing time: mean = 0.02ms, max = 0.05ms, min = 0.00ms, total = 5.71ms
	PeriodicalRunner.RunFnPeriodically - 1 total (0 active), Execution time: mean = 0.03ms, total = 0.03ms, Queueing time: mean = 0.01ms, max = 0.01ms, min = 0.01ms, total = 0.01ms
Other Stats:
	gcs_grpc_in_progress:0
	event_aggregator_grpc_in_progress:0
	current number of task status events in buffer: 0
	current number of profile events in buffer: 0
	current number of dropped task attempts tracked: 0
	total task events sent: 0 MiB
	total number of task attempts sent: 0
	total number of task attempts dropped reported: 0
	total number of sent failure: 0
	num status task events dropped: 0
	num profile task events dropped: 0
	num ray task events reported to aggregator: 0
	num ray task events failed to report to aggregator: 0
	num of task attempts dropped reported to aggregator: 0
	num of failed requests to aggregator: 0

[2026-09-03 22:05:04,282 I 1427 3825] core_worker.cc:498: Event stats:


Global stats: 4854 total (8 active)
Queueing time: mean = 0.02ms, max = 0.21ms, min = -0.00ms, total = 92.11ms
Execution time:  mean = 0.00ms, total = 21.14ms
Event stats:
	CoreWorker.RecoverObjects - 3600 total (1 active), Execution time: mean = 0.00ms, total = 8.65ms, Queueing time: mean = 0.02ms, max = 0.08ms, min = 0.00ms, total = 69.73ms
	CoreWorker.InternalHeartbeat - 360 total (1 active), Execution time: mean = 0.00ms, total = 1.05ms, Queueing time: mean = 0.02ms, max = 0.04ms, min = 0.00ms, total = 6.71ms
	CoreWorker.ReportWorkerBacklog - 360 total (1 active), Execution time: mean = 0.00ms, total = 1.02ms, Queueing time: mean = 0.02ms, max = 0.07ms, min = 0.00ms, total = 6.66ms
	CoreWorker.ExitIfParentRayletDies - 360 total (1 active), Execution time: mean = 0.00ms, total = 1.69ms, Queueing time: mean = 0.02ms, max = 0.07ms, min = -0.00ms, total = 6.08ms
	CoreWorker.RecordMetrics - 72 total (1 active), Execution time: mean = 0.02ms, total = 1.48ms, Queueing time: mean = 0.01ms, max = 0.06ms, min = 0.00ms, total = 0.95ms
	CoreWorker.TryDelPendingObjectRefStreams - 36 total (1 active), Execution time: mean = 0.00ms, total = 0.05ms, Queueing time: mean = 0.03ms, max = 0.21ms, min = 0.00ms, total = 0.90ms
	CoreWorkerService.grpc_server.GetCoreWorkerStats.HandleRequestImpl - 24 total (0 active), Execution time: mean = 0.03ms, total = 0.77ms, Queueing time: mean = 0.03ms, max = 0.08ms, min = 0.01ms, total = 0.60ms
	CoreWorkerService.grpc_server.GetCoreWorkerStats - 24 total (0 active), Execution time: mean = 0.22ms, total = 5.17ms, Queueing time: mean = 0.00ms, max = -0.00ms, min = 9223372036854.78ms, total = 0.00ms
	PeriodicalRunner.RunFnPeriodically - 8 total (0 active), Execution time: mean = 0.01ms, total = 0.10ms, Queueing time: mean = 0.05ms, max = 0.09ms, min = 0.00ms, total = 0.41ms
	CoreWorker.PrintEventStats - 6 total (1 active, 1 running), Execution time: mean = 0.14ms, total = 0.87ms, Queueing time: mean = 0.01ms, max = 0.01ms, min = 0.00ms, total = 0.04ms
	Publisher.CheckDeadSubscribers - 2 total (1 active), Execution time: mean = 0.00ms, total = 0.00ms, Queueing time: mean = 0.00ms, max = 0.01ms, min = 0.01ms, total = 0.01ms
	ray::rpc::WorkerInfoGcsService.grpc_client.AddWorkerInfo.OnReplyReceived - 1 total (0 active), Execution time: mean = 0.02ms, total = 0.02ms, Queueing time: mean = 0.01ms, max = 0.01ms, min = 0.01ms, total = 0.01ms
	ray::rpc::WorkerInfoGcsService.grpc_client.AddWorkerInfo - 1 total (0 active), Execution time: mean = 0.28ms, total = 0.28ms, Queueing time: mean = 0.00ms, max = -0.00ms, min = 9223372036854.78ms, total = 0.00ms

-----------------
Task execution event stats:

Global stats: 35938 total (1 active)
Queueing time: mean = 0.02ms, max = 0.66ms, min = -0.05ms, total = 568.49ms
Execution time:  mean = 0.00ms, total = 101.25ms
Event stats:
	CoreWorker.CheckSignal - 35937 total (1 active), Execution time: mean = 0.00ms, total = 101.24ms, Queueing time: mean = 0.02ms, max = 0.66ms, min = -0.05ms, total = 568.49ms
	PeriodicalRunner.RunFnPeriodically - 1 total (0 active), Execution time: mean = 0.01ms, total = 0.01ms, Queueing time: mean = 0.00ms, max = 0.00ms, min = 0.00ms, total = 0.00ms

-----------------
Task Event stats:

IO Service Stats:

Global stats: 361 total (1 active)
Queueing time: mean = 0.02ms, max = 0.05ms, min = 0.00ms, total = 7.27ms
Execution time:  mean = 0.01ms, total = 2.72ms
Event stats:
	CoreWorker.deadline_timer.flush_task_events - 360 total (1 active), Execution time: mean = 0.01ms, total = 2.68ms, Queueing time: mean = 0.02ms, max = 0.05ms, min = 0.00ms, total = 7.27ms
	PeriodicalRunner.RunFnPeriodically - 1 total (0 active), Execution time: mean = 0.03ms, total = 0.03ms, Queueing time: mean = 0.01ms, max = 0.01ms, min = 0.01ms, total = 0.01ms
Other Stats:
	gcs_grpc_in_progress:0
	event_aggregator_grpc_in_progress:0
	current number of task status events in buffer: 0
	current number of profile events in buffer: 0
	current number of dropped task attempts tracked: 0
	total task events sent: 0 MiB
	total number of task attempts sent: 0
	total number of task attempts dropped reported: 0
	total number of sent failure: 0
	num status task events dropped: 0
	num profile task events dropped: 0
	num ray task events reported to aggregator: 0
	num ray task events failed to report to aggregator: 0
	num of task attempts dropped reported to aggregator: 0
	num of failed requests to aggregator: 0

[2026-09-03 22:06:04,282 I 1427 3825] core_worker.cc:498: Event stats:


Global stats: 5661 total (8 active)
Queueing time: mean = 0.02ms, max = 0.21ms, min = -0.00ms, total = 104.43ms
Execution time:  mean = 0.00ms, total = 24.14ms
Event stats:
	CoreWorker.RecoverObjects - 4200 total (1 active), Execution time: mean = 0.00ms, total = 9.76ms, Queueing time: mean = 0.02ms, max = 0.08ms, min = 0.00ms, total = 79.36ms
	CoreWorker.InternalHeartbeat - 420 total (1 active), Execution time: mean = 0.00ms, total = 1.25ms, Queueing time: mean = 0.02ms, max = 0.05ms, min = 0.00ms, total = 7.53ms
	CoreWorker.ReportWorkerBacklog - 420 total (1 active), Execution time: mean = 0.00ms, total = 1.22ms, Queueing time: mean = 0.02ms, max = 0.07ms, min = 0.00ms, total = 7.47ms
	CoreWorker.ExitIfParentRayletDies - 420 total (1 active), Execution time: mean = 0.00ms, total = 2.05ms, Queueing time: mean = 0.02ms, max = 0.07ms, min = -0.00ms, total = 6.73ms
	CoreWorker.RecordMetrics - 84 total (1 active), Execution time: mean = 0.02ms, total = 1.74ms, Queueing time: mean = 0.01ms, max = 0.06ms, min = 0.00ms, total = 1.08ms
	CoreWorker.TryDelPendingObjectRefStreams - 42 total (1 active), Execution time: mean = 0.00ms, total = 0.07ms, Queueing time: mean = 0.03ms, max = 0.21ms, min = 0.00ms, total = 1.10ms
	CoreWorkerService.grpc_server.GetCoreWorkerStats.HandleRequestImpl - 28 total (0 active), Execution time: mean = 0.03ms, total = 0.84ms, Queueing time: mean = 0.02ms, max = 0.08ms, min = 0.01ms, total = 0.67ms
	CoreWorkerService.grpc_server.GetCoreWorkerStats - 28 total (0 active), Execution time: mean = 0.21ms, total = 5.77ms, Queueing time: mean = 0.00ms, max = -0.00ms, min = 9223372036854.78ms, total = 0.00ms
	PeriodicalRunner.RunFnPeriodically - 8 total (0 active), Execution time: mean = 0.01ms, total = 0.10ms, Queueing time: mean = 0.05ms, max = 0.09ms, min = 0.00ms, total = 0.41ms
	CoreWorker.PrintEventStats - 7 total (1 active, 1 running), Execution time: mean = 0.15ms, total = 1.04ms, Queueing time: mean = 0.01ms, max = 0.02ms, min = 0.00ms, total = 0.05ms
	Publisher.CheckDeadSubscribers - 2 total (1 active), Execution time: mean = 0.00ms, total = 0.00ms, Queueing time: mean = 0.00ms, max = 0.01ms, min = 0.01ms, total = 0.01ms
	ray::rpc::WorkerInfoGcsService.grpc_client.AddWorkerInfo.OnReplyReceived - 1 total (0 active), Execution time: mean = 0.02ms, total = 0.02ms, Queueing time: mean = 0.01ms, max = 0.01ms, min = 0.01ms, total = 0.01ms
	ray::rpc::WorkerInfoGcsService.grpc_client.AddWorkerInfo - 1 total (0 active), Execution time: mean = 0.28ms, total = 0.28ms, Queueing time: mean = 0.00ms, max = -0.00ms, min = 9223372036854.78ms, total = 0.00ms

-----------------
Task execution event stats:

Global stats: 41931 total (1 active)
Queueing time: mean = 0.02ms, max = 0.66ms, min = -0.05ms, total = 631.39ms
Execution time:  mean = 0.00ms, total = 110.62ms
Event stats:
	CoreWorker.CheckSignal - 41930 total (1 active), Execution time: mean = 0.00ms, total = 110.61ms, Queueing time: mean = 0.02ms, max = 0.66ms, min = -0.05ms, total = 631.39ms
	PeriodicalRunner.RunFnPeriodically - 1 total (0 active), Execution time: mean = 0.01ms, total = 0.01ms, Queueing time: mean = 0.00ms, max = 0.00ms, min = 0.00ms, total = 0.00ms

-----------------
Task Event stats:

IO Service Stats:

Global stats: 421 total (1 active)
Queueing time: mean = 0.02ms, max = 0.05ms, min = -0.00ms, total = 8.33ms
Execution time:  mean = 0.01ms, total = 3.10ms
Event stats:
	CoreWorker.deadline_timer.flush_task_events - 420 total (1 active), Execution time: mean = 0.01ms, total = 3.06ms, Queueing time: mean = 0.02ms, max = 0.05ms, min = -0.00ms, total = 8.32ms
	PeriodicalRunner.RunFnPeriodically - 1 total (0 active), Execution time: mean = 0.03ms, total = 0.03ms, Queueing time: mean = 0.01ms, max = 0.01ms, min = 0.01ms, total = 0.01ms
Other Stats:
	gcs_grpc_in_progress:0
	event_aggregator_grpc_in_progress:0
	current number of task status events in buffer: 0
	current number of profile events in buffer: 0
	current number of dropped task attempts tracked: 0
	total task events sent: 0 MiB
	total number of task attempts sent: 0
	total number of task attempts dropped reported: 0
	total number of sent failure: 0
	num status task events dropped: 0
	num profile task events dropped: 0
	num ray task events reported to aggregator: 0
	num ray task events failed to report to aggregator: 0
	num of task attempts dropped reported to aggregator: 0
	num of failed requests to aggregator: 0

[2026-09-03 22:07:04,282 I 1427 3825] core_worker.cc:498: Event stats:


Global stats: 6468 total (8 active)
Queueing time: mean = 0.02ms, max = 0.21ms, min = -0.00ms, total = 116.89ms
Execution time:  mean = 0.00ms, total = 27.34ms
Event stats:
	CoreWorker.RecoverObjects - 4800 total (1 active), Execution time: mean = 0.00ms, total = 10.99ms, Queueing time: mean = 0.02ms, max = 0.08ms, min = 0.00ms, total = 89.11ms
	CoreWorker.InternalHeartbeat - 480 total (1 active), Execution time: mean = 0.00ms, total = 1.46ms, Queueing time: mean = 0.02ms, max = 0.05ms, min = -0.00ms, total = 8.36ms
	CoreWorker.ReportWorkerBacklog - 480 total (1 active), Execution time: mean = 0.00ms, total = 1.42ms, Queueing time: mean = 0.02ms, max = 0.07ms, min = 0.00ms, total = 8.29ms
	CoreWorker.ExitIfParentRayletDies - 480 total (1 active), Execution time: mean = 0.01ms, total = 2.42ms, Queueing time: mean = 0.02ms, max = 0.07ms, min = -0.00ms, total = 7.39ms
	CoreWorker.RecordMetrics - 96 total (1 active), Execution time: mean = 0.02ms, total = 2.00ms, Queueing time: mean = 0.01ms, max = 0.06ms, min = 0.00ms, total = 1.22ms
	CoreWorker.TryDelPendingObjectRefStreams - 48 total (1 active), Execution time: mean = 0.00ms, total = 0.08ms, Queueing time: mean = 0.03ms, max = 0.21ms, min = 0.00ms, total = 1.25ms
	CoreWorkerService.grpc_server.GetCoreWorkerStats.HandleRequestImpl - 32 total (0 active), Execution time: mean = 0.03ms, total = 0.93ms, Queueing time: mean = 0.02ms, max = 0.08ms, min = 0.01ms, total = 0.76ms
	CoreWorkerService.grpc_server.GetCoreWorkerStats - 32 total (0 active), Execution time: mean = 0.20ms, total = 6.45ms, Queueing time: mean = 0.00ms, max = -0.00ms, min = 9223372036854.78ms, total = 0.00ms
	CoreWorker.PrintEventStats - 8 total (1 active, 1 running), Execution time: mean = 0.15ms, total = 1.19ms, Queueing time: mean = 0.01ms, max = 0.02ms, min = 0.00ms, total = 0.06ms
	PeriodicalRunner.RunFnPeriodically - 8 total (0 active), Execution time: mean = 0.01ms, total = 0.10ms, Queueing time: mean = 0.05ms, max = 0.09ms, min = 0.00ms, total = 0.41ms
	Publisher.CheckDeadSubscribers - 2 total (1 active), Execution time: mean = 0.00ms, total = 0.00ms, Queueing time: mean = 0.00ms, max = 0.01ms, min = 0.01ms, total = 0.01ms
	ray::rpc::WorkerInfoGcsService.grpc_client.AddWorkerInfo.OnReplyReceived - 1 total (0 active), Execution time: mean = 0.02ms, total = 0.02ms, Queueing time: mean = 0.01ms, max = 0.01ms, min = 0.01ms, total = 0.01ms
	ray::rpc::WorkerInfoGcsService.grpc_client.AddWorkerInfo - 1 total (0 active), Execution time: mean = 0.28ms, total = 0.28ms, Queueing time: mean = 0.00ms, max = -0.00ms, min = 9223372036854.78ms, total = 0.00ms

-----------------
Task execution event stats:

Global stats: 47925 total (1 active)
Queueing time: mean = 0.01ms, max = 0.66ms, min = -0.05ms, total = 686.21ms
Execution time:  mean = 0.00ms, total = 119.46ms
Event stats:
	CoreWorker.CheckSignal - 47924 total (1 active), Execution time: mean = 0.00ms, total = 119.46ms, Queueing time: mean = 0.01ms, max = 0.66ms, min = -0.05ms, total = 686.21ms
	PeriodicalRunner.RunFnPeriodically - 1 total (0 active), Execution time: mean = 0.01ms, total = 0.01ms, Queueing time: mean = 0.00ms, max = 0.00ms, min = 0.00ms, total = 0.00ms

-----------------
Task Event stats:

IO Service Stats:

Global stats: 481 total (1 active)
Queueing time: mean = 0.02ms, max = 0.05ms, min = -0.00ms, total = 9.36ms
Execution time:  mean = 0.01ms, total = 3.45ms
Event stats:
	CoreWorker.deadline_timer.flush_task_events - 480 total (1 active), Execution time: mean = 0.01ms, total = 3.42ms, Queueing time: mean = 0.02ms, max = 0.05ms, min = -0.00ms, total = 9.35ms
	PeriodicalRunner.RunFnPeriodically - 1 total (0 active), Execution time: mean = 0.03ms, total = 0.03ms, Queueing time: mean = 0.01ms, max = 0.01ms, min = 0.01ms, total = 0.01ms
Other Stats:
	gcs_grpc_in_progress:0
	event_aggregator_grpc_in_progress:0
	current number of task status events in buffer: 0
	current number of profile events in buffer: 0
	current number of dropped task attempts tracked: 0
	total task events sent: 0 MiB
	total number of task attempts sent: 0
	total number of task attempts dropped reported: 0
	total number of sent failure: 0
	num status task events dropped: 0
	num profile task events dropped: 0
	num ray task events reported to aggregator: 0
	num ray task events failed to report to aggregator: 0
	num of task attempts dropped reported to aggregator: 0
	num of failed requests to aggregator: 0

[2026-09-03 22:08:04,283 I 1427 3825] core_worker.cc:498: Event stats:


Global stats: 7274 total (8 active)
Queueing time: mean = 0.02ms, max = 0.21ms, min = -0.00ms, total = 134.41ms
Execution time:  mean = 0.00ms, total = 30.94ms
Event stats:
	CoreWorker.RecoverObjects - 5399 total (1 active), Execution time: mean = 0.00ms, total = 12.57ms, Queueing time: mean = 0.02ms, max = 0.08ms, min = 0.00ms, total = 102.81ms
	CoreWorker.InternalHeartbeat - 540 total (1 active), Execution time: mean = 0.00ms, total = 1.62ms, Queueing time: mean = 0.02ms, max = 0.05ms, min = -0.00ms, total = 9.53ms
	CoreWorker.ReportWorkerBacklog - 540 total (1 active), Execution time: mean = 0.00ms, total = 1.58ms, Queueing time: mean = 0.02ms, max = 0.07ms, min = 0.00ms, total = 9.46ms
	CoreWorker.ExitIfParentRayletDies - 540 total (1 active), Execution time: mean = 0.01ms, total = 2.71ms, Queueing time: mean = 0.02ms, max = 0.07ms, min = -0.00ms, total = 8.43ms
	CoreWorker.RecordMetrics - 108 total (1 active), Execution time: mean = 0.02ms, total = 2.26ms, Queueing time: mean = 0.01ms, max = 0.06ms, min = 0.00ms, total = 1.41ms
	CoreWorker.TryDelPendingObjectRefStreams - 54 total (1 active), Execution time: mean = 0.00ms, total = 0.09ms, Queueing time: mean = 0.03ms, max = 0.21ms, min = 0.00ms, total = 1.37ms
	CoreWorkerService.grpc_server.GetCoreWorkerStats.HandleRequestImpl - 36 total (0 active), Execution time: mean = 0.03ms, total = 1.05ms, Queueing time: mean = 0.03ms, max = 0.08ms, min = 0.01ms, total = 0.90ms
	CoreWorkerService.grpc_server.GetCoreWorkerStats - 36 total (0 active), Execution time: mean = 0.20ms, total = 7.33ms, Queueing time: mean = 0.00ms, max = -0.00ms, min = 9223372036854.78ms, total = 0.00ms
	CoreWorker.PrintEventStats - 9 total (1 active, 1 running), Execution time: mean = 0.15ms, total = 1.32ms, Queueing time: mean = 0.01ms, max = 0.02ms, min = 0.00ms, total = 0.07ms
	PeriodicalRunner.RunFnPeriodically - 8 total (0 active), Execution time: mean = 0.01ms, total = 0.10ms, Queueing time: mean = 0.05ms, max = 0.09ms, min = 0.00ms, total = 0.41ms
	Publisher.CheckDeadSubscribers - 2 total (1 active), Execution time: mean = 0.00ms, total = 0.00ms, Queueing time: mean = 0.00ms, max = 0.01ms, min = 0.01ms, total = 0.01ms
	ray::rpc::WorkerInfoGcsService.grpc_client.AddWorkerInfo.OnReplyReceived - 1 total (0 active), Execution time: mean = 0.02ms, total = 0.02ms, Queueing time: mean = 0.01ms, max = 0.01ms, min = 0.01ms, total = 0.01ms
	ray::rpc::WorkerInfoGcsService.grpc_client.AddWorkerInfo - 1 total (0 active), Execution time: mean = 0.28ms, total = 0.28ms, Queueing time: mean = 0.00ms, max = -0.00ms, min = 9223372036854.78ms, total = 0.00ms

-----------------
Task execution event stats:

Global stats: 53914 total (1 active)
Queueing time: mean = 0.01ms, max = 0.66ms, min = -0.05ms, total = 789.77ms
Execution time:  mean = 0.00ms, total = 136.24ms
Event stats:
	CoreWorker.CheckSignal - 53913 total (1 active), Execution time: mean = 0.00ms, total = 136.24ms, Queueing time: mean = 0.01ms, max = 0.66ms, min = -0.05ms, total = 789.77ms
	PeriodicalRunner.RunFnPeriodically - 1 total (0 active), Execution time: mean = 0.01ms, total = 0.01ms, Queueing time: mean = 0.00ms, max = 0.00ms, min = 0.00ms, total = 0.00ms

-----------------
Task Event stats:

IO Service Stats:

Global stats: 541 total (1 active)
Queueing time: mean = 0.02ms, max = 0.05ms, min = -0.00ms, total = 10.68ms
Execution time:  mean = 0.01ms, total = 3.90ms
Event stats:
	CoreWorker.deadline_timer.flush_task_events - 540 total (1 active), Execution time: mean = 0.01ms, total = 3.87ms, Queueing time: mean = 0.02ms, max = 0.05ms, min = -0.00ms, total = 10.68ms
	PeriodicalRunner.RunFnPeriodically - 1 total (0 active), Execution time: mean = 0.03ms, total = 0.03ms, Queueing time: mean = 0.01ms, max = 0.01ms, min = 0.01ms, total = 0.01ms
Other Stats:
	gcs_grpc_in_progress:0
	event_aggregator_grpc_in_progress:0
	current number of task status events in buffer: 0
	current number of profile events in buffer: 0
	current number of dropped task attempts tracked: 0
	total task events sent: 0 MiB
	total number of task attempts sent: 0
	total number of task attempts dropped reported: 0
	total number of sent failure: 0
	num status task events dropped: 0
	num profile task events dropped: 0
	num ray task events reported to aggregator: 0
	num ray task events failed to report to aggregator: 0
	num of task attempts dropped reported to aggregator: 0
	num of failed requests to aggregator: 0

[2026-09-03 22:09:04,283 I 1427 3825] core_worker.cc:498: Event stats:


Global stats: 8082 total (8 active)
Queueing time: mean = 0.02ms, max = 0.21ms, min = -0.00ms, total = 151.57ms
Execution time:  mean = 0.00ms, total = 34.31ms
Event stats:
	CoreWorker.RecoverObjects - 5999 total (1 active), Execution time: mean = 0.00ms, total = 13.99ms, Queueing time: mean = 0.02ms, max = 0.08ms, min = 0.00ms, total = 115.97ms
	CoreWorker.InternalHeartbeat - 600 total (1 active), Execution time: mean = 0.00ms, total = 1.82ms, Queueing time: mean = 0.02ms, max = 0.05ms, min = -0.00ms, total = 10.73ms
	CoreWorker.ReportWorkerBacklog - 600 total (1 active), Execution time: mean = 0.00ms, total = 1.76ms, Queueing time: mean = 0.02ms, max = 0.07ms, min = 0.00ms, total = 10.67ms
	CoreWorker.ExitIfParentRayletDies - 600 total (1 active), Execution time: mean = 0.00ms, total = 2.99ms, Queueing time: mean = 0.02ms, max = 0.07ms, min = -0.00ms, total = 9.53ms
	CoreWorker.RecordMetrics - 120 total (1 active), Execution time: mean = 0.02ms, total = 2.54ms, Queueing time: mean = 0.01ms, max = 0.06ms, min = 0.00ms, total = 1.66ms
	CoreWorker.TryDelPendingObjectRefStreams - 60 total (1 active), Execution time: mean = 0.00ms, total = 0.10ms, Queueing time: mean = 0.03ms, max = 0.21ms, min = 0.00ms, total = 1.50ms
	CoreWorkerService.grpc_server.GetCoreWorkerStats.HandleRequestImpl - 40 total (0 active), Execution time: mean = 0.03ms, total = 1.14ms, Queueing time: mean = 0.03ms, max = 0.08ms, min = 0.01ms, total = 1.00ms
	CoreWorkerService.grpc_server.GetCoreWorkerStats - 40 total (0 active), Execution time: mean = 0.20ms, total = 8.12ms, Queueing time: mean = 0.00ms, max = -0.00ms, min = 9223372036854.78ms, total = 0.00ms
	CoreWorker.PrintEventStats - 10 total (1 active, 1 running), Execution time: mean = 0.14ms, total = 1.45ms, Queueing time: mean = 0.01ms, max = 0.02ms, min = 0.00ms, total = 0.08ms
	PeriodicalRunner.RunFnPeriodically - 8 total (0 active), Execution time: mean = 0.01ms, total = 0.10ms, Queueing time: mean = 0.05ms, max = 0.09ms, min = 0.00ms, total = 0.41ms
	Publisher.CheckDeadSubscribers - 3 total (1 active), Execution time: mean = 0.00ms, total = 0.00ms, Queueing time: mean = 0.00ms, max = 0.01ms, min = 0.01ms, total = 0.01ms
	ray::rpc::WorkerInfoGcsService.grpc_client.AddWorkerInfo.OnReplyReceived - 1 total (0 active), Execution time: mean = 0.02ms, total = 0.02ms, Queueing time: mean = 0.01ms, max = 0.01ms, min = 0.01ms, total = 0.01ms
	ray::rpc::WorkerInfoGcsService.grpc_client.AddWorkerInfo - 1 total (0 active), Execution time: mean = 0.28ms, total = 0.28ms, Queueing time: mean = 0.00ms, max = -0.00ms, min = 9223372036854.78ms, total = 0.00ms

-----------------
Task execution event stats:

Global stats: 59901 total (1 active)
Queueing time: mean = 0.02ms, max = 0.66ms, min = -0.05ms, total = 906.41ms
Execution time:  mean = 0.00ms, total = 154.70ms
Event stats:
	CoreWorker.CheckSignal - 59900 total (1 active), Execution time: mean = 0.00ms, total = 154.69ms, Queueing time: mean = 0.02ms, max = 0.66ms, min = -0.05ms, total = 906.41ms
	PeriodicalRunner.RunFnPeriodically - 1 total (0 active), Execution time: mean = 0.01ms, total = 0.01ms, Queueing time: mean = 0.00ms, max = 0.00ms, min = 0.00ms, total = 0.00ms

-----------------
Task Event stats:

IO Service Stats:

Global stats: 601 total (1 active)
Queueing time: mean = 0.02ms, max = 0.05ms, min = -0.00ms, total = 12.07ms
Execution time:  mean = 0.01ms, total = 4.35ms
Event stats:
	CoreWorker.deadline_timer.flush_task_events - 600 total (1 active), Execution time: mean = 0.01ms, total = 4.31ms, Queueing time: mean = 0.02ms, max = 0.05ms, min = -0.00ms, total = 12.07ms
	PeriodicalRunner.RunFnPeriodically - 1 total (0 active), Execution time: mean = 0.03ms, total = 0.03ms, Queueing time: mean = 0.01ms, max = 0.01ms, min = 0.01ms, total = 0.01ms
Other Stats:
	gcs_grpc_in_progress:0
	event_aggregator_grpc_in_progress:0
	current number of task status events in buffer: 0
	current number of profile events in buffer: 0
	current number of dropped task attempts tracked: 0
	total task events sent: 0 MiB
	total number of task attempts sent: 0
	total number of task attempts dropped reported: 0
	total number of sent failure: 0
	num status task events dropped: 0
	num profile task events dropped: 0
	num ray task events reported to aggregator: 0
	num ray task events failed to report to aggregator: 0
	num of task attempts dropped reported to aggregator: 0
	num of failed requests to aggregator: 0

[2026-09-03 22:10:04,283 I 1427 3825] core_worker.cc:498: Event stats:


Global stats: 8889 total (8 active)
Queueing time: mean = 0.02ms, max = 0.21ms, min = -0.00ms, total = 162.95ms
Execution time:  mean = 0.00ms, total = 37.14ms
Event stats:
	CoreWorker.RecoverObjects - 6599 total (1 active), Execution time: mean = 0.00ms, total = 15.10ms, Queueing time: mean = 0.02ms, max = 0.08ms, min = 0.00ms, total = 124.64ms
	CoreWorker.InternalHeartbeat - 660 total (1 active), Execution time: mean = 0.00ms, total = 1.98ms, Queueing time: mean = 0.02ms, max = 0.05ms, min = -0.00ms, total = 11.58ms
	CoreWorker.ReportWorkerBacklog - 660 total (1 active), Execution time: mean = 0.00ms, total = 1.91ms, Queueing time: mean = 0.02ms, max = 0.07ms, min = 0.00ms, total = 11.51ms
	CoreWorker.ExitIfParentRayletDies - 660 total (1 active), Execution time: mean = 0.00ms, total = 3.22ms, Queueing time: mean = 0.02ms, max = 0.07ms, min = -0.00ms, total = 10.29ms
	CoreWorker.RecordMetrics - 132 total (1 active), Execution time: mean = 0.02ms, total = 2.74ms, Queueing time: mean = 0.01ms, max = 0.06ms, min = 0.00ms, total = 1.78ms
	CoreWorker.TryDelPendingObjectRefStreams - 66 total (1 active), Execution time: mean = 0.00ms, total = 0.11ms, Queueing time: mean = 0.02ms, max = 0.21ms, min = 0.00ms, total = 1.58ms
	CoreWorkerService.grpc_server.GetCoreWorkerStats.HandleRequestImpl - 44 total (0 active), Execution time: mean = 0.03ms, total = 1.22ms, Queueing time: mean = 0.02ms, max = 0.08ms, min = 0.01ms, total = 1.06ms
	CoreWorkerService.grpc_server.GetCoreWorkerStats - 44 total (0 active), Execution time: mean = 0.20ms, total = 8.90ms, Queueing time: mean = 0.00ms, max = -0.00ms, min = 9223372036854.78ms, total = 0.00ms
	CoreWorker.PrintEventStats - 11 total (1 active, 1 running), Execution time: mean = 0.14ms, total = 1.56ms, Queueing time: mean = 0.01ms, max = 0.02ms, min = 0.00ms, total = 0.08ms
	PeriodicalRunner.RunFnPeriodically - 8 total (0 active), Execution time: mean = 0.01ms, total = 0.10ms, Queueing time: mean = 0.05ms, max = 0.09ms, min = 0.00ms, total = 0.41ms
	Publisher.CheckDeadSubscribers - 3 total (1 active), Execution time: mean = 0.00ms, total = 0.00ms, Queueing time: mean = 0.00ms, max = 0.01ms, min = 0.01ms, total = 0.01ms
	ray::rpc::WorkerInfoGcsService.grpc_client.AddWorkerInfo.OnReplyReceived - 1 total (0 active), Execution time: mean = 0.02ms, total = 0.02ms, Queueing time: mean = 0.01ms, max = 0.01ms, min = 0.01ms, total = 0.01ms
	ray::rpc::WorkerInfoGcsService.grpc_client.AddWorkerInfo - 1 total (0 active), Execution time: mean = 0.28ms, total = 0.28ms, Queueing time: mean = 0.00ms, max = -0.00ms, min = 9223372036854.78ms, total = 0.00ms

-----------------
Task execution event stats:

Global stats: 65893 total (1 active)
Queueing time: mean = 0.01ms, max = 0.66ms, min = -0.05ms, total = 973.42ms
Execution time:  mean = 0.00ms, total = 166.17ms
Event stats:
	CoreWorker.CheckSignal - 65892 total (1 active), Execution time: mean = 0.00ms, total = 166.16ms, Queueing time: mean = 0.01ms, max = 0.66ms, min = -0.05ms, total = 973.42ms
	PeriodicalRunner.RunFnPeriodically - 1 total (0 active), Execution time: mean = 0.01ms, total = 0.01ms, Queueing time: mean = 0.00ms, max = 0.00ms, min = 0.00ms, total = 0.00ms

-----------------
Task Event stats:

IO Service Stats:

Global stats: 661 total (1 active)
Queueing time: mean = 0.02ms, max = 0.05ms, min = -0.00ms, total = 13.05ms
Execution time:  mean = 0.01ms, total = 4.71ms
Event stats:
	CoreWorker.deadline_timer.flush_task_events - 660 total (1 active), Execution time: mean = 0.01ms, total = 4.68ms, Queueing time: mean = 0.02ms, max = 0.05ms, min = -0.00ms, total = 13.04ms
	PeriodicalRunner.RunFnPeriodically - 1 total (0 active), Execution time: mean = 0.03ms, total = 0.03ms, Queueing time: mean = 0.01ms, max = 0.01ms, min = 0.01ms, total = 0.01ms
Other Stats:
	gcs_grpc_in_progress:0
	event_aggregator_grpc_in_progress:0
	current number of task status events in buffer: 0
	current number of profile events in buffer: 0
	current number of dropped task attempts tracked: 0
	total task events sent: 0 MiB
	total number of task attempts sent: 0
	total number of task attempts dropped reported: 0
	total number of sent failure: 0
	num status task events dropped: 0
	num profile task events dropped: 0
	num ray task events reported to aggregator: 0
	num ray task events failed to report to aggregator: 0
	num of task attempts dropped reported to aggregator: 0
	num of failed requests to aggregator: 0

