[2026-09-03 21:59:04,267 I 1426 1426] core_worker_process.cc:868: Constructing CoreWorkerProcess. pid: 1426
[2026-09-03 21:59:04,268 I 1426 1426] event.cc:499: Ray Event initialized for CORE_WORKER
[2026-09-03 21:59:04,269 I 1426 1426] event.cc:499: Ray Event initialized for EXPORT_TASK
[2026-09-03 21:59:04,269 I 1426 1426] event.cc:332: Set ray event level to warning
[2026-09-03 21:59:04,270 I 1426 1426] grpc_server.cc:144: worker server started, listening on port 20039.
[2026-09-03 21:59:04,270 I 1426 1426] core_worker_process.cc:299: Initializing worker at address: 10.244.18.139:20039 worker_id=0677422b9bd5eff8d2b3f06000c933bc45ba4e130be5607914791a93 node_id=b668a6c13d1b7186690b035979a815ca1ce93506fd27e5e4ac7a3f5d
[2026-09-03 21:59:04,271 I 1426 1426] task_event_buffer.cc:535: Reporting task events to GCS every 1000ms.
[2026-09-03 21:59:04,271 I 1426 1426] core_worker.cc:568: Adjusted worker niceness to 15
[2026-09-03 21:59:04,271 I 1426 3613] core_worker.cc:498: Event stats:


Global stats: 11 total (9 active)
Queueing time: mean = 0.00ms, max = 0.01ms, min = 0.01ms, total = 0.02ms
Execution time:  mean = 0.00ms, total = 0.02ms
Event stats:
	PeriodicalRunner.RunFnPeriodically - 8 total (6 active, 1 running), Execution time: mean = 0.00ms, total = 0.02ms, Queueing time: mean = 0.00ms, max = 0.01ms, min = 0.01ms, total = 0.02ms
	ray::rpc::WorkerInfoGcsService.grpc_client.AddWorkerInfo - 1 total (1 active), Execution time: mean = 0.00ms, total = 0.00ms, Queueing time: mean = 0.00ms, max = -0.00ms, min = 9223372036854.78ms, total = 0.00ms
	Publisher.CheckDeadSubscribers - 1 total (1 active), Execution time: mean = 0.00ms, total = 0.00ms, Queueing time: mean = 0.00ms, max = -0.00ms, min = 9223372036854.78ms, total = 0.00ms
	CoreWorker.ExitIfParentRayletDies - 1 total (1 active), Execution time: mean = 0.00ms, total = 0.00ms, Queueing time: mean = 0.00ms, max = -0.00ms, min = 9223372036854.78ms, total = 0.00ms

-----------------
Task execution event stats:

Global stats: 0 total (0 active)
Queueing time: mean = -nanms, max = -0.00ms, min = 9223372036854.78ms, total = 0.00ms
Execution time:  mean = -nanms, total = 0.00ms
Event stats:

-----------------
Task Event stats:

IO Service Stats:

Global stats: 2 total (1 active)
Queueing time: mean = 0.00ms, max = 0.01ms, min = 0.01ms, total = 0.01ms
Execution time:  mean = 0.01ms, total = 0.03ms
Event stats:
	CoreWorker.deadline_timer.flush_task_events - 1 total (1 active), Execution time: mean = 0.00ms, total = 0.00ms, Queueing time: mean = 0.00ms, max = -0.00ms, min = 9223372036854.78ms, total = 0.00ms
	PeriodicalRunner.RunFnPeriodically - 1 total (0 active), Execution time: mean = 0.03ms, total = 0.03ms, Queueing time: mean = 0.01ms, max = 0.01ms, min = 0.01ms, total = 0.01ms
Other Stats:
	gcs_grpc_in_progress:0
	event_aggregator_grpc_in_progress:0
	current number of task status events in buffer: 0
	current number of profile events in buffer: 0
	current number of dropped task attempts tracked: 0
	total task events sent: 0 MiB
	total number of task attempts sent: 0
	total number of task attempts dropped reported: 0
	total number of sent failure: 0
	num status task events dropped: 0
	num profile task events dropped: 0
	num ray task events reported to aggregator: 0
	num ray task events failed to report to aggregator: 0
	num of task attempts dropped reported to aggregator: 0
	num of failed requests to aggregator: 0

[2026-09-03 22:00:04,271 I 1426 3613] core_worker.cc:498: Event stats:


Global stats: 818 total (8 active)
Queueing time: mean = 0.01ms, max = 0.11ms, min = 0.00ms, total = 11.79ms
Execution time:  mean = 0.00ms, total = 3.40ms
Event stats:
	CoreWorker.RecoverObjects - 600 total (1 active), Execution time: mean = 0.00ms, total = 0.97ms, Queueing time: mean = 0.01ms, max = 0.06ms, min = 0.00ms, total = 8.64ms
	CoreWorker.InternalHeartbeat - 60 total (1 active), Execution time: mean = 0.00ms, total = 0.12ms, Queueing time: mean = 0.01ms, max = 0.04ms, min = 0.00ms, total = 0.82ms
	CoreWorker.ExitIfParentRayletDies - 60 total (1 active), Execution time: mean = 0.00ms, total = 0.27ms, Queueing time: mean = 0.01ms, max = 0.03ms, min = 0.00ms, total = 0.76ms
	CoreWorker.ReportWorkerBacklog - 60 total (1 active), Execution time: mean = 0.00ms, total = 0.14ms, Queueing time: mean = 0.01ms, max = 0.04ms, min = 0.00ms, total = 0.80ms
	CoreWorker.RecordMetrics - 12 total (1 active), Execution time: mean = 0.02ms, total = 0.23ms, Queueing time: mean = 0.01ms, max = 0.03ms, min = 0.00ms, total = 0.13ms
	PeriodicalRunner.RunFnPeriodically - 8 total (0 active), Execution time: mean = 0.01ms, total = 0.12ms, Queueing time: mean = 0.06ms, max = 0.11ms, min = 0.01ms, total = 0.52ms
	CoreWorker.TryDelPendingObjectRefStreams - 6 total (1 active), Execution time: mean = 0.00ms, total = 0.01ms, Queueing time: mean = 0.01ms, max = 0.01ms, min = 0.00ms, total = 0.04ms
	CoreWorkerService.grpc_server.GetCoreWorkerStats.HandleRequestImpl - 4 total (0 active), Execution time: mean = 0.04ms, total = 0.18ms, Queueing time: mean = 0.02ms, max = 0.03ms, min = 0.01ms, total = 0.07ms
	CoreWorkerService.grpc_server.GetCoreWorkerStats - 4 total (0 active), Execution time: mean = 0.26ms, total = 1.02ms, Queueing time: mean = 0.00ms, max = -0.00ms, min = 9223372036854.78ms, total = 0.00ms
	CoreWorker.PrintEventStats - 1 total (1 active, 1 running), Execution time: mean = 0.00ms, total = 0.00ms, Queueing time: mean = 0.00ms, max = -0.00ms, min = 9223372036854.78ms, total = 0.00ms
	ray::rpc::WorkerInfoGcsService.grpc_client.AddWorkerInfo - 1 total (0 active), Execution time: mean = 0.34ms, total = 0.34ms, Queueing time: mean = 0.00ms, max = -0.00ms, min = 9223372036854.78ms, total = 0.00ms
	Publisher.CheckDeadSubscribers - 1 total (1 active), Execution time: mean = 0.00ms, total = 0.00ms, Queueing time: mean = 0.00ms, max = -0.00ms, min = 9223372036854.78ms, total = 0.00ms
	ray::rpc::WorkerInfoGcsService.grpc_client.AddWorkerInfo.OnReplyReceived - 1 total (0 active), Execution time: mean = 0.02ms, total = 0.02ms, Queueing time: mean = 0.01ms, max = 0.01ms, min = 0.01ms, total = 0.01ms

-----------------
Task execution event stats:

Global stats: 5992 total (1 active)
Queueing time: mean = 0.02ms, max = 0.31ms, min = -0.01ms, total = 91.26ms
Execution time:  mean = 0.00ms, total = 12.22ms
Event stats:
	CoreWorker.CheckSignal - 5991 total (1 active), Execution time: mean = 0.00ms, total = 12.22ms, Queueing time: mean = 0.02ms, max = 0.31ms, min = -0.01ms, total = 91.26ms
	PeriodicalRunner.RunFnPeriodically - 1 total (0 active), Execution time: mean = 0.01ms, total = 0.01ms, Queueing time: mean = 0.00ms, max = 0.00ms, min = 0.00ms, total = 0.00ms

-----------------
Task Event stats:

IO Service Stats:

Global stats: 61 total (1 active)
Queueing time: mean = 0.02ms, max = 0.05ms, min = 0.01ms, total = 1.32ms
Execution time:  mean = 0.01ms, total = 0.47ms
Event stats:
	CoreWorker.deadline_timer.flush_task_events - 60 total (1 active), Execution time: mean = 0.01ms, total = 0.44ms, Queueing time: mean = 0.02ms, max = 0.05ms, min = 0.01ms, total = 1.31ms
	PeriodicalRunner.RunFnPeriodically - 1 total (0 active), Execution time: mean = 0.03ms, total = 0.03ms, Queueing time: mean = 0.01ms, max = 0.01ms, min = 0.01ms, total = 0.01ms
Other Stats:
	gcs_grpc_in_progress:0
	event_aggregator_grpc_in_progress:0
	current number of task status events in buffer: 0
	current number of profile events in buffer: 0
	current number of dropped task attempts tracked: 0
	total task events sent: 0 MiB
	total number of task attempts sent: 0
	total number of task attempts dropped reported: 0
	total number of sent failure: 0
	num status task events dropped: 0
	num profile task events dropped: 0
	num ray task events reported to aggregator: 0
	num ray task events failed to report to aggregator: 0
	num of task attempts dropped reported to aggregator: 0
	num of failed requests to aggregator: 0

[2026-09-03 22:01:04,272 I 1426 3613] core_worker.cc:498: Event stats:


Global stats: 1625 total (8 active)
Queueing time: mean = 0.02ms, max = 0.29ms, min = 0.00ms, total = 24.59ms
Execution time:  mean = 0.00ms, total = 6.70ms
Event stats:
	CoreWorker.RecoverObjects - 1200 total (1 active), Execution time: mean = 0.00ms, total = 2.22ms, Queueing time: mean = 0.02ms, max = 0.06ms, min = 0.00ms, total = 18.08ms
	CoreWorker.InternalHeartbeat - 120 total (1 active), Execution time: mean = 0.00ms, total = 0.26ms, Queueing time: mean = 0.02ms, max = 0.04ms, min = 0.00ms, total = 1.82ms
	CoreWorker.ExitIfParentRayletDies - 120 total (1 active), Execution time: mean = 0.01ms, total = 0.60ms, Queueing time: mean = 0.01ms, max = 0.04ms, min = 0.00ms, total = 1.58ms
	CoreWorker.ReportWorkerBacklog - 120 total (1 active), Execution time: mean = 0.00ms, total = 0.32ms, Queueing time: mean = 0.01ms, max = 0.04ms, min = 0.00ms, total = 1.76ms
	CoreWorker.RecordMetrics - 24 total (1 active), Execution time: mean = 0.02ms, total = 0.48ms, Queueing time: mean = 0.01ms, max = 0.03ms, min = 0.00ms, total = 0.28ms
	CoreWorker.TryDelPendingObjectRefStreams - 12 total (1 active), Execution time: mean = 0.00ms, total = 0.02ms, Queueing time: mean = 0.03ms, max = 0.29ms, min = 0.00ms, total = 0.40ms
	CoreWorkerService.grpc_server.GetCoreWorkerStats.HandleRequestImpl - 8 total (0 active), Execution time: mean = 0.03ms, total = 0.26ms, Queueing time: mean = 0.02ms, max = 0.03ms, min = 0.01ms, total = 0.14ms
	CoreWorkerService.grpc_server.GetCoreWorkerStats - 8 total (0 active), Execution time: mean = 0.21ms, total = 1.71ms, Queueing time: mean = 0.00ms, max = -0.00ms, min = 9223372036854.78ms, total = 0.00ms
	PeriodicalRunner.RunFnPeriodically - 8 total (0 active), Execution time: mean = 0.01ms, total = 0.12ms, Queueing time: mean = 0.06ms, max = 0.11ms, min = 0.01ms, total = 0.52ms
	CoreWorker.PrintEventStats - 2 total (1 active, 1 running), Execution time: mean = 0.17ms, total = 0.34ms, Queueing time: mean = 0.01ms, max = 0.01ms, min = 0.01ms, total = 0.01ms
	ray::rpc::WorkerInfoGcsService.grpc_client.AddWorkerInfo - 1 total (0 active), Execution time: mean = 0.34ms, total = 0.34ms, Queueing time: mean = 0.00ms, max = -0.00ms, min = 9223372036854.78ms, total = 0.00ms
	Publisher.CheckDeadSubscribers - 1 total (1 active), Execution time: mean = 0.00ms, total = 0.00ms, Queueing time: mean = 0.00ms, max = -0.00ms, min = 9223372036854.78ms, total = 0.00ms
	ray::rpc::WorkerInfoGcsService.grpc_client.AddWorkerInfo.OnReplyReceived - 1 total (0 active), Execution time: mean = 0.02ms, total = 0.02ms, Queueing time: mean = 0.01ms, max = 0.01ms, min = 0.01ms, total = 0.01ms

-----------------
Task execution event stats:

Global stats: 11982 total (1 active)
Queueing time: mean = 0.01ms, max = 1.51ms, min = -0.06ms, total = 172.37ms
Execution time:  mean = 0.00ms, total = 25.88ms
Event stats:
	CoreWorker.CheckSignal - 11981 total (1 active), Execution time: mean = 0.00ms, total = 25.87ms, Queueing time: mean = 0.01ms, max = 1.51ms, min = -0.06ms, total = 172.37ms
	PeriodicalRunner.RunFnPeriodically - 1 total (0 active), Execution time: mean = 0.01ms, total = 0.01ms, Queueing time: mean = 0.00ms, max = 0.00ms, min = 0.00ms, total = 0.00ms

-----------------
Task Event stats:

IO Service Stats:

Global stats: 121 total (1 active)
Queueing time: mean = 0.02ms, max = 0.05ms, min = 0.00ms, total = 2.64ms
Execution time:  mean = 0.01ms, total = 0.93ms
Event stats:
	CoreWorker.deadline_timer.flush_task_events - 120 total (1 active), Execution time: mean = 0.01ms, total = 0.90ms, Queueing time: mean = 0.02ms, max = 0.05ms, min = 0.00ms, total = 2.63ms
	PeriodicalRunner.RunFnPeriodically - 1 total (0 active), Execution time: mean = 0.03ms, total = 0.03ms, Queueing time: mean = 0.01ms, max = 0.01ms, min = 0.01ms, total = 0.01ms
Other Stats:
	gcs_grpc_in_progress:0
	event_aggregator_grpc_in_progress:0
	current number of task status events in buffer: 0
	current number of profile events in buffer: 0
	current number of dropped task attempts tracked: 0
	total task events sent: 0 MiB
	total number of task attempts sent: 0
	total number of task attempts dropped reported: 0
	total number of sent failure: 0
	num status task events dropped: 0
	num profile task events dropped: 0
	num ray task events reported to aggregator: 0
	num ray task events failed to report to aggregator: 0
	num of task attempts dropped reported to aggregator: 0
	num of failed requests to aggregator: 0

[2026-09-03 22:02:04,272 I 1426 3613] core_worker.cc:498: Event stats:


Global stats: 2432 total (8 active)
Queueing time: mean = 0.02ms, max = 0.29ms, min = -0.02ms, total = 43.19ms
Execution time:  mean = 0.00ms, total = 10.04ms
Event stats:
	CoreWorker.RecoverObjects - 1800 total (1 active), Execution time: mean = 0.00ms, total = 3.59ms, Queueing time: mean = 0.02ms, max = 0.06ms, min = -0.02ms, total = 31.85ms
	CoreWorker.InternalHeartbeat - 180 total (1 active), Execution time: mean = 0.00ms, total = 0.39ms, Queueing time: mean = 0.02ms, max = 0.06ms, min = 0.00ms, total = 3.34ms
	CoreWorker.ExitIfParentRayletDies - 180 total (1 active), Execution time: mean = 0.00ms, total = 0.89ms, Queueing time: mean = 0.02ms, max = 0.05ms, min = 0.00ms, total = 2.95ms
	CoreWorker.ReportWorkerBacklog - 180 total (1 active), Execution time: mean = 0.00ms, total = 0.49ms, Queueing time: mean = 0.02ms, max = 0.06ms, min = 0.00ms, total = 3.24ms
	CoreWorker.RecordMetrics - 36 total (1 active), Execution time: mean = 0.02ms, total = 0.72ms, Queueing time: mean = 0.01ms, max = 0.06ms, min = 0.00ms, total = 0.53ms
	CoreWorker.TryDelPendingObjectRefStreams - 18 total (1 active), Execution time: mean = 0.00ms, total = 0.03ms, Queueing time: mean = 0.03ms, max = 0.29ms, min = 0.00ms, total = 0.50ms
	CoreWorkerService.grpc_server.GetCoreWorkerStats.HandleRequestImpl - 12 total (0 active), Execution time: mean = 0.03ms, total = 0.36ms, Queueing time: mean = 0.02ms, max = 0.03ms, min = 0.01ms, total = 0.22ms
	CoreWorkerService.grpc_server.GetCoreWorkerStats - 12 total (0 active), Execution time: mean = 0.22ms, total = 2.62ms, Queueing time: mean = 0.00ms, max = -0.00ms, min = 9223372036854.78ms, total = 0.00ms
	PeriodicalRunner.RunFnPeriodically - 8 total (0 active), Execution time: mean = 0.01ms, total = 0.12ms, Queueing time: mean = 0.06ms, max = 0.11ms, min = 0.01ms, total = 0.52ms
	CoreWorker.PrintEventStats - 3 total (1 active, 1 running), Execution time: mean = 0.16ms, total = 0.47ms, Queueing time: mean = 0.01ms, max = 0.01ms, min = 0.01ms, total = 0.02ms
	ray::rpc::WorkerInfoGcsService.grpc_client.AddWorkerInfo - 1 total (0 active), Execution time: mean = 0.34ms, total = 0.34ms, Queueing time: mean = 0.00ms, max = -0.00ms, min = 9223372036854.78ms, total = 0.00ms
	Publisher.CheckDeadSubscribers - 1 total (1 active), Execution time: mean = 0.00ms, total = 0.00ms, Queueing time: mean = 0.00ms, max = -0.00ms, min = 9223372036854.78ms, total = 0.00ms
	ray::rpc::WorkerInfoGcsService.grpc_client.AddWorkerInfo.OnReplyReceived - 1 total (0 active), Execution time: mean = 0.02ms, total = 0.02ms, Queueing time: mean = 0.01ms, max = 0.01ms, min = 0.01ms, total = 0.01ms

-----------------
Task execution event stats:

Global stats: 17967 total (1 active)
Queueing time: mean = 0.02ms, max = 1.51ms, min = -0.06ms, total = 313.43ms
Execution time:  mean = 0.00ms, total = 47.34ms
Event stats:
	CoreWorker.CheckSignal - 17966 total (1 active), Execution time: mean = 0.00ms, total = 47.34ms, Queueing time: mean = 0.02ms, max = 1.51ms, min = -0.06ms, total = 313.43ms
	PeriodicalRunner.RunFnPeriodically - 1 total (0 active), Execution time: mean = 0.01ms, total = 0.01ms, Queueing time: mean = 0.00ms, max = 0.00ms, min = 0.00ms, total = 0.00ms

-----------------
Task Event stats:

IO Service Stats:

Global stats: 181 total (1 active)
Queueing time: mean = 0.02ms, max = 0.05ms, min = 0.00ms, total = 4.20ms
Execution time:  mean = 0.01ms, total = 1.43ms
Event stats:
	CoreWorker.deadline_timer.flush_task_events - 180 total (1 active), Execution time: mean = 0.01ms, total = 1.40ms, Queueing time: mean = 0.02ms, max = 0.05ms, min = 0.00ms, total = 4.19ms
	PeriodicalRunner.RunFnPeriodically - 1 total (0 active), Execution time: mean = 0.03ms, total = 0.03ms, Queueing time: mean = 0.01ms, max = 0.01ms, min = 0.01ms, total = 0.01ms
Other Stats:
	gcs_grpc_in_progress:0
	event_aggregator_grpc_in_progress:0
	current number of task status events in buffer: 0
	current number of profile events in buffer: 0
	current number of dropped task attempts tracked: 0
	total task events sent: 0 MiB
	total number of task attempts sent: 0
	total number of task attempts dropped reported: 0
	total number of sent failure: 0
	num status task events dropped: 0
	num profile task events dropped: 0
	num ray task events reported to aggregator: 0
	num ray task events failed to report to aggregator: 0
	num of task attempts dropped reported to aggregator: 0
	num of failed requests to aggregator: 0

[2026-09-03 22:03:04,272 I 1426 3613] core_worker.cc:498: Event stats:


Global stats: 3239 total (8 active)
Queueing time: mean = 0.02ms, max = 0.29ms, min = -0.02ms, total = 61.26ms
Execution time:  mean = 0.00ms, total = 14.12ms
Event stats:
	CoreWorker.RecoverObjects - 2400 total (1 active), Execution time: mean = 0.00ms, total = 5.18ms, Queueing time: mean = 0.02ms, max = 0.07ms, min = -0.02ms, total = 45.11ms
	CoreWorker.InternalHeartbeat - 240 total (1 active), Execution time: mean = 0.00ms, total = 0.59ms, Queueing time: mean = 0.02ms, max = 0.07ms, min = 0.00ms, total = 4.85ms
	CoreWorker.ExitIfParentRayletDies - 240 total (1 active), Execution time: mean = 0.01ms, total = 1.29ms, Queueing time: mean = 0.02ms, max = 0.07ms, min = 0.00ms, total = 4.27ms
	CoreWorker.ReportWorkerBacklog - 240 total (1 active), Execution time: mean = 0.00ms, total = 0.72ms, Queueing time: mean = 0.02ms, max = 0.06ms, min = 0.00ms, total = 4.71ms
	CoreWorker.RecordMetrics - 48 total (1 active), Execution time: mean = 0.02ms, total = 1.02ms, Queueing time: mean = 0.02ms, max = 0.06ms, min = 0.00ms, total = 0.76ms
	CoreWorker.TryDelPendingObjectRefStreams - 24 total (1 active), Execution time: mean = 0.00ms, total = 0.04ms, Queueing time: mean = 0.03ms, max = 0.29ms, min = 0.00ms, total = 0.65ms
	CoreWorkerService.grpc_server.GetCoreWorkerStats.HandleRequestImpl - 16 total (0 active), Execution time: mean = 0.03ms, total = 0.49ms, Queueing time: mean = 0.02ms, max = 0.05ms, min = 0.01ms, total = 0.34ms
	CoreWorkerService.grpc_server.GetCoreWorkerStats - 16 total (0 active), Execution time: mean = 0.23ms, total = 3.72ms, Queueing time: mean = 0.00ms, max = -0.00ms, min = 9223372036854.78ms, total = 0.00ms
	PeriodicalRunner.RunFnPeriodically - 8 total (0 active), Execution time: mean = 0.01ms, total = 0.12ms, Queueing time: mean = 0.06ms, max = 0.11ms, min = 0.01ms, total = 0.52ms
	CoreWorker.PrintEventStats - 4 total (1 active, 1 running), Execution time: mean = 0.15ms, total = 0.60ms, Queueing time: mean = 0.01ms, max = 0.01ms, min = 0.01ms, total = 0.04ms
	ray::rpc::WorkerInfoGcsService.grpc_client.AddWorkerInfo - 1 total (0 active), Execution time: mean = 0.34ms, total = 0.34ms, Queueing time: mean = 0.00ms, max = -0.00ms, min = 9223372036854.78ms, total = 0.00ms
	Publisher.CheckDeadSubscribers - 1 total (1 active), Execution time: mean = 0.00ms, total = 0.00ms, Queueing time: mean = 0.00ms, max = -0.00ms, min = 9223372036854.78ms, total = 0.00ms
	ray::rpc::WorkerInfoGcsService.grpc_client.AddWorkerInfo.OnReplyReceived - 1 total (0 active), Execution time: mean = 0.02ms, total = 0.02ms, Queueing time: mean = 0.01ms, max = 0.01ms, min = 0.01ms, total = 0.01ms

-----------------
Task execution event stats:

Global stats: 23953 total (1 active)
Queueing time: mean = 0.02ms, max = 1.51ms, min = -0.06ms, total = 437.22ms
Execution time:  mean = 0.00ms, total = 65.82ms
Event stats:
	CoreWorker.CheckSignal - 23952 total (1 active), Execution time: mean = 0.00ms, total = 65.81ms, Queueing time: mean = 0.02ms, max = 1.51ms, min = -0.06ms, total = 437.22ms
	PeriodicalRunner.RunFnPeriodically - 1 total (0 active), Execution time: mean = 0.01ms, total = 0.01ms, Queueing time: mean = 0.00ms, max = 0.00ms, min = 0.00ms, total = 0.00ms

-----------------
Task Event stats:

IO Service Stats:

Global stats: 241 total (1 active)
Queueing time: mean = 0.02ms, max = 0.06ms, min = 0.00ms, total = 5.94ms
Execution time:  mean = 0.01ms, total = 2.03ms
Event stats:
	CoreWorker.deadline_timer.flush_task_events - 240 total (1 active), Execution time: mean = 0.01ms, total = 2.00ms, Queueing time: mean = 0.02ms, max = 0.06ms, min = 0.00ms, total = 5.93ms
	PeriodicalRunner.RunFnPeriodically - 1 total (0 active), Execution time: mean = 0.03ms, total = 0.03ms, Queueing time: mean = 0.01ms, max = 0.01ms, min = 0.01ms, total = 0.01ms
Other Stats:
	gcs_grpc_in_progress:0
	event_aggregator_grpc_in_progress:0
	current number of task status events in buffer: 0
	current number of profile events in buffer: 0
	current number of dropped task attempts tracked: 0
	total task events sent: 0 MiB
	total number of task attempts sent: 0
	total number of task attempts dropped reported: 0
	total number of sent failure: 0
	num status task events dropped: 0
	num profile task events dropped: 0
	num ray task events reported to aggregator: 0
	num ray task events failed to report to aggregator: 0
	num of task attempts dropped reported to aggregator: 0
	num of failed requests to aggregator: 0

[2026-09-03 22:04:04,272 I 1426 3613] core_worker.cc:498: Event stats:


Global stats: 4047 total (8 active)
Queueing time: mean = 0.02ms, max = 0.29ms, min = -0.02ms, total = 78.32ms
Execution time:  mean = 0.00ms, total = 18.23ms
Event stats:
	CoreWorker.RecoverObjects - 3000 total (1 active), Execution time: mean = 0.00ms, total = 6.60ms, Queueing time: mean = 0.02ms, max = 0.07ms, min = -0.02ms, total = 57.52ms
	CoreWorker.InternalHeartbeat - 300 total (1 active), Execution time: mean = 0.00ms, total = 0.80ms, Queueing time: mean = 0.02ms, max = 0.07ms, min = 0.00ms, total = 6.28ms
	CoreWorker.ExitIfParentRayletDies - 300 total (1 active), Execution time: mean = 0.01ms, total = 1.74ms, Queueing time: mean = 0.02ms, max = 0.07ms, min = 0.00ms, total = 5.49ms
	CoreWorker.ReportWorkerBacklog - 300 total (1 active), Execution time: mean = 0.00ms, total = 0.97ms, Queueing time: mean = 0.02ms, max = 0.06ms, min = 0.00ms, total = 6.11ms
	CoreWorker.RecordMetrics - 60 total (1 active), Execution time: mean = 0.02ms, total = 1.41ms, Queueing time: mean = 0.02ms, max = 0.06ms, min = 0.00ms, total = 0.94ms
	CoreWorker.TryDelPendingObjectRefStreams - 30 total (1 active), Execution time: mean = 0.00ms, total = 0.06ms, Queueing time: mean = 0.03ms, max = 0.29ms, min = 0.00ms, total = 0.94ms
	CoreWorkerService.grpc_server.GetCoreWorkerStats.HandleRequestImpl - 20 total (0 active), Execution time: mean = 0.03ms, total = 0.61ms, Queueing time: mean = 0.02ms, max = 0.05ms, min = 0.01ms, total = 0.46ms
	CoreWorkerService.grpc_server.GetCoreWorkerStats - 20 total (0 active), Execution time: mean = 0.23ms, total = 4.69ms, Queueing time: mean = 0.00ms, max = -0.00ms, min = 9223372036854.78ms, total = 0.00ms
	PeriodicalRunner.RunFnPeriodically - 8 total (0 active), Execution time: mean = 0.01ms, total = 0.12ms, Queueing time: mean = 0.06ms, max = 0.11ms, min = 0.01ms, total = 0.52ms
	CoreWorker.PrintEventStats - 5 total (1 active, 1 running), Execution time: mean = 0.18ms, total = 0.88ms, Queueing time: mean = 0.01ms, max = 0.01ms, min = 0.01ms, total = 0.05ms
	Publisher.CheckDeadSubscribers - 2 total (1 active), Execution time: mean = 0.00ms, total = 0.00ms, Queueing time: mean = 0.00ms, max = 0.01ms, min = 0.01ms, total = 0.01ms
	ray::rpc::WorkerInfoGcsService.grpc_client.AddWorkerInfo - 1 total (0 active), Execution time: mean = 0.34ms, total = 0.34ms, Queueing time: mean = 0.00ms, max = -0.00ms, min = 9223372036854.78ms, total = 0.00ms
	ray::rpc::WorkerInfoGcsService.grpc_client.AddWorkerInfo.OnReplyReceived - 1 total (0 active), Execution time: mean = 0.02ms, total = 0.02ms, Queueing time: mean = 0.01ms, max = 0.01ms, min = 0.01ms, total = 0.01ms

-----------------
Task execution event stats:

Global stats: 29939 total (1 active)
Queueing time: mean = 0.02ms, max = 1.51ms, min = -0.06ms, total = 563.36ms
Execution time:  mean = 0.00ms, total = 86.63ms
Event stats:
	CoreWorker.CheckSignal - 29938 total (1 active), Execution time: mean = 0.00ms, total = 86.62ms, Queueing time: mean = 0.02ms, max = 1.51ms, min = -0.06ms, total = 563.36ms
	PeriodicalRunner.RunFnPeriodically - 1 total (0 active), Execution time: mean = 0.01ms, total = 0.01ms, Queueing time: mean = 0.00ms, max = 0.00ms, min = 0.00ms, total = 0.00ms

-----------------
Task Event stats:

IO Service Stats:

Global stats: 301 total (1 active)
Queueing time: mean = 0.03ms, max = 0.07ms, min = 0.00ms, total = 7.66ms
Execution time:  mean = 0.01ms, total = 2.60ms
Event stats:
	CoreWorker.deadline_timer.flush_task_events - 300 total (1 active), Execution time: mean = 0.01ms, total = 2.57ms, Queueing time: mean = 0.03ms, max = 0.07ms, min = 0.00ms, total = 7.65ms
	PeriodicalRunner.RunFnPeriodically - 1 total (0 active), Execution time: mean = 0.03ms, total = 0.03ms, Queueing time: mean = 0.01ms, max = 0.01ms, min = 0.01ms, total = 0.01ms
Other Stats:
	gcs_grpc_in_progress:0
	event_aggregator_grpc_in_progress:0
	current number of task status events in buffer: 0
	current number of profile events in buffer: 0
	current number of dropped task attempts tracked: 0
	total task events sent: 0 MiB
	total number of task attempts sent: 0
	total number of task attempts dropped reported: 0
	total number of sent failure: 0
	num status task events dropped: 0
	num profile task events dropped: 0
	num ray task events reported to aggregator: 0
	num ray task events failed to report to aggregator: 0
	num of task attempts dropped reported to aggregator: 0
	num of failed requests to aggregator: 0

[2026-09-03 22:05:04,272 I 1426 3613] core_worker.cc:498: Event stats:


Global stats: 4854 total (8 active)
Queueing time: mean = 0.02ms, max = 0.29ms, min = -0.02ms, total = 94.66ms
Execution time:  mean = 0.00ms, total = 22.22ms
Event stats:
	CoreWorker.RecoverObjects - 3600 total (1 active), Execution time: mean = 0.00ms, total = 7.97ms, Queueing time: mean = 0.02ms, max = 0.07ms, min = -0.02ms, total = 69.38ms
	CoreWorker.InternalHeartbeat - 360 total (1 active), Execution time: mean = 0.00ms, total = 1.01ms, Queueing time: mean = 0.02ms, max = 0.07ms, min = 0.00ms, total = 7.70ms
	CoreWorker.ExitIfParentRayletDies - 360 total (1 active), Execution time: mean = 0.01ms, total = 2.22ms, Queueing time: mean = 0.02ms, max = 0.07ms, min = 0.00ms, total = 6.64ms
	CoreWorker.ReportWorkerBacklog - 360 total (1 active), Execution time: mean = 0.00ms, total = 1.22ms, Queueing time: mean = 0.02ms, max = 0.06ms, min = 0.00ms, total = 7.50ms
	CoreWorker.RecordMetrics - 72 total (1 active), Execution time: mean = 0.03ms, total = 1.82ms, Queueing time: mean = 0.02ms, max = 0.06ms, min = 0.00ms, total = 1.11ms
	CoreWorker.TryDelPendingObjectRefStreams - 36 total (1 active), Execution time: mean = 0.00ms, total = 0.07ms, Queueing time: mean = 0.03ms, max = 0.29ms, min = 0.00ms, total = 1.16ms
	CoreWorkerService.grpc_server.GetCoreWorkerStats.HandleRequestImpl - 24 total (0 active), Execution time: mean = 0.03ms, total = 0.79ms, Queueing time: mean = 0.02ms, max = 0.05ms, min = 0.01ms, total = 0.56ms
	CoreWorkerService.grpc_server.GetCoreWorkerStats - 24 total (0 active), Execution time: mean = 0.23ms, total = 5.52ms, Queueing time: mean = 0.00ms, max = -0.00ms, min = 9223372036854.78ms, total = 0.00ms
	PeriodicalRunner.RunFnPeriodically - 8 total (0 active), Execution time: mean = 0.01ms, total = 0.12ms, Queueing time: mean = 0.06ms, max = 0.11ms, min = 0.01ms, total = 0.52ms
	CoreWorker.PrintEventStats - 6 total (1 active, 1 running), Execution time: mean = 0.19ms, total = 1.11ms, Queueing time: mean = 0.01ms, max = 0.01ms, min = 0.01ms, total = 0.06ms
	Publisher.CheckDeadSubscribers - 2 total (1 active), Execution time: mean = 0.00ms, total = 0.00ms, Queueing time: mean = 0.00ms, max = 0.01ms, min = 0.01ms, total = 0.01ms
	ray::rpc::WorkerInfoGcsService.grpc_client.AddWorkerInfo - 1 total (0 active), Execution time: mean = 0.34ms, total = 0.34ms, Queueing time: mean = 0.00ms, max = -0.00ms, min = 9223372036854.78ms, total = 0.00ms
	ray::rpc::WorkerInfoGcsService.grpc_client.AddWorkerInfo.OnReplyReceived - 1 total (0 active), Execution time: mean = 0.02ms, total = 0.02ms, Queueing time: mean = 0.01ms, max = 0.01ms, min = 0.01ms, total = 0.01ms

-----------------
Task execution event stats:

Global stats: 35926 total (1 active)
Queueing time: mean = 0.02ms, max = 1.51ms, min = -0.06ms, total = 688.75ms
Execution time:  mean = 0.00ms, total = 106.69ms
Event stats:
	CoreWorker.CheckSignal - 35925 total (1 active), Execution time: mean = 0.00ms, total = 106.68ms, Queueing time: mean = 0.02ms, max = 1.51ms, min = -0.06ms, total = 688.75ms
	PeriodicalRunner.RunFnPeriodically - 1 total (0 active), Execution time: mean = 0.01ms, total = 0.01ms, Queueing time: mean = 0.00ms, max = 0.00ms, min = 0.00ms, total = 0.00ms

-----------------
Task Event stats:

IO Service Stats:

Global stats: 361 total (1 active)
Queueing time: mean = 0.03ms, max = 0.07ms, min = 0.00ms, total = 9.26ms
Execution time:  mean = 0.01ms, total = 3.10ms
Event stats:
	CoreWorker.deadline_timer.flush_task_events - 360 total (1 active), Execution time: mean = 0.01ms, total = 3.07ms, Queueing time: mean = 0.03ms, max = 0.07ms, min = 0.00ms, total = 9.25ms
	PeriodicalRunner.RunFnPeriodically - 1 total (0 active), Execution time: mean = 0.03ms, total = 0.03ms, Queueing time: mean = 0.01ms, max = 0.01ms, min = 0.01ms, total = 0.01ms
Other Stats:
	gcs_grpc_in_progress:0
	event_aggregator_grpc_in_progress:0
	current number of task status events in buffer: 0
	current number of profile events in buffer: 0
	current number of dropped task attempts tracked: 0
	total task events sent: 0 MiB
	total number of task attempts sent: 0
	total number of task attempts dropped reported: 0
	total number of sent failure: 0
	num status task events dropped: 0
	num profile task events dropped: 0
	num ray task events reported to aggregator: 0
	num ray task events failed to report to aggregator: 0
	num of task attempts dropped reported to aggregator: 0
	num of failed requests to aggregator: 0

[2026-09-03 22:06:04,273 I 1426 3613] core_worker.cc:498: Event stats:


Global stats: 5661 total (8 active)
Queueing time: mean = 0.02ms, max = 0.29ms, min = -0.02ms, total = 108.44ms
Execution time:  mean = 0.00ms, total = 26.22ms
Event stats:
	CoreWorker.RecoverObjects - 4200 total (1 active), Execution time: mean = 0.00ms, total = 9.35ms, Queueing time: mean = 0.02ms, max = 0.10ms, min = -0.02ms, total = 79.56ms
	CoreWorker.InternalHeartbeat - 420 total (1 active), Execution time: mean = 0.00ms, total = 1.34ms, Queueing time: mean = 0.02ms, max = 0.07ms, min = 0.00ms, total = 8.84ms
	CoreWorker.ExitIfParentRayletDies - 420 total (1 active), Execution time: mean = 0.01ms, total = 2.81ms, Queueing time: mean = 0.02ms, max = 0.07ms, min = 0.00ms, total = 7.53ms
	CoreWorker.ReportWorkerBacklog - 420 total (1 active), Execution time: mean = 0.00ms, total = 1.55ms, Queueing time: mean = 0.02ms, max = 0.06ms, min = 0.00ms, total = 8.63ms
	CoreWorker.RecordMetrics - 84 total (1 active), Execution time: mean = 0.03ms, total = 2.22ms, Queueing time: mean = 0.02ms, max = 0.06ms, min = 0.00ms, total = 1.27ms
	CoreWorker.TryDelPendingObjectRefStreams - 42 total (1 active), Execution time: mean = 0.00ms, total = 0.09ms, Queueing time: mean = 0.03ms, max = 0.29ms, min = 0.00ms, total = 1.36ms
	CoreWorkerService.grpc_server.GetCoreWorkerStats.HandleRequestImpl - 28 total (0 active), Execution time: mean = 0.03ms, total = 0.89ms, Queueing time: mean = 0.02ms, max = 0.05ms, min = 0.01ms, total = 0.65ms
	CoreWorkerService.grpc_server.GetCoreWorkerStats - 28 total (0 active), Execution time: mean = 0.22ms, total = 6.17ms, Queueing time: mean = 0.00ms, max = -0.00ms, min = 9223372036854.78ms, total = 0.00ms
	PeriodicalRunner.RunFnPeriodically - 8 total (0 active), Execution time: mean = 0.01ms, total = 0.12ms, Queueing time: mean = 0.06ms, max = 0.11ms, min = 0.01ms, total = 0.52ms
	CoreWorker.PrintEventStats - 7 total (1 active, 1 running), Execution time: mean = 0.19ms, total = 1.31ms, Queueing time: mean = 0.01ms, max = 0.01ms, min = 0.01ms, total = 0.07ms
	Publisher.CheckDeadSubscribers - 2 total (1 active), Execution time: mean = 0.00ms, total = 0.00ms, Queueing time: mean = 0.00ms, max = 0.01ms, min = 0.01ms, total = 0.01ms
	ray::rpc::WorkerInfoGcsService.grpc_client.AddWorkerInfo - 1 total (0 active), Execution time: mean = 0.34ms, total = 0.34ms, Queueing time: mean = 0.00ms, max = -0.00ms, min = 9223372036854.78ms, total = 0.00ms
	ray::rpc::WorkerInfoGcsService.grpc_client.AddWorkerInfo.OnReplyReceived - 1 total (0 active), Execution time: mean = 0.02ms, total = 0.02ms, Queueing time: mean = 0.01ms, max = 0.01ms, min = 0.01ms, total = 0.01ms

-----------------
Task execution event stats:

Global stats: 41918 total (1 active)
Queueing time: mean = 0.02ms, max = 1.51ms, min = -0.06ms, total = 758.92ms
Execution time:  mean = 0.00ms, total = 115.36ms
Event stats:
	CoreWorker.CheckSignal - 41917 total (1 active), Execution time: mean = 0.00ms, total = 115.36ms, Queueing time: mean = 0.02ms, max = 1.51ms, min = -0.06ms, total = 758.91ms
	PeriodicalRunner.RunFnPeriodically - 1 total (0 active), Execution time: mean = 0.01ms, total = 0.01ms, Queueing time: mean = 0.00ms, max = 0.00ms, min = 0.00ms, total = 0.00ms

-----------------
Task Event stats:

IO Service Stats:

Global stats: 421 total (1 active)
Queueing time: mean = 0.03ms, max = 0.07ms, min = 0.00ms, total = 10.63ms
Execution time:  mean = 0.01ms, total = 3.55ms
Event stats:
	CoreWorker.deadline_timer.flush_task_events - 420 total (1 active), Execution time: mean = 0.01ms, total = 3.52ms, Queueing time: mean = 0.03ms, max = 0.07ms, min = 0.00ms, total = 10.62ms
	PeriodicalRunner.RunFnPeriodically - 1 total (0 active), Execution time: mean = 0.03ms, total = 0.03ms, Queueing time: mean = 0.01ms, max = 0.01ms, min = 0.01ms, total = 0.01ms
Other Stats:
	gcs_grpc_in_progress:0
	event_aggregator_grpc_in_progress:0
	current number of task status events in buffer: 0
	current number of profile events in buffer: 0
	current number of dropped task attempts tracked: 0
	total task events sent: 0 MiB
	total number of task attempts sent: 0
	total number of task attempts dropped reported: 0
	total number of sent failure: 0
	num status task events dropped: 0
	num profile task events dropped: 0
	num ray task events reported to aggregator: 0
	num ray task events failed to report to aggregator: 0
	num of task attempts dropped reported to aggregator: 0
	num of failed requests to aggregator: 0

[2026-09-03 22:07:04,273 I 1426 3613] core_worker.cc:498: Event stats:


Global stats: 6468 total (8 active)
Queueing time: mean = 0.02ms, max = 0.29ms, min = -0.02ms, total = 120.05ms
Execution time:  mean = 0.00ms, total = 29.83ms
Event stats:
	CoreWorker.RecoverObjects - 4800 total (1 active), Execution time: mean = 0.00ms, total = 10.45ms, Queueing time: mean = 0.02ms, max = 0.10ms, min = -0.02ms, total = 88.17ms
	CoreWorker.InternalHeartbeat - 480 total (1 active), Execution time: mean = 0.00ms, total = 1.60ms, Queueing time: mean = 0.02ms, max = 0.07ms, min = 0.00ms, total = 9.82ms
	CoreWorker.ExitIfParentRayletDies - 480 total (1 active), Execution time: mean = 0.01ms, total = 3.32ms, Queueing time: mean = 0.02ms, max = 0.07ms, min = 0.00ms, total = 8.26ms
	CoreWorker.ReportWorkerBacklog - 480 total (1 active), Execution time: mean = 0.00ms, total = 1.88ms, Queueing time: mean = 0.02ms, max = 0.06ms, min = 0.00ms, total = 9.53ms
	CoreWorker.RecordMetrics - 96 total (1 active), Execution time: mean = 0.03ms, total = 2.59ms, Queueing time: mean = 0.01ms, max = 0.06ms, min = 0.00ms, total = 1.37ms
	CoreWorker.TryDelPendingObjectRefStreams - 48 total (1 active), Execution time: mean = 0.00ms, total = 0.10ms, Queueing time: mean = 0.03ms, max = 0.29ms, min = 0.00ms, total = 1.54ms
	CoreWorkerService.grpc_server.GetCoreWorkerStats.HandleRequestImpl - 32 total (0 active), Execution time: mean = 0.03ms, total = 1.03ms, Queueing time: mean = 0.02ms, max = 0.05ms, min = 0.01ms, total = 0.75ms
	CoreWorkerService.grpc_server.GetCoreWorkerStats - 32 total (0 active), Execution time: mean = 0.21ms, total = 6.86ms, Queueing time: mean = 0.00ms, max = -0.00ms, min = 9223372036854.78ms, total = 0.00ms
	CoreWorker.PrintEventStats - 8 total (1 active, 1 running), Execution time: mean = 0.19ms, total = 1.52ms, Queueing time: mean = 0.01ms, max = 0.01ms, min = 0.01ms, total = 0.08ms
	PeriodicalRunner.RunFnPeriodically - 8 total (0 active), Execution time: mean = 0.01ms, total = 0.12ms, Queueing time: mean = 0.06ms, max = 0.11ms, min = 0.01ms, total = 0.52ms
	Publisher.CheckDeadSubscribers - 2 total (1 active), Execution time: mean = 0.00ms, total = 0.00ms, Queueing time: mean = 0.00ms, max = 0.01ms, min = 0.01ms, total = 0.01ms
	ray::rpc::WorkerInfoGcsService.grpc_client.AddWorkerInfo - 1 total (0 active), Execution time: mean = 0.34ms, total = 0.34ms, Queueing time: mean = 0.00ms, max = -0.00ms, min = 9223372036854.78ms, total = 0.00ms
	ray::rpc::WorkerInfoGcsService.grpc_client.AddWorkerInfo.OnReplyReceived - 1 total (0 active), Execution time: mean = 0.02ms, total = 0.02ms, Queueing time: mean = 0.01ms, max = 0.01ms, min = 0.01ms, total = 0.01ms

-----------------
Task execution event stats:

Global stats: 47910 total (1 active)
Queueing time: mean = 0.02ms, max = 1.51ms, min = -0.06ms, total = 829.84ms
Execution time:  mean = 0.00ms, total = 124.56ms
Event stats:
	CoreWorker.CheckSignal - 47909 total (1 active), Execution time: mean = 0.00ms, total = 124.56ms, Queueing time: mean = 0.02ms, max = 1.51ms, min = -0.06ms, total = 829.84ms
	PeriodicalRunner.RunFnPeriodically - 1 total (0 active), Execution time: mean = 0.01ms, total = 0.01ms, Queueing time: mean = 0.00ms, max = 0.00ms, min = 0.00ms, total = 0.00ms

-----------------
Task Event stats:

IO Service Stats:

Global stats: 481 total (1 active)
Queueing time: mean = 0.02ms, max = 0.07ms, min = 0.00ms, total = 12.02ms
Execution time:  mean = 0.01ms, total = 4.02ms
Event stats:
	CoreWorker.deadline_timer.flush_task_events - 480 total (1 active), Execution time: mean = 0.01ms, total = 3.99ms, Queueing time: mean = 0.03ms, max = 0.07ms, min = 0.00ms, total = 12.01ms
	PeriodicalRunner.RunFnPeriodically - 1 total (0 active), Execution time: mean = 0.03ms, total = 0.03ms, Queueing time: mean = 0.01ms, max = 0.01ms, min = 0.01ms, total = 0.01ms
Other Stats:
	gcs_grpc_in_progress:0
	event_aggregator_grpc_in_progress:0
	current number of task status events in buffer: 0
	current number of profile events in buffer: 0
	current number of dropped task attempts tracked: 0
	total task events sent: 0 MiB
	total number of task attempts sent: 0
	total number of task attempts dropped reported: 0
	total number of sent failure: 0
	num status task events dropped: 0
	num profile task events dropped: 0
	num ray task events reported to aggregator: 0
	num ray task events failed to report to aggregator: 0
	num of task attempts dropped reported to aggregator: 0
	num of failed requests to aggregator: 0

[2026-09-03 22:08:04,273 I 1426 3613] core_worker.cc:498: Event stats:


Global stats: 7274 total (8 active)
Queueing time: mean = 0.02ms, max = 1.22ms, min = -0.02ms, total = 137.23ms
Execution time:  mean = 0.00ms, total = 33.99ms
Event stats:
	CoreWorker.RecoverObjects - 5399 total (1 active), Execution time: mean = 0.00ms, total = 11.91ms, Queueing time: mean = 0.02ms, max = 1.22ms, min = -0.02ms, total = 101.80ms
	CoreWorker.InternalHeartbeat - 540 total (1 active), Execution time: mean = 0.00ms, total = 1.86ms, Queueing time: mean = 0.02ms, max = 0.07ms, min = -0.02ms, total = 10.91ms
	CoreWorker.ExitIfParentRayletDies - 540 total (1 active), Execution time: mean = 0.01ms, total = 3.80ms, Queueing time: mean = 0.02ms, max = 0.07ms, min = 0.00ms, total = 9.13ms
	CoreWorker.ReportWorkerBacklog - 540 total (1 active), Execution time: mean = 0.00ms, total = 2.16ms, Queueing time: mean = 0.02ms, max = 0.07ms, min = 0.00ms, total = 10.61ms
	CoreWorker.RecordMetrics - 108 total (1 active), Execution time: mean = 0.03ms, total = 3.00ms, Queueing time: mean = 0.01ms, max = 0.06ms, min = 0.00ms, total = 1.54ms
	CoreWorker.TryDelPendingObjectRefStreams - 54 total (1 active), Execution time: mean = 0.00ms, total = 0.12ms, Queueing time: mean = 0.03ms, max = 0.29ms, min = 0.00ms, total = 1.75ms
	CoreWorkerService.grpc_server.GetCoreWorkerStats.HandleRequestImpl - 36 total (0 active), Execution time: mean = 0.03ms, total = 1.16ms, Queueing time: mean = 0.02ms, max = 0.05ms, min = 0.01ms, total = 0.86ms
	CoreWorkerService.grpc_server.GetCoreWorkerStats - 36 total (0 active), Execution time: mean = 0.22ms, total = 7.78ms, Queueing time: mean = 0.00ms, max = -0.00ms, min = 9223372036854.78ms, total = 0.00ms
	CoreWorker.PrintEventStats - 9 total (1 active, 1 running), Execution time: mean = 0.19ms, total = 1.73ms, Queueing time: mean = 0.01ms, max = 0.01ms, min = 0.01ms, total = 0.08ms
	PeriodicalRunner.RunFnPeriodically - 8 total (0 active), Execution time: mean = 0.01ms, total = 0.12ms, Queueing time: mean = 0.06ms, max = 0.11ms, min = 0.01ms, total = 0.52ms
	Publisher.CheckDeadSubscribers - 2 total (1 active), Execution time: mean = 0.00ms, total = 0.00ms, Queueing time: mean = 0.00ms, max = 0.01ms, min = 0.01ms, total = 0.01ms
	ray::rpc::WorkerInfoGcsService.grpc_client.AddWorkerInfo - 1 total (0 active), Execution time: mean = 0.34ms, total = 0.34ms, Queueing time: mean = 0.00ms, max = -0.00ms, min = 9223372036854.78ms, total = 0.00ms
	ray::rpc::WorkerInfoGcsService.grpc_client.AddWorkerInfo.OnReplyReceived - 1 total (0 active), Execution time: mean = 0.02ms, total = 0.02ms, Queueing time: mean = 0.01ms, max = 0.01ms, min = 0.01ms, total = 0.01ms

-----------------
Task execution event stats:

Global stats: 53897 total (1 active)
Queueing time: mean = 0.02ms, max = 1.51ms, min = -0.06ms, total = 946.94ms
Execution time:  mean = 0.00ms, total = 143.28ms
Event stats:
	CoreWorker.CheckSignal - 53896 total (1 active), Execution time: mean = 0.00ms, total = 143.27ms, Queueing time: mean = 0.02ms, max = 1.51ms, min = -0.06ms, total = 946.94ms
	PeriodicalRunner.RunFnPeriodically - 1 total (0 active), Execution time: mean = 0.01ms, total = 0.01ms, Queueing time: mean = 0.00ms, max = 0.00ms, min = 0.00ms, total = 0.00ms

-----------------
Task Event stats:

IO Service Stats:

Global stats: 541 total (1 active)
Queueing time: mean = 0.02ms, max = 0.07ms, min = 0.00ms, total = 13.52ms
Execution time:  mean = 0.01ms, total = 4.70ms
Event stats:
	CoreWorker.deadline_timer.flush_task_events - 540 total (1 active), Execution time: mean = 0.01ms, total = 4.67ms, Queueing time: mean = 0.03ms, max = 0.07ms, min = 0.00ms, total = 13.51ms
	PeriodicalRunner.RunFnPeriodically - 1 total (0 active), Execution time: mean = 0.03ms, total = 0.03ms, Queueing time: mean = 0.01ms, max = 0.01ms, min = 0.01ms, total = 0.01ms
Other Stats:
	gcs_grpc_in_progress:0
	event_aggregator_grpc_in_progress:0
	current number of task status events in buffer: 0
	current number of profile events in buffer: 0
	current number of dropped task attempts tracked: 0
	total task events sent: 0 MiB
	total number of task attempts sent: 0
	total number of task attempts dropped reported: 0
	total number of sent failure: 0
	num status task events dropped: 0
	num profile task events dropped: 0
	num ray task events reported to aggregator: 0
	num ray task events failed to report to aggregator: 0
	num of task attempts dropped reported to aggregator: 0
	num of failed requests to aggregator: 0

[2026-09-03 22:09:04,273 I 1426 3613] core_worker.cc:498: Event stats:


Global stats: 8082 total (8 active)
Queueing time: mean = 0.02ms, max = 1.22ms, min = -0.02ms, total = 155.92ms
Execution time:  mean = 0.00ms, total = 37.94ms
Event stats:
	CoreWorker.RecoverObjects - 5999 total (1 active), Execution time: mean = 0.00ms, total = 13.33ms, Queueing time: mean = 0.02ms, max = 1.22ms, min = -0.02ms, total = 115.38ms
	CoreWorker.InternalHeartbeat - 600 total (1 active), Execution time: mean = 0.00ms, total = 2.05ms, Queueing time: mean = 0.02ms, max = 0.08ms, min = -0.02ms, total = 12.52ms
	CoreWorker.ExitIfParentRayletDies - 600 total (1 active), Execution time: mean = 0.01ms, total = 4.24ms, Queueing time: mean = 0.02ms, max = 0.07ms, min = 0.00ms, total = 10.51ms
	CoreWorker.ReportWorkerBacklog - 600 total (1 active), Execution time: mean = 0.00ms, total = 2.41ms, Queueing time: mean = 0.02ms, max = 0.09ms, min = 0.00ms, total = 12.15ms
	CoreWorker.RecordMetrics - 120 total (1 active), Execution time: mean = 0.03ms, total = 3.41ms, Queueing time: mean = 0.01ms, max = 0.06ms, min = 0.00ms, total = 1.78ms
	CoreWorker.TryDelPendingObjectRefStreams - 60 total (1 active), Execution time: mean = 0.00ms, total = 0.14ms, Queueing time: mean = 0.03ms, max = 0.29ms, min = 0.00ms, total = 1.96ms
	CoreWorkerService.grpc_server.GetCoreWorkerStats.HandleRequestImpl - 40 total (0 active), Execution time: mean = 0.03ms, total = 1.27ms, Queueing time: mean = 0.02ms, max = 0.05ms, min = 0.01ms, total = 0.96ms
	CoreWorkerService.grpc_server.GetCoreWorkerStats - 40 total (0 active), Execution time: mean = 0.22ms, total = 8.70ms, Queueing time: mean = 0.00ms, max = -0.00ms, min = 9223372036854.78ms, total = 0.00ms
	CoreWorker.PrintEventStats - 10 total (1 active, 1 running), Execution time: mean = 0.19ms, total = 1.92ms, Queueing time: mean = 0.01ms, max = 0.02ms, min = 0.01ms, total = 0.10ms
	PeriodicalRunner.RunFnPeriodically - 8 total (0 active), Execution time: mean = 0.01ms, total = 0.12ms, Queueing time: mean = 0.06ms, max = 0.11ms, min = 0.01ms, total = 0.52ms
	Publisher.CheckDeadSubscribers - 3 total (1 active), Execution time: mean = 0.00ms, total = 0.01ms, Queueing time: mean = 0.01ms, max = 0.02ms, min = 0.01ms, total = 0.03ms
	ray::rpc::WorkerInfoGcsService.grpc_client.AddWorkerInfo - 1 total (0 active), Execution time: mean = 0.34ms, total = 0.34ms, Queueing time: mean = 0.00ms, max = -0.00ms, min = 9223372036854.78ms, total = 0.00ms
	ray::rpc::WorkerInfoGcsService.grpc_client.AddWorkerInfo.OnReplyReceived - 1 total (0 active), Execution time: mean = 0.02ms, total = 0.02ms, Queueing time: mean = 0.01ms, max = 0.01ms, min = 0.01ms, total = 0.01ms

-----------------
Task execution event stats:

Global stats: 59884 total (1 active)
Queueing time: mean = 0.02ms, max = 1.51ms, min = -0.06ms, total = 1067.82ms
Execution time:  mean = 0.00ms, total = 162.53ms
Event stats:
	CoreWorker.CheckSignal - 59883 total (1 active), Execution time: mean = 0.00ms, total = 162.52ms, Queueing time: mean = 0.02ms, max = 1.51ms, min = -0.06ms, total = 1067.82ms
	PeriodicalRunner.RunFnPeriodically - 1 total (0 active), Execution time: mean = 0.01ms, total = 0.01ms, Queueing time: mean = 0.00ms, max = 0.00ms, min = 0.00ms, total = 0.00ms

-----------------
Task Event stats:

IO Service Stats:

Global stats: 601 total (1 active)
Queueing time: mean = 0.02ms, max = 0.07ms, min = 0.00ms, total = 14.90ms
Execution time:  mean = 0.01ms, total = 5.25ms
Event stats:
	CoreWorker.deadline_timer.flush_task_events - 600 total (1 active), Execution time: mean = 0.01ms, total = 5.22ms, Queueing time: mean = 0.02ms, max = 0.07ms, min = 0.00ms, total = 14.90ms
	PeriodicalRunner.RunFnPeriodically - 1 total (0 active), Execution time: mean = 0.03ms, total = 0.03ms, Queueing time: mean = 0.01ms, max = 0.01ms, min = 0.01ms, total = 0.01ms
Other Stats:
	gcs_grpc_in_progress:0
	event_aggregator_grpc_in_progress:0
	current number of task status events in buffer: 0
	current number of profile events in buffer: 0
	current number of dropped task attempts tracked: 0
	total task events sent: 0 MiB
	total number of task attempts sent: 0
	total number of task attempts dropped reported: 0
	total number of sent failure: 0
	num status task events dropped: 0
	num profile task events dropped: 0
	num ray task events reported to aggregator: 0
	num ray task events failed to report to aggregator: 0
	num of task attempts dropped reported to aggregator: 0
	num of failed requests to aggregator: 0

[2026-09-03 22:10:04,274 I 1426 3613] core_worker.cc:498: Event stats:


Global stats: 8889 total (8 active)
Queueing time: mean = 0.02ms, max = 3.30ms, min = -0.02ms, total = 173.20ms
Execution time:  mean = 0.00ms, total = 41.91ms
Event stats:
	CoreWorker.RecoverObjects - 6599 total (1 active), Execution time: mean = 0.00ms, total = 14.49ms, Queueing time: mean = 0.02ms, max = 3.30ms, min = -0.02ms, total = 128.73ms
	CoreWorker.InternalHeartbeat - 660 total (1 active), Execution time: mean = 0.00ms, total = 2.30ms, Queueing time: mean = 0.02ms, max = 0.08ms, min = -0.02ms, total = 13.73ms
	CoreWorker.ExitIfParentRayletDies - 660 total (1 active), Execution time: mean = 0.01ms, total = 4.74ms, Queueing time: mean = 0.02ms, max = 0.07ms, min = 0.00ms, total = 11.48ms
	CoreWorker.ReportWorkerBacklog - 660 total (1 active), Execution time: mean = 0.00ms, total = 2.68ms, Queueing time: mean = 0.02ms, max = 0.09ms, min = 0.00ms, total = 13.34ms
	CoreWorker.RecordMetrics - 132 total (1 active), Execution time: mean = 0.03ms, total = 3.79ms, Queueing time: mean = 0.01ms, max = 0.06ms, min = 0.00ms, total = 1.96ms
	CoreWorker.TryDelPendingObjectRefStreams - 66 total (1 active), Execution time: mean = 0.00ms, total = 0.16ms, Queueing time: mean = 0.03ms, max = 0.29ms, min = 0.00ms, total = 2.20ms
	CoreWorkerService.grpc_server.GetCoreWorkerStats.HandleRequestImpl - 44 total (0 active), Execution time: mean = 0.03ms, total = 1.40ms, Queueing time: mean = 0.02ms, max = 0.05ms, min = 0.01ms, total = 1.09ms
	CoreWorkerService.grpc_server.GetCoreWorkerStats - 44 total (0 active), Execution time: mean = 0.22ms, total = 9.72ms, Queueing time: mean = 0.00ms, max = -0.00ms, min = 9223372036854.78ms, total = 0.00ms
	CoreWorker.PrintEventStats - 11 total (1 active, 1 running), Execution time: mean = 0.20ms, total = 2.15ms, Queueing time: mean = 0.01ms, max = 0.02ms, min = 0.01ms, total = 0.12ms
	PeriodicalRunner.RunFnPeriodically - 8 total (0 active), Execution time: mean = 0.01ms, total = 0.12ms, Queueing time: mean = 0.06ms, max = 0.11ms, min = 0.01ms, total = 0.52ms
	Publisher.CheckDeadSubscribers - 3 total (1 active), Execution time: mean = 0.00ms, total = 0.01ms, Queueing time: mean = 0.01ms, max = 0.02ms, min = 0.01ms, total = 0.03ms
	ray::rpc::WorkerInfoGcsService.grpc_client.AddWorkerInfo - 1 total (0 active), Execution time: mean = 0.34ms, total = 0.34ms, Queueing time: mean = 0.00ms, max = -0.00ms, min = 9223372036854.78ms, total = 0.00ms
	ray::rpc::WorkerInfoGcsService.grpc_client.AddWorkerInfo.OnReplyReceived - 1 total (0 active), Execution time: mean = 0.02ms, total = 0.02ms, Queueing time: mean = 0.01ms, max = 0.01ms, min = 0.01ms, total = 0.01ms

-----------------
Task execution event stats:

Global stats: 65875 total (1 active)
Queueing time: mean = 0.02ms, max = 1.51ms, min = -0.06ms, total = 1152.55ms
Execution time:  mean = 0.00ms, total = 175.49ms
Event stats:
	CoreWorker.CheckSignal - 65874 total (1 active), Execution time: mean = 0.00ms, total = 175.48ms, Queueing time: mean = 0.02ms, max = 1.51ms, min = -0.06ms, total = 1152.55ms
	PeriodicalRunner.RunFnPeriodically - 1 total (0 active), Execution time: mean = 0.01ms, total = 0.01ms, Queueing time: mean = 0.00ms, max = 0.00ms, min = 0.00ms, total = 0.00ms

-----------------
Task Event stats:

IO Service Stats:

Global stats: 661 total (1 active)
Queueing time: mean = 0.02ms, max = 0.07ms, min = 0.00ms, total = 16.32ms
Execution time:  mean = 0.01ms, total = 5.73ms
Event stats:
	CoreWorker.deadline_timer.flush_task_events - 660 total (1 active), Execution time: mean = 0.01ms, total = 5.71ms, Queueing time: mean = 0.02ms, max = 0.07ms, min = 0.00ms, total = 16.31ms
	PeriodicalRunner.RunFnPeriodically - 1 total (0 active), Execution time: mean = 0.03ms, total = 0.03ms, Queueing time: mean = 0.01ms, max = 0.01ms, min = 0.01ms, total = 0.01ms
Other Stats:
	gcs_grpc_in_progress:0
	event_aggregator_grpc_in_progress:0
	current number of task status events in buffer: 0
	current number of profile events in buffer: 0
	current number of dropped task attempts tracked: 0
	total task events sent: 0 MiB
	total number of task attempts sent: 0
	total number of task attempts dropped reported: 0
	total number of sent failure: 0
	num status task events dropped: 0
	num profile task events dropped: 0
	num ray task events reported to aggregator: 0
	num ray task events failed to report to aggregator: 0
	num of task attempts dropped reported to aggregator: 0
	num of failed requests to aggregator: 0

