[2026-09-03 21:59:04,055 I 1394 1394] core_worker_process.cc:868: Constructing CoreWorkerProcess. pid: 1394
[2026-09-03 21:59:04,070 I 1394 1394] event.cc:499: Ray Event initialized for CORE_WORKER
[2026-09-03 21:59:04,071 I 1394 1394] event.cc:499: Ray Event initialized for EXPORT_TASK
[2026-09-03 21:59:04,071 I 1394 1394] event.cc:332: Set ray event level to warning
[2026-09-03 21:59:04,073 I 1394 1394] grpc_server.cc:144: worker server started, listening on port 20010.
[2026-09-03 21:59:04,104 I 1394 1394] core_worker_process.cc:299: Initializing worker at address: 10.244.18.139:20010 worker_id=17a84ffabf1adbf8e78187be9c4eaa144b3cb9cc82030da56fc2127a node_id=b668a6c13d1b7186690b035979a815ca1ce93506fd27e5e4ac7a3f5d
[2026-09-03 21:59:04,105 I 1394 1394] task_event_buffer.cc:535: Reporting task events to GCS every 1000ms.
[2026-09-03 21:59:04,107 I 1394 1394] core_worker.cc:568: Adjusted worker niceness to 15
[2026-09-03 21:59:04,107 I 1394 1916] core_worker.cc:498: Event stats:


Global stats: 11 total (9 active)
Queueing time: mean = 0.00ms, max = 0.02ms, min = 0.01ms, total = 0.04ms
Execution time:  mean = 0.00ms, total = 0.03ms
Event stats:
	PeriodicalRunner.RunFnPeriodically - 8 total (6 active, 1 running), Execution time: mean = 0.00ms, total = 0.03ms, Queueing time: mean = 0.00ms, max = 0.02ms, min = 0.01ms, total = 0.04ms
	ray::rpc::WorkerInfoGcsService.grpc_client.AddWorkerInfo - 1 total (1 active), Execution time: mean = 0.00ms, total = 0.00ms, Queueing time: mean = 0.00ms, max = -0.00ms, min = 9223372036854.78ms, total = 0.00ms
	CoreWorker.ExitIfParentRayletDies - 1 total (1 active), Execution time: mean = 0.00ms, total = 0.00ms, Queueing time: mean = 0.00ms, max = -0.00ms, min = 9223372036854.78ms, total = 0.00ms
	Publisher.CheckDeadSubscribers - 1 total (1 active), Execution time: mean = 0.00ms, total = 0.00ms, Queueing time: mean = 0.00ms, max = -0.00ms, min = 9223372036854.78ms, total = 0.00ms

-----------------
Task execution event stats:

Global stats: 0 total (0 active)
Queueing time: mean = -nanms, max = -0.00ms, min = 9223372036854.78ms, total = 0.00ms
Execution time:  mean = -nanms, total = 0.00ms
Event stats:

-----------------
Task Event stats:

IO Service Stats:

Global stats: 2 total (1 active)
Queueing time: mean = 0.01ms, max = 0.01ms, min = 0.01ms, total = 0.01ms
Execution time:  mean = 0.02ms, total = 0.04ms
Event stats:
	PeriodicalRunner.RunFnPeriodically - 1 total (0 active), Execution time: mean = 0.04ms, total = 0.04ms, Queueing time: mean = 0.01ms, max = 0.01ms, min = 0.01ms, total = 0.01ms
	CoreWorker.deadline_timer.flush_task_events - 1 total (1 active), Execution time: mean = 0.00ms, total = 0.00ms, Queueing time: mean = 0.00ms, max = -0.00ms, min = 9223372036854.78ms, total = 0.00ms
Other Stats:
	gcs_grpc_in_progress:0
	event_aggregator_grpc_in_progress:0
	current number of task status events in buffer: 0
	current number of profile events in buffer: 0
	current number of dropped task attempts tracked: 0
	total task events sent: 0 MiB
	total number of task attempts sent: 0
	total number of task attempts dropped reported: 0
	total number of sent failure: 0
	num status task events dropped: 0
	num profile task events dropped: 0
	num ray task events reported to aggregator: 0
	num ray task events failed to report to aggregator: 0
	num of task attempts dropped reported to aggregator: 0
	num of failed requests to aggregator: 0

[2026-09-03 22:00:04,108 I 1394 1916] core_worker.cc:498: Event stats:


Global stats: 818 total (8 active)
Queueing time: mean = 0.02ms, max = 0.60ms, min = 0.00ms, total = 15.99ms
Execution time:  mean = 0.01ms, total = 5.33ms
Event stats:
	CoreWorker.RecoverObjects - 600 total (1 active), Execution time: mean = 0.00ms, total = 1.25ms, Queueing time: mean = 0.02ms, max = 0.05ms, min = 0.00ms, total = 10.40ms
	CoreWorker.ExitIfParentRayletDies - 60 total (1 active), Execution time: mean = 0.01ms, total = 0.37ms, Queueing time: mean = 0.02ms, max = 0.04ms, min = 0.00ms, total = 1.04ms
	CoreWorker.InternalHeartbeat - 60 total (1 active), Execution time: mean = 0.00ms, total = 0.18ms, Queueing time: mean = 0.01ms, max = 0.04ms, min = 0.00ms, total = 0.66ms
	CoreWorker.ReportWorkerBacklog - 60 total (1 active), Execution time: mean = 0.00ms, total = 0.19ms, Queueing time: mean = 0.01ms, max = 0.04ms, min = 0.00ms, total = 0.64ms
	CoreWorker.RecordMetrics - 12 total (1 active), Execution time: mean = 0.03ms, total = 0.33ms, Queueing time: mean = 0.01ms, max = 0.03ms, min = 0.00ms, total = 0.11ms
	PeriodicalRunner.RunFnPeriodically - 8 total (0 active), Execution time: mean = 0.08ms, total = 0.61ms, Queueing time: mean = 0.37ms, max = 0.60ms, min = 0.01ms, total = 2.96ms
	CoreWorker.TryDelPendingObjectRefStreams - 6 total (1 active), Execution time: mean = 0.00ms, total = 0.01ms, Queueing time: mean = 0.01ms, max = 0.02ms, min = 0.00ms, total = 0.05ms
	CoreWorkerService.grpc_server.GetCoreWorkerStats - 4 total (0 active), Execution time: mean = 0.22ms, total = 0.89ms, Queueing time: mean = 0.00ms, max = -0.00ms, min = 9223372036854.78ms, total = 0.00ms
	CoreWorkerService.grpc_server.GetCoreWorkerStats.HandleRequestImpl - 4 total (0 active), Execution time: mean = 0.08ms, total = 0.31ms, Queueing time: mean = 0.03ms, max = 0.04ms, min = 0.02ms, total = 0.10ms
	ray::rpc::WorkerInfoGcsService.grpc_client.AddWorkerInfo.OnReplyReceived - 1 total (0 active), Execution time: mean = 0.02ms, total = 0.02ms, Queueing time: mean = 0.01ms, max = 0.01ms, min = 0.01ms, total = 0.01ms
	Publisher.CheckDeadSubscribers - 1 total (1 active), Execution time: mean = 0.00ms, total = 0.00ms, Queueing time: mean = 0.00ms, max = -0.00ms, min = 9223372036854.78ms, total = 0.00ms
	ray::rpc::WorkerInfoGcsService.grpc_client.AddWorkerInfo - 1 total (0 active), Execution time: mean = 1.16ms, total = 1.16ms, Queueing time: mean = 0.00ms, max = -0.00ms, min = 9223372036854.78ms, total = 0.00ms
	CoreWorker.PrintEventStats - 1 total (1 active, 1 running), Execution time: mean = 0.00ms, total = 0.00ms, Queueing time: mean = 0.00ms, max = -0.00ms, min = 9223372036854.78ms, total = 0.00ms

-----------------
Task execution event stats:

Global stats: 5990 total (1 active)
Queueing time: mean = 0.02ms, max = 0.27ms, min = -0.01ms, total = 104.78ms
Execution time:  mean = 0.00ms, total = 16.95ms
Event stats:
	CoreWorker.CheckSignal - 5989 total (1 active), Execution time: mean = 0.00ms, total = 16.93ms, Queueing time: mean = 0.02ms, max = 0.27ms, min = -0.01ms, total = 104.78ms
	PeriodicalRunner.RunFnPeriodically - 1 total (0 active), Execution time: mean = 0.01ms, total = 0.01ms, Queueing time: mean = 0.00ms, max = 0.00ms, min = 0.00ms, total = 0.00ms

-----------------
Task Event stats:

IO Service Stats:

Global stats: 62 total (1 active)
Queueing time: mean = 0.03ms, max = 0.05ms, min = 0.01ms, total = 1.57ms
Execution time:  mean = 0.01ms, total = 0.79ms
Event stats:
	CoreWorker.deadline_timer.flush_task_events - 61 total (1 active), Execution time: mean = 0.01ms, total = 0.75ms, Queueing time: mean = 0.03ms, max = 0.05ms, min = 0.01ms, total = 1.56ms
	PeriodicalRunner.RunFnPeriodically - 1 total (0 active), Execution time: mean = 0.04ms, total = 0.04ms, Queueing time: mean = 0.01ms, max = 0.01ms, min = 0.01ms, total = 0.01ms
Other Stats:
	gcs_grpc_in_progress:0
	event_aggregator_grpc_in_progress:0
	current number of task status events in buffer: 0
	current number of profile events in buffer: 0
	current number of dropped task attempts tracked: 0
	total task events sent: 0 MiB
	total number of task attempts sent: 0
	total number of task attempts dropped reported: 0
	total number of sent failure: 0
	num status task events dropped: 0
	num profile task events dropped: 0
	num ray task events reported to aggregator: 0
	num ray task events failed to report to aggregator: 0
	num of task attempts dropped reported to aggregator: 0
	num of failed requests to aggregator: 0

[2026-09-03 22:01:04,108 I 1394 1916] core_worker.cc:498: Event stats:


Global stats: 1625 total (8 active)
Queueing time: mean = 0.02ms, max = 0.60ms, min = 0.00ms, total = 31.15ms
Execution time:  mean = 0.01ms, total = 9.90ms
Event stats:
	CoreWorker.RecoverObjects - 1200 total (1 active), Execution time: mean = 0.00ms, total = 3.22ms, Queueing time: mean = 0.02ms, max = 0.08ms, min = 0.00ms, total = 21.20ms
	CoreWorker.ExitIfParentRayletDies - 120 total (1 active), Execution time: mean = 0.01ms, total = 0.94ms, Queueing time: mean = 0.02ms, max = 0.10ms, min = 0.00ms, total = 2.09ms
	CoreWorker.InternalHeartbeat - 120 total (1 active), Execution time: mean = 0.00ms, total = 0.38ms, Queueing time: mean = 0.02ms, max = 0.11ms, min = 0.00ms, total = 2.05ms
	CoreWorker.ReportWorkerBacklog - 120 total (1 active), Execution time: mean = 0.00ms, total = 0.47ms, Queueing time: mean = 0.02ms, max = 0.11ms, min = 0.00ms, total = 1.96ms
	CoreWorker.RecordMetrics - 24 total (1 active), Execution time: mean = 0.03ms, total = 0.70ms, Queueing time: mean = 0.01ms, max = 0.03ms, min = 0.00ms, total = 0.28ms
	CoreWorker.TryDelPendingObjectRefStreams - 12 total (1 active), Execution time: mean = 0.00ms, total = 0.04ms, Queueing time: mean = 0.03ms, max = 0.20ms, min = 0.00ms, total = 0.39ms
	CoreWorkerService.grpc_server.GetCoreWorkerStats - 8 total (0 active), Execution time: mean = 0.21ms, total = 1.65ms, Queueing time: mean = 0.00ms, max = -0.00ms, min = 9223372036854.78ms, total = 0.00ms
	CoreWorkerService.grpc_server.GetCoreWorkerStats.HandleRequestImpl - 8 total (0 active), Execution time: mean = 0.05ms, total = 0.43ms, Queueing time: mean = 0.03ms, max = 0.04ms, min = 0.02ms, total = 0.20ms
	PeriodicalRunner.RunFnPeriodically - 8 total (0 active), Execution time: mean = 0.08ms, total = 0.61ms, Queueing time: mean = 0.37ms, max = 0.60ms, min = 0.01ms, total = 2.96ms
	CoreWorker.PrintEventStats - 2 total (1 active, 1 running), Execution time: mean = 0.14ms, total = 0.28ms, Queueing time: mean = 0.01ms, max = 0.01ms, min = 0.01ms, total = 0.01ms
	ray::rpc::WorkerInfoGcsService.grpc_client.AddWorkerInfo.OnReplyReceived - 1 total (0 active), Execution time: mean = 0.02ms, total = 0.02ms, Queueing time: mean = 0.01ms, max = 0.01ms, min = 0.01ms, total = 0.01ms
	Publisher.CheckDeadSubscribers - 1 total (1 active), Execution time: mean = 0.00ms, total = 0.00ms, Queueing time: mean = 0.00ms, max = -0.00ms, min = 9223372036854.78ms, total = 0.00ms
	ray::rpc::WorkerInfoGcsService.grpc_client.AddWorkerInfo - 1 total (0 active), Execution time: mean = 1.16ms, total = 1.16ms, Queueing time: mean = 0.00ms, max = -0.00ms, min = 9223372036854.78ms, total = 0.00ms

-----------------
Task execution event stats:

Global stats: 11981 total (1 active)
Queueing time: mean = 0.02ms, max = 0.27ms, min = -0.02ms, total = 183.90ms
Execution time:  mean = 0.00ms, total = 30.29ms
Event stats:
	CoreWorker.CheckSignal - 11980 total (1 active), Execution time: mean = 0.00ms, total = 30.27ms, Queueing time: mean = 0.02ms, max = 0.27ms, min = -0.02ms, total = 183.90ms
	PeriodicalRunner.RunFnPeriodically - 1 total (0 active), Execution time: mean = 0.01ms, total = 0.01ms, Queueing time: mean = 0.00ms, max = 0.00ms, min = 0.00ms, total = 0.00ms

-----------------
Task Event stats:

IO Service Stats:

Global stats: 121 total (1 active)
Queueing time: mean = 0.03ms, max = 0.05ms, min = 0.01ms, total = 3.07ms
Execution time:  mean = 0.01ms, total = 1.64ms
Event stats:
	CoreWorker.deadline_timer.flush_task_events - 120 total (1 active), Execution time: mean = 0.01ms, total = 1.60ms, Queueing time: mean = 0.03ms, max = 0.05ms, min = 0.01ms, total = 3.05ms
	PeriodicalRunner.RunFnPeriodically - 1 total (0 active), Execution time: mean = 0.04ms, total = 0.04ms, Queueing time: mean = 0.01ms, max = 0.01ms, min = 0.01ms, total = 0.01ms
Other Stats:
	gcs_grpc_in_progress:0
	event_aggregator_grpc_in_progress:0
	current number of task status events in buffer: 0
	current number of profile events in buffer: 0
	current number of dropped task attempts tracked: 0
	total task events sent: 0 MiB
	total number of task attempts sent: 0
	total number of task attempts dropped reported: 0
	total number of sent failure: 0
	num status task events dropped: 0
	num profile task events dropped: 0
	num ray task events reported to aggregator: 0
	num ray task events failed to report to aggregator: 0
	num of task attempts dropped reported to aggregator: 0
	num of failed requests to aggregator: 0

[2026-09-03 22:02:04,109 I 1394 1916] core_worker.cc:498: Event stats:


Global stats: 2432 total (8 active)
Queueing time: mean = 0.02ms, max = 0.60ms, min = 0.00ms, total = 50.89ms
Execution time:  mean = 0.01ms, total = 14.03ms
Event stats:
	CoreWorker.RecoverObjects - 1800 total (1 active), Execution time: mean = 0.00ms, total = 4.84ms, Queueing time: mean = 0.02ms, max = 0.08ms, min = 0.00ms, total = 35.38ms
	CoreWorker.ExitIfParentRayletDies - 180 total (1 active), Execution time: mean = 0.01ms, total = 1.32ms, Queueing time: mean = 0.02ms, max = 0.10ms, min = 0.00ms, total = 3.59ms
	CoreWorker.InternalHeartbeat - 180 total (1 active), Execution time: mean = 0.00ms, total = 0.57ms, Queueing time: mean = 0.02ms, max = 0.11ms, min = 0.00ms, total = 3.72ms
	CoreWorker.ReportWorkerBacklog - 180 total (1 active), Execution time: mean = 0.00ms, total = 0.69ms, Queueing time: mean = 0.02ms, max = 0.11ms, min = 0.00ms, total = 3.59ms
	CoreWorker.RecordMetrics - 36 total (1 active), Execution time: mean = 0.03ms, total = 1.10ms, Queueing time: mean = 0.02ms, max = 0.08ms, min = 0.00ms, total = 0.61ms
	CoreWorker.TryDelPendingObjectRefStreams - 18 total (1 active), Execution time: mean = 0.00ms, total = 0.05ms, Queueing time: mean = 0.04ms, max = 0.20ms, min = 0.00ms, total = 0.67ms
	CoreWorkerService.grpc_server.GetCoreWorkerStats - 12 total (0 active), Execution time: mean = 0.21ms, total = 2.53ms, Queueing time: mean = 0.00ms, max = -0.00ms, min = 9223372036854.78ms, total = 0.00ms
	CoreWorkerService.grpc_server.GetCoreWorkerStats.HandleRequestImpl - 12 total (0 active), Execution time: mean = 0.05ms, total = 0.56ms, Queueing time: mean = 0.03ms, max = 0.04ms, min = 0.02ms, total = 0.32ms
	PeriodicalRunner.RunFnPeriodically - 8 total (0 active), Execution time: mean = 0.08ms, total = 0.61ms, Queueing time: mean = 0.37ms, max = 0.60ms, min = 0.01ms, total = 2.96ms
	CoreWorker.PrintEventStats - 3 total (1 active, 1 running), Execution time: mean = 0.20ms, total = 0.59ms, Queueing time: mean = 0.01ms, max = 0.03ms, min = 0.01ms, total = 0.04ms
	ray::rpc::WorkerInfoGcsService.grpc_client.AddWorkerInfo.OnReplyReceived - 1 total (0 active), Execution time: mean = 0.02ms, total = 0.02ms, Queueing time: mean = 0.01ms, max = 0.01ms, min = 0.01ms, total = 0.01ms
	Publisher.CheckDeadSubscribers - 1 total (1 active), Execution time: mean = 0.00ms, total = 0.00ms, Queueing time: mean = 0.00ms, max = -0.00ms, min = 9223372036854.78ms, total = 0.00ms
	ray::rpc::WorkerInfoGcsService.grpc_client.AddWorkerInfo - 1 total (0 active), Execution time: mean = 1.16ms, total = 1.16ms, Queueing time: mean = 0.00ms, max = -0.00ms, min = 9223372036854.78ms, total = 0.00ms

-----------------
Task execution event stats:

Global stats: 17967 total (1 active)
Queueing time: mean = 0.02ms, max = 0.27ms, min = -0.02ms, total = 309.55ms
Execution time:  mean = 0.00ms, total = 51.87ms
Event stats:
	CoreWorker.CheckSignal - 17966 total (1 active), Execution time: mean = 0.00ms, total = 51.86ms, Queueing time: mean = 0.02ms, max = 0.27ms, min = -0.02ms, total = 309.55ms
	PeriodicalRunner.RunFnPeriodically - 1 total (0 active), Execution time: mean = 0.01ms, total = 0.01ms, Queueing time: mean = 0.00ms, max = 0.00ms, min = 0.00ms, total = 0.00ms

-----------------
Task Event stats:

IO Service Stats:

Global stats: 181 total (1 active)
Queueing time: mean = 0.03ms, max = 0.13ms, min = 0.01ms, total = 5.05ms
Execution time:  mean = 0.01ms, total = 2.44ms
Event stats:
	CoreWorker.deadline_timer.flush_task_events - 180 total (1 active), Execution time: mean = 0.01ms, total = 2.39ms, Queueing time: mean = 0.03ms, max = 0.13ms, min = 0.01ms, total = 5.04ms
	PeriodicalRunner.RunFnPeriodically - 1 total (0 active), Execution time: mean = 0.04ms, total = 0.04ms, Queueing time: mean = 0.01ms, max = 0.01ms, min = 0.01ms, total = 0.01ms
Other Stats:
	gcs_grpc_in_progress:0
	event_aggregator_grpc_in_progress:0
	current number of task status events in buffer: 0
	current number of profile events in buffer: 0
	current number of dropped task attempts tracked: 0
	total task events sent: 0 MiB
	total number of task attempts sent: 0
	total number of task attempts dropped reported: 0
	total number of sent failure: 0
	num status task events dropped: 0
	num profile task events dropped: 0
	num ray task events reported to aggregator: 0
	num ray task events failed to report to aggregator: 0
	num of task attempts dropped reported to aggregator: 0
	num of failed requests to aggregator: 0

[2026-09-03 22:03:04,109 I 1394 1916] core_worker.cc:498: Event stats:


Global stats: 3239 total (8 active)
Queueing time: mean = 0.02ms, max = 0.60ms, min = 0.00ms, total = 70.76ms
Execution time:  mean = 0.01ms, total = 17.86ms
Event stats:
	CoreWorker.RecoverObjects - 2400 total (1 active), Execution time: mean = 0.00ms, total = 6.41ms, Queueing time: mean = 0.02ms, max = 0.08ms, min = 0.00ms, total = 49.41ms
	CoreWorker.ExitIfParentRayletDies - 240 total (1 active), Execution time: mean = 0.01ms, total = 1.67ms, Queueing time: mean = 0.02ms, max = 0.20ms, min = 0.00ms, total = 5.21ms
	CoreWorker.InternalHeartbeat - 240 total (1 active), Execution time: mean = 0.00ms, total = 0.72ms, Queueing time: mean = 0.02ms, max = 0.20ms, min = 0.00ms, total = 5.54ms
	CoreWorker.ReportWorkerBacklog - 240 total (1 active), Execution time: mean = 0.00ms, total = 0.92ms, Queueing time: mean = 0.02ms, max = 0.20ms, min = 0.00ms, total = 5.37ms
	CoreWorker.RecordMetrics - 48 total (1 active), Execution time: mean = 0.03ms, total = 1.45ms, Queueing time: mean = 0.02ms, max = 0.08ms, min = 0.00ms, total = 0.90ms
	CoreWorker.TryDelPendingObjectRefStreams - 24 total (1 active), Execution time: mean = 0.00ms, total = 0.07ms, Queueing time: mean = 0.04ms, max = 0.20ms, min = 0.00ms, total = 0.86ms
	CoreWorkerService.grpc_server.GetCoreWorkerStats - 16 total (0 active), Execution time: mean = 0.21ms, total = 3.39ms, Queueing time: mean = 0.00ms, max = -0.00ms, min = 9223372036854.78ms, total = 0.00ms
	CoreWorkerService.grpc_server.GetCoreWorkerStats.HandleRequestImpl - 16 total (0 active), Execution time: mean = 0.04ms, total = 0.67ms, Queueing time: mean = 0.03ms, max = 0.04ms, min = 0.02ms, total = 0.44ms
	PeriodicalRunner.RunFnPeriodically - 8 total (0 active), Execution time: mean = 0.08ms, total = 0.61ms, Queueing time: mean = 0.37ms, max = 0.60ms, min = 0.01ms, total = 2.96ms
	CoreWorker.PrintEventStats - 4 total (1 active, 1 running), Execution time: mean = 0.19ms, total = 0.76ms, Queueing time: mean = 0.01ms, max = 0.03ms, min = 0.01ms, total = 0.05ms
	ray::rpc::WorkerInfoGcsService.grpc_client.AddWorkerInfo.OnReplyReceived - 1 total (0 active), Execution time: mean = 0.02ms, total = 0.02ms, Queueing time: mean = 0.01ms, max = 0.01ms, min = 0.01ms, total = 0.01ms
	Publisher.CheckDeadSubscribers - 1 total (1 active), Execution time: mean = 0.00ms, total = 0.00ms, Queueing time: mean = 0.00ms, max = -0.00ms, min = 9223372036854.78ms, total = 0.00ms
	ray::rpc::WorkerInfoGcsService.grpc_client.AddWorkerInfo - 1 total (0 active), Execution time: mean = 1.16ms, total = 1.16ms, Queueing time: mean = 0.00ms, max = -0.00ms, min = 9223372036854.78ms, total = 0.00ms

-----------------
Task execution event stats:

Global stats: 23952 total (1 active)
Queueing time: mean = 0.02ms, max = 0.27ms, min = -0.04ms, total = 444.93ms
Execution time:  mean = 0.00ms, total = 75.30ms
Event stats:
	CoreWorker.CheckSignal - 23951 total (1 active), Execution time: mean = 0.00ms, total = 75.28ms, Queueing time: mean = 0.02ms, max = 0.27ms, min = -0.04ms, total = 444.92ms
	PeriodicalRunner.RunFnPeriodically - 1 total (0 active), Execution time: mean = 0.01ms, total = 0.01ms, Queueing time: mean = 0.00ms, max = 0.00ms, min = 0.00ms, total = 0.00ms

-----------------
Task Event stats:

IO Service Stats:

Global stats: 241 total (1 active)
Queueing time: mean = 0.03ms, max = 0.13ms, min = -0.00ms, total = 6.73ms
Execution time:  mean = 0.01ms, total = 3.22ms
Event stats:
	CoreWorker.deadline_timer.flush_task_events - 240 total (1 active), Execution time: mean = 0.01ms, total = 3.18ms, Queueing time: mean = 0.03ms, max = 0.13ms, min = -0.00ms, total = 6.71ms
	PeriodicalRunner.RunFnPeriodically - 1 total (0 active), Execution time: mean = 0.04ms, total = 0.04ms, Queueing time: mean = 0.01ms, max = 0.01ms, min = 0.01ms, total = 0.01ms
Other Stats:
	gcs_grpc_in_progress:0
	event_aggregator_grpc_in_progress:0
	current number of task status events in buffer: 0
	current number of profile events in buffer: 0
	current number of dropped task attempts tracked: 0
	total task events sent: 0 MiB
	total number of task attempts sent: 0
	total number of task attempts dropped reported: 0
	total number of sent failure: 0
	num status task events dropped: 0
	num profile task events dropped: 0
	num ray task events reported to aggregator: 0
	num ray task events failed to report to aggregator: 0
	num of task attempts dropped reported to aggregator: 0
	num of failed requests to aggregator: 0

[2026-09-03 22:04:04,109 I 1394 1916] core_worker.cc:498: Event stats:


Global stats: 4047 total (8 active)
Queueing time: mean = 0.02ms, max = 0.60ms, min = 0.00ms, total = 91.18ms
Execution time:  mean = 0.01ms, total = 22.05ms
Event stats:
	CoreWorker.RecoverObjects - 3000 total (1 active), Execution time: mean = 0.00ms, total = 8.31ms, Queueing time: mean = 0.02ms, max = 0.08ms, min = 0.00ms, total = 64.19ms
	CoreWorker.ExitIfParentRayletDies - 300 total (1 active), Execution time: mean = 0.01ms, total = 2.07ms, Queueing time: mean = 0.02ms, max = 0.20ms, min = 0.00ms, total = 6.77ms
	CoreWorker.InternalHeartbeat - 300 total (1 active), Execution time: mean = 0.00ms, total = 0.90ms, Queueing time: mean = 0.02ms, max = 0.20ms, min = 0.00ms, total = 7.30ms
	CoreWorker.ReportWorkerBacklog - 300 total (1 active), Execution time: mean = 0.00ms, total = 1.15ms, Queueing time: mean = 0.02ms, max = 0.20ms, min = 0.00ms, total = 7.05ms
	CoreWorker.RecordMetrics - 60 total (1 active), Execution time: mean = 0.03ms, total = 1.83ms, Queueing time: mean = 0.02ms, max = 0.08ms, min = 0.00ms, total = 1.20ms
	CoreWorker.TryDelPendingObjectRefStreams - 30 total (1 active), Execution time: mean = 0.00ms, total = 0.08ms, Queueing time: mean = 0.04ms, max = 0.20ms, min = 0.00ms, total = 1.09ms
	CoreWorkerService.grpc_server.GetCoreWorkerStats - 20 total (0 active), Execution time: mean = 0.21ms, total = 4.15ms, Queueing time: mean = 0.00ms, max = -0.00ms, min = 9223372036854.78ms, total = 0.00ms
	CoreWorkerService.grpc_server.GetCoreWorkerStats.HandleRequestImpl - 20 total (0 active), Execution time: mean = 0.04ms, total = 0.79ms, Queueing time: mean = 0.03ms, max = 0.04ms, min = 0.01ms, total = 0.51ms
	PeriodicalRunner.RunFnPeriodically - 8 total (0 active), Execution time: mean = 0.08ms, total = 0.61ms, Queueing time: mean = 0.37ms, max = 0.60ms, min = 0.01ms, total = 2.96ms
	CoreWorker.PrintEventStats - 5 total (1 active, 1 running), Execution time: mean = 0.19ms, total = 0.97ms, Queueing time: mean = 0.01ms, max = 0.03ms, min = 0.01ms, total = 0.07ms
	Publisher.CheckDeadSubscribers - 2 total (1 active), Execution time: mean = 0.00ms, total = 0.00ms, Queueing time: mean = 0.01ms, max = 0.03ms, min = 0.03ms, total = 0.03ms
	ray::rpc::WorkerInfoGcsService.grpc_client.AddWorkerInfo.OnReplyReceived - 1 total (0 active), Execution time: mean = 0.02ms, total = 0.02ms, Queueing time: mean = 0.01ms, max = 0.01ms, min = 0.01ms, total = 0.01ms
	ray::rpc::WorkerInfoGcsService.grpc_client.AddWorkerInfo - 1 total (0 active), Execution time: mean = 1.16ms, total = 1.16ms, Queueing time: mean = 0.00ms, max = -0.00ms, min = 9223372036854.78ms, total = 0.00ms

-----------------
Task execution event stats:

Global stats: 29938 total (1 active)
Queueing time: mean = 0.02ms, max = 0.27ms, min = -0.04ms, total = 575.96ms
Execution time:  mean = 0.00ms, total = 96.50ms
Event stats:
	CoreWorker.CheckSignal - 29937 total (1 active), Execution time: mean = 0.00ms, total = 96.49ms, Queueing time: mean = 0.02ms, max = 0.27ms, min = -0.04ms, total = 575.96ms
	PeriodicalRunner.RunFnPeriodically - 1 total (0 active), Execution time: mean = 0.01ms, total = 0.01ms, Queueing time: mean = 0.00ms, max = 0.00ms, min = 0.00ms, total = 0.00ms

-----------------
Task Event stats:

IO Service Stats:

Global stats: 301 total (1 active)
Queueing time: mean = 0.03ms, max = 0.13ms, min = -0.00ms, total = 8.55ms
Execution time:  mean = 0.01ms, total = 4.01ms
Event stats:
	CoreWorker.deadline_timer.flush_task_events - 300 total (1 active), Execution time: mean = 0.01ms, total = 3.97ms, Queueing time: mean = 0.03ms, max = 0.13ms, min = -0.00ms, total = 8.54ms
	PeriodicalRunner.RunFnPeriodically - 1 total (0 active), Execution time: mean = 0.04ms, total = 0.04ms, Queueing time: mean = 0.01ms, max = 0.01ms, min = 0.01ms, total = 0.01ms
Other Stats:
	gcs_grpc_in_progress:0
	event_aggregator_grpc_in_progress:0
	current number of task status events in buffer: 0
	current number of profile events in buffer: 0
	current number of dropped task attempts tracked: 0
	total task events sent: 0 MiB
	total number of task attempts sent: 0
	total number of task attempts dropped reported: 0
	total number of sent failure: 0
	num status task events dropped: 0
	num profile task events dropped: 0
	num ray task events reported to aggregator: 0
	num ray task events failed to report to aggregator: 0
	num of task attempts dropped reported to aggregator: 0
	num of failed requests to aggregator: 0

[2026-09-03 22:05:04,110 I 1394 1916] core_worker.cc:498: Event stats:


Global stats: 4854 total (8 active)
Queueing time: mean = 0.02ms, max = 0.60ms, min = 0.00ms, total = 110.17ms
Execution time:  mean = 0.01ms, total = 26.31ms
Event stats:
	CoreWorker.RecoverObjects - 3600 total (1 active), Execution time: mean = 0.00ms, total = 10.04ms, Queueing time: mean = 0.02ms, max = 0.08ms, min = 0.00ms, total = 77.32ms
	CoreWorker.ExitIfParentRayletDies - 360 total (1 active), Execution time: mean = 0.01ms, total = 2.50ms, Queueing time: mean = 0.02ms, max = 0.20ms, min = 0.00ms, total = 8.29ms
	CoreWorker.InternalHeartbeat - 360 total (1 active), Execution time: mean = 0.00ms, total = 1.08ms, Queueing time: mean = 0.03ms, max = 0.20ms, min = 0.00ms, total = 9.06ms
	CoreWorker.ReportWorkerBacklog - 360 total (1 active), Execution time: mean = 0.00ms, total = 1.39ms, Queueing time: mean = 0.02ms, max = 0.20ms, min = 0.00ms, total = 8.75ms
	CoreWorker.RecordMetrics - 72 total (1 active), Execution time: mean = 0.03ms, total = 2.23ms, Queueing time: mean = 0.02ms, max = 0.08ms, min = 0.00ms, total = 1.50ms
	CoreWorker.TryDelPendingObjectRefStreams - 36 total (1 active), Execution time: mean = 0.00ms, total = 0.10ms, Queueing time: mean = 0.04ms, max = 0.33ms, min = 0.00ms, total = 1.57ms
	CoreWorkerService.grpc_server.GetCoreWorkerStats - 24 total (0 active), Execution time: mean = 0.20ms, total = 4.85ms, Queueing time: mean = 0.00ms, max = -0.00ms, min = 9223372036854.78ms, total = 0.00ms
	CoreWorkerService.grpc_server.GetCoreWorkerStats.HandleRequestImpl - 24 total (0 active), Execution time: mean = 0.04ms, total = 0.91ms, Queueing time: mean = 0.02ms, max = 0.04ms, min = 0.01ms, total = 0.58ms
	PeriodicalRunner.RunFnPeriodically - 8 total (0 active), Execution time: mean = 0.08ms, total = 0.61ms, Queueing time: mean = 0.37ms, max = 0.60ms, min = 0.01ms, total = 2.96ms
	CoreWorker.PrintEventStats - 6 total (1 active, 1 running), Execution time: mean = 0.24ms, total = 1.41ms, Queueing time: mean = 0.02ms, max = 0.03ms, min = 0.01ms, total = 0.10ms
	Publisher.CheckDeadSubscribers - 2 total (1 active), Execution time: mean = 0.00ms, total = 0.00ms, Queueing time: mean = 0.01ms, max = 0.03ms, min = 0.03ms, total = 0.03ms
	ray::rpc::WorkerInfoGcsService.grpc_client.AddWorkerInfo.OnReplyReceived - 1 total (0 active), Execution time: mean = 0.02ms, total = 0.02ms, Queueing time: mean = 0.01ms, max = 0.01ms, min = 0.01ms, total = 0.01ms
	ray::rpc::WorkerInfoGcsService.grpc_client.AddWorkerInfo - 1 total (0 active), Execution time: mean = 1.16ms, total = 1.16ms, Queueing time: mean = 0.00ms, max = -0.00ms, min = 9223372036854.78ms, total = 0.00ms

-----------------
Task execution event stats:

Global stats: 35924 total (1 active)
Queueing time: mean = 0.02ms, max = 0.27ms, min = -0.04ms, total = 696.52ms
Execution time:  mean = 0.00ms, total = 117.06ms
Event stats:
	CoreWorker.CheckSignal - 35923 total (1 active), Execution time: mean = 0.00ms, total = 117.05ms, Queueing time: mean = 0.02ms, max = 0.27ms, min = -0.04ms, total = 696.52ms
	PeriodicalRunner.RunFnPeriodically - 1 total (0 active), Execution time: mean = 0.01ms, total = 0.01ms, Queueing time: mean = 0.00ms, max = 0.00ms, min = 0.00ms, total = 0.00ms

-----------------
Task Event stats:

IO Service Stats:

Global stats: 361 total (1 active)
Queueing time: mean = 0.03ms, max = 0.13ms, min = -0.00ms, total = 10.31ms
Execution time:  mean = 0.01ms, total = 4.78ms
Event stats:
	CoreWorker.deadline_timer.flush_task_events - 360 total (1 active), Execution time: mean = 0.01ms, total = 4.74ms, Queueing time: mean = 0.03ms, max = 0.13ms, min = -0.00ms, total = 10.29ms
	PeriodicalRunner.RunFnPeriodically - 1 total (0 active), Execution time: mean = 0.04ms, total = 0.04ms, Queueing time: mean = 0.01ms, max = 0.01ms, min = 0.01ms, total = 0.01ms
Other Stats:
	gcs_grpc_in_progress:0
	event_aggregator_grpc_in_progress:0
	current number of task status events in buffer: 0
	current number of profile events in buffer: 0
	current number of dropped task attempts tracked: 0
	total task events sent: 0 MiB
	total number of task attempts sent: 0
	total number of task attempts dropped reported: 0
	total number of sent failure: 0
	num status task events dropped: 0
	num profile task events dropped: 0
	num ray task events reported to aggregator: 0
	num ray task events failed to report to aggregator: 0
	num of task attempts dropped reported to aggregator: 0
	num of failed requests to aggregator: 0

[2026-09-03 22:06:04,110 I 1394 1916] core_worker.cc:498: Event stats:


Global stats: 5661 total (8 active)
Queueing time: mean = 0.02ms, max = 0.60ms, min = -0.00ms, total = 122.31ms
Execution time:  mean = 0.01ms, total = 30.26ms
Event stats:
	CoreWorker.RecoverObjects - 4200 total (1 active), Execution time: mean = 0.00ms, total = 11.58ms, Queueing time: mean = 0.02ms, max = 0.08ms, min = -0.00ms, total = 86.31ms
	CoreWorker.ExitIfParentRayletDies - 420 total (1 active), Execution time: mean = 0.01ms, total = 2.96ms, Queueing time: mean = 0.02ms, max = 0.20ms, min = 0.00ms, total = 9.10ms
	CoreWorker.InternalHeartbeat - 420 total (1 active), Execution time: mean = 0.00ms, total = 1.31ms, Queueing time: mean = 0.02ms, max = 0.20ms, min = 0.00ms, total = 10.09ms
	CoreWorker.ReportWorkerBacklog - 420 total (1 active), Execution time: mean = 0.00ms, total = 1.68ms, Queueing time: mean = 0.02ms, max = 0.20ms, min = 0.00ms, total = 9.71ms
	CoreWorker.RecordMetrics - 84 total (1 active), Execution time: mean = 0.03ms, total = 2.62ms, Queueing time: mean = 0.02ms, max = 0.08ms, min = 0.00ms, total = 1.67ms
	CoreWorker.TryDelPendingObjectRefStreams - 42 total (1 active), Execution time: mean = 0.00ms, total = 0.12ms, Queueing time: mean = 0.04ms, max = 0.33ms, min = 0.00ms, total = 1.67ms
	CoreWorkerService.grpc_server.GetCoreWorkerStats - 28 total (0 active), Execution time: mean = 0.20ms, total = 5.57ms, Queueing time: mean = 0.00ms, max = -0.00ms, min = 9223372036854.78ms, total = 0.00ms
	CoreWorkerService.grpc_server.GetCoreWorkerStats.HandleRequestImpl - 28 total (0 active), Execution time: mean = 0.04ms, total = 1.02ms, Queueing time: mean = 0.02ms, max = 0.04ms, min = 0.01ms, total = 0.65ms
	PeriodicalRunner.RunFnPeriodically - 8 total (0 active), Execution time: mean = 0.08ms, total = 0.61ms, Queueing time: mean = 0.37ms, max = 0.60ms, min = 0.01ms, total = 2.96ms
	CoreWorker.PrintEventStats - 7 total (1 active, 1 running), Execution time: mean = 0.23ms, total = 1.59ms, Queueing time: mean = 0.02ms, max = 0.03ms, min = 0.01ms, total = 0.12ms
	Publisher.CheckDeadSubscribers - 2 total (1 active), Execution time: mean = 0.00ms, total = 0.00ms, Queueing time: mean = 0.01ms, max = 0.03ms, min = 0.03ms, total = 0.03ms
	ray::rpc::WorkerInfoGcsService.grpc_client.AddWorkerInfo.OnReplyReceived - 1 total (0 active), Execution time: mean = 0.02ms, total = 0.02ms, Queueing time: mean = 0.01ms, max = 0.01ms, min = 0.01ms, total = 0.01ms
	ray::rpc::WorkerInfoGcsService.grpc_client.AddWorkerInfo - 1 total (0 active), Execution time: mean = 1.16ms, total = 1.16ms, Queueing time: mean = 0.00ms, max = -0.00ms, min = 9223372036854.78ms, total = 0.00ms

-----------------
Task execution event stats:

Global stats: 41917 total (1 active)
Queueing time: mean = 0.02ms, max = 0.27ms, min = -0.04ms, total = 759.06ms
Execution time:  mean = 0.00ms, total = 128.64ms
Event stats:
	CoreWorker.CheckSignal - 41916 total (1 active), Execution time: mean = 0.00ms, total = 128.63ms, Queueing time: mean = 0.02ms, max = 0.27ms, min = -0.04ms, total = 759.06ms
	PeriodicalRunner.RunFnPeriodically - 1 total (0 active), Execution time: mean = 0.01ms, total = 0.01ms, Queueing time: mean = 0.00ms, max = 0.00ms, min = 0.00ms, total = 0.00ms

-----------------
Task Event stats:

IO Service Stats:

Global stats: 421 total (1 active)
Queueing time: mean = 0.03ms, max = 0.13ms, min = -0.00ms, total = 11.69ms
Execution time:  mean = 0.01ms, total = 5.65ms
Event stats:
	CoreWorker.deadline_timer.flush_task_events - 420 total (1 active), Execution time: mean = 0.01ms, total = 5.60ms, Queueing time: mean = 0.03ms, max = 0.13ms, min = -0.00ms, total = 11.68ms
	PeriodicalRunner.RunFnPeriodically - 1 total (0 active), Execution time: mean = 0.04ms, total = 0.04ms, Queueing time: mean = 0.01ms, max = 0.01ms, min = 0.01ms, total = 0.01ms
Other Stats:
	gcs_grpc_in_progress:0
	event_aggregator_grpc_in_progress:0
	current number of task status events in buffer: 0
	current number of profile events in buffer: 0
	current number of dropped task attempts tracked: 0
	total task events sent: 0 MiB
	total number of task attempts sent: 0
	total number of task attempts dropped reported: 0
	total number of sent failure: 0
	num status task events dropped: 0
	num profile task events dropped: 0
	num ray task events reported to aggregator: 0
	num ray task events failed to report to aggregator: 0
	num of task attempts dropped reported to aggregator: 0
	num of failed requests to aggregator: 0

[2026-09-03 22:07:04,110 I 1394 1916] core_worker.cc:498: Event stats:


Global stats: 6467 total (8 active)
Queueing time: mean = 0.02ms, max = 0.60ms, min = -0.00ms, total = 134.83ms
Execution time:  mean = 0.01ms, total = 33.66ms
Event stats:
	CoreWorker.RecoverObjects - 4799 total (1 active), Execution time: mean = 0.00ms, total = 12.76ms, Queueing time: mean = 0.02ms, max = 0.08ms, min = -0.00ms, total = 95.46ms
	CoreWorker.ExitIfParentRayletDies - 480 total (1 active), Execution time: mean = 0.01ms, total = 3.43ms, Queueing time: mean = 0.02ms, max = 0.20ms, min = 0.00ms, total = 9.93ms
	CoreWorker.InternalHeartbeat - 480 total (1 active), Execution time: mean = 0.00ms, total = 1.51ms, Queueing time: mean = 0.02ms, max = 0.20ms, min = 0.00ms, total = 11.17ms
	CoreWorker.ReportWorkerBacklog - 480 total (1 active), Execution time: mean = 0.00ms, total = 1.96ms, Queueing time: mean = 0.02ms, max = 0.20ms, min = 0.00ms, total = 10.72ms
	CoreWorker.RecordMetrics - 96 total (1 active), Execution time: mean = 0.03ms, total = 2.96ms, Queueing time: mean = 0.02ms, max = 0.08ms, min = 0.00ms, total = 1.79ms
	CoreWorker.TryDelPendingObjectRefStreams - 48 total (1 active), Execution time: mean = 0.00ms, total = 0.13ms, Queueing time: mean = 0.04ms, max = 0.33ms, min = 0.00ms, total = 1.89ms
	CoreWorkerService.grpc_server.GetCoreWorkerStats - 32 total (0 active), Execution time: mean = 0.19ms, total = 6.16ms, Queueing time: mean = 0.00ms, max = -0.00ms, min = 9223372036854.78ms, total = 0.00ms
	CoreWorkerService.grpc_server.GetCoreWorkerStats.HandleRequestImpl - 32 total (0 active), Execution time: mean = 0.04ms, total = 1.13ms, Queueing time: mean = 0.02ms, max = 0.04ms, min = 0.01ms, total = 0.74ms
	PeriodicalRunner.RunFnPeriodically - 8 total (0 active), Execution time: mean = 0.08ms, total = 0.61ms, Queueing time: mean = 0.37ms, max = 0.60ms, min = 0.01ms, total = 2.96ms
	CoreWorker.PrintEventStats - 8 total (1 active, 1 running), Execution time: mean = 0.23ms, total = 1.82ms, Queueing time: mean = 0.02ms, max = 0.03ms, min = 0.01ms, total = 0.13ms
	Publisher.CheckDeadSubscribers - 2 total (1 active), Execution time: mean = 0.00ms, total = 0.00ms, Queueing time: mean = 0.01ms, max = 0.03ms, min = 0.03ms, total = 0.03ms
	ray::rpc::WorkerInfoGcsService.grpc_client.AddWorkerInfo.OnReplyReceived - 1 total (0 active), Execution time: mean = 0.02ms, total = 0.02ms, Queueing time: mean = 0.01ms, max = 0.01ms, min = 0.01ms, total = 0.01ms
	ray::rpc::WorkerInfoGcsService.grpc_client.AddWorkerInfo - 1 total (0 active), Execution time: mean = 1.16ms, total = 1.16ms, Queueing time: mean = 0.00ms, max = -0.00ms, min = 9223372036854.78ms, total = 0.00ms

-----------------
Task execution event stats:

Global stats: 47910 total (1 active)
Queueing time: mean = 0.02ms, max = 0.27ms, min = -0.04ms, total = 828.14ms
Execution time:  mean = 0.00ms, total = 138.04ms
Event stats:
	CoreWorker.CheckSignal - 47909 total (1 active), Execution time: mean = 0.00ms, total = 138.03ms, Queueing time: mean = 0.02ms, max = 0.27ms, min = -0.04ms, total = 828.14ms
	PeriodicalRunner.RunFnPeriodically - 1 total (0 active), Execution time: mean = 0.01ms, total = 0.01ms, Queueing time: mean = 0.00ms, max = 0.00ms, min = 0.00ms, total = 0.00ms

-----------------
Task Event stats:

IO Service Stats:

Global stats: 481 total (1 active)
Queueing time: mean = 0.03ms, max = 0.13ms, min = -0.00ms, total = 13.20ms
Execution time:  mean = 0.01ms, total = 6.51ms
Event stats:
	CoreWorker.deadline_timer.flush_task_events - 480 total (1 active), Execution time: mean = 0.01ms, total = 6.47ms, Queueing time: mean = 0.03ms, max = 0.13ms, min = -0.00ms, total = 13.19ms
	PeriodicalRunner.RunFnPeriodically - 1 total (0 active), Execution time: mean = 0.04ms, total = 0.04ms, Queueing time: mean = 0.01ms, max = 0.01ms, min = 0.01ms, total = 0.01ms
Other Stats:
	gcs_grpc_in_progress:0
	event_aggregator_grpc_in_progress:0
	current number of task status events in buffer: 0
	current number of profile events in buffer: 0
	current number of dropped task attempts tracked: 0
	total task events sent: 0 MiB
	total number of task attempts sent: 0
	total number of task attempts dropped reported: 0
	total number of sent failure: 0
	num status task events dropped: 0
	num profile task events dropped: 0
	num ray task events reported to aggregator: 0
	num ray task events failed to report to aggregator: 0
	num of task attempts dropped reported to aggregator: 0
	num of failed requests to aggregator: 0

[2026-09-03 22:08:04,110 I 1394 1916] core_worker.cc:498: Event stats:


Global stats: 7274 total (8 active)
Queueing time: mean = 0.02ms, max = 0.60ms, min = -0.02ms, total = 149.61ms
Execution time:  mean = 0.01ms, total = 37.46ms
Event stats:
	CoreWorker.RecoverObjects - 5399 total (1 active), Execution time: mean = 0.00ms, total = 14.14ms, Queueing time: mean = 0.02ms, max = 0.11ms, min = -0.02ms, total = 106.46ms
	CoreWorker.ExitIfParentRayletDies - 540 total (1 active), Execution time: mean = 0.01ms, total = 3.79ms, Queueing time: mean = 0.02ms, max = 0.20ms, min = 0.00ms, total = 10.87ms
	CoreWorker.InternalHeartbeat - 540 total (1 active), Execution time: mean = 0.00ms, total = 1.67ms, Queueing time: mean = 0.02ms, max = 0.20ms, min = 0.00ms, total = 12.32ms
	CoreWorker.ReportWorkerBacklog - 540 total (1 active), Execution time: mean = 0.00ms, total = 2.17ms, Queueing time: mean = 0.02ms, max = 0.20ms, min = 0.00ms, total = 11.82ms
	CoreWorker.RecordMetrics - 108 total (1 active), Execution time: mean = 0.03ms, total = 3.28ms, Queueing time: mean = 0.02ms, max = 0.08ms, min = 0.00ms, total = 2.03ms
	CoreWorker.TryDelPendingObjectRefStreams - 54 total (1 active), Execution time: mean = 0.00ms, total = 0.14ms, Queueing time: mean = 0.04ms, max = 0.33ms, min = 0.00ms, total = 2.13ms
	CoreWorkerService.grpc_server.GetCoreWorkerStats - 36 total (0 active), Execution time: mean = 0.20ms, total = 7.14ms, Queueing time: mean = 0.00ms, max = -0.00ms, min = 9223372036854.78ms, total = 0.00ms
	CoreWorkerService.grpc_server.GetCoreWorkerStats.HandleRequestImpl - 36 total (0 active), Execution time: mean = 0.04ms, total = 1.28ms, Queueing time: mean = 0.02ms, max = 0.04ms, min = 0.01ms, total = 0.83ms
	CoreWorker.PrintEventStats - 9 total (1 active, 1 running), Execution time: mean = 0.23ms, total = 2.05ms, Queueing time: mean = 0.02ms, max = 0.03ms, min = 0.01ms, total = 0.15ms
	PeriodicalRunner.RunFnPeriodically - 8 total (0 active), Execution time: mean = 0.08ms, total = 0.61ms, Queueing time: mean = 0.37ms, max = 0.60ms, min = 0.01ms, total = 2.96ms
	Publisher.CheckDeadSubscribers - 2 total (1 active), Execution time: mean = 0.00ms, total = 0.00ms, Queueing time: mean = 0.01ms, max = 0.03ms, min = 0.03ms, total = 0.03ms
	ray::rpc::WorkerInfoGcsService.grpc_client.AddWorkerInfo.OnReplyReceived - 1 total (0 active), Execution time: mean = 0.02ms, total = 0.02ms, Queueing time: mean = 0.01ms, max = 0.01ms, min = 0.01ms, total = 0.01ms
	ray::rpc::WorkerInfoGcsService.grpc_client.AddWorkerInfo - 1 total (0 active), Execution time: mean = 1.16ms, total = 1.16ms, Queueing time: mean = 0.00ms, max = -0.00ms, min = 9223372036854.78ms, total = 0.00ms

-----------------
Task execution event stats:

Global stats: 53897 total (1 active)
Queueing time: mean = 0.02ms, max = 0.27ms, min = -0.04ms, total = 946.64ms
Execution time:  mean = 0.00ms, total = 157.36ms
Event stats:
	CoreWorker.CheckSignal - 53896 total (1 active), Execution time: mean = 0.00ms, total = 157.35ms, Queueing time: mean = 0.02ms, max = 0.27ms, min = -0.04ms, total = 946.64ms
	PeriodicalRunner.RunFnPeriodically - 1 total (0 active), Execution time: mean = 0.01ms, total = 0.01ms, Queueing time: mean = 0.00ms, max = 0.00ms, min = 0.00ms, total = 0.00ms

-----------------
Task Event stats:

IO Service Stats:

Global stats: 541 total (1 active)
Queueing time: mean = 0.03ms, max = 0.13ms, min = -0.00ms, total = 14.94ms
Execution time:  mean = 0.01ms, total = 7.22ms
Event stats:
	CoreWorker.deadline_timer.flush_task_events - 540 total (1 active), Execution time: mean = 0.01ms, total = 7.17ms, Queueing time: mean = 0.03ms, max = 0.13ms, min = -0.00ms, total = 14.93ms
	PeriodicalRunner.RunFnPeriodically - 1 total (0 active), Execution time: mean = 0.04ms, total = 0.04ms, Queueing time: mean = 0.01ms, max = 0.01ms, min = 0.01ms, total = 0.01ms
Other Stats:
	gcs_grpc_in_progress:0
	event_aggregator_grpc_in_progress:0
	current number of task status events in buffer: 0
	current number of profile events in buffer: 0
	current number of dropped task attempts tracked: 0
	total task events sent: 0 MiB
	total number of task attempts sent: 0
	total number of task attempts dropped reported: 0
	total number of sent failure: 0
	num status task events dropped: 0
	num profile task events dropped: 0
	num ray task events reported to aggregator: 0
	num ray task events failed to report to aggregator: 0
	num of task attempts dropped reported to aggregator: 0
	num of failed requests to aggregator: 0

[2026-09-03 22:09:04,111 I 1394 1916] core_worker.cc:498: Event stats:


Global stats: 8082 total (8 active)
Queueing time: mean = 0.02ms, max = 0.60ms, min = -0.02ms, total = 167.11ms
Execution time:  mean = 0.01ms, total = 41.49ms
Event stats:
	CoreWorker.RecoverObjects - 5999 total (1 active), Execution time: mean = 0.00ms, total = 15.60ms, Queueing time: mean = 0.02ms, max = 0.11ms, min = -0.02ms, total = 119.09ms
	CoreWorker.ExitIfParentRayletDies - 600 total (1 active), Execution time: mean = 0.01ms, total = 4.21ms, Queueing time: mean = 0.02ms, max = 0.20ms, min = 0.00ms, total = 12.16ms
	CoreWorker.InternalHeartbeat - 600 total (1 active), Execution time: mean = 0.00ms, total = 1.85ms, Queueing time: mean = 0.02ms, max = 0.20ms, min = 0.00ms, total = 13.83ms
	CoreWorker.ReportWorkerBacklog - 600 total (1 active), Execution time: mean = 0.00ms, total = 2.46ms, Queueing time: mean = 0.02ms, max = 0.20ms, min = 0.00ms, total = 13.21ms
	CoreWorker.RecordMetrics - 120 total (1 active), Execution time: mean = 0.03ms, total = 3.64ms, Queueing time: mean = 0.02ms, max = 0.08ms, min = 0.00ms, total = 2.25ms
	CoreWorker.TryDelPendingObjectRefStreams - 60 total (1 active), Execution time: mean = 0.00ms, total = 0.15ms, Queueing time: mean = 0.04ms, max = 0.33ms, min = 0.00ms, total = 2.48ms
	CoreWorkerService.grpc_server.GetCoreWorkerStats - 40 total (0 active), Execution time: mean = 0.20ms, total = 8.00ms, Queueing time: mean = 0.00ms, max = -0.00ms, min = 9223372036854.78ms, total = 0.00ms
	CoreWorkerService.grpc_server.GetCoreWorkerStats.HandleRequestImpl - 40 total (0 active), Execution time: mean = 0.04ms, total = 1.41ms, Queueing time: mean = 0.02ms, max = 0.04ms, min = 0.01ms, total = 0.92ms
	CoreWorker.PrintEventStats - 10 total (1 active, 1 running), Execution time: mean = 0.24ms, total = 2.37ms, Queueing time: mean = 0.02ms, max = 0.03ms, min = 0.01ms, total = 0.17ms
	PeriodicalRunner.RunFnPeriodically - 8 total (0 active), Execution time: mean = 0.08ms, total = 0.61ms, Queueing time: mean = 0.37ms, max = 0.60ms, min = 0.01ms, total = 2.96ms
	Publisher.CheckDeadSubscribers - 3 total (1 active), Execution time: mean = 0.00ms, total = 0.01ms, Queueing time: mean = 0.01ms, max = 0.03ms, min = 0.01ms, total = 0.04ms
	ray::rpc::WorkerInfoGcsService.grpc_client.AddWorkerInfo.OnReplyReceived - 1 total (0 active), Execution time: mean = 0.02ms, total = 0.02ms, Queueing time: mean = 0.01ms, max = 0.01ms, min = 0.01ms, total = 0.01ms
	ray::rpc::WorkerInfoGcsService.grpc_client.AddWorkerInfo - 1 total (0 active), Execution time: mean = 1.16ms, total = 1.16ms, Queueing time: mean = 0.00ms, max = -0.00ms, min = 9223372036854.78ms, total = 0.00ms

-----------------
Task execution event stats:

Global stats: 59883 total (1 active)
Queueing time: mean = 0.02ms, max = 0.27ms, min = -0.04ms, total = 1070.80ms
Execution time:  mean = 0.00ms, total = 176.81ms
Event stats:
	CoreWorker.CheckSignal - 59882 total (1 active), Execution time: mean = 0.00ms, total = 176.79ms, Queueing time: mean = 0.02ms, max = 0.27ms, min = -0.04ms, total = 1070.80ms
	PeriodicalRunner.RunFnPeriodically - 1 total (0 active), Execution time: mean = 0.01ms, total = 0.01ms, Queueing time: mean = 0.00ms, max = 0.00ms, min = 0.00ms, total = 0.00ms

-----------------
Task Event stats:

IO Service Stats:

Global stats: 601 total (1 active)
Queueing time: mean = 0.03ms, max = 0.13ms, min = -0.00ms, total = 16.67ms
Execution time:  mean = 0.01ms, total = 7.90ms
Event stats:
	CoreWorker.deadline_timer.flush_task_events - 600 total (1 active), Execution time: mean = 0.01ms, total = 7.86ms, Queueing time: mean = 0.03ms, max = 0.13ms, min = -0.00ms, total = 16.66ms
	PeriodicalRunner.RunFnPeriodically - 1 total (0 active), Execution time: mean = 0.04ms, total = 0.04ms, Queueing time: mean = 0.01ms, max = 0.01ms, min = 0.01ms, total = 0.01ms
Other Stats:
	gcs_grpc_in_progress:0
	event_aggregator_grpc_in_progress:0
	current number of task status events in buffer: 0
	current number of profile events in buffer: 0
	current number of dropped task attempts tracked: 0
	total task events sent: 0 MiB
	total number of task attempts sent: 0
	total number of task attempts dropped reported: 0
	total number of sent failure: 0
	num status task events dropped: 0
	num profile task events dropped: 0
	num ray task events reported to aggregator: 0
	num ray task events failed to report to aggregator: 0
	num of task attempts dropped reported to aggregator: 0
	num of failed requests to aggregator: 0

[2026-09-03 22:10:04,111 I 1394 1916] core_worker.cc:498: Event stats:


Global stats: 8889 total (8 active)
Queueing time: mean = 0.02ms, max = 0.60ms, min = -0.02ms, total = 181.34ms
Execution time:  mean = 0.01ms, total = 45.20ms
Event stats:
	CoreWorker.RecoverObjects - 6599 total (1 active), Execution time: mean = 0.00ms, total = 16.81ms, Queueing time: mean = 0.02ms, max = 0.11ms, min = -0.02ms, total = 129.18ms
	CoreWorker.ExitIfParentRayletDies - 660 total (1 active), Execution time: mean = 0.01ms, total = 4.66ms, Queueing time: mean = 0.02ms, max = 0.20ms, min = 0.00ms, total = 13.22ms
	CoreWorker.InternalHeartbeat - 660 total (1 active), Execution time: mean = 0.00ms, total = 2.06ms, Queueing time: mean = 0.02ms, max = 0.20ms, min = 0.00ms, total = 15.13ms
	CoreWorker.ReportWorkerBacklog - 660 total (1 active), Execution time: mean = 0.00ms, total = 2.73ms, Queueing time: mean = 0.02ms, max = 0.20ms, min = 0.00ms, total = 14.45ms
	CoreWorker.RecordMetrics - 132 total (1 active), Execution time: mean = 0.03ms, total = 3.97ms, Queueing time: mean = 0.02ms, max = 0.08ms, min = 0.00ms, total = 2.42ms
	CoreWorker.TryDelPendingObjectRefStreams - 66 total (1 active), Execution time: mean = 0.00ms, total = 0.16ms, Queueing time: mean = 0.04ms, max = 0.33ms, min = 0.00ms, total = 2.69ms
	CoreWorkerService.grpc_server.GetCoreWorkerStats - 44 total (0 active), Execution time: mean = 0.20ms, total = 8.85ms, Queueing time: mean = 0.00ms, max = -0.00ms, min = 9223372036854.78ms, total = 0.00ms
	CoreWorkerService.grpc_server.GetCoreWorkerStats.HandleRequestImpl - 44 total (0 active), Execution time: mean = 0.04ms, total = 1.56ms, Queueing time: mean = 0.02ms, max = 0.04ms, min = 0.01ms, total = 1.05ms
	CoreWorker.PrintEventStats - 11 total (1 active, 1 running), Execution time: mean = 0.24ms, total = 2.60ms, Queueing time: mean = 0.02ms, max = 0.03ms, min = 0.01ms, total = 0.18ms
	PeriodicalRunner.RunFnPeriodically - 8 total (0 active), Execution time: mean = 0.08ms, total = 0.61ms, Queueing time: mean = 0.37ms, max = 0.60ms, min = 0.01ms, total = 2.96ms
	Publisher.CheckDeadSubscribers - 3 total (1 active), Execution time: mean = 0.00ms, total = 0.01ms, Queueing time: mean = 0.01ms, max = 0.03ms, min = 0.01ms, total = 0.04ms
	ray::rpc::WorkerInfoGcsService.grpc_client.AddWorkerInfo.OnReplyReceived - 1 total (0 active), Execution time: mean = 0.02ms, total = 0.02ms, Queueing time: mean = 0.01ms, max = 0.01ms, min = 0.01ms, total = 0.01ms
	ray::rpc::WorkerInfoGcsService.grpc_client.AddWorkerInfo - 1 total (0 active), Execution time: mean = 1.16ms, total = 1.16ms, Queueing time: mean = 0.00ms, max = -0.00ms, min = 9223372036854.78ms, total = 0.00ms

-----------------
Task execution event stats:

Global stats: 65873 total (1 active)
Queueing time: mean = 0.02ms, max = 0.27ms, min = -0.04ms, total = 1160.43ms
Execution time:  mean = 0.00ms, total = 190.59ms
Event stats:
	CoreWorker.CheckSignal - 65872 total (1 active), Execution time: mean = 0.00ms, total = 190.58ms, Queueing time: mean = 0.02ms, max = 0.27ms, min = -0.04ms, total = 1160.43ms
	PeriodicalRunner.RunFnPeriodically - 1 total (0 active), Execution time: mean = 0.01ms, total = 0.01ms, Queueing time: mean = 0.00ms, max = 0.00ms, min = 0.00ms, total = 0.00ms

-----------------
Task Event stats:

IO Service Stats:

Global stats: 661 total (1 active)
Queueing time: mean = 0.03ms, max = 0.13ms, min = -0.00ms, total = 18.09ms
Execution time:  mean = 0.01ms, total = 8.57ms
Event stats:
	CoreWorker.deadline_timer.flush_task_events - 660 total (1 active), Execution time: mean = 0.01ms, total = 8.53ms, Queueing time: mean = 0.03ms, max = 0.13ms, min = -0.00ms, total = 18.08ms
	PeriodicalRunner.RunFnPeriodically - 1 total (0 active), Execution time: mean = 0.04ms, total = 0.04ms, Queueing time: mean = 0.01ms, max = 0.01ms, min = 0.01ms, total = 0.01ms
Other Stats:
	gcs_grpc_in_progress:0
	event_aggregator_grpc_in_progress:0
	current number of task status events in buffer: 0
	current number of profile events in buffer: 0
	current number of dropped task attempts tracked: 0
	total task events sent: 0 MiB
	total number of task attempts sent: 0
	total number of task attempts dropped reported: 0
	total number of sent failure: 0
	num status task events dropped: 0
	num profile task events dropped: 0
	num ray task events reported to aggregator: 0
	num ray task events failed to report to aggregator: 0
	num of task attempts dropped reported to aggregator: 0
	num of failed requests to aggregator: 0

