[2026-09-03 21:59:04,271 I 1423 1423] core_worker_process.cc:868: Constructing CoreWorkerProcess. pid: 1423
[2026-09-03 21:59:04,272 I 1423 1423] event.cc:499: Ray Event initialized for CORE_WORKER
[2026-09-03 21:59:04,272 I 1423 1423] event.cc:499: Ray Event initialized for EXPORT_TASK
[2026-09-03 21:59:04,272 I 1423 1423] event.cc:332: Set ray event level to warning
[2026-09-03 21:59:04,274 I 1423 1423] grpc_server.cc:144: worker server started, listening on port 20041.
[2026-09-03 21:59:04,274 I 1423 1423] core_worker_process.cc:299: Initializing worker at address: 10.244.18.139:20041 worker_id=5f412045077b0d6483f006166475de7c9fa0374292a74efcc2faaf35 node_id=b668a6c13d1b7186690b035979a815ca1ce93506fd27e5e4ac7a3f5d
[2026-09-03 21:59:04,274 I 1423 1423] task_event_buffer.cc:535: Reporting task events to GCS every 1000ms.
[2026-09-03 21:59:04,275 I 1423 1423] core_worker.cc:568: Adjusted worker niceness to 15
[2026-09-03 21:59:04,275 I 1423 3681] core_worker.cc:498: Event stats:


Global stats: 11 total (9 active)
Queueing time: mean = 0.00ms, max = 0.01ms, min = 0.00ms, total = 0.01ms
Execution time:  mean = 0.00ms, total = 0.02ms
Event stats:
	PeriodicalRunner.RunFnPeriodically - 8 total (6 active, 1 running), Execution time: mean = 0.00ms, total = 0.02ms, Queueing time: mean = 0.00ms, max = 0.01ms, min = 0.00ms, total = 0.01ms
	Publisher.CheckDeadSubscribers - 1 total (1 active), Execution time: mean = 0.00ms, total = 0.00ms, Queueing time: mean = 0.00ms, max = -0.00ms, min = 9223372036854.78ms, total = 0.00ms
	CoreWorker.ExitIfParentRayletDies - 1 total (1 active), Execution time: mean = 0.00ms, total = 0.00ms, Queueing time: mean = 0.00ms, max = -0.00ms, min = 9223372036854.78ms, total = 0.00ms
	ray::rpc::WorkerInfoGcsService.grpc_client.AddWorkerInfo - 1 total (1 active), Execution time: mean = 0.00ms, total = 0.00ms, Queueing time: mean = 0.00ms, max = -0.00ms, min = 9223372036854.78ms, total = 0.00ms

-----------------
Task execution event stats:

Global stats: 0 total (0 active)
Queueing time: mean = -nanms, max = -0.00ms, min = 9223372036854.78ms, total = 0.00ms
Execution time:  mean = -nanms, total = 0.00ms
Event stats:

-----------------
Task Event stats:

IO Service Stats:

Global stats: 2 total (1 active)
Queueing time: mean = 0.00ms, max = 0.01ms, min = 0.01ms, total = 0.01ms
Execution time:  mean = 0.02ms, total = 0.04ms
Event stats:
	CoreWorker.deadline_timer.flush_task_events - 1 total (1 active), Execution time: mean = 0.00ms, total = 0.00ms, Queueing time: mean = 0.00ms, max = -0.00ms, min = 9223372036854.78ms, total = 0.00ms
	PeriodicalRunner.RunFnPeriodically - 1 total (0 active), Execution time: mean = 0.04ms, total = 0.04ms, Queueing time: mean = 0.01ms, max = 0.01ms, min = 0.01ms, total = 0.01ms
Other Stats:
	gcs_grpc_in_progress:0
	event_aggregator_grpc_in_progress:0
	current number of task status events in buffer: 0
	current number of profile events in buffer: 0
	current number of dropped task attempts tracked: 0
	total task events sent: 0 MiB
	total number of task attempts sent: 0
	total number of task attempts dropped reported: 0
	total number of sent failure: 0
	num status task events dropped: 0
	num profile task events dropped: 0
	num ray task events reported to aggregator: 0
	num ray task events failed to report to aggregator: 0
	num of task attempts dropped reported to aggregator: 0
	num of failed requests to aggregator: 0

[2026-09-03 22:00:04,275 I 1423 3681] core_worker.cc:498: Event stats:


Global stats: 818 total (8 active)
Queueing time: mean = 0.01ms, max = 0.08ms, min = -0.00ms, total = 12.20ms
Execution time:  mean = 0.00ms, total = 2.96ms
Event stats:
	CoreWorker.RecoverObjects - 600 total (1 active), Execution time: mean = 0.00ms, total = 0.92ms, Queueing time: mean = 0.02ms, max = 0.07ms, min = 0.00ms, total = 9.18ms
	CoreWorker.ExitIfParentRayletDies - 60 total (1 active), Execution time: mean = 0.00ms, total = 0.23ms, Queueing time: mean = 0.01ms, max = 0.04ms, min = 0.00ms, total = 0.78ms
	CoreWorker.InternalHeartbeat - 60 total (1 active), Execution time: mean = 0.00ms, total = 0.13ms, Queueing time: mean = 0.01ms, max = 0.04ms, min = 0.00ms, total = 0.83ms
	CoreWorker.ReportWorkerBacklog - 60 total (1 active), Execution time: mean = 0.00ms, total = 0.16ms, Queueing time: mean = 0.01ms, max = 0.04ms, min = -0.00ms, total = 0.78ms
	CoreWorker.RecordMetrics - 12 total (1 active), Execution time: mean = 0.02ms, total = 0.21ms, Queueing time: mean = 0.01ms, max = 0.02ms, min = 0.00ms, total = 0.10ms
	PeriodicalRunner.RunFnPeriodically - 8 total (0 active), Execution time: mean = 0.01ms, total = 0.09ms, Queueing time: mean = 0.05ms, max = 0.08ms, min = 0.00ms, total = 0.39ms
	CoreWorker.TryDelPendingObjectRefStreams - 6 total (1 active), Execution time: mean = 0.00ms, total = 0.01ms, Queueing time: mean = 0.01ms, max = 0.02ms, min = 0.01ms, total = 0.06ms
	CoreWorkerService.grpc_server.GetCoreWorkerStats - 4 total (0 active), Execution time: mean = 0.17ms, total = 0.67ms, Queueing time: mean = 0.00ms, max = -0.00ms, min = 9223372036854.78ms, total = 0.00ms
	CoreWorkerService.grpc_server.GetCoreWorkerStats.HandleRequestImpl - 4 total (0 active), Execution time: mean = 0.05ms, total = 0.19ms, Queueing time: mean = 0.02ms, max = 0.02ms, min = 0.01ms, total = 0.07ms
	CoreWorker.PrintEventStats - 1 total (1 active, 1 running), Execution time: mean = 0.00ms, total = 0.00ms, Queueing time: mean = 0.00ms, max = -0.00ms, min = 9223372036854.78ms, total = 0.00ms
	ray::rpc::WorkerInfoGcsService.grpc_client.AddWorkerInfo - 1 total (0 active), Execution time: mean = 0.32ms, total = 0.32ms, Queueing time: mean = 0.00ms, max = -0.00ms, min = 9223372036854.78ms, total = 0.00ms
	Publisher.CheckDeadSubscribers - 1 total (1 active), Execution time: mean = 0.00ms, total = 0.00ms, Queueing time: mean = 0.00ms, max = -0.00ms, min = 9223372036854.78ms, total = 0.00ms
	ray::rpc::WorkerInfoGcsService.grpc_client.AddWorkerInfo.OnReplyReceived - 1 total (0 active), Execution time: mean = 0.03ms, total = 0.03ms, Queueing time: mean = 0.01ms, max = 0.01ms, min = 0.01ms, total = 0.01ms

-----------------
Task execution event stats:

Global stats: 5992 total (1 active)
Queueing time: mean = 0.02ms, max = 0.07ms, min = 0.00ms, total = 91.06ms
Execution time:  mean = 0.00ms, total = 11.67ms
Event stats:
	CoreWorker.CheckSignal - 5991 total (1 active), Execution time: mean = 0.00ms, total = 11.67ms, Queueing time: mean = 0.02ms, max = 0.07ms, min = 0.00ms, total = 91.05ms
	PeriodicalRunner.RunFnPeriodically - 1 total (0 active), Execution time: mean = 0.00ms, total = 0.00ms, Queueing time: mean = 0.00ms, max = 0.00ms, min = 0.00ms, total = 0.00ms

-----------------
Task Event stats:

IO Service Stats:

Global stats: 61 total (1 active)
Queueing time: mean = 0.02ms, max = 0.04ms, min = 0.01ms, total = 1.30ms
Execution time:  mean = 0.01ms, total = 0.62ms
Event stats:
	CoreWorker.deadline_timer.flush_task_events - 60 total (1 active), Execution time: mean = 0.01ms, total = 0.58ms, Queueing time: mean = 0.02ms, max = 0.04ms, min = 0.01ms, total = 1.30ms
	PeriodicalRunner.RunFnPeriodically - 1 total (0 active), Execution time: mean = 0.04ms, total = 0.04ms, Queueing time: mean = 0.01ms, max = 0.01ms, min = 0.01ms, total = 0.01ms
Other Stats:
	gcs_grpc_in_progress:0
	event_aggregator_grpc_in_progress:0
	current number of task status events in buffer: 0
	current number of profile events in buffer: 0
	current number of dropped task attempts tracked: 0
	total task events sent: 0 MiB
	total number of task attempts sent: 0
	total number of task attempts dropped reported: 0
	total number of sent failure: 0
	num status task events dropped: 0
	num profile task events dropped: 0
	num ray task events reported to aggregator: 0
	num ray task events failed to report to aggregator: 0
	num of task attempts dropped reported to aggregator: 0
	num of failed requests to aggregator: 0

[2026-09-03 22:01:04,275 I 1423 3681] core_worker.cc:498: Event stats:


Global stats: 1625 total (8 active)
Queueing time: mean = 0.02ms, max = 0.24ms, min = -0.00ms, total = 25.01ms
Execution time:  mean = 0.00ms, total = 5.51ms
Event stats:
	CoreWorker.RecoverObjects - 1200 total (1 active), Execution time: mean = 0.00ms, total = 1.93ms, Queueing time: mean = 0.02ms, max = 0.08ms, min = 0.00ms, total = 18.82ms
	CoreWorker.ExitIfParentRayletDies - 120 total (1 active), Execution time: mean = 0.00ms, total = 0.49ms, Queueing time: mean = 0.01ms, max = 0.04ms, min = 0.00ms, total = 1.60ms
	CoreWorker.InternalHeartbeat - 120 total (1 active), Execution time: mean = 0.00ms, total = 0.24ms, Queueing time: mean = 0.01ms, max = 0.04ms, min = 0.00ms, total = 1.79ms
	CoreWorker.ReportWorkerBacklog - 120 total (1 active), Execution time: mean = 0.00ms, total = 0.30ms, Queueing time: mean = 0.01ms, max = 0.04ms, min = -0.00ms, total = 1.69ms
	CoreWorker.RecordMetrics - 24 total (1 active), Execution time: mean = 0.02ms, total = 0.43ms, Queueing time: mean = 0.01ms, max = 0.03ms, min = 0.00ms, total = 0.22ms
	CoreWorker.TryDelPendingObjectRefStreams - 12 total (1 active), Execution time: mean = 0.00ms, total = 0.02ms, Queueing time: mean = 0.03ms, max = 0.24ms, min = 0.01ms, total = 0.36ms
	CoreWorkerService.grpc_server.GetCoreWorkerStats - 8 total (0 active), Execution time: mean = 0.14ms, total = 1.11ms, Queueing time: mean = 0.00ms, max = -0.00ms, min = 9223372036854.78ms, total = 0.00ms
	PeriodicalRunner.RunFnPeriodically - 8 total (0 active), Execution time: mean = 0.01ms, total = 0.09ms, Queueing time: mean = 0.05ms, max = 0.08ms, min = 0.00ms, total = 0.39ms
	CoreWorkerService.grpc_server.GetCoreWorkerStats.HandleRequestImpl - 8 total (0 active), Execution time: mean = 0.03ms, total = 0.26ms, Queueing time: mean = 0.01ms, max = 0.02ms, min = 0.01ms, total = 0.12ms
	CoreWorker.PrintEventStats - 2 total (1 active, 1 running), Execution time: mean = 0.15ms, total = 0.30ms, Queueing time: mean = 0.01ms, max = 0.02ms, min = 0.02ms, total = 0.02ms
	ray::rpc::WorkerInfoGcsService.grpc_client.AddWorkerInfo - 1 total (0 active), Execution time: mean = 0.32ms, total = 0.32ms, Queueing time: mean = 0.00ms, max = -0.00ms, min = 9223372036854.78ms, total = 0.00ms
	Publisher.CheckDeadSubscribers - 1 total (1 active), Execution time: mean = 0.00ms, total = 0.00ms, Queueing time: mean = 0.00ms, max = -0.00ms, min = 9223372036854.78ms, total = 0.00ms
	ray::rpc::WorkerInfoGcsService.grpc_client.AddWorkerInfo.OnReplyReceived - 1 total (0 active), Execution time: mean = 0.03ms, total = 0.03ms, Queueing time: mean = 0.01ms, max = 0.01ms, min = 0.01ms, total = 0.01ms

-----------------
Task execution event stats:

Global stats: 11983 total (1 active)
Queueing time: mean = 0.01ms, max = 0.34ms, min = 0.00ms, total = 169.59ms
Execution time:  mean = 0.00ms, total = 24.47ms
Event stats:
	CoreWorker.CheckSignal - 11982 total (1 active), Execution time: mean = 0.00ms, total = 24.47ms, Queueing time: mean = 0.01ms, max = 0.34ms, min = 0.00ms, total = 169.59ms
	PeriodicalRunner.RunFnPeriodically - 1 total (0 active), Execution time: mean = 0.00ms, total = 0.00ms, Queueing time: mean = 0.00ms, max = 0.00ms, min = 0.00ms, total = 0.00ms

-----------------
Task Event stats:

IO Service Stats:

Global stats: 121 total (1 active)
Queueing time: mean = 0.02ms, max = 0.05ms, min = 0.01ms, total = 2.91ms
Execution time:  mean = 0.01ms, total = 1.37ms
Event stats:
	CoreWorker.deadline_timer.flush_task_events - 120 total (1 active), Execution time: mean = 0.01ms, total = 1.34ms, Queueing time: mean = 0.02ms, max = 0.05ms, min = 0.01ms, total = 2.91ms
	PeriodicalRunner.RunFnPeriodically - 1 total (0 active), Execution time: mean = 0.04ms, total = 0.04ms, Queueing time: mean = 0.01ms, max = 0.01ms, min = 0.01ms, total = 0.01ms
Other Stats:
	gcs_grpc_in_progress:0
	event_aggregator_grpc_in_progress:0
	current number of task status events in buffer: 0
	current number of profile events in buffer: 0
	current number of dropped task attempts tracked: 0
	total task events sent: 0 MiB
	total number of task attempts sent: 0
	total number of task attempts dropped reported: 0
	total number of sent failure: 0
	num status task events dropped: 0
	num profile task events dropped: 0
	num ray task events reported to aggregator: 0
	num ray task events failed to report to aggregator: 0
	num of task attempts dropped reported to aggregator: 0
	num of failed requests to aggregator: 0

[2026-09-03 22:02:04,275 I 1423 3681] core_worker.cc:498: Event stats:


Global stats: 2432 total (8 active)
Queueing time: mean = 0.02ms, max = 0.24ms, min = -0.00ms, total = 44.14ms
Execution time:  mean = 0.00ms, total = 8.55ms
Event stats:
	CoreWorker.RecoverObjects - 1800 total (1 active), Execution time: mean = 0.00ms, total = 3.35ms, Queueing time: mean = 0.02ms, max = 0.08ms, min = 0.00ms, total = 33.02ms
	CoreWorker.ExitIfParentRayletDies - 180 total (1 active), Execution time: mean = 0.00ms, total = 0.76ms, Queueing time: mean = 0.02ms, max = 0.04ms, min = 0.00ms, total = 2.99ms
	CoreWorker.InternalHeartbeat - 180 total (1 active), Execution time: mean = 0.00ms, total = 0.34ms, Queueing time: mean = 0.02ms, max = 0.05ms, min = 0.00ms, total = 3.33ms
	CoreWorker.ReportWorkerBacklog - 180 total (1 active), Execution time: mean = 0.00ms, total = 0.45ms, Queueing time: mean = 0.02ms, max = 0.05ms, min = -0.00ms, total = 3.20ms
	CoreWorker.RecordMetrics - 36 total (1 active), Execution time: mean = 0.02ms, total = 0.66ms, Queueing time: mean = 0.01ms, max = 0.04ms, min = 0.00ms, total = 0.46ms
	CoreWorker.TryDelPendingObjectRefStreams - 18 total (1 active), Execution time: mean = 0.00ms, total = 0.03ms, Queueing time: mean = 0.03ms, max = 0.24ms, min = 0.01ms, total = 0.50ms
	CoreWorkerService.grpc_server.GetCoreWorkerStats - 12 total (0 active), Execution time: mean = 0.15ms, total = 1.75ms, Queueing time: mean = 0.00ms, max = -0.00ms, min = 9223372036854.78ms, total = 0.00ms
	CoreWorkerService.grpc_server.GetCoreWorkerStats.HandleRequestImpl - 12 total (0 active), Execution time: mean = 0.03ms, total = 0.34ms, Queueing time: mean = 0.02ms, max = 0.04ms, min = 0.01ms, total = 0.22ms
	PeriodicalRunner.RunFnPeriodically - 8 total (0 active), Execution time: mean = 0.01ms, total = 0.09ms, Queueing time: mean = 0.05ms, max = 0.08ms, min = 0.00ms, total = 0.39ms
	CoreWorker.PrintEventStats - 3 total (1 active, 1 running), Execution time: mean = 0.14ms, total = 0.43ms, Queueing time: mean = 0.01ms, max = 0.02ms, min = 0.02ms, total = 0.03ms
	ray::rpc::WorkerInfoGcsService.grpc_client.AddWorkerInfo - 1 total (0 active), Execution time: mean = 0.32ms, total = 0.32ms, Queueing time: mean = 0.00ms, max = -0.00ms, min = 9223372036854.78ms, total = 0.00ms
	Publisher.CheckDeadSubscribers - 1 total (1 active), Execution time: mean = 0.00ms, total = 0.00ms, Queueing time: mean = 0.00ms, max = -0.00ms, min = 9223372036854.78ms, total = 0.00ms
	ray::rpc::WorkerInfoGcsService.grpc_client.AddWorkerInfo.OnReplyReceived - 1 total (0 active), Execution time: mean = 0.03ms, total = 0.03ms, Queueing time: mean = 0.01ms, max = 0.01ms, min = 0.01ms, total = 0.01ms

-----------------
Task execution event stats:

Global stats: 17970 total (1 active)
Queueing time: mean = 0.02ms, max = 0.34ms, min = 0.00ms, total = 281.31ms
Execution time:  mean = 0.00ms, total = 45.52ms
Event stats:
	CoreWorker.CheckSignal - 17969 total (1 active), Execution time: mean = 0.00ms, total = 45.51ms, Queueing time: mean = 0.02ms, max = 0.34ms, min = 0.00ms, total = 281.31ms
	PeriodicalRunner.RunFnPeriodically - 1 total (0 active), Execution time: mean = 0.00ms, total = 0.00ms, Queueing time: mean = 0.00ms, max = 0.00ms, min = 0.00ms, total = 0.00ms

-----------------
Task Event stats:

IO Service Stats:

Global stats: 181 total (1 active)
Queueing time: mean = 0.03ms, max = 0.05ms, min = 0.01ms, total = 4.85ms
Execution time:  mean = 0.01ms, total = 2.05ms
Event stats:
	CoreWorker.deadline_timer.flush_task_events - 180 total (1 active), Execution time: mean = 0.01ms, total = 2.01ms, Queueing time: mean = 0.03ms, max = 0.05ms, min = 0.01ms, total = 4.84ms
	PeriodicalRunner.RunFnPeriodically - 1 total (0 active), Execution time: mean = 0.04ms, total = 0.04ms, Queueing time: mean = 0.01ms, max = 0.01ms, min = 0.01ms, total = 0.01ms
Other Stats:
	gcs_grpc_in_progress:0
	event_aggregator_grpc_in_progress:0
	current number of task status events in buffer: 0
	current number of profile events in buffer: 0
	current number of dropped task attempts tracked: 0
	total task events sent: 0 MiB
	total number of task attempts sent: 0
	total number of task attempts dropped reported: 0
	total number of sent failure: 0
	num status task events dropped: 0
	num profile task events dropped: 0
	num ray task events reported to aggregator: 0
	num ray task events failed to report to aggregator: 0
	num of task attempts dropped reported to aggregator: 0
	num of failed requests to aggregator: 0

[2026-09-03 22:03:04,276 I 1423 3681] core_worker.cc:498: Event stats:


Global stats: 3239 total (8 active)
Queueing time: mean = 0.02ms, max = 0.24ms, min = -0.02ms, total = 60.67ms
Execution time:  mean = 0.00ms, total = 11.84ms
Event stats:
	CoreWorker.RecoverObjects - 2400 total (1 active), Execution time: mean = 0.00ms, total = 4.97ms, Queueing time: mean = 0.02ms, max = 0.08ms, min = -0.02ms, total = 45.63ms
	CoreWorker.ExitIfParentRayletDies - 240 total (1 active), Execution time: mean = 0.00ms, total = 1.05ms, Queueing time: mean = 0.02ms, max = 0.04ms, min = 0.00ms, total = 4.08ms
	CoreWorker.InternalHeartbeat - 240 total (1 active), Execution time: mean = 0.00ms, total = 0.48ms, Queueing time: mean = 0.02ms, max = 0.05ms, min = 0.00ms, total = 4.57ms
	CoreWorker.ReportWorkerBacklog - 240 total (1 active), Execution time: mean = 0.00ms, total = 0.61ms, Queueing time: mean = 0.02ms, max = 0.05ms, min = -0.00ms, total = 4.41ms
	CoreWorker.RecordMetrics - 48 total (1 active), Execution time: mean = 0.02ms, total = 0.89ms, Queueing time: mean = 0.01ms, max = 0.04ms, min = 0.00ms, total = 0.64ms
	CoreWorker.TryDelPendingObjectRefStreams - 24 total (1 active), Execution time: mean = 0.00ms, total = 0.04ms, Queueing time: mean = 0.03ms, max = 0.24ms, min = 0.01ms, total = 0.62ms
	CoreWorkerService.grpc_server.GetCoreWorkerStats - 16 total (0 active), Execution time: mean = 0.15ms, total = 2.36ms, Queueing time: mean = 0.00ms, max = -0.00ms, min = 9223372036854.78ms, total = 0.00ms
	CoreWorkerService.grpc_server.GetCoreWorkerStats.HandleRequestImpl - 16 total (0 active), Execution time: mean = 0.03ms, total = 0.45ms, Queueing time: mean = 0.02ms, max = 0.04ms, min = 0.01ms, total = 0.28ms
	PeriodicalRunner.RunFnPeriodically - 8 total (0 active), Execution time: mean = 0.01ms, total = 0.09ms, Queueing time: mean = 0.05ms, max = 0.08ms, min = 0.00ms, total = 0.39ms
	CoreWorker.PrintEventStats - 4 total (1 active, 1 running), Execution time: mean = 0.14ms, total = 0.55ms, Queueing time: mean = 0.01ms, max = 0.02ms, min = 0.02ms, total = 0.05ms
	ray::rpc::WorkerInfoGcsService.grpc_client.AddWorkerInfo - 1 total (0 active), Execution time: mean = 0.32ms, total = 0.32ms, Queueing time: mean = 0.00ms, max = -0.00ms, min = 9223372036854.78ms, total = 0.00ms
	Publisher.CheckDeadSubscribers - 1 total (1 active), Execution time: mean = 0.00ms, total = 0.00ms, Queueing time: mean = 0.00ms, max = -0.00ms, min = 9223372036854.78ms, total = 0.00ms
	ray::rpc::WorkerInfoGcsService.grpc_client.AddWorkerInfo.OnReplyReceived - 1 total (0 active), Execution time: mean = 0.03ms, total = 0.03ms, Queueing time: mean = 0.01ms, max = 0.01ms, min = 0.01ms, total = 0.01ms

-----------------
Task execution event stats:

Global stats: 23956 total (1 active)
Queueing time: mean = 0.02ms, max = 0.34ms, min = -0.02ms, total = 412.50ms
Execution time:  mean = 0.00ms, total = 68.33ms
Event stats:
	CoreWorker.CheckSignal - 23955 total (1 active), Execution time: mean = 0.00ms, total = 68.33ms, Queueing time: mean = 0.02ms, max = 0.34ms, min = -0.02ms, total = 412.50ms
	PeriodicalRunner.RunFnPeriodically - 1 total (0 active), Execution time: mean = 0.00ms, total = 0.00ms, Queueing time: mean = 0.00ms, max = 0.00ms, min = 0.00ms, total = 0.00ms

-----------------
Task Event stats:

IO Service Stats:

Global stats: 241 total (1 active)
Queueing time: mean = 0.03ms, max = 0.06ms, min = 0.01ms, total = 6.87ms
Execution time:  mean = 0.01ms, total = 2.76ms
Event stats:
	CoreWorker.deadline_timer.flush_task_events - 240 total (1 active), Execution time: mean = 0.01ms, total = 2.72ms, Queueing time: mean = 0.03ms, max = 0.06ms, min = 0.01ms, total = 6.86ms
	PeriodicalRunner.RunFnPeriodically - 1 total (0 active), Execution time: mean = 0.04ms, total = 0.04ms, Queueing time: mean = 0.01ms, max = 0.01ms, min = 0.01ms, total = 0.01ms
Other Stats:
	gcs_grpc_in_progress:0
	event_aggregator_grpc_in_progress:0
	current number of task status events in buffer: 0
	current number of profile events in buffer: 0
	current number of dropped task attempts tracked: 0
	total task events sent: 0 MiB
	total number of task attempts sent: 0
	total number of task attempts dropped reported: 0
	total number of sent failure: 0
	num status task events dropped: 0
	num profile task events dropped: 0
	num ray task events reported to aggregator: 0
	num ray task events failed to report to aggregator: 0
	num of task attempts dropped reported to aggregator: 0
	num of failed requests to aggregator: 0

[2026-09-03 22:04:04,276 I 1423 3681] core_worker.cc:498: Event stats:


Global stats: 4047 total (8 active)
Queueing time: mean = 0.02ms, max = 0.24ms, min = -0.02ms, total = 78.52ms
Execution time:  mean = 0.00ms, total = 15.36ms
Event stats:
	CoreWorker.RecoverObjects - 3000 total (1 active), Execution time: mean = 0.00ms, total = 6.53ms, Queueing time: mean = 0.02ms, max = 0.08ms, min = -0.02ms, total = 58.75ms
	CoreWorker.ExitIfParentRayletDies - 300 total (1 active), Execution time: mean = 0.00ms, total = 1.38ms, Queueing time: mean = 0.02ms, max = 0.06ms, min = 0.00ms, total = 5.40ms
	CoreWorker.InternalHeartbeat - 300 total (1 active), Execution time: mean = 0.00ms, total = 0.65ms, Queueing time: mean = 0.02ms, max = 0.06ms, min = 0.00ms, total = 6.02ms
	CoreWorker.ReportWorkerBacklog - 300 total (1 active), Execution time: mean = 0.00ms, total = 0.80ms, Queueing time: mean = 0.02ms, max = 0.07ms, min = -0.00ms, total = 5.85ms
	CoreWorker.RecordMetrics - 60 total (1 active), Execution time: mean = 0.02ms, total = 1.15ms, Queueing time: mean = 0.01ms, max = 0.04ms, min = 0.00ms, total = 0.89ms
	CoreWorker.TryDelPendingObjectRefStreams - 30 total (1 active), Execution time: mean = 0.00ms, total = 0.04ms, Queueing time: mean = 0.03ms, max = 0.24ms, min = 0.01ms, total = 0.76ms
	CoreWorkerService.grpc_server.GetCoreWorkerStats - 20 total (0 active), Execution time: mean = 0.16ms, total = 3.13ms, Queueing time: mean = 0.00ms, max = -0.00ms, min = 9223372036854.78ms, total = 0.00ms
	CoreWorkerService.grpc_server.GetCoreWorkerStats.HandleRequestImpl - 20 total (0 active), Execution time: mean = 0.03ms, total = 0.56ms, Queueing time: mean = 0.02ms, max = 0.04ms, min = 0.01ms, total = 0.38ms
	PeriodicalRunner.RunFnPeriodically - 8 total (0 active), Execution time: mean = 0.01ms, total = 0.09ms, Queueing time: mean = 0.05ms, max = 0.08ms, min = 0.00ms, total = 0.39ms
	CoreWorker.PrintEventStats - 5 total (1 active, 1 running), Execution time: mean = 0.14ms, total = 0.68ms, Queueing time: mean = 0.01ms, max = 0.02ms, min = 0.02ms, total = 0.07ms
	Publisher.CheckDeadSubscribers - 2 total (1 active), Execution time: mean = 0.00ms, total = 0.00ms, Queueing time: mean = 0.01ms, max = 0.01ms, min = 0.01ms, total = 0.01ms
	ray::rpc::WorkerInfoGcsService.grpc_client.AddWorkerInfo - 1 total (0 active), Execution time: mean = 0.32ms, total = 0.32ms, Queueing time: mean = 0.00ms, max = -0.00ms, min = 9223372036854.78ms, total = 0.00ms
	ray::rpc::WorkerInfoGcsService.grpc_client.AddWorkerInfo.OnReplyReceived - 1 total (0 active), Execution time: mean = 0.03ms, total = 0.03ms, Queueing time: mean = 0.01ms, max = 0.01ms, min = 0.01ms, total = 0.01ms

-----------------
Task execution event stats:

Global stats: 29939 total (1 active)
Queueing time: mean = 0.02ms, max = 0.34ms, min = -0.02ms, total = 561.14ms
Execution time:  mean = 0.00ms, total = 91.33ms
Event stats:
	CoreWorker.CheckSignal - 29938 total (1 active), Execution time: mean = 0.00ms, total = 91.32ms, Queueing time: mean = 0.02ms, max = 0.34ms, min = -0.02ms, total = 561.14ms
	PeriodicalRunner.RunFnPeriodically - 1 total (0 active), Execution time: mean = 0.00ms, total = 0.00ms, Queueing time: mean = 0.00ms, max = 0.00ms, min = 0.00ms, total = 0.00ms

-----------------
Task Event stats:

IO Service Stats:

Global stats: 301 total (1 active)
Queueing time: mean = 0.03ms, max = 0.07ms, min = 0.01ms, total = 8.45ms
Execution time:  mean = 0.01ms, total = 3.37ms
Event stats:
	CoreWorker.deadline_timer.flush_task_events - 300 total (1 active), Execution time: mean = 0.01ms, total = 3.33ms, Queueing time: mean = 0.03ms, max = 0.07ms, min = 0.01ms, total = 8.44ms
	PeriodicalRunner.RunFnPeriodically - 1 total (0 active), Execution time: mean = 0.04ms, total = 0.04ms, Queueing time: mean = 0.01ms, max = 0.01ms, min = 0.01ms, total = 0.01ms
Other Stats:
	gcs_grpc_in_progress:0
	event_aggregator_grpc_in_progress:0
	current number of task status events in buffer: 0
	current number of profile events in buffer: 0
	current number of dropped task attempts tracked: 0
	total task events sent: 0 MiB
	total number of task attempts sent: 0
	total number of task attempts dropped reported: 0
	total number of sent failure: 0
	num status task events dropped: 0
	num profile task events dropped: 0
	num ray task events reported to aggregator: 0
	num ray task events failed to report to aggregator: 0
	num of task attempts dropped reported to aggregator: 0
	num of failed requests to aggregator: 0

[2026-09-03 22:05:04,276 I 1423 3681] core_worker.cc:498: Event stats:


Global stats: 4854 total (8 active)
Queueing time: mean = 0.02ms, max = 0.24ms, min = -0.02ms, total = 96.18ms
Execution time:  mean = 0.00ms, total = 18.90ms
Event stats:
	CoreWorker.RecoverObjects - 3600 total (1 active), Execution time: mean = 0.00ms, total = 8.33ms, Queueing time: mean = 0.02ms, max = 0.08ms, min = -0.02ms, total = 72.14ms
	CoreWorker.ExitIfParentRayletDies - 360 total (1 active), Execution time: mean = 0.00ms, total = 1.69ms, Queueing time: mean = 0.02ms, max = 0.06ms, min = 0.00ms, total = 6.61ms
	CoreWorker.InternalHeartbeat - 360 total (1 active), Execution time: mean = 0.00ms, total = 0.79ms, Queueing time: mean = 0.02ms, max = 0.06ms, min = 0.00ms, total = 7.38ms
	CoreWorker.ReportWorkerBacklog - 360 total (1 active), Execution time: mean = 0.00ms, total = 0.97ms, Queueing time: mean = 0.02ms, max = 0.07ms, min = -0.00ms, total = 7.16ms
	CoreWorker.RecordMetrics - 72 total (1 active), Execution time: mean = 0.02ms, total = 1.42ms, Queueing time: mean = 0.01ms, max = 0.04ms, min = 0.00ms, total = 1.07ms
	CoreWorker.TryDelPendingObjectRefStreams - 36 total (1 active), Execution time: mean = 0.00ms, total = 0.05ms, Queueing time: mean = 0.02ms, max = 0.24ms, min = 0.01ms, total = 0.89ms
	CoreWorkerService.grpc_server.GetCoreWorkerStats - 24 total (0 active), Execution time: mean = 0.16ms, total = 3.74ms, Queueing time: mean = 0.00ms, max = -0.00ms, min = 9223372036854.78ms, total = 0.00ms
	CoreWorkerService.grpc_server.GetCoreWorkerStats.HandleRequestImpl - 24 total (0 active), Execution time: mean = 0.03ms, total = 0.65ms, Queueing time: mean = 0.02ms, max = 0.04ms, min = 0.01ms, total = 0.45ms
	PeriodicalRunner.RunFnPeriodically - 8 total (0 active), Execution time: mean = 0.01ms, total = 0.09ms, Queueing time: mean = 0.05ms, max = 0.08ms, min = 0.00ms, total = 0.39ms
	CoreWorker.PrintEventStats - 6 total (1 active, 1 running), Execution time: mean = 0.13ms, total = 0.81ms, Queueing time: mean = 0.01ms, max = 0.02ms, min = 0.02ms, total = 0.08ms
	Publisher.CheckDeadSubscribers - 2 total (1 active), Execution time: mean = 0.00ms, total = 0.00ms, Queueing time: mean = 0.01ms, max = 0.01ms, min = 0.01ms, total = 0.01ms
	ray::rpc::WorkerInfoGcsService.grpc_client.AddWorkerInfo - 1 total (0 active), Execution time: mean = 0.32ms, total = 0.32ms, Queueing time: mean = 0.00ms, max = -0.00ms, min = 9223372036854.78ms, total = 0.00ms
	ray::rpc::WorkerInfoGcsService.grpc_client.AddWorkerInfo.OnReplyReceived - 1 total (0 active), Execution time: mean = 0.03ms, total = 0.03ms, Queueing time: mean = 0.01ms, max = 0.01ms, min = 0.01ms, total = 0.01ms

-----------------
Task execution event stats:

Global stats: 35924 total (1 active)
Queueing time: mean = 0.02ms, max = 0.34ms, min = -0.02ms, total = 700.80ms
Execution time:  mean = 0.00ms, total = 112.18ms
Event stats:
	CoreWorker.CheckSignal - 35923 total (1 active), Execution time: mean = 0.00ms, total = 112.18ms, Queueing time: mean = 0.02ms, max = 0.34ms, min = -0.02ms, total = 700.80ms
	PeriodicalRunner.RunFnPeriodically - 1 total (0 active), Execution time: mean = 0.00ms, total = 0.00ms, Queueing time: mean = 0.00ms, max = 0.00ms, min = 0.00ms, total = 0.00ms

-----------------
Task Event stats:

IO Service Stats:

Global stats: 361 total (1 active)
Queueing time: mean = 0.03ms, max = 0.07ms, min = 0.01ms, total = 10.19ms
Execution time:  mean = 0.01ms, total = 4.06ms
Event stats:
	CoreWorker.deadline_timer.flush_task_events - 360 total (1 active), Execution time: mean = 0.01ms, total = 4.02ms, Queueing time: mean = 0.03ms, max = 0.07ms, min = 0.01ms, total = 10.19ms
	PeriodicalRunner.RunFnPeriodically - 1 total (0 active), Execution time: mean = 0.04ms, total = 0.04ms, Queueing time: mean = 0.01ms, max = 0.01ms, min = 0.01ms, total = 0.01ms
Other Stats:
	gcs_grpc_in_progress:0
	event_aggregator_grpc_in_progress:0
	current number of task status events in buffer: 0
	current number of profile events in buffer: 0
	current number of dropped task attempts tracked: 0
	total task events sent: 0 MiB
	total number of task attempts sent: 0
	total number of task attempts dropped reported: 0
	total number of sent failure: 0
	num status task events dropped: 0
	num profile task events dropped: 0
	num ray task events reported to aggregator: 0
	num ray task events failed to report to aggregator: 0
	num of task attempts dropped reported to aggregator: 0
	num of failed requests to aggregator: 0

[2026-09-03 22:06:04,276 I 1423 3681] core_worker.cc:498: Event stats:


Global stats: 5661 total (8 active)
Queueing time: mean = 0.02ms, max = 0.24ms, min = -0.02ms, total = 108.83ms
Execution time:  mean = 0.00ms, total = 21.74ms
Event stats:
	CoreWorker.RecoverObjects - 4200 total (1 active), Execution time: mean = 0.00ms, total = 9.68ms, Queueing time: mean = 0.02ms, max = 0.08ms, min = -0.02ms, total = 81.88ms
	CoreWorker.ExitIfParentRayletDies - 420 total (1 active), Execution time: mean = 0.00ms, total = 1.95ms, Queueing time: mean = 0.02ms, max = 0.06ms, min = 0.00ms, total = 7.41ms
	CoreWorker.InternalHeartbeat - 420 total (1 active), Execution time: mean = 0.00ms, total = 0.94ms, Queueing time: mean = 0.02ms, max = 0.06ms, min = 0.00ms, total = 8.29ms
	CoreWorker.ReportWorkerBacklog - 420 total (1 active), Execution time: mean = 0.00ms, total = 1.16ms, Queueing time: mean = 0.02ms, max = 0.07ms, min = -0.00ms, total = 8.04ms
	CoreWorker.RecordMetrics - 84 total (1 active), Execution time: mean = 0.02ms, total = 1.63ms, Queueing time: mean = 0.01ms, max = 0.04ms, min = 0.00ms, total = 1.17ms
	CoreWorker.TryDelPendingObjectRefStreams - 42 total (1 active), Execution time: mean = 0.00ms, total = 0.06ms, Queueing time: mean = 0.02ms, max = 0.24ms, min = 0.01ms, total = 1.03ms
	CoreWorkerService.grpc_server.GetCoreWorkerStats - 28 total (0 active), Execution time: mean = 0.15ms, total = 4.21ms, Queueing time: mean = 0.00ms, max = -0.00ms, min = 9223372036854.78ms, total = 0.00ms
	CoreWorkerService.grpc_server.GetCoreWorkerStats.HandleRequestImpl - 28 total (0 active), Execution time: mean = 0.03ms, total = 0.73ms, Queueing time: mean = 0.02ms, max = 0.04ms, min = 0.01ms, total = 0.50ms
	PeriodicalRunner.RunFnPeriodically - 8 total (0 active), Execution time: mean = 0.01ms, total = 0.09ms, Queueing time: mean = 0.05ms, max = 0.08ms, min = 0.00ms, total = 0.39ms
	CoreWorker.PrintEventStats - 7 total (1 active, 1 running), Execution time: mean = 0.13ms, total = 0.94ms, Queueing time: mean = 0.01ms, max = 0.02ms, min = 0.01ms, total = 0.09ms
	Publisher.CheckDeadSubscribers - 2 total (1 active), Execution time: mean = 0.00ms, total = 0.00ms, Queueing time: mean = 0.01ms, max = 0.01ms, min = 0.01ms, total = 0.01ms
	ray::rpc::WorkerInfoGcsService.grpc_client.AddWorkerInfo - 1 total (0 active), Execution time: mean = 0.32ms, total = 0.32ms, Queueing time: mean = 0.00ms, max = -0.00ms, min = 9223372036854.78ms, total = 0.00ms
	ray::rpc::WorkerInfoGcsService.grpc_client.AddWorkerInfo.OnReplyReceived - 1 total (0 active), Execution time: mean = 0.03ms, total = 0.03ms, Queueing time: mean = 0.01ms, max = 0.01ms, min = 0.01ms, total = 0.01ms

-----------------
Task execution event stats:

Global stats: 41916 total (1 active)
Queueing time: mean = 0.02ms, max = 0.34ms, min = -0.02ms, total = 772.23ms
Execution time:  mean = 0.00ms, total = 122.25ms
Event stats:
	CoreWorker.CheckSignal - 41915 total (1 active), Execution time: mean = 0.00ms, total = 122.25ms, Queueing time: mean = 0.02ms, max = 0.34ms, min = -0.02ms, total = 772.23ms
	PeriodicalRunner.RunFnPeriodically - 1 total (0 active), Execution time: mean = 0.00ms, total = 0.00ms, Queueing time: mean = 0.00ms, max = 0.00ms, min = 0.00ms, total = 0.00ms

-----------------
Task Event stats:

IO Service Stats:

Global stats: 421 total (1 active)
Queueing time: mean = 0.03ms, max = 0.07ms, min = 0.00ms, total = 11.88ms
Execution time:  mean = 0.01ms, total = 4.72ms
Event stats:
	CoreWorker.deadline_timer.flush_task_events - 420 total (1 active), Execution time: mean = 0.01ms, total = 4.68ms, Queueing time: mean = 0.03ms, max = 0.07ms, min = 0.00ms, total = 11.87ms
	PeriodicalRunner.RunFnPeriodically - 1 total (0 active), Execution time: mean = 0.04ms, total = 0.04ms, Queueing time: mean = 0.01ms, max = 0.01ms, min = 0.01ms, total = 0.01ms
Other Stats:
	gcs_grpc_in_progress:0
	event_aggregator_grpc_in_progress:0
	current number of task status events in buffer: 0
	current number of profile events in buffer: 0
	current number of dropped task attempts tracked: 0
	total task events sent: 0 MiB
	total number of task attempts sent: 0
	total number of task attempts dropped reported: 0
	total number of sent failure: 0
	num status task events dropped: 0
	num profile task events dropped: 0
	num ray task events reported to aggregator: 0
	num ray task events failed to report to aggregator: 0
	num of task attempts dropped reported to aggregator: 0
	num of failed requests to aggregator: 0

[2026-09-03 22:07:04,276 I 1423 3681] core_worker.cc:498: Event stats:


Global stats: 6468 total (8 active)
Queueing time: mean = 0.02ms, max = 0.24ms, min = -0.02ms, total = 119.49ms
Execution time:  mean = 0.00ms, total = 24.24ms
Event stats:
	CoreWorker.RecoverObjects - 4800 total (1 active), Execution time: mean = 0.00ms, total = 10.64ms, Queueing time: mean = 0.02ms, max = 0.08ms, min = -0.02ms, total = 89.87ms
	CoreWorker.ExitIfParentRayletDies - 480 total (1 active), Execution time: mean = 0.00ms, total = 2.19ms, Queueing time: mean = 0.02ms, max = 0.06ms, min = 0.00ms, total = 8.10ms
	CoreWorker.InternalHeartbeat - 480 total (1 active), Execution time: mean = 0.00ms, total = 1.07ms, Queueing time: mean = 0.02ms, max = 0.06ms, min = 0.00ms, total = 9.08ms
	CoreWorker.ReportWorkerBacklog - 480 total (1 active), Execution time: mean = 0.00ms, total = 1.32ms, Queueing time: mean = 0.02ms, max = 0.07ms, min = -0.00ms, total = 8.80ms
	CoreWorker.RecordMetrics - 96 total (1 active), Execution time: mean = 0.02ms, total = 1.83ms, Queueing time: mean = 0.01ms, max = 0.04ms, min = 0.00ms, total = 1.29ms
	CoreWorker.TryDelPendingObjectRefStreams - 48 total (1 active), Execution time: mean = 0.00ms, total = 0.07ms, Queueing time: mean = 0.03ms, max = 0.24ms, min = 0.01ms, total = 1.26ms
	CoreWorkerService.grpc_server.GetCoreWorkerStats - 32 total (0 active), Execution time: mean = 0.15ms, total = 4.71ms, Queueing time: mean = 0.00ms, max = -0.00ms, min = 9223372036854.78ms, total = 0.00ms
	CoreWorkerService.grpc_server.GetCoreWorkerStats.HandleRequestImpl - 32 total (0 active), Execution time: mean = 0.03ms, total = 0.81ms, Queueing time: mean = 0.02ms, max = 0.04ms, min = 0.01ms, total = 0.57ms
	CoreWorker.PrintEventStats - 8 total (1 active, 1 running), Execution time: mean = 0.15ms, total = 1.16ms, Queueing time: mean = 0.01ms, max = 0.02ms, min = 0.01ms, total = 0.11ms
	PeriodicalRunner.RunFnPeriodically - 8 total (0 active), Execution time: mean = 0.01ms, total = 0.09ms, Queueing time: mean = 0.05ms, max = 0.08ms, min = 0.00ms, total = 0.39ms
	Publisher.CheckDeadSubscribers - 2 total (1 active), Execution time: mean = 0.00ms, total = 0.00ms, Queueing time: mean = 0.01ms, max = 0.01ms, min = 0.01ms, total = 0.01ms
	ray::rpc::WorkerInfoGcsService.grpc_client.AddWorkerInfo - 1 total (0 active), Execution time: mean = 0.32ms, total = 0.32ms, Queueing time: mean = 0.00ms, max = -0.00ms, min = 9223372036854.78ms, total = 0.00ms
	ray::rpc::WorkerInfoGcsService.grpc_client.AddWorkerInfo.OnReplyReceived - 1 total (0 active), Execution time: mean = 0.03ms, total = 0.03ms, Queueing time: mean = 0.01ms, max = 0.01ms, min = 0.01ms, total = 0.01ms

-----------------
Task execution event stats:

Global stats: 47908 total (1 active)
Queueing time: mean = 0.02ms, max = 0.34ms, min = -0.02ms, total = 849.00ms
Execution time:  mean = 0.00ms, total = 132.97ms
Event stats:
	CoreWorker.CheckSignal - 47907 total (1 active), Execution time: mean = 0.00ms, total = 132.97ms, Queueing time: mean = 0.02ms, max = 0.34ms, min = -0.02ms, total = 849.00ms
	PeriodicalRunner.RunFnPeriodically - 1 total (0 active), Execution time: mean = 0.00ms, total = 0.00ms, Queueing time: mean = 0.00ms, max = 0.00ms, min = 0.00ms, total = 0.00ms

-----------------
Task Event stats:

IO Service Stats:

Global stats: 481 total (1 active)
Queueing time: mean = 0.03ms, max = 0.07ms, min = 0.00ms, total = 13.74ms
Execution time:  mean = 0.01ms, total = 5.41ms
Event stats:
	CoreWorker.deadline_timer.flush_task_events - 480 total (1 active), Execution time: mean = 0.01ms, total = 5.37ms, Queueing time: mean = 0.03ms, max = 0.07ms, min = 0.00ms, total = 13.73ms
	PeriodicalRunner.RunFnPeriodically - 1 total (0 active), Execution time: mean = 0.04ms, total = 0.04ms, Queueing time: mean = 0.01ms, max = 0.01ms, min = 0.01ms, total = 0.01ms
Other Stats:
	gcs_grpc_in_progress:0
	event_aggregator_grpc_in_progress:0
	current number of task status events in buffer: 0
	current number of profile events in buffer: 0
	current number of dropped task attempts tracked: 0
	total task events sent: 0 MiB
	total number of task attempts sent: 0
	total number of task attempts dropped reported: 0
	total number of sent failure: 0
	num status task events dropped: 0
	num profile task events dropped: 0
	num ray task events reported to aggregator: 0
	num ray task events failed to report to aggregator: 0
	num of task attempts dropped reported to aggregator: 0
	num of failed requests to aggregator: 0

[2026-09-03 22:08:04,276 I 1423 3681] core_worker.cc:498: Event stats:


Global stats: 7274 total (8 active)
Queueing time: mean = 0.02ms, max = 0.24ms, min = -0.02ms, total = 134.52ms
Execution time:  mean = 0.00ms, total = 27.29ms
Event stats:
	CoreWorker.RecoverObjects - 5399 total (1 active), Execution time: mean = 0.00ms, total = 11.86ms, Queueing time: mean = 0.02ms, max = 0.08ms, min = -0.02ms, total = 101.52ms
	CoreWorker.ExitIfParentRayletDies - 540 total (1 active), Execution time: mean = 0.00ms, total = 2.44ms, Queueing time: mean = 0.02ms, max = 0.06ms, min = 0.00ms, total = 9.03ms
	CoreWorker.InternalHeartbeat - 540 total (1 active), Execution time: mean = 0.00ms, total = 1.18ms, Queueing time: mean = 0.02ms, max = 0.06ms, min = 0.00ms, total = 10.14ms
	CoreWorker.ReportWorkerBacklog - 540 total (1 active), Execution time: mean = 0.00ms, total = 1.48ms, Queueing time: mean = 0.02ms, max = 0.07ms, min = -0.00ms, total = 9.80ms
	CoreWorker.RecordMetrics - 108 total (1 active), Execution time: mean = 0.02ms, total = 2.05ms, Queueing time: mean = 0.01ms, max = 0.04ms, min = 0.00ms, total = 1.46ms
	CoreWorker.TryDelPendingObjectRefStreams - 54 total (1 active), Execution time: mean = 0.00ms, total = 0.08ms, Queueing time: mean = 0.03ms, max = 0.24ms, min = 0.00ms, total = 1.38ms
	CoreWorkerService.grpc_server.GetCoreWorkerStats - 36 total (0 active), Execution time: mean = 0.15ms, total = 5.56ms, Queueing time: mean = 0.00ms, max = -0.00ms, min = 9223372036854.78ms, total = 0.00ms
	CoreWorkerService.grpc_server.GetCoreWorkerStats.HandleRequestImpl - 36 total (0 active), Execution time: mean = 0.03ms, total = 0.90ms, Queueing time: mean = 0.02ms, max = 0.04ms, min = 0.01ms, total = 0.66ms
	CoreWorker.PrintEventStats - 9 total (1 active, 1 running), Execution time: mean = 0.14ms, total = 1.29ms, Queueing time: mean = 0.01ms, max = 0.02ms, min = 0.01ms, total = 0.12ms
	PeriodicalRunner.RunFnPeriodically - 8 total (0 active), Execution time: mean = 0.01ms, total = 0.09ms, Queueing time: mean = 0.05ms, max = 0.08ms, min = 0.00ms, total = 0.39ms
	Publisher.CheckDeadSubscribers - 2 total (1 active), Execution time: mean = 0.00ms, total = 0.00ms, Queueing time: mean = 0.01ms, max = 0.01ms, min = 0.01ms, total = 0.01ms
	ray::rpc::WorkerInfoGcsService.grpc_client.AddWorkerInfo - 1 total (0 active), Execution time: mean = 0.32ms, total = 0.32ms, Queueing time: mean = 0.00ms, max = -0.00ms, min = 9223372036854.78ms, total = 0.00ms
	ray::rpc::WorkerInfoGcsService.grpc_client.AddWorkerInfo.OnReplyReceived - 1 total (0 active), Execution time: mean = 0.03ms, total = 0.03ms, Queueing time: mean = 0.01ms, max = 0.01ms, min = 0.01ms, total = 0.01ms

-----------------
Task execution event stats:

Global stats: 53893 total (1 active)
Queueing time: mean = 0.02ms, max = 0.34ms, min = -0.02ms, total = 979.10ms
Execution time:  mean = 0.00ms, total = 155.14ms
Event stats:
	CoreWorker.CheckSignal - 53892 total (1 active), Execution time: mean = 0.00ms, total = 155.13ms, Queueing time: mean = 0.02ms, max = 0.34ms, min = -0.02ms, total = 979.10ms
	PeriodicalRunner.RunFnPeriodically - 1 total (0 active), Execution time: mean = 0.00ms, total = 0.00ms, Queueing time: mean = 0.00ms, max = 0.00ms, min = 0.00ms, total = 0.00ms

-----------------
Task Event stats:

IO Service Stats:

Global stats: 541 total (1 active)
Queueing time: mean = 0.03ms, max = 0.07ms, min = 0.00ms, total = 15.51ms
Execution time:  mean = 0.01ms, total = 6.00ms
Event stats:
	CoreWorker.deadline_timer.flush_task_events - 540 total (1 active), Execution time: mean = 0.01ms, total = 5.97ms, Queueing time: mean = 0.03ms, max = 0.07ms, min = 0.00ms, total = 15.50ms
	PeriodicalRunner.RunFnPeriodically - 1 total (0 active), Execution time: mean = 0.04ms, total = 0.04ms, Queueing time: mean = 0.01ms, max = 0.01ms, min = 0.01ms, total = 0.01ms
Other Stats:
	gcs_grpc_in_progress:0
	event_aggregator_grpc_in_progress:0
	current number of task status events in buffer: 0
	current number of profile events in buffer: 0
	current number of dropped task attempts tracked: 0
	total task events sent: 0 MiB
	total number of task attempts sent: 0
	total number of task attempts dropped reported: 0
	total number of sent failure: 0
	num status task events dropped: 0
	num profile task events dropped: 0
	num ray task events reported to aggregator: 0
	num ray task events failed to report to aggregator: 0
	num of task attempts dropped reported to aggregator: 0
	num of failed requests to aggregator: 0

[2026-09-03 22:09:04,277 I 1423 3681] core_worker.cc:498: Event stats:


Global stats: 8082 total (8 active)
Queueing time: mean = 0.02ms, max = 0.24ms, min = -0.02ms, total = 150.99ms
Execution time:  mean = 0.00ms, total = 30.19ms
Event stats:
	CoreWorker.RecoverObjects - 5999 total (1 active), Execution time: mean = 0.00ms, total = 13.20ms, Queueing time: mean = 0.02ms, max = 0.08ms, min = -0.02ms, total = 113.90ms
	CoreWorker.ExitIfParentRayletDies - 600 total (1 active), Execution time: mean = 0.00ms, total = 2.71ms, Queueing time: mean = 0.02ms, max = 0.06ms, min = 0.00ms, total = 10.16ms
	CoreWorker.InternalHeartbeat - 600 total (1 active), Execution time: mean = 0.00ms, total = 1.29ms, Queueing time: mean = 0.02ms, max = 0.06ms, min = 0.00ms, total = 11.41ms
	CoreWorker.ReportWorkerBacklog - 600 total (1 active), Execution time: mean = 0.00ms, total = 1.62ms, Queueing time: mean = 0.02ms, max = 0.07ms, min = -0.00ms, total = 11.05ms
	CoreWorker.RecordMetrics - 120 total (1 active), Execution time: mean = 0.02ms, total = 2.27ms, Queueing time: mean = 0.01ms, max = 0.04ms, min = 0.00ms, total = 1.68ms
	CoreWorker.TryDelPendingObjectRefStreams - 60 total (1 active), Execution time: mean = 0.00ms, total = 0.08ms, Queueing time: mean = 0.03ms, max = 0.24ms, min = 0.00ms, total = 1.53ms
	CoreWorkerService.grpc_server.GetCoreWorkerStats - 40 total (0 active), Execution time: mean = 0.15ms, total = 6.16ms, Queueing time: mean = 0.00ms, max = -0.00ms, min = 9223372036854.78ms, total = 0.00ms
	CoreWorkerService.grpc_server.GetCoreWorkerStats.HandleRequestImpl - 40 total (0 active), Execution time: mean = 0.02ms, total = 0.99ms, Queueing time: mean = 0.02ms, max = 0.04ms, min = 0.01ms, total = 0.72ms
	CoreWorker.PrintEventStats - 10 total (1 active, 1 running), Execution time: mean = 0.14ms, total = 1.41ms, Queueing time: mean = 0.01ms, max = 0.02ms, min = 0.01ms, total = 0.13ms
	PeriodicalRunner.RunFnPeriodically - 8 total (0 active), Execution time: mean = 0.01ms, total = 0.09ms, Queueing time: mean = 0.05ms, max = 0.08ms, min = 0.00ms, total = 0.39ms
	Publisher.CheckDeadSubscribers - 3 total (1 active), Execution time: mean = 0.00ms, total = 0.00ms, Queueing time: mean = 0.01ms, max = 0.02ms, min = 0.01ms, total = 0.03ms
	ray::rpc::WorkerInfoGcsService.grpc_client.AddWorkerInfo - 1 total (0 active), Execution time: mean = 0.32ms, total = 0.32ms, Queueing time: mean = 0.00ms, max = -0.00ms, min = 9223372036854.78ms, total = 0.00ms
	ray::rpc::WorkerInfoGcsService.grpc_client.AddWorkerInfo.OnReplyReceived - 1 total (0 active), Execution time: mean = 0.03ms, total = 0.03ms, Queueing time: mean = 0.01ms, max = 0.01ms, min = 0.01ms, total = 0.01ms

-----------------
Task execution event stats:

Global stats: 59880 total (1 active)
Queueing time: mean = 0.02ms, max = 0.34ms, min = -0.02ms, total = 1097.90ms
Execution time:  mean = 0.00ms, total = 175.12ms
Event stats:
	CoreWorker.CheckSignal - 59879 total (1 active), Execution time: mean = 0.00ms, total = 175.12ms, Queueing time: mean = 0.02ms, max = 0.34ms, min = -0.02ms, total = 1097.90ms
	PeriodicalRunner.RunFnPeriodically - 1 total (0 active), Execution time: mean = 0.00ms, total = 0.00ms, Queueing time: mean = 0.00ms, max = 0.00ms, min = 0.00ms, total = 0.00ms

-----------------
Task Event stats:

IO Service Stats:

Global stats: 601 total (1 active)
Queueing time: mean = 0.03ms, max = 0.07ms, min = 0.00ms, total = 17.07ms
Execution time:  mean = 0.01ms, total = 6.61ms
Event stats:
	CoreWorker.deadline_timer.flush_task_events - 600 total (1 active), Execution time: mean = 0.01ms, total = 6.57ms, Queueing time: mean = 0.03ms, max = 0.07ms, min = 0.00ms, total = 17.06ms
	PeriodicalRunner.RunFnPeriodically - 1 total (0 active), Execution time: mean = 0.04ms, total = 0.04ms, Queueing time: mean = 0.01ms, max = 0.01ms, min = 0.01ms, total = 0.01ms
Other Stats:
	gcs_grpc_in_progress:0
	event_aggregator_grpc_in_progress:0
	current number of task status events in buffer: 0
	current number of profile events in buffer: 0
	current number of dropped task attempts tracked: 0
	total task events sent: 0 MiB
	total number of task attempts sent: 0
	total number of task attempts dropped reported: 0
	total number of sent failure: 0
	num status task events dropped: 0
	num profile task events dropped: 0
	num ray task events reported to aggregator: 0
	num ray task events failed to report to aggregator: 0
	num of task attempts dropped reported to aggregator: 0
	num of failed requests to aggregator: 0

[2026-09-03 22:10:04,277 I 1423 3681] core_worker.cc:498: Event stats:


Global stats: 8889 total (8 active)
Queueing time: mean = 0.02ms, max = 1.17ms, min = -0.02ms, total = 165.71ms
Execution time:  mean = 0.00ms, total = 33.02ms
Event stats:
	CoreWorker.RecoverObjects - 6599 total (1 active), Execution time: mean = 0.00ms, total = 14.43ms, Queueing time: mean = 0.02ms, max = 1.17ms, min = -0.02ms, total = 125.30ms
	CoreWorker.ExitIfParentRayletDies - 660 total (1 active), Execution time: mean = 0.00ms, total = 2.99ms, Queueing time: mean = 0.02ms, max = 0.06ms, min = 0.00ms, total = 11.05ms
	CoreWorker.InternalHeartbeat - 660 total (1 active), Execution time: mean = 0.00ms, total = 1.42ms, Queueing time: mean = 0.02ms, max = 0.06ms, min = 0.00ms, total = 12.44ms
	CoreWorker.ReportWorkerBacklog - 660 total (1 active), Execution time: mean = 0.00ms, total = 1.78ms, Queueing time: mean = 0.02ms, max = 0.07ms, min = -0.00ms, total = 12.05ms
	CoreWorker.RecordMetrics - 132 total (1 active), Execution time: mean = 0.02ms, total = 2.47ms, Queueing time: mean = 0.01ms, max = 0.04ms, min = 0.00ms, total = 1.84ms
	CoreWorker.TryDelPendingObjectRefStreams - 66 total (1 active), Execution time: mean = 0.00ms, total = 0.10ms, Queueing time: mean = 0.03ms, max = 0.24ms, min = 0.00ms, total = 1.66ms
	CoreWorkerService.grpc_server.GetCoreWorkerStats - 44 total (0 active), Execution time: mean = 0.15ms, total = 6.76ms, Queueing time: mean = 0.00ms, max = -0.00ms, min = 9223372036854.78ms, total = 0.00ms
	CoreWorkerService.grpc_server.GetCoreWorkerStats.HandleRequestImpl - 44 total (0 active), Execution time: mean = 0.02ms, total = 1.07ms, Queueing time: mean = 0.02ms, max = 0.04ms, min = 0.01ms, total = 0.81ms
	CoreWorker.PrintEventStats - 11 total (1 active, 1 running), Execution time: mean = 0.14ms, total = 1.54ms, Queueing time: mean = 0.01ms, max = 0.02ms, min = 0.01ms, total = 0.13ms
	PeriodicalRunner.RunFnPeriodically - 8 total (0 active), Execution time: mean = 0.01ms, total = 0.09ms, Queueing time: mean = 0.05ms, max = 0.08ms, min = 0.00ms, total = 0.39ms
	Publisher.CheckDeadSubscribers - 3 total (1 active), Execution time: mean = 0.00ms, total = 0.00ms, Queueing time: mean = 0.01ms, max = 0.02ms, min = 0.01ms, total = 0.03ms
	ray::rpc::WorkerInfoGcsService.grpc_client.AddWorkerInfo - 1 total (0 active), Execution time: mean = 0.32ms, total = 0.32ms, Queueing time: mean = 0.00ms, max = -0.00ms, min = 9223372036854.78ms, total = 0.00ms
	ray::rpc::WorkerInfoGcsService.grpc_client.AddWorkerInfo.OnReplyReceived - 1 total (0 active), Execution time: mean = 0.03ms, total = 0.03ms, Queueing time: mean = 0.01ms, max = 0.01ms, min = 0.01ms, total = 0.01ms

-----------------
Task execution event stats:

Global stats: 65870 total (1 active)
Queueing time: mean = 0.02ms, max = 3.26ms, min = -0.02ms, total = 1188.22ms
Execution time:  mean = 0.00ms, total = 188.38ms
Event stats:
	CoreWorker.CheckSignal - 65869 total (1 active), Execution time: mean = 0.00ms, total = 188.38ms, Queueing time: mean = 0.02ms, max = 3.26ms, min = -0.02ms, total = 1188.22ms
	PeriodicalRunner.RunFnPeriodically - 1 total (0 active), Execution time: mean = 0.00ms, total = 0.00ms, Queueing time: mean = 0.00ms, max = 0.00ms, min = 0.00ms, total = 0.00ms

-----------------
Task Event stats:

IO Service Stats:

Global stats: 661 total (1 active)
Queueing time: mean = 0.03ms, max = 0.07ms, min = 0.00ms, total = 18.50ms
Execution time:  mean = 0.01ms, total = 7.17ms
Event stats:
	CoreWorker.deadline_timer.flush_task_events - 660 total (1 active), Execution time: mean = 0.01ms, total = 7.14ms, Queueing time: mean = 0.03ms, max = 0.07ms, min = 0.00ms, total = 18.49ms
	PeriodicalRunner.RunFnPeriodically - 1 total (0 active), Execution time: mean = 0.04ms, total = 0.04ms, Queueing time: mean = 0.01ms, max = 0.01ms, min = 0.01ms, total = 0.01ms
Other Stats:
	gcs_grpc_in_progress:0
	event_aggregator_grpc_in_progress:0
	current number of task status events in buffer: 0
	current number of profile events in buffer: 0
	current number of dropped task attempts tracked: 0
	total task events sent: 0 MiB
	total number of task attempts sent: 0
	total number of task attempts dropped reported: 0
	total number of sent failure: 0
	num status task events dropped: 0
	num profile task events dropped: 0
	num ray task events reported to aggregator: 0
	num ray task events failed to report to aggregator: 0
	num of task attempts dropped reported to aggregator: 0
	num of failed requests to aggregator: 0

