:job_id:01000000
:actor_name:MegatronTrainRayActor
[2026-09-03 21:59:56.068 actor_cell0_rank10] structured_log.py:23 - ft cls=MegatronTrainRayActor fn=init phase=start
[2026-09-03 21:59:56.068 actor_cell0_rank10] reloadable_process_group.py:21 - Applying monkey patch to torch.distributed
[2026-09-03 21:59:56.833 actor_cell0_rank10] train_actor.py:132 - Set NUMA affinity for GPU 2
/root/Megatron-LM/megatron/core/transformer/transformer_config.py:2278: UserWarning: If you are using transformer_engine as the transformer implementation, the core_attn is from transformer_engine and may be the fused version. For fused attention, you have no need to set 'core_attn' to recompute. Please check that the core_attn recompute is really needed.
  warnings.warn(
/root/Megatron-LM/megatron/core/models/mimo/config/base_configs.py:12: UserWarning: MimoModelConfig is experimental and still under active development. The API may change without notice in future releases.
  class MimoModelConfig:
/usr/local/lib/python3.12/dist-packages/torch/distributed/checkpoint/utils.py:485: UserWarning: torch.distributed is disabled, unavailable or uninitialized, assuming the intent is to load in a single process.
  return func(*args, **kwargs)
[2026-09-03 22:00:23.277 actor_cell0_rank10] utils.py:996 - make_tp_sharded_tensor_for_checkpoint received extra kwargs: ['allow_shape_mismatch']
/usr/local/lib/python3.12/dist-packages/torch/distributed/checkpoint/logger.py:90: UserWarning: The argument order of load has been changed. Please check the document to avoid future breakages.
  result = func(*args, **kwargs)
/usr/local/lib/python3.12/dist-packages/torch/distributed/checkpoint/utils.py:483: UserWarning: torch.distributed is disabled, unavailable or uninitialized, assuming the intent is to load in a single process.
  return func(args[0], **kwargs)
/usr/local/lib/python3.12/dist-packages/torch/distributed/checkpoint/planner_helpers.py:489: FutureWarning: Please use DTensor instead and we are deprecating ShardedTensor.
  device = getattr(value, "device", None)
/usr/local/lib/python3.12/dist-packages/torch/distributed/checkpoint/default_planner.py:503: FutureWarning: Please use DTensor instead and we are deprecating ShardedTensor.
  and md.size != obj.size()
[2026-09-03 22:00:56.782 actor_cell0_rank10] structured_log.py:27 - ft cls=MegatronTrainRayActor fn=init phase=end ok=true elapsed_s=60.7
[2026-09-03 22:02:14.267 actor_cell0_rank10] structured_log.py:23 - ft cls=MegatronTrainRayActor fn=update_weights phase=start
[2026-09-03 22:02:14.294 actor_cell0_rank10] memory_utils.py:41 - [Rank 10] Memory-Usage before update_weights: {'gpu': '2', 'total_GB': 178.34, 'free_GB': 139.31, 'used_GB': 39.03, 'allocated_GB': 36.18, 'reserved_GB': 36.19}
[2026-09-03 22:02:36.787 actor_cell0_rank10] memory_utils.py:41 - [Rank 10] Memory-Usage after update_weights: {'gpu': '2', 'total_GB': 178.34, 'free_GB': 136.93, 'used_GB': 41.41, 'allocated_GB': 36.18, 'reserved_GB': 37.19}
[2026-09-03 22:02:36.788 actor_cell0_rank10] structured_log.py:27 - ft cls=MegatronTrainRayActor fn=update_weights phase=end ok=true elapsed_s=22.5
[2026-09-03 22:05:00.239 actor_cell0_rank10] structured_log.py:23 - ft cls=MegatronTrainRayActor fn=train phase=start
[2026-09-03 22:05:00.240 actor_cell0_rank10] structured_log.py:23 - ft cls=MegatronTrainRayActor fn=train_actor phase=start
[2026-09-03 22:05:00.256 actor_cell0_rank10] log_utils.py:100 - ft op=cross_cell phase=start kind=log_gather rank=10
[2026-09-03 22:05:00.311 actor_cell0_rank10] log_utils.py:106 - ft op=cross_cell phase=end kind=log_gather rank=10 success=true
[WARNING] Field "span" in type "ir.TupleType" duplicates an ancestor field in "ir.Type". Child types should not re-register inherited fields.
[WARNING] Field "span" in type "ir.FuncType" duplicates an ancestor field in "ir.Type". Child types should not re-register inherited fields.
[WARNING] Field "span" in type "ir.TensorMapType" duplicates an ancestor field in "ir.Type". Child types should not re-register inherited fields.
[WARNING] Field "binding_blocks" in type "script.ir_builder.relax.FunctionFrame" duplicates an ancestor field in "script.ir_builder.relax.SeqExprFrame". Child types should not re-register inherited fields.
[WARNING] Field "output" in type "script.ir_builder.relax.FunctionFrame" duplicates an ancestor field in "script.ir_builder.relax.SeqExprFrame". Child types should not re-register inherited fields.
/usr/local/lib/python3.12/dist-packages/tvm_ffi/registry.py:85: UserWarning: Field 'span' in 'ir.TupleType' duplicates an ancestor field. Child types should not re-register inherited fields.
  info = core._register_object_by_index(type_index, cls)
/usr/local/lib/python3.12/dist-packages/tvm_ffi/registry.py:85: UserWarning: Field 'span' in 'ir.FuncType' duplicates an ancestor field. Child types should not re-register inherited fields.
  info = core._register_object_by_index(type_index, cls)
/usr/local/lib/python3.12/dist-packages/tvm_ffi/registry.py:85: UserWarning: Field 'span' in 'ir.TensorMapType' duplicates an ancestor field. Child types should not re-register inherited fields.
  info = core._register_object_by_index(type_index, cls)
/usr/local/lib/python3.12/dist-packages/tvm_ffi/registry.py:85: UserWarning: Field 'name' in 'relax.TEPlaceholderOp' duplicates an ancestor field. Child types should not re-register inherited fields.
  info = core._register_object_by_index(type_index, cls)
/usr/local/lib/python3.12/dist-packages/tvm_ffi/registry.py:85: UserWarning: Field 'tag' in 'relax.TEPlaceholderOp' duplicates an ancestor field. Child types should not re-register inherited fields.
  info = core._register_object_by_index(type_index, cls)
/usr/local/lib/python3.12/dist-packages/tvm_ffi/registry.py:85: UserWarning: Field 'attrs' in 'relax.TEPlaceholderOp' duplicates an ancestor field. Child types should not re-register inherited fields.
  info = core._register_object_by_index(type_index, cls)
/usr/local/lib/python3.12/dist-packages/tvm_ffi/registry.py:85: UserWarning: Field 'shape' in 'relax.TEPlaceholderOp' duplicates an ancestor field. Child types should not re-register inherited fields.
  info = core._register_object_by_index(type_index, cls)
/usr/local/lib/python3.12/dist-packages/tvm_ffi/registry.py:85: UserWarning: Field 'dtype' in 'relax.TEPlaceholderOp' duplicates an ancestor field. Child types should not re-register inherited fields.
  info = core._register_object_by_index(type_index, cls)
[WARNING] Field "policy_type" in type "tl.GemmSPWarpPolicy" duplicates an ancestor field in "tl.GemmWarpPolicy". Child types should not re-register inherited fields.
[WARNING] Field "m_warp" in type "tl.GemmSPWarpPolicy" duplicates an ancestor field in "tl.GemmWarpPolicy". Child types should not re-register inherited fields.
[WARNING] Field "n_warp" in type "tl.GemmSPWarpPolicy" duplicates an ancestor field in "tl.GemmWarpPolicy". Child types should not re-register inherited fields.
/usr/local/lib/python3.12/dist-packages/tvm_ffi/registry.py:85: UserWarning: Field 'policy_type' in 'tl.GemmSPWarpPolicy' duplicates an ancestor field. Child types should not re-register inherited fields.
  info = core._register_object_by_index(type_index, cls)
/usr/local/lib/python3.12/dist-packages/tvm_ffi/registry.py:85: UserWarning: Field 'm_warp' in 'tl.GemmSPWarpPolicy' duplicates an ancestor field. Child types should not re-register inherited fields.
  info = core._register_object_by_index(type_index, cls)
/usr/local/lib/python3.12/dist-packages/tvm_ffi/registry.py:85: UserWarning: Field 'n_warp' in 'tl.GemmSPWarpPolicy' duplicates an ancestor field. Child types should not re-register inherited fields.
  info = core._register_object_by_index(type_index, cls)
[2026-09-03 22:05:21.904 actor_cell0_rank10] __init__.py:209 - [FLA Backend] gated_delta_rule.chunk_gated_delta_rule -> flash_qla
/usr/local/lib/python3.12/dist-packages/torch/distributed/c10d_logger.py:83: FutureWarning: `torch.distributed.all_gather_into_tensor` is deprecated. Please use `torch.distributed.all_gather_single` instead.
  return func(*args, **kwargs)
/usr/local/lib/python3.12/dist-packages/torch/distributed/c10d_logger.py:83: FutureWarning: `torch.distributed.all_gather_into_tensor` is deprecated. Please use `torch.distributed.all_gather_single` instead.
  return func(*args, **kwargs)
/usr/local/lib/python3.12/dist-packages/torch/distributed/c10d_logger.py:83: FutureWarning: `torch.distributed.all_gather_into_tensor` is deprecated. Please use `torch.distributed.all_gather_single` instead.
  return func(*args, **kwargs)
/usr/local/lib/python3.12/dist-packages/nvidia_cutlass_dsl/dsl_packages/cutlass/base_dsl/dsl.py:2309: UserWarning: Argument aux_data (position 18) cannot be converted to a JitArgument for function 'cutlass___call___flash_attncutesm100_hd256_2cta_fmha_forwardBlackwellFusedMultiHeadAttentionForward_object_at__Tensorgmemoi64i641_Tensorgmemoi64i641_Tensorgmemoi64i641_Tensorgmemoi'. Its type `<class 'flash_attn.cute.utils.AuxData'>` is not supported. If the value is known at compile time, annotate it: `aux_data: Constexpr`. Otherwise, implement the `JitArgument` or `DynamicExpression` protocol for type `<class 'flash_attn.cute.utils.AuxData'>`, or register a custom argument adapter.
  exe_args, func_types, adapted_args = self.generate_mlir_function_types(
/usr/local/lib/python3.12/dist-packages/torch/distributed/c10d_logger.py:83: FutureWarning: `torch.distributed.all_gather_into_tensor` is deprecated. Please use `torch.distributed.all_gather_single` instead.
  return func(*args, **kwargs)
/campaign/miles/miles/backends/training_utils/loss.py:218: UserWarning: To copy construct from a tensor, it is recommended to use sourceTensor.detach().clone() or sourceTensor.detach().clone().requires_grad_(True), rather than torch.tensor(sourceTensor).
  torch.tensor(num_tokens if args.calculate_per_token_loss else 1, device=logits.device),
/usr/local/lib/python3.12/dist-packages/nvidia_cutlass_dsl/dsl_packages/cutlass/base_dsl/dsl.py:2309: UserWarning: Argument aux_data (position 21) cannot be converted to a JitArgument for function 'cutlass___call___flash_attncutesm100_hd256_2cta_fmha_backwardBlackwellFusedMultiHeadAttentionBackward_object_at__Tensorgmemoi64i641_Tensorgmemoi64i641_Tensorgmemoi64i641_Tensorgmem'. Its type `<class 'flash_attn.cute.utils.AuxData'>` is not supported. If the value is known at compile time, annotate it: `aux_data: Constexpr`. Otherwise, implement the `JitArgument` or `DynamicExpression` protocol for type `<class 'flash_attn.cute.utils.AuxData'>`, or register a custom argument adapter.
  exe_args, func_types, adapted_args = self.generate_mlir_function_types(
/root/Megatron-LM/megatron/core/pipeline_parallel/schedules.py:220: UserWarning: The AccumulateGrad node's stream does not match the stream of the node that produced the incoming gradient. This may incur unnecessary synchronization and break CUDA graph capture if the AccumulateGrad node's stream is the default stream. This mismatch is caused by an AccumulateGrad node created prior to the current iteration being kept alive. This can happen if the autograd graph is still being kept alive by tensors such as the loss, or if you are using DDP, which will stash a reference to the node. To resolve the mismatch, delete all references to the autograd graph or ensure that DDP initialization is performed under the same stream as subsequent forwards. If the mismatch is intentional, you can use torch.autograd.graph.set_warn_on_accumulate_grad_stream_mismatch(False) to suppress this warning. (Triggered internally at /__w/pytorch/pytorch/torch/csrc/autograd/input_buffer.cpp:310.)
  Variable._execution_engine.run_backward(
/usr/local/lib/python3.12/dist-packages/torch/distributed/c10d_logger.py:83: FutureWarning: `torch.distributed.reduce_scatter_tensor` is deprecated. Please use `torch.distributed.reduce_scatter_single` instead.
  return func(*args, **kwargs)
/usr/local/lib/python3.12/dist-packages/torch/distributed/c10d_logger.py:83: FutureWarning: `torch.distributed.all_gather_into_tensor` is deprecated. Please use `torch.distributed.all_gather_single` instead.
  return func(*args, **kwargs)
[2026-09-03 22:07:08.213 actor_cell0_rank10] model.py:642 - ft op=train_step rollout=0 step=0 attempt=0 outcome=NORMAL valid_step=true
[2026-09-03 22:07:09.505 actor_cell0_rank10] structured_log.py:27 - ft cls=MegatronTrainRayActor fn=train_actor phase=end ok=true elapsed_s=129.3
[2026-09-03 22:07:09.505 actor_cell0_rank10] structured_log.py:27 - ft cls=MegatronTrainRayActor fn=train phase=end ok=true elapsed_s=129.3
[2026-09-03 22:07:09.515 actor_cell0_rank10] memory_utils.py:41 - [Rank 10] Memory-Usage before TrainRayActor.clear_memory: {'gpu': '2', 'total_GB': 178.34, 'free_GB': 85.12, 'used_GB': 93.22, 'allocated_GB': 38.0, 'reserved_GB': 80.19}
[2026-09-03 22:07:10.798 actor_cell0_rank10] memory_utils.py:41 - [Rank 10] Memory-Usage after TrainRayActor.clear_memory: {'gpu': '2', 'total_GB': 178.34, 'free_GB': 114.57, 'used_GB': 63.77, 'allocated_GB': 38.0, 'reserved_GB': 50.74}
[2026-09-03 22:07:10.979 actor_cell0_rank10] structured_log.py:23 - ft cls=MegatronTrainRayActor fn=update_weights phase=start
[2026-09-03 22:07:10.979 actor_cell0_rank10] memory_utils.py:41 - [Rank 10] Memory-Usage before update_weights: {'gpu': '2', 'total_GB': 178.34, 'free_GB': 114.57, 'used_GB': 63.77, 'allocated_GB': 38.0, 'reserved_GB': 50.74}
[2026-09-03 22:07:13.963 actor_cell0_rank10] memory_utils.py:41 - [Rank 10] Memory-Usage after update_weights: {'gpu': '2', 'total_GB': 178.34, 'free_GB': 114.57, 'used_GB': 63.77, 'allocated_GB': 38.0, 'reserved_GB': 50.74}
[2026-09-03 22:07:13.963 actor_cell0_rank10] structured_log.py:27 - ft cls=MegatronTrainRayActor fn=update_weights phase=end ok=true elapsed_s=3.0
[2026-09-03 22:09:17.746 actor_cell0_rank10] structured_log.py:23 - ft cls=MegatronTrainRayActor fn=train phase=start
[2026-09-03 22:09:17.748 actor_cell0_rank10] structured_log.py:23 - ft cls=MegatronTrainRayActor fn=train_actor phase=start
[2026-09-03 22:09:17.749 actor_cell0_rank10] log_utils.py:100 - ft op=cross_cell phase=start kind=log_gather rank=10
[2026-09-03 22:09:17.756 actor_cell0_rank10] log_utils.py:106 - ft op=cross_cell phase=end kind=log_gather rank=10 success=true
/usr/local/lib/python3.12/dist-packages/torch/distributed/c10d_logger.py:83: FutureWarning: `torch.distributed.all_gather_into_tensor` is deprecated. Please use `torch.distributed.all_gather_single` instead.
  return func(*args, **kwargs)
/usr/local/lib/python3.12/dist-packages/torch/distributed/c10d_logger.py:83: FutureWarning: `torch.distributed.all_gather_into_tensor` is deprecated. Please use `torch.distributed.all_gather_single` instead.
  return func(*args, **kwargs)
/usr/local/lib/python3.12/dist-packages/torch/distributed/c10d_logger.py:83: FutureWarning: `torch.distributed.all_gather_into_tensor` is deprecated. Please use `torch.distributed.all_gather_single` instead.
  return func(*args, **kwargs)
/campaign/miles/miles/backends/training_utils/loss.py:218: UserWarning: To copy construct from a tensor, it is recommended to use sourceTensor.detach().clone() or sourceTensor.detach().clone().requires_grad_(True), rather than torch.tensor(sourceTensor).
  torch.tensor(num_tokens if args.calculate_per_token_loss else 1, device=logits.device),
/usr/local/lib/python3.12/dist-packages/torch/distributed/c10d_logger.py:83: FutureWarning: `torch.distributed.reduce_scatter_tensor` is deprecated. Please use `torch.distributed.reduce_scatter_single` instead.
  return func(*args, **kwargs)
/usr/local/lib/python3.12/dist-packages/torch/distributed/c10d_logger.py:83: FutureWarning: `torch.distributed.all_gather_into_tensor` is deprecated. Please use `torch.distributed.all_gather_single` instead.
  return func(*args, **kwargs)
[2026-09-03 22:09:36.533 actor_cell0_rank10] model.py:642 - ft op=train_step rollout=1 step=0 attempt=0 outcome=NORMAL valid_step=true
[2026-09-03 22:09:36.761 actor_cell0_rank10] structured_log.py:27 - ft cls=MegatronTrainRayActor fn=train_actor phase=end ok=true elapsed_s=19.0
[2026-09-03 22:09:36.761 actor_cell0_rank10] structured_log.py:27 - ft cls=MegatronTrainRayActor fn=train phase=end ok=true elapsed_s=19.0
[2026-09-03 22:09:36.772 actor_cell0_rank10] utils.py:996 - make_tp_sharded_tensor_for_checkpoint received extra kwargs: ['allow_shape_mismatch']
[2026-09-03 22:09:36.993 actor_cell0_rank10] validation.py:361 - Rank 10 common state dict differs from rank 0 common state dict. Keys only on rank 0: [], Keys only on 10: [], Mismatched keys: [(('args',), <class 'argparse.Namespace'>, <class 'argparse.Namespace'>)]
[2026-09-03 22:09:40.080 actor_cell0_rank10] torch.py:763 - MCore's async save is deprecated and will be removed in the future releases. Please, use NVRx async solution by setting `async_strategy` to `nvrx`.
[2026-09-03 22:09:53.898 actor_cell0_rank10] memory_utils.py:41 - [Rank 10] Memory-Usage before TrainRayActor.clear_memory: {'gpu': '2', 'total_GB': 178.34, 'free_GB': 81.79, 'used_GB': 96.55, 'allocated_GB': 38.01, 'reserved_GB': 83.51}
[2026-09-03 22:09:55.342 actor_cell0_rank10] memory_utils.py:41 - [Rank 10] Memory-Usage after TrainRayActor.clear_memory: {'gpu': '2', 'total_GB': 178.34, 'free_GB': 115.36, 'used_GB': 62.98, 'allocated_GB': 38.01, 'reserved_GB': 49.95}
[2026-09-03 22:09:56.055 actor_cell0_rank10] structured_log.py:23 - ft cls=MegatronTrainRayActor fn=update_weights phase=start
[2026-09-03 22:09:56.056 actor_cell0_rank10] memory_utils.py:41 - [Rank 10] Memory-Usage before update_weights: {'gpu': '2', 'total_GB': 178.34, 'free_GB': 115.36, 'used_GB': 62.98, 'allocated_GB': 38.01, 'reserved_GB': 49.95}
[2026-09-03 22:10:00.289 actor_cell0_rank10] memory_utils.py:41 - [Rank 10] Memory-Usage after update_weights: {'gpu': '2', 'total_GB': 178.34, 'free_GB': 115.36, 'used_GB': 62.98, 'allocated_GB': 38.01, 'reserved_GB': 49.95}
[2026-09-03 22:10:00.289 actor_cell0_rank10] structured_log.py:27 - ft cls=MegatronTrainRayActor fn=update_weights phase=end ok=true elapsed_s=4.2
