[2026-09-03 21:59:33,409 I 962 962] core_worker_process.cc:868: Constructing CoreWorkerProcess. pid: 962
[2026-09-03 21:59:33,411 I 962 962] event.cc:499: Ray Event initialized for CORE_WORKER
[2026-09-03 21:59:33,411 I 962 962] event.cc:499: Ray Event initialized for EXPORT_TASK
[2026-09-03 21:59:33,411 I 962 962] event.cc:332: Set ray event level to warning
[2026-09-03 21:59:33,412 I 962 962] grpc_server.cc:144: worker server started, listening on port 20010.
[2026-09-03 21:59:33,413 I 962 962] core_worker_process.cc:299: Initializing worker at address: 10.244.13.18:20010 worker_id=ca6cb88024162bf07716ce2c88c2fb4113d3b1e347331c5dd5e35cfb node_id=5a1736abfe100329c9e05ff3a3f920e3696f0c41773d8bb025d15fe0
[2026-09-03 21:59:33,413 I 962 962] task_event_buffer.cc:535: Reporting task events to GCS every 1000ms.
[2026-09-03 21:59:33,414 I 962 962] core_worker.cc:568: Adjusted worker niceness to 15
[2026-09-03 21:59:33,414 I 962 1074] core_worker.cc:498: Event stats:


Global stats: 11 total (9 active)
Queueing time: mean = 0.00ms, max = 0.00ms, min = 0.00ms, total = 0.01ms
Execution time:  mean = 0.00ms, total = 0.02ms
Event stats:
	PeriodicalRunner.RunFnPeriodically - 8 total (6 active, 1 running), Execution time: mean = 0.00ms, total = 0.02ms, Queueing time: mean = 0.00ms, max = 0.00ms, min = 0.00ms, total = 0.01ms
	CoreWorker.ExitIfParentRayletDies - 1 total (1 active), Execution time: mean = 0.00ms, total = 0.00ms, Queueing time: mean = 0.00ms, max = -0.00ms, min = 9223372036854.78ms, total = 0.00ms
	Publisher.CheckDeadSubscribers - 1 total (1 active), Execution time: mean = 0.00ms, total = 0.00ms, Queueing time: mean = 0.00ms, max = -0.00ms, min = 9223372036854.78ms, total = 0.00ms
	ray::rpc::WorkerInfoGcsService.grpc_client.AddWorkerInfo - 1 total (1 active), Execution time: mean = 0.00ms, total = 0.00ms, Queueing time: mean = 0.00ms, max = -0.00ms, min = 9223372036854.78ms, total = 0.00ms

-----------------
Task execution event stats:

Global stats: 0 total (0 active)
Queueing time: mean = -nanms, max = -0.00ms, min = 9223372036854.78ms, total = 0.00ms
Execution time:  mean = -nanms, total = 0.00ms
Event stats:

-----------------
Task Event stats:

IO Service Stats:

Global stats: 2 total (1 active)
Queueing time: mean = 0.00ms, max = 0.01ms, min = 0.01ms, total = 0.01ms
Execution time:  mean = 0.01ms, total = 0.03ms
Event stats:
	PeriodicalRunner.RunFnPeriodically - 1 total (0 active), Execution time: mean = 0.03ms, total = 0.03ms, Queueing time: mean = 0.01ms, max = 0.01ms, min = 0.01ms, total = 0.01ms
	CoreWorker.deadline_timer.flush_task_events - 1 total (1 active), Execution time: mean = 0.00ms, total = 0.00ms, Queueing time: mean = 0.00ms, max = -0.00ms, min = 9223372036854.78ms, total = 0.00ms
Other Stats:
	gcs_grpc_in_progress:0
	event_aggregator_grpc_in_progress:0
	current number of task status events in buffer: 0
	current number of profile events in buffer: 0
	current number of dropped task attempts tracked: 0
	total task events sent: 0 MiB
	total number of task attempts sent: 0
	total number of task attempts dropped reported: 0
	total number of sent failure: 0
	num status task events dropped: 0
	num profile task events dropped: 0
	num ray task events reported to aggregator: 0
	num ray task events failed to report to aggregator: 0
	num of task attempts dropped reported to aggregator: 0
	num of failed requests to aggregator: 0

[2026-09-03 21:59:33,416 I 962 962] actor_task_submitter.cc:75: Set actor max pending calls to -1 actor_id=b5cb33e540b055295bff7da501000000
[2026-09-03 21:59:33,416 I 962 962] core_worker.cc:3112: Creating actor actor_id=b5cb33e540b055295bff7da501000000
[2026-09-03 21:59:55,239 I 962 962] task_receiver.cc:117: Actor creation task finished, task_id: ffffffffffffffffb5cb33e540b055295bff7da501000000, actor_id: b5cb33e540b055295bff7da501000000, actor_repr_name: 
[2026-09-03 22:00:33,414 I 962 1074] core_worker.cc:498: Event stats:


Global stats: 823 total (9 active)
Queueing time: mean = 0.02ms, max = 0.45ms, min = 0.00ms, total = 13.84ms
Execution time:  mean = 26.52ms, total = 21828.09ms
Event stats:
	CoreWorker.RecoverObjects - 600 total (1 active), Execution time: mean = 0.00ms, total = 1.17ms, Queueing time: mean = 0.02ms, max = 0.28ms, min = 0.00ms, total = 9.06ms
	CoreWorker.ExitIfParentRayletDies - 60 total (1 active), Execution time: mean = 0.00ms, total = 0.24ms, Queueing time: mean = 0.02ms, max = 0.45ms, min = 0.00ms, total = 1.29ms
	CoreWorker.ReportWorkerBacklog - 60 total (1 active), Execution time: mean = 0.00ms, total = 0.15ms, Queueing time: mean = 0.02ms, max = 0.45ms, min = 0.00ms, total = 1.31ms
	CoreWorker.InternalHeartbeat - 60 total (1 active), Execution time: mean = 0.00ms, total = 0.13ms, Queueing time: mean = 0.02ms, max = 0.45ms, min = 0.00ms, total = 1.32ms
	CoreWorker.RecordMetrics - 12 total (1 active), Execution time: mean = 0.08ms, total = 0.92ms, Queueing time: mean = 0.01ms, max = 0.05ms, min = 0.00ms, total = 0.17ms
	PeriodicalRunner.RunFnPeriodically - 8 total (0 active), Execution time: mean = 0.01ms, total = 0.10ms, Queueing time: mean = 0.05ms, max = 0.09ms, min = 0.00ms, total = 0.42ms
	CoreWorker.TryDelPendingObjectRefStreams - 6 total (1 active), Execution time: mean = 0.00ms, total = 0.01ms, Queueing time: mean = 0.02ms, max = 0.04ms, min = 0.01ms, total = 0.11ms
	CoreWorkerService.grpc_server.GetCoreWorkerStats - 4 total (0 active), Execution time: mean = 0.30ms, total = 1.22ms, Queueing time: mean = 0.00ms, max = -0.00ms, min = 9223372036854.78ms, total = 0.00ms
	CoreWorkerService.grpc_server.GetCoreWorkerStats.HandleRequestImpl - 4 total (0 active), Execution time: mean = 0.07ms, total = 0.30ms, Queueing time: mean = 0.03ms, max = 0.04ms, min = 0.01ms, total = 0.10ms
	CoreWorkerService.grpc_server.PushTask - 2 total (1 active), Execution time: mean = 10911.66ms, total = 21823.33ms, Queueing time: mean = 0.00ms, max = -0.00ms, min = 9223372036854.78ms, total = 0.00ms
	CoreWorkerService.grpc_server.PushTask.HandleRequestImpl - 2 total (0 active), Execution time: mean = 0.10ms, total = 0.19ms, Queueing time: mean = 0.03ms, max = 0.04ms, min = 0.01ms, total = 0.05ms
	CoreWorker.PrintEventStats - 1 total (1 active, 1 running), Execution time: mean = 0.00ms, total = 0.00ms, Queueing time: mean = 0.00ms, max = -0.00ms, min = 9223372036854.78ms, total = 0.00ms
	ray::rpc::WorkerInfoGcsService.grpc_client.AddWorkerInfo - 1 total (0 active), Execution time: mean = 0.30ms, total = 0.30ms, Queueing time: mean = 0.00ms, max = -0.00ms, min = 9223372036854.78ms, total = 0.00ms
	Publisher.PublishFailure.WORKER_OBJECT_LOCATIONS_CHANNEL - 1 total (0 active), Execution time: mean = 0.01ms, total = 0.01ms, Queueing time: mean = 0.00ms, max = 0.00ms, min = 0.00ms, total = 0.00ms
	ray::rpc::WorkerInfoGcsService.grpc_client.AddWorkerInfo.OnReplyReceived - 1 total (0 active), Execution time: mean = 0.03ms, total = 0.03ms, Queueing time: mean = 0.01ms, max = 0.01ms, min = 0.01ms, total = 0.01ms
	Publisher.CheckDeadSubscribers - 1 total (1 active), Execution time: mean = 0.00ms, total = 0.00ms, Queueing time: mean = 0.00ms, max = -0.00ms, min = 9223372036854.78ms, total = 0.00ms

-----------------
Task execution event stats:

Global stats: 5 total (2 active)
Queueing time: mean = 4362.88ms, max = 21814.37ms, min = 0.00ms, total = 21814.38ms
Execution time:  mean = 4364.61ms, total = 21823.06ms
Event stats:
	CoreWorker.CheckSignal - 2 total (1 active), Execution time: mean = 0.00ms, total = 0.01ms, Queueing time: mean = 10907.19ms, max = 21814.37ms, min = 21814.37ms, total = 21814.37ms
	PeriodicalRunner.RunFnPeriodically - 1 total (0 active), Execution time: mean = 0.01ms, total = 0.01ms, Queueing time: mean = 0.00ms, max = 0.00ms, min = 0.00ms, total = 0.00ms
	CoreWorker.HandlePushTask - 1 total (0 active), Execution time: mean = 21823.04ms, total = 21823.04ms, Queueing time: mean = 0.01ms, max = 0.01ms, min = 0.01ms, total = 0.01ms
	CoreWorker.HandlePushTaskActor - 1 total (1 active, 1 running), Execution time: mean = 0.00ms, total = 0.00ms, Queueing time: mean = 0.00ms, max = -0.00ms, min = 9223372036854.78ms, total = 0.00ms

-----------------
Task Event stats:

IO Service Stats:

Global stats: 65 total (1 active)
Queueing time: mean = 0.02ms, max = 0.05ms, min = 0.01ms, total = 1.44ms
Execution time:  mean = 0.04ms, total = 2.59ms
Event stats:
	CoreWorker.deadline_timer.flush_task_events - 60 total (1 active), Execution time: mean = 0.02ms, total = 1.21ms, Queueing time: mean = 0.02ms, max = 0.05ms, min = 0.01ms, total = 1.38ms
	ray::rpc::TaskInfoGcsService.grpc_client.AddTaskEventData - 2 total (0 active), Execution time: mean = 0.64ms, total = 1.28ms, Queueing time: mean = 0.00ms, max = -0.00ms, min = 9223372036854.78ms, total = 0.00ms
	ray::rpc::TaskInfoGcsService.grpc_client.AddTaskEventData.OnReplyReceived - 2 total (0 active), Execution time: mean = 0.04ms, total = 0.07ms, Queueing time: mean = 0.02ms, max = 0.03ms, min = 0.02ms, total = 0.05ms
	PeriodicalRunner.RunFnPeriodically - 1 total (0 active), Execution time: mean = 0.03ms, total = 0.03ms, Queueing time: mean = 0.01ms, max = 0.01ms, min = 0.01ms, total = 0.01ms
Other Stats:
	gcs_grpc_in_progress:0
	event_aggregator_grpc_in_progress:0
	current number of task status events in buffer: 0
	current number of profile events in buffer: 0
	current number of dropped task attempts tracked: 0
	total task events sent: 0.000576973 MiB
	total number of task attempts sent: 3
	total number of task attempts dropped reported: 0
	total number of sent failure: 0
	num status task events dropped: 0
	num profile task events dropped: 0
	num ray task events reported to aggregator: 0
	num ray task events failed to report to aggregator: 0
	num of task attempts dropped reported to aggregator: 0
	num of failed requests to aggregator: 0

[2026-09-03 22:00:57,415 I 962 962] actor_task_submitter.cc:75: Set actor max pending calls to -1 actor_id=e3776b08b973ff9e4d0d8b3101000000
[2026-09-03 22:01:33,414 I 962 1074] core_worker.cc:498: Event stats:


Global stats: 1636 total (9 active)
Queueing time: mean = 0.02ms, max = 0.45ms, min = 0.00ms, total = 29.73ms
Execution time:  mean = 51.14ms, total = 83661.05ms
Event stats:
	CoreWorker.RecoverObjects - 1200 total (1 active), Execution time: mean = 0.00ms, total = 2.74ms, Queueing time: mean = 0.02ms, max = 0.28ms, min = 0.00ms, total = 20.96ms
	CoreWorker.ExitIfParentRayletDies - 120 total (1 active), Execution time: mean = 0.01ms, total = 0.62ms, Queueing time: mean = 0.02ms, max = 0.45ms, min = 0.00ms, total = 2.30ms
	CoreWorker.ReportWorkerBacklog - 120 total (1 active), Execution time: mean = 0.00ms, total = 0.33ms, Queueing time: mean = 0.02ms, max = 0.45ms, min = 0.00ms, total = 2.49ms
	CoreWorker.InternalHeartbeat - 120 total (1 active), Execution time: mean = 0.00ms, total = 0.29ms, Queueing time: mean = 0.02ms, max = 0.45ms, min = 0.00ms, total = 2.53ms
	CoreWorker.RecordMetrics - 24 total (1 active), Execution time: mean = 0.06ms, total = 1.37ms, Queueing time: mean = 0.01ms, max = 0.05ms, min = 0.00ms, total = 0.31ms
	CoreWorker.TryDelPendingObjectRefStreams - 12 total (1 active), Execution time: mean = 0.00ms, total = 0.03ms, Queueing time: mean = 0.02ms, max = 0.08ms, min = 0.01ms, total = 0.30ms
	PeriodicalRunner.RunFnPeriodically - 8 total (0 active), Execution time: mean = 0.01ms, total = 0.10ms, Queueing time: mean = 0.05ms, max = 0.09ms, min = 0.00ms, total = 0.42ms
	CoreWorkerService.grpc_server.GetCoreWorkerStats.HandleRequestImpl - 8 total (0 active), Execution time: mean = 0.07ms, total = 0.53ms, Queueing time: mean = 0.03ms, max = 0.05ms, min = 0.01ms, total = 0.26ms
	CoreWorkerService.grpc_server.GetCoreWorkerStats - 8 total (0 active), Execution time: mean = 0.35ms, total = 2.83ms, Queueing time: mean = 0.00ms, max = -0.00ms, min = 9223372036854.78ms, total = 0.00ms
	CoreWorkerService.grpc_server.PushTask - 3 total (0 active), Execution time: mean = 27883.75ms, total = 83651.26ms, Queueing time: mean = 0.00ms, max = -0.00ms, min = 9223372036854.78ms, total = 0.00ms
	CoreWorkerService.grpc_server.PushTask.HandleRequestImpl - 3 total (0 active), Execution time: mean = 0.08ms, total = 0.25ms, Queueing time: mean = 0.03ms, max = 0.04ms, min = 0.01ms, total = 0.08ms
	CoreWorker.PrintEventStats - 2 total (1 active, 1 running), Execution time: mean = 0.10ms, total = 0.20ms, Queueing time: mean = 0.00ms, max = 0.01ms, min = 0.01ms, total = 0.01ms
	CoreWorkerService.grpc_server.PubsubCommandBatch - 1 total (0 active), Execution time: mean = 0.12ms, total = 0.12ms, Queueing time: mean = 0.00ms, max = -0.00ms, min = 9223372036854.78ms, total = 0.00ms
	CoreWorkerService.grpc_server.PubsubLongPolling - 1 total (1 active), Execution time: mean = 0.00ms, total = 0.00ms, Queueing time: mean = 0.00ms, max = -0.00ms, min = 9223372036854.78ms, total = 0.00ms
	CoreWorkerService.grpc_server.PubsubCommandBatch.HandleRequestImpl - 1 total (0 active), Execution time: mean = 0.04ms, total = 0.04ms, Queueing time: mean = 0.01ms, max = 0.01ms, min = 0.01ms, total = 0.01ms
	Publisher.PublishFailure.WORKER_OBJECT_LOCATIONS_CHANNEL - 1 total (0 active), Execution time: mean = 0.01ms, total = 0.01ms, Queueing time: mean = 0.00ms, max = 0.00ms, min = 0.00ms, total = 0.00ms
	ray::rpc::WorkerInfoGcsService.grpc_client.AddWorkerInfo.OnReplyReceived - 1 total (0 active), Execution time: mean = 0.03ms, total = 0.03ms, Queueing time: mean = 0.01ms, max = 0.01ms, min = 0.01ms, total = 0.01ms
	Publisher.CheckDeadSubscribers - 1 total (1 active), Execution time: mean = 0.00ms, total = 0.00ms, Queueing time: mean = 0.00ms, max = -0.00ms, min = 9223372036854.78ms, total = 0.00ms
	ray::rpc::WorkerInfoGcsService.grpc_client.AddWorkerInfo - 1 total (0 active), Execution time: mean = 0.30ms, total = 0.30ms, Queueing time: mean = 0.00ms, max = -0.00ms, min = 9223372036854.78ms, total = 0.00ms
	CoreWorkerService.grpc_server.PubsubLongPolling.HandleRequestImpl - 1 total (0 active), Execution time: mean = 0.01ms, total = 0.01ms, Queueing time: mean = 0.04ms, max = 0.04ms, min = 0.04ms, total = 0.04ms

-----------------
Task execution event stats:

Global stats: 3632 total (1 active)
Queueing time: mean = 23.05ms, max = 61667.63ms, min = 0.00ms, total = 83720.19ms
Execution time:  mean = 23.03ms, total = 83660.95ms
Event stats:
	CoreWorker.CheckSignal - 3628 total (1 active), Execution time: mean = 0.00ms, total = 10.65ms, Queueing time: mean = 23.08ms, max = 61667.63ms, min = 0.00ms, total = 83720.15ms
	CoreWorker.HandlePushTaskActor - 2 total (0 active), Execution time: mean = 30913.63ms, total = 61827.25ms, Queueing time: mean = 0.02ms, max = 0.02ms, min = 0.01ms, total = 0.03ms
	PeriodicalRunner.RunFnPeriodically - 1 total (0 active), Execution time: mean = 0.01ms, total = 0.01ms, Queueing time: mean = 0.00ms, max = 0.00ms, min = 0.00ms, total = 0.00ms
	CoreWorker.HandlePushTask - 1 total (0 active), Execution time: mean = 21823.04ms, total = 21823.04ms, Queueing time: mean = 0.01ms, max = 0.01ms, min = 0.01ms, total = 0.01ms

-----------------
Task Event stats:

IO Service Stats:

Global stats: 129 total (1 active)
Queueing time: mean = 0.02ms, max = 0.05ms, min = 0.01ms, total = 2.90ms
Execution time:  mean = 0.04ms, total = 4.61ms
Event stats:
	CoreWorker.deadline_timer.flush_task_events - 120 total (1 active), Execution time: mean = 0.02ms, total = 2.27ms, Queueing time: mean = 0.02ms, max = 0.05ms, min = 0.01ms, total = 2.82ms
	ray::rpc::TaskInfoGcsService.grpc_client.AddTaskEventData - 4 total (0 active), Execution time: mean = 0.54ms, total = 2.16ms, Queueing time: mean = 0.00ms, max = -0.00ms, min = 9223372036854.78ms, total = 0.00ms
	ray::rpc::TaskInfoGcsService.grpc_client.AddTaskEventData.OnReplyReceived - 4 total (0 active), Execution time: mean = 0.04ms, total = 0.14ms, Queueing time: mean = 0.02ms, max = 0.03ms, min = 0.01ms, total = 0.07ms
	PeriodicalRunner.RunFnPeriodically - 1 total (0 active), Execution time: mean = 0.03ms, total = 0.03ms, Queueing time: mean = 0.01ms, max = 0.01ms, min = 0.01ms, total = 0.01ms
Other Stats:
	gcs_grpc_in_progress:0
	event_aggregator_grpc_in_progress:0
	current number of task status events in buffer: 0
	current number of profile events in buffer: 0
	current number of dropped task attempts tracked: 0
	total task events sent: 0.00131989 MiB
	total number of task attempts sent: 6
	total number of task attempts dropped reported: 0
	total number of sent failure: 0
	num status task events dropped: 0
	num profile task events dropped: 0
	num ray task events reported to aggregator: 0
	num ray task events failed to report to aggregator: 0
	num of task attempts dropped reported to aggregator: 0
	num of failed requests to aggregator: 0

[2026-09-03 22:02:14,265 I 962 962] actor_task_submitter.cc:75: Set actor max pending calls to -1 actor_id=25c7066656ef37f101908f5d01000000
[2026-09-03 22:02:14,270 I 962 962] actor_task_submitter.cc:75: Set actor max pending calls to -1 actor_id=ed804803bd01dc0de9765f8001000000
[2026-09-03 22:02:33,414 I 962 1074] core_worker.cc:498: Event stats:


Global stats: 2445 total (10 active)
Queueing time: mean = 0.02ms, max = 0.45ms, min = 0.00ms, total = 49.42ms
Execution time:  mean = 34.22ms, total = 83665.60ms
Event stats:
	CoreWorker.RecoverObjects - 1800 total (1 active), Execution time: mean = 0.00ms, total = 4.02ms, Queueing time: mean = 0.02ms, max = 0.28ms, min = 0.00ms, total = 34.92ms
	CoreWorker.ExitIfParentRayletDies - 180 total (1 active), Execution time: mean = 0.01ms, total = 0.94ms, Queueing time: mean = 0.02ms, max = 0.45ms, min = 0.00ms, total = 3.77ms
	CoreWorker.ReportWorkerBacklog - 180 total (1 active), Execution time: mean = 0.00ms, total = 0.48ms, Queueing time: mean = 0.02ms, max = 0.45ms, min = 0.00ms, total = 4.14ms
	CoreWorker.InternalHeartbeat - 180 total (1 active), Execution time: mean = 0.00ms, total = 0.41ms, Queueing time: mean = 0.02ms, max = 0.45ms, min = 0.00ms, total = 4.20ms
	CoreWorker.RecordMetrics - 36 total (1 active), Execution time: mean = 0.05ms, total = 1.82ms, Queueing time: mean = 0.01ms, max = 0.05ms, min = 0.00ms, total = 0.53ms
	CoreWorker.TryDelPendingObjectRefStreams - 18 total (1 active), Execution time: mean = 0.00ms, total = 0.04ms, Queueing time: mean = 0.05ms, max = 0.32ms, min = 0.01ms, total = 0.81ms
	CoreWorkerService.grpc_server.GetCoreWorkerStats.HandleRequestImpl - 12 total (0 active), Execution time: mean = 0.06ms, total = 0.75ms, Queueing time: mean = 0.03ms, max = 0.06ms, min = 0.01ms, total = 0.41ms
	CoreWorkerService.grpc_server.GetCoreWorkerStats - 12 total (0 active), Execution time: mean = 0.36ms, total = 4.33ms, Queueing time: mean = 0.00ms, max = -0.00ms, min = 9223372036854.78ms, total = 0.00ms
	PeriodicalRunner.RunFnPeriodically - 8 total (0 active), Execution time: mean = 0.01ms, total = 0.10ms, Queueing time: mean = 0.05ms, max = 0.09ms, min = 0.00ms, total = 0.42ms
	CoreWorkerService.grpc_server.PushTask - 4 total (1 active), Execution time: mean = 20912.82ms, total = 83651.26ms, Queueing time: mean = 0.00ms, max = -0.00ms, min = 9223372036854.78ms, total = 0.00ms
	CoreWorkerService.grpc_server.PushTask.HandleRequestImpl - 4 total (0 active), Execution time: mean = 0.09ms, total = 0.35ms, Queueing time: mean = 0.03ms, max = 0.04ms, min = 0.01ms, total = 0.11ms
	CoreWorker.PrintEventStats - 3 total (1 active, 1 running), Execution time: mean = 0.20ms, total = 0.61ms, Queueing time: mean = 0.02ms, max = 0.04ms, min = 0.01ms, total = 0.05ms
	CoreWorkerService.grpc_server.PubsubCommandBatch - 1 total (0 active), Execution time: mean = 0.12ms, total = 0.12ms, Queueing time: mean = 0.00ms, max = -0.00ms, min = 9223372036854.78ms, total = 0.00ms
	CoreWorkerService.grpc_server.PubsubLongPolling - 1 total (1 active), Execution time: mean = 0.00ms, total = 0.00ms, Queueing time: mean = 0.00ms, max = -0.00ms, min = 9223372036854.78ms, total = 0.00ms
	CoreWorkerService.grpc_server.PubsubCommandBatch.HandleRequestImpl - 1 total (0 active), Execution time: mean = 0.04ms, total = 0.04ms, Queueing time: mean = 0.01ms, max = 0.01ms, min = 0.01ms, total = 0.01ms
	Publisher.PublishFailure.WORKER_OBJECT_LOCATIONS_CHANNEL - 1 total (0 active), Execution time: mean = 0.01ms, total = 0.01ms, Queueing time: mean = 0.00ms, max = 0.00ms, min = 0.00ms, total = 0.00ms
	ray::rpc::WorkerInfoGcsService.grpc_client.AddWorkerInfo.OnReplyReceived - 1 total (0 active), Execution time: mean = 0.03ms, total = 0.03ms, Queueing time: mean = 0.01ms, max = 0.01ms, min = 0.01ms, total = 0.01ms
	Publisher.CheckDeadSubscribers - 1 total (1 active), Execution time: mean = 0.00ms, total = 0.00ms, Queueing time: mean = 0.00ms, max = -0.00ms, min = 9223372036854.78ms, total = 0.00ms
	ray::rpc::WorkerInfoGcsService.grpc_client.AddWorkerInfo - 1 total (0 active), Execution time: mean = 0.30ms, total = 0.30ms, Queueing time: mean = 0.00ms, max = -0.00ms, min = 9223372036854.78ms, total = 0.00ms
	CoreWorkerService.grpc_server.PubsubLongPolling.HandleRequestImpl - 1 total (0 active), Execution time: mean = 0.01ms, total = 0.01ms, Queueing time: mean = 0.04ms, max = 0.04ms, min = 0.04ms, total = 0.04ms

-----------------
Task execution event stats:

Global stats: 7706 total (2 active)
Queueing time: mean = 10.88ms, max = 61667.63ms, min = -0.00ms, total = 83827.69ms
Execution time:  mean = 10.86ms, total = 83673.74ms
Event stats:
	CoreWorker.CheckSignal - 7701 total (1 active), Execution time: mean = 0.00ms, total = 23.43ms, Queueing time: mean = 10.89ms, max = 61667.63ms, min = -0.00ms, total = 83827.65ms
	CoreWorker.HandlePushTaskActor - 3 total (1 active, 1 running), Execution time: mean = 20609.08ms, total = 61827.25ms, Queueing time: mean = 0.01ms, max = 0.02ms, min = 0.01ms, total = 0.03ms
	PeriodicalRunner.RunFnPeriodically - 1 total (0 active), Execution time: mean = 0.01ms, total = 0.01ms, Queueing time: mean = 0.00ms, max = 0.00ms, min = 0.00ms, total = 0.00ms
	CoreWorker.HandlePushTask - 1 total (0 active), Execution time: mean = 21823.04ms, total = 21823.04ms, Queueing time: mean = 0.01ms, max = 0.01ms, min = 0.01ms, total = 0.01ms

-----------------
Task Event stats:

IO Service Stats:

Global stats: 191 total (1 active)
Queueing time: mean = 0.03ms, max = 0.19ms, min = 0.01ms, total = 4.86ms
Execution time:  mean = 0.03ms, total = 6.11ms
Event stats:
	CoreWorker.deadline_timer.flush_task_events - 180 total (1 active), Execution time: mean = 0.02ms, total = 3.11ms, Queueing time: mean = 0.03ms, max = 0.19ms, min = 0.01ms, total = 4.77ms
	ray::rpc::TaskInfoGcsService.grpc_client.AddTaskEventData - 5 total (0 active), Execution time: mean = 0.56ms, total = 2.79ms, Queueing time: mean = 0.00ms, max = -0.00ms, min = 9223372036854.78ms, total = 0.00ms
	ray::rpc::TaskInfoGcsService.grpc_client.AddTaskEventData.OnReplyReceived - 5 total (0 active), Execution time: mean = 0.04ms, total = 0.18ms, Queueing time: mean = 0.02ms, max = 0.03ms, min = 0.01ms, total = 0.09ms
	PeriodicalRunner.RunFnPeriodically - 1 total (0 active), Execution time: mean = 0.03ms, total = 0.03ms, Queueing time: mean = 0.01ms, max = 0.01ms, min = 0.01ms, total = 0.01ms
Other Stats:
	gcs_grpc_in_progress:0
	event_aggregator_grpc_in_progress:0
	current number of task status events in buffer: 0
	current number of profile events in buffer: 0
	current number of dropped task attempts tracked: 0
	total task events sent: 0.00148773 MiB
	total number of task attempts sent: 7
	total number of task attempts dropped reported: 0
	total number of sent failure: 0
	num status task events dropped: 0
	num profile task events dropped: 0
	num ray task events reported to aggregator: 0
	num ray task events failed to report to aggregator: 0
	num of task attempts dropped reported to aggregator: 0
	num of failed requests to aggregator: 0

[2026-09-03 22:03:33,415 I 962 1074] core_worker.cc:498: Event stats:


Global stats: 3258 total (10 active)
Queueing time: mean = 0.02ms, max = 0.45ms, min = -0.01ms, total = 69.58ms
Execution time:  mean = 32.60ms, total = 106194.80ms
Event stats:
	CoreWorker.RecoverObjects - 2400 total (1 active), Execution time: mean = 0.00ms, total = 5.24ms, Queueing time: mean = 0.02ms, max = 0.28ms, min = 0.00ms, total = 49.62ms
	CoreWorker.ExitIfParentRayletDies - 240 total (1 active), Execution time: mean = 0.01ms, total = 1.26ms, Queueing time: mean = 0.02ms, max = 0.45ms, min = -0.01ms, total = 5.27ms
	CoreWorker.ReportWorkerBacklog - 240 total (1 active), Execution time: mean = 0.00ms, total = 0.64ms, Queueing time: mean = 0.02ms, max = 0.45ms, min = 0.00ms, total = 5.79ms
	CoreWorker.InternalHeartbeat - 240 total (1 active), Execution time: mean = 0.00ms, total = 0.55ms, Queueing time: mean = 0.02ms, max = 0.45ms, min = 0.00ms, total = 5.87ms
	CoreWorker.RecordMetrics - 48 total (1 active), Execution time: mean = 0.05ms, total = 2.28ms, Queueing time: mean = 0.01ms, max = 0.05ms, min = 0.00ms, total = 0.71ms
	CoreWorker.TryDelPendingObjectRefStreams - 24 total (1 active), Execution time: mean = 0.00ms, total = 0.06ms, Queueing time: mean = 0.04ms, max = 0.32ms, min = 0.01ms, total = 1.08ms
	CoreWorkerService.grpc_server.GetCoreWorkerStats.HandleRequestImpl - 16 total (0 active), Execution time: mean = 0.06ms, total = 0.96ms, Queueing time: mean = 0.03ms, max = 0.06ms, min = 0.01ms, total = 0.53ms
	CoreWorkerService.grpc_server.GetCoreWorkerStats - 16 total (0 active), Execution time: mean = 0.36ms, total = 5.78ms, Queueing time: mean = 0.00ms, max = -0.00ms, min = 9223372036854.78ms, total = 0.00ms
	PeriodicalRunner.RunFnPeriodically - 8 total (0 active), Execution time: mean = 0.01ms, total = 0.10ms, Queueing time: mean = 0.05ms, max = 0.09ms, min = 0.00ms, total = 0.42ms
	CoreWorker.PrintEventStats - 4 total (1 active, 1 running), Execution time: mean = 0.23ms, total = 0.93ms, Queueing time: mean = 0.02ms, max = 0.04ms, min = 0.01ms, total = 0.07ms
	CoreWorkerService.grpc_server.PushTask.HandleRequestImpl - 4 total (0 active), Execution time: mean = 0.09ms, total = 0.35ms, Queueing time: mean = 0.03ms, max = 0.04ms, min = 0.01ms, total = 0.11ms
	CoreWorkerService.grpc_server.PushTask - 4 total (0 active), Execution time: mean = 26543.97ms, total = 106175.87ms, Queueing time: mean = 0.00ms, max = -0.00ms, min = 9223372036854.78ms, total = 0.00ms
	CoreWorkerService.grpc_server.PubsubCommandBatch - 3 total (0 active), Execution time: mean = 0.12ms, total = 0.36ms, Queueing time: mean = 0.00ms, max = -0.00ms, min = 9223372036854.78ms, total = 0.00ms
	CoreWorkerService.grpc_server.PubsubCommandBatch.HandleRequestImpl - 3 total (0 active), Execution time: mean = 0.03ms, total = 0.08ms, Queueing time: mean = 0.01ms, max = 0.01ms, min = 0.01ms, total = 0.03ms
	CoreWorkerService.grpc_server.PubsubLongPolling - 2 total (2 active), Execution time: mean = 0.00ms, total = 0.00ms, Queueing time: mean = 0.00ms, max = -0.00ms, min = 9223372036854.78ms, total = 0.00ms
	CoreWorkerService.grpc_server.PubsubLongPolling.HandleRequestImpl - 2 total (0 active), Execution time: mean = 0.01ms, total = 0.01ms, Queueing time: mean = 0.04ms, max = 0.04ms, min = 0.03ms, total = 0.08ms
	Publisher.PublishFailure.WORKER_OBJECT_LOCATIONS_CHANNEL - 1 total (0 active), Execution time: mean = 0.01ms, total = 0.01ms, Queueing time: mean = 0.00ms, max = 0.00ms, min = 0.00ms, total = 0.00ms
	ray::rpc::WorkerInfoGcsService.grpc_client.AddWorkerInfo - 1 total (0 active), Execution time: mean = 0.30ms, total = 0.30ms, Queueing time: mean = 0.00ms, max = -0.00ms, min = 9223372036854.78ms, total = 0.00ms
	ray::rpc::WorkerInfoGcsService.grpc_client.AddWorkerInfo.OnReplyReceived - 1 total (0 active), Execution time: mean = 0.03ms, total = 0.03ms, Queueing time: mean = 0.01ms, max = 0.01ms, min = 0.01ms, total = 0.01ms
	Publisher.CheckDeadSubscribers - 1 total (1 active), Execution time: mean = 0.00ms, total = 0.00ms, Queueing time: mean = 0.00ms, max = -0.00ms, min = 9223372036854.78ms, total = 0.00ms

-----------------
Task execution event stats:

Global stats: 13354 total (1 active)
Queueing time: mean = 7.97ms, max = 61667.63ms, min = -0.00ms, total = 106486.11ms
Execution time:  mean = 7.95ms, total = 106214.47ms
Event stats:
	CoreWorker.CheckSignal - 13349 total (1 active), Execution time: mean = 0.00ms, total = 39.87ms, Queueing time: mean = 7.98ms, max = 61667.63ms, min = -0.00ms, total = 106486.03ms
	CoreWorker.HandlePushTaskActor - 3 total (0 active), Execution time: mean = 28117.18ms, total = 84351.55ms, Queueing time: mean = 0.02ms, max = 0.04ms, min = 0.01ms, total = 0.07ms
	PeriodicalRunner.RunFnPeriodically - 1 total (0 active), Execution time: mean = 0.01ms, total = 0.01ms, Queueing time: mean = 0.00ms, max = 0.00ms, min = 0.00ms, total = 0.00ms
	CoreWorker.HandlePushTask - 1 total (0 active), Execution time: mean = 21823.04ms, total = 21823.04ms, Queueing time: mean = 0.01ms, max = 0.01ms, min = 0.01ms, total = 0.01ms

-----------------
Task Event stats:

IO Service Stats:

Global stats: 253 total (1 active)
Queueing time: mean = 0.03ms, max = 0.19ms, min = 0.01ms, total = 6.74ms
Execution time:  mean = 0.03ms, total = 7.87ms
Event stats:
	CoreWorker.deadline_timer.flush_task_events - 240 total (1 active), Execution time: mean = 0.02ms, total = 4.03ms, Queueing time: mean = 0.03ms, max = 0.19ms, min = 0.01ms, total = 6.63ms
	ray::rpc::TaskInfoGcsService.grpc_client.AddTaskEventData - 6 total (0 active), Execution time: mean = 0.60ms, total = 3.60ms, Queueing time: mean = 0.00ms, max = -0.00ms, min = 9223372036854.78ms, total = 0.00ms
	ray::rpc::TaskInfoGcsService.grpc_client.AddTaskEventData.OnReplyReceived - 6 total (0 active), Execution time: mean = 0.04ms, total = 0.21ms, Queueing time: mean = 0.02ms, max = 0.03ms, min = 0.01ms, total = 0.11ms
	PeriodicalRunner.RunFnPeriodically - 1 total (0 active), Execution time: mean = 0.03ms, total = 0.03ms, Queueing time: mean = 0.01ms, max = 0.01ms, min = 0.01ms, total = 0.01ms
Other Stats:
	gcs_grpc_in_progress:0
	event_aggregator_grpc_in_progress:0
	current number of task status events in buffer: 0
	current number of profile events in buffer: 0
	current number of dropped task attempts tracked: 0
	total task events sent: 0.00180626 MiB
	total number of task attempts sent: 8
	total number of task attempts dropped reported: 0
	total number of sent failure: 0
	num status task events dropped: 0
	num profile task events dropped: 0
	num ray task events reported to aggregator: 0
	num ray task events failed to report to aggregator: 0
	num of task attempts dropped reported to aggregator: 0
	num of failed requests to aggregator: 0

[2026-09-03 22:04:33,415 I 962 1074] core_worker.cc:498: Event stats:


Global stats: 4066 total (10 active)
Queueing time: mean = 0.02ms, max = 0.45ms, min = -0.01ms, total = 87.35ms
Execution time:  mean = 26.12ms, total = 106198.75ms
Event stats:
	CoreWorker.RecoverObjects - 3000 total (1 active), Execution time: mean = 0.00ms, total = 6.38ms, Queueing time: mean = 0.02ms, max = 0.28ms, min = 0.00ms, total = 62.17ms
	CoreWorker.ExitIfParentRayletDies - 300 total (1 active), Execution time: mean = 0.01ms, total = 1.57ms, Queueing time: mean = 0.02ms, max = 0.45ms, min = -0.01ms, total = 6.70ms
	CoreWorker.ReportWorkerBacklog - 300 total (1 active), Execution time: mean = 0.00ms, total = 0.80ms, Queueing time: mean = 0.02ms, max = 0.45ms, min = 0.00ms, total = 7.37ms
	CoreWorker.InternalHeartbeat - 300 total (1 active), Execution time: mean = 0.00ms, total = 0.67ms, Queueing time: mean = 0.02ms, max = 0.45ms, min = 0.00ms, total = 7.48ms
	CoreWorker.RecordMetrics - 60 total (1 active), Execution time: mean = 0.04ms, total = 2.63ms, Queueing time: mean = 0.01ms, max = 0.05ms, min = 0.00ms, total = 0.86ms
	CoreWorker.TryDelPendingObjectRefStreams - 30 total (1 active), Execution time: mean = 0.00ms, total = 0.07ms, Queueing time: mean = 0.04ms, max = 0.32ms, min = 0.01ms, total = 1.33ms
	CoreWorkerService.grpc_server.GetCoreWorkerStats.HandleRequestImpl - 20 total (0 active), Execution time: mean = 0.06ms, total = 1.19ms, Queueing time: mean = 0.03ms, max = 0.06ms, min = 0.01ms, total = 0.69ms
	CoreWorkerService.grpc_server.GetCoreWorkerStats - 20 total (0 active), Execution time: mean = 0.36ms, total = 7.12ms, Queueing time: mean = 0.00ms, max = -0.00ms, min = 9223372036854.78ms, total = 0.00ms
	PeriodicalRunner.RunFnPeriodically - 8 total (0 active), Execution time: mean = 0.01ms, total = 0.10ms, Queueing time: mean = 0.05ms, max = 0.09ms, min = 0.00ms, total = 0.42ms
	CoreWorker.PrintEventStats - 5 total (1 active, 1 running), Execution time: mean = 0.24ms, total = 1.21ms, Queueing time: mean = 0.02ms, max = 0.04ms, min = 0.01ms, total = 0.08ms
	CoreWorkerService.grpc_server.PushTask.HandleRequestImpl - 4 total (0 active), Execution time: mean = 0.09ms, total = 0.35ms, Queueing time: mean = 0.03ms, max = 0.04ms, min = 0.01ms, total = 0.11ms
	CoreWorkerService.grpc_server.PushTask - 4 total (0 active), Execution time: mean = 26543.97ms, total = 106175.87ms, Queueing time: mean = 0.00ms, max = -0.00ms, min = 9223372036854.78ms, total = 0.00ms
	CoreWorkerService.grpc_server.PubsubCommandBatch - 3 total (0 active), Execution time: mean = 0.12ms, total = 0.36ms, Queueing time: mean = 0.00ms, max = -0.00ms, min = 9223372036854.78ms, total = 0.00ms
	CoreWorkerService.grpc_server.PubsubCommandBatch.HandleRequestImpl - 3 total (0 active), Execution time: mean = 0.03ms, total = 0.08ms, Queueing time: mean = 0.01ms, max = 0.01ms, min = 0.01ms, total = 0.03ms
	CoreWorkerService.grpc_server.PubsubLongPolling - 2 total (2 active), Execution time: mean = 0.00ms, total = 0.00ms, Queueing time: mean = 0.00ms, max = -0.00ms, min = 9223372036854.78ms, total = 0.00ms
	CoreWorkerService.grpc_server.PubsubLongPolling.HandleRequestImpl - 2 total (0 active), Execution time: mean = 0.01ms, total = 0.01ms, Queueing time: mean = 0.04ms, max = 0.04ms, min = 0.03ms, total = 0.08ms
	Publisher.CheckDeadSubscribers - 2 total (1 active), Execution time: mean = 0.00ms, total = 0.00ms, Queueing time: mean = 0.01ms, max = 0.02ms, min = 0.02ms, total = 0.02ms
	Publisher.PublishFailure.WORKER_OBJECT_LOCATIONS_CHANNEL - 1 total (0 active), Execution time: mean = 0.01ms, total = 0.01ms, Queueing time: mean = 0.00ms, max = 0.00ms, min = 0.00ms, total = 0.00ms
	ray::rpc::WorkerInfoGcsService.grpc_client.AddWorkerInfo - 1 total (0 active), Execution time: mean = 0.30ms, total = 0.30ms, Queueing time: mean = 0.00ms, max = -0.00ms, min = 9223372036854.78ms, total = 0.00ms
	ray::rpc::WorkerInfoGcsService.grpc_client.AddWorkerInfo.OnReplyReceived - 1 total (0 active), Execution time: mean = 0.03ms, total = 0.03ms, Queueing time: mean = 0.01ms, max = 0.01ms, min = 0.01ms, total = 0.01ms

-----------------
Task execution event stats:

Global stats: 19339 total (1 active)
Queueing time: mean = 5.51ms, max = 61667.63ms, min = -0.00ms, total = 106629.13ms
Execution time:  mean = 5.49ms, total = 106231.15ms
Event stats:
	CoreWorker.CheckSignal - 19334 total (1 active), Execution time: mean = 0.00ms, total = 56.55ms, Queueing time: mean = 5.52ms, max = 61667.63ms, min = -0.00ms, total = 106629.05ms
	CoreWorker.HandlePushTaskActor - 3 total (0 active), Execution time: mean = 28117.18ms, total = 84351.55ms, Queueing time: mean = 0.02ms, max = 0.04ms, min = 0.01ms, total = 0.07ms
	PeriodicalRunner.RunFnPeriodically - 1 total (0 active), Execution time: mean = 0.01ms, total = 0.01ms, Queueing time: mean = 0.00ms, max = 0.00ms, min = 0.00ms, total = 0.00ms
	CoreWorker.HandlePushTask - 1 total (0 active), Execution time: mean = 21823.04ms, total = 21823.04ms, Queueing time: mean = 0.01ms, max = 0.01ms, min = 0.01ms, total = 0.01ms

-----------------
Task Event stats:

IO Service Stats:

Global stats: 313 total (1 active)
Queueing time: mean = 0.03ms, max = 0.22ms, min = -0.02ms, total = 8.88ms
Execution time:  mean = 0.03ms, total = 8.60ms
Event stats:
	CoreWorker.deadline_timer.flush_task_events - 300 total (1 active), Execution time: mean = 0.02ms, total = 4.76ms, Queueing time: mean = 0.03ms, max = 0.22ms, min = -0.02ms, total = 8.77ms
	ray::rpc::TaskInfoGcsService.grpc_client.AddTaskEventData - 6 total (0 active), Execution time: mean = 0.60ms, total = 3.60ms, Queueing time: mean = 0.00ms, max = -0.00ms, min = 9223372036854.78ms, total = 0.00ms
	ray::rpc::TaskInfoGcsService.grpc_client.AddTaskEventData.OnReplyReceived - 6 total (0 active), Execution time: mean = 0.04ms, total = 0.21ms, Queueing time: mean = 0.02ms, max = 0.03ms, min = 0.01ms, total = 0.11ms
	PeriodicalRunner.RunFnPeriodically - 1 total (0 active), Execution time: mean = 0.03ms, total = 0.03ms, Queueing time: mean = 0.01ms, max = 0.01ms, min = 0.01ms, total = 0.01ms
Other Stats:
	gcs_grpc_in_progress:0
	event_aggregator_grpc_in_progress:0
	current number of task status events in buffer: 0
	current number of profile events in buffer: 0
	current number of dropped task attempts tracked: 0
	total task events sent: 0.00180626 MiB
	total number of task attempts sent: 8
	total number of task attempts dropped reported: 0
	total number of sent failure: 0
	num status task events dropped: 0
	num profile task events dropped: 0
	num ray task events reported to aggregator: 0
	num ray task events failed to report to aggregator: 0
	num of task attempts dropped reported to aggregator: 0
	num of failed requests to aggregator: 0

[2026-09-03 22:05:33,415 I 962 1074] core_worker.cc:498: Event stats:


Global stats: 4875 total (11 active)
Queueing time: mean = 0.02ms, max = 0.45ms, min = -0.01ms, total = 104.50ms
Execution time:  mean = 21.79ms, total = 106203.10ms
Event stats:
	CoreWorker.RecoverObjects - 3600 total (1 active), Execution time: mean = 0.00ms, total = 7.51ms, Queueing time: mean = 0.02ms, max = 0.28ms, min = 0.00ms, total = 74.88ms
	CoreWorker.ExitIfParentRayletDies - 360 total (1 active), Execution time: mean = 0.01ms, total = 1.97ms, Queueing time: mean = 0.02ms, max = 0.45ms, min = -0.01ms, total = 7.81ms
	CoreWorker.ReportWorkerBacklog - 360 total (1 active), Execution time: mean = 0.00ms, total = 0.99ms, Queueing time: mean = 0.02ms, max = 0.45ms, min = 0.00ms, total = 8.68ms
	CoreWorker.InternalHeartbeat - 360 total (1 active), Execution time: mean = 0.00ms, total = 0.86ms, Queueing time: mean = 0.02ms, max = 0.45ms, min = 0.00ms, total = 8.80ms
	CoreWorker.RecordMetrics - 72 total (1 active), Execution time: mean = 0.04ms, total = 3.04ms, Queueing time: mean = 0.01ms, max = 0.05ms, min = 0.00ms, total = 1.02ms
	CoreWorker.TryDelPendingObjectRefStreams - 36 total (1 active), Execution time: mean = 0.00ms, total = 0.08ms, Queueing time: mean = 0.05ms, max = 0.32ms, min = 0.01ms, total = 1.69ms
	CoreWorkerService.grpc_server.GetCoreWorkerStats.HandleRequestImpl - 24 total (0 active), Execution time: mean = 0.06ms, total = 1.45ms, Queueing time: mean = 0.03ms, max = 0.06ms, min = 0.01ms, total = 0.82ms
	CoreWorkerService.grpc_server.GetCoreWorkerStats - 24 total (0 active), Execution time: mean = 0.35ms, total = 8.39ms, Queueing time: mean = 0.00ms, max = -0.00ms, min = 9223372036854.78ms, total = 0.00ms
	PeriodicalRunner.RunFnPeriodically - 8 total (0 active), Execution time: mean = 0.01ms, total = 0.10ms, Queueing time: mean = 0.05ms, max = 0.09ms, min = 0.00ms, total = 0.42ms
	CoreWorker.PrintEventStats - 6 total (1 active, 1 running), Execution time: mean = 0.27ms, total = 1.60ms, Queueing time: mean = 0.02ms, max = 0.04ms, min = 0.01ms, total = 0.10ms
	CoreWorkerService.grpc_server.PushTask.HandleRequestImpl - 5 total (0 active), Execution time: mean = 0.09ms, total = 0.45ms, Queueing time: mean = 0.03ms, max = 0.04ms, min = 0.01ms, total = 0.15ms
	CoreWorkerService.grpc_server.PushTask - 5 total (1 active), Execution time: mean = 21235.17ms, total = 106175.87ms, Queueing time: mean = 0.00ms, max = -0.00ms, min = 9223372036854.78ms, total = 0.00ms
	CoreWorkerService.grpc_server.PubsubCommandBatch - 3 total (0 active), Execution time: mean = 0.12ms, total = 0.36ms, Queueing time: mean = 0.00ms, max = -0.00ms, min = 9223372036854.78ms, total = 0.00ms
	CoreWorkerService.grpc_server.PubsubCommandBatch.HandleRequestImpl - 3 total (0 active), Execution time: mean = 0.03ms, total = 0.08ms, Queueing time: mean = 0.01ms, max = 0.01ms, min = 0.01ms, total = 0.03ms
	CoreWorkerService.grpc_server.PubsubLongPolling - 2 total (2 active), Execution time: mean = 0.00ms, total = 0.00ms, Queueing time: mean = 0.00ms, max = -0.00ms, min = 9223372036854.78ms, total = 0.00ms
	CoreWorkerService.grpc_server.PubsubLongPolling.HandleRequestImpl - 2 total (0 active), Execution time: mean = 0.01ms, total = 0.01ms, Queueing time: mean = 0.04ms, max = 0.04ms, min = 0.03ms, total = 0.08ms
	Publisher.CheckDeadSubscribers - 2 total (1 active), Execution time: mean = 0.00ms, total = 0.00ms, Queueing time: mean = 0.01ms, max = 0.02ms, min = 0.02ms, total = 0.02ms
	Publisher.PublishFailure.WORKER_OBJECT_LOCATIONS_CHANNEL - 1 total (0 active), Execution time: mean = 0.01ms, total = 0.01ms, Queueing time: mean = 0.00ms, max = 0.00ms, min = 0.00ms, total = 0.00ms
	ray::rpc::WorkerInfoGcsService.grpc_client.AddWorkerInfo - 1 total (0 active), Execution time: mean = 0.30ms, total = 0.30ms, Queueing time: mean = 0.00ms, max = -0.00ms, min = 9223372036854.78ms, total = 0.00ms
	ray::rpc::WorkerInfoGcsService.grpc_client.AddWorkerInfo.OnReplyReceived - 1 total (0 active), Execution time: mean = 0.03ms, total = 0.03ms, Queueing time: mean = 0.01ms, max = 0.01ms, min = 0.01ms, total = 0.01ms

-----------------
Task execution event stats:

Global stats: 22015 total (2 active)
Queueing time: mean = 4.85ms, max = 61667.63ms, min = -0.00ms, total = 106698.08ms
Execution time:  mean = 4.83ms, total = 106239.30ms
Event stats:
	CoreWorker.CheckSignal - 22009 total (1 active), Execution time: mean = 0.00ms, total = 64.70ms, Queueing time: mean = 4.85ms, max = 61667.63ms, min = -0.00ms, total = 106698.00ms
	CoreWorker.HandlePushTaskActor - 4 total (1 active, 1 running), Execution time: mean = 21087.89ms, total = 84351.55ms, Queueing time: mean = 0.02ms, max = 0.04ms, min = 0.01ms, total = 0.07ms
	PeriodicalRunner.RunFnPeriodically - 1 total (0 active), Execution time: mean = 0.01ms, total = 0.01ms, Queueing time: mean = 0.00ms, max = 0.00ms, min = 0.00ms, total = 0.00ms
	CoreWorker.HandlePushTask - 1 total (0 active), Execution time: mean = 21823.04ms, total = 21823.04ms, Queueing time: mean = 0.01ms, max = 0.01ms, min = 0.01ms, total = 0.01ms

-----------------
Task Event stats:

IO Service Stats:

Global stats: 375 total (1 active)
Queueing time: mean = 0.03ms, max = 0.22ms, min = -0.02ms, total = 10.59ms
Execution time:  mean = 0.03ms, total = 9.91ms
Event stats:
	CoreWorker.deadline_timer.flush_task_events - 360 total (1 active), Execution time: mean = 0.02ms, total = 5.60ms, Queueing time: mean = 0.03ms, max = 0.22ms, min = -0.02ms, total = 10.46ms
	ray::rpc::TaskInfoGcsService.grpc_client.AddTaskEventData - 7 total (0 active), Execution time: mean = 0.58ms, total = 4.05ms, Queueing time: mean = 0.00ms, max = -0.00ms, min = 9223372036854.78ms, total = 0.00ms
	ray::rpc::TaskInfoGcsService.grpc_client.AddTaskEventData.OnReplyReceived - 7 total (0 active), Execution time: mean = 0.03ms, total = 0.24ms, Queueing time: mean = 0.02ms, max = 0.03ms, min = 0.01ms, total = 0.12ms
	PeriodicalRunner.RunFnPeriodically - 1 total (0 active), Execution time: mean = 0.03ms, total = 0.03ms, Queueing time: mean = 0.01ms, max = 0.01ms, min = 0.01ms, total = 0.01ms
Other Stats:
	gcs_grpc_in_progress:0
	event_aggregator_grpc_in_progress:0
	current number of task status events in buffer: 0
	current number of profile events in buffer: 0
	current number of dropped task attempts tracked: 0
	total task events sent: 0.00197411 MiB
	total number of task attempts sent: 9
	total number of task attempts dropped reported: 0
	total number of sent failure: 0
	num status task events dropped: 0
	num profile task events dropped: 0
	num ray task events reported to aggregator: 0
	num ray task events failed to report to aggregator: 0
	num of task attempts dropped reported to aggregator: 0
	num of failed requests to aggregator: 0

[2026-09-03 22:06:33,416 I 962 1074] core_worker.cc:498: Event stats:


Global stats: 5682 total (11 active)
Queueing time: mean = 0.02ms, max = 0.45ms, min = -0.01ms, total = 116.60ms
Execution time:  mean = 18.69ms, total = 106207.32ms
Event stats:
	CoreWorker.RecoverObjects - 4200 total (1 active), Execution time: mean = 0.00ms, total = 8.55ms, Queueing time: mean = 0.02ms, max = 0.28ms, min = 0.00ms, total = 83.57ms
	CoreWorker.ExitIfParentRayletDies - 420 total (1 active), Execution time: mean = 0.01ms, total = 2.39ms, Queueing time: mean = 0.02ms, max = 0.45ms, min = -0.01ms, total = 8.64ms
	CoreWorker.ReportWorkerBacklog - 420 total (1 active), Execution time: mean = 0.00ms, total = 1.21ms, Queueing time: mean = 0.02ms, max = 0.45ms, min = 0.00ms, total = 9.70ms
	CoreWorker.InternalHeartbeat - 420 total (1 active), Execution time: mean = 0.00ms, total = 1.07ms, Queueing time: mean = 0.02ms, max = 0.45ms, min = 0.00ms, total = 9.83ms
	CoreWorker.RecordMetrics - 84 total (1 active), Execution time: mean = 0.04ms, total = 3.59ms, Queueing time: mean = 0.01ms, max = 0.05ms, min = 0.00ms, total = 1.21ms
	CoreWorker.TryDelPendingObjectRefStreams - 42 total (1 active), Execution time: mean = 0.00ms, total = 0.10ms, Queueing time: mean = 0.05ms, max = 0.32ms, min = 0.01ms, total = 1.94ms
	CoreWorkerService.grpc_server.GetCoreWorkerStats.HandleRequestImpl - 28 total (0 active), Execution time: mean = 0.06ms, total = 1.66ms, Queueing time: mean = 0.03ms, max = 0.06ms, min = 0.01ms, total = 0.89ms
	CoreWorkerService.grpc_server.GetCoreWorkerStats - 28 total (0 active), Execution time: mean = 0.35ms, total = 9.70ms, Queueing time: mean = 0.00ms, max = -0.00ms, min = 9223372036854.78ms, total = 0.00ms
	PeriodicalRunner.RunFnPeriodically - 8 total (0 active), Execution time: mean = 0.01ms, total = 0.10ms, Queueing time: mean = 0.05ms, max = 0.09ms, min = 0.00ms, total = 0.42ms
	CoreWorker.PrintEventStats - 7 total (1 active, 1 running), Execution time: mean = 0.26ms, total = 1.84ms, Queueing time: mean = 0.02ms, max = 0.04ms, min = 0.01ms, total = 0.11ms
	CoreWorkerService.grpc_server.PushTask.HandleRequestImpl - 5 total (0 active), Execution time: mean = 0.09ms, total = 0.45ms, Queueing time: mean = 0.03ms, max = 0.04ms, min = 0.01ms, total = 0.15ms
	CoreWorkerService.grpc_server.PushTask - 5 total (1 active), Execution time: mean = 21235.17ms, total = 106175.87ms, Queueing time: mean = 0.00ms, max = -0.00ms, min = 9223372036854.78ms, total = 0.00ms
	CoreWorkerService.grpc_server.PubsubCommandBatch - 3 total (0 active), Execution time: mean = 0.12ms, total = 0.36ms, Queueing time: mean = 0.00ms, max = -0.00ms, min = 9223372036854.78ms, total = 0.00ms
	CoreWorkerService.grpc_server.PubsubCommandBatch.HandleRequestImpl - 3 total (0 active), Execution time: mean = 0.03ms, total = 0.08ms, Queueing time: mean = 0.01ms, max = 0.01ms, min = 0.01ms, total = 0.03ms
	CoreWorkerService.grpc_server.PubsubLongPolling - 2 total (2 active), Execution time: mean = 0.00ms, total = 0.00ms, Queueing time: mean = 0.00ms, max = -0.00ms, min = 9223372036854.78ms, total = 0.00ms
	CoreWorkerService.grpc_server.PubsubLongPolling.HandleRequestImpl - 2 total (0 active), Execution time: mean = 0.01ms, total = 0.01ms, Queueing time: mean = 0.04ms, max = 0.04ms, min = 0.03ms, total = 0.08ms
	Publisher.CheckDeadSubscribers - 2 total (1 active), Execution time: mean = 0.00ms, total = 0.00ms, Queueing time: mean = 0.01ms, max = 0.02ms, min = 0.02ms, total = 0.02ms
	Publisher.PublishFailure.WORKER_OBJECT_LOCATIONS_CHANNEL - 1 total (0 active), Execution time: mean = 0.01ms, total = 0.01ms, Queueing time: mean = 0.00ms, max = 0.00ms, min = 0.00ms, total = 0.00ms
	ray::rpc::WorkerInfoGcsService.grpc_client.AddWorkerInfo - 1 total (0 active), Execution time: mean = 0.30ms, total = 0.30ms, Queueing time: mean = 0.00ms, max = -0.00ms, min = 9223372036854.78ms, total = 0.00ms
	ray::rpc::WorkerInfoGcsService.grpc_client.AddWorkerInfo.OnReplyReceived - 1 total (0 active), Execution time: mean = 0.03ms, total = 0.03ms, Queueing time: mean = 0.01ms, max = 0.01ms, min = 0.01ms, total = 0.01ms

-----------------
Task execution event stats:

Global stats: 22015 total (2 active)
Queueing time: mean = 4.85ms, max = 61667.63ms, min = -0.00ms, total = 106698.08ms
Execution time:  mean = 4.83ms, total = 106239.30ms
Event stats:
	CoreWorker.CheckSignal - 22009 total (1 active), Execution time: mean = 0.00ms, total = 64.70ms, Queueing time: mean = 4.85ms, max = 61667.63ms, min = -0.00ms, total = 106698.00ms
	CoreWorker.HandlePushTaskActor - 4 total (1 active, 1 running), Execution time: mean = 21087.89ms, total = 84351.55ms, Queueing time: mean = 0.02ms, max = 0.04ms, min = 0.01ms, total = 0.07ms
	PeriodicalRunner.RunFnPeriodically - 1 total (0 active), Execution time: mean = 0.01ms, total = 0.01ms, Queueing time: mean = 0.00ms, max = 0.00ms, min = 0.00ms, total = 0.00ms
	CoreWorker.HandlePushTask - 1 total (0 active), Execution time: mean = 21823.04ms, total = 21823.04ms, Queueing time: mean = 0.01ms, max = 0.01ms, min = 0.01ms, total = 0.01ms

-----------------
Task Event stats:

IO Service Stats:

Global stats: 435 total (1 active)
Queueing time: mean = 0.03ms, max = 0.22ms, min = -0.02ms, total = 11.79ms
Execution time:  mean = 0.02ms, total = 10.60ms
Event stats:
	CoreWorker.deadline_timer.flush_task_events - 420 total (1 active), Execution time: mean = 0.01ms, total = 6.29ms, Queueing time: mean = 0.03ms, max = 0.22ms, min = -0.02ms, total = 11.66ms
	ray::rpc::TaskInfoGcsService.grpc_client.AddTaskEventData - 7 total (0 active), Execution time: mean = 0.58ms, total = 4.05ms, Queueing time: mean = 0.00ms, max = -0.00ms, min = 9223372036854.78ms, total = 0.00ms
	ray::rpc::TaskInfoGcsService.grpc_client.AddTaskEventData.OnReplyReceived - 7 total (0 active), Execution time: mean = 0.03ms, total = 0.24ms, Queueing time: mean = 0.02ms, max = 0.03ms, min = 0.01ms, total = 0.12ms
	PeriodicalRunner.RunFnPeriodically - 1 total (0 active), Execution time: mean = 0.03ms, total = 0.03ms, Queueing time: mean = 0.01ms, max = 0.01ms, min = 0.01ms, total = 0.01ms
Other Stats:
	gcs_grpc_in_progress:0
	event_aggregator_grpc_in_progress:0
	current number of task status events in buffer: 0
	current number of profile events in buffer: 0
	current number of dropped task attempts tracked: 0
	total task events sent: 0.00197411 MiB
	total number of task attempts sent: 9
	total number of task attempts dropped reported: 0
	total number of sent failure: 0
	num status task events dropped: 0
	num profile task events dropped: 0
	num ray task events reported to aggregator: 0
	num ray task events failed to report to aggregator: 0
	num of task attempts dropped reported to aggregator: 0
	num of failed requests to aggregator: 0

[2026-09-03 22:07:10,979 I 962 962] actor_task_submitter.cc:75: Set actor max pending calls to -1 actor_id=25c7066656ef37f101908f5d01000000
[2026-09-03 22:07:10,979 I 962 962] actor_task_submitter.cc:75: Set actor max pending calls to -1 actor_id=ed804803bd01dc0de9765f8001000000
[2026-09-03 22:07:33,416 I 962 1074] core_worker.cc:498: Event stats:


Global stats: 6509 total (10 active)
Queueing time: mean = 0.02ms, max = 0.45ms, min = -0.01ms, total = 131.00ms
Execution time:  mean = 36.79ms, total = 239482.52ms
Event stats:
	CoreWorker.RecoverObjects - 4800 total (1 active), Execution time: mean = 0.00ms, total = 9.60ms, Queueing time: mean = 0.02ms, max = 0.28ms, min = 0.00ms, total = 93.27ms
	CoreWorker.ReportWorkerBacklog - 480 total (1 active), Execution time: mean = 0.00ms, total = 1.38ms, Queueing time: mean = 0.02ms, max = 0.45ms, min = 0.00ms, total = 10.95ms
	CoreWorker.ExitIfParentRayletDies - 480 total (1 active), Execution time: mean = 0.01ms, total = 2.74ms, Queueing time: mean = 0.02ms, max = 0.45ms, min = -0.01ms, total = 9.72ms
	CoreWorker.InternalHeartbeat - 480 total (1 active), Execution time: mean = 0.00ms, total = 1.24ms, Queueing time: mean = 0.02ms, max = 0.45ms, min = 0.00ms, total = 11.08ms
	CoreWorker.RecordMetrics - 96 total (1 active), Execution time: mean = 0.04ms, total = 4.12ms, Queueing time: mean = 0.01ms, max = 0.05ms, min = 0.00ms, total = 1.40ms
	CoreWorker.TryDelPendingObjectRefStreams - 48 total (1 active), Execution time: mean = 0.00ms, total = 0.11ms, Queueing time: mean = 0.05ms, max = 0.32ms, min = 0.01ms, total = 2.24ms
	CoreWorkerService.grpc_server.GetCoreWorkerStats.HandleRequestImpl - 32 total (0 active), Execution time: mean = 0.06ms, total = 1.82ms, Queueing time: mean = 0.03ms, max = 0.06ms, min = 0.01ms, total = 0.95ms
	CoreWorkerService.grpc_server.GetCoreWorkerStats - 32 total (0 active), Execution time: mean = 0.34ms, total = 10.76ms, Queueing time: mean = 0.00ms, max = -0.00ms, min = 9223372036854.78ms, total = 0.00ms
	Publisher.PublishFailure.WORKER_OBJECT_LOCATIONS_CHANNEL - 17 total (0 active), Execution time: mean = 0.00ms, total = 0.04ms, Queueing time: mean = 0.03ms, max = 0.04ms, min = 0.00ms, total = 0.53ms
	PeriodicalRunner.RunFnPeriodically - 8 total (0 active), Execution time: mean = 0.01ms, total = 0.10ms, Queueing time: mean = 0.05ms, max = 0.09ms, min = 0.00ms, total = 0.42ms
	CoreWorker.PrintEventStats - 8 total (1 active, 1 running), Execution time: mean = 0.27ms, total = 2.12ms, Queueing time: mean = 0.02ms, max = 0.04ms, min = 0.01ms, total = 0.13ms
	CoreWorkerService.grpc_server.PushTask - 7 total (0 active), Execution time: mean = 34206.73ms, total = 239447.14ms, Queueing time: mean = 0.00ms, max = -0.00ms, min = 9223372036854.78ms, total = 0.00ms
	CoreWorkerService.grpc_server.PushTask.HandleRequestImpl - 7 total (0 active), Execution time: mean = 0.08ms, total = 0.57ms, Queueing time: mean = 0.03ms, max = 0.04ms, min = 0.01ms, total = 0.18ms
	CoreWorkerService.grpc_server.PubsubCommandBatch - 3 total (0 active), Execution time: mean = 0.12ms, total = 0.36ms, Queueing time: mean = 0.00ms, max = -0.00ms, min = 9223372036854.78ms, total = 0.00ms
	CoreWorkerService.grpc_server.PubsubCommandBatch.HandleRequestImpl - 3 total (0 active), Execution time: mean = 0.03ms, total = 0.08ms, Queueing time: mean = 0.01ms, max = 0.01ms, min = 0.01ms, total = 0.03ms
	CoreWorkerService.grpc_server.PubsubLongPolling.HandleRequestImpl - 2 total (0 active), Execution time: mean = 0.01ms, total = 0.01ms, Queueing time: mean = 0.04ms, max = 0.04ms, min = 0.03ms, total = 0.08ms
	CoreWorkerService.grpc_server.PubsubLongPolling - 2 total (2 active), Execution time: mean = 0.00ms, total = 0.00ms, Queueing time: mean = 0.00ms, max = -0.00ms, min = 9223372036854.78ms, total = 0.00ms
	Publisher.CheckDeadSubscribers - 2 total (1 active), Execution time: mean = 0.00ms, total = 0.00ms, Queueing time: mean = 0.01ms, max = 0.02ms, min = 0.02ms, total = 0.02ms
	ray::rpc::WorkerInfoGcsService.grpc_client.AddWorkerInfo - 1 total (0 active), Execution time: mean = 0.30ms, total = 0.30ms, Queueing time: mean = 0.00ms, max = -0.00ms, min = 9223372036854.78ms, total = 0.00ms
	ray::rpc::WorkerInfoGcsService.grpc_client.AddWorkerInfo.OnReplyReceived - 1 total (0 active), Execution time: mean = 0.03ms, total = 0.03ms, Queueing time: mean = 0.01ms, max = 0.01ms, min = 0.01ms, total = 0.01ms

-----------------
Task execution event stats:

Global stats: 24004 total (1 active)
Queueing time: mean = 10.00ms, max = 129262.48ms, min = -0.01ms, total = 240000.72ms
Execution time:  mean = 9.98ms, total = 239515.48ms
Event stats:
	CoreWorker.CheckSignal - 23996 total (1 active), Execution time: mean = 0.00ms, total = 70.75ms, Queueing time: mean = 10.00ms, max = 129262.48ms, min = -0.01ms, total = 240000.56ms
	CoreWorker.HandlePushTaskActor - 6 total (0 active), Execution time: mean = 36270.28ms, total = 217621.68ms, Queueing time: mean = 0.02ms, max = 0.04ms, min = 0.01ms, total = 0.15ms
	PeriodicalRunner.RunFnPeriodically - 1 total (0 active), Execution time: mean = 0.01ms, total = 0.01ms, Queueing time: mean = 0.00ms, max = 0.00ms, min = 0.00ms, total = 0.00ms
	CoreWorker.HandlePushTask - 1 total (0 active), Execution time: mean = 21823.04ms, total = 21823.04ms, Queueing time: mean = 0.01ms, max = 0.01ms, min = 0.01ms, total = 0.01ms

-----------------
Task Event stats:

IO Service Stats:

Global stats: 501 total (1 active)
Queueing time: mean = 0.03ms, max = 0.22ms, min = -0.02ms, total = 13.24ms
Execution time:  mean = 0.03ms, total = 13.25ms
Event stats:
	CoreWorker.deadline_timer.flush_task_events - 480 total (1 active), Execution time: mean = 0.02ms, total = 7.37ms, Queueing time: mean = 0.03ms, max = 0.22ms, min = -0.02ms, total = 13.08ms
	ray::rpc::TaskInfoGcsService.grpc_client.AddTaskEventData - 10 total (0 active), Execution time: mean = 0.55ms, total = 5.54ms, Queueing time: mean = 0.00ms, max = -0.00ms, min = 9223372036854.78ms, total = 0.00ms
	ray::rpc::TaskInfoGcsService.grpc_client.AddTaskEventData.OnReplyReceived - 10 total (0 active), Execution time: mean = 0.03ms, total = 0.31ms, Queueing time: mean = 0.02ms, max = 0.03ms, min = 0.01ms, total = 0.16ms
	PeriodicalRunner.RunFnPeriodically - 1 total (0 active), Execution time: mean = 0.03ms, total = 0.03ms, Queueing time: mean = 0.01ms, max = 0.01ms, min = 0.01ms, total = 0.01ms
Other Stats:
	gcs_grpc_in_progress:0
	event_aggregator_grpc_in_progress:0
	current number of task status events in buffer: 0
	current number of profile events in buffer: 0
	current number of dropped task attempts tracked: 0
	total task events sent: 0.0032444 MiB
	total number of task attempts sent: 14
	total number of task attempts dropped reported: 0
	total number of sent failure: 0
	num status task events dropped: 0
	num profile task events dropped: 0
	num ray task events reported to aggregator: 0
	num ray task events failed to report to aggregator: 0
	num of task attempts dropped reported to aggregator: 0
	num of failed requests to aggregator: 0

[2026-09-03 22:08:33,416 I 962 1074] core_worker.cc:498: Event stats:


Global stats: 7315 total (10 active)
Queueing time: mean = 0.02ms, max = 0.45ms, min = -0.01ms, total = 147.58ms
Execution time:  mean = 32.74ms, total = 239486.58ms
Event stats:
	CoreWorker.RecoverObjects - 5399 total (1 active), Execution time: mean = 0.00ms, total = 10.70ms, Queueing time: mean = 0.02ms, max = 0.28ms, min = 0.00ms, total = 104.68ms
	CoreWorker.ReportWorkerBacklog - 540 total (1 active), Execution time: mean = 0.00ms, total = 1.54ms, Queueing time: mean = 0.02ms, max = 0.45ms, min = 0.00ms, total = 12.52ms
	CoreWorker.ExitIfParentRayletDies - 540 total (1 active), Execution time: mean = 0.01ms, total = 3.02ms, Queueing time: mean = 0.02ms, max = 0.45ms, min = -0.01ms, total = 11.16ms
	CoreWorker.InternalHeartbeat - 540 total (1 active), Execution time: mean = 0.00ms, total = 1.38ms, Queueing time: mean = 0.02ms, max = 0.45ms, min = 0.00ms, total = 12.66ms
	CoreWorker.RecordMetrics - 108 total (1 active), Execution time: mean = 0.04ms, total = 4.51ms, Queueing time: mean = 0.01ms, max = 0.05ms, min = 0.00ms, total = 1.53ms
	CoreWorker.TryDelPendingObjectRefStreams - 54 total (1 active), Execution time: mean = 0.00ms, total = 0.12ms, Queueing time: mean = 0.05ms, max = 0.32ms, min = 0.01ms, total = 2.55ms
	CoreWorkerService.grpc_server.GetCoreWorkerStats.HandleRequestImpl - 36 total (0 active), Execution time: mean = 0.06ms, total = 2.02ms, Queueing time: mean = 0.03ms, max = 0.06ms, min = 0.01ms, total = 1.08ms
	CoreWorkerService.grpc_server.GetCoreWorkerStats - 36 total (0 active), Execution time: mean = 0.34ms, total = 12.20ms, Queueing time: mean = 0.00ms, max = -0.00ms, min = 9223372036854.78ms, total = 0.00ms
	Publisher.PublishFailure.WORKER_OBJECT_LOCATIONS_CHANNEL - 17 total (0 active), Execution time: mean = 0.00ms, total = 0.04ms, Queueing time: mean = 0.03ms, max = 0.04ms, min = 0.00ms, total = 0.53ms
	CoreWorker.PrintEventStats - 9 total (1 active, 1 running), Execution time: mean = 0.27ms, total = 2.45ms, Queueing time: mean = 0.01ms, max = 0.04ms, min = 0.01ms, total = 0.13ms
	PeriodicalRunner.RunFnPeriodically - 8 total (0 active), Execution time: mean = 0.01ms, total = 0.10ms, Queueing time: mean = 0.05ms, max = 0.09ms, min = 0.00ms, total = 0.42ms
	CoreWorkerService.grpc_server.PushTask - 7 total (0 active), Execution time: mean = 34206.73ms, total = 239447.14ms, Queueing time: mean = 0.00ms, max = -0.00ms, min = 9223372036854.78ms, total = 0.00ms
	CoreWorkerService.grpc_server.PushTask.HandleRequestImpl - 7 total (0 active), Execution time: mean = 0.08ms, total = 0.57ms, Queueing time: mean = 0.03ms, max = 0.04ms, min = 0.01ms, total = 0.18ms
	CoreWorkerService.grpc_server.PubsubCommandBatch - 3 total (0 active), Execution time: mean = 0.12ms, total = 0.36ms, Queueing time: mean = 0.00ms, max = -0.00ms, min = 9223372036854.78ms, total = 0.00ms
	CoreWorkerService.grpc_server.PubsubCommandBatch.HandleRequestImpl - 3 total (0 active), Execution time: mean = 0.03ms, total = 0.08ms, Queueing time: mean = 0.01ms, max = 0.01ms, min = 0.01ms, total = 0.03ms
	CoreWorkerService.grpc_server.PubsubLongPolling.HandleRequestImpl - 2 total (0 active), Execution time: mean = 0.01ms, total = 0.01ms, Queueing time: mean = 0.04ms, max = 0.04ms, min = 0.03ms, total = 0.08ms
	CoreWorkerService.grpc_server.PubsubLongPolling - 2 total (2 active), Execution time: mean = 0.00ms, total = 0.00ms, Queueing time: mean = 0.00ms, max = -0.00ms, min = 9223372036854.78ms, total = 0.00ms
	Publisher.CheckDeadSubscribers - 2 total (1 active), Execution time: mean = 0.00ms, total = 0.00ms, Queueing time: mean = 0.01ms, max = 0.02ms, min = 0.02ms, total = 0.02ms
	ray::rpc::WorkerInfoGcsService.grpc_client.AddWorkerInfo - 1 total (0 active), Execution time: mean = 0.30ms, total = 0.30ms, Queueing time: mean = 0.00ms, max = -0.00ms, min = 9223372036854.78ms, total = 0.00ms
	ray::rpc::WorkerInfoGcsService.grpc_client.AddWorkerInfo.OnReplyReceived - 1 total (0 active), Execution time: mean = 0.03ms, total = 0.03ms, Queueing time: mean = 0.01ms, max = 0.01ms, min = 0.01ms, total = 0.01ms

-----------------
Task execution event stats:

Global stats: 29989 total (1 active)
Queueing time: mean = 8.01ms, max = 129262.48ms, min = -0.01ms, total = 240135.47ms
Execution time:  mean = 7.99ms, total = 239533.02ms
Event stats:
	CoreWorker.CheckSignal - 29981 total (1 active), Execution time: mean = 0.00ms, total = 88.28ms, Queueing time: mean = 8.01ms, max = 129262.48ms, min = -0.01ms, total = 240135.31ms
	CoreWorker.HandlePushTaskActor - 6 total (0 active), Execution time: mean = 36270.28ms, total = 217621.68ms, Queueing time: mean = 0.02ms, max = 0.04ms, min = 0.01ms, total = 0.15ms
	PeriodicalRunner.RunFnPeriodically - 1 total (0 active), Execution time: mean = 0.01ms, total = 0.01ms, Queueing time: mean = 0.00ms, max = 0.00ms, min = 0.00ms, total = 0.00ms
	CoreWorker.HandlePushTask - 1 total (0 active), Execution time: mean = 21823.04ms, total = 21823.04ms, Queueing time: mean = 0.01ms, max = 0.01ms, min = 0.01ms, total = 0.01ms

-----------------
Task Event stats:

IO Service Stats:

Global stats: 561 total (1 active)
Queueing time: mean = 0.03ms, max = 0.22ms, min = -0.02ms, total = 14.82ms
Execution time:  mean = 0.02ms, total = 13.76ms
Event stats:
	CoreWorker.deadline_timer.flush_task_events - 540 total (1 active), Execution time: mean = 0.01ms, total = 7.88ms, Queueing time: mean = 0.03ms, max = 0.22ms, min = -0.02ms, total = 14.66ms
	ray::rpc::TaskInfoGcsService.grpc_client.AddTaskEventData - 10 total (0 active), Execution time: mean = 0.55ms, total = 5.54ms, Queueing time: mean = 0.00ms, max = -0.00ms, min = 9223372036854.78ms, total = 0.00ms
	ray::rpc::TaskInfoGcsService.grpc_client.AddTaskEventData.OnReplyReceived - 10 total (0 active), Execution time: mean = 0.03ms, total = 0.31ms, Queueing time: mean = 0.02ms, max = 0.03ms, min = 0.01ms, total = 0.16ms
	PeriodicalRunner.RunFnPeriodically - 1 total (0 active), Execution time: mean = 0.03ms, total = 0.03ms, Queueing time: mean = 0.01ms, max = 0.01ms, min = 0.01ms, total = 0.01ms
Other Stats:
	gcs_grpc_in_progress:0
	event_aggregator_grpc_in_progress:0
	current number of task status events in buffer: 0
	current number of profile events in buffer: 0
	current number of dropped task attempts tracked: 0
	total task events sent: 0.0032444 MiB
	total number of task attempts sent: 14
	total number of task attempts dropped reported: 0
	total number of sent failure: 0
	num status task events dropped: 0
	num profile task events dropped: 0
	num ray task events reported to aggregator: 0
	num ray task events failed to report to aggregator: 0
	num of task attempts dropped reported to aggregator: 0
	num of failed requests to aggregator: 0

[2026-09-03 22:09:33,417 I 962 1074] core_worker.cc:498: Event stats:


Global stats: 8129 total (11 active)
Queueing time: mean = 0.02ms, max = 0.45ms, min = -0.01ms, total = 164.99ms
Execution time:  mean = 144.17ms, total = 1171957.63ms
Event stats:
	CoreWorker.RecoverObjects - 5999 total (1 active), Execution time: mean = 0.00ms, total = 11.66ms, Queueing time: mean = 0.02ms, max = 0.29ms, min = 0.00ms, total = 117.33ms
	CoreWorker.ReportWorkerBacklog - 600 total (1 active), Execution time: mean = 0.00ms, total = 1.69ms, Queueing time: mean = 0.02ms, max = 0.45ms, min = 0.00ms, total = 13.88ms
	CoreWorker.ExitIfParentRayletDies - 600 total (1 active), Execution time: mean = 0.01ms, total = 3.29ms, Queueing time: mean = 0.02ms, max = 0.45ms, min = -0.01ms, total = 12.41ms
	CoreWorker.InternalHeartbeat - 600 total (1 active), Execution time: mean = 0.00ms, total = 1.52ms, Queueing time: mean = 0.02ms, max = 0.45ms, min = 0.00ms, total = 14.03ms
	CoreWorker.RecordMetrics - 120 total (1 active), Execution time: mean = 0.04ms, total = 4.92ms, Queueing time: mean = 0.01ms, max = 0.05ms, min = 0.00ms, total = 1.75ms
	CoreWorker.TryDelPendingObjectRefStreams - 60 total (1 active), Execution time: mean = 0.00ms, total = 0.13ms, Queueing time: mean = 0.05ms, max = 0.32ms, min = 0.01ms, total = 2.85ms
	CoreWorkerService.grpc_server.GetCoreWorkerStats.HandleRequestImpl - 40 total (0 active), Execution time: mean = 0.06ms, total = 2.20ms, Queueing time: mean = 0.03ms, max = 0.06ms, min = 0.01ms, total = 1.22ms
	CoreWorkerService.grpc_server.GetCoreWorkerStats - 40 total (0 active), Execution time: mean = 0.34ms, total = 13.76ms, Queueing time: mean = 0.00ms, max = -0.00ms, min = 9223372036854.78ms, total = 0.00ms
	Publisher.PublishFailure.WORKER_OBJECT_LOCATIONS_CHANNEL - 17 total (0 active), Execution time: mean = 0.00ms, total = 0.04ms, Queueing time: mean = 0.03ms, max = 0.04ms, min = 0.00ms, total = 0.53ms
	CoreWorker.PrintEventStats - 10 total (1 active, 1 running), Execution time: mean = 0.27ms, total = 2.72ms, Queueing time: mean = 0.02ms, max = 0.04ms, min = 0.01ms, total = 0.15ms
	PeriodicalRunner.RunFnPeriodically - 8 total (0 active), Execution time: mean = 0.01ms, total = 0.10ms, Queueing time: mean = 0.05ms, max = 0.09ms, min = 0.00ms, total = 0.42ms
	CoreWorkerService.grpc_server.PushTask - 8 total (1 active), Execution time: mean = 29930.89ms, total = 239447.14ms, Queueing time: mean = 0.00ms, max = -0.00ms, min = 9223372036854.78ms, total = 0.00ms
	CoreWorkerService.grpc_server.PushTask.HandleRequestImpl - 8 total (0 active), Execution time: mean = 0.08ms, total = 0.63ms, Queueing time: mean = 0.03ms, max = 0.04ms, min = 0.01ms, total = 0.21ms
	CoreWorkerService.grpc_server.PubsubLongPolling.HandleRequestImpl - 4 total (0 active), Execution time: mean = 0.01ms, total = 0.04ms, Queueing time: mean = 0.03ms, max = 0.04ms, min = 0.02ms, total = 0.13ms
	CoreWorkerService.grpc_server.PubsubLongPolling - 4 total (2 active), Execution time: mean = 233116.75ms, total = 932466.99ms, Queueing time: mean = 0.00ms, max = -0.00ms, min = 9223372036854.78ms, total = 0.00ms
	CoreWorkerService.grpc_server.PubsubCommandBatch - 3 total (0 active), Execution time: mean = 0.12ms, total = 0.36ms, Queueing time: mean = 0.00ms, max = -0.00ms, min = 9223372036854.78ms, total = 0.00ms
	CoreWorkerService.grpc_server.PubsubCommandBatch.HandleRequestImpl - 3 total (0 active), Execution time: mean = 0.03ms, total = 0.08ms, Queueing time: mean = 0.01ms, max = 0.01ms, min = 0.01ms, total = 0.03ms
	Publisher.CheckDeadSubscribers - 3 total (1 active), Execution time: mean = 0.01ms, total = 0.04ms, Queueing time: mean = 0.01ms, max = 0.02ms, min = 0.02ms, total = 0.03ms
	ray::rpc::WorkerInfoGcsService.grpc_client.AddWorkerInfo - 1 total (0 active), Execution time: mean = 0.30ms, total = 0.30ms, Queueing time: mean = 0.00ms, max = -0.00ms, min = 9223372036854.78ms, total = 0.00ms
	ray::rpc::WorkerInfoGcsService.grpc_client.AddWorkerInfo.OnReplyReceived - 1 total (0 active), Execution time: mean = 0.03ms, total = 0.03ms, Queueing time: mean = 0.01ms, max = 0.01ms, min = 0.01ms, total = 0.01ms

-----------------
Task execution event stats:

Global stats: 34412 total (2 active)
Queueing time: mean = 6.98ms, max = 129262.48ms, min = -0.02ms, total = 240241.90ms
Execution time:  mean = 6.96ms, total = 239546.96ms
Event stats:
	CoreWorker.CheckSignal - 34403 total (1 active), Execution time: mean = 0.00ms, total = 102.23ms, Queueing time: mean = 6.98ms, max = 129262.48ms, min = -0.02ms, total = 240241.74ms
	CoreWorker.HandlePushTaskActor - 7 total (1 active, 1 running), Execution time: mean = 31088.81ms, total = 217621.68ms, Queueing time: mean = 0.02ms, max = 0.04ms, min = 0.01ms, total = 0.15ms
	PeriodicalRunner.RunFnPeriodically - 1 total (0 active), Execution time: mean = 0.01ms, total = 0.01ms, Queueing time: mean = 0.00ms, max = 0.00ms, min = 0.00ms, total = 0.00ms
	CoreWorker.HandlePushTask - 1 total (0 active), Execution time: mean = 21823.04ms, total = 21823.04ms, Queueing time: mean = 0.01ms, max = 0.01ms, min = 0.01ms, total = 0.01ms

-----------------
Task Event stats:

IO Service Stats:

Global stats: 623 total (1 active)
Queueing time: mean = 0.03ms, max = 0.22ms, min = -0.02ms, total = 16.13ms
Execution time:  mean = 0.02ms, total = 15.14ms
Event stats:
	CoreWorker.deadline_timer.flush_task_events - 600 total (1 active), Execution time: mean = 0.01ms, total = 8.56ms, Queueing time: mean = 0.03ms, max = 0.22ms, min = -0.02ms, total = 15.94ms
	ray::rpc::TaskInfoGcsService.grpc_client.AddTaskEventData - 11 total (0 active), Execution time: mean = 0.56ms, total = 6.21ms, Queueing time: mean = 0.00ms, max = -0.00ms, min = 9223372036854.78ms, total = 0.00ms
	ray::rpc::TaskInfoGcsService.grpc_client.AddTaskEventData.OnReplyReceived - 11 total (0 active), Execution time: mean = 0.03ms, total = 0.34ms, Queueing time: mean = 0.02ms, max = 0.03ms, min = 0.01ms, total = 0.19ms
	PeriodicalRunner.RunFnPeriodically - 1 total (0 active), Execution time: mean = 0.03ms, total = 0.03ms, Queueing time: mean = 0.01ms, max = 0.01ms, min = 0.01ms, total = 0.01ms
Other Stats:
	gcs_grpc_in_progress:0
	event_aggregator_grpc_in_progress:0
	current number of task status events in buffer: 0
	current number of profile events in buffer: 0
	current number of dropped task attempts tracked: 0
	total task events sent: 0.00341225 MiB
	total number of task attempts sent: 15
	total number of task attempts dropped reported: 0
	total number of sent failure: 0
	num status task events dropped: 0
	num profile task events dropped: 0
	num ray task events reported to aggregator: 0
	num ray task events failed to report to aggregator: 0
	num of task attempts dropped reported to aggregator: 0
	num of failed requests to aggregator: 0

[2026-09-03 22:09:56,055 I 962 962] actor_task_submitter.cc:75: Set actor max pending calls to -1 actor_id=25c7066656ef37f101908f5d01000000
[2026-09-03 22:09:56,055 I 962 962] actor_task_submitter.cc:75: Set actor max pending calls to -1 actor_id=ed804803bd01dc0de9765f8001000000
[2026-09-03 22:10:00,299 I 962 1074] core_worker_shutdown_executor.cc:141: Executing worker exit: INTENDED_SYSTEM_EXIT - Worker exits because the actor is killed. The actor is dead because all references to the actor were removed. (timeout: -1ms)
[2026-09-03 22:10:00,299 I 962 962] core_worker_shutdown_executor.cc:217: Wait for currently executing tasks in the underlying thread pools to finish.
[2026-09-03 22:10:00,299 I 962 962] core_worker_shutdown_executor.cc:255: Not draining reference counter since this is an actor worker.
[2026-09-03 22:10:00,305 I 962 962] core_worker_shutdown_executor.cc:303: Try killing all child processes of this worker as it exits. Child process pids: 2752,8997,9006
[2026-09-03 22:10:00,305 I 962 962] core_worker_shutdown_executor.cc:312: Kill result for child pid 2752: Success, bool 0
[2026-09-03 22:10:00,305 I 962 962] core_worker_shutdown_executor.cc:312: Kill result for child pid 8997: Success, bool 0
[2026-09-03 22:10:00,305 I 962 962] core_worker_shutdown_executor.cc:312: Kill result for child pid 9006: Success, bool 0
[2026-09-03 22:10:00,308 I 962 962] core_worker_shutdown_executor.cc:368: Sending disconnect message to the local raylet.
[2026-09-03 22:10:00,308 I 962 962] raylet_ipc_client.cc:133: RayletIpcClient::Disconnect, exit_type=INTENDED_SYSTEM_EXIT, exit_detail=Worker exits because the actor is killed. The actor is dead because all references to the actor were removed., has creation_task_exception_pb_bytes=0
[2026-09-03 22:10:00,309 I 962 962] core_worker_shutdown_executor.cc:384: Disconnected from the local raylet.
[2026-09-03 22:10:00,309 I 962 962] task_event_buffer.cc:548: Shutting down TaskEventBuffer.
[2026-09-03 22:10:00,309 I 962 1144] task_event_buffer.cc:507: Task event buffer io service stopped.
[2026-09-03 22:10:00,310 I 962 962] ray_event_recorder_base.cc:69: Stopping RayEventRecorder and flushing remaining events.
[2026-09-03 22:10:00,310 I 962 962] core_worker_shutdown_executor.cc:92: Waiting for joining a core worker io thread. If it hangs here, there might be deadlock or a high load in the core worker io service.
[2026-09-03 22:10:00,310 I 962 1074] core_worker_process.cc:199: Core worker main io service stopped.
[2026-09-03 22:10:00,310 I 962 962] core_worker_shutdown_executor.cc:109: Waiting for joining the object-freed callback thread.
[2026-09-03 22:10:00,310 I 962 1075] core_worker_process.cc:219: Object-freed callback service stopped.
[2026-09-03 22:10:00,311 I 962 962] core_worker_shutdown_executor.cc:118: Disconnecting a GCS client.
[2026-09-03 22:10:00,313 I 962 962] core_worker_shutdown_executor.cc:125: Core worker ready to be deallocated.
[2026-09-03 22:10:00,313 I 962 962] core_worker_process.cc:1054: Task execution loop terminated. Waiting for shutdown to complete...
[2026-09-03 22:10:00,313 I 962 962] core_worker_shutdown_executor.cc:43: Shutdown completed successfully
[2026-09-03 22:10:00,313 I 962 962] core_worker_process.cc:1056: Shutdown complete. Removing the global worker.
[2026-09-03 22:10:00,313 I 962 962] core_worker_shutdown_executor.cc:43: Shutdown completed successfully
[2026-09-03 22:10:00,313 I 962 962] core_worker.cc:584: Core worker is destructed
[2026-09-03 22:10:07,044 I 962 962] core_worker_process.cc:950: Destructing CoreWorkerProcessImpl. pid: 962
[2026-09-03 22:10:07,045 I 962 962] stats.h:176: Stats module has shutdown.
