[2026-09-03 21:59:33,416 I 965 965] core_worker_process.cc:868: Constructing CoreWorkerProcess. pid: 965
[2026-09-03 21:59:33,417 I 965 965] event.cc:499: Ray Event initialized for CORE_WORKER
[2026-09-03 21:59:33,417 I 965 965] event.cc:499: Ray Event initialized for EXPORT_TASK
[2026-09-03 21:59:33,417 I 965 965] event.cc:332: Set ray event level to warning
[2026-09-03 21:59:33,418 I 965 965] grpc_server.cc:144: worker server started, listening on port 20012.
[2026-09-03 21:59:33,419 I 965 965] core_worker_process.cc:299: Initializing worker at address: 10.244.13.18:20012 worker_id=136546f248884d2dc9fd21b946db50be3709536bcc5ac432a4424196 node_id=5a1736abfe100329c9e05ff3a3f920e3696f0c41773d8bb025d15fe0
[2026-09-03 21:59:33,419 I 965 965] task_event_buffer.cc:535: Reporting task events to GCS every 1000ms.
[2026-09-03 21:59:33,420 I 965 965] core_worker.cc:568: Adjusted worker niceness to 15
[2026-09-03 21:59:33,420 I 965 1177] core_worker.cc:498: Event stats:


Global stats: 11 total (9 active)
Queueing time: mean = 0.00ms, max = 0.01ms, min = 0.00ms, total = 0.01ms
Execution time:  mean = 0.00ms, total = 0.03ms
Event stats:
	PeriodicalRunner.RunFnPeriodically - 8 total (6 active, 1 running), Execution time: mean = 0.00ms, total = 0.03ms, Queueing time: mean = 0.00ms, max = 0.01ms, min = 0.00ms, total = 0.01ms
	ray::rpc::WorkerInfoGcsService.grpc_client.AddWorkerInfo - 1 total (1 active), Execution time: mean = 0.00ms, total = 0.00ms, Queueing time: mean = 0.00ms, max = -0.00ms, min = 9223372036854.78ms, total = 0.00ms
	CoreWorker.ExitIfParentRayletDies - 1 total (1 active), Execution time: mean = 0.00ms, total = 0.00ms, Queueing time: mean = 0.00ms, max = -0.00ms, min = 9223372036854.78ms, total = 0.00ms
	Publisher.CheckDeadSubscribers - 1 total (1 active), Execution time: mean = 0.00ms, total = 0.00ms, Queueing time: mean = 0.00ms, max = -0.00ms, min = 9223372036854.78ms, total = 0.00ms

-----------------
Task execution event stats:

Global stats: 0 total (0 active)
Queueing time: mean = -nanms, max = -0.00ms, min = 9223372036854.78ms, total = 0.00ms
Execution time:  mean = -nanms, total = 0.00ms
Event stats:

-----------------
Task Event stats:

IO Service Stats:

Global stats: 2 total (1 active)
Queueing time: mean = 0.00ms, max = 0.01ms, min = 0.01ms, total = 0.01ms
Execution time:  mean = 0.01ms, total = 0.02ms
Event stats:
	PeriodicalRunner.RunFnPeriodically - 1 total (0 active), Execution time: mean = 0.02ms, total = 0.02ms, Queueing time: mean = 0.01ms, max = 0.01ms, min = 0.01ms, total = 0.01ms
	CoreWorker.deadline_timer.flush_task_events - 1 total (1 active), Execution time: mean = 0.00ms, total = 0.00ms, Queueing time: mean = 0.00ms, max = -0.00ms, min = 9223372036854.78ms, total = 0.00ms
Other Stats:
	gcs_grpc_in_progress:0
	event_aggregator_grpc_in_progress:0
	current number of task status events in buffer: 0
	current number of profile events in buffer: 0
	current number of dropped task attempts tracked: 0
	total task events sent: 0 MiB
	total number of task attempts sent: 0
	total number of task attempts dropped reported: 0
	total number of sent failure: 0
	num status task events dropped: 0
	num profile task events dropped: 0
	num ray task events reported to aggregator: 0
	num ray task events failed to report to aggregator: 0
	num of task attempts dropped reported to aggregator: 0
	num of failed requests to aggregator: 0

[2026-09-03 21:59:33,421 I 965 965] actor_task_submitter.cc:75: Set actor max pending calls to -1 actor_id=1fd2dfcfb0f8f5d6b86a6a0c01000000
[2026-09-03 21:59:33,421 I 965 965] core_worker.cc:3112: Creating actor actor_id=1fd2dfcfb0f8f5d6b86a6a0c01000000
[2026-09-03 21:59:54,341 I 965 965] task_receiver.cc:117: Actor creation task finished, task_id: ffffffffffffffff1fd2dfcfb0f8f5d6b86a6a0c01000000, actor_id: 1fd2dfcfb0f8f5d6b86a6a0c01000000, actor_repr_name: 
[2026-09-03 22:00:33,420 I 965 1177] core_worker.cc:498: Event stats:


Global stats: 823 total (9 active)
Queueing time: mean = 0.02ms, max = 1.07ms, min = -0.00ms, total = 15.29ms
Execution time:  mean = 25.43ms, total = 20926.42ms
Event stats:
	CoreWorker.RecoverObjects - 600 total (1 active), Execution time: mean = 0.00ms, total = 1.41ms, Queueing time: mean = 0.02ms, max = 1.07ms, min = 0.00ms, total = 11.01ms
	CoreWorker.InternalHeartbeat - 60 total (1 active), Execution time: mean = 0.00ms, total = 0.20ms, Queueing time: mean = 0.02ms, max = 0.44ms, min = 0.00ms, total = 1.20ms
	CoreWorker.ReportWorkerBacklog - 60 total (1 active), Execution time: mean = 0.00ms, total = 0.25ms, Queueing time: mean = 0.02ms, max = 0.44ms, min = -0.00ms, total = 1.15ms
	CoreWorker.ExitIfParentRayletDies - 60 total (1 active), Execution time: mean = 0.01ms, total = 0.44ms, Queueing time: mean = 0.02ms, max = 0.12ms, min = 0.00ms, total = 1.06ms
	CoreWorker.RecordMetrics - 12 total (1 active), Execution time: mean = 0.08ms, total = 0.96ms, Queueing time: mean = 0.01ms, max = 0.03ms, min = 0.00ms, total = 0.13ms
	PeriodicalRunner.RunFnPeriodically - 8 total (0 active), Execution time: mean = 0.02ms, total = 0.13ms, Queueing time: mean = 0.06ms, max = 0.11ms, min = 0.00ms, total = 0.50ms
	CoreWorker.TryDelPendingObjectRefStreams - 6 total (1 active), Execution time: mean = 0.00ms, total = 0.01ms, Queueing time: mean = 0.02ms, max = 0.03ms, min = 0.01ms, total = 0.10ms
	CoreWorkerService.grpc_server.GetCoreWorkerStats.HandleRequestImpl - 4 total (0 active), Execution time: mean = 0.08ms, total = 0.32ms, Queueing time: mean = 0.03ms, max = 0.03ms, min = 0.01ms, total = 0.10ms
	CoreWorkerService.grpc_server.GetCoreWorkerStats - 4 total (0 active), Execution time: mean = 0.26ms, total = 1.05ms, Queueing time: mean = 0.00ms, max = -0.00ms, min = 9223372036854.78ms, total = 0.00ms
	CoreWorkerService.grpc_server.PushTask - 2 total (1 active), Execution time: mean = 10460.20ms, total = 20920.40ms, Queueing time: mean = 0.00ms, max = -0.00ms, min = 9223372036854.78ms, total = 0.00ms
	CoreWorkerService.grpc_server.PushTask.HandleRequestImpl - 2 total (0 active), Execution time: mean = 0.08ms, total = 0.16ms, Queueing time: mean = 0.01ms, max = 0.01ms, min = 0.01ms, total = 0.02ms
	ray::rpc::WorkerInfoGcsService.grpc_client.AddWorkerInfo.OnReplyReceived - 1 total (0 active), Execution time: mean = 0.01ms, total = 0.01ms, Queueing time: mean = 0.01ms, max = 0.01ms, min = 0.01ms, total = 0.01ms
	Publisher.PublishFailure.WORKER_OBJECT_LOCATIONS_CHANNEL - 1 total (0 active), Execution time: mean = 0.01ms, total = 0.01ms, Queueing time: mean = 0.00ms, max = 0.00ms, min = 0.00ms, total = 0.00ms
	CoreWorker.PrintEventStats - 1 total (1 active, 1 running), Execution time: mean = 0.00ms, total = 0.00ms, Queueing time: mean = 0.00ms, max = -0.00ms, min = 9223372036854.78ms, total = 0.00ms
	ray::rpc::WorkerInfoGcsService.grpc_client.AddWorkerInfo - 1 total (0 active), Execution time: mean = 1.07ms, total = 1.07ms, Queueing time: mean = 0.00ms, max = -0.00ms, min = 9223372036854.78ms, total = 0.00ms
	Publisher.CheckDeadSubscribers - 1 total (1 active), Execution time: mean = 0.00ms, total = 0.00ms, Queueing time: mean = 0.00ms, max = -0.00ms, min = 9223372036854.78ms, total = 0.00ms

-----------------
Task execution event stats:

Global stats: 5 total (2 active)
Queueing time: mean = 4182.19ms, max = 20910.92ms, min = 0.00ms, total = 20910.93ms
Execution time:  mean = 4184.02ms, total = 20920.09ms
Event stats:
	CoreWorker.CheckSignal - 2 total (1 active), Execution time: mean = 0.01ms, total = 0.01ms, Queueing time: mean = 10455.46ms, max = 20910.92ms, min = 20910.92ms, total = 20910.92ms
	CoreWorker.HandlePushTask - 1 total (0 active), Execution time: mean = 20920.08ms, total = 20920.08ms, Queueing time: mean = 0.00ms, max = 0.00ms, min = 0.00ms, total = 0.00ms
	PeriodicalRunner.RunFnPeriodically - 1 total (0 active), Execution time: mean = 0.01ms, total = 0.01ms, Queueing time: mean = 0.00ms, max = 0.00ms, min = 0.00ms, total = 0.00ms
	CoreWorker.HandlePushTaskActor - 1 total (1 active, 1 running), Execution time: mean = 0.00ms, total = 0.00ms, Queueing time: mean = 0.00ms, max = -0.00ms, min = 9223372036854.78ms, total = 0.00ms

-----------------
Task Event stats:

IO Service Stats:

Global stats: 65 total (1 active)
Queueing time: mean = 0.02ms, max = 0.04ms, min = 0.01ms, total = 1.30ms
Execution time:  mean = 0.04ms, total = 2.28ms
Event stats:
	CoreWorker.deadline_timer.flush_task_events - 60 total (1 active), Execution time: mean = 0.02ms, total = 1.01ms, Queueing time: mean = 0.02ms, max = 0.04ms, min = 0.01ms, total = 1.27ms
	ray::rpc::TaskInfoGcsService.grpc_client.AddTaskEventData - 2 total (0 active), Execution time: mean = 0.59ms, total = 1.19ms, Queueing time: mean = 0.00ms, max = -0.00ms, min = 9223372036854.78ms, total = 0.00ms
	ray::rpc::TaskInfoGcsService.grpc_client.AddTaskEventData.OnReplyReceived - 2 total (0 active), Execution time: mean = 0.03ms, total = 0.06ms, Queueing time: mean = 0.01ms, max = 0.02ms, min = 0.01ms, total = 0.03ms
	PeriodicalRunner.RunFnPeriodically - 1 total (0 active), Execution time: mean = 0.02ms, total = 0.02ms, Queueing time: mean = 0.01ms, max = 0.01ms, min = 0.01ms, total = 0.01ms
Other Stats:
	gcs_grpc_in_progress:0
	event_aggregator_grpc_in_progress:0
	current number of task status events in buffer: 0
	current number of profile events in buffer: 0
	current number of dropped task attempts tracked: 0
	total task events sent: 0.000576973 MiB
	total number of task attempts sent: 3
	total number of task attempts dropped reported: 0
	total number of sent failure: 0
	num status task events dropped: 0
	num profile task events dropped: 0
	num ray task events reported to aggregator: 0
	num ray task events failed to report to aggregator: 0
	num of task attempts dropped reported to aggregator: 0
	num of failed requests to aggregator: 0

[2026-09-03 22:00:57,415 I 965 965] actor_task_submitter.cc:75: Set actor max pending calls to -1 actor_id=e3776b08b973ff9e4d0d8b3101000000
[2026-09-03 22:01:33,420 I 965 1177] core_worker.cc:498: Event stats:


Global stats: 1636 total (9 active)
Queueing time: mean = 0.02ms, max = 1.07ms, min = -0.00ms, total = 31.58ms
Execution time:  mean = 50.99ms, total = 83412.21ms
Event stats:
	CoreWorker.RecoverObjects - 1200 total (1 active), Execution time: mean = 0.00ms, total = 2.81ms, Queueing time: mean = 0.02ms, max = 1.07ms, min = 0.00ms, total = 23.48ms
	CoreWorker.ExitIfParentRayletDies - 120 total (1 active), Execution time: mean = 0.01ms, total = 0.83ms, Queueing time: mean = 0.02ms, max = 0.12ms, min = 0.00ms, total = 2.02ms
	CoreWorker.ReportWorkerBacklog - 120 total (1 active), Execution time: mean = 0.00ms, total = 0.45ms, Queueing time: mean = 0.02ms, max = 0.44ms, min = -0.00ms, total = 2.28ms
	CoreWorker.InternalHeartbeat - 120 total (1 active), Execution time: mean = 0.00ms, total = 0.37ms, Queueing time: mean = 0.02ms, max = 0.44ms, min = 0.00ms, total = 2.36ms
	CoreWorker.RecordMetrics - 24 total (1 active), Execution time: mean = 0.06ms, total = 1.45ms, Queueing time: mean = 0.01ms, max = 0.04ms, min = 0.00ms, total = 0.28ms
	CoreWorker.TryDelPendingObjectRefStreams - 12 total (1 active), Execution time: mean = 0.00ms, total = 0.03ms, Queueing time: mean = 0.02ms, max = 0.07ms, min = 0.01ms, total = 0.29ms
	CoreWorkerService.grpc_server.GetCoreWorkerStats.HandleRequestImpl - 8 total (0 active), Execution time: mean = 0.07ms, total = 0.53ms, Queueing time: mean = 0.03ms, max = 0.05ms, min = 0.01ms, total = 0.25ms
	CoreWorkerService.grpc_server.GetCoreWorkerStats - 8 total (0 active), Execution time: mean = 0.34ms, total = 2.75ms, Queueing time: mean = 0.00ms, max = -0.00ms, min = 9223372036854.78ms, total = 0.00ms
	PeriodicalRunner.RunFnPeriodically - 8 total (0 active), Execution time: mean = 0.02ms, total = 0.13ms, Queueing time: mean = 0.06ms, max = 0.11ms, min = 0.00ms, total = 0.50ms
	CoreWorkerService.grpc_server.PushTask - 3 total (0 active), Execution time: mean = 27800.39ms, total = 83401.16ms, Queueing time: mean = 0.00ms, max = -0.00ms, min = 9223372036854.78ms, total = 0.00ms
	CoreWorkerService.grpc_server.PushTask.HandleRequestImpl - 3 total (0 active), Execution time: mean = 0.07ms, total = 0.22ms, Queueing time: mean = 0.01ms, max = 0.03ms, min = 0.01ms, total = 0.04ms
	CoreWorker.PrintEventStats - 2 total (1 active, 1 running), Execution time: mean = 0.10ms, total = 0.19ms, Queueing time: mean = 0.00ms, max = 0.01ms, min = 0.01ms, total = 0.01ms
	Publisher.PublishFailure.WORKER_OBJECT_LOCATIONS_CHANNEL - 1 total (0 active), Execution time: mean = 0.01ms, total = 0.01ms, Queueing time: mean = 0.00ms, max = 0.00ms, min = 0.00ms, total = 0.00ms
	ray::rpc::WorkerInfoGcsService.grpc_client.AddWorkerInfo.OnReplyReceived - 1 total (0 active), Execution time: mean = 0.01ms, total = 0.01ms, Queueing time: mean = 0.01ms, max = 0.01ms, min = 0.01ms, total = 0.01ms
	ray::rpc::WorkerInfoGcsService.grpc_client.AddWorkerInfo - 1 total (0 active), Execution time: mean = 1.07ms, total = 1.07ms, Queueing time: mean = 0.00ms, max = -0.00ms, min = 9223372036854.78ms, total = 0.00ms
	CoreWorkerService.grpc_server.PubsubLongPolling - 1 total (1 active), Execution time: mean = 0.00ms, total = 0.00ms, Queueing time: mean = 0.00ms, max = -0.00ms, min = 9223372036854.78ms, total = 0.00ms
	CoreWorkerService.grpc_server.PubsubCommandBatch - 1 total (0 active), Execution time: mean = 0.16ms, total = 0.16ms, Queueing time: mean = 0.00ms, max = -0.00ms, min = 9223372036854.78ms, total = 0.00ms
	CoreWorkerService.grpc_server.PubsubLongPolling.HandleRequestImpl - 1 total (0 active), Execution time: mean = 0.01ms, total = 0.01ms, Queueing time: mean = 0.04ms, max = 0.04ms, min = 0.04ms, total = 0.04ms
	Publisher.CheckDeadSubscribers - 1 total (1 active), Execution time: mean = 0.00ms, total = 0.00ms, Queueing time: mean = 0.00ms, max = -0.00ms, min = 9223372036854.78ms, total = 0.00ms
	CoreWorkerService.grpc_server.PubsubCommandBatch.HandleRequestImpl - 1 total (0 active), Execution time: mean = 0.04ms, total = 0.04ms, Queueing time: mean = 0.01ms, max = 0.01ms, min = 0.01ms, total = 0.01ms

-----------------
Task execution event stats:

Global stats: 3657 total (1 active)
Queueing time: mean = 22.82ms, max = 62307.29ms, min = -0.00ms, total = 83464.36ms
Execution time:  mean = 22.81ms, total = 83411.77ms
Event stats:
	CoreWorker.CheckSignal - 3653 total (1 active), Execution time: mean = 0.00ms, total = 11.49ms, Queueing time: mean = 22.85ms, max = 62307.29ms, min = -0.00ms, total = 83464.30ms
	CoreWorker.HandlePushTaskActor - 2 total (0 active), Execution time: mean = 31240.09ms, total = 62480.19ms, Queueing time: mean = 0.02ms, max = 0.03ms, min = 0.01ms, total = 0.05ms
	CoreWorker.HandlePushTask - 1 total (0 active), Execution time: mean = 20920.08ms, total = 20920.08ms, Queueing time: mean = 0.00ms, max = 0.00ms, min = 0.00ms, total = 0.00ms
	PeriodicalRunner.RunFnPeriodically - 1 total (0 active), Execution time: mean = 0.01ms, total = 0.01ms, Queueing time: mean = 0.00ms, max = 0.00ms, min = 0.00ms, total = 0.00ms

-----------------
Task Event stats:

IO Service Stats:

Global stats: 129 total (1 active)
Queueing time: mean = 0.02ms, max = 0.06ms, min = 0.01ms, total = 2.75ms
Execution time:  mean = 0.03ms, total = 4.28ms
Event stats:
	CoreWorker.deadline_timer.flush_task_events - 120 total (1 active), Execution time: mean = 0.02ms, total = 2.06ms, Queueing time: mean = 0.02ms, max = 0.06ms, min = 0.01ms, total = 2.68ms
	ray::rpc::TaskInfoGcsService.grpc_client.AddTaskEventData - 4 total (0 active), Execution time: mean = 0.52ms, total = 2.08ms, Queueing time: mean = 0.00ms, max = -0.00ms, min = 9223372036854.78ms, total = 0.00ms
	ray::rpc::TaskInfoGcsService.grpc_client.AddTaskEventData.OnReplyReceived - 4 total (0 active), Execution time: mean = 0.03ms, total = 0.13ms, Queueing time: mean = 0.02ms, max = 0.02ms, min = 0.01ms, total = 0.06ms
	PeriodicalRunner.RunFnPeriodically - 1 total (0 active), Execution time: mean = 0.02ms, total = 0.02ms, Queueing time: mean = 0.01ms, max = 0.01ms, min = 0.01ms, total = 0.01ms
Other Stats:
	gcs_grpc_in_progress:0
	event_aggregator_grpc_in_progress:0
	current number of task status events in buffer: 0
	current number of profile events in buffer: 0
	current number of dropped task attempts tracked: 0
	total task events sent: 0.00131989 MiB
	total number of task attempts sent: 6
	total number of task attempts dropped reported: 0
	total number of sent failure: 0
	num status task events dropped: 0
	num profile task events dropped: 0
	num ray task events reported to aggregator: 0
	num ray task events failed to report to aggregator: 0
	num of task attempts dropped reported to aggregator: 0
	num of failed requests to aggregator: 0

[2026-09-03 22:02:14,265 I 965 965] actor_task_submitter.cc:75: Set actor max pending calls to -1 actor_id=25c7066656ef37f101908f5d01000000
[2026-09-03 22:02:14,270 I 965 965] actor_task_submitter.cc:75: Set actor max pending calls to -1 actor_id=ed804803bd01dc0de9765f8001000000
[2026-09-03 22:02:33,421 I 965 1177] core_worker.cc:498: Event stats:


Global stats: 2445 total (10 active)
Queueing time: mean = 0.02ms, max = 1.07ms, min = -0.00ms, total = 52.48ms
Execution time:  mean = 34.12ms, total = 83417.13ms
Event stats:
	CoreWorker.RecoverObjects - 1800 total (1 active), Execution time: mean = 0.00ms, total = 4.26ms, Queueing time: mean = 0.02ms, max = 1.07ms, min = 0.00ms, total = 37.92ms
	CoreWorker.ExitIfParentRayletDies - 180 total (1 active), Execution time: mean = 0.01ms, total = 1.20ms, Queueing time: mean = 0.02ms, max = 0.21ms, min = 0.00ms, total = 3.76ms
	CoreWorker.ReportWorkerBacklog - 180 total (1 active), Execution time: mean = 0.00ms, total = 0.66ms, Queueing time: mean = 0.02ms, max = 0.44ms, min = -0.00ms, total = 4.17ms
	CoreWorker.InternalHeartbeat - 180 total (1 active), Execution time: mean = 0.00ms, total = 0.57ms, Queueing time: mean = 0.02ms, max = 0.44ms, min = 0.00ms, total = 4.26ms
	CoreWorker.RecordMetrics - 36 total (1 active), Execution time: mean = 0.05ms, total = 1.96ms, Queueing time: mean = 0.01ms, max = 0.04ms, min = 0.00ms, total = 0.48ms
	CoreWorker.TryDelPendingObjectRefStreams - 18 total (1 active), Execution time: mean = 0.00ms, total = 0.05ms, Queueing time: mean = 0.05ms, max = 0.39ms, min = 0.01ms, total = 0.83ms
	CoreWorkerService.grpc_server.GetCoreWorkerStats.HandleRequestImpl - 12 total (0 active), Execution time: mean = 0.06ms, total = 0.76ms, Queueing time: mean = 0.03ms, max = 0.05ms, min = 0.01ms, total = 0.40ms
	CoreWorkerService.grpc_server.GetCoreWorkerStats - 12 total (0 active), Execution time: mean = 0.34ms, total = 4.10ms, Queueing time: mean = 0.00ms, max = -0.00ms, min = 9223372036854.78ms, total = 0.00ms
	PeriodicalRunner.RunFnPeriodically - 8 total (0 active), Execution time: mean = 0.02ms, total = 0.13ms, Queueing time: mean = 0.06ms, max = 0.11ms, min = 0.00ms, total = 0.50ms
	CoreWorkerService.grpc_server.PushTask - 4 total (1 active), Execution time: mean = 20850.29ms, total = 83401.16ms, Queueing time: mean = 0.00ms, max = -0.00ms, min = 9223372036854.78ms, total = 0.00ms
	CoreWorkerService.grpc_server.PushTask.HandleRequestImpl - 4 total (0 active), Execution time: mean = 0.08ms, total = 0.32ms, Queueing time: mean = 0.02ms, max = 0.03ms, min = 0.01ms, total = 0.07ms
	CoreWorker.PrintEventStats - 3 total (1 active, 1 running), Execution time: mean = 0.22ms, total = 0.67ms, Queueing time: mean = 0.01ms, max = 0.04ms, min = 0.01ms, total = 0.04ms
	Publisher.PublishFailure.WORKER_OBJECT_LOCATIONS_CHANNEL - 1 total (0 active), Execution time: mean = 0.01ms, total = 0.01ms, Queueing time: mean = 0.00ms, max = 0.00ms, min = 0.00ms, total = 0.00ms
	ray::rpc::WorkerInfoGcsService.grpc_client.AddWorkerInfo.OnReplyReceived - 1 total (0 active), Execution time: mean = 0.01ms, total = 0.01ms, Queueing time: mean = 0.01ms, max = 0.01ms, min = 0.01ms, total = 0.01ms
	ray::rpc::WorkerInfoGcsService.grpc_client.AddWorkerInfo - 1 total (0 active), Execution time: mean = 1.07ms, total = 1.07ms, Queueing time: mean = 0.00ms, max = -0.00ms, min = 9223372036854.78ms, total = 0.00ms
	CoreWorkerService.grpc_server.PubsubLongPolling - 1 total (1 active), Execution time: mean = 0.00ms, total = 0.00ms, Queueing time: mean = 0.00ms, max = -0.00ms, min = 9223372036854.78ms, total = 0.00ms
	CoreWorkerService.grpc_server.PubsubCommandBatch - 1 total (0 active), Execution time: mean = 0.16ms, total = 0.16ms, Queueing time: mean = 0.00ms, max = -0.00ms, min = 9223372036854.78ms, total = 0.00ms
	CoreWorkerService.grpc_server.PubsubLongPolling.HandleRequestImpl - 1 total (0 active), Execution time: mean = 0.01ms, total = 0.01ms, Queueing time: mean = 0.04ms, max = 0.04ms, min = 0.04ms, total = 0.04ms
	Publisher.CheckDeadSubscribers - 1 total (1 active), Execution time: mean = 0.00ms, total = 0.00ms, Queueing time: mean = 0.00ms, max = -0.00ms, min = 9223372036854.78ms, total = 0.00ms
	CoreWorkerService.grpc_server.PubsubCommandBatch.HandleRequestImpl - 1 total (0 active), Execution time: mean = 0.04ms, total = 0.04ms, Queueing time: mean = 0.01ms, max = 0.01ms, min = 0.01ms, total = 0.01ms

-----------------
Task execution event stats:

Global stats: 7731 total (2 active)
Queueing time: mean = 10.81ms, max = 62307.29ms, min = -0.00ms, total = 83574.71ms
Execution time:  mean = 10.79ms, total = 83425.47ms
Event stats:
	CoreWorker.CheckSignal - 7726 total (1 active), Execution time: mean = 0.00ms, total = 25.19ms, Queueing time: mean = 10.82ms, max = 62307.29ms, min = -0.00ms, total = 83574.66ms
	CoreWorker.HandlePushTaskActor - 3 total (1 active, 1 running), Execution time: mean = 20826.73ms, total = 62480.19ms, Queueing time: mean = 0.02ms, max = 0.03ms, min = 0.01ms, total = 0.05ms
	CoreWorker.HandlePushTask - 1 total (0 active), Execution time: mean = 20920.08ms, total = 20920.08ms, Queueing time: mean = 0.00ms, max = 0.00ms, min = 0.00ms, total = 0.00ms
	PeriodicalRunner.RunFnPeriodically - 1 total (0 active), Execution time: mean = 0.01ms, total = 0.01ms, Queueing time: mean = 0.00ms, max = 0.00ms, min = 0.00ms, total = 0.00ms

-----------------
Task Event stats:

IO Service Stats:

Global stats: 191 total (1 active)
Queueing time: mean = 0.03ms, max = 0.27ms, min = 0.01ms, total = 4.78ms
Execution time:  mean = 0.03ms, total = 5.64ms
Event stats:
	CoreWorker.deadline_timer.flush_task_events - 180 total (1 active), Execution time: mean = 0.02ms, total = 2.82ms, Queueing time: mean = 0.03ms, max = 0.27ms, min = 0.01ms, total = 4.68ms
	ray::rpc::TaskInfoGcsService.grpc_client.AddTaskEventData - 5 total (0 active), Execution time: mean = 0.52ms, total = 2.62ms, Queueing time: mean = 0.00ms, max = -0.00ms, min = 9223372036854.78ms, total = 0.00ms
	ray::rpc::TaskInfoGcsService.grpc_client.AddTaskEventData.OnReplyReceived - 5 total (0 active), Execution time: mean = 0.03ms, total = 0.17ms, Queueing time: mean = 0.02ms, max = 0.04ms, min = 0.01ms, total = 0.10ms
	PeriodicalRunner.RunFnPeriodically - 1 total (0 active), Execution time: mean = 0.02ms, total = 0.02ms, Queueing time: mean = 0.01ms, max = 0.01ms, min = 0.01ms, total = 0.01ms
Other Stats:
	gcs_grpc_in_progress:0
	event_aggregator_grpc_in_progress:0
	current number of task status events in buffer: 0
	current number of profile events in buffer: 0
	current number of dropped task attempts tracked: 0
	total task events sent: 0.00148773 MiB
	total number of task attempts sent: 7
	total number of task attempts dropped reported: 0
	total number of sent failure: 0
	num status task events dropped: 0
	num profile task events dropped: 0
	num ray task events reported to aggregator: 0
	num ray task events failed to report to aggregator: 0
	num of task attempts dropped reported to aggregator: 0
	num of failed requests to aggregator: 0

[2026-09-03 22:03:33,421 I 965 1177] core_worker.cc:498: Event stats:


Global stats: 3258 total (10 active)
Queueing time: mean = 0.02ms, max = 1.07ms, min = -0.00ms, total = 74.09ms
Execution time:  mean = 32.52ms, total = 105946.88ms
Event stats:
	CoreWorker.RecoverObjects - 2400 total (1 active), Execution time: mean = 0.00ms, total = 6.06ms, Queueing time: mean = 0.02ms, max = 1.07ms, min = 0.00ms, total = 53.94ms
	CoreWorker.ExitIfParentRayletDies - 240 total (1 active), Execution time: mean = 0.01ms, total = 1.70ms, Queueing time: mean = 0.02ms, max = 0.21ms, min = 0.00ms, total = 5.24ms
	CoreWorker.ReportWorkerBacklog - 240 total (1 active), Execution time: mean = 0.00ms, total = 0.95ms, Queueing time: mean = 0.02ms, max = 0.44ms, min = -0.00ms, total = 5.85ms
	CoreWorker.InternalHeartbeat - 240 total (1 active), Execution time: mean = 0.00ms, total = 0.80ms, Queueing time: mean = 0.02ms, max = 0.44ms, min = 0.00ms, total = 5.98ms
	CoreWorker.RecordMetrics - 48 total (1 active), Execution time: mean = 0.05ms, total = 2.48ms, Queueing time: mean = 0.01ms, max = 0.04ms, min = 0.00ms, total = 0.66ms
	CoreWorker.TryDelPendingObjectRefStreams - 24 total (1 active), Execution time: mean = 0.00ms, total = 0.07ms, Queueing time: mean = 0.05ms, max = 0.39ms, min = 0.01ms, total = 1.14ms
	CoreWorkerService.grpc_server.GetCoreWorkerStats.HandleRequestImpl - 16 total (0 active), Execution time: mean = 0.06ms, total = 0.97ms, Queueing time: mean = 0.03ms, max = 0.05ms, min = 0.01ms, total = 0.55ms
	CoreWorkerService.grpc_server.GetCoreWorkerStats - 16 total (0 active), Execution time: mean = 0.34ms, total = 5.39ms, Queueing time: mean = 0.00ms, max = -0.00ms, min = 9223372036854.78ms, total = 0.00ms
	PeriodicalRunner.RunFnPeriodically - 8 total (0 active), Execution time: mean = 0.02ms, total = 0.13ms, Queueing time: mean = 0.06ms, max = 0.11ms, min = 0.00ms, total = 0.50ms
	CoreWorker.PrintEventStats - 4 total (1 active, 1 running), Execution time: mean = 0.24ms, total = 0.97ms, Queueing time: mean = 0.02ms, max = 0.04ms, min = 0.01ms, total = 0.06ms
	CoreWorkerService.grpc_server.PushTask.HandleRequestImpl - 4 total (0 active), Execution time: mean = 0.08ms, total = 0.32ms, Queueing time: mean = 0.02ms, max = 0.03ms, min = 0.01ms, total = 0.07ms
	CoreWorkerService.grpc_server.PushTask - 4 total (0 active), Execution time: mean = 26481.36ms, total = 105925.46ms, Queueing time: mean = 0.00ms, max = -0.00ms, min = 9223372036854.78ms, total = 0.00ms
	CoreWorkerService.grpc_server.PubsubCommandBatch - 3 total (0 active), Execution time: mean = 0.13ms, total = 0.40ms, Queueing time: mean = 0.00ms, max = -0.00ms, min = 9223372036854.78ms, total = 0.00ms
	CoreWorkerService.grpc_server.PubsubCommandBatch.HandleRequestImpl - 3 total (0 active), Execution time: mean = 0.02ms, total = 0.07ms, Queueing time: mean = 0.01ms, max = 0.01ms, min = 0.01ms, total = 0.03ms
	CoreWorkerService.grpc_server.PubsubLongPolling - 2 total (2 active), Execution time: mean = 0.00ms, total = 0.00ms, Queueing time: mean = 0.00ms, max = -0.00ms, min = 9223372036854.78ms, total = 0.00ms
	CoreWorkerService.grpc_server.PubsubLongPolling.HandleRequestImpl - 2 total (0 active), Execution time: mean = 0.01ms, total = 0.03ms, Queueing time: mean = 0.03ms, max = 0.04ms, min = 0.02ms, total = 0.05ms
	Publisher.PublishFailure.WORKER_OBJECT_LOCATIONS_CHANNEL - 1 total (0 active), Execution time: mean = 0.01ms, total = 0.01ms, Queueing time: mean = 0.00ms, max = 0.00ms, min = 0.00ms, total = 0.00ms
	ray::rpc::WorkerInfoGcsService.grpc_client.AddWorkerInfo.OnReplyReceived - 1 total (0 active), Execution time: mean = 0.01ms, total = 0.01ms, Queueing time: mean = 0.01ms, max = 0.01ms, min = 0.01ms, total = 0.01ms
	ray::rpc::WorkerInfoGcsService.grpc_client.AddWorkerInfo - 1 total (0 active), Execution time: mean = 1.07ms, total = 1.07ms, Queueing time: mean = 0.00ms, max = -0.00ms, min = 9223372036854.78ms, total = 0.00ms
	Publisher.CheckDeadSubscribers - 1 total (1 active), Execution time: mean = 0.00ms, total = 0.00ms, Queueing time: mean = 0.00ms, max = -0.00ms, min = 9223372036854.78ms, total = 0.00ms

-----------------
Task execution event stats:

Global stats: 13378 total (1 active)
Queueing time: mean = 7.94ms, max = 62307.29ms, min = -0.02ms, total = 106241.93ms
Execution time:  mean = 7.92ms, total = 105968.18ms
Event stats:
	CoreWorker.CheckSignal - 13373 total (1 active), Execution time: mean = 0.00ms, total = 44.08ms, Queueing time: mean = 7.94ms, max = 62307.29ms, min = -0.02ms, total = 106241.84ms
	CoreWorker.HandlePushTaskActor - 3 total (0 active), Execution time: mean = 28334.67ms, total = 85004.01ms, Queueing time: mean = 0.03ms, max = 0.04ms, min = 0.01ms, total = 0.08ms
	CoreWorker.HandlePushTask - 1 total (0 active), Execution time: mean = 20920.08ms, total = 20920.08ms, Queueing time: mean = 0.00ms, max = 0.00ms, min = 0.00ms, total = 0.00ms
	PeriodicalRunner.RunFnPeriodically - 1 total (0 active), Execution time: mean = 0.01ms, total = 0.01ms, Queueing time: mean = 0.00ms, max = 0.00ms, min = 0.00ms, total = 0.00ms

-----------------
Task Event stats:

IO Service Stats:

Global stats: 253 total (1 active)
Queueing time: mean = 0.03ms, max = 0.27ms, min = 0.01ms, total = 6.53ms
Execution time:  mean = 0.03ms, total = 7.27ms
Event stats:
	CoreWorker.deadline_timer.flush_task_events - 240 total (1 active), Execution time: mean = 0.01ms, total = 3.54ms, Queueing time: mean = 0.03ms, max = 0.27ms, min = 0.01ms, total = 6.39ms
	ray::rpc::TaskInfoGcsService.grpc_client.AddTaskEventData - 6 total (0 active), Execution time: mean = 0.58ms, total = 3.49ms, Queueing time: mean = 0.00ms, max = -0.00ms, min = 9223372036854.78ms, total = 0.00ms
	ray::rpc::TaskInfoGcsService.grpc_client.AddTaskEventData.OnReplyReceived - 6 total (0 active), Execution time: mean = 0.04ms, total = 0.22ms, Queueing time: mean = 0.02ms, max = 0.04ms, min = 0.01ms, total = 0.14ms
	PeriodicalRunner.RunFnPeriodically - 1 total (0 active), Execution time: mean = 0.02ms, total = 0.02ms, Queueing time: mean = 0.01ms, max = 0.01ms, min = 0.01ms, total = 0.01ms
Other Stats:
	gcs_grpc_in_progress:0
	event_aggregator_grpc_in_progress:0
	current number of task status events in buffer: 0
	current number of profile events in buffer: 0
	current number of dropped task attempts tracked: 0
	total task events sent: 0.00180626 MiB
	total number of task attempts sent: 8
	total number of task attempts dropped reported: 0
	total number of sent failure: 0
	num status task events dropped: 0
	num profile task events dropped: 0
	num ray task events reported to aggregator: 0
	num ray task events failed to report to aggregator: 0
	num of task attempts dropped reported to aggregator: 0
	num of failed requests to aggregator: 0

[2026-09-03 22:04:33,421 I 965 1177] core_worker.cc:498: Event stats:


Global stats: 4066 total (10 active)
Queueing time: mean = 0.02ms, max = 1.07ms, min = -0.00ms, total = 95.61ms
Execution time:  mean = 26.06ms, total = 105951.43ms
Event stats:
	CoreWorker.RecoverObjects - 3000 total (1 active), Execution time: mean = 0.00ms, total = 7.55ms, Queueing time: mean = 0.02ms, max = 1.07ms, min = 0.00ms, total = 68.26ms
	CoreWorker.ExitIfParentRayletDies - 300 total (1 active), Execution time: mean = 0.01ms, total = 2.06ms, Queueing time: mean = 0.02ms, max = 0.24ms, min = 0.00ms, total = 7.33ms
	CoreWorker.InternalHeartbeat - 300 total (1 active), Execution time: mean = 0.00ms, total = 0.98ms, Queueing time: mean = 0.03ms, max = 0.44ms, min = 0.00ms, total = 8.26ms
	CoreWorker.ReportWorkerBacklog - 300 total (1 active), Execution time: mean = 0.00ms, total = 1.16ms, Queueing time: mean = 0.03ms, max = 0.44ms, min = -0.00ms, total = 8.08ms
	CoreWorker.RecordMetrics - 60 total (1 active), Execution time: mean = 0.05ms, total = 2.92ms, Queueing time: mean = 0.01ms, max = 0.04ms, min = 0.00ms, total = 0.84ms
	CoreWorker.TryDelPendingObjectRefStreams - 30 total (1 active), Execution time: mean = 0.00ms, total = 0.08ms, Queueing time: mean = 0.05ms, max = 0.39ms, min = 0.01ms, total = 1.38ms
	CoreWorkerService.grpc_server.GetCoreWorkerStats.HandleRequestImpl - 20 total (0 active), Execution time: mean = 0.06ms, total = 1.21ms, Queueing time: mean = 0.03ms, max = 0.05ms, min = 0.01ms, total = 0.69ms
	CoreWorkerService.grpc_server.GetCoreWorkerStats - 20 total (0 active), Execution time: mean = 0.34ms, total = 6.71ms, Queueing time: mean = 0.00ms, max = -0.00ms, min = 9223372036854.78ms, total = 0.00ms
	PeriodicalRunner.RunFnPeriodically - 8 total (0 active), Execution time: mean = 0.02ms, total = 0.13ms, Queueing time: mean = 0.06ms, max = 0.11ms, min = 0.00ms, total = 0.50ms
	CoreWorker.PrintEventStats - 5 total (1 active, 1 running), Execution time: mean = 0.25ms, total = 1.25ms, Queueing time: mean = 0.01ms, max = 0.04ms, min = 0.01ms, total = 0.07ms
	CoreWorkerService.grpc_server.PushTask - 4 total (0 active), Execution time: mean = 26481.36ms, total = 105925.46ms, Queueing time: mean = 0.00ms, max = -0.00ms, min = 9223372036854.78ms, total = 0.00ms
	CoreWorkerService.grpc_server.PushTask.HandleRequestImpl - 4 total (0 active), Execution time: mean = 0.08ms, total = 0.32ms, Queueing time: mean = 0.02ms, max = 0.03ms, min = 0.01ms, total = 0.07ms
	CoreWorkerService.grpc_server.PubsubCommandBatch - 3 total (0 active), Execution time: mean = 0.13ms, total = 0.40ms, Queueing time: mean = 0.00ms, max = -0.00ms, min = 9223372036854.78ms, total = 0.00ms
	CoreWorkerService.grpc_server.PubsubCommandBatch.HandleRequestImpl - 3 total (0 active), Execution time: mean = 0.02ms, total = 0.07ms, Queueing time: mean = 0.01ms, max = 0.01ms, min = 0.01ms, total = 0.03ms
	CoreWorkerService.grpc_server.PubsubLongPolling - 2 total (2 active), Execution time: mean = 0.00ms, total = 0.00ms, Queueing time: mean = 0.00ms, max = -0.00ms, min = 9223372036854.78ms, total = 0.00ms
	CoreWorkerService.grpc_server.PubsubLongPolling.HandleRequestImpl - 2 total (0 active), Execution time: mean = 0.01ms, total = 0.03ms, Queueing time: mean = 0.03ms, max = 0.04ms, min = 0.02ms, total = 0.05ms
	Publisher.CheckDeadSubscribers - 2 total (1 active), Execution time: mean = 0.00ms, total = 0.00ms, Queueing time: mean = 0.00ms, max = 0.01ms, min = 0.01ms, total = 0.01ms
	Publisher.PublishFailure.WORKER_OBJECT_LOCATIONS_CHANNEL - 1 total (0 active), Execution time: mean = 0.01ms, total = 0.01ms, Queueing time: mean = 0.00ms, max = 0.00ms, min = 0.00ms, total = 0.00ms
	ray::rpc::WorkerInfoGcsService.grpc_client.AddWorkerInfo.OnReplyReceived - 1 total (0 active), Execution time: mean = 0.01ms, total = 0.01ms, Queueing time: mean = 0.01ms, max = 0.01ms, min = 0.01ms, total = 0.01ms
	ray::rpc::WorkerInfoGcsService.grpc_client.AddWorkerInfo - 1 total (0 active), Execution time: mean = 1.07ms, total = 1.07ms, Queueing time: mean = 0.00ms, max = -0.00ms, min = 9223372036854.78ms, total = 0.00ms

-----------------
Task execution event stats:

Global stats: 19361 total (1 active)
Queueing time: mean = 5.50ms, max = 62307.29ms, min = -0.02ms, total = 106399.90ms
Execution time:  mean = 5.47ms, total = 105987.44ms
Event stats:
	CoreWorker.CheckSignal - 19356 total (1 active), Execution time: mean = 0.00ms, total = 63.34ms, Queueing time: mean = 5.50ms, max = 62307.29ms, min = -0.02ms, total = 106399.81ms
	CoreWorker.HandlePushTaskActor - 3 total (0 active), Execution time: mean = 28334.67ms, total = 85004.01ms, Queueing time: mean = 0.03ms, max = 0.04ms, min = 0.01ms, total = 0.08ms
	CoreWorker.HandlePushTask - 1 total (0 active), Execution time: mean = 20920.08ms, total = 20920.08ms, Queueing time: mean = 0.00ms, max = 0.00ms, min = 0.00ms, total = 0.00ms
	PeriodicalRunner.RunFnPeriodically - 1 total (0 active), Execution time: mean = 0.01ms, total = 0.01ms, Queueing time: mean = 0.00ms, max = 0.00ms, min = 0.00ms, total = 0.00ms

-----------------
Task Event stats:

IO Service Stats:

Global stats: 313 total (1 active)
Queueing time: mean = 0.03ms, max = 0.27ms, min = 0.01ms, total = 8.43ms
Execution time:  mean = 0.02ms, total = 7.69ms
Event stats:
	CoreWorker.deadline_timer.flush_task_events - 300 total (1 active), Execution time: mean = 0.01ms, total = 3.96ms, Queueing time: mean = 0.03ms, max = 0.27ms, min = 0.01ms, total = 8.28ms
	ray::rpc::TaskInfoGcsService.grpc_client.AddTaskEventData - 6 total (0 active), Execution time: mean = 0.58ms, total = 3.49ms, Queueing time: mean = 0.00ms, max = -0.00ms, min = 9223372036854.78ms, total = 0.00ms
	ray::rpc::TaskInfoGcsService.grpc_client.AddTaskEventData.OnReplyReceived - 6 total (0 active), Execution time: mean = 0.04ms, total = 0.22ms, Queueing time: mean = 0.02ms, max = 0.04ms, min = 0.01ms, total = 0.14ms
	PeriodicalRunner.RunFnPeriodically - 1 total (0 active), Execution time: mean = 0.02ms, total = 0.02ms, Queueing time: mean = 0.01ms, max = 0.01ms, min = 0.01ms, total = 0.01ms
Other Stats:
	gcs_grpc_in_progress:0
	event_aggregator_grpc_in_progress:0
	current number of task status events in buffer: 0
	current number of profile events in buffer: 0
	current number of dropped task attempts tracked: 0
	total task events sent: 0.00180626 MiB
	total number of task attempts sent: 8
	total number of task attempts dropped reported: 0
	total number of sent failure: 0
	num status task events dropped: 0
	num profile task events dropped: 0
	num ray task events reported to aggregator: 0
	num ray task events failed to report to aggregator: 0
	num of task attempts dropped reported to aggregator: 0
	num of failed requests to aggregator: 0

[2026-09-03 22:05:33,422 I 965 1177] core_worker.cc:498: Event stats:


Global stats: 4875 total (11 active)
Queueing time: mean = 0.02ms, max = 1.07ms, min = -0.00ms, total = 112.82ms
Execution time:  mean = 21.73ms, total = 105956.30ms
Event stats:
	CoreWorker.RecoverObjects - 3600 total (1 active), Execution time: mean = 0.00ms, total = 9.20ms, Queueing time: mean = 0.02ms, max = 1.07ms, min = 0.00ms, total = 80.39ms
	CoreWorker.ExitIfParentRayletDies - 360 total (1 active), Execution time: mean = 0.01ms, total = 2.44ms, Queueing time: mean = 0.02ms, max = 0.24ms, min = 0.00ms, total = 8.69ms
	CoreWorker.InternalHeartbeat - 360 total (1 active), Execution time: mean = 0.00ms, total = 1.17ms, Queueing time: mean = 0.03ms, max = 0.44ms, min = 0.00ms, total = 9.79ms
	CoreWorker.ReportWorkerBacklog - 360 total (1 active), Execution time: mean = 0.00ms, total = 1.39ms, Queueing time: mean = 0.03ms, max = 0.44ms, min = -0.00ms, total = 9.57ms
	CoreWorker.RecordMetrics - 72 total (1 active), Execution time: mean = 0.05ms, total = 3.37ms, Queueing time: mean = 0.01ms, max = 0.04ms, min = 0.00ms, total = 0.99ms
	CoreWorker.TryDelPendingObjectRefStreams - 36 total (1 active), Execution time: mean = 0.00ms, total = 0.10ms, Queueing time: mean = 0.05ms, max = 0.39ms, min = 0.00ms, total = 1.75ms
	CoreWorkerService.grpc_server.GetCoreWorkerStats.HandleRequestImpl - 24 total (0 active), Execution time: mean = 0.06ms, total = 1.42ms, Queueing time: mean = 0.03ms, max = 0.05ms, min = 0.01ms, total = 0.82ms
	CoreWorkerService.grpc_server.GetCoreWorkerStats - 24 total (0 active), Execution time: mean = 0.33ms, total = 7.94ms, Queueing time: mean = 0.00ms, max = -0.00ms, min = 9223372036854.78ms, total = 0.00ms
	PeriodicalRunner.RunFnPeriodically - 8 total (0 active), Execution time: mean = 0.02ms, total = 0.13ms, Queueing time: mean = 0.06ms, max = 0.11ms, min = 0.00ms, total = 0.50ms
	CoreWorker.PrintEventStats - 6 total (1 active, 1 running), Execution time: mean = 0.27ms, total = 1.65ms, Queueing time: mean = 0.02ms, max = 0.04ms, min = 0.01ms, total = 0.10ms
	CoreWorkerService.grpc_server.PushTask - 5 total (1 active), Execution time: mean = 21185.09ms, total = 105925.46ms, Queueing time: mean = 0.00ms, max = -0.00ms, min = 9223372036854.78ms, total = 0.00ms
	CoreWorkerService.grpc_server.PushTask.HandleRequestImpl - 5 total (0 active), Execution time: mean = 0.09ms, total = 0.45ms, Queueing time: mean = 0.02ms, max = 0.04ms, min = 0.01ms, total = 0.10ms
	CoreWorkerService.grpc_server.PubsubCommandBatch - 3 total (0 active), Execution time: mean = 0.13ms, total = 0.40ms, Queueing time: mean = 0.00ms, max = -0.00ms, min = 9223372036854.78ms, total = 0.00ms
	CoreWorkerService.grpc_server.PubsubCommandBatch.HandleRequestImpl - 3 total (0 active), Execution time: mean = 0.02ms, total = 0.07ms, Queueing time: mean = 0.01ms, max = 0.01ms, min = 0.01ms, total = 0.03ms
	CoreWorkerService.grpc_server.PubsubLongPolling - 2 total (2 active), Execution time: mean = 0.00ms, total = 0.00ms, Queueing time: mean = 0.00ms, max = -0.00ms, min = 9223372036854.78ms, total = 0.00ms
	CoreWorkerService.grpc_server.PubsubLongPolling.HandleRequestImpl - 2 total (0 active), Execution time: mean = 0.01ms, total = 0.03ms, Queueing time: mean = 0.03ms, max = 0.04ms, min = 0.02ms, total = 0.05ms
	Publisher.CheckDeadSubscribers - 2 total (1 active), Execution time: mean = 0.00ms, total = 0.00ms, Queueing time: mean = 0.00ms, max = 0.01ms, min = 0.01ms, total = 0.01ms
	Publisher.PublishFailure.WORKER_OBJECT_LOCATIONS_CHANNEL - 1 total (0 active), Execution time: mean = 0.01ms, total = 0.01ms, Queueing time: mean = 0.00ms, max = 0.00ms, min = 0.00ms, total = 0.00ms
	ray::rpc::WorkerInfoGcsService.grpc_client.AddWorkerInfo.OnReplyReceived - 1 total (0 active), Execution time: mean = 0.01ms, total = 0.01ms, Queueing time: mean = 0.01ms, max = 0.01ms, min = 0.01ms, total = 0.01ms
	ray::rpc::WorkerInfoGcsService.grpc_client.AddWorkerInfo - 1 total (0 active), Execution time: mean = 1.07ms, total = 1.07ms, Queueing time: mean = 0.00ms, max = -0.00ms, min = 9223372036854.78ms, total = 0.00ms

-----------------
Task execution event stats:

Global stats: 22036 total (2 active)
Queueing time: mean = 4.83ms, max = 62307.29ms, min = -0.02ms, total = 106477.20ms
Execution time:  mean = 4.81ms, total = 105996.64ms
Event stats:
	CoreWorker.CheckSignal - 22030 total (1 active), Execution time: mean = 0.00ms, total = 72.54ms, Queueing time: mean = 4.83ms, max = 62307.29ms, min = -0.02ms, total = 106477.11ms
	CoreWorker.HandlePushTaskActor - 4 total (1 active, 1 running), Execution time: mean = 21251.00ms, total = 85004.01ms, Queueing time: mean = 0.02ms, max = 0.04ms, min = 0.01ms, total = 0.08ms
	CoreWorker.HandlePushTask - 1 total (0 active), Execution time: mean = 20920.08ms, total = 20920.08ms, Queueing time: mean = 0.00ms, max = 0.00ms, min = 0.00ms, total = 0.00ms
	PeriodicalRunner.RunFnPeriodically - 1 total (0 active), Execution time: mean = 0.01ms, total = 0.01ms, Queueing time: mean = 0.00ms, max = 0.00ms, min = 0.00ms, total = 0.00ms

-----------------
Task Event stats:

IO Service Stats:

Global stats: 375 total (1 active)
Queueing time: mean = 0.03ms, max = 0.27ms, min = 0.01ms, total = 10.22ms
Execution time:  mean = 0.02ms, total = 9.06ms
Event stats:
	CoreWorker.deadline_timer.flush_task_events - 360 total (1 active), Execution time: mean = 0.01ms, total = 4.81ms, Queueing time: mean = 0.03ms, max = 0.27ms, min = 0.01ms, total = 10.06ms
	ray::rpc::TaskInfoGcsService.grpc_client.AddTaskEventData - 7 total (0 active), Execution time: mean = 0.57ms, total = 3.99ms, Queueing time: mean = 0.00ms, max = -0.00ms, min = 9223372036854.78ms, total = 0.00ms
	ray::rpc::TaskInfoGcsService.grpc_client.AddTaskEventData.OnReplyReceived - 7 total (0 active), Execution time: mean = 0.03ms, total = 0.24ms, Queueing time: mean = 0.02ms, max = 0.04ms, min = 0.01ms, total = 0.16ms
	PeriodicalRunner.RunFnPeriodically - 1 total (0 active), Execution time: mean = 0.02ms, total = 0.02ms, Queueing time: mean = 0.01ms, max = 0.01ms, min = 0.01ms, total = 0.01ms
Other Stats:
	gcs_grpc_in_progress:0
	event_aggregator_grpc_in_progress:0
	current number of task status events in buffer: 0
	current number of profile events in buffer: 0
	current number of dropped task attempts tracked: 0
	total task events sent: 0.00197411 MiB
	total number of task attempts sent: 9
	total number of task attempts dropped reported: 0
	total number of sent failure: 0
	num status task events dropped: 0
	num profile task events dropped: 0
	num ray task events reported to aggregator: 0
	num ray task events failed to report to aggregator: 0
	num of task attempts dropped reported to aggregator: 0
	num of failed requests to aggregator: 0

[2026-09-03 22:06:33,422 I 965 1177] core_worker.cc:498: Event stats:


Global stats: 5682 total (11 active)
Queueing time: mean = 0.02ms, max = 1.07ms, min = -0.00ms, total = 125.14ms
Execution time:  mean = 18.65ms, total = 105960.97ms
Event stats:
	CoreWorker.RecoverObjects - 4200 total (1 active), Execution time: mean = 0.00ms, total = 10.94ms, Queueing time: mean = 0.02ms, max = 1.07ms, min = 0.00ms, total = 89.65ms
	CoreWorker.ExitIfParentRayletDies - 420 total (1 active), Execution time: mean = 0.01ms, total = 2.85ms, Queueing time: mean = 0.02ms, max = 0.24ms, min = 0.00ms, total = 9.43ms
	CoreWorker.InternalHeartbeat - 420 total (1 active), Execution time: mean = 0.00ms, total = 1.37ms, Queueing time: mean = 0.03ms, max = 0.44ms, min = 0.00ms, total = 10.74ms
	CoreWorker.ReportWorkerBacklog - 420 total (1 active), Execution time: mean = 0.00ms, total = 1.62ms, Queueing time: mean = 0.03ms, max = 0.44ms, min = -0.00ms, total = 10.50ms
	CoreWorker.RecordMetrics - 84 total (1 active), Execution time: mean = 0.05ms, total = 3.88ms, Queueing time: mean = 0.01ms, max = 0.04ms, min = 0.00ms, total = 1.17ms
	CoreWorker.TryDelPendingObjectRefStreams - 42 total (1 active), Execution time: mean = 0.00ms, total = 0.11ms, Queueing time: mean = 0.05ms, max = 0.39ms, min = 0.00ms, total = 1.93ms
	CoreWorkerService.grpc_server.GetCoreWorkerStats.HandleRequestImpl - 28 total (0 active), Execution time: mean = 0.06ms, total = 1.60ms, Queueing time: mean = 0.03ms, max = 0.05ms, min = 0.01ms, total = 0.89ms
	CoreWorkerService.grpc_server.GetCoreWorkerStats - 28 total (0 active), Execution time: mean = 0.33ms, total = 9.13ms, Queueing time: mean = 0.00ms, max = -0.00ms, min = 9223372036854.78ms, total = 0.00ms
	PeriodicalRunner.RunFnPeriodically - 8 total (0 active), Execution time: mean = 0.02ms, total = 0.13ms, Queueing time: mean = 0.06ms, max = 0.11ms, min = 0.00ms, total = 0.50ms
	CoreWorker.PrintEventStats - 7 total (1 active, 1 running), Execution time: mean = 0.26ms, total = 1.85ms, Queueing time: mean = 0.02ms, max = 0.04ms, min = 0.01ms, total = 0.11ms
	CoreWorkerService.grpc_server.PushTask - 5 total (1 active), Execution time: mean = 21185.09ms, total = 105925.46ms, Queueing time: mean = 0.00ms, max = -0.00ms, min = 9223372036854.78ms, total = 0.00ms
	CoreWorkerService.grpc_server.PushTask.HandleRequestImpl - 5 total (0 active), Execution time: mean = 0.09ms, total = 0.45ms, Queueing time: mean = 0.02ms, max = 0.04ms, min = 0.01ms, total = 0.10ms
	CoreWorkerService.grpc_server.PubsubCommandBatch - 3 total (0 active), Execution time: mean = 0.13ms, total = 0.40ms, Queueing time: mean = 0.00ms, max = -0.00ms, min = 9223372036854.78ms, total = 0.00ms
	CoreWorkerService.grpc_server.PubsubCommandBatch.HandleRequestImpl - 3 total (0 active), Execution time: mean = 0.02ms, total = 0.07ms, Queueing time: mean = 0.01ms, max = 0.01ms, min = 0.01ms, total = 0.03ms
	CoreWorkerService.grpc_server.PubsubLongPolling - 2 total (2 active), Execution time: mean = 0.00ms, total = 0.00ms, Queueing time: mean = 0.00ms, max = -0.00ms, min = 9223372036854.78ms, total = 0.00ms
	CoreWorkerService.grpc_server.PubsubLongPolling.HandleRequestImpl - 2 total (0 active), Execution time: mean = 0.01ms, total = 0.03ms, Queueing time: mean = 0.03ms, max = 0.04ms, min = 0.02ms, total = 0.05ms
	Publisher.CheckDeadSubscribers - 2 total (1 active), Execution time: mean = 0.00ms, total = 0.00ms, Queueing time: mean = 0.00ms, max = 0.01ms, min = 0.01ms, total = 0.01ms
	Publisher.PublishFailure.WORKER_OBJECT_LOCATIONS_CHANNEL - 1 total (0 active), Execution time: mean = 0.01ms, total = 0.01ms, Queueing time: mean = 0.00ms, max = 0.00ms, min = 0.00ms, total = 0.00ms
	ray::rpc::WorkerInfoGcsService.grpc_client.AddWorkerInfo.OnReplyReceived - 1 total (0 active), Execution time: mean = 0.01ms, total = 0.01ms, Queueing time: mean = 0.01ms, max = 0.01ms, min = 0.01ms, total = 0.01ms
	ray::rpc::WorkerInfoGcsService.grpc_client.AddWorkerInfo - 1 total (0 active), Execution time: mean = 1.07ms, total = 1.07ms, Queueing time: mean = 0.00ms, max = -0.00ms, min = 9223372036854.78ms, total = 0.00ms

-----------------
Task execution event stats:

Global stats: 22036 total (2 active)
Queueing time: mean = 4.83ms, max = 62307.29ms, min = -0.02ms, total = 106477.20ms
Execution time:  mean = 4.81ms, total = 105996.64ms
Event stats:
	CoreWorker.CheckSignal - 22030 total (1 active), Execution time: mean = 0.00ms, total = 72.54ms, Queueing time: mean = 4.83ms, max = 62307.29ms, min = -0.02ms, total = 106477.11ms
	CoreWorker.HandlePushTaskActor - 4 total (1 active, 1 running), Execution time: mean = 21251.00ms, total = 85004.01ms, Queueing time: mean = 0.02ms, max = 0.04ms, min = 0.01ms, total = 0.08ms
	CoreWorker.HandlePushTask - 1 total (0 active), Execution time: mean = 20920.08ms, total = 20920.08ms, Queueing time: mean = 0.00ms, max = 0.00ms, min = 0.00ms, total = 0.00ms
	PeriodicalRunner.RunFnPeriodically - 1 total (0 active), Execution time: mean = 0.01ms, total = 0.01ms, Queueing time: mean = 0.00ms, max = 0.00ms, min = 0.00ms, total = 0.00ms

-----------------
Task Event stats:

IO Service Stats:

Global stats: 435 total (1 active)
Queueing time: mean = 0.03ms, max = 0.27ms, min = 0.01ms, total = 11.67ms
Execution time:  mean = 0.02ms, total = 9.91ms
Event stats:
	CoreWorker.deadline_timer.flush_task_events - 420 total (1 active), Execution time: mean = 0.01ms, total = 5.66ms, Queueing time: mean = 0.03ms, max = 0.27ms, min = 0.01ms, total = 11.51ms
	ray::rpc::TaskInfoGcsService.grpc_client.AddTaskEventData - 7 total (0 active), Execution time: mean = 0.57ms, total = 3.99ms, Queueing time: mean = 0.00ms, max = -0.00ms, min = 9223372036854.78ms, total = 0.00ms
	ray::rpc::TaskInfoGcsService.grpc_client.AddTaskEventData.OnReplyReceived - 7 total (0 active), Execution time: mean = 0.03ms, total = 0.24ms, Queueing time: mean = 0.02ms, max = 0.04ms, min = 0.01ms, total = 0.16ms
	PeriodicalRunner.RunFnPeriodically - 1 total (0 active), Execution time: mean = 0.02ms, total = 0.02ms, Queueing time: mean = 0.01ms, max = 0.01ms, min = 0.01ms, total = 0.01ms
Other Stats:
	gcs_grpc_in_progress:0
	event_aggregator_grpc_in_progress:0
	current number of task status events in buffer: 0
	current number of profile events in buffer: 0
	current number of dropped task attempts tracked: 0
	total task events sent: 0.00197411 MiB
	total number of task attempts sent: 9
	total number of task attempts dropped reported: 0
	total number of sent failure: 0
	num status task events dropped: 0
	num profile task events dropped: 0
	num ray task events reported to aggregator: 0
	num ray task events failed to report to aggregator: 0
	num of task attempts dropped reported to aggregator: 0
	num of failed requests to aggregator: 0

[2026-09-03 22:07:10,979 I 965 965] actor_task_submitter.cc:75: Set actor max pending calls to -1 actor_id=25c7066656ef37f101908f5d01000000
[2026-09-03 22:07:10,979 I 965 965] actor_task_submitter.cc:75: Set actor max pending calls to -1 actor_id=ed804803bd01dc0de9765f8001000000
[2026-09-03 22:07:33,422 I 965 1177] core_worker.cc:498: Event stats:


Global stats: 6508 total (10 active)
Queueing time: mean = 0.02ms, max = 1.17ms, min = -0.00ms, total = 141.28ms
Execution time:  mean = 36.74ms, total = 239106.91ms
Event stats:
	CoreWorker.RecoverObjects - 4799 total (1 active), Execution time: mean = 0.00ms, total = 12.34ms, Queueing time: mean = 0.02ms, max = 1.17ms, min = 0.00ms, total = 101.36ms
	CoreWorker.ExitIfParentRayletDies - 480 total (1 active), Execution time: mean = 0.01ms, total = 3.27ms, Queueing time: mean = 0.02ms, max = 0.24ms, min = 0.00ms, total = 10.50ms
	CoreWorker.InternalHeartbeat - 480 total (1 active), Execution time: mean = 0.00ms, total = 1.57ms, Queueing time: mean = 0.03ms, max = 0.44ms, min = 0.00ms, total = 12.02ms
	CoreWorker.ReportWorkerBacklog - 480 total (1 active), Execution time: mean = 0.00ms, total = 1.87ms, Queueing time: mean = 0.02ms, max = 0.44ms, min = -0.00ms, total = 11.74ms
	CoreWorker.RecordMetrics - 96 total (1 active), Execution time: mean = 0.05ms, total = 4.42ms, Queueing time: mean = 0.01ms, max = 0.04ms, min = 0.00ms, total = 1.30ms
	CoreWorker.TryDelPendingObjectRefStreams - 48 total (1 active), Execution time: mean = 0.00ms, total = 0.12ms, Queueing time: mean = 0.04ms, max = 0.39ms, min = 0.00ms, total = 2.15ms
	CoreWorkerService.grpc_server.GetCoreWorkerStats.HandleRequestImpl - 32 total (0 active), Execution time: mean = 0.05ms, total = 1.76ms, Queueing time: mean = 0.03ms, max = 0.05ms, min = 0.01ms, total = 0.97ms
	CoreWorkerService.grpc_server.GetCoreWorkerStats - 32 total (0 active), Execution time: mean = 0.32ms, total = 10.17ms, Queueing time: mean = 0.00ms, max = -0.00ms, min = 9223372036854.78ms, total = 0.00ms
	Publisher.PublishFailure.WORKER_OBJECT_LOCATIONS_CHANNEL - 17 total (0 active), Execution time: mean = 0.00ms, total = 0.03ms, Queueing time: mean = 0.02ms, max = 0.03ms, min = 0.00ms, total = 0.38ms
	CoreWorker.PrintEventStats - 8 total (1 active, 1 running), Execution time: mean = 0.26ms, total = 2.08ms, Queueing time: mean = 0.02ms, max = 0.04ms, min = 0.01ms, total = 0.13ms
	PeriodicalRunner.RunFnPeriodically - 8 total (0 active), Execution time: mean = 0.02ms, total = 0.13ms, Queueing time: mean = 0.06ms, max = 0.11ms, min = 0.00ms, total = 0.50ms
	CoreWorkerService.grpc_server.PushTask - 7 total (0 active), Execution time: mean = 34152.43ms, total = 239067.00ms, Queueing time: mean = 0.00ms, max = -0.00ms, min = 9223372036854.78ms, total = 0.00ms
	CoreWorkerService.grpc_server.PushTask.HandleRequestImpl - 7 total (0 active), Execution time: mean = 0.08ms, total = 0.58ms, Queueing time: mean = 0.02ms, max = 0.04ms, min = 0.01ms, total = 0.13ms
	CoreWorkerService.grpc_server.PubsubCommandBatch - 3 total (0 active), Execution time: mean = 0.13ms, total = 0.40ms, Queueing time: mean = 0.00ms, max = -0.00ms, min = 9223372036854.78ms, total = 0.00ms
	CoreWorkerService.grpc_server.PubsubCommandBatch.HandleRequestImpl - 3 total (0 active), Execution time: mean = 0.02ms, total = 0.07ms, Queueing time: mean = 0.01ms, max = 0.01ms, min = 0.01ms, total = 0.03ms
	CoreWorkerService.grpc_server.PubsubLongPolling - 2 total (2 active), Execution time: mean = 0.00ms, total = 0.00ms, Queueing time: mean = 0.00ms, max = -0.00ms, min = 9223372036854.78ms, total = 0.00ms
	CoreWorkerService.grpc_server.PubsubLongPolling.HandleRequestImpl - 2 total (0 active), Execution time: mean = 0.01ms, total = 0.03ms, Queueing time: mean = 0.03ms, max = 0.04ms, min = 0.02ms, total = 0.05ms
	Publisher.CheckDeadSubscribers - 2 total (1 active), Execution time: mean = 0.00ms, total = 0.00ms, Queueing time: mean = 0.00ms, max = 0.01ms, min = 0.01ms, total = 0.01ms
	ray::rpc::WorkerInfoGcsService.grpc_client.AddWorkerInfo.OnReplyReceived - 1 total (0 active), Execution time: mean = 0.01ms, total = 0.01ms, Queueing time: mean = 0.01ms, max = 0.01ms, min = 0.01ms, total = 0.01ms
	ray::rpc::WorkerInfoGcsService.grpc_client.AddWorkerInfo - 1 total (0 active), Execution time: mean = 1.07ms, total = 1.07ms, Queueing time: mean = 0.00ms, max = -0.00ms, min = 9223372036854.78ms, total = 0.00ms

-----------------
Task execution event stats:

Global stats: 24039 total (1 active)
Queueing time: mean = 9.97ms, max = 129261.65ms, min = -0.02ms, total = 239649.02ms
Execution time:  mean = 9.95ms, total = 239143.75ms
Event stats:
	CoreWorker.CheckSignal - 24031 total (1 active), Execution time: mean = 0.00ms, total = 79.03ms, Queueing time: mean = 9.97ms, max = 129261.65ms, min = -0.02ms, total = 239648.87ms
	CoreWorker.HandlePushTaskActor - 6 total (0 active), Execution time: mean = 36357.44ms, total = 218144.64ms, Queueing time: mean = 0.02ms, max = 0.04ms, min = 0.01ms, total = 0.15ms
	CoreWorker.HandlePushTask - 1 total (0 active), Execution time: mean = 20920.08ms, total = 20920.08ms, Queueing time: mean = 0.00ms, max = 0.00ms, min = 0.00ms, total = 0.00ms
	PeriodicalRunner.RunFnPeriodically - 1 total (0 active), Execution time: mean = 0.01ms, total = 0.01ms, Queueing time: mean = 0.00ms, max = 0.00ms, min = 0.00ms, total = 0.00ms

-----------------
Task Event stats:

IO Service Stats:

Global stats: 501 total (1 active)
Queueing time: mean = 0.03ms, max = 0.27ms, min = 0.01ms, total = 13.25ms
Execution time:  mean = 0.03ms, total = 12.53ms
Event stats:
	CoreWorker.deadline_timer.flush_task_events - 480 total (1 active), Execution time: mean = 0.01ms, total = 6.80ms, Queueing time: mean = 0.03ms, max = 0.27ms, min = 0.01ms, total = 13.02ms
	ray::rpc::TaskInfoGcsService.grpc_client.AddTaskEventData - 10 total (0 active), Execution time: mean = 0.54ms, total = 5.39ms, Queueing time: mean = 0.00ms, max = -0.00ms, min = 9223372036854.78ms, total = 0.00ms
	ray::rpc::TaskInfoGcsService.grpc_client.AddTaskEventData.OnReplyReceived - 10 total (0 active), Execution time: mean = 0.03ms, total = 0.32ms, Queueing time: mean = 0.02ms, max = 0.04ms, min = 0.01ms, total = 0.23ms
	PeriodicalRunner.RunFnPeriodically - 1 total (0 active), Execution time: mean = 0.02ms, total = 0.02ms, Queueing time: mean = 0.01ms, max = 0.01ms, min = 0.01ms, total = 0.01ms
Other Stats:
	gcs_grpc_in_progress:0
	event_aggregator_grpc_in_progress:0
	current number of task status events in buffer: 0
	current number of profile events in buffer: 0
	current number of dropped task attempts tracked: 0
	total task events sent: 0.00315952 MiB
	total number of task attempts sent: 13
	total number of task attempts dropped reported: 0
	total number of sent failure: 0
	num status task events dropped: 0
	num profile task events dropped: 0
	num ray task events reported to aggregator: 0
	num ray task events failed to report to aggregator: 0
	num of task attempts dropped reported to aggregator: 0
	num of failed requests to aggregator: 0

[2026-09-03 22:08:33,422 I 965 1177] core_worker.cc:498: Event stats:


Global stats: 7315 total (10 active)
Queueing time: mean = 0.02ms, max = 1.17ms, min = -0.00ms, total = 157.27ms
Execution time:  mean = 32.69ms, total = 239111.16ms
Event stats:
	CoreWorker.RecoverObjects - 5399 total (1 active), Execution time: mean = 0.00ms, total = 13.65ms, Queueing time: mean = 0.02ms, max = 1.17ms, min = 0.00ms, total = 112.94ms
	CoreWorker.ExitIfParentRayletDies - 540 total (1 active), Execution time: mean = 0.01ms, total = 3.61ms, Queueing time: mean = 0.02ms, max = 0.24ms, min = 0.00ms, total = 11.65ms
	CoreWorker.InternalHeartbeat - 540 total (1 active), Execution time: mean = 0.00ms, total = 1.75ms, Queueing time: mean = 0.02ms, max = 0.44ms, min = 0.00ms, total = 13.32ms
	CoreWorker.ReportWorkerBacklog - 540 total (1 active), Execution time: mean = 0.00ms, total = 2.05ms, Queueing time: mean = 0.02ms, max = 0.44ms, min = -0.00ms, total = 13.03ms
	CoreWorker.RecordMetrics - 108 total (1 active), Execution time: mean = 0.04ms, total = 4.82ms, Queueing time: mean = 0.01ms, max = 0.04ms, min = 0.00ms, total = 1.51ms
	CoreWorker.TryDelPendingObjectRefStreams - 54 total (1 active), Execution time: mean = 0.00ms, total = 0.14ms, Queueing time: mean = 0.05ms, max = 0.39ms, min = 0.00ms, total = 2.50ms
	CoreWorkerService.grpc_server.GetCoreWorkerStats.HandleRequestImpl - 36 total (0 active), Execution time: mean = 0.05ms, total = 1.96ms, Queueing time: mean = 0.03ms, max = 0.05ms, min = 0.01ms, total = 1.09ms
	CoreWorkerService.grpc_server.GetCoreWorkerStats - 36 total (0 active), Execution time: mean = 0.32ms, total = 11.46ms, Queueing time: mean = 0.00ms, max = -0.00ms, min = 9223372036854.78ms, total = 0.00ms
	Publisher.PublishFailure.WORKER_OBJECT_LOCATIONS_CHANNEL - 17 total (0 active), Execution time: mean = 0.00ms, total = 0.03ms, Queueing time: mean = 0.02ms, max = 0.03ms, min = 0.00ms, total = 0.38ms
	CoreWorker.PrintEventStats - 9 total (1 active, 1 running), Execution time: mean = 0.27ms, total = 2.40ms, Queueing time: mean = 0.01ms, max = 0.04ms, min = 0.01ms, total = 0.13ms
	PeriodicalRunner.RunFnPeriodically - 8 total (0 active), Execution time: mean = 0.02ms, total = 0.13ms, Queueing time: mean = 0.06ms, max = 0.11ms, min = 0.00ms, total = 0.50ms
	CoreWorkerService.grpc_server.PushTask - 7 total (0 active), Execution time: mean = 34152.43ms, total = 239067.00ms, Queueing time: mean = 0.00ms, max = -0.00ms, min = 9223372036854.78ms, total = 0.00ms
	CoreWorkerService.grpc_server.PushTask.HandleRequestImpl - 7 total (0 active), Execution time: mean = 0.08ms, total = 0.58ms, Queueing time: mean = 0.02ms, max = 0.04ms, min = 0.01ms, total = 0.13ms
	CoreWorkerService.grpc_server.PubsubCommandBatch - 3 total (0 active), Execution time: mean = 0.13ms, total = 0.40ms, Queueing time: mean = 0.00ms, max = -0.00ms, min = 9223372036854.78ms, total = 0.00ms
	CoreWorkerService.grpc_server.PubsubCommandBatch.HandleRequestImpl - 3 total (0 active), Execution time: mean = 0.02ms, total = 0.07ms, Queueing time: mean = 0.01ms, max = 0.01ms, min = 0.01ms, total = 0.03ms
	CoreWorkerService.grpc_server.PubsubLongPolling - 2 total (2 active), Execution time: mean = 0.00ms, total = 0.00ms, Queueing time: mean = 0.00ms, max = -0.00ms, min = 9223372036854.78ms, total = 0.00ms
	CoreWorkerService.grpc_server.PubsubLongPolling.HandleRequestImpl - 2 total (0 active), Execution time: mean = 0.01ms, total = 0.03ms, Queueing time: mean = 0.03ms, max = 0.04ms, min = 0.02ms, total = 0.05ms
	Publisher.CheckDeadSubscribers - 2 total (1 active), Execution time: mean = 0.00ms, total = 0.00ms, Queueing time: mean = 0.00ms, max = 0.01ms, min = 0.01ms, total = 0.01ms
	ray::rpc::WorkerInfoGcsService.grpc_client.AddWorkerInfo.OnReplyReceived - 1 total (0 active), Execution time: mean = 0.01ms, total = 0.01ms, Queueing time: mean = 0.01ms, max = 0.01ms, min = 0.01ms, total = 0.01ms
	ray::rpc::WorkerInfoGcsService.grpc_client.AddWorkerInfo - 1 total (0 active), Execution time: mean = 1.07ms, total = 1.07ms, Queueing time: mean = 0.00ms, max = -0.00ms, min = 9223372036854.78ms, total = 0.00ms

-----------------
Task execution event stats:

Global stats: 30024 total (1 active)
Queueing time: mean = 7.99ms, max = 129261.65ms, min = -0.02ms, total = 239785.07ms
Execution time:  mean = 7.97ms, total = 239159.87ms
Event stats:
	CoreWorker.CheckSignal - 30016 total (1 active), Execution time: mean = 0.00ms, total = 95.15ms, Queueing time: mean = 7.99ms, max = 129261.65ms, min = -0.02ms, total = 239784.92ms
	CoreWorker.HandlePushTaskActor - 6 total (0 active), Execution time: mean = 36357.44ms, total = 218144.64ms, Queueing time: mean = 0.02ms, max = 0.04ms, min = 0.01ms, total = 0.15ms
	CoreWorker.HandlePushTask - 1 total (0 active), Execution time: mean = 20920.08ms, total = 20920.08ms, Queueing time: mean = 0.00ms, max = 0.00ms, min = 0.00ms, total = 0.00ms
	PeriodicalRunner.RunFnPeriodically - 1 total (0 active), Execution time: mean = 0.01ms, total = 0.01ms, Queueing time: mean = 0.00ms, max = 0.00ms, min = 0.00ms, total = 0.00ms

-----------------
Task Event stats:

IO Service Stats:

Global stats: 561 total (1 active)
Queueing time: mean = 0.03ms, max = 0.27ms, min = 0.01ms, total = 14.81ms
Execution time:  mean = 0.02ms, total = 13.04ms
Event stats:
	CoreWorker.deadline_timer.flush_task_events - 540 total (1 active), Execution time: mean = 0.01ms, total = 7.31ms, Queueing time: mean = 0.03ms, max = 0.27ms, min = 0.01ms, total = 14.58ms
	ray::rpc::TaskInfoGcsService.grpc_client.AddTaskEventData - 10 total (0 active), Execution time: mean = 0.54ms, total = 5.39ms, Queueing time: mean = 0.00ms, max = -0.00ms, min = 9223372036854.78ms, total = 0.00ms
	ray::rpc::TaskInfoGcsService.grpc_client.AddTaskEventData.OnReplyReceived - 10 total (0 active), Execution time: mean = 0.03ms, total = 0.32ms, Queueing time: mean = 0.02ms, max = 0.04ms, min = 0.01ms, total = 0.23ms
	PeriodicalRunner.RunFnPeriodically - 1 total (0 active), Execution time: mean = 0.02ms, total = 0.02ms, Queueing time: mean = 0.01ms, max = 0.01ms, min = 0.01ms, total = 0.01ms
Other Stats:
	gcs_grpc_in_progress:0
	event_aggregator_grpc_in_progress:0
	current number of task status events in buffer: 0
	current number of profile events in buffer: 0
	current number of dropped task attempts tracked: 0
	total task events sent: 0.00315952 MiB
	total number of task attempts sent: 13
	total number of task attempts dropped reported: 0
	total number of sent failure: 0
	num status task events dropped: 0
	num profile task events dropped: 0
	num ray task events reported to aggregator: 0
	num ray task events failed to report to aggregator: 0
	num of task attempts dropped reported to aggregator: 0
	num of failed requests to aggregator: 0

[2026-09-03 22:09:33,423 I 965 1177] core_worker.cc:498: Event stats:


Global stats: 8129 total (11 active)
Queueing time: mean = 0.02ms, max = 1.17ms, min = -0.00ms, total = 173.00ms
Execution time:  mean = 144.12ms, total = 1171581.60ms
Event stats:
	CoreWorker.RecoverObjects - 5999 total (1 active), Execution time: mean = 0.00ms, total = 15.02ms, Queueing time: mean = 0.02ms, max = 1.17ms, min = 0.00ms, total = 124.37ms
	CoreWorker.ExitIfParentRayletDies - 600 total (1 active), Execution time: mean = 0.01ms, total = 4.00ms, Queueing time: mean = 0.02ms, max = 0.24ms, min = 0.00ms, total = 12.73ms
	CoreWorker.InternalHeartbeat - 600 total (1 active), Execution time: mean = 0.00ms, total = 1.93ms, Queueing time: mean = 0.02ms, max = 0.44ms, min = 0.00ms, total = 14.60ms
	CoreWorker.ReportWorkerBacklog - 600 total (1 active), Execution time: mean = 0.00ms, total = 2.27ms, Queueing time: mean = 0.02ms, max = 0.44ms, min = -0.00ms, total = 14.26ms
	CoreWorker.RecordMetrics - 120 total (1 active), Execution time: mean = 0.04ms, total = 5.32ms, Queueing time: mean = 0.01ms, max = 0.04ms, min = 0.00ms, total = 1.74ms
	CoreWorker.TryDelPendingObjectRefStreams - 60 total (1 active), Execution time: mean = 0.00ms, total = 0.15ms, Queueing time: mean = 0.05ms, max = 0.39ms, min = 0.00ms, total = 2.76ms
	CoreWorkerService.grpc_server.GetCoreWorkerStats.HandleRequestImpl - 40 total (0 active), Execution time: mean = 0.05ms, total = 2.16ms, Queueing time: mean = 0.03ms, max = 0.05ms, min = 0.01ms, total = 1.20ms
	CoreWorkerService.grpc_server.GetCoreWorkerStats - 40 total (0 active), Execution time: mean = 0.32ms, total = 12.75ms, Queueing time: mean = 0.00ms, max = -0.00ms, min = 9223372036854.78ms, total = 0.00ms
	Publisher.PublishFailure.WORKER_OBJECT_LOCATIONS_CHANNEL - 17 total (0 active), Execution time: mean = 0.00ms, total = 0.03ms, Queueing time: mean = 0.02ms, max = 0.03ms, min = 0.00ms, total = 0.38ms
	CoreWorker.PrintEventStats - 10 total (1 active, 1 running), Execution time: mean = 0.26ms, total = 2.65ms, Queueing time: mean = 0.01ms, max = 0.04ms, min = 0.01ms, total = 0.14ms
	CoreWorkerService.grpc_server.PushTask - 8 total (1 active), Execution time: mean = 29883.37ms, total = 239067.00ms, Queueing time: mean = 0.00ms, max = -0.00ms, min = 9223372036854.78ms, total = 0.00ms
	PeriodicalRunner.RunFnPeriodically - 8 total (0 active), Execution time: mean = 0.02ms, total = 0.13ms, Queueing time: mean = 0.06ms, max = 0.11ms, min = 0.00ms, total = 0.50ms
	CoreWorkerService.grpc_server.PushTask.HandleRequestImpl - 8 total (0 active), Execution time: mean = 0.08ms, total = 0.66ms, Queueing time: mean = 0.02ms, max = 0.04ms, min = 0.01ms, total = 0.15ms
	CoreWorkerService.grpc_server.PubsubLongPolling - 4 total (2 active), Execution time: mean = 233116.47ms, total = 932465.90ms, Queueing time: mean = 0.00ms, max = -0.00ms, min = 9223372036854.78ms, total = 0.00ms
	CoreWorkerService.grpc_server.PubsubLongPolling.HandleRequestImpl - 4 total (0 active), Execution time: mean = 0.01ms, total = 0.05ms, Queueing time: mean = 0.02ms, max = 0.04ms, min = 0.01ms, total = 0.08ms
	CoreWorkerService.grpc_server.PubsubCommandBatch - 3 total (0 active), Execution time: mean = 0.13ms, total = 0.40ms, Queueing time: mean = 0.00ms, max = -0.00ms, min = 9223372036854.78ms, total = 0.00ms
	Publisher.CheckDeadSubscribers - 3 total (1 active), Execution time: mean = 0.01ms, total = 0.04ms, Queueing time: mean = 0.01ms, max = 0.01ms, min = 0.01ms, total = 0.02ms
	CoreWorkerService.grpc_server.PubsubCommandBatch.HandleRequestImpl - 3 total (0 active), Execution time: mean = 0.02ms, total = 0.07ms, Queueing time: mean = 0.01ms, max = 0.01ms, min = 0.01ms, total = 0.03ms
	ray::rpc::WorkerInfoGcsService.grpc_client.AddWorkerInfo.OnReplyReceived - 1 total (0 active), Execution time: mean = 0.01ms, total = 0.01ms, Queueing time: mean = 0.01ms, max = 0.01ms, min = 0.01ms, total = 0.01ms
	ray::rpc::WorkerInfoGcsService.grpc_client.AddWorkerInfo - 1 total (0 active), Execution time: mean = 1.07ms, total = 1.07ms, Queueing time: mean = 0.00ms, max = -0.00ms, min = 9223372036854.78ms, total = 0.00ms

-----------------
Task execution event stats:

Global stats: 34447 total (2 active)
Queueing time: mean = 6.96ms, max = 129261.65ms, min = -0.02ms, total = 239884.50ms
Execution time:  mean = 6.94ms, total = 239171.83ms
Event stats:
	CoreWorker.CheckSignal - 34438 total (1 active), Execution time: mean = 0.00ms, total = 107.11ms, Queueing time: mean = 6.97ms, max = 129261.65ms, min = -0.02ms, total = 239884.35ms
	CoreWorker.HandlePushTaskActor - 7 total (1 active, 1 running), Execution time: mean = 31163.52ms, total = 218144.64ms, Queueing time: mean = 0.02ms, max = 0.04ms, min = 0.01ms, total = 0.15ms
	CoreWorker.HandlePushTask - 1 total (0 active), Execution time: mean = 20920.08ms, total = 20920.08ms, Queueing time: mean = 0.00ms, max = 0.00ms, min = 0.00ms, total = 0.00ms
	PeriodicalRunner.RunFnPeriodically - 1 total (0 active), Execution time: mean = 0.01ms, total = 0.01ms, Queueing time: mean = 0.00ms, max = 0.00ms, min = 0.00ms, total = 0.00ms

-----------------
Task Event stats:

IO Service Stats:

Global stats: 623 total (1 active)
Queueing time: mean = 0.03ms, max = 0.27ms, min = 0.01ms, total = 16.22ms
Execution time:  mean = 0.02ms, total = 14.49ms
Event stats:
	CoreWorker.deadline_timer.flush_task_events - 600 total (1 active), Execution time: mean = 0.01ms, total = 8.14ms, Queueing time: mean = 0.03ms, max = 0.27ms, min = 0.01ms, total = 15.97ms
	ray::rpc::TaskInfoGcsService.grpc_client.AddTaskEventData - 11 total (0 active), Execution time: mean = 0.54ms, total = 5.98ms, Queueing time: mean = 0.00ms, max = -0.00ms, min = 9223372036854.78ms, total = 0.00ms
	ray::rpc::TaskInfoGcsService.grpc_client.AddTaskEventData.OnReplyReceived - 11 total (0 active), Execution time: mean = 0.03ms, total = 0.35ms, Queueing time: mean = 0.02ms, max = 0.04ms, min = 0.01ms, total = 0.25ms
	PeriodicalRunner.RunFnPeriodically - 1 total (0 active), Execution time: mean = 0.02ms, total = 0.02ms, Queueing time: mean = 0.01ms, max = 0.01ms, min = 0.01ms, total = 0.01ms
Other Stats:
	gcs_grpc_in_progress:0
	event_aggregator_grpc_in_progress:0
	current number of task status events in buffer: 0
	current number of profile events in buffer: 0
	current number of dropped task attempts tracked: 0
	total task events sent: 0.00332737 MiB
	total number of task attempts sent: 14
	total number of task attempts dropped reported: 0
	total number of sent failure: 0
	num status task events dropped: 0
	num profile task events dropped: 0
	num ray task events reported to aggregator: 0
	num ray task events failed to report to aggregator: 0
	num of task attempts dropped reported to aggregator: 0
	num of failed requests to aggregator: 0

[2026-09-03 22:09:56,055 I 965 965] actor_task_submitter.cc:75: Set actor max pending calls to -1 actor_id=25c7066656ef37f101908f5d01000000
[2026-09-03 22:09:56,055 I 965 965] actor_task_submitter.cc:75: Set actor max pending calls to -1 actor_id=ed804803bd01dc0de9765f8001000000
[2026-09-03 22:10:00,298 I 965 1177] core_worker_shutdown_executor.cc:141: Executing worker exit: INTENDED_SYSTEM_EXIT - Worker exits because the actor is killed. The actor is dead because all references to the actor were removed. (timeout: -1ms)
[2026-09-03 22:10:00,298 I 965 965] core_worker_shutdown_executor.cc:217: Wait for currently executing tasks in the underlying thread pools to finish.
[2026-09-03 22:10:00,299 I 965 965] core_worker_shutdown_executor.cc:255: Not draining reference counter since this is an actor worker.
[2026-09-03 22:10:00,304 I 965 965] core_worker_shutdown_executor.cc:303: Try killing all child processes of this worker as it exits. Child process pids: 2750,8995,9008
[2026-09-03 22:10:00,304 I 965 965] core_worker_shutdown_executor.cc:312: Kill result for child pid 2750: Success, bool 0
[2026-09-03 22:10:00,304 I 965 965] core_worker_shutdown_executor.cc:312: Kill result for child pid 8995: Success, bool 0
[2026-09-03 22:10:00,304 I 965 965] core_worker_shutdown_executor.cc:312: Kill result for child pid 9008: Success, bool 0
[2026-09-03 22:10:00,305 I 965 965] core_worker_shutdown_executor.cc:368: Sending disconnect message to the local raylet.
[2026-09-03 22:10:00,305 I 965 965] raylet_ipc_client.cc:133: RayletIpcClient::Disconnect, exit_type=INTENDED_SYSTEM_EXIT, exit_detail=Worker exits because the actor is killed. The actor is dead because all references to the actor were removed., has creation_task_exception_pb_bytes=0
[2026-09-03 22:10:00,305 I 965 965] core_worker_shutdown_executor.cc:384: Disconnected from the local raylet.
[2026-09-03 22:10:00,306 I 965 965] task_event_buffer.cc:548: Shutting down TaskEventBuffer.
[2026-09-03 22:10:00,306 I 965 1200] task_event_buffer.cc:507: Task event buffer io service stopped.
[2026-09-03 22:10:00,309 I 965 965] ray_event_recorder_base.cc:69: Stopping RayEventRecorder and flushing remaining events.
[2026-09-03 22:10:00,309 I 965 965] core_worker_shutdown_executor.cc:92: Waiting for joining a core worker io thread. If it hangs here, there might be deadlock or a high load in the core worker io service.
[2026-09-03 22:10:00,309 I 965 1177] core_worker_process.cc:199: Core worker main io service stopped.
[2026-09-03 22:10:00,310 I 965 965] core_worker_shutdown_executor.cc:109: Waiting for joining the object-freed callback thread.
[2026-09-03 22:10:00,310 I 965 1178] core_worker_process.cc:219: Object-freed callback service stopped.
[2026-09-03 22:10:00,311 I 965 965] core_worker_shutdown_executor.cc:118: Disconnecting a GCS client.
[2026-09-03 22:10:00,311 I 965 965] core_worker_shutdown_executor.cc:125: Core worker ready to be deallocated.
[2026-09-03 22:10:00,311 I 965 965] core_worker_process.cc:1054: Task execution loop terminated. Waiting for shutdown to complete...
[2026-09-03 22:10:00,311 I 965 965] core_worker_shutdown_executor.cc:43: Shutdown completed successfully
[2026-09-03 22:10:00,311 I 965 965] core_worker_process.cc:1056: Shutdown complete. Removing the global worker.
[2026-09-03 22:10:00,311 I 965 965] core_worker_shutdown_executor.cc:43: Shutdown completed successfully
[2026-09-03 22:10:00,311 I 965 965] core_worker.cc:584: Core worker is destructed
[2026-09-03 22:10:07,027 I 965 965] core_worker_process.cc:950: Destructing CoreWorkerProcessImpl. pid: 965
[2026-09-03 22:10:07,028 I 965 965] stats.h:176: Stats module has shutdown.
