[2026-09-03 21:59:04,308 I 1445 1445] core_worker_process.cc:868: Constructing CoreWorkerProcess. pid: 1445
[2026-09-03 21:59:04,310 I 1445 1445] event.cc:499: Ray Event initialized for CORE_WORKER
[2026-09-03 21:59:04,310 I 1445 1445] event.cc:499: Ray Event initialized for EXPORT_TASK
[2026-09-03 21:59:04,310 I 1445 1445] event.cc:332: Set ray event level to warning
[2026-09-03 21:59:04,311 I 1445 1445] grpc_server.cc:144: worker server started, listening on port 20047.
[2026-09-03 21:59:04,312 I 1445 1445] core_worker_process.cc:299: Initializing worker at address: 10.244.18.139:20047 worker_id=6cf6d3ad0f98db45b3d3253b053555966b40ed9dba74f972cf45c5fb node_id=b668a6c13d1b7186690b035979a815ca1ce93506fd27e5e4ac7a3f5d
[2026-09-03 21:59:04,312 I 1445 1445] task_event_buffer.cc:535: Reporting task events to GCS every 1000ms.
[2026-09-03 21:59:04,313 I 1445 1445] core_worker.cc:568: Adjusted worker niceness to 15
[2026-09-03 21:59:04,313 I 1445 4336] core_worker.cc:498: Event stats:


Global stats: 11 total (9 active)
Queueing time: mean = 0.00ms, max = 0.01ms, min = 0.01ms, total = 0.02ms
Execution time:  mean = 0.00ms, total = 0.02ms
Event stats:
	PeriodicalRunner.RunFnPeriodically - 8 total (6 active, 1 running), Execution time: mean = 0.00ms, total = 0.02ms, Queueing time: mean = 0.00ms, max = 0.01ms, min = 0.01ms, total = 0.02ms
	CoreWorker.ExitIfParentRayletDies - 1 total (1 active), Execution time: mean = 0.00ms, total = 0.00ms, Queueing time: mean = 0.00ms, max = -0.00ms, min = 9223372036854.78ms, total = 0.00ms
	ray::rpc::WorkerInfoGcsService.grpc_client.AddWorkerInfo - 1 total (1 active), Execution time: mean = 0.00ms, total = 0.00ms, Queueing time: mean = 0.00ms, max = -0.00ms, min = 9223372036854.78ms, total = 0.00ms
	Publisher.CheckDeadSubscribers - 1 total (1 active), Execution time: mean = 0.00ms, total = 0.00ms, Queueing time: mean = 0.00ms, max = -0.00ms, min = 9223372036854.78ms, total = 0.00ms

-----------------
Task execution event stats:

Global stats: 0 total (0 active)
Queueing time: mean = -nanms, max = -0.00ms, min = 9223372036854.78ms, total = 0.00ms
Execution time:  mean = -nanms, total = 0.00ms
Event stats:

-----------------
Task Event stats:

IO Service Stats:

Global stats: 2 total (1 active)
Queueing time: mean = 0.01ms, max = 0.01ms, min = 0.01ms, total = 0.01ms
Execution time:  mean = 0.01ms, total = 0.03ms
Event stats:
	PeriodicalRunner.RunFnPeriodically - 1 total (0 active), Execution time: mean = 0.03ms, total = 0.03ms, Queueing time: mean = 0.01ms, max = 0.01ms, min = 0.01ms, total = 0.01ms
	CoreWorker.deadline_timer.flush_task_events - 1 total (1 active), Execution time: mean = 0.00ms, total = 0.00ms, Queueing time: mean = 0.00ms, max = -0.00ms, min = 9223372036854.78ms, total = 0.00ms
Other Stats:
	gcs_grpc_in_progress:0
	event_aggregator_grpc_in_progress:0
	current number of task status events in buffer: 0
	current number of profile events in buffer: 0
	current number of dropped task attempts tracked: 0
	total task events sent: 0 MiB
	total number of task attempts sent: 0
	total number of task attempts dropped reported: 0
	total number of sent failure: 0
	num status task events dropped: 0
	num profile task events dropped: 0
	num ray task events reported to aggregator: 0
	num ray task events failed to report to aggregator: 0
	num of task attempts dropped reported to aggregator: 0
	num of failed requests to aggregator: 0

[2026-09-03 22:00:04,313 I 1445 4336] core_worker.cc:498: Event stats:


Global stats: 818 total (8 active)
Queueing time: mean = 0.01ms, max = 0.12ms, min = 0.00ms, total = 11.43ms
Execution time:  mean = 0.00ms, total = 3.94ms
Event stats:
	CoreWorker.RecoverObjects - 600 total (1 active), Execution time: mean = 0.00ms, total = 1.31ms, Queueing time: mean = 0.01ms, max = 0.06ms, min = 0.00ms, total = 8.25ms
	CoreWorker.ExitIfParentRayletDies - 60 total (1 active), Execution time: mean = 0.01ms, total = 0.32ms, Queueing time: mean = 0.01ms, max = 0.05ms, min = 0.00ms, total = 0.78ms
	CoreWorker.ReportWorkerBacklog - 60 total (1 active), Execution time: mean = 0.00ms, total = 0.20ms, Queueing time: mean = 0.01ms, max = 0.07ms, min = 0.00ms, total = 0.79ms
	CoreWorker.InternalHeartbeat - 60 total (1 active), Execution time: mean = 0.00ms, total = 0.19ms, Queueing time: mean = 0.01ms, max = 0.06ms, min = 0.00ms, total = 0.80ms
	CoreWorker.RecordMetrics - 12 total (1 active), Execution time: mean = 0.02ms, total = 0.28ms, Queueing time: mean = 0.01ms, max = 0.01ms, min = 0.00ms, total = 0.09ms
	PeriodicalRunner.RunFnPeriodically - 8 total (0 active), Execution time: mean = 0.02ms, total = 0.13ms, Queueing time: mean = 0.07ms, max = 0.12ms, min = 0.01ms, total = 0.58ms
	CoreWorker.TryDelPendingObjectRefStreams - 6 total (1 active), Execution time: mean = 0.00ms, total = 0.01ms, Queueing time: mean = 0.01ms, max = 0.02ms, min = 0.01ms, total = 0.06ms
	CoreWorkerService.grpc_server.GetCoreWorkerStats - 4 total (0 active), Execution time: mean = 0.23ms, total = 0.93ms, Queueing time: mean = 0.00ms, max = -0.00ms, min = 9223372036854.78ms, total = 0.00ms
	CoreWorkerService.grpc_server.GetCoreWorkerStats.HandleRequestImpl - 4 total (0 active), Execution time: mean = 0.05ms, total = 0.21ms, Queueing time: mean = 0.01ms, max = 0.02ms, min = 0.01ms, total = 0.05ms
	CoreWorker.PrintEventStats - 1 total (1 active, 1 running), Execution time: mean = 0.00ms, total = 0.00ms, Queueing time: mean = 0.00ms, max = -0.00ms, min = 9223372036854.78ms, total = 0.00ms
	ray::rpc::WorkerInfoGcsService.grpc_client.AddWorkerInfo - 1 total (0 active), Execution time: mean = 0.33ms, total = 0.33ms, Queueing time: mean = 0.00ms, max = -0.00ms, min = 9223372036854.78ms, total = 0.00ms
	Publisher.CheckDeadSubscribers - 1 total (1 active), Execution time: mean = 0.00ms, total = 0.00ms, Queueing time: mean = 0.00ms, max = -0.00ms, min = 9223372036854.78ms, total = 0.00ms
	ray::rpc::WorkerInfoGcsService.grpc_client.AddWorkerInfo.OnReplyReceived - 1 total (0 active), Execution time: mean = 0.03ms, total = 0.03ms, Queueing time: mean = 0.02ms, max = 0.02ms, min = 0.02ms, total = 0.02ms

-----------------
Task execution event stats:

Global stats: 5990 total (1 active)
Queueing time: mean = 0.02ms, max = 0.07ms, min = -0.01ms, total = 103.76ms
Execution time:  mean = 0.00ms, total = 15.15ms
Event stats:
	CoreWorker.CheckSignal - 5989 total (1 active), Execution time: mean = 0.00ms, total = 15.14ms, Queueing time: mean = 0.02ms, max = 0.07ms, min = -0.01ms, total = 103.76ms
	PeriodicalRunner.RunFnPeriodically - 1 total (0 active), Execution time: mean = 0.00ms, total = 0.00ms, Queueing time: mean = 0.00ms, max = 0.00ms, min = 0.00ms, total = 0.00ms

-----------------
Task Event stats:

IO Service Stats:

Global stats: 61 total (1 active)
Queueing time: mean = 0.02ms, max = 0.05ms, min = 0.01ms, total = 1.51ms
Execution time:  mean = 0.01ms, total = 0.63ms
Event stats:
	CoreWorker.deadline_timer.flush_task_events - 60 total (1 active), Execution time: mean = 0.01ms, total = 0.60ms, Queueing time: mean = 0.02ms, max = 0.05ms, min = 0.01ms, total = 1.50ms
	PeriodicalRunner.RunFnPeriodically - 1 total (0 active), Execution time: mean = 0.03ms, total = 0.03ms, Queueing time: mean = 0.01ms, max = 0.01ms, min = 0.01ms, total = 0.01ms
Other Stats:
	gcs_grpc_in_progress:0
	event_aggregator_grpc_in_progress:0
	current number of task status events in buffer: 0
	current number of profile events in buffer: 0
	current number of dropped task attempts tracked: 0
	total task events sent: 0 MiB
	total number of task attempts sent: 0
	total number of task attempts dropped reported: 0
	total number of sent failure: 0
	num status task events dropped: 0
	num profile task events dropped: 0
	num ray task events reported to aggregator: 0
	num ray task events failed to report to aggregator: 0
	num of task attempts dropped reported to aggregator: 0
	num of failed requests to aggregator: 0

[2026-09-03 22:01:04,313 I 1445 4336] core_worker.cc:498: Event stats:


Global stats: 1625 total (8 active)
Queueing time: mean = 0.02ms, max = 0.16ms, min = 0.00ms, total = 26.40ms
Execution time:  mean = 0.00ms, total = 8.09ms
Event stats:
	CoreWorker.RecoverObjects - 1200 total (1 active), Execution time: mean = 0.00ms, total = 3.33ms, Queueing time: mean = 0.02ms, max = 0.07ms, min = 0.00ms, total = 19.22ms
	CoreWorker.ExitIfParentRayletDies - 120 total (1 active), Execution time: mean = 0.01ms, total = 0.75ms, Queueing time: mean = 0.02ms, max = 0.05ms, min = 0.00ms, total = 1.84ms
	CoreWorker.ReportWorkerBacklog - 120 total (1 active), Execution time: mean = 0.00ms, total = 0.45ms, Queueing time: mean = 0.02ms, max = 0.07ms, min = 0.00ms, total = 2.01ms
	CoreWorker.InternalHeartbeat - 120 total (1 active), Execution time: mean = 0.00ms, total = 0.41ms, Queueing time: mean = 0.02ms, max = 0.06ms, min = 0.00ms, total = 2.05ms
	CoreWorker.RecordMetrics - 24 total (1 active), Execution time: mean = 0.02ms, total = 0.59ms, Queueing time: mean = 0.01ms, max = 0.03ms, min = 0.00ms, total = 0.22ms
	CoreWorker.TryDelPendingObjectRefStreams - 12 total (1 active), Execution time: mean = 0.00ms, total = 0.03ms, Queueing time: mean = 0.03ms, max = 0.16ms, min = 0.01ms, total = 0.31ms
	PeriodicalRunner.RunFnPeriodically - 8 total (0 active), Execution time: mean = 0.02ms, total = 0.13ms, Queueing time: mean = 0.07ms, max = 0.12ms, min = 0.01ms, total = 0.58ms
	CoreWorkerService.grpc_server.GetCoreWorkerStats - 8 total (0 active), Execution time: mean = 0.19ms, total = 1.49ms, Queueing time: mean = 0.00ms, max = -0.00ms, min = 9223372036854.78ms, total = 0.00ms
	CoreWorkerService.grpc_server.GetCoreWorkerStats.HandleRequestImpl - 8 total (0 active), Execution time: mean = 0.04ms, total = 0.32ms, Queueing time: mean = 0.02ms, max = 0.02ms, min = 0.01ms, total = 0.12ms
	CoreWorker.PrintEventStats - 2 total (1 active, 1 running), Execution time: mean = 0.11ms, total = 0.22ms, Queueing time: mean = 0.01ms, max = 0.02ms, min = 0.02ms, total = 0.02ms
	ray::rpc::WorkerInfoGcsService.grpc_client.AddWorkerInfo - 1 total (0 active), Execution time: mean = 0.33ms, total = 0.33ms, Queueing time: mean = 0.00ms, max = -0.00ms, min = 9223372036854.78ms, total = 0.00ms
	Publisher.CheckDeadSubscribers - 1 total (1 active), Execution time: mean = 0.00ms, total = 0.00ms, Queueing time: mean = 0.00ms, max = -0.00ms, min = 9223372036854.78ms, total = 0.00ms
	ray::rpc::WorkerInfoGcsService.grpc_client.AddWorkerInfo.OnReplyReceived - 1 total (0 active), Execution time: mean = 0.03ms, total = 0.03ms, Queueing time: mean = 0.02ms, max = 0.02ms, min = 0.02ms, total = 0.02ms

-----------------
Task execution event stats:

Global stats: 11984 total (1 active)
Queueing time: mean = 0.01ms, max = 0.43ms, min = -0.02ms, total = 160.93ms
Execution time:  mean = 0.00ms, total = 27.12ms
Event stats:
	CoreWorker.CheckSignal - 11983 total (1 active), Execution time: mean = 0.00ms, total = 27.12ms, Queueing time: mean = 0.01ms, max = 0.43ms, min = -0.02ms, total = 160.93ms
	PeriodicalRunner.RunFnPeriodically - 1 total (0 active), Execution time: mean = 0.00ms, total = 0.00ms, Queueing time: mean = 0.00ms, max = 0.00ms, min = 0.00ms, total = 0.00ms

-----------------
Task Event stats:

IO Service Stats:

Global stats: 121 total (1 active)
Queueing time: mean = 0.03ms, max = 0.07ms, min = 0.01ms, total = 3.26ms
Execution time:  mean = 0.01ms, total = 1.26ms
Event stats:
	CoreWorker.deadline_timer.flush_task_events - 120 total (1 active), Execution time: mean = 0.01ms, total = 1.23ms, Queueing time: mean = 0.03ms, max = 0.07ms, min = 0.01ms, total = 3.25ms
	PeriodicalRunner.RunFnPeriodically - 1 total (0 active), Execution time: mean = 0.03ms, total = 0.03ms, Queueing time: mean = 0.01ms, max = 0.01ms, min = 0.01ms, total = 0.01ms
Other Stats:
	gcs_grpc_in_progress:0
	event_aggregator_grpc_in_progress:0
	current number of task status events in buffer: 0
	current number of profile events in buffer: 0
	current number of dropped task attempts tracked: 0
	total task events sent: 0 MiB
	total number of task attempts sent: 0
	total number of task attempts dropped reported: 0
	total number of sent failure: 0
	num status task events dropped: 0
	num profile task events dropped: 0
	num ray task events reported to aggregator: 0
	num ray task events failed to report to aggregator: 0
	num of task attempts dropped reported to aggregator: 0
	num of failed requests to aggregator: 0

[2026-09-03 22:02:04,313 I 1445 4336] core_worker.cc:498: Event stats:


Global stats: 2432 total (8 active)
Queueing time: mean = 0.02ms, max = 0.22ms, min = 0.00ms, total = 44.46ms
Execution time:  mean = 0.00ms, total = 11.88ms
Event stats:
	CoreWorker.RecoverObjects - 1800 total (1 active), Execution time: mean = 0.00ms, total = 4.94ms, Queueing time: mean = 0.02ms, max = 0.07ms, min = 0.00ms, total = 32.44ms
	CoreWorker.ExitIfParentRayletDies - 180 total (1 active), Execution time: mean = 0.01ms, total = 1.08ms, Queueing time: mean = 0.02ms, max = 0.05ms, min = 0.00ms, total = 3.13ms
	CoreWorker.ReportWorkerBacklog - 180 total (1 active), Execution time: mean = 0.00ms, total = 0.63ms, Queueing time: mean = 0.02ms, max = 0.07ms, min = 0.00ms, total = 3.44ms
	CoreWorker.InternalHeartbeat - 180 total (1 active), Execution time: mean = 0.00ms, total = 0.55ms, Queueing time: mean = 0.02ms, max = 0.07ms, min = 0.00ms, total = 3.52ms
	CoreWorker.RecordMetrics - 36 total (1 active), Execution time: mean = 0.03ms, total = 0.91ms, Queueing time: mean = 0.01ms, max = 0.04ms, min = 0.00ms, total = 0.44ms
	CoreWorker.TryDelPendingObjectRefStreams - 18 total (1 active), Execution time: mean = 0.00ms, total = 0.04ms, Queueing time: mean = 0.03ms, max = 0.22ms, min = 0.01ms, total = 0.59ms
	CoreWorkerService.grpc_server.GetCoreWorkerStats - 12 total (0 active), Execution time: mean = 0.19ms, total = 2.28ms, Queueing time: mean = 0.00ms, max = -0.00ms, min = 9223372036854.78ms, total = 0.00ms
	CoreWorkerService.grpc_server.GetCoreWorkerStats.HandleRequestImpl - 12 total (0 active), Execution time: mean = 0.04ms, total = 0.44ms, Queueing time: mean = 0.02ms, max = 0.04ms, min = 0.01ms, total = 0.25ms
	PeriodicalRunner.RunFnPeriodically - 8 total (0 active), Execution time: mean = 0.02ms, total = 0.13ms, Queueing time: mean = 0.07ms, max = 0.12ms, min = 0.01ms, total = 0.58ms
	CoreWorker.PrintEventStats - 3 total (1 active, 1 running), Execution time: mean = 0.17ms, total = 0.52ms, Queueing time: mean = 0.02ms, max = 0.03ms, min = 0.02ms, total = 0.06ms
	ray::rpc::WorkerInfoGcsService.grpc_client.AddWorkerInfo - 1 total (0 active), Execution time: mean = 0.33ms, total = 0.33ms, Queueing time: mean = 0.00ms, max = -0.00ms, min = 9223372036854.78ms, total = 0.00ms
	Publisher.CheckDeadSubscribers - 1 total (1 active), Execution time: mean = 0.00ms, total = 0.00ms, Queueing time: mean = 0.00ms, max = -0.00ms, min = 9223372036854.78ms, total = 0.00ms
	ray::rpc::WorkerInfoGcsService.grpc_client.AddWorkerInfo.OnReplyReceived - 1 total (0 active), Execution time: mean = 0.03ms, total = 0.03ms, Queueing time: mean = 0.02ms, max = 0.02ms, min = 0.02ms, total = 0.02ms

-----------------
Task execution event stats:

Global stats: 17969 total (1 active)
Queueing time: mean = 0.02ms, max = 1.50ms, min = -0.02ms, total = 289.06ms
Execution time:  mean = 0.00ms, total = 48.29ms
Event stats:
	CoreWorker.CheckSignal - 17968 total (1 active), Execution time: mean = 0.00ms, total = 48.28ms, Queueing time: mean = 0.02ms, max = 1.50ms, min = -0.02ms, total = 289.05ms
	PeriodicalRunner.RunFnPeriodically - 1 total (0 active), Execution time: mean = 0.00ms, total = 0.00ms, Queueing time: mean = 0.00ms, max = 0.00ms, min = 0.00ms, total = 0.00ms

-----------------
Task Event stats:

IO Service Stats:

Global stats: 181 total (1 active)
Queueing time: mean = 0.03ms, max = 0.07ms, min = 0.01ms, total = 4.97ms
Execution time:  mean = 0.01ms, total = 1.85ms
Event stats:
	CoreWorker.deadline_timer.flush_task_events - 180 total (1 active), Execution time: mean = 0.01ms, total = 1.82ms, Queueing time: mean = 0.03ms, max = 0.07ms, min = 0.01ms, total = 4.96ms
	PeriodicalRunner.RunFnPeriodically - 1 total (0 active), Execution time: mean = 0.03ms, total = 0.03ms, Queueing time: mean = 0.01ms, max = 0.01ms, min = 0.01ms, total = 0.01ms
Other Stats:
	gcs_grpc_in_progress:0
	event_aggregator_grpc_in_progress:0
	current number of task status events in buffer: 0
	current number of profile events in buffer: 0
	current number of dropped task attempts tracked: 0
	total task events sent: 0 MiB
	total number of task attempts sent: 0
	total number of task attempts dropped reported: 0
	total number of sent failure: 0
	num status task events dropped: 0
	num profile task events dropped: 0
	num ray task events reported to aggregator: 0
	num ray task events failed to report to aggregator: 0
	num of task attempts dropped reported to aggregator: 0
	num of failed requests to aggregator: 0

[2026-09-03 22:03:04,313 I 1445 4336] core_worker.cc:498: Event stats:


Global stats: 3239 total (8 active)
Queueing time: mean = 0.02ms, max = 0.22ms, min = 0.00ms, total = 60.32ms
Execution time:  mean = 0.00ms, total = 15.44ms
Event stats:
	CoreWorker.RecoverObjects - 2400 total (1 active), Execution time: mean = 0.00ms, total = 6.39ms, Queueing time: mean = 0.02ms, max = 0.07ms, min = 0.00ms, total = 44.56ms
	CoreWorker.ExitIfParentRayletDies - 240 total (1 active), Execution time: mean = 0.01ms, total = 1.39ms, Queueing time: mean = 0.02ms, max = 0.05ms, min = 0.00ms, total = 4.16ms
	CoreWorker.ReportWorkerBacklog - 240 total (1 active), Execution time: mean = 0.00ms, total = 0.82ms, Queueing time: mean = 0.02ms, max = 0.07ms, min = 0.00ms, total = 4.58ms
	CoreWorker.InternalHeartbeat - 240 total (1 active), Execution time: mean = 0.00ms, total = 0.72ms, Queueing time: mean = 0.02ms, max = 0.07ms, min = 0.00ms, total = 4.67ms
	CoreWorker.RecordMetrics - 48 total (1 active), Execution time: mean = 0.03ms, total = 1.25ms, Queueing time: mean = 0.01ms, max = 0.04ms, min = 0.00ms, total = 0.61ms
	CoreWorker.TryDelPendingObjectRefStreams - 24 total (1 active), Execution time: mean = 0.00ms, total = 0.06ms, Queueing time: mean = 0.03ms, max = 0.22ms, min = 0.01ms, total = 0.72ms
	CoreWorkerService.grpc_server.GetCoreWorkerStats - 16 total (0 active), Execution time: mean = 0.19ms, total = 3.11ms, Queueing time: mean = 0.00ms, max = -0.00ms, min = 9223372036854.78ms, total = 0.00ms
	CoreWorkerService.grpc_server.GetCoreWorkerStats.HandleRequestImpl - 16 total (0 active), Execution time: mean = 0.04ms, total = 0.57ms, Queueing time: mean = 0.02ms, max = 0.04ms, min = 0.01ms, total = 0.35ms
	PeriodicalRunner.RunFnPeriodically - 8 total (0 active), Execution time: mean = 0.02ms, total = 0.13ms, Queueing time: mean = 0.07ms, max = 0.12ms, min = 0.01ms, total = 0.58ms
	CoreWorker.PrintEventStats - 4 total (1 active, 1 running), Execution time: mean = 0.16ms, total = 0.66ms, Queueing time: mean = 0.02ms, max = 0.03ms, min = 0.00ms, total = 0.06ms
	ray::rpc::WorkerInfoGcsService.grpc_client.AddWorkerInfo - 1 total (0 active), Execution time: mean = 0.33ms, total = 0.33ms, Queueing time: mean = 0.00ms, max = -0.00ms, min = 9223372036854.78ms, total = 0.00ms
	Publisher.CheckDeadSubscribers - 1 total (1 active), Execution time: mean = 0.00ms, total = 0.00ms, Queueing time: mean = 0.00ms, max = -0.00ms, min = 9223372036854.78ms, total = 0.00ms
	ray::rpc::WorkerInfoGcsService.grpc_client.AddWorkerInfo.OnReplyReceived - 1 total (0 active), Execution time: mean = 0.03ms, total = 0.03ms, Queueing time: mean = 0.02ms, max = 0.02ms, min = 0.02ms, total = 0.02ms

-----------------
Task execution event stats:

Global stats: 23955 total (1 active)
Queueing time: mean = 0.02ms, max = 1.50ms, min = -0.03ms, total = 415.10ms
Execution time:  mean = 0.00ms, total = 67.50ms
Event stats:
	CoreWorker.CheckSignal - 23954 total (1 active), Execution time: mean = 0.00ms, total = 67.50ms, Queueing time: mean = 0.02ms, max = 1.50ms, min = -0.03ms, total = 415.10ms
	PeriodicalRunner.RunFnPeriodically - 1 total (0 active), Execution time: mean = 0.00ms, total = 0.00ms, Queueing time: mean = 0.00ms, max = 0.00ms, min = 0.00ms, total = 0.00ms

-----------------
Task Event stats:

IO Service Stats:

Global stats: 241 total (1 active)
Queueing time: mean = 0.03ms, max = 0.07ms, min = 0.01ms, total = 6.37ms
Execution time:  mean = 0.01ms, total = 2.44ms
Event stats:
	CoreWorker.deadline_timer.flush_task_events - 240 total (1 active), Execution time: mean = 0.01ms, total = 2.41ms, Queueing time: mean = 0.03ms, max = 0.07ms, min = 0.01ms, total = 6.36ms
	PeriodicalRunner.RunFnPeriodically - 1 total (0 active), Execution time: mean = 0.03ms, total = 0.03ms, Queueing time: mean = 0.01ms, max = 0.01ms, min = 0.01ms, total = 0.01ms
Other Stats:
	gcs_grpc_in_progress:0
	event_aggregator_grpc_in_progress:0
	current number of task status events in buffer: 0
	current number of profile events in buffer: 0
	current number of dropped task attempts tracked: 0
	total task events sent: 0 MiB
	total number of task attempts sent: 0
	total number of task attempts dropped reported: 0
	total number of sent failure: 0
	num status task events dropped: 0
	num profile task events dropped: 0
	num ray task events reported to aggregator: 0
	num ray task events failed to report to aggregator: 0
	num of task attempts dropped reported to aggregator: 0
	num of failed requests to aggregator: 0

[2026-09-03 22:04:04,314 I 1445 4336] core_worker.cc:498: Event stats:


Global stats: 4047 total (8 active)
Queueing time: mean = 0.02ms, max = 0.22ms, min = -0.01ms, total = 78.09ms
Execution time:  mean = 0.00ms, total = 19.32ms
Event stats:
	CoreWorker.RecoverObjects - 3000 total (1 active), Execution time: mean = 0.00ms, total = 8.00ms, Queueing time: mean = 0.02ms, max = 0.07ms, min = -0.01ms, total = 58.14ms
	CoreWorker.ExitIfParentRayletDies - 300 total (1 active), Execution time: mean = 0.01ms, total = 1.72ms, Queueing time: mean = 0.02ms, max = 0.05ms, min = 0.00ms, total = 5.36ms
	CoreWorker.ReportWorkerBacklog - 300 total (1 active), Execution time: mean = 0.00ms, total = 1.08ms, Queueing time: mean = 0.02ms, max = 0.07ms, min = 0.00ms, total = 5.84ms
	CoreWorker.InternalHeartbeat - 300 total (1 active), Execution time: mean = 0.00ms, total = 0.89ms, Queueing time: mean = 0.02ms, max = 0.07ms, min = 0.00ms, total = 6.02ms
	CoreWorker.RecordMetrics - 60 total (1 active), Execution time: mean = 0.03ms, total = 1.55ms, Queueing time: mean = 0.01ms, max = 0.04ms, min = 0.00ms, total = 0.76ms
	CoreWorker.TryDelPendingObjectRefStreams - 30 total (1 active), Execution time: mean = 0.00ms, total = 0.07ms, Queueing time: mean = 0.03ms, max = 0.22ms, min = 0.01ms, total = 0.85ms
	CoreWorkerService.grpc_server.GetCoreWorkerStats - 20 total (0 active), Execution time: mean = 0.20ms, total = 4.00ms, Queueing time: mean = 0.00ms, max = -0.00ms, min = 9223372036854.78ms, total = 0.00ms
	CoreWorkerService.grpc_server.GetCoreWorkerStats.HandleRequestImpl - 20 total (0 active), Execution time: mean = 0.04ms, total = 0.71ms, Queueing time: mean = 0.02ms, max = 0.04ms, min = 0.01ms, total = 0.45ms
	PeriodicalRunner.RunFnPeriodically - 8 total (0 active), Execution time: mean = 0.02ms, total = 0.13ms, Queueing time: mean = 0.07ms, max = 0.12ms, min = 0.01ms, total = 0.58ms
	CoreWorker.PrintEventStats - 5 total (1 active, 1 running), Execution time: mean = 0.16ms, total = 0.80ms, Queueing time: mean = 0.01ms, max = 0.03ms, min = 0.00ms, total = 0.07ms
	Publisher.CheckDeadSubscribers - 2 total (1 active), Execution time: mean = 0.00ms, total = 0.00ms, Queueing time: mean = 0.00ms, max = 0.01ms, min = 0.01ms, total = 0.01ms
	ray::rpc::WorkerInfoGcsService.grpc_client.AddWorkerInfo - 1 total (0 active), Execution time: mean = 0.33ms, total = 0.33ms, Queueing time: mean = 0.00ms, max = -0.00ms, min = 9223372036854.78ms, total = 0.00ms
	ray::rpc::WorkerInfoGcsService.grpc_client.AddWorkerInfo.OnReplyReceived - 1 total (0 active), Execution time: mean = 0.03ms, total = 0.03ms, Queueing time: mean = 0.02ms, max = 0.02ms, min = 0.02ms, total = 0.02ms

-----------------
Task execution event stats:

Global stats: 29941 total (1 active)
Queueing time: mean = 0.02ms, max = 1.50ms, min = -0.03ms, total = 544.73ms
Execution time:  mean = 0.00ms, total = 87.65ms
Event stats:
	CoreWorker.CheckSignal - 29940 total (1 active), Execution time: mean = 0.00ms, total = 87.65ms, Queueing time: mean = 0.02ms, max = 1.50ms, min = -0.03ms, total = 544.73ms
	PeriodicalRunner.RunFnPeriodically - 1 total (0 active), Execution time: mean = 0.00ms, total = 0.00ms, Queueing time: mean = 0.00ms, max = 0.00ms, min = 0.00ms, total = 0.00ms

-----------------
Task Event stats:

IO Service Stats:

Global stats: 301 total (1 active)
Queueing time: mean = 0.03ms, max = 0.07ms, min = 0.01ms, total = 7.87ms
Execution time:  mean = 0.01ms, total = 3.06ms
Event stats:
	CoreWorker.deadline_timer.flush_task_events - 300 total (1 active), Execution time: mean = 0.01ms, total = 3.03ms, Queueing time: mean = 0.03ms, max = 0.07ms, min = 0.01ms, total = 7.86ms
	PeriodicalRunner.RunFnPeriodically - 1 total (0 active), Execution time: mean = 0.03ms, total = 0.03ms, Queueing time: mean = 0.01ms, max = 0.01ms, min = 0.01ms, total = 0.01ms
Other Stats:
	gcs_grpc_in_progress:0
	event_aggregator_grpc_in_progress:0
	current number of task status events in buffer: 0
	current number of profile events in buffer: 0
	current number of dropped task attempts tracked: 0
	total task events sent: 0 MiB
	total number of task attempts sent: 0
	total number of task attempts dropped reported: 0
	total number of sent failure: 0
	num status task events dropped: 0
	num profile task events dropped: 0
	num ray task events reported to aggregator: 0
	num ray task events failed to report to aggregator: 0
	num of task attempts dropped reported to aggregator: 0
	num of failed requests to aggregator: 0

[2026-09-03 22:05:04,314 I 1445 4336] core_worker.cc:498: Event stats:


Global stats: 4854 total (8 active)
Queueing time: mean = 0.02ms, max = 0.22ms, min = -0.01ms, total = 95.26ms
Execution time:  mean = 0.00ms, total = 22.99ms
Event stats:
	CoreWorker.RecoverObjects - 3600 total (1 active), Execution time: mean = 0.00ms, total = 9.57ms, Queueing time: mean = 0.02ms, max = 0.07ms, min = -0.01ms, total = 70.93ms
	CoreWorker.ExitIfParentRayletDies - 360 total (1 active), Execution time: mean = 0.01ms, total = 2.07ms, Queueing time: mean = 0.02ms, max = 0.05ms, min = 0.00ms, total = 6.56ms
	CoreWorker.ReportWorkerBacklog - 360 total (1 active), Execution time: mean = 0.00ms, total = 1.27ms, Queueing time: mean = 0.02ms, max = 0.07ms, min = 0.00ms, total = 7.18ms
	CoreWorker.InternalHeartbeat - 360 total (1 active), Execution time: mean = 0.00ms, total = 1.05ms, Queueing time: mean = 0.02ms, max = 0.07ms, min = 0.00ms, total = 7.39ms
	CoreWorker.RecordMetrics - 72 total (1 active), Execution time: mean = 0.03ms, total = 1.85ms, Queueing time: mean = 0.01ms, max = 0.04ms, min = 0.00ms, total = 1.00ms
	CoreWorker.TryDelPendingObjectRefStreams - 36 total (1 active), Execution time: mean = 0.00ms, total = 0.08ms, Queueing time: mean = 0.03ms, max = 0.22ms, min = 0.00ms, total = 1.01ms
	CoreWorkerService.grpc_server.GetCoreWorkerStats - 24 total (0 active), Execution time: mean = 0.20ms, total = 4.78ms, Queueing time: mean = 0.00ms, max = -0.00ms, min = 9223372036854.78ms, total = 0.00ms
	CoreWorkerService.grpc_server.GetCoreWorkerStats.HandleRequestImpl - 24 total (0 active), Execution time: mean = 0.04ms, total = 0.88ms, Queueing time: mean = 0.02ms, max = 0.04ms, min = 0.01ms, total = 0.51ms
	PeriodicalRunner.RunFnPeriodically - 8 total (0 active), Execution time: mean = 0.02ms, total = 0.13ms, Queueing time: mean = 0.07ms, max = 0.12ms, min = 0.01ms, total = 0.58ms
	CoreWorker.PrintEventStats - 6 total (1 active, 1 running), Execution time: mean = 0.16ms, total = 0.96ms, Queueing time: mean = 0.01ms, max = 0.03ms, min = 0.00ms, total = 0.07ms
	Publisher.CheckDeadSubscribers - 2 total (1 active), Execution time: mean = 0.00ms, total = 0.00ms, Queueing time: mean = 0.00ms, max = 0.01ms, min = 0.01ms, total = 0.01ms
	ray::rpc::WorkerInfoGcsService.grpc_client.AddWorkerInfo - 1 total (0 active), Execution time: mean = 0.33ms, total = 0.33ms, Queueing time: mean = 0.00ms, max = -0.00ms, min = 9223372036854.78ms, total = 0.00ms
	ray::rpc::WorkerInfoGcsService.grpc_client.AddWorkerInfo.OnReplyReceived - 1 total (0 active), Execution time: mean = 0.03ms, total = 0.03ms, Queueing time: mean = 0.02ms, max = 0.02ms, min = 0.02ms, total = 0.02ms

-----------------
Task execution event stats:

Global stats: 35927 total (1 active)
Queueing time: mean = 0.02ms, max = 1.50ms, min = -0.03ms, total = 675.09ms
Execution time:  mean = 0.00ms, total = 109.34ms
Event stats:
	CoreWorker.CheckSignal - 35926 total (1 active), Execution time: mean = 0.00ms, total = 109.33ms, Queueing time: mean = 0.02ms, max = 1.50ms, min = -0.03ms, total = 675.09ms
	PeriodicalRunner.RunFnPeriodically - 1 total (0 active), Execution time: mean = 0.00ms, total = 0.00ms, Queueing time: mean = 0.00ms, max = 0.00ms, min = 0.00ms, total = 0.00ms

-----------------
Task Event stats:

IO Service Stats:

Global stats: 361 total (1 active)
Queueing time: mean = 0.03ms, max = 0.07ms, min = 0.01ms, total = 9.39ms
Execution time:  mean = 0.01ms, total = 3.62ms
Event stats:
	CoreWorker.deadline_timer.flush_task_events - 360 total (1 active), Execution time: mean = 0.01ms, total = 3.59ms, Queueing time: mean = 0.03ms, max = 0.07ms, min = 0.01ms, total = 9.38ms
	PeriodicalRunner.RunFnPeriodically - 1 total (0 active), Execution time: mean = 0.03ms, total = 0.03ms, Queueing time: mean = 0.01ms, max = 0.01ms, min = 0.01ms, total = 0.01ms
Other Stats:
	gcs_grpc_in_progress:0
	event_aggregator_grpc_in_progress:0
	current number of task status events in buffer: 0
	current number of profile events in buffer: 0
	current number of dropped task attempts tracked: 0
	total task events sent: 0 MiB
	total number of task attempts sent: 0
	total number of task attempts dropped reported: 0
	total number of sent failure: 0
	num status task events dropped: 0
	num profile task events dropped: 0
	num ray task events reported to aggregator: 0
	num ray task events failed to report to aggregator: 0
	num of task attempts dropped reported to aggregator: 0
	num of failed requests to aggregator: 0

[2026-09-03 22:06:04,314 I 1445 4336] core_worker.cc:498: Event stats:


Global stats: 5661 total (8 active)
Queueing time: mean = 0.02ms, max = 0.22ms, min = -0.01ms, total = 106.90ms
Execution time:  mean = 0.00ms, total = 26.63ms
Event stats:
	CoreWorker.RecoverObjects - 4200 total (1 active), Execution time: mean = 0.00ms, total = 11.09ms, Queueing time: mean = 0.02ms, max = 0.07ms, min = -0.01ms, total = 79.82ms
	CoreWorker.ExitIfParentRayletDies - 420 total (1 active), Execution time: mean = 0.01ms, total = 2.44ms, Queueing time: mean = 0.02ms, max = 0.05ms, min = 0.00ms, total = 7.28ms
	CoreWorker.ReportWorkerBacklog - 420 total (1 active), Execution time: mean = 0.00ms, total = 1.54ms, Queueing time: mean = 0.02ms, max = 0.07ms, min = 0.00ms, total = 7.99ms
	CoreWorker.InternalHeartbeat - 420 total (1 active), Execution time: mean = 0.00ms, total = 1.28ms, Queueing time: mean = 0.02ms, max = 0.07ms, min = 0.00ms, total = 8.25ms
	CoreWorker.RecordMetrics - 84 total (1 active), Execution time: mean = 0.03ms, total = 2.18ms, Queueing time: mean = 0.01ms, max = 0.04ms, min = 0.00ms, total = 1.12ms
	CoreWorker.TryDelPendingObjectRefStreams - 42 total (1 active), Execution time: mean = 0.00ms, total = 0.09ms, Queueing time: mean = 0.03ms, max = 0.22ms, min = 0.00ms, total = 1.15ms
	CoreWorkerService.grpc_server.GetCoreWorkerStats - 28 total (0 active), Execution time: mean = 0.19ms, total = 5.43ms, Queueing time: mean = 0.00ms, max = -0.00ms, min = 9223372036854.78ms, total = 0.00ms
	CoreWorkerService.grpc_server.GetCoreWorkerStats.HandleRequestImpl - 28 total (0 active), Execution time: mean = 0.03ms, total = 0.97ms, Queueing time: mean = 0.02ms, max = 0.04ms, min = 0.01ms, total = 0.59ms
	PeriodicalRunner.RunFnPeriodically - 8 total (0 active), Execution time: mean = 0.02ms, total = 0.13ms, Queueing time: mean = 0.07ms, max = 0.12ms, min = 0.01ms, total = 0.58ms
	CoreWorker.PrintEventStats - 7 total (1 active, 1 running), Execution time: mean = 0.16ms, total = 1.11ms, Queueing time: mean = 0.01ms, max = 0.03ms, min = 0.00ms, total = 0.08ms
	Publisher.CheckDeadSubscribers - 2 total (1 active), Execution time: mean = 0.00ms, total = 0.00ms, Queueing time: mean = 0.00ms, max = 0.01ms, min = 0.01ms, total = 0.01ms
	ray::rpc::WorkerInfoGcsService.grpc_client.AddWorkerInfo - 1 total (0 active), Execution time: mean = 0.33ms, total = 0.33ms, Queueing time: mean = 0.00ms, max = -0.00ms, min = 9223372036854.78ms, total = 0.00ms
	ray::rpc::WorkerInfoGcsService.grpc_client.AddWorkerInfo.OnReplyReceived - 1 total (0 active), Execution time: mean = 0.03ms, total = 0.03ms, Queueing time: mean = 0.02ms, max = 0.02ms, min = 0.02ms, total = 0.02ms

-----------------
Task execution event stats:

Global stats: 41919 total (1 active)
Queueing time: mean = 0.02ms, max = 1.50ms, min = -0.03ms, total = 746.45ms
Execution time:  mean = 0.00ms, total = 119.06ms
Event stats:
	CoreWorker.CheckSignal - 41918 total (1 active), Execution time: mean = 0.00ms, total = 119.05ms, Queueing time: mean = 0.02ms, max = 1.50ms, min = -0.03ms, total = 746.45ms
	PeriodicalRunner.RunFnPeriodically - 1 total (0 active), Execution time: mean = 0.00ms, total = 0.00ms, Queueing time: mean = 0.00ms, max = 0.00ms, min = 0.00ms, total = 0.00ms

-----------------
Task Event stats:

IO Service Stats:

Global stats: 421 total (1 active)
Queueing time: mean = 0.03ms, max = 0.07ms, min = 0.01ms, total = 10.59ms
Execution time:  mean = 0.01ms, total = 4.10ms
Event stats:
	CoreWorker.deadline_timer.flush_task_events - 420 total (1 active), Execution time: mean = 0.01ms, total = 4.07ms, Queueing time: mean = 0.03ms, max = 0.07ms, min = 0.01ms, total = 10.58ms
	PeriodicalRunner.RunFnPeriodically - 1 total (0 active), Execution time: mean = 0.03ms, total = 0.03ms, Queueing time: mean = 0.01ms, max = 0.01ms, min = 0.01ms, total = 0.01ms
Other Stats:
	gcs_grpc_in_progress:0
	event_aggregator_grpc_in_progress:0
	current number of task status events in buffer: 0
	current number of profile events in buffer: 0
	current number of dropped task attempts tracked: 0
	total task events sent: 0 MiB
	total number of task attempts sent: 0
	total number of task attempts dropped reported: 0
	total number of sent failure: 0
	num status task events dropped: 0
	num profile task events dropped: 0
	num ray task events reported to aggregator: 0
	num ray task events failed to report to aggregator: 0
	num of task attempts dropped reported to aggregator: 0
	num of failed requests to aggregator: 0

[2026-09-03 22:07:04,314 I 1445 4336] core_worker.cc:498: Event stats:


Global stats: 6468 total (8 active)
Queueing time: mean = 0.02ms, max = 0.22ms, min = -0.01ms, total = 120.44ms
Execution time:  mean = 0.00ms, total = 30.70ms
Event stats:
	CoreWorker.RecoverObjects - 4800 total (1 active), Execution time: mean = 0.00ms, total = 12.91ms, Queueing time: mean = 0.02ms, max = 0.07ms, min = -0.01ms, total = 90.50ms
	CoreWorker.ExitIfParentRayletDies - 480 total (1 active), Execution time: mean = 0.01ms, total = 2.86ms, Queueing time: mean = 0.02ms, max = 0.06ms, min = 0.00ms, total = 8.02ms
	CoreWorker.ReportWorkerBacklog - 480 total (1 active), Execution time: mean = 0.00ms, total = 1.81ms, Queueing time: mean = 0.02ms, max = 0.07ms, min = 0.00ms, total = 8.88ms
	CoreWorker.InternalHeartbeat - 480 total (1 active), Execution time: mean = 0.00ms, total = 1.53ms, Queueing time: mean = 0.02ms, max = 0.07ms, min = -0.01ms, total = 9.14ms
	CoreWorker.RecordMetrics - 96 total (1 active), Execution time: mean = 0.03ms, total = 2.47ms, Queueing time: mean = 0.01ms, max = 0.04ms, min = 0.00ms, total = 1.23ms
	CoreWorker.TryDelPendingObjectRefStreams - 48 total (1 active), Execution time: mean = 0.00ms, total = 0.10ms, Queueing time: mean = 0.03ms, max = 0.22ms, min = 0.00ms, total = 1.32ms
	CoreWorkerService.grpc_server.GetCoreWorkerStats - 32 total (0 active), Execution time: mean = 0.19ms, total = 6.11ms, Queueing time: mean = 0.00ms, max = -0.00ms, min = 9223372036854.78ms, total = 0.00ms
	CoreWorkerService.grpc_server.GetCoreWorkerStats.HandleRequestImpl - 32 total (0 active), Execution time: mean = 0.03ms, total = 1.11ms, Queueing time: mean = 0.02ms, max = 0.04ms, min = 0.01ms, total = 0.66ms
	CoreWorker.PrintEventStats - 8 total (1 active, 1 running), Execution time: mean = 0.16ms, total = 1.30ms, Queueing time: mean = 0.01ms, max = 0.03ms, min = 0.00ms, total = 0.09ms
	PeriodicalRunner.RunFnPeriodically - 8 total (0 active), Execution time: mean = 0.02ms, total = 0.13ms, Queueing time: mean = 0.07ms, max = 0.12ms, min = 0.01ms, total = 0.58ms
	Publisher.CheckDeadSubscribers - 2 total (1 active), Execution time: mean = 0.00ms, total = 0.00ms, Queueing time: mean = 0.00ms, max = 0.01ms, min = 0.01ms, total = 0.01ms
	ray::rpc::WorkerInfoGcsService.grpc_client.AddWorkerInfo - 1 total (0 active), Execution time: mean = 0.33ms, total = 0.33ms, Queueing time: mean = 0.00ms, max = -0.00ms, min = 9223372036854.78ms, total = 0.00ms
	ray::rpc::WorkerInfoGcsService.grpc_client.AddWorkerInfo.OnReplyReceived - 1 total (0 active), Execution time: mean = 0.03ms, total = 0.03ms, Queueing time: mean = 0.02ms, max = 0.02ms, min = 0.02ms, total = 0.02ms

-----------------
Task execution event stats:

Global stats: 47911 total (1 active)
Queueing time: mean = 0.02ms, max = 1.50ms, min = -0.03ms, total = 815.42ms
Execution time:  mean = 0.00ms, total = 128.06ms
Event stats:
	CoreWorker.CheckSignal - 47910 total (1 active), Execution time: mean = 0.00ms, total = 128.05ms, Queueing time: mean = 0.02ms, max = 1.50ms, min = -0.03ms, total = 815.42ms
	PeriodicalRunner.RunFnPeriodically - 1 total (0 active), Execution time: mean = 0.00ms, total = 0.00ms, Queueing time: mean = 0.00ms, max = 0.00ms, min = 0.00ms, total = 0.00ms

-----------------
Task Event stats:

IO Service Stats:

Global stats: 481 total (1 active)
Queueing time: mean = 0.02ms, max = 0.07ms, min = 0.01ms, total = 11.71ms
Execution time:  mean = 0.01ms, total = 4.56ms
Event stats:
	CoreWorker.deadline_timer.flush_task_events - 480 total (1 active), Execution time: mean = 0.01ms, total = 4.53ms, Queueing time: mean = 0.02ms, max = 0.07ms, min = 0.01ms, total = 11.70ms
	PeriodicalRunner.RunFnPeriodically - 1 total (0 active), Execution time: mean = 0.03ms, total = 0.03ms, Queueing time: mean = 0.01ms, max = 0.01ms, min = 0.01ms, total = 0.01ms
Other Stats:
	gcs_grpc_in_progress:0
	event_aggregator_grpc_in_progress:0
	current number of task status events in buffer: 0
	current number of profile events in buffer: 0
	current number of dropped task attempts tracked: 0
	total task events sent: 0 MiB
	total number of task attempts sent: 0
	total number of task attempts dropped reported: 0
	total number of sent failure: 0
	num status task events dropped: 0
	num profile task events dropped: 0
	num ray task events reported to aggregator: 0
	num ray task events failed to report to aggregator: 0
	num of task attempts dropped reported to aggregator: 0
	num of failed requests to aggregator: 0

[2026-09-03 22:08:04,314 I 1445 4336] core_worker.cc:498: Event stats:


Global stats: 7274 total (8 active)
Queueing time: mean = 0.02ms, max = 0.22ms, min = -0.01ms, total = 136.53ms
Execution time:  mean = 0.00ms, total = 34.17ms
Event stats:
	CoreWorker.RecoverObjects - 5399 total (1 active), Execution time: mean = 0.00ms, total = 14.37ms, Queueing time: mean = 0.02ms, max = 0.07ms, min = -0.01ms, total = 102.63ms
	CoreWorker.ExitIfParentRayletDies - 540 total (1 active), Execution time: mean = 0.01ms, total = 3.10ms, Queueing time: mean = 0.02ms, max = 0.07ms, min = 0.00ms, total = 9.15ms
	CoreWorker.ReportWorkerBacklog - 540 total (1 active), Execution time: mean = 0.00ms, total = 1.99ms, Queueing time: mean = 0.02ms, max = 0.07ms, min = 0.00ms, total = 10.06ms
	CoreWorker.InternalHeartbeat - 540 total (1 active), Execution time: mean = 0.00ms, total = 1.69ms, Queueing time: mean = 0.02ms, max = 0.08ms, min = -0.01ms, total = 10.35ms
	CoreWorker.RecordMetrics - 108 total (1 active), Execution time: mean = 0.03ms, total = 2.75ms, Queueing time: mean = 0.01ms, max = 0.04ms, min = 0.00ms, total = 1.36ms
	CoreWorker.TryDelPendingObjectRefStreams - 54 total (1 active), Execution time: mean = 0.00ms, total = 0.11ms, Queueing time: mean = 0.03ms, max = 0.22ms, min = 0.00ms, total = 1.52ms
	CoreWorkerService.grpc_server.GetCoreWorkerStats - 36 total (0 active), Execution time: mean = 0.19ms, total = 6.97ms, Queueing time: mean = 0.00ms, max = -0.00ms, min = 9223372036854.78ms, total = 0.00ms
	CoreWorkerService.grpc_server.GetCoreWorkerStats.HandleRequestImpl - 36 total (0 active), Execution time: mean = 0.03ms, total = 1.24ms, Queueing time: mean = 0.02ms, max = 0.04ms, min = 0.01ms, total = 0.76ms
	CoreWorker.PrintEventStats - 9 total (1 active, 1 running), Execution time: mean = 0.16ms, total = 1.47ms, Queueing time: mean = 0.01ms, max = 0.03ms, min = 0.00ms, total = 0.09ms
	PeriodicalRunner.RunFnPeriodically - 8 total (0 active), Execution time: mean = 0.02ms, total = 0.13ms, Queueing time: mean = 0.07ms, max = 0.12ms, min = 0.01ms, total = 0.58ms
	Publisher.CheckDeadSubscribers - 2 total (1 active), Execution time: mean = 0.00ms, total = 0.00ms, Queueing time: mean = 0.00ms, max = 0.01ms, min = 0.01ms, total = 0.01ms
	ray::rpc::WorkerInfoGcsService.grpc_client.AddWorkerInfo - 1 total (0 active), Execution time: mean = 0.33ms, total = 0.33ms, Queueing time: mean = 0.00ms, max = -0.00ms, min = 9223372036854.78ms, total = 0.00ms
	ray::rpc::WorkerInfoGcsService.grpc_client.AddWorkerInfo.OnReplyReceived - 1 total (0 active), Execution time: mean = 0.03ms, total = 0.03ms, Queueing time: mean = 0.02ms, max = 0.02ms, min = 0.02ms, total = 0.02ms

-----------------
Task execution event stats:

Global stats: 53900 total (1 active)
Queueing time: mean = 0.02ms, max = 1.50ms, min = -0.03ms, total = 916.67ms
Execution time:  mean = 0.00ms, total = 146.48ms
Event stats:
	CoreWorker.CheckSignal - 53899 total (1 active), Execution time: mean = 0.00ms, total = 146.48ms, Queueing time: mean = 0.02ms, max = 1.50ms, min = -0.03ms, total = 916.67ms
	PeriodicalRunner.RunFnPeriodically - 1 total (0 active), Execution time: mean = 0.00ms, total = 0.00ms, Queueing time: mean = 0.00ms, max = 0.00ms, min = 0.00ms, total = 0.00ms

-----------------
Task Event stats:

IO Service Stats:

Global stats: 541 total (1 active)
Queueing time: mean = 0.02ms, max = 0.07ms, min = 0.01ms, total = 13.11ms
Execution time:  mean = 0.01ms, total = 5.10ms
Event stats:
	CoreWorker.deadline_timer.flush_task_events - 540 total (1 active), Execution time: mean = 0.01ms, total = 5.07ms, Queueing time: mean = 0.02ms, max = 0.07ms, min = 0.01ms, total = 13.10ms
	PeriodicalRunner.RunFnPeriodically - 1 total (0 active), Execution time: mean = 0.03ms, total = 0.03ms, Queueing time: mean = 0.01ms, max = 0.01ms, min = 0.01ms, total = 0.01ms
Other Stats:
	gcs_grpc_in_progress:0
	event_aggregator_grpc_in_progress:0
	current number of task status events in buffer: 0
	current number of profile events in buffer: 0
	current number of dropped task attempts tracked: 0
	total task events sent: 0 MiB
	total number of task attempts sent: 0
	total number of task attempts dropped reported: 0
	total number of sent failure: 0
	num status task events dropped: 0
	num profile task events dropped: 0
	num ray task events reported to aggregator: 0
	num ray task events failed to report to aggregator: 0
	num of task attempts dropped reported to aggregator: 0
	num of failed requests to aggregator: 0

[2026-09-03 22:09:04,314 I 1445 4336] core_worker.cc:498: Event stats:


Global stats: 8082 total (8 active)
Queueing time: mean = 0.02ms, max = 0.22ms, min = -0.01ms, total = 151.08ms
Execution time:  mean = 0.00ms, total = 37.58ms
Event stats:
	CoreWorker.RecoverObjects - 5999 total (1 active), Execution time: mean = 0.00ms, total = 15.74ms, Queueing time: mean = 0.02ms, max = 0.07ms, min = -0.01ms, total = 113.34ms
	CoreWorker.ExitIfParentRayletDies - 600 total (1 active), Execution time: mean = 0.01ms, total = 3.36ms, Queueing time: mean = 0.02ms, max = 0.07ms, min = 0.00ms, total = 10.23ms
	CoreWorker.ReportWorkerBacklog - 600 total (1 active), Execution time: mean = 0.00ms, total = 2.16ms, Queueing time: mean = 0.02ms, max = 0.07ms, min = 0.00ms, total = 11.22ms
	CoreWorker.InternalHeartbeat - 600 total (1 active), Execution time: mean = 0.00ms, total = 1.84ms, Queueing time: mean = 0.02ms, max = 0.08ms, min = -0.01ms, total = 11.53ms
	CoreWorker.RecordMetrics - 120 total (1 active), Execution time: mean = 0.03ms, total = 3.05ms, Queueing time: mean = 0.01ms, max = 0.04ms, min = 0.00ms, total = 1.55ms
	CoreWorker.TryDelPendingObjectRefStreams - 60 total (1 active), Execution time: mean = 0.00ms, total = 0.12ms, Queueing time: mean = 0.03ms, max = 0.22ms, min = 0.00ms, total = 1.64ms
	CoreWorkerService.grpc_server.GetCoreWorkerStats - 40 total (0 active), Execution time: mean = 0.20ms, total = 7.84ms, Queueing time: mean = 0.00ms, max = -0.00ms, min = 9223372036854.78ms, total = 0.00ms
	CoreWorkerService.grpc_server.GetCoreWorkerStats.HandleRequestImpl - 40 total (0 active), Execution time: mean = 0.03ms, total = 1.35ms, Queueing time: mean = 0.02ms, max = 0.04ms, min = 0.01ms, total = 0.84ms
	CoreWorker.PrintEventStats - 10 total (1 active, 1 running), Execution time: mean = 0.16ms, total = 1.62ms, Queueing time: mean = 0.01ms, max = 0.03ms, min = 0.00ms, total = 0.10ms
	PeriodicalRunner.RunFnPeriodically - 8 total (0 active), Execution time: mean = 0.02ms, total = 0.13ms, Queueing time: mean = 0.07ms, max = 0.12ms, min = 0.01ms, total = 0.58ms
	Publisher.CheckDeadSubscribers - 3 total (1 active), Execution time: mean = 0.00ms, total = 0.00ms, Queueing time: mean = 0.01ms, max = 0.01ms, min = 0.01ms, total = 0.02ms
	ray::rpc::WorkerInfoGcsService.grpc_client.AddWorkerInfo - 1 total (0 active), Execution time: mean = 0.33ms, total = 0.33ms, Queueing time: mean = 0.00ms, max = -0.00ms, min = 9223372036854.78ms, total = 0.00ms
	ray::rpc::WorkerInfoGcsService.grpc_client.AddWorkerInfo.OnReplyReceived - 1 total (0 active), Execution time: mean = 0.03ms, total = 0.03ms, Queueing time: mean = 0.02ms, max = 0.02ms, min = 0.02ms, total = 0.02ms

-----------------
Task execution event stats:

Global stats: 59887 total (1 active)
Queueing time: mean = 0.02ms, max = 1.50ms, min = -0.03ms, total = 1038.53ms
Execution time:  mean = 0.00ms, total = 166.37ms
Event stats:
	CoreWorker.CheckSignal - 59886 total (1 active), Execution time: mean = 0.00ms, total = 166.37ms, Queueing time: mean = 0.02ms, max = 1.50ms, min = -0.03ms, total = 1038.53ms
	PeriodicalRunner.RunFnPeriodically - 1 total (0 active), Execution time: mean = 0.00ms, total = 0.00ms, Queueing time: mean = 0.00ms, max = 0.00ms, min = 0.00ms, total = 0.00ms

-----------------
Task Event stats:

IO Service Stats:

Global stats: 601 total (1 active)
Queueing time: mean = 0.02ms, max = 0.07ms, min = 0.01ms, total = 14.69ms
Execution time:  mean = 0.01ms, total = 5.64ms
Event stats:
	CoreWorker.deadline_timer.flush_task_events - 600 total (1 active), Execution time: mean = 0.01ms, total = 5.61ms, Queueing time: mean = 0.02ms, max = 0.07ms, min = 0.01ms, total = 14.68ms
	PeriodicalRunner.RunFnPeriodically - 1 total (0 active), Execution time: mean = 0.03ms, total = 0.03ms, Queueing time: mean = 0.01ms, max = 0.01ms, min = 0.01ms, total = 0.01ms
Other Stats:
	gcs_grpc_in_progress:0
	event_aggregator_grpc_in_progress:0
	current number of task status events in buffer: 0
	current number of profile events in buffer: 0
	current number of dropped task attempts tracked: 0
	total task events sent: 0 MiB
	total number of task attempts sent: 0
	total number of task attempts dropped reported: 0
	total number of sent failure: 0
	num status task events dropped: 0
	num profile task events dropped: 0
	num ray task events reported to aggregator: 0
	num ray task events failed to report to aggregator: 0
	num of task attempts dropped reported to aggregator: 0
	num of failed requests to aggregator: 0

[2026-09-03 22:10:04,315 I 1445 4336] core_worker.cc:498: Event stats:


Global stats: 8889 total (8 active)
Queueing time: mean = 0.02ms, max = 0.22ms, min = -0.01ms, total = 162.96ms
Execution time:  mean = 0.00ms, total = 41.05ms
Event stats:
	CoreWorker.RecoverObjects - 6599 total (1 active), Execution time: mean = 0.00ms, total = 17.14ms, Queueing time: mean = 0.02ms, max = 0.07ms, min = -0.01ms, total = 122.10ms
	CoreWorker.ExitIfParentRayletDies - 660 total (1 active), Execution time: mean = 0.01ms, total = 3.69ms, Queueing time: mean = 0.02ms, max = 0.07ms, min = 0.00ms, total = 11.07ms
	CoreWorker.ReportWorkerBacklog - 660 total (1 active), Execution time: mean = 0.00ms, total = 2.37ms, Queueing time: mean = 0.02ms, max = 0.07ms, min = 0.00ms, total = 12.16ms
	CoreWorker.InternalHeartbeat - 660 total (1 active), Execution time: mean = 0.00ms, total = 2.02ms, Queueing time: mean = 0.02ms, max = 0.08ms, min = -0.01ms, total = 12.50ms
	CoreWorker.RecordMetrics - 132 total (1 active), Execution time: mean = 0.03ms, total = 3.34ms, Queueing time: mean = 0.01ms, max = 0.04ms, min = 0.00ms, total = 1.67ms
	CoreWorker.TryDelPendingObjectRefStreams - 66 total (1 active), Execution time: mean = 0.00ms, total = 0.14ms, Queueing time: mean = 0.03ms, max = 0.22ms, min = 0.00ms, total = 1.83ms
	CoreWorkerService.grpc_server.GetCoreWorkerStats - 44 total (0 active), Execution time: mean = 0.20ms, total = 8.63ms, Queueing time: mean = 0.00ms, max = -0.00ms, min = 9223372036854.78ms, total = 0.00ms
	CoreWorkerService.grpc_server.GetCoreWorkerStats.HandleRequestImpl - 44 total (0 active), Execution time: mean = 0.03ms, total = 1.47ms, Queueing time: mean = 0.02ms, max = 0.04ms, min = 0.01ms, total = 0.91ms
	CoreWorker.PrintEventStats - 11 total (1 active, 1 running), Execution time: mean = 0.16ms, total = 1.77ms, Queueing time: mean = 0.01ms, max = 0.03ms, min = 0.00ms, total = 0.10ms
	PeriodicalRunner.RunFnPeriodically - 8 total (0 active), Execution time: mean = 0.02ms, total = 0.13ms, Queueing time: mean = 0.07ms, max = 0.12ms, min = 0.01ms, total = 0.58ms
	Publisher.CheckDeadSubscribers - 3 total (1 active), Execution time: mean = 0.00ms, total = 0.00ms, Queueing time: mean = 0.01ms, max = 0.01ms, min = 0.01ms, total = 0.02ms
	ray::rpc::WorkerInfoGcsService.grpc_client.AddWorkerInfo - 1 total (0 active), Execution time: mean = 0.33ms, total = 0.33ms, Queueing time: mean = 0.00ms, max = -0.00ms, min = 9223372036854.78ms, total = 0.00ms
	ray::rpc::WorkerInfoGcsService.grpc_client.AddWorkerInfo.OnReplyReceived - 1 total (0 active), Execution time: mean = 0.03ms, total = 0.03ms, Queueing time: mean = 0.02ms, max = 0.02ms, min = 0.02ms, total = 0.02ms

-----------------
Task execution event stats:

Global stats: 65877 total (1 active)
Queueing time: mean = 0.02ms, max = 3.43ms, min = -0.03ms, total = 1122.10ms
Execution time:  mean = 0.00ms, total = 180.46ms
Event stats:
	CoreWorker.CheckSignal - 65876 total (1 active), Execution time: mean = 0.00ms, total = 180.46ms, Queueing time: mean = 0.02ms, max = 3.43ms, min = -0.03ms, total = 1122.10ms
	PeriodicalRunner.RunFnPeriodically - 1 total (0 active), Execution time: mean = 0.00ms, total = 0.00ms, Queueing time: mean = 0.00ms, max = 0.00ms, min = 0.00ms, total = 0.00ms

-----------------
Task Event stats:

IO Service Stats:

Global stats: 661 total (1 active)
Queueing time: mean = 0.02ms, max = 0.07ms, min = 0.01ms, total = 16.02ms
Execution time:  mean = 0.01ms, total = 6.14ms
Event stats:
	CoreWorker.deadline_timer.flush_task_events - 660 total (1 active), Execution time: mean = 0.01ms, total = 6.11ms, Queueing time: mean = 0.02ms, max = 0.07ms, min = 0.01ms, total = 16.01ms
	PeriodicalRunner.RunFnPeriodically - 1 total (0 active), Execution time: mean = 0.03ms, total = 0.03ms, Queueing time: mean = 0.01ms, max = 0.01ms, min = 0.01ms, total = 0.01ms
Other Stats:
	gcs_grpc_in_progress:0
	event_aggregator_grpc_in_progress:0
	current number of task status events in buffer: 0
	current number of profile events in buffer: 0
	current number of dropped task attempts tracked: 0
	total task events sent: 0 MiB
	total number of task attempts sent: 0
	total number of task attempts dropped reported: 0
	total number of sent failure: 0
	num status task events dropped: 0
	num profile task events dropped: 0
	num ray task events reported to aggregator: 0
	num ray task events failed to report to aggregator: 0
	num of task attempts dropped reported to aggregator: 0
	num of failed requests to aggregator: 0

