[2026-09-03 21:59:04,271 I 1424 1424] core_worker_process.cc:868: Constructing CoreWorkerProcess. pid: 1424
[2026-09-03 21:59:04,273 I 1424 1424] event.cc:499: Ray Event initialized for CORE_WORKER
[2026-09-03 21:59:04,273 I 1424 1424] event.cc:499: Ray Event initialized for EXPORT_TASK
[2026-09-03 21:59:04,273 I 1424 1424] event.cc:332: Set ray event level to warning
[2026-09-03 21:59:04,274 I 1424 1424] grpc_server.cc:144: worker server started, listening on port 20042.
[2026-09-03 21:59:04,275 I 1424 1424] core_worker_process.cc:299: Initializing worker at address: 10.244.18.139:20042 worker_id=329b17b7640142aa619f86be90859542225bb38718ce77ca4ced5e57 node_id=b668a6c13d1b7186690b035979a815ca1ce93506fd27e5e4ac7a3f5d
[2026-09-03 21:59:04,275 I 1424 1424] task_event_buffer.cc:535: Reporting task events to GCS every 1000ms.
[2026-09-03 21:59:04,275 I 1424 1424] core_worker.cc:568: Adjusted worker niceness to 15
[2026-09-03 21:59:04,276 I 1424 3687] core_worker.cc:498: Event stats:


Global stats: 11 total (9 active)
Queueing time: mean = 0.00ms, max = 0.01ms, min = 0.00ms, total = 0.01ms
Execution time:  mean = 0.00ms, total = 0.02ms
Event stats:
	PeriodicalRunner.RunFnPeriodically - 8 total (6 active, 1 running), Execution time: mean = 0.00ms, total = 0.02ms, Queueing time: mean = 0.00ms, max = 0.01ms, min = 0.00ms, total = 0.01ms
	Publisher.CheckDeadSubscribers - 1 total (1 active), Execution time: mean = 0.00ms, total = 0.00ms, Queueing time: mean = 0.00ms, max = -0.00ms, min = 9223372036854.78ms, total = 0.00ms
	ray::rpc::WorkerInfoGcsService.grpc_client.AddWorkerInfo - 1 total (1 active), Execution time: mean = 0.00ms, total = 0.00ms, Queueing time: mean = 0.00ms, max = -0.00ms, min = 9223372036854.78ms, total = 0.00ms
	CoreWorker.ExitIfParentRayletDies - 1 total (1 active), Execution time: mean = 0.00ms, total = 0.00ms, Queueing time: mean = 0.00ms, max = -0.00ms, min = 9223372036854.78ms, total = 0.00ms

-----------------
Task execution event stats:

Global stats: 0 total (0 active)
Queueing time: mean = -nanms, max = -0.00ms, min = 9223372036854.78ms, total = 0.00ms
Execution time:  mean = -nanms, total = 0.00ms
Event stats:

-----------------
Task Event stats:

IO Service Stats:

Global stats: 2 total (1 active)
Queueing time: mean = 0.00ms, max = 0.01ms, min = 0.01ms, total = 0.01ms
Execution time:  mean = 0.01ms, total = 0.02ms
Event stats:
	PeriodicalRunner.RunFnPeriodically - 1 total (0 active), Execution time: mean = 0.02ms, total = 0.02ms, Queueing time: mean = 0.01ms, max = 0.01ms, min = 0.01ms, total = 0.01ms
	CoreWorker.deadline_timer.flush_task_events - 1 total (1 active), Execution time: mean = 0.00ms, total = 0.00ms, Queueing time: mean = 0.00ms, max = -0.00ms, min = 9223372036854.78ms, total = 0.00ms
Other Stats:
	gcs_grpc_in_progress:0
	event_aggregator_grpc_in_progress:0
	current number of task status events in buffer: 0
	current number of profile events in buffer: 0
	current number of dropped task attempts tracked: 0
	total task events sent: 0 MiB
	total number of task attempts sent: 0
	total number of task attempts dropped reported: 0
	total number of sent failure: 0
	num status task events dropped: 0
	num profile task events dropped: 0
	num ray task events reported to aggregator: 0
	num ray task events failed to report to aggregator: 0
	num of task attempts dropped reported to aggregator: 0
	num of failed requests to aggregator: 0

[2026-09-03 22:00:04,276 I 1424 3687] core_worker.cc:498: Event stats:


Global stats: 818 total (8 active)
Queueing time: mean = 0.02ms, max = 0.10ms, min = 0.00ms, total = 14.41ms
Execution time:  mean = 0.00ms, total = 3.38ms
Event stats:
	CoreWorker.RecoverObjects - 600 total (1 active), Execution time: mean = 0.00ms, total = 1.26ms, Queueing time: mean = 0.02ms, max = 0.06ms, min = 0.00ms, total = 10.53ms
	CoreWorker.InternalHeartbeat - 60 total (1 active), Execution time: mean = 0.00ms, total = 0.15ms, Queueing time: mean = 0.02ms, max = 0.07ms, min = 0.00ms, total = 1.07ms
	CoreWorker.ExitIfParentRayletDies - 60 total (1 active), Execution time: mean = 0.00ms, total = 0.28ms, Queueing time: mean = 0.02ms, max = 0.06ms, min = 0.00ms, total = 1.03ms
	CoreWorker.ReportWorkerBacklog - 60 total (1 active), Execution time: mean = 0.00ms, total = 0.17ms, Queueing time: mean = 0.02ms, max = 0.07ms, min = 0.00ms, total = 1.05ms
	CoreWorker.RecordMetrics - 12 total (1 active), Execution time: mean = 0.02ms, total = 0.21ms, Queueing time: mean = 0.01ms, max = 0.03ms, min = 0.00ms, total = 0.14ms
	PeriodicalRunner.RunFnPeriodically - 8 total (0 active), Execution time: mean = 0.01ms, total = 0.11ms, Queueing time: mean = 0.06ms, max = 0.10ms, min = 0.00ms, total = 0.47ms
	CoreWorker.TryDelPendingObjectRefStreams - 6 total (1 active), Execution time: mean = 0.00ms, total = 0.01ms, Queueing time: mean = 0.01ms, max = 0.01ms, min = 0.01ms, total = 0.04ms
	CoreWorkerService.grpc_server.GetCoreWorkerStats.HandleRequestImpl - 4 total (0 active), Execution time: mean = 0.04ms, total = 0.17ms, Queueing time: mean = 0.02ms, max = 0.02ms, min = 0.01ms, total = 0.07ms
	CoreWorkerService.grpc_server.GetCoreWorkerStats - 4 total (0 active), Execution time: mean = 0.18ms, total = 0.70ms, Queueing time: mean = 0.00ms, max = -0.00ms, min = 9223372036854.78ms, total = 0.00ms
	CoreWorker.PrintEventStats - 1 total (1 active, 1 running), Execution time: mean = 0.00ms, total = 0.00ms, Queueing time: mean = 0.00ms, max = -0.00ms, min = 9223372036854.78ms, total = 0.00ms
	Publisher.CheckDeadSubscribers - 1 total (1 active), Execution time: mean = 0.00ms, total = 0.00ms, Queueing time: mean = 0.00ms, max = -0.00ms, min = 9223372036854.78ms, total = 0.00ms
	ray::rpc::WorkerInfoGcsService.grpc_client.AddWorkerInfo - 1 total (0 active), Execution time: mean = 0.30ms, total = 0.30ms, Queueing time: mean = 0.00ms, max = -0.00ms, min = 9223372036854.78ms, total = 0.00ms
	ray::rpc::WorkerInfoGcsService.grpc_client.AddWorkerInfo.OnReplyReceived - 1 total (0 active), Execution time: mean = 0.03ms, total = 0.03ms, Queueing time: mean = 0.01ms, max = 0.01ms, min = 0.01ms, total = 0.01ms

-----------------
Task execution event stats:

Global stats: 5990 total (1 active)
Queueing time: mean = 0.02ms, max = 1.26ms, min = -0.00ms, total = 108.91ms
Execution time:  mean = 0.00ms, total = 14.86ms
Event stats:
	CoreWorker.CheckSignal - 5989 total (1 active), Execution time: mean = 0.00ms, total = 14.85ms, Queueing time: mean = 0.02ms, max = 1.26ms, min = -0.00ms, total = 108.91ms
	PeriodicalRunner.RunFnPeriodically - 1 total (0 active), Execution time: mean = 0.00ms, total = 0.00ms, Queueing time: mean = 0.00ms, max = 0.00ms, min = 0.00ms, total = 0.00ms

-----------------
Task Event stats:

IO Service Stats:

Global stats: 61 total (1 active)
Queueing time: mean = 0.02ms, max = 0.08ms, min = 0.01ms, total = 1.44ms
Execution time:  mean = 0.01ms, total = 0.53ms
Event stats:
	CoreWorker.deadline_timer.flush_task_events - 60 total (1 active), Execution time: mean = 0.01ms, total = 0.51ms, Queueing time: mean = 0.02ms, max = 0.08ms, min = 0.01ms, total = 1.43ms
	PeriodicalRunner.RunFnPeriodically - 1 total (0 active), Execution time: mean = 0.02ms, total = 0.02ms, Queueing time: mean = 0.01ms, max = 0.01ms, min = 0.01ms, total = 0.01ms
Other Stats:
	gcs_grpc_in_progress:0
	event_aggregator_grpc_in_progress:0
	current number of task status events in buffer: 0
	current number of profile events in buffer: 0
	current number of dropped task attempts tracked: 0
	total task events sent: 0 MiB
	total number of task attempts sent: 0
	total number of task attempts dropped reported: 0
	total number of sent failure: 0
	num status task events dropped: 0
	num profile task events dropped: 0
	num ray task events reported to aggregator: 0
	num ray task events failed to report to aggregator: 0
	num of task attempts dropped reported to aggregator: 0
	num of failed requests to aggregator: 0

[2026-09-03 22:01:04,276 I 1424 3687] core_worker.cc:498: Event stats:


Global stats: 1625 total (8 active)
Queueing time: mean = 0.02ms, max = 0.28ms, min = -0.01ms, total = 28.89ms
Execution time:  mean = 0.00ms, total = 7.71ms
Event stats:
	CoreWorker.RecoverObjects - 1200 total (1 active), Execution time: mean = 0.00ms, total = 3.32ms, Queueing time: mean = 0.02ms, max = 0.07ms, min = -0.01ms, total = 21.14ms
	CoreWorker.InternalHeartbeat - 120 total (1 active), Execution time: mean = 0.00ms, total = 0.37ms, Queueing time: mean = 0.02ms, max = 0.07ms, min = 0.00ms, total = 2.25ms
	CoreWorker.ExitIfParentRayletDies - 120 total (1 active), Execution time: mean = 0.01ms, total = 0.75ms, Queueing time: mean = 0.02ms, max = 0.06ms, min = 0.00ms, total = 1.98ms
	CoreWorker.ReportWorkerBacklog - 120 total (1 active), Execution time: mean = 0.00ms, total = 0.41ms, Queueing time: mean = 0.02ms, max = 0.07ms, min = 0.00ms, total = 2.20ms
	CoreWorker.RecordMetrics - 24 total (1 active), Execution time: mean = 0.02ms, total = 0.54ms, Queueing time: mean = 0.01ms, max = 0.03ms, min = 0.00ms, total = 0.28ms
	CoreWorker.TryDelPendingObjectRefStreams - 12 total (1 active), Execution time: mean = 0.00ms, total = 0.03ms, Queueing time: mean = 0.03ms, max = 0.28ms, min = 0.01ms, total = 0.41ms
	CoreWorkerService.grpc_server.GetCoreWorkerStats.HandleRequestImpl - 8 total (0 active), Execution time: mean = 0.03ms, total = 0.28ms, Queueing time: mean = 0.02ms, max = 0.02ms, min = 0.01ms, total = 0.14ms
	CoreWorkerService.grpc_server.GetCoreWorkerStats - 8 total (0 active), Execution time: mean = 0.16ms, total = 1.25ms, Queueing time: mean = 0.00ms, max = -0.00ms, min = 9223372036854.78ms, total = 0.00ms
	PeriodicalRunner.RunFnPeriodically - 8 total (0 active), Execution time: mean = 0.01ms, total = 0.11ms, Queueing time: mean = 0.06ms, max = 0.10ms, min = 0.00ms, total = 0.47ms
	CoreWorker.PrintEventStats - 2 total (1 active, 1 running), Execution time: mean = 0.17ms, total = 0.33ms, Queueing time: mean = 0.01ms, max = 0.01ms, min = 0.01ms, total = 0.01ms
	Publisher.CheckDeadSubscribers - 1 total (1 active), Execution time: mean = 0.00ms, total = 0.00ms, Queueing time: mean = 0.00ms, max = -0.00ms, min = 9223372036854.78ms, total = 0.00ms
	ray::rpc::WorkerInfoGcsService.grpc_client.AddWorkerInfo - 1 total (0 active), Execution time: mean = 0.30ms, total = 0.30ms, Queueing time: mean = 0.00ms, max = -0.00ms, min = 9223372036854.78ms, total = 0.00ms
	ray::rpc::WorkerInfoGcsService.grpc_client.AddWorkerInfo.OnReplyReceived - 1 total (0 active), Execution time: mean = 0.03ms, total = 0.03ms, Queueing time: mean = 0.01ms, max = 0.01ms, min = 0.01ms, total = 0.01ms

-----------------
Task execution event stats:

Global stats: 11982 total (1 active)
Queueing time: mean = 0.01ms, max = 1.26ms, min = -0.01ms, total = 177.76ms
Execution time:  mean = 0.00ms, total = 27.17ms
Event stats:
	CoreWorker.CheckSignal - 11981 total (1 active), Execution time: mean = 0.00ms, total = 27.17ms, Queueing time: mean = 0.01ms, max = 1.26ms, min = -0.01ms, total = 177.76ms
	PeriodicalRunner.RunFnPeriodically - 1 total (0 active), Execution time: mean = 0.00ms, total = 0.00ms, Queueing time: mean = 0.00ms, max = 0.00ms, min = 0.00ms, total = 0.00ms

-----------------
Task Event stats:

IO Service Stats:

Global stats: 121 total (1 active)
Queueing time: mean = 0.02ms, max = 0.08ms, min = 0.01ms, total = 2.73ms
Execution time:  mean = 0.01ms, total = 1.02ms
Event stats:
	CoreWorker.deadline_timer.flush_task_events - 120 total (1 active), Execution time: mean = 0.01ms, total = 0.99ms, Queueing time: mean = 0.02ms, max = 0.08ms, min = 0.01ms, total = 2.72ms
	PeriodicalRunner.RunFnPeriodically - 1 total (0 active), Execution time: mean = 0.02ms, total = 0.02ms, Queueing time: mean = 0.01ms, max = 0.01ms, min = 0.01ms, total = 0.01ms
Other Stats:
	gcs_grpc_in_progress:0
	event_aggregator_grpc_in_progress:0
	current number of task status events in buffer: 0
	current number of profile events in buffer: 0
	current number of dropped task attempts tracked: 0
	total task events sent: 0 MiB
	total number of task attempts sent: 0
	total number of task attempts dropped reported: 0
	total number of sent failure: 0
	num status task events dropped: 0
	num profile task events dropped: 0
	num ray task events reported to aggregator: 0
	num ray task events failed to report to aggregator: 0
	num of task attempts dropped reported to aggregator: 0
	num of failed requests to aggregator: 0

[2026-09-03 22:02:04,276 I 1424 3687] core_worker.cc:498: Event stats:


Global stats: 2432 total (8 active)
Queueing time: mean = 0.02ms, max = 0.28ms, min = -0.01ms, total = 46.28ms
Execution time:  mean = 0.00ms, total = 11.28ms
Event stats:
	CoreWorker.RecoverObjects - 1800 total (1 active), Execution time: mean = 0.00ms, total = 4.90ms, Queueing time: mean = 0.02ms, max = 0.28ms, min = -0.01ms, total = 34.40ms
	CoreWorker.InternalHeartbeat - 180 total (1 active), Execution time: mean = 0.00ms, total = 0.51ms, Queueing time: mean = 0.02ms, max = 0.07ms, min = 0.00ms, total = 3.56ms
	CoreWorker.ExitIfParentRayletDies - 180 total (1 active), Execution time: mean = 0.01ms, total = 1.07ms, Queueing time: mean = 0.02ms, max = 0.06ms, min = 0.00ms, total = 3.12ms
	CoreWorker.ReportWorkerBacklog - 180 total (1 active), Execution time: mean = 0.00ms, total = 0.59ms, Queueing time: mean = 0.02ms, max = 0.07ms, min = 0.00ms, total = 3.47ms
	CoreWorker.RecordMetrics - 36 total (1 active), Execution time: mean = 0.02ms, total = 0.85ms, Queueing time: mean = 0.01ms, max = 0.04ms, min = 0.00ms, total = 0.51ms
	CoreWorker.TryDelPendingObjectRefStreams - 18 total (1 active), Execution time: mean = 0.00ms, total = 0.04ms, Queueing time: mean = 0.03ms, max = 0.28ms, min = 0.01ms, total = 0.50ms
	CoreWorkerService.grpc_server.GetCoreWorkerStats.HandleRequestImpl - 12 total (0 active), Execution time: mean = 0.03ms, total = 0.40ms, Queueing time: mean = 0.02ms, max = 0.03ms, min = 0.01ms, total = 0.22ms
	CoreWorkerService.grpc_server.GetCoreWorkerStats - 12 total (0 active), Execution time: mean = 0.17ms, total = 2.02ms, Queueing time: mean = 0.00ms, max = -0.00ms, min = 9223372036854.78ms, total = 0.00ms
	PeriodicalRunner.RunFnPeriodically - 8 total (0 active), Execution time: mean = 0.01ms, total = 0.11ms, Queueing time: mean = 0.06ms, max = 0.10ms, min = 0.00ms, total = 0.47ms
	CoreWorker.PrintEventStats - 3 total (1 active, 1 running), Execution time: mean = 0.16ms, total = 0.47ms, Queueing time: mean = 0.01ms, max = 0.01ms, min = 0.00ms, total = 0.02ms
	Publisher.CheckDeadSubscribers - 1 total (1 active), Execution time: mean = 0.00ms, total = 0.00ms, Queueing time: mean = 0.00ms, max = -0.00ms, min = 9223372036854.78ms, total = 0.00ms
	ray::rpc::WorkerInfoGcsService.grpc_client.AddWorkerInfo - 1 total (0 active), Execution time: mean = 0.30ms, total = 0.30ms, Queueing time: mean = 0.00ms, max = -0.00ms, min = 9223372036854.78ms, total = 0.00ms
	ray::rpc::WorkerInfoGcsService.grpc_client.AddWorkerInfo.OnReplyReceived - 1 total (0 active), Execution time: mean = 0.03ms, total = 0.03ms, Queueing time: mean = 0.01ms, max = 0.01ms, min = 0.01ms, total = 0.01ms

-----------------
Task execution event stats:

Global stats: 17971 total (1 active)
Queueing time: mean = 0.01ms, max = 1.26ms, min = -0.01ms, total = 269.11ms
Execution time:  mean = 0.00ms, total = 48.24ms
Event stats:
	CoreWorker.CheckSignal - 17970 total (1 active), Execution time: mean = 0.00ms, total = 48.24ms, Queueing time: mean = 0.01ms, max = 1.26ms, min = -0.01ms, total = 269.11ms
	PeriodicalRunner.RunFnPeriodically - 1 total (0 active), Execution time: mean = 0.00ms, total = 0.00ms, Queueing time: mean = 0.00ms, max = 0.00ms, min = 0.00ms, total = 0.00ms

-----------------
Task Event stats:

IO Service Stats:

Global stats: 181 total (1 active)
Queueing time: mean = 0.02ms, max = 0.08ms, min = 0.00ms, total = 4.34ms
Execution time:  mean = 0.01ms, total = 1.58ms
Event stats:
	CoreWorker.deadline_timer.flush_task_events - 180 total (1 active), Execution time: mean = 0.01ms, total = 1.55ms, Queueing time: mean = 0.02ms, max = 0.08ms, min = 0.00ms, total = 4.33ms
	PeriodicalRunner.RunFnPeriodically - 1 total (0 active), Execution time: mean = 0.02ms, total = 0.02ms, Queueing time: mean = 0.01ms, max = 0.01ms, min = 0.01ms, total = 0.01ms
Other Stats:
	gcs_grpc_in_progress:0
	event_aggregator_grpc_in_progress:0
	current number of task status events in buffer: 0
	current number of profile events in buffer: 0
	current number of dropped task attempts tracked: 0
	total task events sent: 0 MiB
	total number of task attempts sent: 0
	total number of task attempts dropped reported: 0
	total number of sent failure: 0
	num status task events dropped: 0
	num profile task events dropped: 0
	num ray task events reported to aggregator: 0
	num ray task events failed to report to aggregator: 0
	num of task attempts dropped reported to aggregator: 0
	num of failed requests to aggregator: 0

[2026-09-03 22:03:04,276 I 1424 3687] core_worker.cc:498: Event stats:


Global stats: 3239 total (8 active)
Queueing time: mean = 0.02ms, max = 0.28ms, min = -0.01ms, total = 61.80ms
Execution time:  mean = 0.00ms, total = 14.90ms
Event stats:
	CoreWorker.RecoverObjects - 2400 total (1 active), Execution time: mean = 0.00ms, total = 6.36ms, Queueing time: mean = 0.02ms, max = 0.28ms, min = -0.01ms, total = 46.33ms
	CoreWorker.InternalHeartbeat - 240 total (1 active), Execution time: mean = 0.00ms, total = 0.68ms, Queueing time: mean = 0.02ms, max = 0.07ms, min = 0.00ms, total = 4.67ms
	CoreWorker.ExitIfParentRayletDies - 240 total (1 active), Execution time: mean = 0.01ms, total = 1.42ms, Queueing time: mean = 0.02ms, max = 0.06ms, min = 0.00ms, total = 4.05ms
	CoreWorker.ReportWorkerBacklog - 240 total (1 active), Execution time: mean = 0.00ms, total = 0.78ms, Queueing time: mean = 0.02ms, max = 0.07ms, min = 0.00ms, total = 4.56ms
	CoreWorker.RecordMetrics - 48 total (1 active), Execution time: mean = 0.03ms, total = 1.21ms, Queueing time: mean = 0.01ms, max = 0.04ms, min = 0.00ms, total = 0.67ms
	CoreWorker.TryDelPendingObjectRefStreams - 24 total (1 active), Execution time: mean = 0.00ms, total = 0.05ms, Queueing time: mean = 0.03ms, max = 0.28ms, min = 0.01ms, total = 0.67ms
	CoreWorkerService.grpc_server.GetCoreWorkerStats.HandleRequestImpl - 16 total (0 active), Execution time: mean = 0.03ms, total = 0.52ms, Queueing time: mean = 0.02ms, max = 0.04ms, min = 0.01ms, total = 0.33ms
	CoreWorkerService.grpc_server.GetCoreWorkerStats - 16 total (0 active), Execution time: mean = 0.18ms, total = 2.84ms, Queueing time: mean = 0.00ms, max = -0.00ms, min = 9223372036854.78ms, total = 0.00ms
	PeriodicalRunner.RunFnPeriodically - 8 total (0 active), Execution time: mean = 0.01ms, total = 0.11ms, Queueing time: mean = 0.06ms, max = 0.10ms, min = 0.00ms, total = 0.47ms
	CoreWorker.PrintEventStats - 4 total (1 active, 1 running), Execution time: mean = 0.15ms, total = 0.61ms, Queueing time: mean = 0.01ms, max = 0.01ms, min = 0.00ms, total = 0.03ms
	Publisher.CheckDeadSubscribers - 1 total (1 active), Execution time: mean = 0.00ms, total = 0.00ms, Queueing time: mean = 0.00ms, max = -0.00ms, min = 9223372036854.78ms, total = 0.00ms
	ray::rpc::WorkerInfoGcsService.grpc_client.AddWorkerInfo - 1 total (0 active), Execution time: mean = 0.30ms, total = 0.30ms, Queueing time: mean = 0.00ms, max = -0.00ms, min = 9223372036854.78ms, total = 0.00ms
	ray::rpc::WorkerInfoGcsService.grpc_client.AddWorkerInfo.OnReplyReceived - 1 total (0 active), Execution time: mean = 0.03ms, total = 0.03ms, Queueing time: mean = 0.01ms, max = 0.01ms, min = 0.01ms, total = 0.01ms

-----------------
Task execution event stats:

Global stats: 23961 total (1 active)
Queueing time: mean = 0.02ms, max = 1.26ms, min = -0.02ms, total = 359.67ms
Execution time:  mean = 0.00ms, total = 70.17ms
Event stats:
	CoreWorker.CheckSignal - 23960 total (1 active), Execution time: mean = 0.00ms, total = 70.16ms, Queueing time: mean = 0.02ms, max = 1.26ms, min = -0.02ms, total = 359.67ms
	PeriodicalRunner.RunFnPeriodically - 1 total (0 active), Execution time: mean = 0.00ms, total = 0.00ms, Queueing time: mean = 0.00ms, max = 0.00ms, min = 0.00ms, total = 0.00ms

-----------------
Task Event stats:

IO Service Stats:

Global stats: 241 total (1 active)
Queueing time: mean = 0.03ms, max = 0.08ms, min = 0.00ms, total = 6.10ms
Execution time:  mean = 0.01ms, total = 2.16ms
Event stats:
	CoreWorker.deadline_timer.flush_task_events - 240 total (1 active), Execution time: mean = 0.01ms, total = 2.14ms, Queueing time: mean = 0.03ms, max = 0.08ms, min = 0.00ms, total = 6.09ms
	PeriodicalRunner.RunFnPeriodically - 1 total (0 active), Execution time: mean = 0.02ms, total = 0.02ms, Queueing time: mean = 0.01ms, max = 0.01ms, min = 0.01ms, total = 0.01ms
Other Stats:
	gcs_grpc_in_progress:0
	event_aggregator_grpc_in_progress:0
	current number of task status events in buffer: 0
	current number of profile events in buffer: 0
	current number of dropped task attempts tracked: 0
	total task events sent: 0 MiB
	total number of task attempts sent: 0
	total number of task attempts dropped reported: 0
	total number of sent failure: 0
	num status task events dropped: 0
	num profile task events dropped: 0
	num ray task events reported to aggregator: 0
	num ray task events failed to report to aggregator: 0
	num of task attempts dropped reported to aggregator: 0
	num of failed requests to aggregator: 0

[2026-09-03 22:04:04,276 I 1424 3687] core_worker.cc:498: Event stats:


Global stats: 4047 total (8 active)
Queueing time: mean = 0.02ms, max = 0.28ms, min = -0.01ms, total = 79.90ms
Execution time:  mean = 0.00ms, total = 18.52ms
Event stats:
	CoreWorker.RecoverObjects - 3000 total (1 active), Execution time: mean = 0.00ms, total = 7.91ms, Queueing time: mean = 0.02ms, max = 0.28ms, min = -0.01ms, total = 59.46ms
	CoreWorker.InternalHeartbeat - 300 total (1 active), Execution time: mean = 0.00ms, total = 0.83ms, Queueing time: mean = 0.02ms, max = 0.07ms, min = 0.00ms, total = 6.26ms
	CoreWorker.ExitIfParentRayletDies - 300 total (1 active), Execution time: mean = 0.01ms, total = 1.78ms, Queueing time: mean = 0.02ms, max = 0.06ms, min = 0.00ms, total = 5.46ms
	CoreWorker.ReportWorkerBacklog - 300 total (1 active), Execution time: mean = 0.00ms, total = 0.97ms, Queueing time: mean = 0.02ms, max = 0.07ms, min = 0.00ms, total = 6.11ms
	CoreWorker.RecordMetrics - 60 total (1 active), Execution time: mean = 0.02ms, total = 1.49ms, Queueing time: mean = 0.01ms, max = 0.04ms, min = 0.00ms, total = 0.88ms
	CoreWorker.TryDelPendingObjectRefStreams - 30 total (1 active), Execution time: mean = 0.00ms, total = 0.06ms, Queueing time: mean = 0.03ms, max = 0.28ms, min = 0.01ms, total = 0.79ms
	CoreWorkerService.grpc_server.GetCoreWorkerStats.HandleRequestImpl - 20 total (0 active), Execution time: mean = 0.03ms, total = 0.62ms, Queueing time: mean = 0.02ms, max = 0.04ms, min = 0.01ms, total = 0.41ms
	CoreWorkerService.grpc_server.GetCoreWorkerStats - 20 total (0 active), Execution time: mean = 0.18ms, total = 3.65ms, Queueing time: mean = 0.00ms, max = -0.00ms, min = 9223372036854.78ms, total = 0.00ms
	PeriodicalRunner.RunFnPeriodically - 8 total (0 active), Execution time: mean = 0.01ms, total = 0.11ms, Queueing time: mean = 0.06ms, max = 0.10ms, min = 0.00ms, total = 0.47ms
	CoreWorker.PrintEventStats - 5 total (1 active, 1 running), Execution time: mean = 0.15ms, total = 0.75ms, Queueing time: mean = 0.01ms, max = 0.01ms, min = 0.00ms, total = 0.04ms
	Publisher.CheckDeadSubscribers - 2 total (1 active), Execution time: mean = 0.01ms, total = 0.02ms, Queueing time: mean = 0.00ms, max = 0.01ms, min = 0.01ms, total = 0.01ms
	ray::rpc::WorkerInfoGcsService.grpc_client.AddWorkerInfo - 1 total (0 active), Execution time: mean = 0.30ms, total = 0.30ms, Queueing time: mean = 0.00ms, max = -0.00ms, min = 9223372036854.78ms, total = 0.00ms
	ray::rpc::WorkerInfoGcsService.grpc_client.AddWorkerInfo.OnReplyReceived - 1 total (0 active), Execution time: mean = 0.03ms, total = 0.03ms, Queueing time: mean = 0.01ms, max = 0.01ms, min = 0.01ms, total = 0.01ms

-----------------
Task execution event stats:

Global stats: 29946 total (1 active)
Queueing time: mean = 0.02ms, max = 1.26ms, min = -0.05ms, total = 494.83ms
Execution time:  mean = 0.00ms, total = 94.84ms
Event stats:
	CoreWorker.CheckSignal - 29945 total (1 active), Execution time: mean = 0.00ms, total = 94.83ms, Queueing time: mean = 0.02ms, max = 1.26ms, min = -0.05ms, total = 494.83ms
	PeriodicalRunner.RunFnPeriodically - 1 total (0 active), Execution time: mean = 0.00ms, total = 0.00ms, Queueing time: mean = 0.00ms, max = 0.00ms, min = 0.00ms, total = 0.00ms

-----------------
Task Event stats:

IO Service Stats:

Global stats: 301 total (1 active)
Queueing time: mean = 0.03ms, max = 0.08ms, min = 0.00ms, total = 7.59ms
Execution time:  mean = 0.01ms, total = 2.69ms
Event stats:
	CoreWorker.deadline_timer.flush_task_events - 300 total (1 active), Execution time: mean = 0.01ms, total = 2.67ms, Queueing time: mean = 0.03ms, max = 0.08ms, min = 0.00ms, total = 7.58ms
	PeriodicalRunner.RunFnPeriodically - 1 total (0 active), Execution time: mean = 0.02ms, total = 0.02ms, Queueing time: mean = 0.01ms, max = 0.01ms, min = 0.01ms, total = 0.01ms
Other Stats:
	gcs_grpc_in_progress:0
	event_aggregator_grpc_in_progress:0
	current number of task status events in buffer: 0
	current number of profile events in buffer: 0
	current number of dropped task attempts tracked: 0
	total task events sent: 0 MiB
	total number of task attempts sent: 0
	total number of task attempts dropped reported: 0
	total number of sent failure: 0
	num status task events dropped: 0
	num profile task events dropped: 0
	num ray task events reported to aggregator: 0
	num ray task events failed to report to aggregator: 0
	num of task attempts dropped reported to aggregator: 0
	num of failed requests to aggregator: 0

[2026-09-03 22:05:04,277 I 1424 3687] core_worker.cc:498: Event stats:


Global stats: 4854 total (8 active)
Queueing time: mean = 0.02ms, max = 0.28ms, min = -0.02ms, total = 96.84ms
Execution time:  mean = 0.00ms, total = 21.97ms
Event stats:
	CoreWorker.RecoverObjects - 3600 total (1 active), Execution time: mean = 0.00ms, total = 9.52ms, Queueing time: mean = 0.02ms, max = 0.28ms, min = -0.02ms, total = 72.24ms
	CoreWorker.InternalHeartbeat - 360 total (1 active), Execution time: mean = 0.00ms, total = 0.98ms, Queueing time: mean = 0.02ms, max = 0.07ms, min = 0.00ms, total = 7.62ms
	CoreWorker.ExitIfParentRayletDies - 360 total (1 active), Execution time: mean = 0.01ms, total = 2.14ms, Queueing time: mean = 0.02ms, max = 0.06ms, min = 0.00ms, total = 6.62ms
	CoreWorker.ReportWorkerBacklog - 360 total (1 active), Execution time: mean = 0.00ms, total = 1.15ms, Queueing time: mean = 0.02ms, max = 0.07ms, min = 0.00ms, total = 7.43ms
	CoreWorker.RecordMetrics - 72 total (1 active), Execution time: mean = 0.02ms, total = 1.77ms, Queueing time: mean = 0.01ms, max = 0.04ms, min = -0.02ms, total = 1.04ms
	CoreWorker.TryDelPendingObjectRefStreams - 36 total (1 active), Execution time: mean = 0.00ms, total = 0.07ms, Queueing time: mean = 0.03ms, max = 0.28ms, min = 0.00ms, total = 0.91ms
	CoreWorkerService.grpc_server.GetCoreWorkerStats.HandleRequestImpl - 24 total (0 active), Execution time: mean = 0.03ms, total = 0.68ms, Queueing time: mean = 0.02ms, max = 0.04ms, min = 0.00ms, total = 0.45ms
	CoreWorkerService.grpc_server.GetCoreWorkerStats - 24 total (0 active), Execution time: mean = 0.18ms, total = 4.31ms, Queueing time: mean = 0.00ms, max = -0.00ms, min = 9223372036854.78ms, total = 0.00ms
	PeriodicalRunner.RunFnPeriodically - 8 total (0 active), Execution time: mean = 0.01ms, total = 0.11ms, Queueing time: mean = 0.06ms, max = 0.10ms, min = 0.00ms, total = 0.47ms
	CoreWorker.PrintEventStats - 6 total (1 active, 1 running), Execution time: mean = 0.15ms, total = 0.89ms, Queueing time: mean = 0.01ms, max = 0.01ms, min = 0.00ms, total = 0.05ms
	Publisher.CheckDeadSubscribers - 2 total (1 active), Execution time: mean = 0.01ms, total = 0.02ms, Queueing time: mean = 0.00ms, max = 0.01ms, min = 0.01ms, total = 0.01ms
	ray::rpc::WorkerInfoGcsService.grpc_client.AddWorkerInfo - 1 total (0 active), Execution time: mean = 0.30ms, total = 0.30ms, Queueing time: mean = 0.00ms, max = -0.00ms, min = 9223372036854.78ms, total = 0.00ms
	ray::rpc::WorkerInfoGcsService.grpc_client.AddWorkerInfo.OnReplyReceived - 1 total (0 active), Execution time: mean = 0.03ms, total = 0.03ms, Queueing time: mean = 0.01ms, max = 0.01ms, min = 0.01ms, total = 0.01ms

-----------------
Task execution event stats:

Global stats: 35932 total (1 active)
Queueing time: mean = 0.02ms, max = 1.26ms, min = -0.05ms, total = 618.86ms
Execution time:  mean = 0.00ms, total = 117.21ms
Event stats:
	CoreWorker.CheckSignal - 35931 total (1 active), Execution time: mean = 0.00ms, total = 117.21ms, Queueing time: mean = 0.02ms, max = 1.26ms, min = -0.05ms, total = 618.86ms
	PeriodicalRunner.RunFnPeriodically - 1 total (0 active), Execution time: mean = 0.00ms, total = 0.00ms, Queueing time: mean = 0.00ms, max = 0.00ms, min = 0.00ms, total = 0.00ms

-----------------
Task Event stats:

IO Service Stats:

Global stats: 361 total (1 active)
Queueing time: mean = 0.03ms, max = 0.09ms, min = 0.00ms, total = 9.34ms
Execution time:  mean = 0.01ms, total = 3.28ms
Event stats:
	CoreWorker.deadline_timer.flush_task_events - 360 total (1 active), Execution time: mean = 0.01ms, total = 3.25ms, Queueing time: mean = 0.03ms, max = 0.09ms, min = 0.00ms, total = 9.33ms
	PeriodicalRunner.RunFnPeriodically - 1 total (0 active), Execution time: mean = 0.02ms, total = 0.02ms, Queueing time: mean = 0.01ms, max = 0.01ms, min = 0.01ms, total = 0.01ms
Other Stats:
	gcs_grpc_in_progress:0
	event_aggregator_grpc_in_progress:0
	current number of task status events in buffer: 0
	current number of profile events in buffer: 0
	current number of dropped task attempts tracked: 0
	total task events sent: 0 MiB
	total number of task attempts sent: 0
	total number of task attempts dropped reported: 0
	total number of sent failure: 0
	num status task events dropped: 0
	num profile task events dropped: 0
	num ray task events reported to aggregator: 0
	num ray task events failed to report to aggregator: 0
	num of task attempts dropped reported to aggregator: 0
	num of failed requests to aggregator: 0

[2026-09-03 22:06:04,277 I 1424 3687] core_worker.cc:498: Event stats:


Global stats: 5661 total (8 active)
Queueing time: mean = 0.02ms, max = 0.28ms, min = -0.02ms, total = 108.96ms
Execution time:  mean = 0.00ms, total = 25.04ms
Event stats:
	CoreWorker.RecoverObjects - 4200 total (1 active), Execution time: mean = 0.00ms, total = 10.96ms, Queueing time: mean = 0.02ms, max = 0.28ms, min = -0.02ms, total = 81.48ms
	CoreWorker.InternalHeartbeat - 420 total (1 active), Execution time: mean = 0.00ms, total = 1.14ms, Queueing time: mean = 0.02ms, max = 0.08ms, min = 0.00ms, total = 8.51ms
	CoreWorker.ExitIfParentRayletDies - 420 total (1 active), Execution time: mean = 0.01ms, total = 2.44ms, Queueing time: mean = 0.02ms, max = 0.06ms, min = 0.00ms, total = 7.39ms
	CoreWorker.ReportWorkerBacklog - 420 total (1 active), Execution time: mean = 0.00ms, total = 1.33ms, Queueing time: mean = 0.02ms, max = 0.09ms, min = 0.00ms, total = 8.31ms
	CoreWorker.RecordMetrics - 84 total (1 active), Execution time: mean = 0.02ms, total = 1.98ms, Queueing time: mean = 0.01ms, max = 0.04ms, min = -0.02ms, total = 1.18ms
	CoreWorker.TryDelPendingObjectRefStreams - 42 total (1 active), Execution time: mean = 0.00ms, total = 0.08ms, Queueing time: mean = 0.03ms, max = 0.28ms, min = 0.00ms, total = 1.06ms
	CoreWorkerService.grpc_server.GetCoreWorkerStats.HandleRequestImpl - 28 total (0 active), Execution time: mean = 0.03ms, total = 0.74ms, Queueing time: mean = 0.02ms, max = 0.04ms, min = 0.00ms, total = 0.49ms
	CoreWorkerService.grpc_server.GetCoreWorkerStats - 28 total (0 active), Execution time: mean = 0.18ms, total = 4.90ms, Queueing time: mean = 0.00ms, max = -0.00ms, min = 9223372036854.78ms, total = 0.00ms
	PeriodicalRunner.RunFnPeriodically - 8 total (0 active), Execution time: mean = 0.01ms, total = 0.11ms, Queueing time: mean = 0.06ms, max = 0.10ms, min = 0.00ms, total = 0.47ms
	CoreWorker.PrintEventStats - 7 total (1 active, 1 running), Execution time: mean = 0.14ms, total = 1.01ms, Queueing time: mean = 0.01ms, max = 0.01ms, min = 0.00ms, total = 0.06ms
	Publisher.CheckDeadSubscribers - 2 total (1 active), Execution time: mean = 0.01ms, total = 0.02ms, Queueing time: mean = 0.00ms, max = 0.01ms, min = 0.01ms, total = 0.01ms
	ray::rpc::WorkerInfoGcsService.grpc_client.AddWorkerInfo - 1 total (0 active), Execution time: mean = 0.30ms, total = 0.30ms, Queueing time: mean = 0.00ms, max = -0.00ms, min = 9223372036854.78ms, total = 0.00ms
	ray::rpc::WorkerInfoGcsService.grpc_client.AddWorkerInfo.OnReplyReceived - 1 total (0 active), Execution time: mean = 0.03ms, total = 0.03ms, Queueing time: mean = 0.01ms, max = 0.01ms, min = 0.01ms, total = 0.01ms

-----------------
Task execution event stats:

Global stats: 41926 total (1 active)
Queueing time: mean = 0.02ms, max = 1.26ms, min = -0.05ms, total = 671.71ms
Execution time:  mean = 0.00ms, total = 126.46ms
Event stats:
	CoreWorker.CheckSignal - 41925 total (1 active), Execution time: mean = 0.00ms, total = 126.46ms, Queueing time: mean = 0.02ms, max = 1.26ms, min = -0.05ms, total = 671.71ms
	PeriodicalRunner.RunFnPeriodically - 1 total (0 active), Execution time: mean = 0.00ms, total = 0.00ms, Queueing time: mean = 0.00ms, max = 0.00ms, min = 0.00ms, total = 0.00ms

-----------------
Task Event stats:

IO Service Stats:

Global stats: 421 total (1 active)
Queueing time: mean = 0.03ms, max = 0.09ms, min = 0.00ms, total = 10.56ms
Execution time:  mean = 0.01ms, total = 3.79ms
Event stats:
	CoreWorker.deadline_timer.flush_task_events - 420 total (1 active), Execution time: mean = 0.01ms, total = 3.76ms, Queueing time: mean = 0.03ms, max = 0.09ms, min = 0.00ms, total = 10.55ms
	PeriodicalRunner.RunFnPeriodically - 1 total (0 active), Execution time: mean = 0.02ms, total = 0.02ms, Queueing time: mean = 0.01ms, max = 0.01ms, min = 0.01ms, total = 0.01ms
Other Stats:
	gcs_grpc_in_progress:0
	event_aggregator_grpc_in_progress:0
	current number of task status events in buffer: 0
	current number of profile events in buffer: 0
	current number of dropped task attempts tracked: 0
	total task events sent: 0 MiB
	total number of task attempts sent: 0
	total number of task attempts dropped reported: 0
	total number of sent failure: 0
	num status task events dropped: 0
	num profile task events dropped: 0
	num ray task events reported to aggregator: 0
	num ray task events failed to report to aggregator: 0
	num of task attempts dropped reported to aggregator: 0
	num of failed requests to aggregator: 0

[2026-09-03 22:07:04,277 I 1424 3687] core_worker.cc:498: Event stats:


Global stats: 6468 total (8 active)
Queueing time: mean = 0.02ms, max = 0.28ms, min = -0.02ms, total = 121.68ms
Execution time:  mean = 0.00ms, total = 28.43ms
Event stats:
	CoreWorker.RecoverObjects - 4800 total (1 active), Execution time: mean = 0.00ms, total = 12.55ms, Queueing time: mean = 0.02ms, max = 0.28ms, min = -0.02ms, total = 91.13ms
	CoreWorker.InternalHeartbeat - 480 total (1 active), Execution time: mean = 0.00ms, total = 1.32ms, Queueing time: mean = 0.02ms, max = 0.08ms, min = -0.01ms, total = 9.44ms
	CoreWorker.ExitIfParentRayletDies - 480 total (1 active), Execution time: mean = 0.01ms, total = 2.73ms, Queueing time: mean = 0.02ms, max = 0.06ms, min = 0.00ms, total = 8.20ms
	CoreWorker.ReportWorkerBacklog - 480 total (1 active), Execution time: mean = 0.00ms, total = 1.51ms, Queueing time: mean = 0.02ms, max = 0.09ms, min = 0.00ms, total = 9.24ms
	CoreWorker.RecordMetrics - 96 total (1 active), Execution time: mean = 0.02ms, total = 2.20ms, Queueing time: mean = 0.01ms, max = 0.04ms, min = -0.02ms, total = 1.31ms
	CoreWorker.TryDelPendingObjectRefStreams - 48 total (1 active), Execution time: mean = 0.00ms, total = 0.10ms, Queueing time: mean = 0.03ms, max = 0.28ms, min = 0.00ms, total = 1.24ms
	CoreWorkerService.grpc_server.GetCoreWorkerStats.HandleRequestImpl - 32 total (0 active), Execution time: mean = 0.03ms, total = 0.82ms, Queueing time: mean = 0.02ms, max = 0.04ms, min = 0.00ms, total = 0.57ms
	CoreWorkerService.grpc_server.GetCoreWorkerStats - 32 total (0 active), Execution time: mean = 0.17ms, total = 5.56ms, Queueing time: mean = 0.00ms, max = -0.00ms, min = 9223372036854.78ms, total = 0.00ms
	CoreWorker.PrintEventStats - 8 total (1 active, 1 running), Execution time: mean = 0.15ms, total = 1.18ms, Queueing time: mean = 0.01ms, max = 0.01ms, min = 0.00ms, total = 0.07ms
	PeriodicalRunner.RunFnPeriodically - 8 total (0 active), Execution time: mean = 0.01ms, total = 0.11ms, Queueing time: mean = 0.06ms, max = 0.10ms, min = 0.00ms, total = 0.47ms
	Publisher.CheckDeadSubscribers - 2 total (1 active), Execution time: mean = 0.01ms, total = 0.02ms, Queueing time: mean = 0.00ms, max = 0.01ms, min = 0.01ms, total = 0.01ms
	ray::rpc::WorkerInfoGcsService.grpc_client.AddWorkerInfo - 1 total (0 active), Execution time: mean = 0.30ms, total = 0.30ms, Queueing time: mean = 0.00ms, max = -0.00ms, min = 9223372036854.78ms, total = 0.00ms
	ray::rpc::WorkerInfoGcsService.grpc_client.AddWorkerInfo.OnReplyReceived - 1 total (0 active), Execution time: mean = 0.03ms, total = 0.03ms, Queueing time: mean = 0.01ms, max = 0.01ms, min = 0.01ms, total = 0.01ms

-----------------
Task execution event stats:

Global stats: 47920 total (1 active)
Queueing time: mean = 0.02ms, max = 1.26ms, min = -0.05ms, total = 728.24ms
Execution time:  mean = 0.00ms, total = 136.41ms
Event stats:
	CoreWorker.CheckSignal - 47919 total (1 active), Execution time: mean = 0.00ms, total = 136.41ms, Queueing time: mean = 0.02ms, max = 1.26ms, min = -0.05ms, total = 728.24ms
	PeriodicalRunner.RunFnPeriodically - 1 total (0 active), Execution time: mean = 0.00ms, total = 0.00ms, Queueing time: mean = 0.00ms, max = 0.00ms, min = 0.00ms, total = 0.00ms

-----------------
Task Event stats:

IO Service Stats:

Global stats: 481 total (1 active)
Queueing time: mean = 0.02ms, max = 0.09ms, min = 0.00ms, total = 11.86ms
Execution time:  mean = 0.01ms, total = 4.39ms
Event stats:
	CoreWorker.deadline_timer.flush_task_events - 480 total (1 active), Execution time: mean = 0.01ms, total = 4.37ms, Queueing time: mean = 0.02ms, max = 0.09ms, min = 0.00ms, total = 11.86ms
	PeriodicalRunner.RunFnPeriodically - 1 total (0 active), Execution time: mean = 0.02ms, total = 0.02ms, Queueing time: mean = 0.01ms, max = 0.01ms, min = 0.01ms, total = 0.01ms
Other Stats:
	gcs_grpc_in_progress:0
	event_aggregator_grpc_in_progress:0
	current number of task status events in buffer: 0
	current number of profile events in buffer: 0
	current number of dropped task attempts tracked: 0
	total task events sent: 0 MiB
	total number of task attempts sent: 0
	total number of task attempts dropped reported: 0
	total number of sent failure: 0
	num status task events dropped: 0
	num profile task events dropped: 0
	num ray task events reported to aggregator: 0
	num ray task events failed to report to aggregator: 0
	num of task attempts dropped reported to aggregator: 0
	num of failed requests to aggregator: 0

[2026-09-03 22:08:04,277 I 1424 3687] core_worker.cc:498: Event stats:


Global stats: 7274 total (8 active)
Queueing time: mean = 0.02ms, max = 0.28ms, min = -0.02ms, total = 137.98ms
Execution time:  mean = 0.00ms, total = 31.64ms
Event stats:
	CoreWorker.RecoverObjects - 5399 total (1 active), Execution time: mean = 0.00ms, total = 13.86ms, Queueing time: mean = 0.02ms, max = 0.28ms, min = -0.02ms, total = 103.00ms
	CoreWorker.InternalHeartbeat - 540 total (1 active), Execution time: mean = 0.00ms, total = 1.45ms, Queueing time: mean = 0.02ms, max = 0.08ms, min = -0.01ms, total = 10.84ms
	CoreWorker.ExitIfParentRayletDies - 540 total (1 active), Execution time: mean = 0.01ms, total = 3.02ms, Queueing time: mean = 0.02ms, max = 0.06ms, min = 0.00ms, total = 9.45ms
	CoreWorker.ReportWorkerBacklog - 540 total (1 active), Execution time: mean = 0.00ms, total = 1.68ms, Queueing time: mean = 0.02ms, max = 0.09ms, min = 0.00ms, total = 10.59ms
	CoreWorker.RecordMetrics - 108 total (1 active), Execution time: mean = 0.02ms, total = 2.48ms, Queueing time: mean = 0.01ms, max = 0.04ms, min = -0.02ms, total = 1.52ms
	CoreWorker.TryDelPendingObjectRefStreams - 54 total (1 active), Execution time: mean = 0.00ms, total = 0.11ms, Queueing time: mean = 0.03ms, max = 0.28ms, min = 0.00ms, total = 1.38ms
	CoreWorkerService.grpc_server.GetCoreWorkerStats.HandleRequestImpl - 36 total (0 active), Execution time: mean = 0.03ms, total = 0.92ms, Queueing time: mean = 0.02ms, max = 0.04ms, min = 0.00ms, total = 0.64ms
	CoreWorkerService.grpc_server.GetCoreWorkerStats - 36 total (0 active), Execution time: mean = 0.18ms, total = 6.35ms, Queueing time: mean = 0.00ms, max = -0.00ms, min = 9223372036854.78ms, total = 0.00ms
	CoreWorker.PrintEventStats - 9 total (1 active, 1 running), Execution time: mean = 0.15ms, total = 1.31ms, Queueing time: mean = 0.01ms, max = 0.01ms, min = 0.00ms, total = 0.08ms
	PeriodicalRunner.RunFnPeriodically - 8 total (0 active), Execution time: mean = 0.01ms, total = 0.11ms, Queueing time: mean = 0.06ms, max = 0.10ms, min = 0.00ms, total = 0.47ms
	Publisher.CheckDeadSubscribers - 2 total (1 active), Execution time: mean = 0.01ms, total = 0.02ms, Queueing time: mean = 0.00ms, max = 0.01ms, min = 0.01ms, total = 0.01ms
	ray::rpc::WorkerInfoGcsService.grpc_client.AddWorkerInfo - 1 total (0 active), Execution time: mean = 0.30ms, total = 0.30ms, Queueing time: mean = 0.00ms, max = -0.00ms, min = 9223372036854.78ms, total = 0.00ms
	ray::rpc::WorkerInfoGcsService.grpc_client.AddWorkerInfo.OnReplyReceived - 1 total (0 active), Execution time: mean = 0.03ms, total = 0.03ms, Queueing time: mean = 0.01ms, max = 0.01ms, min = 0.01ms, total = 0.01ms

-----------------
Task execution event stats:

Global stats: 53908 total (1 active)
Queueing time: mean = 0.02ms, max = 1.26ms, min = -0.05ms, total = 829.58ms
Execution time:  mean = 0.00ms, total = 155.98ms
Event stats:
	CoreWorker.CheckSignal - 53907 total (1 active), Execution time: mean = 0.00ms, total = 155.98ms, Queueing time: mean = 0.02ms, max = 1.26ms, min = -0.05ms, total = 829.57ms
	PeriodicalRunner.RunFnPeriodically - 1 total (0 active), Execution time: mean = 0.00ms, total = 0.00ms, Queueing time: mean = 0.00ms, max = 0.00ms, min = 0.00ms, total = 0.00ms

-----------------
Task Event stats:

IO Service Stats:

Global stats: 541 total (1 active)
Queueing time: mean = 0.02ms, max = 0.09ms, min = 0.00ms, total = 13.44ms
Execution time:  mean = 0.01ms, total = 4.95ms
Event stats:
	CoreWorker.deadline_timer.flush_task_events - 540 total (1 active), Execution time: mean = 0.01ms, total = 4.92ms, Queueing time: mean = 0.02ms, max = 0.09ms, min = 0.00ms, total = 13.43ms
	PeriodicalRunner.RunFnPeriodically - 1 total (0 active), Execution time: mean = 0.02ms, total = 0.02ms, Queueing time: mean = 0.01ms, max = 0.01ms, min = 0.01ms, total = 0.01ms
Other Stats:
	gcs_grpc_in_progress:0
	event_aggregator_grpc_in_progress:0
	current number of task status events in buffer: 0
	current number of profile events in buffer: 0
	current number of dropped task attempts tracked: 0
	total task events sent: 0 MiB
	total number of task attempts sent: 0
	total number of task attempts dropped reported: 0
	total number of sent failure: 0
	num status task events dropped: 0
	num profile task events dropped: 0
	num ray task events reported to aggregator: 0
	num ray task events failed to report to aggregator: 0
	num of task attempts dropped reported to aggregator: 0
	num of failed requests to aggregator: 0

[2026-09-03 22:09:04,277 I 1424 3687] core_worker.cc:498: Event stats:


Global stats: 8082 total (8 active)
Queueing time: mean = 0.02ms, max = 1.37ms, min = -0.02ms, total = 156.10ms
Execution time:  mean = 0.00ms, total = 34.88ms
Event stats:
	CoreWorker.RecoverObjects - 5999 total (1 active), Execution time: mean = 0.00ms, total = 15.21ms, Queueing time: mean = 0.02ms, max = 1.37ms, min = -0.02ms, total = 116.82ms
	CoreWorker.InternalHeartbeat - 600 total (1 active), Execution time: mean = 0.00ms, total = 1.59ms, Queueing time: mean = 0.02ms, max = 0.08ms, min = -0.01ms, total = 12.17ms
	CoreWorker.ExitIfParentRayletDies - 600 total (1 active), Execution time: mean = 0.01ms, total = 3.33ms, Queueing time: mean = 0.02ms, max = 0.07ms, min = 0.00ms, total = 10.62ms
	CoreWorker.ReportWorkerBacklog - 600 total (1 active), Execution time: mean = 0.00ms, total = 1.85ms, Queueing time: mean = 0.02ms, max = 0.09ms, min = 0.00ms, total = 11.89ms
	CoreWorker.RecordMetrics - 120 total (1 active), Execution time: mean = 0.02ms, total = 2.73ms, Queueing time: mean = 0.01ms, max = 0.04ms, min = -0.02ms, total = 1.76ms
	CoreWorker.TryDelPendingObjectRefStreams - 60 total (1 active), Execution time: mean = 0.00ms, total = 0.11ms, Queueing time: mean = 0.02ms, max = 0.28ms, min = 0.00ms, total = 1.49ms
	CoreWorkerService.grpc_server.GetCoreWorkerStats.HandleRequestImpl - 40 total (0 active), Execution time: mean = 0.03ms, total = 1.02ms, Queueing time: mean = 0.02ms, max = 0.04ms, min = 0.00ms, total = 0.76ms
	CoreWorkerService.grpc_server.GetCoreWorkerStats - 40 total (0 active), Execution time: mean = 0.18ms, total = 7.15ms, Queueing time: mean = 0.00ms, max = -0.00ms, min = 9223372036854.78ms, total = 0.00ms
	CoreWorker.PrintEventStats - 10 total (1 active, 1 running), Execution time: mean = 0.14ms, total = 1.44ms, Queueing time: mean = 0.01ms, max = 0.02ms, min = 0.00ms, total = 0.09ms
	PeriodicalRunner.RunFnPeriodically - 8 total (0 active), Execution time: mean = 0.01ms, total = 0.11ms, Queueing time: mean = 0.06ms, max = 0.10ms, min = 0.00ms, total = 0.47ms
	Publisher.CheckDeadSubscribers - 3 total (1 active), Execution time: mean = 0.01ms, total = 0.02ms, Queueing time: mean = 0.01ms, max = 0.02ms, min = 0.01ms, total = 0.02ms
	ray::rpc::WorkerInfoGcsService.grpc_client.AddWorkerInfo - 1 total (0 active), Execution time: mean = 0.30ms, total = 0.30ms, Queueing time: mean = 0.00ms, max = -0.00ms, min = 9223372036854.78ms, total = 0.00ms
	ray::rpc::WorkerInfoGcsService.grpc_client.AddWorkerInfo.OnReplyReceived - 1 total (0 active), Execution time: mean = 0.03ms, total = 0.03ms, Queueing time: mean = 0.01ms, max = 0.01ms, min = 0.01ms, total = 0.01ms

-----------------
Task execution event stats:

Global stats: 59897 total (1 active)
Queueing time: mean = 0.02ms, max = 1.26ms, min = -0.05ms, total = 933.50ms
Execution time:  mean = 0.00ms, total = 179.21ms
Event stats:
	CoreWorker.CheckSignal - 59896 total (1 active), Execution time: mean = 0.00ms, total = 179.21ms, Queueing time: mean = 0.02ms, max = 1.26ms, min = -0.05ms, total = 933.50ms
	PeriodicalRunner.RunFnPeriodically - 1 total (0 active), Execution time: mean = 0.00ms, total = 0.00ms, Queueing time: mean = 0.00ms, max = 0.00ms, min = 0.00ms, total = 0.00ms

-----------------
Task Event stats:

IO Service Stats:

Global stats: 601 total (1 active)
Queueing time: mean = 0.02ms, max = 0.09ms, min = 0.00ms, total = 14.97ms
Execution time:  mean = 0.01ms, total = 5.48ms
Event stats:
	CoreWorker.deadline_timer.flush_task_events - 600 total (1 active), Execution time: mean = 0.01ms, total = 5.46ms, Queueing time: mean = 0.02ms, max = 0.09ms, min = 0.00ms, total = 14.96ms
	PeriodicalRunner.RunFnPeriodically - 1 total (0 active), Execution time: mean = 0.02ms, total = 0.02ms, Queueing time: mean = 0.01ms, max = 0.01ms, min = 0.01ms, total = 0.01ms
Other Stats:
	gcs_grpc_in_progress:0
	event_aggregator_grpc_in_progress:0
	current number of task status events in buffer: 0
	current number of profile events in buffer: 0
	current number of dropped task attempts tracked: 0
	total task events sent: 0 MiB
	total number of task attempts sent: 0
	total number of task attempts dropped reported: 0
	total number of sent failure: 0
	num status task events dropped: 0
	num profile task events dropped: 0
	num ray task events reported to aggregator: 0
	num ray task events failed to report to aggregator: 0
	num of task attempts dropped reported to aggregator: 0
	num of failed requests to aggregator: 0

[2026-09-03 22:10:04,277 I 1424 3687] core_worker.cc:498: Event stats:


Global stats: 8889 total (8 active)
Queueing time: mean = 0.02ms, max = 1.37ms, min = -0.02ms, total = 169.26ms
Execution time:  mean = 0.00ms, total = 38.08ms
Event stats:
	CoreWorker.RecoverObjects - 6599 total (1 active), Execution time: mean = 0.00ms, total = 16.40ms, Queueing time: mean = 0.02ms, max = 1.37ms, min = -0.02ms, total = 126.19ms
	CoreWorker.InternalHeartbeat - 660 total (1 active), Execution time: mean = 0.00ms, total = 1.73ms, Queueing time: mean = 0.02ms, max = 0.08ms, min = -0.01ms, total = 13.35ms
	CoreWorker.ExitIfParentRayletDies - 660 total (1 active), Execution time: mean = 0.01ms, total = 3.66ms, Queueing time: mean = 0.02ms, max = 0.07ms, min = 0.00ms, total = 11.63ms
	CoreWorker.ReportWorkerBacklog - 660 total (1 active), Execution time: mean = 0.00ms, total = 2.03ms, Queueing time: mean = 0.02ms, max = 0.09ms, min = 0.00ms, total = 13.04ms
	CoreWorker.RecordMetrics - 132 total (1 active), Execution time: mean = 0.02ms, total = 2.99ms, Queueing time: mean = 0.01ms, max = 0.04ms, min = -0.02ms, total = 1.92ms
	CoreWorker.TryDelPendingObjectRefStreams - 66 total (1 active), Execution time: mean = 0.00ms, total = 0.13ms, Queueing time: mean = 0.03ms, max = 0.28ms, min = 0.00ms, total = 1.66ms
	CoreWorkerService.grpc_server.GetCoreWorkerStats.HandleRequestImpl - 44 total (0 active), Execution time: mean = 0.03ms, total = 1.11ms, Queueing time: mean = 0.02ms, max = 0.04ms, min = 0.00ms, total = 0.86ms
	CoreWorkerService.grpc_server.GetCoreWorkerStats - 44 total (0 active), Execution time: mean = 0.18ms, total = 7.98ms, Queueing time: mean = 0.00ms, max = -0.00ms, min = 9223372036854.78ms, total = 0.00ms
	CoreWorker.PrintEventStats - 11 total (1 active, 1 running), Execution time: mean = 0.14ms, total = 1.59ms, Queueing time: mean = 0.01ms, max = 0.02ms, min = 0.00ms, total = 0.10ms
	PeriodicalRunner.RunFnPeriodically - 8 total (0 active), Execution time: mean = 0.01ms, total = 0.11ms, Queueing time: mean = 0.06ms, max = 0.10ms, min = 0.00ms, total = 0.47ms
	Publisher.CheckDeadSubscribers - 3 total (1 active), Execution time: mean = 0.01ms, total = 0.02ms, Queueing time: mean = 0.01ms, max = 0.02ms, min = 0.01ms, total = 0.02ms
	ray::rpc::WorkerInfoGcsService.grpc_client.AddWorkerInfo - 1 total (0 active), Execution time: mean = 0.30ms, total = 0.30ms, Queueing time: mean = 0.00ms, max = -0.00ms, min = 9223372036854.78ms, total = 0.00ms
	ray::rpc::WorkerInfoGcsService.grpc_client.AddWorkerInfo.OnReplyReceived - 1 total (0 active), Execution time: mean = 0.03ms, total = 0.03ms, Queueing time: mean = 0.01ms, max = 0.01ms, min = 0.01ms, total = 0.01ms

-----------------
Task execution event stats:

Global stats: 65887 total (1 active)
Queueing time: mean = 0.02ms, max = 3.22ms, min = -0.05ms, total = 1023.84ms
Execution time:  mean = 0.00ms, total = 193.14ms
Event stats:
	CoreWorker.CheckSignal - 65886 total (1 active), Execution time: mean = 0.00ms, total = 193.14ms, Queueing time: mean = 0.02ms, max = 3.22ms, min = -0.05ms, total = 1023.84ms
	PeriodicalRunner.RunFnPeriodically - 1 total (0 active), Execution time: mean = 0.00ms, total = 0.00ms, Queueing time: mean = 0.00ms, max = 0.00ms, min = 0.00ms, total = 0.00ms

-----------------
Task Event stats:

IO Service Stats:

Global stats: 661 total (1 active)
Queueing time: mean = 0.02ms, max = 0.09ms, min = 0.00ms, total = 16.10ms
Execution time:  mean = 0.01ms, total = 6.00ms
Event stats:
	CoreWorker.deadline_timer.flush_task_events - 660 total (1 active), Execution time: mean = 0.01ms, total = 5.98ms, Queueing time: mean = 0.02ms, max = 0.09ms, min = 0.00ms, total = 16.09ms
	PeriodicalRunner.RunFnPeriodically - 1 total (0 active), Execution time: mean = 0.02ms, total = 0.02ms, Queueing time: mean = 0.01ms, max = 0.01ms, min = 0.01ms, total = 0.01ms
Other Stats:
	gcs_grpc_in_progress:0
	event_aggregator_grpc_in_progress:0
	current number of task status events in buffer: 0
	current number of profile events in buffer: 0
	current number of dropped task attempts tracked: 0
	total task events sent: 0 MiB
	total number of task attempts sent: 0
	total number of task attempts dropped reported: 0
	total number of sent failure: 0
	num status task events dropped: 0
	num profile task events dropped: 0
	num ray task events reported to aggregator: 0
	num ray task events failed to report to aggregator: 0
	num of task attempts dropped reported to aggregator: 0
	num of failed requests to aggregator: 0

