[2026-09-03 21:59:33,469 I 5326 5326] core_worker_process.cc:868: Constructing CoreWorkerProcess. pid: 5326
[2026-09-03 21:59:33,471 I 5326 5326] event.cc:499: Ray Event initialized for CORE_WORKER
[2026-09-03 21:59:33,471 I 5326 5326] event.cc:499: Ray Event initialized for EXPORT_TASK
[2026-09-03 21:59:33,471 I 5326 5326] event.cc:332: Set ray event level to warning
[2026-09-03 21:59:33,472 I 5326 5326] grpc_server.cc:144: worker server started, listening on port 20071.
[2026-09-03 21:59:33,473 I 5326 5326] core_worker_process.cc:299: Initializing worker at address: 10.244.18.139:20071 worker_id=5b22a8eaa114ae75a80b568d0da380b97c23a17f7636f174b5c63de9 node_id=b668a6c13d1b7186690b035979a815ca1ce93506fd27e5e4ac7a3f5d
[2026-09-03 21:59:33,473 I 5326 5326] task_event_buffer.cc:535: Reporting task events to GCS every 1000ms.
[2026-09-03 21:59:33,474 I 5326 5326] core_worker.cc:568: Adjusted worker niceness to 15
[2026-09-03 21:59:33,474 I 5326 5676] core_worker.cc:498: Event stats:


Global stats: 11 total (9 active)
Queueing time: mean = 0.00ms, max = 0.01ms, min = 0.00ms, total = 0.02ms
Execution time:  mean = 0.00ms, total = 0.02ms
Event stats:
	PeriodicalRunner.RunFnPeriodically - 8 total (6 active, 1 running), Execution time: mean = 0.00ms, total = 0.02ms, Queueing time: mean = 0.00ms, max = 0.01ms, min = 0.00ms, total = 0.02ms
	Publisher.CheckDeadSubscribers - 1 total (1 active), Execution time: mean = 0.00ms, total = 0.00ms, Queueing time: mean = 0.00ms, max = -0.00ms, min = 9223372036854.78ms, total = 0.00ms
	ray::rpc::WorkerInfoGcsService.grpc_client.AddWorkerInfo - 1 total (1 active), Execution time: mean = 0.00ms, total = 0.00ms, Queueing time: mean = 0.00ms, max = -0.00ms, min = 9223372036854.78ms, total = 0.00ms
	CoreWorker.ExitIfParentRayletDies - 1 total (1 active), Execution time: mean = 0.00ms, total = 0.00ms, Queueing time: mean = 0.00ms, max = -0.00ms, min = 9223372036854.78ms, total = 0.00ms

-----------------
Task execution event stats:

Global stats: 0 total (0 active)
Queueing time: mean = -nanms, max = -0.00ms, min = 9223372036854.78ms, total = 0.00ms
Execution time:  mean = -nanms, total = 0.00ms
Event stats:

-----------------
Task Event stats:

IO Service Stats:

Global stats: 2 total (1 active)
Queueing time: mean = 0.00ms, max = 0.01ms, min = 0.01ms, total = 0.01ms
Execution time:  mean = 0.01ms, total = 0.02ms
Event stats:
	CoreWorker.deadline_timer.flush_task_events - 1 total (1 active), Execution time: mean = 0.00ms, total = 0.00ms, Queueing time: mean = 0.00ms, max = -0.00ms, min = 9223372036854.78ms, total = 0.00ms
	PeriodicalRunner.RunFnPeriodically - 1 total (0 active), Execution time: mean = 0.02ms, total = 0.02ms, Queueing time: mean = 0.01ms, max = 0.01ms, min = 0.01ms, total = 0.01ms
Other Stats:
	gcs_grpc_in_progress:0
	event_aggregator_grpc_in_progress:0
	current number of task status events in buffer: 0
	current number of profile events in buffer: 0
	current number of dropped task attempts tracked: 0
	total task events sent: 0 MiB
	total number of task attempts sent: 0
	total number of task attempts dropped reported: 0
	total number of sent failure: 0
	num status task events dropped: 0
	num profile task events dropped: 0
	num ray task events reported to aggregator: 0
	num ray task events failed to report to aggregator: 0
	num of task attempts dropped reported to aggregator: 0
	num of failed requests to aggregator: 0

[2026-09-03 21:59:33,475 I 5326 5326] actor_task_submitter.cc:75: Set actor max pending calls to -1 actor_id=8cf4e203fb09a6fa8eb428c401000000
[2026-09-03 21:59:33,475 I 5326 5326] core_worker.cc:3112: Creating actor actor_id=8cf4e203fb09a6fa8eb428c401000000
[2026-09-03 21:59:56,419 I 5326 5326] task_receiver.cc:117: Actor creation task finished, task_id: ffffffffffffffff8cf4e203fb09a6fa8eb428c401000000, actor_id: 8cf4e203fb09a6fa8eb428c401000000, actor_repr_name: 
[2026-09-03 22:00:33,474 I 5326 5676] core_worker.cc:498: Event stats:


Global stats: 823 total (9 active)
Queueing time: mean = 0.02ms, max = 0.50ms, min = 0.00ms, total = 13.47ms
Execution time:  mean = 27.89ms, total = 22950.28ms
Event stats:
	CoreWorker.RecoverObjects - 600 total (1 active), Execution time: mean = 0.00ms, total = 1.64ms, Queueing time: mean = 0.02ms, max = 0.06ms, min = 0.00ms, total = 9.53ms
	CoreWorker.ReportWorkerBacklog - 60 total (1 active), Execution time: mean = 0.00ms, total = 0.22ms, Queueing time: mean = 0.02ms, max = 0.49ms, min = 0.00ms, total = 1.09ms
	CoreWorker.InternalHeartbeat - 60 total (1 active), Execution time: mean = 0.00ms, total = 0.22ms, Queueing time: mean = 0.02ms, max = 0.50ms, min = 0.00ms, total = 1.09ms
	CoreWorker.ExitIfParentRayletDies - 60 total (1 active), Execution time: mean = 0.01ms, total = 0.41ms, Queueing time: mean = 0.02ms, max = 0.07ms, min = 0.00ms, total = 1.00ms
	CoreWorker.RecordMetrics - 12 total (1 active), Execution time: mean = 0.09ms, total = 1.07ms, Queueing time: mean = 0.01ms, max = 0.03ms, min = 0.00ms, total = 0.09ms
	PeriodicalRunner.RunFnPeriodically - 8 total (0 active), Execution time: mean = 0.01ms, total = 0.12ms, Queueing time: mean = 0.06ms, max = 0.11ms, min = 0.00ms, total = 0.49ms
	CoreWorker.TryDelPendingObjectRefStreams - 6 total (1 active), Execution time: mean = 0.00ms, total = 0.02ms, Queueing time: mean = 0.02ms, max = 0.03ms, min = 0.01ms, total = 0.09ms
	CoreWorkerService.grpc_server.GetCoreWorkerStats - 4 total (0 active), Execution time: mean = 0.21ms, total = 0.83ms, Queueing time: mean = 0.00ms, max = -0.00ms, min = 9223372036854.78ms, total = 0.00ms
	CoreWorkerService.grpc_server.GetCoreWorkerStats.HandleRequestImpl - 4 total (0 active), Execution time: mean = 0.08ms, total = 0.30ms, Queueing time: mean = 0.01ms, max = 0.02ms, min = 0.01ms, total = 0.06ms
	CoreWorkerService.grpc_server.PushTask - 2 total (1 active), Execution time: mean = 11472.37ms, total = 22944.75ms, Queueing time: mean = 0.00ms, max = -0.00ms, min = 9223372036854.78ms, total = 0.00ms
	CoreWorkerService.grpc_server.PushTask.HandleRequestImpl - 2 total (0 active), Execution time: mean = 0.08ms, total = 0.17ms, Queueing time: mean = 0.01ms, max = 0.01ms, min = 0.01ms, total = 0.02ms
	Publisher.PublishFailure.WORKER_OBJECT_LOCATIONS_CHANNEL - 1 total (0 active), Execution time: mean = 0.01ms, total = 0.01ms, Queueing time: mean = 0.00ms, max = 0.00ms, min = 0.00ms, total = 0.00ms
	ray::rpc::WorkerInfoGcsService.grpc_client.AddWorkerInfo - 1 total (0 active), Execution time: mean = 0.50ms, total = 0.50ms, Queueing time: mean = 0.00ms, max = -0.00ms, min = 9223372036854.78ms, total = 0.00ms
	ray::rpc::WorkerInfoGcsService.grpc_client.AddWorkerInfo.OnReplyReceived - 1 total (0 active), Execution time: mean = 0.03ms, total = 0.03ms, Queueing time: mean = 0.01ms, max = 0.01ms, min = 0.01ms, total = 0.01ms
	Publisher.CheckDeadSubscribers - 1 total (1 active), Execution time: mean = 0.00ms, total = 0.00ms, Queueing time: mean = 0.00ms, max = -0.00ms, min = 9223372036854.78ms, total = 0.00ms
	CoreWorker.PrintEventStats - 1 total (1 active, 1 running), Execution time: mean = 0.00ms, total = 0.00ms, Queueing time: mean = 0.00ms, max = -0.00ms, min = 9223372036854.78ms, total = 0.00ms

-----------------
Task execution event stats:

Global stats: 5 total (2 active)
Queueing time: mean = 4586.98ms, max = 22934.91ms, min = 0.00ms, total = 22934.92ms
Execution time:  mean = 4588.91ms, total = 22944.53ms
Event stats:
	CoreWorker.CheckSignal - 2 total (1 active), Execution time: mean = 0.00ms, total = 0.01ms, Queueing time: mean = 11467.46ms, max = 22934.91ms, min = 22934.91ms, total = 22934.91ms
	CoreWorker.HandlePushTask - 1 total (0 active), Execution time: mean = 22944.52ms, total = 22944.52ms, Queueing time: mean = 0.01ms, max = 0.01ms, min = 0.01ms, total = 0.01ms
	PeriodicalRunner.RunFnPeriodically - 1 total (0 active), Execution time: mean = 0.01ms, total = 0.01ms, Queueing time: mean = 0.00ms, max = 0.00ms, min = 0.00ms, total = 0.00ms
	CoreWorker.HandlePushTaskActor - 1 total (1 active, 1 running), Execution time: mean = 0.00ms, total = 0.00ms, Queueing time: mean = 0.00ms, max = -0.00ms, min = 9223372036854.78ms, total = 0.00ms

-----------------
Task Event stats:

IO Service Stats:

Global stats: 65 total (1 active)
Queueing time: mean = 0.02ms, max = 0.04ms, min = 0.01ms, total = 1.24ms
Execution time:  mean = 0.03ms, total = 1.72ms
Event stats:
	CoreWorker.deadline_timer.flush_task_events - 60 total (1 active), Execution time: mean = 0.01ms, total = 0.79ms, Queueing time: mean = 0.02ms, max = 0.04ms, min = 0.01ms, total = 1.20ms
	ray::rpc::TaskInfoGcsService.grpc_client.AddTaskEventData - 2 total (0 active), Execution time: mean = 0.43ms, total = 0.87ms, Queueing time: mean = 0.00ms, max = -0.00ms, min = 9223372036854.78ms, total = 0.00ms
	ray::rpc::TaskInfoGcsService.grpc_client.AddTaskEventData.OnReplyReceived - 2 total (0 active), Execution time: mean = 0.02ms, total = 0.04ms, Queueing time: mean = 0.01ms, max = 0.01ms, min = 0.01ms, total = 0.03ms
	PeriodicalRunner.RunFnPeriodically - 1 total (0 active), Execution time: mean = 0.02ms, total = 0.02ms, Queueing time: mean = 0.01ms, max = 0.01ms, min = 0.01ms, total = 0.01ms
Other Stats:
	gcs_grpc_in_progress:0
	event_aggregator_grpc_in_progress:0
	current number of task status events in buffer: 0
	current number of profile events in buffer: 0
	current number of dropped task attempts tracked: 0
	total task events sent: 0.00057888 MiB
	total number of task attempts sent: 3
	total number of task attempts dropped reported: 0
	total number of sent failure: 0
	num status task events dropped: 0
	num profile task events dropped: 0
	num ray task events reported to aggregator: 0
	num ray task events failed to report to aggregator: 0
	num of task attempts dropped reported to aggregator: 0
	num of failed requests to aggregator: 0

[2026-09-03 22:00:57,415 I 5326 5326] actor_task_submitter.cc:75: Set actor max pending calls to -1 actor_id=e3776b08b973ff9e4d0d8b3101000000
[2026-09-03 22:01:33,474 I 5326 5676] core_worker.cc:498: Event stats:


Global stats: 1636 total (9 active)
Queueing time: mean = 0.02ms, max = 0.50ms, min = 0.00ms, total = 28.99ms
Execution time:  mean = 51.10ms, total = 83606.94ms
Event stats:
	CoreWorker.RecoverObjects - 1200 total (1 active), Execution time: mean = 0.00ms, total = 3.19ms, Queueing time: mean = 0.02ms, max = 0.06ms, min = 0.00ms, total = 21.20ms
	CoreWorker.InternalHeartbeat - 120 total (1 active), Execution time: mean = 0.00ms, total = 0.38ms, Queueing time: mean = 0.02ms, max = 0.50ms, min = 0.00ms, total = 2.24ms
	CoreWorker.ExitIfParentRayletDies - 120 total (1 active), Execution time: mean = 0.01ms, total = 0.73ms, Queueing time: mean = 0.02ms, max = 0.07ms, min = 0.00ms, total = 2.00ms
	CoreWorker.ReportWorkerBacklog - 120 total (1 active), Execution time: mean = 0.00ms, total = 0.39ms, Queueing time: mean = 0.02ms, max = 0.49ms, min = 0.00ms, total = 2.22ms
	CoreWorker.RecordMetrics - 24 total (1 active), Execution time: mean = 0.07ms, total = 1.64ms, Queueing time: mean = 0.01ms, max = 0.04ms, min = 0.00ms, total = 0.26ms
	CoreWorker.TryDelPendingObjectRefStreams - 12 total (1 active), Execution time: mean = 0.00ms, total = 0.03ms, Queueing time: mean = 0.02ms, max = 0.10ms, min = 0.01ms, total = 0.29ms
	CoreWorkerService.grpc_server.GetCoreWorkerStats - 8 total (0 active), Execution time: mean = 0.21ms, total = 1.66ms, Queueing time: mean = 0.00ms, max = -0.00ms, min = 9223372036854.78ms, total = 0.00ms
	CoreWorkerService.grpc_server.GetCoreWorkerStats.HandleRequestImpl - 8 total (0 active), Execution time: mean = 0.06ms, total = 0.47ms, Queueing time: mean = 0.02ms, max = 0.04ms, min = 0.01ms, total = 0.14ms
	PeriodicalRunner.RunFnPeriodically - 8 total (0 active), Execution time: mean = 0.01ms, total = 0.12ms, Queueing time: mean = 0.06ms, max = 0.11ms, min = 0.00ms, total = 0.49ms
	CoreWorkerService.grpc_server.PushTask - 3 total (0 active), Execution time: mean = 27865.73ms, total = 83597.18ms, Queueing time: mean = 0.00ms, max = -0.00ms, min = 9223372036854.78ms, total = 0.00ms
	CoreWorkerService.grpc_server.PushTask.HandleRequestImpl - 3 total (0 active), Execution time: mean = 0.08ms, total = 0.23ms, Queueing time: mean = 0.01ms, max = 0.02ms, min = 0.01ms, total = 0.03ms
	CoreWorker.PrintEventStats - 2 total (1 active, 1 running), Execution time: mean = 0.10ms, total = 0.21ms, Queueing time: mean = 0.01ms, max = 0.02ms, min = 0.02ms, total = 0.02ms
	CoreWorkerService.grpc_server.PubsubLongPolling.HandleRequestImpl - 1 total (0 active), Execution time: mean = 0.01ms, total = 0.01ms, Queueing time: mean = 0.06ms, max = 0.06ms, min = 0.06ms, total = 0.06ms
	Publisher.PublishFailure.WORKER_OBJECT_LOCATIONS_CHANNEL - 1 total (0 active), Execution time: mean = 0.01ms, total = 0.01ms, Queueing time: mean = 0.00ms, max = 0.00ms, min = 0.00ms, total = 0.00ms
	CoreWorkerService.grpc_server.PubsubCommandBatch - 1 total (0 active), Execution time: mean = 0.13ms, total = 0.13ms, Queueing time: mean = 0.00ms, max = -0.00ms, min = 9223372036854.78ms, total = 0.00ms
	ray::rpc::WorkerInfoGcsService.grpc_client.AddWorkerInfo - 1 total (0 active), Execution time: mean = 0.50ms, total = 0.50ms, Queueing time: mean = 0.00ms, max = -0.00ms, min = 9223372036854.78ms, total = 0.00ms
	ray::rpc::WorkerInfoGcsService.grpc_client.AddWorkerInfo.OnReplyReceived - 1 total (0 active), Execution time: mean = 0.03ms, total = 0.03ms, Queueing time: mean = 0.01ms, max = 0.01ms, min = 0.01ms, total = 0.01ms
	CoreWorkerService.grpc_server.PubsubLongPolling - 1 total (1 active), Execution time: mean = 0.00ms, total = 0.00ms, Queueing time: mean = 0.00ms, max = -0.00ms, min = 9223372036854.78ms, total = 0.00ms
	Publisher.CheckDeadSubscribers - 1 total (1 active), Execution time: mean = 0.00ms, total = 0.00ms, Queueing time: mean = 0.00ms, max = -0.00ms, min = 9223372036854.78ms, total = 0.00ms
	CoreWorkerService.grpc_server.PubsubCommandBatch.HandleRequestImpl - 1 total (0 active), Execution time: mean = 0.05ms, total = 0.05ms, Queueing time: mean = 0.02ms, max = 0.02ms, min = 0.02ms, total = 0.02ms

-----------------
Task execution event stats:

Global stats: 3639 total (1 active)
Queueing time: mean = 22.99ms, max = 60531.29ms, min = -0.01ms, total = 83649.88ms
Execution time:  mean = 22.98ms, total = 83607.43ms
Event stats:
	CoreWorker.CheckSignal - 3635 total (1 active), Execution time: mean = 0.00ms, total = 10.95ms, Queueing time: mean = 23.01ms, max = 60531.29ms, min = -0.01ms, total = 83649.85ms
	CoreWorker.HandlePushTaskActor - 2 total (0 active), Execution time: mean = 30325.97ms, total = 60651.95ms, Queueing time: mean = 0.01ms, max = 0.02ms, min = 0.01ms, total = 0.03ms
	CoreWorker.HandlePushTask - 1 total (0 active), Execution time: mean = 22944.52ms, total = 22944.52ms, Queueing time: mean = 0.01ms, max = 0.01ms, min = 0.01ms, total = 0.01ms
	PeriodicalRunner.RunFnPeriodically - 1 total (0 active), Execution time: mean = 0.01ms, total = 0.01ms, Queueing time: mean = 0.00ms, max = 0.00ms, min = 0.00ms, total = 0.00ms

-----------------
Task Event stats:

IO Service Stats:

Global stats: 129 total (1 active)
Queueing time: mean = 0.02ms, max = 0.07ms, min = 0.00ms, total = 2.40ms
Execution time:  mean = 0.02ms, total = 3.06ms
Event stats:
	CoreWorker.deadline_timer.flush_task_events - 120 total (1 active), Execution time: mean = 0.01ms, total = 1.45ms, Queueing time: mean = 0.02ms, max = 0.07ms, min = 0.00ms, total = 2.35ms
	ray::rpc::TaskInfoGcsService.grpc_client.AddTaskEventData - 4 total (0 active), Execution time: mean = 0.38ms, total = 1.52ms, Queueing time: mean = 0.00ms, max = -0.00ms, min = 9223372036854.78ms, total = 0.00ms
	ray::rpc::TaskInfoGcsService.grpc_client.AddTaskEventData.OnReplyReceived - 4 total (0 active), Execution time: mean = 0.02ms, total = 0.07ms, Queueing time: mean = 0.01ms, max = 0.01ms, min = 0.01ms, total = 0.04ms
	PeriodicalRunner.RunFnPeriodically - 1 total (0 active), Execution time: mean = 0.02ms, total = 0.02ms, Queueing time: mean = 0.01ms, max = 0.01ms, min = 0.01ms, total = 0.01ms
Other Stats:
	gcs_grpc_in_progress:0
	event_aggregator_grpc_in_progress:0
	current number of task status events in buffer: 0
	current number of profile events in buffer: 0
	current number of dropped task attempts tracked: 0
	total task events sent: 0.0013237 MiB
	total number of task attempts sent: 6
	total number of task attempts dropped reported: 0
	total number of sent failure: 0
	num status task events dropped: 0
	num profile task events dropped: 0
	num ray task events reported to aggregator: 0
	num ray task events failed to report to aggregator: 0
	num of task attempts dropped reported to aggregator: 0
	num of failed requests to aggregator: 0

[2026-09-03 22:02:14,264 I 5326 5326] actor_task_submitter.cc:75: Set actor max pending calls to -1 actor_id=25c7066656ef37f101908f5d01000000
[2026-09-03 22:02:14,266 I 5326 5326] actor_task_submitter.cc:75: Set actor max pending calls to -1 actor_id=ed804803bd01dc0de9765f8001000000
[2026-09-03 22:02:33,475 I 5326 5676] core_worker.cc:498: Event stats:


Global stats: 2445 total (10 active)
Queueing time: mean = 0.02ms, max = 0.50ms, min = -0.01ms, total = 45.33ms
Execution time:  mean = 34.20ms, total = 83610.75ms
Event stats:
	CoreWorker.RecoverObjects - 1800 total (1 active), Execution time: mean = 0.00ms, total = 4.61ms, Queueing time: mean = 0.02ms, max = 0.07ms, min = 0.00ms, total = 33.47ms
	CoreWorker.InternalHeartbeat - 180 total (1 active), Execution time: mean = 0.00ms, total = 0.53ms, Queueing time: mean = 0.02ms, max = 0.50ms, min = 0.00ms, total = 3.47ms
	CoreWorker.ExitIfParentRayletDies - 180 total (1 active), Execution time: mean = 0.01ms, total = 1.03ms, Queueing time: mean = 0.02ms, max = 0.07ms, min = -0.01ms, total = 3.08ms
	CoreWorker.ReportWorkerBacklog - 180 total (1 active), Execution time: mean = 0.00ms, total = 0.56ms, Queueing time: mean = 0.02ms, max = 0.49ms, min = 0.00ms, total = 3.43ms
	CoreWorker.RecordMetrics - 36 total (1 active), Execution time: mean = 0.06ms, total = 2.12ms, Queueing time: mean = 0.01ms, max = 0.04ms, min = 0.00ms, total = 0.40ms
	CoreWorker.TryDelPendingObjectRefStreams - 18 total (1 active), Execution time: mean = 0.00ms, total = 0.04ms, Queueing time: mean = 0.03ms, max = 0.20ms, min = 0.01ms, total = 0.59ms
	CoreWorkerService.grpc_server.GetCoreWorkerStats - 12 total (0 active), Execution time: mean = 0.20ms, total = 2.41ms, Queueing time: mean = 0.00ms, max = -0.00ms, min = 9223372036854.78ms, total = 0.00ms
	CoreWorkerService.grpc_server.GetCoreWorkerStats.HandleRequestImpl - 12 total (0 active), Execution time: mean = 0.05ms, total = 0.63ms, Queueing time: mean = 0.02ms, max = 0.04ms, min = 0.01ms, total = 0.22ms
	PeriodicalRunner.RunFnPeriodically - 8 total (0 active), Execution time: mean = 0.01ms, total = 0.12ms, Queueing time: mean = 0.06ms, max = 0.11ms, min = 0.00ms, total = 0.49ms
	CoreWorkerService.grpc_server.PushTask - 4 total (1 active), Execution time: mean = 20899.29ms, total = 83597.18ms, Queueing time: mean = 0.00ms, max = -0.00ms, min = 9223372036854.78ms, total = 0.00ms
	CoreWorkerService.grpc_server.PushTask.HandleRequestImpl - 4 total (0 active), Execution time: mean = 0.07ms, total = 0.29ms, Queueing time: mean = 0.01ms, max = 0.02ms, min = 0.01ms, total = 0.05ms
	CoreWorker.PrintEventStats - 3 total (1 active, 1 running), Execution time: mean = 0.17ms, total = 0.50ms, Queueing time: mean = 0.01ms, max = 0.02ms, min = 0.01ms, total = 0.03ms
	CoreWorkerService.grpc_server.PubsubLongPolling.HandleRequestImpl - 1 total (0 active), Execution time: mean = 0.01ms, total = 0.01ms, Queueing time: mean = 0.06ms, max = 0.06ms, min = 0.06ms, total = 0.06ms
	Publisher.PublishFailure.WORKER_OBJECT_LOCATIONS_CHANNEL - 1 total (0 active), Execution time: mean = 0.01ms, total = 0.01ms, Queueing time: mean = 0.00ms, max = 0.00ms, min = 0.00ms, total = 0.00ms
	CoreWorkerService.grpc_server.PubsubCommandBatch - 1 total (0 active), Execution time: mean = 0.13ms, total = 0.13ms, Queueing time: mean = 0.00ms, max = -0.00ms, min = 9223372036854.78ms, total = 0.00ms
	ray::rpc::WorkerInfoGcsService.grpc_client.AddWorkerInfo - 1 total (0 active), Execution time: mean = 0.50ms, total = 0.50ms, Queueing time: mean = 0.00ms, max = -0.00ms, min = 9223372036854.78ms, total = 0.00ms
	ray::rpc::WorkerInfoGcsService.grpc_client.AddWorkerInfo.OnReplyReceived - 1 total (0 active), Execution time: mean = 0.03ms, total = 0.03ms, Queueing time: mean = 0.01ms, max = 0.01ms, min = 0.01ms, total = 0.01ms
	CoreWorkerService.grpc_server.PubsubLongPolling - 1 total (1 active), Execution time: mean = 0.00ms, total = 0.00ms, Queueing time: mean = 0.00ms, max = -0.00ms, min = 9223372036854.78ms, total = 0.00ms
	Publisher.CheckDeadSubscribers - 1 total (1 active), Execution time: mean = 0.00ms, total = 0.00ms, Queueing time: mean = 0.00ms, max = -0.00ms, min = 9223372036854.78ms, total = 0.00ms
	CoreWorkerService.grpc_server.PubsubCommandBatch.HandleRequestImpl - 1 total (0 active), Execution time: mean = 0.05ms, total = 0.05ms, Queueing time: mean = 0.02ms, max = 0.02ms, min = 0.02ms, total = 0.02ms

-----------------
Task execution event stats:

Global stats: 7709 total (2 active)
Queueing time: mean = 10.86ms, max = 60531.29ms, min = -0.01ms, total = 83741.37ms
Execution time:  mean = 10.85ms, total = 83619.08ms
Event stats:
	CoreWorker.CheckSignal - 7704 total (1 active), Execution time: mean = 0.00ms, total = 22.60ms, Queueing time: mean = 10.87ms, max = 60531.29ms, min = -0.01ms, total = 83741.33ms
	CoreWorker.HandlePushTaskActor - 3 total (1 active, 1 running), Execution time: mean = 20217.32ms, total = 60651.95ms, Queueing time: mean = 0.01ms, max = 0.02ms, min = 0.01ms, total = 0.03ms
	CoreWorker.HandlePushTask - 1 total (0 active), Execution time: mean = 22944.52ms, total = 22944.52ms, Queueing time: mean = 0.01ms, max = 0.01ms, min = 0.01ms, total = 0.01ms
	PeriodicalRunner.RunFnPeriodically - 1 total (0 active), Execution time: mean = 0.01ms, total = 0.01ms, Queueing time: mean = 0.00ms, max = 0.00ms, min = 0.00ms, total = 0.00ms

-----------------
Task Event stats:

IO Service Stats:

Global stats: 191 total (1 active)
Queueing time: mean = 0.02ms, max = 0.07ms, min = 0.00ms, total = 4.21ms
Execution time:  mean = 0.02ms, total = 4.15ms
Event stats:
	CoreWorker.deadline_timer.flush_task_events - 180 total (1 active), Execution time: mean = 0.01ms, total = 2.18ms, Queueing time: mean = 0.02ms, max = 0.07ms, min = 0.00ms, total = 4.14ms
	ray::rpc::TaskInfoGcsService.grpc_client.AddTaskEventData - 5 total (0 active), Execution time: mean = 0.37ms, total = 1.86ms, Queueing time: mean = 0.00ms, max = -0.00ms, min = 9223372036854.78ms, total = 0.00ms
	ray::rpc::TaskInfoGcsService.grpc_client.AddTaskEventData.OnReplyReceived - 5 total (0 active), Execution time: mean = 0.02ms, total = 0.09ms, Queueing time: mean = 0.01ms, max = 0.02ms, min = 0.01ms, total = 0.06ms
	PeriodicalRunner.RunFnPeriodically - 1 total (0 active), Execution time: mean = 0.02ms, total = 0.02ms, Queueing time: mean = 0.01ms, max = 0.01ms, min = 0.01ms, total = 0.01ms
Other Stats:
	gcs_grpc_in_progress:0
	event_aggregator_grpc_in_progress:0
	current number of task status events in buffer: 0
	current number of profile events in buffer: 0
	current number of dropped task attempts tracked: 0
	total task events sent: 0.0014925 MiB
	total number of task attempts sent: 7
	total number of task attempts dropped reported: 0
	total number of sent failure: 0
	num status task events dropped: 0
	num profile task events dropped: 0
	num ray task events reported to aggregator: 0
	num ray task events failed to report to aggregator: 0
	num of task attempts dropped reported to aggregator: 0
	num of failed requests to aggregator: 0

[2026-09-03 22:03:33,475 I 5326 5676] core_worker.cc:498: Event stats:


Global stats: 3258 total (10 active)
Queueing time: mean = 0.02ms, max = 0.50ms, min = -0.01ms, total = 63.10ms
Execution time:  mean = 32.58ms, total = 106139.78ms
Event stats:
	CoreWorker.RecoverObjects - 2400 total (1 active), Execution time: mean = 0.00ms, total = 5.95ms, Queueing time: mean = 0.02ms, max = 0.07ms, min = 0.00ms, total = 46.48ms
	CoreWorker.InternalHeartbeat - 240 total (1 active), Execution time: mean = 0.00ms, total = 0.68ms, Queueing time: mean = 0.02ms, max = 0.50ms, min = 0.00ms, total = 4.84ms
	CoreWorker.ExitIfParentRayletDies - 240 total (1 active), Execution time: mean = 0.01ms, total = 1.31ms, Queueing time: mean = 0.02ms, max = 0.07ms, min = -0.01ms, total = 4.34ms
	CoreWorker.ReportWorkerBacklog - 240 total (1 active), Execution time: mean = 0.00ms, total = 0.72ms, Queueing time: mean = 0.02ms, max = 0.49ms, min = 0.00ms, total = 4.79ms
	CoreWorker.RecordMetrics - 48 total (1 active), Execution time: mean = 0.05ms, total = 2.63ms, Queueing time: mean = 0.01ms, max = 0.04ms, min = 0.00ms, total = 0.58ms
	CoreWorker.TryDelPendingObjectRefStreams - 24 total (1 active), Execution time: mean = 0.00ms, total = 0.05ms, Queueing time: mean = 0.04ms, max = 0.32ms, min = 0.01ms, total = 1.01ms
	CoreWorkerService.grpc_server.GetCoreWorkerStats - 16 total (0 active), Execution time: mean = 0.21ms, total = 3.33ms, Queueing time: mean = 0.00ms, max = -0.00ms, min = 9223372036854.78ms, total = 0.00ms
	CoreWorkerService.grpc_server.GetCoreWorkerStats.HandleRequestImpl - 16 total (0 active), Execution time: mean = 0.05ms, total = 0.80ms, Queueing time: mean = 0.02ms, max = 0.04ms, min = 0.01ms, total = 0.31ms
	PeriodicalRunner.RunFnPeriodically - 8 total (0 active), Execution time: mean = 0.01ms, total = 0.12ms, Queueing time: mean = 0.06ms, max = 0.11ms, min = 0.00ms, total = 0.49ms
	CoreWorkerService.grpc_server.PushTask - 4 total (0 active), Execution time: mean = 26530.50ms, total = 106122.01ms, Queueing time: mean = 0.00ms, max = -0.00ms, min = 9223372036854.78ms, total = 0.00ms
	CoreWorker.PrintEventStats - 4 total (1 active, 1 running), Execution time: mean = 0.22ms, total = 0.89ms, Queueing time: mean = 0.02ms, max = 0.04ms, min = 0.01ms, total = 0.07ms
	CoreWorkerService.grpc_server.PushTask.HandleRequestImpl - 4 total (0 active), Execution time: mean = 0.07ms, total = 0.29ms, Queueing time: mean = 0.01ms, max = 0.02ms, min = 0.01ms, total = 0.05ms
	CoreWorkerService.grpc_server.PubsubCommandBatch - 3 total (0 active), Execution time: mean = 0.12ms, total = 0.36ms, Queueing time: mean = 0.00ms, max = -0.00ms, min = 9223372036854.78ms, total = 0.00ms
	CoreWorkerService.grpc_server.PubsubCommandBatch.HandleRequestImpl - 3 total (0 active), Execution time: mean = 0.03ms, total = 0.08ms, Queueing time: mean = 0.02ms, max = 0.02ms, min = 0.01ms, total = 0.05ms
	CoreWorkerService.grpc_server.PubsubLongPolling.HandleRequestImpl - 2 total (0 active), Execution time: mean = 0.01ms, total = 0.03ms, Queueing time: mean = 0.03ms, max = 0.06ms, min = 0.01ms, total = 0.07ms
	CoreWorkerService.grpc_server.PubsubLongPolling - 2 total (2 active), Execution time: mean = 0.00ms, total = 0.00ms, Queueing time: mean = 0.00ms, max = -0.00ms, min = 9223372036854.78ms, total = 0.00ms
	Publisher.PublishFailure.WORKER_OBJECT_LOCATIONS_CHANNEL - 1 total (0 active), Execution time: mean = 0.01ms, total = 0.01ms, Queueing time: mean = 0.00ms, max = 0.00ms, min = 0.00ms, total = 0.00ms
	ray::rpc::WorkerInfoGcsService.grpc_client.AddWorkerInfo - 1 total (0 active), Execution time: mean = 0.50ms, total = 0.50ms, Queueing time: mean = 0.00ms, max = -0.00ms, min = 9223372036854.78ms, total = 0.00ms
	ray::rpc::WorkerInfoGcsService.grpc_client.AddWorkerInfo.OnReplyReceived - 1 total (0 active), Execution time: mean = 0.03ms, total = 0.03ms, Queueing time: mean = 0.01ms, max = 0.01ms, min = 0.01ms, total = 0.01ms
	Publisher.CheckDeadSubscribers - 1 total (1 active), Execution time: mean = 0.00ms, total = 0.00ms, Queueing time: mean = 0.00ms, max = -0.00ms, min = 9223372036854.78ms, total = 0.00ms

-----------------
Task execution event stats:

Global stats: 13364 total (1 active)
Queueing time: mean = 7.96ms, max = 60531.29ms, min = -0.01ms, total = 106393.70ms
Execution time:  mean = 7.94ms, total = 106161.38ms
Event stats:
	CoreWorker.CheckSignal - 13359 total (1 active), Execution time: mean = 0.00ms, total = 40.31ms, Queueing time: mean = 7.96ms, max = 60531.29ms, min = -0.01ms, total = 106393.65ms
	CoreWorker.HandlePushTaskActor - 3 total (0 active), Execution time: mean = 27725.51ms, total = 83176.54ms, Queueing time: mean = 0.01ms, max = 0.02ms, min = 0.01ms, total = 0.04ms
	CoreWorker.HandlePushTask - 1 total (0 active), Execution time: mean = 22944.52ms, total = 22944.52ms, Queueing time: mean = 0.01ms, max = 0.01ms, min = 0.01ms, total = 0.01ms
	PeriodicalRunner.RunFnPeriodically - 1 total (0 active), Execution time: mean = 0.01ms, total = 0.01ms, Queueing time: mean = 0.00ms, max = 0.00ms, min = 0.00ms, total = 0.00ms

-----------------
Task Event stats:

IO Service Stats:

Global stats: 253 total (1 active)
Queueing time: mean = 0.02ms, max = 0.07ms, min = 0.00ms, total = 5.73ms
Execution time:  mean = 0.02ms, total = 5.39ms
Event stats:
	CoreWorker.deadline_timer.flush_task_events - 240 total (1 active), Execution time: mean = 0.01ms, total = 2.87ms, Queueing time: mean = 0.02ms, max = 0.07ms, min = 0.00ms, total = 5.65ms
	ray::rpc::TaskInfoGcsService.grpc_client.AddTaskEventData - 6 total (0 active), Execution time: mean = 0.40ms, total = 2.39ms, Queueing time: mean = 0.00ms, max = -0.00ms, min = 9223372036854.78ms, total = 0.00ms
	ray::rpc::TaskInfoGcsService.grpc_client.AddTaskEventData.OnReplyReceived - 6 total (0 active), Execution time: mean = 0.02ms, total = 0.11ms, Queueing time: mean = 0.01ms, max = 0.02ms, min = 0.01ms, total = 0.07ms
	PeriodicalRunner.RunFnPeriodically - 1 total (0 active), Execution time: mean = 0.02ms, total = 0.02ms, Queueing time: mean = 0.01ms, max = 0.01ms, min = 0.01ms, total = 0.01ms
Other Stats:
	gcs_grpc_in_progress:0
	event_aggregator_grpc_in_progress:0
	current number of task status events in buffer: 0
	current number of profile events in buffer: 0
	current number of dropped task attempts tracked: 0
	total task events sent: 0.00181198 MiB
	total number of task attempts sent: 8
	total number of task attempts dropped reported: 0
	total number of sent failure: 0
	num status task events dropped: 0
	num profile task events dropped: 0
	num ray task events reported to aggregator: 0
	num ray task events failed to report to aggregator: 0
	num of task attempts dropped reported to aggregator: 0
	num of failed requests to aggregator: 0

[2026-09-03 22:04:33,475 I 5326 5676] core_worker.cc:498: Event stats:


Global stats: 4066 total (10 active)
Queueing time: mean = 0.02ms, max = 0.50ms, min = -0.01ms, total = 80.96ms
Execution time:  mean = 26.11ms, total = 106144.23ms
Event stats:
	CoreWorker.RecoverObjects - 3000 total (1 active), Execution time: mean = 0.00ms, total = 7.53ms, Queueing time: mean = 0.02ms, max = 0.07ms, min = 0.00ms, total = 59.46ms
	CoreWorker.InternalHeartbeat - 300 total (1 active), Execution time: mean = 0.00ms, total = 0.88ms, Queueing time: mean = 0.02ms, max = 0.50ms, min = 0.00ms, total = 6.27ms
	CoreWorker.ExitIfParentRayletDies - 300 total (1 active), Execution time: mean = 0.01ms, total = 1.67ms, Queueing time: mean = 0.02ms, max = 0.07ms, min = -0.01ms, total = 5.63ms
	CoreWorker.ReportWorkerBacklog - 300 total (1 active), Execution time: mean = 0.00ms, total = 0.93ms, Queueing time: mean = 0.02ms, max = 0.49ms, min = 0.00ms, total = 6.22ms
	CoreWorker.RecordMetrics - 60 total (1 active), Execution time: mean = 0.05ms, total = 3.15ms, Queueing time: mean = 0.01ms, max = 0.04ms, min = 0.00ms, total = 0.75ms
	CoreWorker.TryDelPendingObjectRefStreams - 30 total (1 active), Execution time: mean = 0.00ms, total = 0.07ms, Queueing time: mean = 0.05ms, max = 0.34ms, min = 0.01ms, total = 1.46ms
	CoreWorkerService.grpc_server.GetCoreWorkerStats - 20 total (0 active), Execution time: mean = 0.21ms, total = 4.26ms, Queueing time: mean = 0.00ms, max = -0.00ms, min = 9223372036854.78ms, total = 0.00ms
	CoreWorkerService.grpc_server.GetCoreWorkerStats.HandleRequestImpl - 20 total (0 active), Execution time: mean = 0.05ms, total = 0.98ms, Queueing time: mean = 0.02ms, max = 0.04ms, min = 0.01ms, total = 0.39ms
	PeriodicalRunner.RunFnPeriodically - 8 total (0 active), Execution time: mean = 0.01ms, total = 0.12ms, Queueing time: mean = 0.06ms, max = 0.11ms, min = 0.00ms, total = 0.49ms
	CoreWorker.PrintEventStats - 5 total (1 active, 1 running), Execution time: mean = 0.27ms, total = 1.33ms, Queueing time: mean = 0.02ms, max = 0.04ms, min = 0.01ms, total = 0.09ms
	CoreWorkerService.grpc_server.PushTask - 4 total (0 active), Execution time: mean = 26530.50ms, total = 106122.01ms, Queueing time: mean = 0.00ms, max = -0.00ms, min = 9223372036854.78ms, total = 0.00ms
	CoreWorkerService.grpc_server.PushTask.HandleRequestImpl - 4 total (0 active), Execution time: mean = 0.07ms, total = 0.29ms, Queueing time: mean = 0.01ms, max = 0.02ms, min = 0.01ms, total = 0.05ms
	CoreWorkerService.grpc_server.PubsubCommandBatch - 3 total (0 active), Execution time: mean = 0.12ms, total = 0.36ms, Queueing time: mean = 0.00ms, max = -0.00ms, min = 9223372036854.78ms, total = 0.00ms
	CoreWorkerService.grpc_server.PubsubCommandBatch.HandleRequestImpl - 3 total (0 active), Execution time: mean = 0.03ms, total = 0.08ms, Queueing time: mean = 0.02ms, max = 0.02ms, min = 0.01ms, total = 0.05ms
	CoreWorkerService.grpc_server.PubsubLongPolling.HandleRequestImpl - 2 total (0 active), Execution time: mean = 0.01ms, total = 0.03ms, Queueing time: mean = 0.03ms, max = 0.06ms, min = 0.01ms, total = 0.07ms
	CoreWorkerService.grpc_server.PubsubLongPolling - 2 total (2 active), Execution time: mean = 0.00ms, total = 0.00ms, Queueing time: mean = 0.00ms, max = -0.00ms, min = 9223372036854.78ms, total = 0.00ms
	Publisher.CheckDeadSubscribers - 2 total (1 active), Execution time: mean = 0.00ms, total = 0.00ms, Queueing time: mean = 0.01ms, max = 0.02ms, min = 0.02ms, total = 0.02ms
	Publisher.PublishFailure.WORKER_OBJECT_LOCATIONS_CHANNEL - 1 total (0 active), Execution time: mean = 0.01ms, total = 0.01ms, Queueing time: mean = 0.00ms, max = 0.00ms, min = 0.00ms, total = 0.00ms
	ray::rpc::WorkerInfoGcsService.grpc_client.AddWorkerInfo - 1 total (0 active), Execution time: mean = 0.50ms, total = 0.50ms, Queueing time: mean = 0.00ms, max = -0.00ms, min = 9223372036854.78ms, total = 0.00ms
	ray::rpc::WorkerInfoGcsService.grpc_client.AddWorkerInfo.OnReplyReceived - 1 total (0 active), Execution time: mean = 0.03ms, total = 0.03ms, Queueing time: mean = 0.01ms, max = 0.01ms, min = 0.01ms, total = 0.01ms

-----------------
Task execution event stats:

Global stats: 19350 total (1 active)
Queueing time: mean = 5.51ms, max = 60531.29ms, min = -0.01ms, total = 106522.18ms
Execution time:  mean = 5.49ms, total = 106178.98ms
Event stats:
	CoreWorker.CheckSignal - 19345 total (1 active), Execution time: mean = 0.00ms, total = 57.91ms, Queueing time: mean = 5.51ms, max = 60531.29ms, min = -0.01ms, total = 106522.13ms
	CoreWorker.HandlePushTaskActor - 3 total (0 active), Execution time: mean = 27725.51ms, total = 83176.54ms, Queueing time: mean = 0.01ms, max = 0.02ms, min = 0.01ms, total = 0.04ms
	CoreWorker.HandlePushTask - 1 total (0 active), Execution time: mean = 22944.52ms, total = 22944.52ms, Queueing time: mean = 0.01ms, max = 0.01ms, min = 0.01ms, total = 0.01ms
	PeriodicalRunner.RunFnPeriodically - 1 total (0 active), Execution time: mean = 0.01ms, total = 0.01ms, Queueing time: mean = 0.00ms, max = 0.00ms, min = 0.00ms, total = 0.00ms

-----------------
Task Event stats:

IO Service Stats:

Global stats: 313 total (1 active)
Queueing time: mean = 0.02ms, max = 0.07ms, min = 0.00ms, total = 7.04ms
Execution time:  mean = 0.02ms, total = 5.87ms
Event stats:
	CoreWorker.deadline_timer.flush_task_events - 300 total (1 active), Execution time: mean = 0.01ms, total = 3.35ms, Queueing time: mean = 0.02ms, max = 0.07ms, min = 0.00ms, total = 6.96ms
	ray::rpc::TaskInfoGcsService.grpc_client.AddTaskEventData - 6 total (0 active), Execution time: mean = 0.40ms, total = 2.39ms, Queueing time: mean = 0.00ms, max = -0.00ms, min = 9223372036854.78ms, total = 0.00ms
	ray::rpc::TaskInfoGcsService.grpc_client.AddTaskEventData.OnReplyReceived - 6 total (0 active), Execution time: mean = 0.02ms, total = 0.11ms, Queueing time: mean = 0.01ms, max = 0.02ms, min = 0.01ms, total = 0.07ms
	PeriodicalRunner.RunFnPeriodically - 1 total (0 active), Execution time: mean = 0.02ms, total = 0.02ms, Queueing time: mean = 0.01ms, max = 0.01ms, min = 0.01ms, total = 0.01ms
Other Stats:
	gcs_grpc_in_progress:0
	event_aggregator_grpc_in_progress:0
	current number of task status events in buffer: 0
	current number of profile events in buffer: 0
	current number of dropped task attempts tracked: 0
	total task events sent: 0.00181198 MiB
	total number of task attempts sent: 8
	total number of task attempts dropped reported: 0
	total number of sent failure: 0
	num status task events dropped: 0
	num profile task events dropped: 0
	num ray task events reported to aggregator: 0
	num ray task events failed to report to aggregator: 0
	num of task attempts dropped reported to aggregator: 0
	num of failed requests to aggregator: 0

[2026-09-03 22:05:33,476 I 5326 5676] core_worker.cc:498: Event stats:


Global stats: 4875 total (11 active)
Queueing time: mean = 0.02ms, max = 0.50ms, min = -0.01ms, total = 96.26ms
Execution time:  mean = 21.77ms, total = 106148.52ms
Event stats:
	CoreWorker.RecoverObjects - 3600 total (1 active), Execution time: mean = 0.00ms, total = 8.98ms, Queueing time: mean = 0.02ms, max = 0.07ms, min = 0.00ms, total = 70.68ms
	CoreWorker.InternalHeartbeat - 360 total (1 active), Execution time: mean = 0.00ms, total = 1.10ms, Queueing time: mean = 0.02ms, max = 0.50ms, min = 0.00ms, total = 7.45ms
	CoreWorker.ExitIfParentRayletDies - 360 total (1 active), Execution time: mean = 0.01ms, total = 2.01ms, Queueing time: mean = 0.02ms, max = 0.07ms, min = -0.01ms, total = 6.69ms
	CoreWorker.ReportWorkerBacklog - 360 total (1 active), Execution time: mean = 0.00ms, total = 1.12ms, Queueing time: mean = 0.02ms, max = 0.49ms, min = 0.00ms, total = 7.42ms
	CoreWorker.RecordMetrics - 72 total (1 active), Execution time: mean = 0.05ms, total = 3.67ms, Queueing time: mean = 0.01ms, max = 0.04ms, min = 0.00ms, total = 0.93ms
	CoreWorker.TryDelPendingObjectRefStreams - 36 total (1 active), Execution time: mean = 0.00ms, total = 0.08ms, Queueing time: mean = 0.05ms, max = 0.34ms, min = 0.00ms, total = 1.75ms
	CoreWorkerService.grpc_server.GetCoreWorkerStats - 24 total (0 active), Execution time: mean = 0.22ms, total = 5.21ms, Queueing time: mean = 0.00ms, max = -0.00ms, min = 9223372036854.78ms, total = 0.00ms
	CoreWorkerService.grpc_server.GetCoreWorkerStats.HandleRequestImpl - 24 total (0 active), Execution time: mean = 0.05ms, total = 1.20ms, Queueing time: mean = 0.02ms, max = 0.08ms, min = 0.01ms, total = 0.53ms
	PeriodicalRunner.RunFnPeriodically - 8 total (0 active), Execution time: mean = 0.01ms, total = 0.12ms, Queueing time: mean = 0.06ms, max = 0.11ms, min = 0.00ms, total = 0.49ms
	CoreWorker.PrintEventStats - 6 total (1 active, 1 running), Execution time: mean = 0.28ms, total = 1.66ms, Queueing time: mean = 0.02ms, max = 0.04ms, min = 0.01ms, total = 0.11ms
	CoreWorkerService.grpc_server.PushTask - 5 total (1 active), Execution time: mean = 21224.40ms, total = 106122.01ms, Queueing time: mean = 0.00ms, max = -0.00ms, min = 9223372036854.78ms, total = 0.00ms
	CoreWorkerService.grpc_server.PushTask.HandleRequestImpl - 5 total (0 active), Execution time: mean = 0.07ms, total = 0.35ms, Queueing time: mean = 0.01ms, max = 0.02ms, min = 0.01ms, total = 0.06ms
	CoreWorkerService.grpc_server.PubsubCommandBatch - 3 total (0 active), Execution time: mean = 0.12ms, total = 0.36ms, Queueing time: mean = 0.00ms, max = -0.00ms, min = 9223372036854.78ms, total = 0.00ms
	CoreWorkerService.grpc_server.PubsubCommandBatch.HandleRequestImpl - 3 total (0 active), Execution time: mean = 0.03ms, total = 0.08ms, Queueing time: mean = 0.02ms, max = 0.02ms, min = 0.01ms, total = 0.05ms
	CoreWorkerService.grpc_server.PubsubLongPolling.HandleRequestImpl - 2 total (0 active), Execution time: mean = 0.01ms, total = 0.03ms, Queueing time: mean = 0.03ms, max = 0.06ms, min = 0.01ms, total = 0.07ms
	CoreWorkerService.grpc_server.PubsubLongPolling - 2 total (2 active), Execution time: mean = 0.00ms, total = 0.00ms, Queueing time: mean = 0.00ms, max = -0.00ms, min = 9223372036854.78ms, total = 0.00ms
	Publisher.CheckDeadSubscribers - 2 total (1 active), Execution time: mean = 0.00ms, total = 0.00ms, Queueing time: mean = 0.01ms, max = 0.02ms, min = 0.02ms, total = 0.02ms
	Publisher.PublishFailure.WORKER_OBJECT_LOCATIONS_CHANNEL - 1 total (0 active), Execution time: mean = 0.01ms, total = 0.01ms, Queueing time: mean = 0.00ms, max = 0.00ms, min = 0.00ms, total = 0.00ms
	ray::rpc::WorkerInfoGcsService.grpc_client.AddWorkerInfo - 1 total (0 active), Execution time: mean = 0.50ms, total = 0.50ms, Queueing time: mean = 0.00ms, max = -0.00ms, min = 9223372036854.78ms, total = 0.00ms
	ray::rpc::WorkerInfoGcsService.grpc_client.AddWorkerInfo.OnReplyReceived - 1 total (0 active), Execution time: mean = 0.03ms, total = 0.03ms, Queueing time: mean = 0.01ms, max = 0.01ms, min = 0.01ms, total = 0.01ms

-----------------
Task execution event stats:

Global stats: 22021 total (2 active)
Queueing time: mean = 4.84ms, max = 60531.29ms, min = -0.01ms, total = 106581.11ms
Execution time:  mean = 4.82ms, total = 106187.02ms
Event stats:
	CoreWorker.CheckSignal - 22015 total (1 active), Execution time: mean = 0.00ms, total = 65.95ms, Queueing time: mean = 4.84ms, max = 60531.29ms, min = -0.01ms, total = 106581.06ms
	CoreWorker.HandlePushTaskActor - 4 total (1 active, 1 running), Execution time: mean = 20794.14ms, total = 83176.54ms, Queueing time: mean = 0.01ms, max = 0.02ms, min = 0.01ms, total = 0.04ms
	CoreWorker.HandlePushTask - 1 total (0 active), Execution time: mean = 22944.52ms, total = 22944.52ms, Queueing time: mean = 0.01ms, max = 0.01ms, min = 0.01ms, total = 0.01ms
	PeriodicalRunner.RunFnPeriodically - 1 total (0 active), Execution time: mean = 0.01ms, total = 0.01ms, Queueing time: mean = 0.00ms, max = 0.00ms, min = 0.00ms, total = 0.00ms

-----------------
Task Event stats:

IO Service Stats:

Global stats: 375 total (1 active)
Queueing time: mean = 0.02ms, max = 0.07ms, min = 0.00ms, total = 8.44ms
Execution time:  mean = 0.02ms, total = 6.86ms
Event stats:
	CoreWorker.deadline_timer.flush_task_events - 360 total (1 active), Execution time: mean = 0.01ms, total = 3.95ms, Queueing time: mean = 0.02ms, max = 0.07ms, min = 0.00ms, total = 8.34ms
	ray::rpc::TaskInfoGcsService.grpc_client.AddTaskEventData - 7 total (0 active), Execution time: mean = 0.39ms, total = 2.75ms, Queueing time: mean = 0.00ms, max = -0.00ms, min = 9223372036854.78ms, total = 0.00ms
	ray::rpc::TaskInfoGcsService.grpc_client.AddTaskEventData.OnReplyReceived - 7 total (0 active), Execution time: mean = 0.02ms, total = 0.13ms, Queueing time: mean = 0.01ms, max = 0.02ms, min = 0.01ms, total = 0.09ms
	PeriodicalRunner.RunFnPeriodically - 1 total (0 active), Execution time: mean = 0.02ms, total = 0.02ms, Queueing time: mean = 0.01ms, max = 0.01ms, min = 0.01ms, total = 0.01ms
Other Stats:
	gcs_grpc_in_progress:0
	event_aggregator_grpc_in_progress:0
	current number of task status events in buffer: 0
	current number of profile events in buffer: 0
	current number of dropped task attempts tracked: 0
	total task events sent: 0.00198078 MiB
	total number of task attempts sent: 9
	total number of task attempts dropped reported: 0
	total number of sent failure: 0
	num status task events dropped: 0
	num profile task events dropped: 0
	num ray task events reported to aggregator: 0
	num ray task events failed to report to aggregator: 0
	num of task attempts dropped reported to aggregator: 0
	num of failed requests to aggregator: 0

[2026-09-03 22:06:33,476 I 5326 5676] core_worker.cc:498: Event stats:


Global stats: 5682 total (11 active)
Queueing time: mean = 0.02ms, max = 0.50ms, min = -0.01ms, total = 107.30ms
Execution time:  mean = 18.68ms, total = 106152.48ms
Event stats:
	CoreWorker.RecoverObjects - 4200 total (1 active), Execution time: mean = 0.00ms, total = 10.34ms, Queueing time: mean = 0.02ms, max = 0.07ms, min = 0.00ms, total = 78.98ms
	CoreWorker.InternalHeartbeat - 420 total (1 active), Execution time: mean = 0.00ms, total = 1.36ms, Queueing time: mean = 0.02ms, max = 0.50ms, min = 0.00ms, total = 8.26ms
	CoreWorker.ExitIfParentRayletDies - 420 total (1 active), Execution time: mean = 0.01ms, total = 2.38ms, Queueing time: mean = 0.02ms, max = 0.07ms, min = -0.01ms, total = 7.40ms
	CoreWorker.ReportWorkerBacklog - 420 total (1 active), Execution time: mean = 0.00ms, total = 1.34ms, Queueing time: mean = 0.02ms, max = 0.49ms, min = 0.00ms, total = 8.26ms
	CoreWorker.RecordMetrics - 84 total (1 active), Execution time: mean = 0.05ms, total = 4.33ms, Queueing time: mean = 0.01ms, max = 0.04ms, min = 0.00ms, total = 1.04ms
	CoreWorker.TryDelPendingObjectRefStreams - 42 total (1 active), Execution time: mean = 0.00ms, total = 0.10ms, Queueing time: mean = 0.05ms, max = 0.34ms, min = 0.00ms, total = 1.95ms
	CoreWorkerService.grpc_server.GetCoreWorkerStats - 28 total (0 active), Execution time: mean = 0.21ms, total = 5.92ms, Queueing time: mean = 0.00ms, max = -0.00ms, min = 9223372036854.78ms, total = 0.00ms
	CoreWorkerService.grpc_server.GetCoreWorkerStats.HandleRequestImpl - 28 total (0 active), Execution time: mean = 0.05ms, total = 1.37ms, Queueing time: mean = 0.02ms, max = 0.08ms, min = 0.01ms, total = 0.60ms
	PeriodicalRunner.RunFnPeriodically - 8 total (0 active), Execution time: mean = 0.01ms, total = 0.12ms, Queueing time: mean = 0.06ms, max = 0.11ms, min = 0.00ms, total = 0.49ms
	CoreWorker.PrintEventStats - 7 total (1 active, 1 running), Execution time: mean = 0.27ms, total = 1.87ms, Queueing time: mean = 0.02ms, max = 0.04ms, min = 0.01ms, total = 0.12ms
	CoreWorkerService.grpc_server.PushTask - 5 total (1 active), Execution time: mean = 21224.40ms, total = 106122.01ms, Queueing time: mean = 0.00ms, max = -0.00ms, min = 9223372036854.78ms, total = 0.00ms
	CoreWorkerService.grpc_server.PushTask.HandleRequestImpl - 5 total (0 active), Execution time: mean = 0.07ms, total = 0.35ms, Queueing time: mean = 0.01ms, max = 0.02ms, min = 0.01ms, total = 0.06ms
	CoreWorkerService.grpc_server.PubsubCommandBatch - 3 total (0 active), Execution time: mean = 0.12ms, total = 0.36ms, Queueing time: mean = 0.00ms, max = -0.00ms, min = 9223372036854.78ms, total = 0.00ms
	CoreWorkerService.grpc_server.PubsubCommandBatch.HandleRequestImpl - 3 total (0 active), Execution time: mean = 0.03ms, total = 0.08ms, Queueing time: mean = 0.02ms, max = 0.02ms, min = 0.01ms, total = 0.05ms
	CoreWorkerService.grpc_server.PubsubLongPolling.HandleRequestImpl - 2 total (0 active), Execution time: mean = 0.01ms, total = 0.03ms, Queueing time: mean = 0.03ms, max = 0.06ms, min = 0.01ms, total = 0.07ms
	CoreWorkerService.grpc_server.PubsubLongPolling - 2 total (2 active), Execution time: mean = 0.00ms, total = 0.00ms, Queueing time: mean = 0.00ms, max = -0.00ms, min = 9223372036854.78ms, total = 0.00ms
	Publisher.CheckDeadSubscribers - 2 total (1 active), Execution time: mean = 0.00ms, total = 0.00ms, Queueing time: mean = 0.01ms, max = 0.02ms, min = 0.02ms, total = 0.02ms
	Publisher.PublishFailure.WORKER_OBJECT_LOCATIONS_CHANNEL - 1 total (0 active), Execution time: mean = 0.01ms, total = 0.01ms, Queueing time: mean = 0.00ms, max = 0.00ms, min = 0.00ms, total = 0.00ms
	ray::rpc::WorkerInfoGcsService.grpc_client.AddWorkerInfo - 1 total (0 active), Execution time: mean = 0.50ms, total = 0.50ms, Queueing time: mean = 0.00ms, max = -0.00ms, min = 9223372036854.78ms, total = 0.00ms
	ray::rpc::WorkerInfoGcsService.grpc_client.AddWorkerInfo.OnReplyReceived - 1 total (0 active), Execution time: mean = 0.03ms, total = 0.03ms, Queueing time: mean = 0.01ms, max = 0.01ms, min = 0.01ms, total = 0.01ms

-----------------
Task execution event stats:

Global stats: 22021 total (2 active)
Queueing time: mean = 4.84ms, max = 60531.29ms, min = -0.01ms, total = 106581.11ms
Execution time:  mean = 4.82ms, total = 106187.02ms
Event stats:
	CoreWorker.CheckSignal - 22015 total (1 active), Execution time: mean = 0.00ms, total = 65.95ms, Queueing time: mean = 4.84ms, max = 60531.29ms, min = -0.01ms, total = 106581.06ms
	CoreWorker.HandlePushTaskActor - 4 total (1 active, 1 running), Execution time: mean = 20794.14ms, total = 83176.54ms, Queueing time: mean = 0.01ms, max = 0.02ms, min = 0.01ms, total = 0.04ms
	CoreWorker.HandlePushTask - 1 total (0 active), Execution time: mean = 22944.52ms, total = 22944.52ms, Queueing time: mean = 0.01ms, max = 0.01ms, min = 0.01ms, total = 0.01ms
	PeriodicalRunner.RunFnPeriodically - 1 total (0 active), Execution time: mean = 0.01ms, total = 0.01ms, Queueing time: mean = 0.00ms, max = 0.00ms, min = 0.00ms, total = 0.00ms

-----------------
Task Event stats:

IO Service Stats:

Global stats: 435 total (1 active)
Queueing time: mean = 0.02ms, max = 0.07ms, min = 0.00ms, total = 9.64ms
Execution time:  mean = 0.02ms, total = 7.40ms
Event stats:
	CoreWorker.deadline_timer.flush_task_events - 420 total (1 active), Execution time: mean = 0.01ms, total = 4.50ms, Queueing time: mean = 0.02ms, max = 0.07ms, min = 0.00ms, total = 9.55ms
	ray::rpc::TaskInfoGcsService.grpc_client.AddTaskEventData - 7 total (0 active), Execution time: mean = 0.39ms, total = 2.75ms, Queueing time: mean = 0.00ms, max = -0.00ms, min = 9223372036854.78ms, total = 0.00ms
	ray::rpc::TaskInfoGcsService.grpc_client.AddTaskEventData.OnReplyReceived - 7 total (0 active), Execution time: mean = 0.02ms, total = 0.13ms, Queueing time: mean = 0.01ms, max = 0.02ms, min = 0.01ms, total = 0.09ms
	PeriodicalRunner.RunFnPeriodically - 1 total (0 active), Execution time: mean = 0.02ms, total = 0.02ms, Queueing time: mean = 0.01ms, max = 0.01ms, min = 0.01ms, total = 0.01ms
Other Stats:
	gcs_grpc_in_progress:0
	event_aggregator_grpc_in_progress:0
	current number of task status events in buffer: 0
	current number of profile events in buffer: 0
	current number of dropped task attempts tracked: 0
	total task events sent: 0.00198078 MiB
	total number of task attempts sent: 9
	total number of task attempts dropped reported: 0
	total number of sent failure: 0
	num status task events dropped: 0
	num profile task events dropped: 0
	num ray task events reported to aggregator: 0
	num ray task events failed to report to aggregator: 0
	num of task attempts dropped reported to aggregator: 0
	num of failed requests to aggregator: 0

[2026-09-03 22:07:10,979 I 5326 5326] actor_task_submitter.cc:75: Set actor max pending calls to -1 actor_id=25c7066656ef37f101908f5d01000000
[2026-09-03 22:07:10,979 I 5326 5326] actor_task_submitter.cc:75: Set actor max pending calls to -1 actor_id=ed804803bd01dc0de9765f8001000000
[2026-09-03 22:07:33,476 I 5326 5676] core_worker.cc:498: Event stats:


Global stats: 6509 total (10 active)
Queueing time: mean = 0.02ms, max = 0.50ms, min = -0.01ms, total = 122.49ms
Execution time:  mean = 36.83ms, total = 239720.06ms
Event stats:
	CoreWorker.RecoverObjects - 4800 total (1 active), Execution time: mean = 0.00ms, total = 12.11ms, Queueing time: mean = 0.02ms, max = 0.07ms, min = 0.00ms, total = 90.10ms
	CoreWorker.InternalHeartbeat - 480 total (1 active), Execution time: mean = 0.00ms, total = 1.58ms, Queueing time: mean = 0.02ms, max = 0.50ms, min = 0.00ms, total = 9.37ms
	CoreWorker.ExitIfParentRayletDies - 480 total (1 active), Execution time: mean = 0.01ms, total = 2.75ms, Queueing time: mean = 0.02ms, max = 0.07ms, min = -0.01ms, total = 8.38ms
	CoreWorker.ReportWorkerBacklog - 480 total (1 active), Execution time: mean = 0.00ms, total = 1.60ms, Queueing time: mean = 0.02ms, max = 0.49ms, min = 0.00ms, total = 9.34ms
	CoreWorker.RecordMetrics - 96 total (1 active), Execution time: mean = 0.05ms, total = 5.02ms, Queueing time: mean = 0.01ms, max = 0.04ms, min = 0.00ms, total = 1.17ms
	CoreWorker.TryDelPendingObjectRefStreams - 48 total (1 active), Execution time: mean = 0.00ms, total = 0.11ms, Queueing time: mean = 0.04ms, max = 0.34ms, min = 0.00ms, total = 2.14ms
	CoreWorkerService.grpc_server.GetCoreWorkerStats - 32 total (0 active), Execution time: mean = 0.21ms, total = 6.81ms, Queueing time: mean = 0.00ms, max = -0.00ms, min = 9223372036854.78ms, total = 0.00ms
	CoreWorkerService.grpc_server.GetCoreWorkerStats.HandleRequestImpl - 32 total (0 active), Execution time: mean = 0.05ms, total = 1.54ms, Queueing time: mean = 0.02ms, max = 0.08ms, min = 0.01ms, total = 0.67ms
	Publisher.PublishFailure.WORKER_OBJECT_LOCATIONS_CHANNEL - 17 total (0 active), Execution time: mean = 0.00ms, total = 0.04ms, Queueing time: mean = 0.03ms, max = 0.04ms, min = 0.00ms, total = 0.46ms
	CoreWorker.PrintEventStats - 8 total (1 active, 1 running), Execution time: mean = 0.26ms, total = 2.07ms, Queueing time: mean = 0.02ms, max = 0.04ms, min = 0.01ms, total = 0.13ms
	PeriodicalRunner.RunFnPeriodically - 8 total (0 active), Execution time: mean = 0.01ms, total = 0.12ms, Queueing time: mean = 0.06ms, max = 0.11ms, min = 0.00ms, total = 0.49ms
	CoreWorkerService.grpc_server.PushTask - 7 total (0 active), Execution time: mean = 34240.70ms, total = 239684.88ms, Queueing time: mean = 0.00ms, max = -0.00ms, min = 9223372036854.78ms, total = 0.00ms
	CoreWorkerService.grpc_server.PushTask.HandleRequestImpl - 7 total (0 active), Execution time: mean = 0.06ms, total = 0.44ms, Queueing time: mean = 0.01ms, max = 0.02ms, min = 0.01ms, total = 0.09ms
	CoreWorkerService.grpc_server.PubsubCommandBatch - 3 total (0 active), Execution time: mean = 0.12ms, total = 0.36ms, Queueing time: mean = 0.00ms, max = -0.00ms, min = 9223372036854.78ms, total = 0.00ms
	CoreWorkerService.grpc_server.PubsubCommandBatch.HandleRequestImpl - 3 total (0 active), Execution time: mean = 0.03ms, total = 0.08ms, Queueing time: mean = 0.02ms, max = 0.02ms, min = 0.01ms, total = 0.05ms
	CoreWorkerService.grpc_server.PubsubLongPolling.HandleRequestImpl - 2 total (0 active), Execution time: mean = 0.01ms, total = 0.03ms, Queueing time: mean = 0.03ms, max = 0.06ms, min = 0.01ms, total = 0.07ms
	CoreWorkerService.grpc_server.PubsubLongPolling - 2 total (2 active), Execution time: mean = 0.00ms, total = 0.00ms, Queueing time: mean = 0.00ms, max = -0.00ms, min = 9223372036854.78ms, total = 0.00ms
	Publisher.CheckDeadSubscribers - 2 total (1 active), Execution time: mean = 0.00ms, total = 0.00ms, Queueing time: mean = 0.01ms, max = 0.02ms, min = 0.02ms, total = 0.02ms
	ray::rpc::WorkerInfoGcsService.grpc_client.AddWorkerInfo - 1 total (0 active), Execution time: mean = 0.50ms, total = 0.50ms, Queueing time: mean = 0.00ms, max = -0.00ms, min = 9223372036854.78ms, total = 0.00ms
	ray::rpc::WorkerInfoGcsService.grpc_client.AddWorkerInfo.OnReplyReceived - 1 total (0 active), Execution time: mean = 0.03ms, total = 0.03ms, Queueing time: mean = 0.01ms, max = 0.01ms, min = 0.01ms, total = 0.01ms

-----------------
Task execution event stats:

Global stats: 23988 total (1 active)
Queueing time: mean = 10.01ms, max = 129258.90ms, min = -0.01ms, total = 240166.66ms
Execution time:  mean = 9.99ms, total = 239754.38ms
Event stats:
	CoreWorker.CheckSignal - 23980 total (1 active), Execution time: mean = 0.00ms, total = 71.08ms, Queueing time: mean = 10.02ms, max = 129258.90ms, min = -0.01ms, total = 240166.57ms
	CoreWorker.HandlePushTaskActor - 6 total (0 active), Execution time: mean = 36123.13ms, total = 216738.78ms, Queueing time: mean = 0.01ms, max = 0.02ms, min = 0.01ms, total = 0.08ms
	CoreWorker.HandlePushTask - 1 total (0 active), Execution time: mean = 22944.52ms, total = 22944.52ms, Queueing time: mean = 0.01ms, max = 0.01ms, min = 0.01ms, total = 0.01ms
	PeriodicalRunner.RunFnPeriodically - 1 total (0 active), Execution time: mean = 0.01ms, total = 0.01ms, Queueing time: mean = 0.00ms, max = 0.00ms, min = 0.00ms, total = 0.00ms

-----------------
Task Event stats:

IO Service Stats:

Global stats: 501 total (1 active)
Queueing time: mean = 0.02ms, max = 0.07ms, min = 0.00ms, total = 11.17ms
Execution time:  mean = 0.02ms, total = 9.99ms
Event stats:
	CoreWorker.deadline_timer.flush_task_events - 480 total (1 active), Execution time: mean = 0.01ms, total = 5.60ms, Queueing time: mean = 0.02ms, max = 0.07ms, min = 0.00ms, total = 11.03ms
	ray::rpc::TaskInfoGcsService.grpc_client.AddTaskEventData - 10 total (0 active), Execution time: mean = 0.42ms, total = 4.16ms, Queueing time: mean = 0.00ms, max = -0.00ms, min = 9223372036854.78ms, total = 0.00ms
	ray::rpc::TaskInfoGcsService.grpc_client.AddTaskEventData.OnReplyReceived - 10 total (0 active), Execution time: mean = 0.02ms, total = 0.22ms, Queueing time: mean = 0.01ms, max = 0.02ms, min = 0.01ms, total = 0.13ms
	PeriodicalRunner.RunFnPeriodically - 1 total (0 active), Execution time: mean = 0.02ms, total = 0.02ms, Queueing time: mean = 0.01ms, max = 0.01ms, min = 0.01ms, total = 0.01ms
Other Stats:
	gcs_grpc_in_progress:0
	event_aggregator_grpc_in_progress:0
	current number of task status events in buffer: 0
	current number of profile events in buffer: 0
	current number of dropped task attempts tracked: 0
	total task events sent: 0.00325584 MiB
	total number of task attempts sent: 14
	total number of task attempts dropped reported: 0
	total number of sent failure: 0
	num status task events dropped: 0
	num profile task events dropped: 0
	num ray task events reported to aggregator: 0
	num ray task events failed to report to aggregator: 0
	num of task attempts dropped reported to aggregator: 0
	num of failed requests to aggregator: 0

[2026-09-03 22:08:33,477 I 5326 5676] core_worker.cc:498: Event stats:


Global stats: 7315 total (10 active)
Queueing time: mean = 0.02ms, max = 0.50ms, min = -0.01ms, total = 138.87ms
Execution time:  mean = 32.77ms, total = 239724.34ms
Event stats:
	CoreWorker.RecoverObjects - 5399 total (1 active), Execution time: mean = 0.00ms, total = 13.49ms, Queueing time: mean = 0.02ms, max = 0.07ms, min = -0.01ms, total = 102.13ms
	CoreWorker.InternalHeartbeat - 540 total (1 active), Execution time: mean = 0.00ms, total = 1.75ms, Queueing time: mean = 0.02ms, max = 0.50ms, min = 0.00ms, total = 10.58ms
	CoreWorker.ExitIfParentRayletDies - 540 total (1 active), Execution time: mean = 0.01ms, total = 3.04ms, Queueing time: mean = 0.02ms, max = 0.07ms, min = -0.01ms, total = 9.48ms
	CoreWorker.ReportWorkerBacklog - 540 total (1 active), Execution time: mean = 0.00ms, total = 1.76ms, Queueing time: mean = 0.02ms, max = 0.49ms, min = 0.00ms, total = 10.55ms
	CoreWorker.RecordMetrics - 108 total (1 active), Execution time: mean = 0.05ms, total = 5.53ms, Queueing time: mean = 0.01ms, max = 0.04ms, min = 0.00ms, total = 1.33ms
	CoreWorker.TryDelPendingObjectRefStreams - 54 total (1 active), Execution time: mean = 0.00ms, total = 0.12ms, Queueing time: mean = 0.05ms, max = 0.48ms, min = 0.00ms, total = 2.70ms
	CoreWorkerService.grpc_server.GetCoreWorkerStats - 36 total (0 active), Execution time: mean = 0.22ms, total = 7.79ms, Queueing time: mean = 0.00ms, max = -0.00ms, min = 9223372036854.78ms, total = 0.00ms
	CoreWorkerService.grpc_server.GetCoreWorkerStats.HandleRequestImpl - 36 total (0 active), Execution time: mean = 0.05ms, total = 1.81ms, Queueing time: mean = 0.02ms, max = 0.08ms, min = 0.01ms, total = 0.75ms
	Publisher.PublishFailure.WORKER_OBJECT_LOCATIONS_CHANNEL - 17 total (0 active), Execution time: mean = 0.00ms, total = 0.04ms, Queueing time: mean = 0.03ms, max = 0.04ms, min = 0.00ms, total = 0.46ms
	CoreWorker.PrintEventStats - 9 total (1 active, 1 running), Execution time: mean = 0.29ms, total = 2.58ms, Queueing time: mean = 0.02ms, max = 0.04ms, min = 0.01ms, total = 0.16ms
	PeriodicalRunner.RunFnPeriodically - 8 total (0 active), Execution time: mean = 0.01ms, total = 0.12ms, Queueing time: mean = 0.06ms, max = 0.11ms, min = 0.00ms, total = 0.49ms
	CoreWorkerService.grpc_server.PushTask - 7 total (0 active), Execution time: mean = 34240.70ms, total = 239684.88ms, Queueing time: mean = 0.00ms, max = -0.00ms, min = 9223372036854.78ms, total = 0.00ms
	CoreWorkerService.grpc_server.PushTask.HandleRequestImpl - 7 total (0 active), Execution time: mean = 0.06ms, total = 0.44ms, Queueing time: mean = 0.01ms, max = 0.02ms, min = 0.01ms, total = 0.09ms
	CoreWorkerService.grpc_server.PubsubCommandBatch - 3 total (0 active), Execution time: mean = 0.12ms, total = 0.36ms, Queueing time: mean = 0.00ms, max = -0.00ms, min = 9223372036854.78ms, total = 0.00ms
	CoreWorkerService.grpc_server.PubsubCommandBatch.HandleRequestImpl - 3 total (0 active), Execution time: mean = 0.03ms, total = 0.08ms, Queueing time: mean = 0.02ms, max = 0.02ms, min = 0.01ms, total = 0.05ms
	CoreWorkerService.grpc_server.PubsubLongPolling.HandleRequestImpl - 2 total (0 active), Execution time: mean = 0.01ms, total = 0.03ms, Queueing time: mean = 0.03ms, max = 0.06ms, min = 0.01ms, total = 0.07ms
	CoreWorkerService.grpc_server.PubsubLongPolling - 2 total (2 active), Execution time: mean = 0.00ms, total = 0.00ms, Queueing time: mean = 0.00ms, max = -0.00ms, min = 9223372036854.78ms, total = 0.00ms
	Publisher.CheckDeadSubscribers - 2 total (1 active), Execution time: mean = 0.00ms, total = 0.00ms, Queueing time: mean = 0.01ms, max = 0.02ms, min = 0.02ms, total = 0.02ms
	ray::rpc::WorkerInfoGcsService.grpc_client.AddWorkerInfo - 1 total (0 active), Execution time: mean = 0.50ms, total = 0.50ms, Queueing time: mean = 0.00ms, max = -0.00ms, min = 9223372036854.78ms, total = 0.00ms
	ray::rpc::WorkerInfoGcsService.grpc_client.AddWorkerInfo.OnReplyReceived - 1 total (0 active), Execution time: mean = 0.03ms, total = 0.03ms, Queueing time: mean = 0.01ms, max = 0.01ms, min = 0.01ms, total = 0.01ms

-----------------
Task execution event stats:

Global stats: 29976 total (1 active)
Queueing time: mean = 8.02ms, max = 129258.90ms, min = -0.01ms, total = 240274.15ms
Execution time:  mean = 8.00ms, total = 239769.30ms
Event stats:
	CoreWorker.CheckSignal - 29968 total (1 active), Execution time: mean = 0.00ms, total = 85.99ms, Queueing time: mean = 8.02ms, max = 129258.90ms, min = -0.01ms, total = 240274.06ms
	CoreWorker.HandlePushTaskActor - 6 total (0 active), Execution time: mean = 36123.13ms, total = 216738.78ms, Queueing time: mean = 0.01ms, max = 0.02ms, min = 0.01ms, total = 0.08ms
	CoreWorker.HandlePushTask - 1 total (0 active), Execution time: mean = 22944.52ms, total = 22944.52ms, Queueing time: mean = 0.01ms, max = 0.01ms, min = 0.01ms, total = 0.01ms
	PeriodicalRunner.RunFnPeriodically - 1 total (0 active), Execution time: mean = 0.01ms, total = 0.01ms, Queueing time: mean = 0.00ms, max = 0.00ms, min = 0.00ms, total = 0.00ms

-----------------
Task Event stats:

IO Service Stats:

Global stats: 561 total (1 active)
Queueing time: mean = 0.02ms, max = 0.07ms, min = 0.00ms, total = 12.88ms
Execution time:  mean = 0.02ms, total = 10.73ms
Event stats:
	CoreWorker.deadline_timer.flush_task_events - 540 total (1 active), Execution time: mean = 0.01ms, total = 6.34ms, Queueing time: mean = 0.02ms, max = 0.07ms, min = 0.00ms, total = 12.73ms
	ray::rpc::TaskInfoGcsService.grpc_client.AddTaskEventData - 10 total (0 active), Execution time: mean = 0.42ms, total = 4.16ms, Queueing time: mean = 0.00ms, max = -0.00ms, min = 9223372036854.78ms, total = 0.00ms
	ray::rpc::TaskInfoGcsService.grpc_client.AddTaskEventData.OnReplyReceived - 10 total (0 active), Execution time: mean = 0.02ms, total = 0.22ms, Queueing time: mean = 0.01ms, max = 0.02ms, min = 0.01ms, total = 0.13ms
	PeriodicalRunner.RunFnPeriodically - 1 total (0 active), Execution time: mean = 0.02ms, total = 0.02ms, Queueing time: mean = 0.01ms, max = 0.01ms, min = 0.01ms, total = 0.01ms
Other Stats:
	gcs_grpc_in_progress:0
	event_aggregator_grpc_in_progress:0
	current number of task status events in buffer: 0
	current number of profile events in buffer: 0
	current number of dropped task attempts tracked: 0
	total task events sent: 0.00325584 MiB
	total number of task attempts sent: 14
	total number of task attempts dropped reported: 0
	total number of sent failure: 0
	num status task events dropped: 0
	num profile task events dropped: 0
	num ray task events reported to aggregator: 0
	num ray task events failed to report to aggregator: 0
	num of task attempts dropped reported to aggregator: 0
	num of failed requests to aggregator: 0

[2026-09-03 22:09:33,477 I 5326 5676] core_worker.cc:498: Event stats:


Global stats: 8129 total (11 active)
Queueing time: mean = 0.02ms, max = 0.50ms, min = -0.01ms, total = 153.86ms
Execution time:  mean = 144.22ms, total = 1172356.66ms
Event stats:
	CoreWorker.RecoverObjects - 5999 total (1 active), Execution time: mean = 0.00ms, total = 14.83ms, Queueing time: mean = 0.02ms, max = 0.07ms, min = -0.01ms, total = 112.75ms
	CoreWorker.InternalHeartbeat - 600 total (1 active), Execution time: mean = 0.00ms, total = 1.94ms, Queueing time: mean = 0.02ms, max = 0.50ms, min = 0.00ms, total = 11.76ms
	CoreWorker.ExitIfParentRayletDies - 600 total (1 active), Execution time: mean = 0.01ms, total = 3.33ms, Queueing time: mean = 0.02ms, max = 0.07ms, min = -0.01ms, total = 10.56ms
	CoreWorker.ReportWorkerBacklog - 600 total (1 active), Execution time: mean = 0.00ms, total = 1.97ms, Queueing time: mean = 0.02ms, max = 0.49ms, min = -0.01ms, total = 11.71ms
	CoreWorker.RecordMetrics - 120 total (1 active), Execution time: mean = 0.05ms, total = 6.18ms, Queueing time: mean = 0.01ms, max = 0.04ms, min = 0.00ms, total = 1.55ms
	CoreWorker.TryDelPendingObjectRefStreams - 60 total (1 active), Execution time: mean = 0.00ms, total = 0.14ms, Queueing time: mean = 0.05ms, max = 0.48ms, min = 0.00ms, total = 3.22ms
	CoreWorkerService.grpc_server.GetCoreWorkerStats - 40 total (0 active), Execution time: mean = 0.22ms, total = 8.72ms, Queueing time: mean = 0.00ms, max = -0.00ms, min = 9223372036854.78ms, total = 0.00ms
	CoreWorkerService.grpc_server.GetCoreWorkerStats.HandleRequestImpl - 40 total (0 active), Execution time: mean = 0.05ms, total = 2.01ms, Queueing time: mean = 0.02ms, max = 0.08ms, min = 0.01ms, total = 0.84ms
	Publisher.PublishFailure.WORKER_OBJECT_LOCATIONS_CHANNEL - 17 total (0 active), Execution time: mean = 0.00ms, total = 0.04ms, Queueing time: mean = 0.03ms, max = 0.04ms, min = 0.00ms, total = 0.46ms
	CoreWorker.PrintEventStats - 10 total (1 active, 1 running), Execution time: mean = 0.30ms, total = 3.03ms, Queueing time: mean = 0.02ms, max = 0.04ms, min = 0.01ms, total = 0.20ms
	CoreWorkerService.grpc_server.PushTask - 8 total (1 active), Execution time: mean = 29960.61ms, total = 239684.88ms, Queueing time: mean = 0.00ms, max = -0.00ms, min = 9223372036854.78ms, total = 0.00ms
	PeriodicalRunner.RunFnPeriodically - 8 total (0 active), Execution time: mean = 0.01ms, total = 0.12ms, Queueing time: mean = 0.06ms, max = 0.11ms, min = 0.00ms, total = 0.49ms
	CoreWorkerService.grpc_server.PushTask.HandleRequestImpl - 8 total (0 active), Execution time: mean = 0.07ms, total = 0.53ms, Queueing time: mean = 0.02ms, max = 0.03ms, min = 0.01ms, total = 0.12ms
	CoreWorkerService.grpc_server.PubsubLongPolling.HandleRequestImpl - 4 total (0 active), Execution time: mean = 0.01ms, total = 0.05ms, Queueing time: mean = 0.02ms, max = 0.06ms, min = 0.01ms, total = 0.10ms
	CoreWorkerService.grpc_server.PubsubLongPolling - 4 total (2 active), Execution time: mean = 233156.97ms, total = 932627.89ms, Queueing time: mean = 0.00ms, max = -0.00ms, min = 9223372036854.78ms, total = 0.00ms
	CoreWorkerService.grpc_server.PubsubCommandBatch - 3 total (0 active), Execution time: mean = 0.12ms, total = 0.36ms, Queueing time: mean = 0.00ms, max = -0.00ms, min = 9223372036854.78ms, total = 0.00ms
	Publisher.CheckDeadSubscribers - 3 total (1 active), Execution time: mean = 0.01ms, total = 0.03ms, Queueing time: mean = 0.01ms, max = 0.02ms, min = 0.01ms, total = 0.03ms
	CoreWorkerService.grpc_server.PubsubCommandBatch.HandleRequestImpl - 3 total (0 active), Execution time: mean = 0.03ms, total = 0.08ms, Queueing time: mean = 0.02ms, max = 0.02ms, min = 0.01ms, total = 0.05ms
	ray::rpc::WorkerInfoGcsService.grpc_client.AddWorkerInfo - 1 total (0 active), Execution time: mean = 0.50ms, total = 0.50ms, Queueing time: mean = 0.00ms, max = -0.00ms, min = 9223372036854.78ms, total = 0.00ms
	ray::rpc::WorkerInfoGcsService.grpc_client.AddWorkerInfo.OnReplyReceived - 1 total (0 active), Execution time: mean = 0.03ms, total = 0.03ms, Queueing time: mean = 0.01ms, max = 0.01ms, min = 0.01ms, total = 0.01ms

-----------------
Task execution event stats:

Global stats: 34394 total (2 active)
Queueing time: mean = 6.99ms, max = 129258.90ms, min = -0.01ms, total = 240362.20ms
Execution time:  mean = 6.97ms, total = 239782.48ms
Event stats:
	CoreWorker.CheckSignal - 34385 total (1 active), Execution time: mean = 0.00ms, total = 99.18ms, Queueing time: mean = 6.99ms, max = 129258.90ms, min = -0.01ms, total = 240362.11ms
	CoreWorker.HandlePushTaskActor - 7 total (1 active, 1 running), Execution time: mean = 30962.68ms, total = 216738.78ms, Queueing time: mean = 0.01ms, max = 0.02ms, min = 0.01ms, total = 0.08ms
	CoreWorker.HandlePushTask - 1 total (0 active), Execution time: mean = 22944.52ms, total = 22944.52ms, Queueing time: mean = 0.01ms, max = 0.01ms, min = 0.01ms, total = 0.01ms
	PeriodicalRunner.RunFnPeriodically - 1 total (0 active), Execution time: mean = 0.01ms, total = 0.01ms, Queueing time: mean = 0.00ms, max = 0.00ms, min = 0.00ms, total = 0.00ms

-----------------
Task Event stats:

IO Service Stats:

Global stats: 623 total (1 active)
Queueing time: mean = 0.02ms, max = 0.07ms, min = 0.00ms, total = 14.42ms
Execution time:  mean = 0.02ms, total = 11.99ms
Event stats:
	CoreWorker.deadline_timer.flush_task_events - 600 total (1 active), Execution time: mean = 0.01ms, total = 7.10ms, Queueing time: mean = 0.02ms, max = 0.07ms, min = 0.00ms, total = 14.26ms
	ray::rpc::TaskInfoGcsService.grpc_client.AddTaskEventData - 11 total (0 active), Execution time: mean = 0.42ms, total = 4.63ms, Queueing time: mean = 0.00ms, max = -0.00ms, min = 9223372036854.78ms, total = 0.00ms
	ray::rpc::TaskInfoGcsService.grpc_client.AddTaskEventData.OnReplyReceived - 11 total (0 active), Execution time: mean = 0.02ms, total = 0.24ms, Queueing time: mean = 0.01ms, max = 0.02ms, min = 0.01ms, total = 0.14ms
	PeriodicalRunner.RunFnPeriodically - 1 total (0 active), Execution time: mean = 0.02ms, total = 0.02ms, Queueing time: mean = 0.01ms, max = 0.01ms, min = 0.01ms, total = 0.01ms
Other Stats:
	gcs_grpc_in_progress:0
	event_aggregator_grpc_in_progress:0
	current number of task status events in buffer: 0
	current number of profile events in buffer: 0
	current number of dropped task attempts tracked: 0
	total task events sent: 0.00342464 MiB
	total number of task attempts sent: 15
	total number of task attempts dropped reported: 0
	total number of sent failure: 0
	num status task events dropped: 0
	num profile task events dropped: 0
	num ray task events reported to aggregator: 0
	num ray task events failed to report to aggregator: 0
	num of task attempts dropped reported to aggregator: 0
	num of failed requests to aggregator: 0

[2026-09-03 22:09:56,054 I 5326 5326] actor_task_submitter.cc:75: Set actor max pending calls to -1 actor_id=25c7066656ef37f101908f5d01000000
[2026-09-03 22:09:56,054 I 5326 5326] actor_task_submitter.cc:75: Set actor max pending calls to -1 actor_id=ed804803bd01dc0de9765f8001000000
[2026-09-03 22:10:00,293 I 5326 5676] core_worker_shutdown_executor.cc:141: Executing worker exit: INTENDED_SYSTEM_EXIT - Worker exits because the actor is killed. The actor is dead because all references to the actor were removed. (timeout: -1ms)
[2026-09-03 22:10:00,293 I 5326 5326] core_worker_shutdown_executor.cc:217: Wait for currently executing tasks in the underlying thread pools to finish.
[2026-09-03 22:10:00,293 I 5326 5326] core_worker_shutdown_executor.cc:255: Not draining reference counter since this is an actor worker.
[2026-09-03 22:10:00,301 I 5326 5326] core_worker_shutdown_executor.cc:303: Try killing all child processes of this worker as it exits. Child process pids: 9826,17442,17443
[2026-09-03 22:10:00,301 I 5326 5326] core_worker_shutdown_executor.cc:312: Kill result for child pid 9826: Success, bool 0
[2026-09-03 22:10:00,301 I 5326 5326] core_worker_shutdown_executor.cc:312: Kill result for child pid 17442: Success, bool 0
[2026-09-03 22:10:00,301 I 5326 5326] core_worker_shutdown_executor.cc:312: Kill result for child pid 17443: Success, bool 0
[2026-09-03 22:10:00,304 I 5326 5326] core_worker_shutdown_executor.cc:368: Sending disconnect message to the local raylet.
[2026-09-03 22:10:00,304 I 5326 5326] raylet_ipc_client.cc:133: RayletIpcClient::Disconnect, exit_type=INTENDED_SYSTEM_EXIT, exit_detail=Worker exits because the actor is killed. The actor is dead because all references to the actor were removed., has creation_task_exception_pb_bytes=0
[2026-09-03 22:10:00,304 I 5326 5326] core_worker_shutdown_executor.cc:384: Disconnected from the local raylet.
[2026-09-03 22:10:00,304 I 5326 5326] task_event_buffer.cc:548: Shutting down TaskEventBuffer.
[2026-09-03 22:10:00,304 I 5326 5739] task_event_buffer.cc:507: Task event buffer io service stopped.
[2026-09-03 22:10:00,307 I 5326 5326] ray_event_recorder_base.cc:69: Stopping RayEventRecorder and flushing remaining events.
[2026-09-03 22:10:00,307 I 5326 5326] core_worker_shutdown_executor.cc:92: Waiting for joining a core worker io thread. If it hangs here, there might be deadlock or a high load in the core worker io service.
[2026-09-03 22:10:00,307 I 5326 5676] core_worker_process.cc:199: Core worker main io service stopped.
[2026-09-03 22:10:00,307 I 5326 5326] core_worker_shutdown_executor.cc:109: Waiting for joining the object-freed callback thread.
[2026-09-03 22:10:00,307 I 5326 5677] core_worker_process.cc:219: Object-freed callback service stopped.
[2026-09-03 22:10:00,310 I 5326 5326] core_worker_shutdown_executor.cc:118: Disconnecting a GCS client.
[2026-09-03 22:10:00,310 I 5326 5326] core_worker_shutdown_executor.cc:125: Core worker ready to be deallocated.
[2026-09-03 22:10:00,310 I 5326 5326] core_worker_process.cc:1054: Task execution loop terminated. Waiting for shutdown to complete...
[2026-09-03 22:10:00,310 I 5326 5326] core_worker_shutdown_executor.cc:43: Shutdown completed successfully
[2026-09-03 22:10:00,310 I 5326 5326] core_worker_process.cc:1056: Shutdown complete. Removing the global worker.
[2026-09-03 22:10:00,310 I 5326 5326] core_worker_shutdown_executor.cc:43: Shutdown completed successfully
[2026-09-03 22:10:00,310 I 5326 5326] core_worker.cc:584: Core worker is destructed
[2026-09-03 22:10:06,861 I 5326 5326] core_worker_process.cc:950: Destructing CoreWorkerProcessImpl. pid: 5326
[2026-09-03 22:10:06,861 I 5326 5326] stats.h:176: Stats module has shutdown.
