2026-09-04 00:57:28,791	INFO utils.py:319 -- Get all modules by type: DashboardHeadModule
2026-09-04 00:57:29,076	INFO utils.py:352 -- Available modules: [<class 'ray.dashboard.modules.platform_events.platform_event_head.PlatformEventsHead'>, <class 'ray.dashboard.modules.usage_stats.usage_stats_head.UsageStatsHead'>]
2026-09-04 00:57:29,076	INFO head.py:257 -- DashboardHeadModules to load: None.
2026-09-04 00:57:29,076	INFO platform_event_head.py:38 -- Skipping PlatformEventsHead because RAY_DASHBOARD_INGEST_PLATFORM_EVENTS is not enabled.
2026-09-04 00:57:29,076	INFO head.py:263 -- Loading DashboardHeadModule: <class 'ray.dashboard.modules.usage_stats.usage_stats_head.UsageStatsHead'>.
2026-09-04 00:57:29,076	INFO head.py:267 -- Loaded 1 dashboard head modules: [<ray.dashboard.modules.usage_stats.usage_stats_head.UsageStatsHead object at 0x7d5f3c1dc140>].
2026-09-04 00:57:29,076	INFO utils.py:319 -- Get all modules by type: SubprocessModule
2026-09-04 00:57:29,078	INFO utils.py:352 -- Available modules: [<class 'ray.dashboard.modules.metrics.metrics_head.MetricsHead'>, <class 'ray.dashboard.modules.data.data_head.DataHead'>, <class 'ray.dashboard.modules.event.event_head.EventHead'>, <class 'ray.dashboard.modules.job.job_head.JobHead'>, <class 'ray.dashboard.modules.node.node_head.NodeHead'>, <class 'ray.dashboard.modules.reporter.reporter_head.ReportHead'>, <class 'ray.dashboard.modules.serve.serve_head.ServeHead'>, <class 'ray.dashboard.modules.state.state_head.StateHead'>, <class 'ray.dashboard.modules.task_events.task_events_head.TaskEventsHead'>, <class 'ray.dashboard.modules.train.train_head.TrainHead'>]
2026-09-04 00:57:29,078	INFO head.py:328 -- Loading SubprocessModule: <class 'ray.dashboard.modules.metrics.metrics_head.MetricsHead'>.
2026-09-04 00:57:29,078	INFO head.py:328 -- Loading SubprocessModule: <class 'ray.dashboard.modules.data.data_head.DataHead'>.
2026-09-04 00:57:29,078	INFO head.py:328 -- Loading SubprocessModule: <class 'ray.dashboard.modules.event.event_head.EventHead'>.
2026-09-04 00:57:29,078	INFO head.py:328 -- Loading SubprocessModule: <class 'ray.dashboard.modules.job.job_head.JobHead'>.
2026-09-04 00:57:29,078	INFO head.py:328 -- Loading SubprocessModule: <class 'ray.dashboard.modules.node.node_head.NodeHead'>.
2026-09-04 00:57:29,078	INFO head.py:328 -- Loading SubprocessModule: <class 'ray.dashboard.modules.reporter.reporter_head.ReportHead'>.
2026-09-04 00:57:29,078	INFO head.py:328 -- Loading SubprocessModule: <class 'ray.dashboard.modules.serve.serve_head.ServeHead'>.
2026-09-04 00:57:29,078	INFO head.py:328 -- Loading SubprocessModule: <class 'ray.dashboard.modules.state.state_head.StateHead'>.
2026-09-04 00:57:29,078	INFO head.py:325 -- Skipping SubprocessModule: <class 'ray.dashboard.modules.task_events.task_events_head.TaskEventsHead'> (disabled).
2026-09-04 00:57:29,079	INFO head.py:328 -- Loading SubprocessModule: <class 'ray.dashboard.modules.train.train_head.TrainHead'>.
2026-09-04 00:57:29,079	INFO head.py:332 -- Loaded 9 subprocess modules: [<ray.dashboard.subprocesses.handle.SubprocessModuleHandle object at 0x7d5f407cedb0>, <ray.dashboard.subprocesses.handle.SubprocessModuleHandle object at 0x7d5f3c1b1760>, <ray.dashboard.subprocesses.handle.SubprocessModuleHandle object at 0x7d5f85db7e60>, <ray.dashboard.subprocesses.handle.SubprocessModuleHandle object at 0x7d5f74389b80>, <ray.dashboard.subprocesses.handle.SubprocessModuleHandle object at 0x7d5f37b67c20>, <ray.dashboard.subprocesses.handle.SubprocessModuleHandle object at 0x7d5f3c1f9a00>, <ray.dashboard.subprocesses.handle.SubprocessModuleHandle object at 0x7d5f37b06fc0>, <ray.dashboard.subprocesses.handle.SubprocessModuleHandle object at 0x7d5f33533650>, <ray.dashboard.subprocesses.handle.SubprocessModuleHandle object at 0x7d5f33533080>].
2026-09-04 00:57:29,609	INFO head.py:347 -- Starting dashboard metrics server on port 44227
2026-09-04 00:57:29,610	INFO head.py:477 -- Initialize the http server.
2026-09-04 00:57:29,611	INFO http_server_head.py:114 -- Setup static dir for dashboard: /usr/local/lib/python3.12/dist-packages/ray/dashboard/client/build
2026-09-04 00:57:29,614	WARNING __init__.py:160 -- DeprecationWarning: `ray.ray_constants.DASHBOARD_CLIENT_MAX_SIZE` is a private attribute and access will be removed in a future Ray version.
2026-09-04 00:57:29,637	INFO http_server_head.py:492 -- Dashboard head http address: 10.244.18.139:18265
2026-09-04 00:57:29,638	INFO http_server_head.py:499 -- <ResourceRoute [GET] <PlainResource  /usage_stats_enabled> -> <function UsageStatsHead.get_usage_stats_enabled at 0x7d5f33546480>
2026-09-04 00:57:29,638	INFO http_server_head.py:499 -- <ResourceRoute [GET] <PlainResource  /cluster_id> -> <function UsageStatsHead.get_cluster_id at 0x7d5f335465c0>
2026-09-04 00:57:29,638	INFO http_server_head.py:499 -- <ResourceRoute [GET] <PlainResource  /> -> <function HttpServerDashboardHead.get_index at 0x7d5f3355dbc0>
2026-09-04 00:57:29,638	INFO http_server_head.py:499 -- <ResourceRoute [GET] <PlainResource  /favicon.ico> -> <function HttpServerDashboardHead.get_favicon at 0x7d5f3355dd00>
2026-09-04 00:57:29,638	INFO http_server_head.py:499 -- <ResourceRoute [GET] <PlainResource  /timezone> -> <function HttpServerDashboardHead.get_timezone at 0x7d5f3355de40>
2026-09-04 00:57:29,638	INFO http_server_head.py:499 -- <ResourceRoute [GET] <PlainResource  /api/authentication_mode> -> <function HttpServerDashboardHead.get_authentication_mode at 0x7d5f3355df80>
2026-09-04 00:57:29,638	INFO http_server_head.py:499 -- <ResourceRoute [POST] <PlainResource  /api/authenticate> -> <function HttpServerDashboardHead.authenticate at 0x7d5f3355e0c0>
2026-09-04 00:57:29,638	INFO http_server_head.py:499 -- <ResourceRoute [GET] <StaticResource  /static -> PosixPath('/usr/local/lib/python3.12/dist-packages/ray/dashboard/client/build/static')> -> <bound method StaticResource._handle of <StaticResource  /static -> PosixPath('/usr/local/lib/python3.12/dist-packages/ray/dashboard/client/build/static')>>
2026-09-04 00:57:29,638	INFO http_server_head.py:499 -- <ResourceRoute [GET] <PlainResource  /api/grafana_health> -> <function SubprocessRouteTable._register_route.<locals>._wrapper.<locals>.parent_side_handler at 0x7d5f4d53b380>
2026-09-04 00:57:29,638	INFO http_server_head.py:499 -- <ResourceRoute [GET] <PlainResource  /api/prometheus_health> -> <function SubprocessRouteTable._register_route.<locals>._wrapper.<locals>.parent_side_handler at 0x7d5f4d53b4c0>
2026-09-04 00:57:29,638	INFO http_server_head.py:499 -- <ResourceRoute [GET] <DynamicResource  /api/data/datasets/{job_id}> -> <function SubprocessRouteTable._register_route.<locals>._wrapper.<locals>.parent_side_handler at 0x7d5f4d53b880>
2026-09-04 00:57:29,638	INFO http_server_head.py:499 -- <ResourceRoute [POST] <PlainResource  /report_events> -> <function SubprocessRouteTable._register_route.<locals>._wrapper.<locals>.parent_side_handler at 0x7d5f40739a80>
2026-09-04 00:57:29,638	INFO http_server_head.py:499 -- <ResourceRoute [GET] <PlainResource  /events> -> <function SubprocessRouteTable._register_route.<locals>._wrapper.<locals>.parent_side_handler at 0x7d5f40739c60>
2026-09-04 00:57:29,638	INFO http_server_head.py:499 -- <ResourceRoute [GET] <PlainResource  /api/v0/cluster_events> -> <function SubprocessRouteTable._register_route.<locals>._wrapper.<locals>.parent_side_handler at 0x7d5f40739ee0>
2026-09-04 00:57:29,638	INFO http_server_head.py:499 -- <ResourceRoute [GET] <PlainResource  /api/version> -> <function SubprocessRouteTable._register_route.<locals>._wrapper.<locals>.parent_side_handler at 0x7d5f40788040>
2026-09-04 00:57:29,638	INFO http_server_head.py:499 -- <ResourceRoute [GET] <DynamicResource  /api/packages/{protocol}/{package_name}> -> <function SubprocessRouteTable._register_route.<locals>._wrapper.<locals>.parent_side_handler at 0x7d5f40788220>
2026-09-04 00:57:29,638	INFO http_server_head.py:499 -- <ResourceRoute [PUT] <DynamicResource  /api/packages/{protocol}/{package_name}> -> <function SubprocessRouteTable._register_route.<locals>._wrapper.<locals>.parent_side_handler at 0x7d5f407884a0>
2026-09-04 00:57:29,638	INFO http_server_head.py:499 -- <ResourceRoute [POST] <PlainResource  /api/jobs/> -> <function SubprocessRouteTable._register_route.<locals>._wrapper.<locals>.parent_side_handler at 0x7d5f40788680>
2026-09-04 00:57:29,638	INFO http_server_head.py:499 -- <ResourceRoute [POST] <DynamicResource  /api/jobs/{job_or_submission_id}/stop> -> <function SubprocessRouteTable._register_route.<locals>._wrapper.<locals>.parent_side_handler at 0x7d5f407887c0>
2026-09-04 00:57:29,638	INFO http_server_head.py:499 -- <ResourceRoute [DELETE] <DynamicResource  /api/jobs/{job_or_submission_id}> -> <function SubprocessRouteTable._register_route.<locals>._wrapper.<locals>.parent_side_handler at 0x7d5f40788900>
2026-09-04 00:57:29,638	INFO http_server_head.py:499 -- <ResourceRoute [GET] <DynamicResource  /api/jobs/{job_or_submission_id}> -> <function SubprocessRouteTable._register_route.<locals>._wrapper.<locals>.parent_side_handler at 0x7d5f40788a40>
2026-09-04 00:57:29,638	INFO http_server_head.py:499 -- <ResourceRoute [GET] <PlainResource  /api/jobs/> -> <function SubprocessRouteTable._register_route.<locals>._wrapper.<locals>.parent_side_handler at 0x7d5f40788b80>
2026-09-04 00:57:29,638	INFO http_server_head.py:499 -- <ResourceRoute [GET] <DynamicResource  /api/jobs/{job_or_submission_id}/logs> -> <function SubprocessRouteTable._register_route.<locals>._wrapper.<locals>.parent_side_handler at 0x7d5f40788cc0>
2026-09-04 00:57:29,638	INFO http_server_head.py:499 -- <ResourceRoute [GET] <DynamicResource  /api/jobs/{job_or_submission_id}/logs/tail> -> <function SubprocessRouteTable._register_route.<locals>._wrapper.<locals>.parent_side_handler at 0x7d5f40788e00>
2026-09-04 00:57:29,638	INFO http_server_head.py:499 -- <ResourceRoute [GET] <PlainResource  /api/component_activities> -> <function SubprocessRouteTable._register_route.<locals>._wrapper.<locals>.parent_side_handler at 0x7d5f40788fe0>
2026-09-04 00:57:29,638	INFO http_server_head.py:499 -- <ResourceRoute [GET] <PlainResource  /nodes> -> <function SubprocessRouteTable._register_route.<locals>._wrapper.<locals>.parent_side_handler at 0x7d5f3c142de0>
2026-09-04 00:57:29,638	INFO http_server_head.py:499 -- <ResourceRoute [GET] <DynamicResource  /nodes/{node_id}> -> <function SubprocessRouteTable._register_route.<locals>._wrapper.<locals>.parent_side_handler at 0x7d5f3c142fc0>
2026-09-04 00:57:29,638	INFO http_server_head.py:499 -- <ResourceRoute [GET] <PlainResource  /logical/actors> -> <function SubprocessRouteTable._register_route.<locals>._wrapper.<locals>.parent_side_handler at 0x7d5f3c1436a0>
2026-09-04 00:57:29,638	INFO http_server_head.py:499 -- <ResourceRoute [GET] <DynamicResource  /logical/actors/{actor_id}> -> <function SubprocessRouteTable._register_route.<locals>._wrapper.<locals>.parent_side_handler at 0x7d5f3c143880>
2026-09-04 00:57:29,638	INFO http_server_head.py:499 -- <ResourceRoute [GET] <PlainResource  /test/dump> -> <function SubprocessRouteTable._register_route.<locals>._wrapper.<locals>.parent_side_handler at 0x7d5f3c143a60>
2026-09-04 00:57:29,638	INFO http_server_head.py:499 -- <ResourceRoute [GET] <PlainResource  /api/profiling_enabled> -> <function SubprocessRouteTable._register_route.<locals>._wrapper.<locals>.parent_side_handler at 0x7d5f33520c20>
2026-09-04 00:57:29,638	INFO http_server_head.py:499 -- <ResourceRoute [GET] <PlainResource  /api/v0/cluster_metadata> -> <function SubprocessRouteTable._register_route.<locals>._wrapper.<locals>.parent_side_handler at 0x7d5f33520d60>
2026-09-04 00:57:29,638	INFO http_server_head.py:499 -- <ResourceRoute [GET] <PlainResource  /api/cluster_status> -> <function SubprocessRouteTable._register_route.<locals>._wrapper.<locals>.parent_side_handler at 0x7d5f33520ea0>
2026-09-04 00:57:29,638	INFO http_server_head.py:499 -- <ResourceRoute [GET] <PlainResource  /task/traceback> -> <function SubprocessRouteTable._register_route.<locals>._wrapper.<locals>.parent_side_handler at 0x7d5f33521120>
2026-09-04 00:57:29,638	INFO http_server_head.py:499 -- <ResourceRoute [GET] <PlainResource  /task/cpu_profile> -> <function SubprocessRouteTable._register_route.<locals>._wrapper.<locals>.parent_side_handler at 0x7d5f33521260>
2026-09-04 00:57:29,638	INFO http_server_head.py:499 -- <ResourceRoute [GET] <PlainResource  /worker/traceback> -> <function SubprocessRouteTable._register_route.<locals>._wrapper.<locals>.parent_side_handler at 0x7d5f335213a0>
2026-09-04 00:57:29,638	INFO http_server_head.py:499 -- <ResourceRoute [GET] <PlainResource  /worker/cpu_profile> -> <function SubprocessRouteTable._register_route.<locals>._wrapper.<locals>.parent_side_handler at 0x7d5f335214e0>
2026-09-04 00:57:29,638	INFO http_server_head.py:499 -- <ResourceRoute [GET] <PlainResource  /worker/gpu_profile> -> <function SubprocessRouteTable._register_route.<locals>._wrapper.<locals>.parent_side_handler at 0x7d5f33521620>
2026-09-04 00:57:29,638	INFO http_server_head.py:499 -- <ResourceRoute [GET] <PlainResource  /worker/jax_profile> -> <function SubprocessRouteTable._register_route.<locals>._wrapper.<locals>.parent_side_handler at 0x7d5f33521760>
2026-09-04 00:57:29,638	INFO http_server_head.py:499 -- <ResourceRoute [GET] <PlainResource  /memory_profile> -> <function SubprocessRouteTable._register_route.<locals>._wrapper.<locals>.parent_side_handler at 0x7d5f335218a0>
2026-09-04 00:57:29,638	INFO http_server_head.py:499 -- <ResourceRoute [GET] <PlainResource  /api/gcs_healthz> -> <function SubprocessRouteTable._register_route.<locals>._wrapper.<locals>.parent_side_handler at 0x7d5f335219e0>
2026-09-04 00:57:29,638	INFO http_server_head.py:499 -- <ResourceRoute [GET] <PlainResource  /api/prometheus/sd> -> <function SubprocessRouteTable._register_route.<locals>._wrapper.<locals>.parent_side_handler at 0x7d5f33521b20>
2026-09-04 00:57:29,638	INFO http_server_head.py:499 -- <ResourceRoute [GET] <PlainResource  /api/ray/version> -> <function SubprocessRouteTable._register_route.<locals>._wrapper.<locals>.parent_side_handler at 0x7d5f33522660>
2026-09-04 00:57:29,639	INFO http_server_head.py:499 -- <ResourceRoute [GET] <PlainResource  /api/serve/applications/> -> <function SubprocessRouteTable._register_route.<locals>._wrapper.<locals>.parent_side_handler at 0x7d5f33522700>
2026-09-04 00:57:29,639	INFO http_server_head.py:499 -- <ResourceRoute [DELETE] <PlainResource  /api/serve/applications/> -> <function SubprocessRouteTable._register_route.<locals>._wrapper.<locals>.parent_side_handler at 0x7d5f33522980>
2026-09-04 00:57:29,639	INFO http_server_head.py:499 -- <ResourceRoute [PUT] <PlainResource  /api/serve/applications/> -> <function SubprocessRouteTable._register_route.<locals>._wrapper.<locals>.parent_side_handler at 0x7d5f33522b60>
2026-09-04 00:57:29,639	INFO http_server_head.py:499 -- <ResourceRoute [POST] <DynamicResource  /api/v1/applications/{application_name}/deployments/{deployment_name}/scale> -> <function SubprocessRouteTable._register_route.<locals>._wrapper.<locals>.parent_side_handler at 0x7d5f33522e80>
2026-09-04 00:57:29,639	INFO http_server_head.py:499 -- <ResourceRoute [GET] <PlainResource  /api/v0/actors> -> <function SubprocessRouteTable._register_route.<locals>._wrapper.<locals>.parent_side_handler at 0x7d5f335237e0>
2026-09-04 00:57:29,639	INFO http_server_head.py:499 -- <ResourceRoute [GET] <PlainResource  /api/v0/jobs> -> <function SubprocessRouteTable._register_route.<locals>._wrapper.<locals>.parent_side_handler at 0x7d5f335239c0>
2026-09-04 00:57:29,639	INFO http_server_head.py:499 -- <ResourceRoute [GET] <PlainResource  /api/v0/nodes> -> <function SubprocessRouteTable._register_route.<locals>._wrapper.<locals>.parent_side_handler at 0x7d5f33523ba0>
2026-09-04 00:57:29,639	INFO http_server_head.py:499 -- <ResourceRoute [GET] <PlainResource  /api/v0/placement_groups> -> <function SubprocessRouteTable._register_route.<locals>._wrapper.<locals>.parent_side_handler at 0x7d5f33523d80>
2026-09-04 00:57:29,639	INFO http_server_head.py:499 -- <ResourceRoute [GET] <PlainResource  /api/v0/workers> -> <function SubprocessRouteTable._register_route.<locals>._wrapper.<locals>.parent_side_handler at 0x7d5f33523f60>
2026-09-04 00:57:29,639	INFO http_server_head.py:499 -- <ResourceRoute [GET] <PlainResource  /api/v0/tasks> -> <function SubprocessRouteTable._register_route.<locals>._wrapper.<locals>.parent_side_handler at 0x7d5f3352c180>
2026-09-04 00:57:29,639	INFO http_server_head.py:499 -- <ResourceRoute [GET] <PlainResource  /api/v0/objects> -> <function SubprocessRouteTable._register_route.<locals>._wrapper.<locals>.parent_side_handler at 0x7d5f3352c360>
2026-09-04 00:57:29,639	INFO http_server_head.py:499 -- <ResourceRoute [GET] <PlainResource  /api/v0/runtime_envs> -> <function SubprocessRouteTable._register_route.<locals>._wrapper.<locals>.parent_side_handler at 0x7d5f3352c540>
2026-09-04 00:57:29,639	INFO http_server_head.py:499 -- <ResourceRoute [GET] <PlainResource  /api/v0/logs> -> <function SubprocessRouteTable._register_route.<locals>._wrapper.<locals>.parent_side_handler at 0x7d5f3352c720>
2026-09-04 00:57:29,639	INFO http_server_head.py:499 -- <ResourceRoute [GET] <DynamicResource  /api/v0/logs/{media_type}> -> <function SubprocessRouteTable._register_route.<locals>._wrapper.<locals>.parent_side_handler at 0x7d5f3352c900>
2026-09-04 00:57:29,639	INFO http_server_head.py:499 -- <ResourceRoute [GET] <PlainResource  /api/v0/tasks/summarize> -> <function SubprocessRouteTable._register_route.<locals>._wrapper.<locals>.parent_side_handler at 0x7d5f3352cae0>
2026-09-04 00:57:29,639	INFO http_server_head.py:499 -- <ResourceRoute [GET] <PlainResource  /api/v0/actors/summarize> -> <function SubprocessRouteTable._register_route.<locals>._wrapper.<locals>.parent_side_handler at 0x7d5f3352ccc0>
2026-09-04 00:57:29,639	INFO http_server_head.py:499 -- <ResourceRoute [GET] <PlainResource  /api/v0/objects/summarize> -> <function SubprocessRouteTable._register_route.<locals>._wrapper.<locals>.parent_side_handler at 0x7d5f3352cea0>
2026-09-04 00:57:29,639	INFO http_server_head.py:499 -- <ResourceRoute [GET] <PlainResource  /api/v0/tasks/timeline> -> <function SubprocessRouteTable._register_route.<locals>._wrapper.<locals>.parent_side_handler at 0x7d5f3352d080>
2026-09-04 00:57:29,639	INFO http_server_head.py:499 -- <ResourceRoute [GET] <DynamicResource  /api/v0/delay/{delay_s}> -> <function SubprocessRouteTable._register_route.<locals>._wrapper.<locals>.parent_side_handler at 0x7d5f3352d1c0>
2026-09-04 00:57:29,639	INFO http_server_head.py:499 -- <ResourceRoute [GET] <PlainResource  /api/train/v2/runs/v1> -> <function SubprocessRouteTable._register_route.<locals>._wrapper.<locals>.parent_side_handler at 0x7d5f335456c0>
2026-09-04 00:57:29,639	INFO http_server_head.py:499 -- <ResourceRoute [GET] <PlainResource  /api/train/v2/runs> -> <function SubprocessRouteTable._register_route.<locals>._wrapper.<locals>.parent_side_handler at 0x7d5f33545b20>
2026-09-04 00:57:29,639	INFO http_server_head.py:500 -- Registered 64 routes.
2026-09-04 00:57:29,639	INFO head.py:482 -- http server initialized at 10.244.18.139:18265
2026-09-04 00:57:29,760	INFO usage_stats_head.py:200 -- Usage reporting is disabled.
