[2026-09-04 00:58:08,994 I 1525 1525] core_worker_process.cc:868: Constructing CoreWorkerProcess. pid: 1525
[2026-09-04 00:58:08,998 I 1525 1525] event.cc:499: Ray Event initialized for CORE_WORKER
[2026-09-04 00:58:08,999 I 1525 1525] event.cc:499: Ray Event initialized for EXPORT_TASK
[2026-09-04 00:58:08,999 I 1525 1525] event.cc:332: Set ray event level to warning
[2026-09-04 00:58:09,001 I 1525 1525] grpc_server.cc:144: worker server started, listening on port 20013.
[2026-09-04 00:58:09,001 I 1525 1525] core_worker_process.cc:299: Initializing worker at address: 10.244.18.139:20013 worker_id=9896af4b04f1f1df6c81e9ec593439fb3aeb54dab3b027363eea5cef node_id=11215b0011fac4845f8eecab7d85f57fc12c4efc1ad3dce06ebdc204
[2026-09-04 00:58:09,002 I 1525 1525] task_event_buffer.cc:535: Reporting task events to GCS every 1000ms.
[2026-09-04 00:58:09,002 I 1525 1525] core_worker.cc:568: Adjusted worker niceness to 15
[2026-09-04 00:58:09,002 I 1525 2287] core_worker.cc:498: Event stats:


Global stats: 11 total (9 active)
Queueing time: mean = 0.00ms, max = 0.01ms, min = 0.00ms, total = 0.01ms
Execution time:  mean = 0.00ms, total = 0.02ms
Event stats:
	PeriodicalRunner.RunFnPeriodically - 8 total (6 active, 1 running), Execution time: mean = 0.00ms, total = 0.02ms, Queueing time: mean = 0.00ms, max = 0.01ms, min = 0.00ms, total = 0.01ms
	ray::rpc::WorkerInfoGcsService.grpc_client.AddWorkerInfo - 1 total (1 active), Execution time: mean = 0.00ms, total = 0.00ms, Queueing time: mean = 0.00ms, max = -0.00ms, min = 9223372036854.78ms, total = 0.00ms
	CoreWorker.ExitIfParentRayletDies - 1 total (1 active), Execution time: mean = 0.00ms, total = 0.00ms, Queueing time: mean = 0.00ms, max = -0.00ms, min = 9223372036854.78ms, total = 0.00ms
	Publisher.CheckDeadSubscribers - 1 total (1 active), Execution time: mean = 0.00ms, total = 0.00ms, Queueing time: mean = 0.00ms, max = -0.00ms, min = 9223372036854.78ms, total = 0.00ms

-----------------
Task execution event stats:

Global stats: 0 total (0 active)
Queueing time: mean = -nanms, max = -0.00ms, min = 9223372036854.78ms, total = 0.00ms
Execution time:  mean = -nanms, total = 0.00ms
Event stats:

-----------------
Task Event stats:

IO Service Stats:

Global stats: 2 total (1 active)
Queueing time: mean = 0.00ms, max = 0.01ms, min = 0.01ms, total = 0.01ms
Execution time:  mean = 0.02ms, total = 0.03ms
Event stats:
	PeriodicalRunner.RunFnPeriodically - 1 total (0 active), Execution time: mean = 0.03ms, total = 0.03ms, Queueing time: mean = 0.01ms, max = 0.01ms, min = 0.01ms, total = 0.01ms
	CoreWorker.deadline_timer.flush_task_events - 1 total (1 active), Execution time: mean = 0.00ms, total = 0.00ms, Queueing time: mean = 0.00ms, max = -0.00ms, min = 9223372036854.78ms, total = 0.00ms
Other Stats:
	gcs_grpc_in_progress:0
	event_aggregator_grpc_in_progress:0
	current number of task status events in buffer: 0
	current number of profile events in buffer: 0
	current number of dropped task attempts tracked: 0
	total task events sent: 0 MiB
	total number of task attempts sent: 0
	total number of task attempts dropped reported: 0
	total number of sent failure: 0
	num status task events dropped: 0
	num profile task events dropped: 0
	num ray task events reported to aggregator: 0
	num ray task events failed to report to aggregator: 0
	num of task attempts dropped reported to aggregator: 0
	num of failed requests to aggregator: 0

[2026-09-04 00:59:09,003 I 1525 2287] core_worker.cc:498: Event stats:


Global stats: 818 total (8 active)
Queueing time: mean = 0.02ms, max = 1.13ms, min = 0.00ms, total = 17.83ms
Execution time:  mean = 0.01ms, total = 4.26ms
Event stats:
	CoreWorker.RecoverObjects - 600 total (1 active), Execution time: mean = 0.00ms, total = 1.11ms, Queueing time: mean = 0.02ms, max = 0.07ms, min = 0.00ms, total = 9.63ms
	CoreWorker.InternalHeartbeat - 60 total (1 active), Execution time: mean = 0.00ms, total = 0.14ms, Queueing time: mean = 0.01ms, max = 0.03ms, min = 0.00ms, total = 0.35ms
	CoreWorker.ReportWorkerBacklog - 60 total (1 active), Execution time: mean = 0.00ms, total = 0.17ms, Queueing time: mean = 0.01ms, max = 0.03ms, min = 0.00ms, total = 0.33ms
	CoreWorker.ExitIfParentRayletDies - 60 total (1 active), Execution time: mean = 0.01ms, total = 0.35ms, Queueing time: mean = 0.01ms, max = 0.06ms, min = 0.00ms, total = 0.85ms
	CoreWorker.RecordMetrics - 12 total (1 active), Execution time: mean = 0.02ms, total = 0.21ms, Queueing time: mean = 0.00ms, max = 0.01ms, min = 0.00ms, total = 0.04ms
	PeriodicalRunner.RunFnPeriodically - 8 total (0 active), Execution time: mean = 0.14ms, total = 1.15ms, Queueing time: mean = 0.71ms, max = 1.13ms, min = 0.00ms, total = 5.65ms
	CoreWorker.TryDelPendingObjectRefStreams - 6 total (1 active), Execution time: mean = 0.00ms, total = 0.01ms, Queueing time: mean = 0.00ms, max = 0.01ms, min = 0.00ms, total = 0.03ms
	CoreWorkerService.grpc_server.GetCoreWorkerStats - 4 total (0 active), Execution time: mean = 0.15ms, total = 0.59ms, Queueing time: mean = 0.00ms, max = -0.00ms, min = 9223372036854.78ms, total = 0.00ms
	CoreWorkerService.grpc_server.GetCoreWorkerStats.HandleRequestImpl - 4 total (0 active), Execution time: mean = 0.05ms, total = 0.20ms, Queueing time: mean = 0.01ms, max = 0.02ms, min = 0.01ms, total = 0.06ms
	ray::rpc::WorkerInfoGcsService.grpc_client.AddWorkerInfo - 1 total (0 active), Execution time: mean = 0.31ms, total = 0.31ms, Queueing time: mean = 0.00ms, max = -0.00ms, min = 9223372036854.78ms, total = 0.00ms
	Publisher.CheckDeadSubscribers - 1 total (1 active), Execution time: mean = 0.00ms, total = 0.00ms, Queueing time: mean = 0.00ms, max = -0.00ms, min = 9223372036854.78ms, total = 0.00ms
	ray::rpc::WorkerInfoGcsService.grpc_client.AddWorkerInfo.OnReplyReceived - 1 total (0 active), Execution time: mean = 0.02ms, total = 0.02ms, Queueing time: mean = 0.90ms, max = 0.90ms, min = 0.90ms, total = 0.90ms
	CoreWorker.PrintEventStats - 1 total (1 active, 1 running), Execution time: mean = 0.00ms, total = 0.00ms, Queueing time: mean = 0.00ms, max = -0.00ms, min = 9223372036854.78ms, total = 0.00ms

-----------------
Task execution event stats:

Global stats: 5992 total (1 active)
Queueing time: mean = 0.01ms, max = 0.07ms, min = 0.00ms, total = 87.26ms
Execution time:  mean = 0.00ms, total = 12.12ms
Event stats:
	CoreWorker.CheckSignal - 5991 total (1 active), Execution time: mean = 0.00ms, total = 12.11ms, Queueing time: mean = 0.01ms, max = 0.07ms, min = 0.00ms, total = 87.26ms
	PeriodicalRunner.RunFnPeriodically - 1 total (0 active), Execution time: mean = 0.01ms, total = 0.01ms, Queueing time: mean = 0.00ms, max = 0.00ms, min = 0.00ms, total = 0.00ms

-----------------
Task Event stats:

IO Service Stats:

Global stats: 61 total (1 active)
Queueing time: mean = 0.02ms, max = 0.05ms, min = 0.01ms, total = 1.49ms
Execution time:  mean = 0.01ms, total = 0.64ms
Event stats:
	CoreWorker.deadline_timer.flush_task_events - 60 total (1 active), Execution time: mean = 0.01ms, total = 0.61ms, Queueing time: mean = 0.02ms, max = 0.05ms, min = 0.01ms, total = 1.48ms
	PeriodicalRunner.RunFnPeriodically - 1 total (0 active), Execution time: mean = 0.03ms, total = 0.03ms, Queueing time: mean = 0.01ms, max = 0.01ms, min = 0.01ms, total = 0.01ms
Other Stats:
	gcs_grpc_in_progress:0
	event_aggregator_grpc_in_progress:0
	current number of task status events in buffer: 0
	current number of profile events in buffer: 0
	current number of dropped task attempts tracked: 0
	total task events sent: 0 MiB
	total number of task attempts sent: 0
	total number of task attempts dropped reported: 0
	total number of sent failure: 0
	num status task events dropped: 0
	num profile task events dropped: 0
	num ray task events reported to aggregator: 0
	num ray task events failed to report to aggregator: 0
	num of task attempts dropped reported to aggregator: 0
	num of failed requests to aggregator: 0

[2026-09-04 01:00:09,004 I 1525 2287] core_worker.cc:498: Event stats:


Global stats: 1625 total (8 active)
Queueing time: mean = 0.02ms, max = 1.13ms, min = -0.01ms, total = 31.00ms
Execution time:  mean = 0.00ms, total = 7.76ms
Event stats:
	CoreWorker.RecoverObjects - 1200 total (1 active), Execution time: mean = 0.00ms, total = 2.28ms, Queueing time: mean = 0.02ms, max = 0.07ms, min = -0.01ms, total = 18.82ms
	CoreWorker.InternalHeartbeat - 120 total (1 active), Execution time: mean = 0.00ms, total = 0.31ms, Queueing time: mean = 0.01ms, max = 0.05ms, min = 0.00ms, total = 1.38ms
	CoreWorker.ReportWorkerBacklog - 120 total (1 active), Execution time: mean = 0.00ms, total = 0.39ms, Queueing time: mean = 0.01ms, max = 0.05ms, min = 0.00ms, total = 1.30ms
	CoreWorker.ExitIfParentRayletDies - 120 total (1 active), Execution time: mean = 0.01ms, total = 0.79ms, Queueing time: mean = 0.02ms, max = 0.34ms, min = 0.00ms, total = 2.04ms
	CoreWorker.RecordMetrics - 24 total (1 active), Execution time: mean = 0.02ms, total = 0.49ms, Queueing time: mean = 0.01ms, max = 0.14ms, min = 0.00ms, total = 0.31ms
	CoreWorker.TryDelPendingObjectRefStreams - 12 total (1 active), Execution time: mean = 0.00ms, total = 0.02ms, Queueing time: mean = 0.04ms, max = 0.34ms, min = 0.00ms, total = 0.43ms
	CoreWorkerService.grpc_server.GetCoreWorkerStats - 8 total (0 active), Execution time: mean = 0.17ms, total = 1.34ms, Queueing time: mean = 0.00ms, max = -0.00ms, min = 9223372036854.78ms, total = 0.00ms
	CoreWorkerService.grpc_server.GetCoreWorkerStats.HandleRequestImpl - 8 total (0 active), Execution time: mean = 0.04ms, total = 0.31ms, Queueing time: mean = 0.02ms, max = 0.02ms, min = 0.01ms, total = 0.13ms
	PeriodicalRunner.RunFnPeriodically - 8 total (0 active), Execution time: mean = 0.14ms, total = 1.15ms, Queueing time: mean = 0.71ms, max = 1.13ms, min = 0.00ms, total = 5.65ms
	CoreWorker.PrintEventStats - 2 total (1 active, 1 running), Execution time: mean = 0.17ms, total = 0.35ms, Queueing time: mean = 0.02ms, max = 0.04ms, min = 0.04ms, total = 0.04ms
	ray::rpc::WorkerInfoGcsService.grpc_client.AddWorkerInfo - 1 total (0 active), Execution time: mean = 0.31ms, total = 0.31ms, Queueing time: mean = 0.00ms, max = -0.00ms, min = 9223372036854.78ms, total = 0.00ms
	Publisher.CheckDeadSubscribers - 1 total (1 active), Execution time: mean = 0.00ms, total = 0.00ms, Queueing time: mean = 0.00ms, max = -0.00ms, min = 9223372036854.78ms, total = 0.00ms
	ray::rpc::WorkerInfoGcsService.grpc_client.AddWorkerInfo.OnReplyReceived - 1 total (0 active), Execution time: mean = 0.02ms, total = 0.02ms, Queueing time: mean = 0.90ms, max = 0.90ms, min = 0.90ms, total = 0.90ms

-----------------
Task execution event stats:

Global stats: 11982 total (1 active)
Queueing time: mean = 0.01ms, max = 0.09ms, min = 0.00ms, total = 177.23ms
Execution time:  mean = 0.00ms, total = 26.66ms
Event stats:
	CoreWorker.CheckSignal - 11981 total (1 active), Execution time: mean = 0.00ms, total = 26.66ms, Queueing time: mean = 0.01ms, max = 0.09ms, min = 0.00ms, total = 177.23ms
	PeriodicalRunner.RunFnPeriodically - 1 total (0 active), Execution time: mean = 0.01ms, total = 0.01ms, Queueing time: mean = 0.00ms, max = 0.00ms, min = 0.00ms, total = 0.00ms

-----------------
Task Event stats:

IO Service Stats:

Global stats: 121 total (1 active)
Queueing time: mean = 0.02ms, max = 0.09ms, min = 0.01ms, total = 2.96ms
Execution time:  mean = 0.01ms, total = 1.27ms
Event stats:
	CoreWorker.deadline_timer.flush_task_events - 120 total (1 active), Execution time: mean = 0.01ms, total = 1.24ms, Queueing time: mean = 0.02ms, max = 0.09ms, min = 0.01ms, total = 2.95ms
	PeriodicalRunner.RunFnPeriodically - 1 total (0 active), Execution time: mean = 0.03ms, total = 0.03ms, Queueing time: mean = 0.01ms, max = 0.01ms, min = 0.01ms, total = 0.01ms
Other Stats:
	gcs_grpc_in_progress:0
	event_aggregator_grpc_in_progress:0
	current number of task status events in buffer: 0
	current number of profile events in buffer: 0
	current number of dropped task attempts tracked: 0
	total task events sent: 0 MiB
	total number of task attempts sent: 0
	total number of task attempts dropped reported: 0
	total number of sent failure: 0
	num status task events dropped: 0
	num profile task events dropped: 0
	num ray task events reported to aggregator: 0
	num ray task events failed to report to aggregator: 0
	num of task attempts dropped reported to aggregator: 0
	num of failed requests to aggregator: 0

[2026-09-04 01:01:09,004 I 1525 2287] core_worker.cc:498: Event stats:


Global stats: 2432 total (8 active)
Queueing time: mean = 0.02ms, max = 1.13ms, min = -0.01ms, total = 43.25ms
Execution time:  mean = 0.00ms, total = 10.78ms
Event stats:
	CoreWorker.RecoverObjects - 1800 total (1 active), Execution time: mean = 0.00ms, total = 3.33ms, Queueing time: mean = 0.02ms, max = 0.07ms, min = -0.01ms, total = 27.77ms
	CoreWorker.InternalHeartbeat - 180 total (1 active), Execution time: mean = 0.00ms, total = 0.48ms, Queueing time: mean = 0.01ms, max = 0.05ms, min = 0.00ms, total = 2.45ms
	CoreWorker.ReportWorkerBacklog - 180 total (1 active), Execution time: mean = 0.00ms, total = 0.59ms, Queueing time: mean = 0.01ms, max = 0.05ms, min = 0.00ms, total = 2.33ms
	CoreWorker.ExitIfParentRayletDies - 180 total (1 active), Execution time: mean = 0.01ms, total = 1.20ms, Queueing time: mean = 0.02ms, max = 0.34ms, min = 0.00ms, total = 2.87ms
	CoreWorker.RecordMetrics - 36 total (1 active), Execution time: mean = 0.02ms, total = 0.77ms, Queueing time: mean = 0.01ms, max = 0.14ms, min = 0.00ms, total = 0.39ms
	CoreWorker.TryDelPendingObjectRefStreams - 18 total (1 active), Execution time: mean = 0.00ms, total = 0.03ms, Queueing time: mean = 0.03ms, max = 0.34ms, min = 0.00ms, total = 0.62ms
	CoreWorkerService.grpc_server.GetCoreWorkerStats - 12 total (0 active), Execution time: mean = 0.17ms, total = 1.98ms, Queueing time: mean = 0.00ms, max = -0.00ms, min = 9223372036854.78ms, total = 0.00ms
	CoreWorkerService.grpc_server.GetCoreWorkerStats.HandleRequestImpl - 12 total (0 active), Execution time: mean = 0.03ms, total = 0.40ms, Queueing time: mean = 0.02ms, max = 0.02ms, min = 0.01ms, total = 0.20ms
	PeriodicalRunner.RunFnPeriodically - 8 total (0 active), Execution time: mean = 0.14ms, total = 1.15ms, Queueing time: mean = 0.71ms, max = 1.13ms, min = 0.00ms, total = 5.65ms
	CoreWorker.PrintEventStats - 3 total (1 active, 1 running), Execution time: mean = 0.17ms, total = 0.52ms, Queueing time: mean = 0.02ms, max = 0.04ms, min = 0.02ms, total = 0.06ms
	ray::rpc::WorkerInfoGcsService.grpc_client.AddWorkerInfo - 1 total (0 active), Execution time: mean = 0.31ms, total = 0.31ms, Queueing time: mean = 0.00ms, max = -0.00ms, min = 9223372036854.78ms, total = 0.00ms
	Publisher.CheckDeadSubscribers - 1 total (1 active), Execution time: mean = 0.00ms, total = 0.00ms, Queueing time: mean = 0.00ms, max = -0.00ms, min = 9223372036854.78ms, total = 0.00ms
	ray::rpc::WorkerInfoGcsService.grpc_client.AddWorkerInfo.OnReplyReceived - 1 total (0 active), Execution time: mean = 0.02ms, total = 0.02ms, Queueing time: mean = 0.90ms, max = 0.90ms, min = 0.90ms, total = 0.90ms

-----------------
Task execution event stats:

Global stats: 17974 total (1 active)
Queueing time: mean = 0.01ms, max = 1.12ms, min = -0.01ms, total = 254.02ms
Execution time:  mean = 0.00ms, total = 36.54ms
Event stats:
	CoreWorker.CheckSignal - 17973 total (1 active), Execution time: mean = 0.00ms, total = 36.54ms, Queueing time: mean = 0.01ms, max = 1.12ms, min = -0.01ms, total = 254.02ms
	PeriodicalRunner.RunFnPeriodically - 1 total (0 active), Execution time: mean = 0.01ms, total = 0.01ms, Queueing time: mean = 0.00ms, max = 0.00ms, min = 0.00ms, total = 0.00ms

-----------------
Task Event stats:

IO Service Stats:

Global stats: 181 total (1 active)
Queueing time: mean = 0.02ms, max = 0.09ms, min = 0.01ms, total = 4.44ms
Execution time:  mean = 0.01ms, total = 1.93ms
Event stats:
	CoreWorker.deadline_timer.flush_task_events - 180 total (1 active), Execution time: mean = 0.01ms, total = 1.90ms, Queueing time: mean = 0.02ms, max = 0.09ms, min = 0.01ms, total = 4.44ms
	PeriodicalRunner.RunFnPeriodically - 1 total (0 active), Execution time: mean = 0.03ms, total = 0.03ms, Queueing time: mean = 0.01ms, max = 0.01ms, min = 0.01ms, total = 0.01ms
Other Stats:
	gcs_grpc_in_progress:0
	event_aggregator_grpc_in_progress:0
	current number of task status events in buffer: 0
	current number of profile events in buffer: 0
	current number of dropped task attempts tracked: 0
	total task events sent: 0 MiB
	total number of task attempts sent: 0
	total number of task attempts dropped reported: 0
	total number of sent failure: 0
	num status task events dropped: 0
	num profile task events dropped: 0
	num ray task events reported to aggregator: 0
	num ray task events failed to report to aggregator: 0
	num of task attempts dropped reported to aggregator: 0
	num of failed requests to aggregator: 0

[2026-09-04 01:02:09,004 I 1525 2287] core_worker.cc:498: Event stats:


Global stats: 3239 total (8 active)
Queueing time: mean = 0.02ms, max = 1.13ms, min = -0.01ms, total = 60.20ms
Execution time:  mean = 0.00ms, total = 14.15ms
Event stats:
	CoreWorker.RecoverObjects - 2400 total (1 active), Execution time: mean = 0.00ms, total = 4.79ms, Queueing time: mean = 0.02ms, max = 0.07ms, min = -0.01ms, total = 39.75ms
	CoreWorker.InternalHeartbeat - 240 total (1 active), Execution time: mean = 0.00ms, total = 0.65ms, Queueing time: mean = 0.02ms, max = 0.06ms, min = 0.00ms, total = 4.01ms
	CoreWorker.ReportWorkerBacklog - 240 total (1 active), Execution time: mean = 0.00ms, total = 0.80ms, Queueing time: mean = 0.02ms, max = 0.06ms, min = 0.00ms, total = 3.85ms
	CoreWorker.ExitIfParentRayletDies - 240 total (1 active), Execution time: mean = 0.01ms, total = 1.56ms, Queueing time: mean = 0.02ms, max = 0.34ms, min = 0.00ms, total = 4.26ms
	CoreWorker.RecordMetrics - 48 total (1 active), Execution time: mean = 0.02ms, total = 1.05ms, Queueing time: mean = 0.01ms, max = 0.14ms, min = 0.00ms, total = 0.57ms
	CoreWorker.TryDelPendingObjectRefStreams - 24 total (1 active), Execution time: mean = 0.00ms, total = 0.05ms, Queueing time: mean = 0.04ms, max = 0.34ms, min = 0.00ms, total = 0.88ms
	CoreWorkerService.grpc_server.GetCoreWorkerStats - 16 total (0 active), Execution time: mean = 0.16ms, total = 2.58ms, Queueing time: mean = 0.00ms, max = -0.00ms, min = 9223372036854.78ms, total = 0.00ms
	CoreWorkerService.grpc_server.GetCoreWorkerStats.HandleRequestImpl - 16 total (0 active), Execution time: mean = 0.03ms, total = 0.47ms, Queueing time: mean = 0.02ms, max = 0.02ms, min = 0.01ms, total = 0.26ms
	PeriodicalRunner.RunFnPeriodically - 8 total (0 active), Execution time: mean = 0.14ms, total = 1.15ms, Queueing time: mean = 0.71ms, max = 1.13ms, min = 0.00ms, total = 5.65ms
	CoreWorker.PrintEventStats - 4 total (1 active, 1 running), Execution time: mean = 0.18ms, total = 0.70ms, Queueing time: mean = 0.02ms, max = 0.04ms, min = 0.02ms, total = 0.07ms
	ray::rpc::WorkerInfoGcsService.grpc_client.AddWorkerInfo - 1 total (0 active), Execution time: mean = 0.31ms, total = 0.31ms, Queueing time: mean = 0.00ms, max = -0.00ms, min = 9223372036854.78ms, total = 0.00ms
	Publisher.CheckDeadSubscribers - 1 total (1 active), Execution time: mean = 0.00ms, total = 0.00ms, Queueing time: mean = 0.00ms, max = -0.00ms, min = 9223372036854.78ms, total = 0.00ms
	ray::rpc::WorkerInfoGcsService.grpc_client.AddWorkerInfo.OnReplyReceived - 1 total (0 active), Execution time: mean = 0.02ms, total = 0.02ms, Queueing time: mean = 0.90ms, max = 0.90ms, min = 0.90ms, total = 0.90ms

-----------------
Task execution event stats:

Global stats: 23960 total (1 active)
Queueing time: mean = 0.02ms, max = 1.12ms, min = -0.01ms, total = 379.28ms
Execution time:  mean = 0.00ms, total = 54.28ms
Event stats:
	CoreWorker.CheckSignal - 23959 total (1 active), Execution time: mean = 0.00ms, total = 54.27ms, Queueing time: mean = 0.02ms, max = 1.12ms, min = -0.01ms, total = 379.28ms
	PeriodicalRunner.RunFnPeriodically - 1 total (0 active), Execution time: mean = 0.01ms, total = 0.01ms, Queueing time: mean = 0.00ms, max = 0.00ms, min = 0.00ms, total = 0.00ms

-----------------
Task Event stats:

IO Service Stats:

Global stats: 241 total (1 active)
Queueing time: mean = 0.03ms, max = 0.09ms, min = 0.01ms, total = 6.25ms
Execution time:  mean = 0.01ms, total = 2.60ms
Event stats:
	CoreWorker.deadline_timer.flush_task_events - 240 total (1 active), Execution time: mean = 0.01ms, total = 2.57ms, Queueing time: mean = 0.03ms, max = 0.09ms, min = 0.01ms, total = 6.24ms
	PeriodicalRunner.RunFnPeriodically - 1 total (0 active), Execution time: mean = 0.03ms, total = 0.03ms, Queueing time: mean = 0.01ms, max = 0.01ms, min = 0.01ms, total = 0.01ms
Other Stats:
	gcs_grpc_in_progress:0
	event_aggregator_grpc_in_progress:0
	current number of task status events in buffer: 0
	current number of profile events in buffer: 0
	current number of dropped task attempts tracked: 0
	total task events sent: 0 MiB
	total number of task attempts sent: 0
	total number of task attempts dropped reported: 0
	total number of sent failure: 0
	num status task events dropped: 0
	num profile task events dropped: 0
	num ray task events reported to aggregator: 0
	num ray task events failed to report to aggregator: 0
	num of task attempts dropped reported to aggregator: 0
	num of failed requests to aggregator: 0

[2026-09-04 01:03:09,004 I 1525 2287] core_worker.cc:498: Event stats:


Global stats: 4047 total (8 active)
Queueing time: mean = 0.02ms, max = 1.13ms, min = -0.01ms, total = 75.04ms
Execution time:  mean = 0.00ms, total = 17.47ms
Event stats:
	CoreWorker.RecoverObjects - 3000 total (1 active), Execution time: mean = 0.00ms, total = 6.04ms, Queueing time: mean = 0.02ms, max = 0.11ms, min = -0.01ms, total = 50.28ms
	CoreWorker.InternalHeartbeat - 300 total (1 active), Execution time: mean = 0.00ms, total = 0.83ms, Queueing time: mean = 0.02ms, max = 0.06ms, min = 0.00ms, total = 5.31ms
	CoreWorker.ReportWorkerBacklog - 300 total (1 active), Execution time: mean = 0.00ms, total = 1.01ms, Queueing time: mean = 0.02ms, max = 0.06ms, min = 0.00ms, total = 5.11ms
	CoreWorker.ExitIfParentRayletDies - 300 total (1 active), Execution time: mean = 0.01ms, total = 1.88ms, Queueing time: mean = 0.02ms, max = 0.34ms, min = 0.00ms, total = 5.42ms
	CoreWorker.RecordMetrics - 60 total (1 active), Execution time: mean = 0.02ms, total = 1.34ms, Queueing time: mean = 0.01ms, max = 0.14ms, min = 0.00ms, total = 0.76ms
	CoreWorker.TryDelPendingObjectRefStreams - 30 total (1 active), Execution time: mean = 0.00ms, total = 0.06ms, Queueing time: mean = 0.04ms, max = 0.34ms, min = 0.00ms, total = 1.18ms
	CoreWorkerService.grpc_server.GetCoreWorkerStats - 20 total (0 active), Execution time: mean = 0.16ms, total = 3.24ms, Queueing time: mean = 0.00ms, max = -0.00ms, min = 9223372036854.78ms, total = 0.00ms
	CoreWorkerService.grpc_server.GetCoreWorkerStats.HandleRequestImpl - 20 total (0 active), Execution time: mean = 0.03ms, total = 0.56ms, Queueing time: mean = 0.02ms, max = 0.02ms, min = 0.01ms, total = 0.32ms
	PeriodicalRunner.RunFnPeriodically - 8 total (0 active), Execution time: mean = 0.14ms, total = 1.15ms, Queueing time: mean = 0.71ms, max = 1.13ms, min = 0.00ms, total = 5.65ms
	CoreWorker.PrintEventStats - 5 total (1 active, 1 running), Execution time: mean = 0.21ms, total = 1.03ms, Queueing time: mean = 0.02ms, max = 0.04ms, min = 0.02ms, total = 0.11ms
	Publisher.CheckDeadSubscribers - 2 total (1 active), Execution time: mean = 0.00ms, total = 0.00ms, Queueing time: mean = 0.01ms, max = 0.01ms, min = 0.01ms, total = 0.01ms
	ray::rpc::WorkerInfoGcsService.grpc_client.AddWorkerInfo - 1 total (0 active), Execution time: mean = 0.31ms, total = 0.31ms, Queueing time: mean = 0.00ms, max = -0.00ms, min = 9223372036854.78ms, total = 0.00ms
	ray::rpc::WorkerInfoGcsService.grpc_client.AddWorkerInfo.OnReplyReceived - 1 total (0 active), Execution time: mean = 0.02ms, total = 0.02ms, Queueing time: mean = 0.90ms, max = 0.90ms, min = 0.90ms, total = 0.90ms

-----------------
Task execution event stats:

Global stats: 29948 total (1 active)
Queueing time: mean = 0.02ms, max = 1.12ms, min = -0.02ms, total = 489.08ms
Execution time:  mean = 0.00ms, total = 68.89ms
Event stats:
	CoreWorker.CheckSignal - 29947 total (1 active), Execution time: mean = 0.00ms, total = 68.89ms, Queueing time: mean = 0.02ms, max = 1.12ms, min = -0.02ms, total = 489.08ms
	PeriodicalRunner.RunFnPeriodically - 1 total (0 active), Execution time: mean = 0.01ms, total = 0.01ms, Queueing time: mean = 0.00ms, max = 0.00ms, min = 0.00ms, total = 0.00ms

-----------------
Task Event stats:

IO Service Stats:

Global stats: 301 total (1 active)
Queueing time: mean = 0.03ms, max = 0.09ms, min = 0.01ms, total = 7.95ms
Execution time:  mean = 0.01ms, total = 3.30ms
Event stats:
	CoreWorker.deadline_timer.flush_task_events - 300 total (1 active), Execution time: mean = 0.01ms, total = 3.27ms, Queueing time: mean = 0.03ms, max = 0.09ms, min = 0.01ms, total = 7.95ms
	PeriodicalRunner.RunFnPeriodically - 1 total (0 active), Execution time: mean = 0.03ms, total = 0.03ms, Queueing time: mean = 0.01ms, max = 0.01ms, min = 0.01ms, total = 0.01ms
Other Stats:
	gcs_grpc_in_progress:0
	event_aggregator_grpc_in_progress:0
	current number of task status events in buffer: 0
	current number of profile events in buffer: 0
	current number of dropped task attempts tracked: 0
	total task events sent: 0 MiB
	total number of task attempts sent: 0
	total number of task attempts dropped reported: 0
	total number of sent failure: 0
	num status task events dropped: 0
	num profile task events dropped: 0
	num ray task events reported to aggregator: 0
	num ray task events failed to report to aggregator: 0
	num of task attempts dropped reported to aggregator: 0
	num of failed requests to aggregator: 0

[2026-09-04 01:04:09,005 I 1525 2287] core_worker.cc:498: Event stats:


Global stats: 4854 total (8 active)
Queueing time: mean = 0.02ms, max = 1.13ms, min = -0.01ms, total = 87.63ms
Execution time:  mean = 0.00ms, total = 20.57ms
Event stats:
	CoreWorker.RecoverObjects - 3600 total (1 active), Execution time: mean = 0.00ms, total = 7.28ms, Queueing time: mean = 0.02ms, max = 0.15ms, min = -0.01ms, total = 59.73ms
	CoreWorker.InternalHeartbeat - 360 total (1 active), Execution time: mean = 0.00ms, total = 0.99ms, Queueing time: mean = 0.02ms, max = 0.06ms, min = 0.00ms, total = 6.34ms
	CoreWorker.ReportWorkerBacklog - 360 total (1 active), Execution time: mean = 0.00ms, total = 1.22ms, Queueing time: mean = 0.02ms, max = 0.06ms, min = 0.00ms, total = 6.12ms
	CoreWorker.ExitIfParentRayletDies - 360 total (1 active), Execution time: mean = 0.01ms, total = 2.26ms, Queueing time: mean = 0.02ms, max = 0.34ms, min = 0.00ms, total = 6.24ms
	CoreWorker.RecordMetrics - 72 total (1 active), Execution time: mean = 0.02ms, total = 1.56ms, Queueing time: mean = 0.01ms, max = 0.14ms, min = 0.00ms, total = 0.86ms
	CoreWorker.TryDelPendingObjectRefStreams - 36 total (1 active), Execution time: mean = 0.00ms, total = 0.07ms, Queueing time: mean = 0.04ms, max = 0.34ms, min = 0.00ms, total = 1.27ms
	CoreWorkerService.grpc_server.GetCoreWorkerStats - 24 total (0 active), Execution time: mean = 0.16ms, total = 3.91ms, Queueing time: mean = 0.00ms, max = -0.00ms, min = 9223372036854.78ms, total = 0.00ms
	CoreWorkerService.grpc_server.GetCoreWorkerStats.HandleRequestImpl - 24 total (0 active), Execution time: mean = 0.03ms, total = 0.65ms, Queueing time: mean = 0.02ms, max = 0.02ms, min = 0.01ms, total = 0.39ms
	PeriodicalRunner.RunFnPeriodically - 8 total (0 active), Execution time: mean = 0.14ms, total = 1.15ms, Queueing time: mean = 0.71ms, max = 1.13ms, min = 0.00ms, total = 5.65ms
	CoreWorker.PrintEventStats - 6 total (1 active, 1 running), Execution time: mean = 0.19ms, total = 1.16ms, Queueing time: mean = 0.02ms, max = 0.04ms, min = 0.00ms, total = 0.11ms
	Publisher.CheckDeadSubscribers - 2 total (1 active), Execution time: mean = 0.00ms, total = 0.00ms, Queueing time: mean = 0.01ms, max = 0.01ms, min = 0.01ms, total = 0.01ms
	ray::rpc::WorkerInfoGcsService.grpc_client.AddWorkerInfo - 1 total (0 active), Execution time: mean = 0.31ms, total = 0.31ms, Queueing time: mean = 0.00ms, max = -0.00ms, min = 9223372036854.78ms, total = 0.00ms
	ray::rpc::WorkerInfoGcsService.grpc_client.AddWorkerInfo.OnReplyReceived - 1 total (0 active), Execution time: mean = 0.02ms, total = 0.02ms, Queueing time: mean = 0.90ms, max = 0.90ms, min = 0.90ms, total = 0.90ms

-----------------
Task execution event stats:

Global stats: 35940 total (1 active)
Queueing time: mean = 0.02ms, max = 1.12ms, min = -0.02ms, total = 563.37ms
Execution time:  mean = 0.00ms, total = 77.80ms
Event stats:
	CoreWorker.CheckSignal - 35939 total (1 active), Execution time: mean = 0.00ms, total = 77.79ms, Queueing time: mean = 0.02ms, max = 1.12ms, min = -0.02ms, total = 563.36ms
	PeriodicalRunner.RunFnPeriodically - 1 total (0 active), Execution time: mean = 0.01ms, total = 0.01ms, Queueing time: mean = 0.00ms, max = 0.00ms, min = 0.00ms, total = 0.00ms

-----------------
Task Event stats:

IO Service Stats:

Global stats: 361 total (1 active)
Queueing time: mean = 0.03ms, max = 0.09ms, min = 0.01ms, total = 9.46ms
Execution time:  mean = 0.01ms, total = 3.95ms
Event stats:
	CoreWorker.deadline_timer.flush_task_events - 360 total (1 active), Execution time: mean = 0.01ms, total = 3.92ms, Queueing time: mean = 0.03ms, max = 0.09ms, min = 0.01ms, total = 9.46ms
	PeriodicalRunner.RunFnPeriodically - 1 total (0 active), Execution time: mean = 0.03ms, total = 0.03ms, Queueing time: mean = 0.01ms, max = 0.01ms, min = 0.01ms, total = 0.01ms
Other Stats:
	gcs_grpc_in_progress:0
	event_aggregator_grpc_in_progress:0
	current number of task status events in buffer: 0
	current number of profile events in buffer: 0
	current number of dropped task attempts tracked: 0
	total task events sent: 0 MiB
	total number of task attempts sent: 0
	total number of task attempts dropped reported: 0
	total number of sent failure: 0
	num status task events dropped: 0
	num profile task events dropped: 0
	num ray task events reported to aggregator: 0
	num ray task events failed to report to aggregator: 0
	num of task attempts dropped reported to aggregator: 0
	num of failed requests to aggregator: 0

[2026-09-04 01:05:09,005 I 1525 2287] core_worker.cc:498: Event stats:


Global stats: 5661 total (8 active)
Queueing time: mean = 0.02ms, max = 1.13ms, min = -0.01ms, total = 101.19ms
Execution time:  mean = 0.00ms, total = 23.65ms
Event stats:
	CoreWorker.RecoverObjects - 4200 total (1 active), Execution time: mean = 0.00ms, total = 8.60ms, Queueing time: mean = 0.02ms, max = 0.30ms, min = -0.01ms, total = 70.00ms
	CoreWorker.InternalHeartbeat - 420 total (1 active), Execution time: mean = 0.00ms, total = 1.15ms, Queueing time: mean = 0.02ms, max = 0.06ms, min = 0.00ms, total = 7.38ms
	CoreWorker.ReportWorkerBacklog - 420 total (1 active), Execution time: mean = 0.00ms, total = 1.40ms, Queueing time: mean = 0.02ms, max = 0.06ms, min = 0.00ms, total = 7.13ms
	CoreWorker.ExitIfParentRayletDies - 420 total (1 active), Execution time: mean = 0.01ms, total = 2.59ms, Queueing time: mean = 0.02ms, max = 0.34ms, min = 0.00ms, total = 7.11ms
	CoreWorker.RecordMetrics - 84 total (1 active), Execution time: mean = 0.02ms, total = 1.78ms, Queueing time: mean = 0.01ms, max = 0.14ms, min = 0.00ms, total = 0.98ms
	CoreWorker.TryDelPendingObjectRefStreams - 42 total (1 active), Execution time: mean = 0.00ms, total = 0.08ms, Queueing time: mean = 0.03ms, max = 0.34ms, min = 0.00ms, total = 1.44ms
	CoreWorkerService.grpc_server.GetCoreWorkerStats - 28 total (0 active), Execution time: mean = 0.16ms, total = 4.49ms, Queueing time: mean = 0.00ms, max = -0.00ms, min = 9223372036854.78ms, total = 0.00ms
	CoreWorkerService.grpc_server.GetCoreWorkerStats.HandleRequestImpl - 28 total (0 active), Execution time: mean = 0.03ms, total = 0.75ms, Queueing time: mean = 0.02ms, max = 0.03ms, min = 0.01ms, total = 0.46ms
	PeriodicalRunner.RunFnPeriodically - 8 total (0 active), Execution time: mean = 0.14ms, total = 1.15ms, Queueing time: mean = 0.71ms, max = 1.13ms, min = 0.00ms, total = 5.65ms
	CoreWorker.PrintEventStats - 7 total (1 active, 1 running), Execution time: mean = 0.19ms, total = 1.33ms, Queueing time: mean = 0.02ms, max = 0.04ms, min = 0.00ms, total = 0.13ms
	Publisher.CheckDeadSubscribers - 2 total (1 active), Execution time: mean = 0.00ms, total = 0.00ms, Queueing time: mean = 0.01ms, max = 0.01ms, min = 0.01ms, total = 0.01ms
	ray::rpc::WorkerInfoGcsService.grpc_client.AddWorkerInfo - 1 total (0 active), Execution time: mean = 0.31ms, total = 0.31ms, Queueing time: mean = 0.00ms, max = -0.00ms, min = 9223372036854.78ms, total = 0.00ms
	ray::rpc::WorkerInfoGcsService.grpc_client.AddWorkerInfo.OnReplyReceived - 1 total (0 active), Execution time: mean = 0.02ms, total = 0.02ms, Queueing time: mean = 0.90ms, max = 0.90ms, min = 0.90ms, total = 0.90ms

-----------------
Task execution event stats:

Global stats: 41933 total (1 active)
Queueing time: mean = 0.02ms, max = 1.12ms, min = -0.02ms, total = 629.09ms
Execution time:  mean = 0.00ms, total = 87.25ms
Event stats:
	CoreWorker.CheckSignal - 41932 total (1 active), Execution time: mean = 0.00ms, total = 87.24ms, Queueing time: mean = 0.02ms, max = 1.12ms, min = -0.02ms, total = 629.09ms
	PeriodicalRunner.RunFnPeriodically - 1 total (0 active), Execution time: mean = 0.01ms, total = 0.01ms, Queueing time: mean = 0.00ms, max = 0.00ms, min = 0.00ms, total = 0.00ms

-----------------
Task Event stats:

IO Service Stats:

Global stats: 421 total (1 active)
Queueing time: mean = 0.03ms, max = 0.09ms, min = 0.01ms, total = 10.96ms
Execution time:  mean = 0.01ms, total = 4.57ms
Event stats:
	CoreWorker.deadline_timer.flush_task_events - 420 total (1 active), Execution time: mean = 0.01ms, total = 4.54ms, Queueing time: mean = 0.03ms, max = 0.09ms, min = 0.01ms, total = 10.95ms
	PeriodicalRunner.RunFnPeriodically - 1 total (0 active), Execution time: mean = 0.03ms, total = 0.03ms, Queueing time: mean = 0.01ms, max = 0.01ms, min = 0.01ms, total = 0.01ms
Other Stats:
	gcs_grpc_in_progress:0
	event_aggregator_grpc_in_progress:0
	current number of task status events in buffer: 0
	current number of profile events in buffer: 0
	current number of dropped task attempts tracked: 0
	total task events sent: 0 MiB
	total number of task attempts sent: 0
	total number of task attempts dropped reported: 0
	total number of sent failure: 0
	num status task events dropped: 0
	num profile task events dropped: 0
	num ray task events reported to aggregator: 0
	num ray task events failed to report to aggregator: 0
	num of task attempts dropped reported to aggregator: 0
	num of failed requests to aggregator: 0

[2026-09-04 01:06:09,005 I 1525 2287] core_worker.cc:498: Event stats:


Global stats: 6468 total (8 active)
Queueing time: mean = 0.02ms, max = 1.13ms, min = -0.01ms, total = 114.00ms
Execution time:  mean = 0.00ms, total = 26.44ms
Event stats:
	CoreWorker.RecoverObjects - 4800 total (1 active), Execution time: mean = 0.00ms, total = 9.68ms, Queueing time: mean = 0.02ms, max = 0.30ms, min = -0.01ms, total = 79.44ms
	CoreWorker.InternalHeartbeat - 480 total (1 active), Execution time: mean = 0.00ms, total = 1.28ms, Queueing time: mean = 0.02ms, max = 0.06ms, min = 0.00ms, total = 8.40ms
	CoreWorker.ReportWorkerBacklog - 480 total (1 active), Execution time: mean = 0.00ms, total = 1.58ms, Queueing time: mean = 0.02ms, max = 0.06ms, min = -0.01ms, total = 8.10ms
	CoreWorker.ExitIfParentRayletDies - 480 total (1 active), Execution time: mean = 0.01ms, total = 2.85ms, Queueing time: mean = 0.02ms, max = 0.34ms, min = 0.00ms, total = 8.01ms
	CoreWorker.RecordMetrics - 96 total (1 active), Execution time: mean = 0.02ms, total = 2.01ms, Queueing time: mean = 0.01ms, max = 0.14ms, min = 0.00ms, total = 1.11ms
	CoreWorker.TryDelPendingObjectRefStreams - 48 total (1 active), Execution time: mean = 0.00ms, total = 0.09ms, Queueing time: mean = 0.04ms, max = 0.34ms, min = 0.00ms, total = 1.71ms
	CoreWorkerService.grpc_server.GetCoreWorkerStats - 32 total (0 active), Execution time: mean = 0.16ms, total = 5.04ms, Queueing time: mean = 0.00ms, max = -0.00ms, min = 9223372036854.78ms, total = 0.00ms
	CoreWorkerService.grpc_server.GetCoreWorkerStats.HandleRequestImpl - 32 total (0 active), Execution time: mean = 0.03ms, total = 0.83ms, Queueing time: mean = 0.02ms, max = 0.03ms, min = 0.01ms, total = 0.53ms
	PeriodicalRunner.RunFnPeriodically - 8 total (0 active), Execution time: mean = 0.14ms, total = 1.15ms, Queueing time: mean = 0.71ms, max = 1.13ms, min = 0.00ms, total = 5.65ms
	CoreWorker.PrintEventStats - 8 total (1 active, 1 running), Execution time: mean = 0.20ms, total = 1.60ms, Queueing time: mean = 0.02ms, max = 0.04ms, min = 0.00ms, total = 0.14ms
	Publisher.CheckDeadSubscribers - 2 total (1 active), Execution time: mean = 0.00ms, total = 0.00ms, Queueing time: mean = 0.01ms, max = 0.01ms, min = 0.01ms, total = 0.01ms
	ray::rpc::WorkerInfoGcsService.grpc_client.AddWorkerInfo - 1 total (0 active), Execution time: mean = 0.31ms, total = 0.31ms, Queueing time: mean = 0.00ms, max = -0.00ms, min = 9223372036854.78ms, total = 0.00ms
	ray::rpc::WorkerInfoGcsService.grpc_client.AddWorkerInfo.OnReplyReceived - 1 total (0 active), Execution time: mean = 0.02ms, total = 0.02ms, Queueing time: mean = 0.90ms, max = 0.90ms, min = 0.90ms, total = 0.90ms

-----------------
Task execution event stats:

Global stats: 47926 total (1 active)
Queueing time: mean = 0.01ms, max = 1.12ms, min = -0.02ms, total = 690.63ms
Execution time:  mean = 0.00ms, total = 97.69ms
Event stats:
	CoreWorker.CheckSignal - 47925 total (1 active), Execution time: mean = 0.00ms, total = 97.69ms, Queueing time: mean = 0.01ms, max = 1.12ms, min = -0.02ms, total = 690.63ms
	PeriodicalRunner.RunFnPeriodically - 1 total (0 active), Execution time: mean = 0.01ms, total = 0.01ms, Queueing time: mean = 0.00ms, max = 0.00ms, min = 0.00ms, total = 0.00ms

-----------------
Task Event stats:

IO Service Stats:

Global stats: 481 total (1 active)
Queueing time: mean = 0.03ms, max = 0.09ms, min = 0.01ms, total = 12.38ms
Execution time:  mean = 0.01ms, total = 5.10ms
Event stats:
	CoreWorker.deadline_timer.flush_task_events - 480 total (1 active), Execution time: mean = 0.01ms, total = 5.07ms, Queueing time: mean = 0.03ms, max = 0.09ms, min = 0.01ms, total = 12.37ms
	PeriodicalRunner.RunFnPeriodically - 1 total (0 active), Execution time: mean = 0.03ms, total = 0.03ms, Queueing time: mean = 0.01ms, max = 0.01ms, min = 0.01ms, total = 0.01ms
Other Stats:
	gcs_grpc_in_progress:0
	event_aggregator_grpc_in_progress:0
	current number of task status events in buffer: 0
	current number of profile events in buffer: 0
	current number of dropped task attempts tracked: 0
	total task events sent: 0 MiB
	total number of task attempts sent: 0
	total number of task attempts dropped reported: 0
	total number of sent failure: 0
	num status task events dropped: 0
	num profile task events dropped: 0
	num ray task events reported to aggregator: 0
	num ray task events failed to report to aggregator: 0
	num of task attempts dropped reported to aggregator: 0
	num of failed requests to aggregator: 0

[2026-09-04 01:07:09,005 I 1525 2287] core_worker.cc:498: Event stats:


Global stats: 7275 total (8 active)
Queueing time: mean = 0.02ms, max = 1.13ms, min = -0.01ms, total = 127.99ms
Execution time:  mean = 0.00ms, total = 29.27ms
Event stats:
	CoreWorker.RecoverObjects - 5400 total (1 active), Execution time: mean = 0.00ms, total = 10.85ms, Queueing time: mean = 0.02ms, max = 0.30ms, min = -0.01ms, total = 89.36ms
	CoreWorker.InternalHeartbeat - 540 total (1 active), Execution time: mean = 0.00ms, total = 1.40ms, Queueing time: mean = 0.02ms, max = 0.06ms, min = 0.00ms, total = 9.65ms
	CoreWorker.ReportWorkerBacklog - 540 total (1 active), Execution time: mean = 0.00ms, total = 1.76ms, Queueing time: mean = 0.02ms, max = 0.06ms, min = -0.01ms, total = 9.31ms
	CoreWorker.ExitIfParentRayletDies - 540 total (1 active), Execution time: mean = 0.01ms, total = 3.12ms, Queueing time: mean = 0.02ms, max = 0.34ms, min = 0.00ms, total = 9.13ms
	CoreWorker.RecordMetrics - 108 total (1 active), Execution time: mean = 0.02ms, total = 2.22ms, Queueing time: mean = 0.01ms, max = 0.14ms, min = 0.00ms, total = 1.28ms
	CoreWorker.TryDelPendingObjectRefStreams - 54 total (1 active), Execution time: mean = 0.00ms, total = 0.10ms, Queueing time: mean = 0.04ms, max = 0.34ms, min = 0.00ms, total = 1.91ms
	CoreWorkerService.grpc_server.GetCoreWorkerStats - 36 total (0 active), Execution time: mean = 0.16ms, total = 5.66ms, Queueing time: mean = 0.00ms, max = -0.00ms, min = 9223372036854.78ms, total = 0.00ms
	CoreWorkerService.grpc_server.GetCoreWorkerStats.HandleRequestImpl - 36 total (0 active), Execution time: mean = 0.03ms, total = 0.93ms, Queueing time: mean = 0.02ms, max = 0.04ms, min = 0.01ms, total = 0.63ms
	CoreWorker.PrintEventStats - 9 total (1 active, 1 running), Execution time: mean = 0.20ms, total = 1.76ms, Queueing time: mean = 0.02ms, max = 0.04ms, min = 0.00ms, total = 0.15ms
	PeriodicalRunner.RunFnPeriodically - 8 total (0 active), Execution time: mean = 0.14ms, total = 1.15ms, Queueing time: mean = 0.71ms, max = 1.13ms, min = 0.00ms, total = 5.65ms
	Publisher.CheckDeadSubscribers - 2 total (1 active), Execution time: mean = 0.00ms, total = 0.00ms, Queueing time: mean = 0.01ms, max = 0.01ms, min = 0.01ms, total = 0.01ms
	ray::rpc::WorkerInfoGcsService.grpc_client.AddWorkerInfo - 1 total (0 active), Execution time: mean = 0.31ms, total = 0.31ms, Queueing time: mean = 0.00ms, max = -0.00ms, min = 9223372036854.78ms, total = 0.00ms
	ray::rpc::WorkerInfoGcsService.grpc_client.AddWorkerInfo.OnReplyReceived - 1 total (0 active), Execution time: mean = 0.02ms, total = 0.02ms, Queueing time: mean = 0.90ms, max = 0.90ms, min = 0.90ms, total = 0.90ms

-----------------
Task execution event stats:

Global stats: 53918 total (1 active)
Queueing time: mean = 0.01ms, max = 1.12ms, min = -0.02ms, total = 762.56ms
Execution time:  mean = 0.00ms, total = 110.72ms
Event stats:
	CoreWorker.CheckSignal - 53917 total (1 active), Execution time: mean = 0.00ms, total = 110.71ms, Queueing time: mean = 0.01ms, max = 1.12ms, min = -0.02ms, total = 762.56ms
	PeriodicalRunner.RunFnPeriodically - 1 total (0 active), Execution time: mean = 0.01ms, total = 0.01ms, Queueing time: mean = 0.00ms, max = 0.00ms, min = 0.00ms, total = 0.00ms

-----------------
Task Event stats:

IO Service Stats:

Global stats: 541 total (1 active)
Queueing time: mean = 0.03ms, max = 0.09ms, min = 0.01ms, total = 13.96ms
Execution time:  mean = 0.01ms, total = 5.76ms
Event stats:
	CoreWorker.deadline_timer.flush_task_events - 540 total (1 active), Execution time: mean = 0.01ms, total = 5.73ms, Queueing time: mean = 0.03ms, max = 0.09ms, min = 0.01ms, total = 13.95ms
	PeriodicalRunner.RunFnPeriodically - 1 total (0 active), Execution time: mean = 0.03ms, total = 0.03ms, Queueing time: mean = 0.01ms, max = 0.01ms, min = 0.01ms, total = 0.01ms
Other Stats:
	gcs_grpc_in_progress:0
	event_aggregator_grpc_in_progress:0
	current number of task status events in buffer: 0
	current number of profile events in buffer: 0
	current number of dropped task attempts tracked: 0
	total task events sent: 0 MiB
	total number of task attempts sent: 0
	total number of task attempts dropped reported: 0
	total number of sent failure: 0
	num status task events dropped: 0
	num profile task events dropped: 0
	num ray task events reported to aggregator: 0
	num ray task events failed to report to aggregator: 0
	num of task attempts dropped reported to aggregator: 0
	num of failed requests to aggregator: 0

[2026-09-04 01:08:09,006 I 1525 2287] core_worker.cc:498: Event stats:


Global stats: 8082 total (8 active)
Queueing time: mean = 0.02ms, max = 1.13ms, min = -0.01ms, total = 144.35ms
Execution time:  mean = 0.00ms, total = 32.21ms
Event stats:
	CoreWorker.RecoverObjects - 5999 total (1 active), Execution time: mean = 0.00ms, total = 12.20ms, Queueing time: mean = 0.02ms, max = 0.30ms, min = -0.01ms, total = 101.37ms
	CoreWorker.InternalHeartbeat - 600 total (1 active), Execution time: mean = 0.00ms, total = 1.53ms, Queueing time: mean = 0.02ms, max = 0.06ms, min = 0.00ms, total = 10.98ms
	CoreWorker.ReportWorkerBacklog - 600 total (1 active), Execution time: mean = 0.00ms, total = 1.90ms, Queueing time: mean = 0.02ms, max = 0.07ms, min = -0.01ms, total = 10.61ms
	CoreWorker.ExitIfParentRayletDies - 600 total (1 active), Execution time: mean = 0.01ms, total = 3.37ms, Queueing time: mean = 0.02ms, max = 0.34ms, min = 0.00ms, total = 10.33ms
	CoreWorker.RecordMetrics - 120 total (1 active), Execution time: mean = 0.02ms, total = 2.47ms, Queueing time: mean = 0.01ms, max = 0.14ms, min = 0.00ms, total = 1.53ms
	CoreWorker.TryDelPendingObjectRefStreams - 60 total (1 active), Execution time: mean = 0.00ms, total = 0.11ms, Queueing time: mean = 0.03ms, max = 0.34ms, min = 0.00ms, total = 2.07ms
	CoreWorkerService.grpc_server.GetCoreWorkerStats - 40 total (0 active), Execution time: mean = 0.16ms, total = 6.24ms, Queueing time: mean = 0.00ms, max = -0.00ms, min = 9223372036854.78ms, total = 0.00ms
	CoreWorkerService.grpc_server.GetCoreWorkerStats.HandleRequestImpl - 40 total (0 active), Execution time: mean = 0.03ms, total = 1.00ms, Queueing time: mean = 0.02ms, max = 0.04ms, min = 0.01ms, total = 0.71ms
	CoreWorker.PrintEventStats - 10 total (1 active, 1 running), Execution time: mean = 0.19ms, total = 1.92ms, Queueing time: mean = 0.02ms, max = 0.04ms, min = 0.00ms, total = 0.17ms
	PeriodicalRunner.RunFnPeriodically - 8 total (0 active), Execution time: mean = 0.14ms, total = 1.15ms, Queueing time: mean = 0.71ms, max = 1.13ms, min = 0.00ms, total = 5.65ms
	Publisher.CheckDeadSubscribers - 3 total (1 active), Execution time: mean = 0.00ms, total = 0.00ms, Queueing time: mean = 0.01ms, max = 0.02ms, min = 0.01ms, total = 0.03ms
	ray::rpc::WorkerInfoGcsService.grpc_client.AddWorkerInfo - 1 total (0 active), Execution time: mean = 0.31ms, total = 0.31ms, Queueing time: mean = 0.00ms, max = -0.00ms, min = 9223372036854.78ms, total = 0.00ms
	ray::rpc::WorkerInfoGcsService.grpc_client.AddWorkerInfo.OnReplyReceived - 1 total (0 active), Execution time: mean = 0.02ms, total = 0.02ms, Queueing time: mean = 0.90ms, max = 0.90ms, min = 0.90ms, total = 0.90ms

-----------------
Task execution event stats:

Global stats: 59909 total (1 active)
Queueing time: mean = 0.01ms, max = 1.12ms, min = -0.02ms, total = 845.08ms
Execution time:  mean = 0.00ms, total = 127.95ms
Event stats:
	CoreWorker.CheckSignal - 59908 total (1 active), Execution time: mean = 0.00ms, total = 127.95ms, Queueing time: mean = 0.01ms, max = 1.12ms, min = -0.02ms, total = 845.08ms
	PeriodicalRunner.RunFnPeriodically - 1 total (0 active), Execution time: mean = 0.01ms, total = 0.01ms, Queueing time: mean = 0.00ms, max = 0.00ms, min = 0.00ms, total = 0.00ms

-----------------
Task Event stats:

IO Service Stats:

Global stats: 601 total (1 active)
Queueing time: mean = 0.03ms, max = 0.09ms, min = 0.01ms, total = 15.61ms
Execution time:  mean = 0.01ms, total = 6.37ms
Event stats:
	CoreWorker.deadline_timer.flush_task_events - 600 total (1 active), Execution time: mean = 0.01ms, total = 6.34ms, Queueing time: mean = 0.03ms, max = 0.09ms, min = 0.01ms, total = 15.60ms
	PeriodicalRunner.RunFnPeriodically - 1 total (0 active), Execution time: mean = 0.03ms, total = 0.03ms, Queueing time: mean = 0.01ms, max = 0.01ms, min = 0.01ms, total = 0.01ms
Other Stats:
	gcs_grpc_in_progress:0
	event_aggregator_grpc_in_progress:0
	current number of task status events in buffer: 0
	current number of profile events in buffer: 0
	current number of dropped task attempts tracked: 0
	total task events sent: 0 MiB
	total number of task attempts sent: 0
	total number of task attempts dropped reported: 0
	total number of sent failure: 0
	num status task events dropped: 0
	num profile task events dropped: 0
	num ray task events reported to aggregator: 0
	num ray task events failed to report to aggregator: 0
	num of task attempts dropped reported to aggregator: 0
	num of failed requests to aggregator: 0

[2026-09-04 01:09:09,006 I 1525 2287] core_worker.cc:498: Event stats:


Global stats: 8889 total (8 active)
Queueing time: mean = 0.02ms, max = 1.13ms, min = -0.01ms, total = 157.90ms
Execution time:  mean = 0.00ms, total = 35.13ms
Event stats:
	CoreWorker.RecoverObjects - 6599 total (1 active), Execution time: mean = 0.00ms, total = 13.27ms, Queueing time: mean = 0.02ms, max = 0.36ms, min = -0.01ms, total = 111.72ms
	CoreWorker.InternalHeartbeat - 660 total (1 active), Execution time: mean = 0.00ms, total = 1.68ms, Queueing time: mean = 0.02ms, max = 0.06ms, min = 0.00ms, total = 11.90ms
	CoreWorker.ReportWorkerBacklog - 660 total (1 active), Execution time: mean = 0.00ms, total = 2.09ms, Queueing time: mean = 0.02ms, max = 0.07ms, min = -0.01ms, total = 11.49ms
	CoreWorker.ExitIfParentRayletDies - 660 total (1 active), Execution time: mean = 0.01ms, total = 3.61ms, Queueing time: mean = 0.02ms, max = 0.34ms, min = 0.00ms, total = 11.17ms
	CoreWorker.RecordMetrics - 132 total (1 active), Execution time: mean = 0.02ms, total = 2.67ms, Queueing time: mean = 0.01ms, max = 0.14ms, min = 0.00ms, total = 1.69ms
	CoreWorker.TryDelPendingObjectRefStreams - 66 total (1 active), Execution time: mean = 0.00ms, total = 0.12ms, Queueing time: mean = 0.04ms, max = 0.34ms, min = 0.00ms, total = 2.37ms
	CoreWorkerService.grpc_server.GetCoreWorkerStats - 44 total (0 active), Execution time: mean = 0.16ms, total = 6.88ms, Queueing time: mean = 0.00ms, max = -0.00ms, min = 9223372036854.78ms, total = 0.00ms
	CoreWorkerService.grpc_server.GetCoreWorkerStats.HandleRequestImpl - 44 total (0 active), Execution time: mean = 0.03ms, total = 1.11ms, Queueing time: mean = 0.02ms, max = 0.04ms, min = 0.01ms, total = 0.82ms
	CoreWorker.PrintEventStats - 11 total (1 active, 1 running), Execution time: mean = 0.20ms, total = 2.23ms, Queueing time: mean = 0.02ms, max = 0.04ms, min = 0.00ms, total = 0.18ms
	PeriodicalRunner.RunFnPeriodically - 8 total (0 active), Execution time: mean = 0.14ms, total = 1.15ms, Queueing time: mean = 0.71ms, max = 1.13ms, min = 0.00ms, total = 5.65ms
	Publisher.CheckDeadSubscribers - 3 total (1 active), Execution time: mean = 0.00ms, total = 0.00ms, Queueing time: mean = 0.01ms, max = 0.02ms, min = 0.01ms, total = 0.03ms
	ray::rpc::WorkerInfoGcsService.grpc_client.AddWorkerInfo - 1 total (0 active), Execution time: mean = 0.31ms, total = 0.31ms, Queueing time: mean = 0.00ms, max = -0.00ms, min = 9223372036854.78ms, total = 0.00ms
	ray::rpc::WorkerInfoGcsService.grpc_client.AddWorkerInfo.OnReplyReceived - 1 total (0 active), Execution time: mean = 0.02ms, total = 0.02ms, Queueing time: mean = 0.90ms, max = 0.90ms, min = 0.90ms, total = 0.90ms

-----------------
Task execution event stats:

Global stats: 65901 total (1 active)
Queueing time: mean = 0.01ms, max = 1.12ms, min = -0.02ms, total = 915.56ms
Execution time:  mean = 0.00ms, total = 140.30ms
Event stats:
	CoreWorker.CheckSignal - 65900 total (1 active), Execution time: mean = 0.00ms, total = 140.29ms, Queueing time: mean = 0.01ms, max = 1.12ms, min = -0.02ms, total = 915.56ms
	PeriodicalRunner.RunFnPeriodically - 1 total (0 active), Execution time: mean = 0.01ms, total = 0.01ms, Queueing time: mean = 0.00ms, max = 0.00ms, min = 0.00ms, total = 0.00ms

-----------------
Task Event stats:

IO Service Stats:

Global stats: 661 total (1 active)
Queueing time: mean = 0.03ms, max = 0.09ms, min = 0.01ms, total = 17.08ms
Execution time:  mean = 0.01ms, total = 7.03ms
Event stats:
	CoreWorker.deadline_timer.flush_task_events - 660 total (1 active), Execution time: mean = 0.01ms, total = 7.00ms, Queueing time: mean = 0.03ms, max = 0.09ms, min = 0.01ms, total = 17.07ms
	PeriodicalRunner.RunFnPeriodically - 1 total (0 active), Execution time: mean = 0.03ms, total = 0.03ms, Queueing time: mean = 0.01ms, max = 0.01ms, min = 0.01ms, total = 0.01ms
Other Stats:
	gcs_grpc_in_progress:0
	event_aggregator_grpc_in_progress:0
	current number of task status events in buffer: 0
	current number of profile events in buffer: 0
	current number of dropped task attempts tracked: 0
	total task events sent: 0 MiB
	total number of task attempts sent: 0
	total number of task attempts dropped reported: 0
	total number of sent failure: 0
	num status task events dropped: 0
	num profile task events dropped: 0
	num ray task events reported to aggregator: 0
	num ray task events failed to report to aggregator: 0
	num of task attempts dropped reported to aggregator: 0
	num of failed requests to aggregator: 0

[2026-09-04 01:10:09,006 I 1525 2287] core_worker.cc:498: Event stats:


Global stats: 9696 total (8 active)
Queueing time: mean = 0.02ms, max = 1.13ms, min = -0.01ms, total = 170.82ms
Execution time:  mean = 0.00ms, total = 37.61ms
Event stats:
	CoreWorker.RecoverObjects - 7199 total (1 active), Execution time: mean = 0.00ms, total = 14.39ms, Queueing time: mean = 0.02ms, max = 0.36ms, min = -0.01ms, total = 121.33ms
	CoreWorker.InternalHeartbeat - 720 total (1 active), Execution time: mean = 0.00ms, total = 1.85ms, Queueing time: mean = 0.02ms, max = 0.06ms, min = 0.00ms, total = 12.90ms
	CoreWorker.ReportWorkerBacklog - 720 total (1 active), Execution time: mean = 0.00ms, total = 2.25ms, Queueing time: mean = 0.02ms, max = 0.07ms, min = -0.01ms, total = 12.49ms
	CoreWorker.ExitIfParentRayletDies - 720 total (1 active), Execution time: mean = 0.01ms, total = 3.83ms, Queueing time: mean = 0.02ms, max = 0.34ms, min = 0.00ms, total = 12.10ms
	CoreWorker.RecordMetrics - 144 total (1 active), Execution time: mean = 0.02ms, total = 2.85ms, Queueing time: mean = 0.01ms, max = 0.14ms, min = 0.00ms, total = 1.84ms
	CoreWorker.TryDelPendingObjectRefStreams - 72 total (1 active), Execution time: mean = 0.00ms, total = 0.12ms, Queueing time: mean = 0.03ms, max = 0.34ms, min = 0.00ms, total = 2.52ms
	CoreWorkerService.grpc_server.GetCoreWorkerStats - 48 total (0 active), Execution time: mean = 0.15ms, total = 7.28ms, Queueing time: mean = 0.00ms, max = -0.00ms, min = 9223372036854.78ms, total = 0.00ms
	CoreWorkerService.grpc_server.GetCoreWorkerStats.HandleRequestImpl - 48 total (0 active), Execution time: mean = 0.02ms, total = 1.17ms, Queueing time: mean = 0.02ms, max = 0.04ms, min = 0.01ms, total = 0.87ms
	CoreWorker.PrintEventStats - 12 total (1 active, 1 running), Execution time: mean = 0.20ms, total = 2.39ms, Queueing time: mean = 0.02ms, max = 0.04ms, min = 0.00ms, total = 0.20ms
	PeriodicalRunner.RunFnPeriodically - 8 total (0 active), Execution time: mean = 0.14ms, total = 1.15ms, Queueing time: mean = 0.71ms, max = 1.13ms, min = 0.00ms, total = 5.65ms
	Publisher.CheckDeadSubscribers - 3 total (1 active), Execution time: mean = 0.00ms, total = 0.00ms, Queueing time: mean = 0.01ms, max = 0.02ms, min = 0.01ms, total = 0.03ms
	ray::rpc::WorkerInfoGcsService.grpc_client.AddWorkerInfo - 1 total (0 active), Execution time: mean = 0.31ms, total = 0.31ms, Queueing time: mean = 0.00ms, max = -0.00ms, min = 9223372036854.78ms, total = 0.00ms
	ray::rpc::WorkerInfoGcsService.grpc_client.AddWorkerInfo.OnReplyReceived - 1 total (0 active), Execution time: mean = 0.02ms, total = 0.02ms, Queueing time: mean = 0.90ms, max = 0.90ms, min = 0.90ms, total = 0.90ms

-----------------
Task execution event stats:

Global stats: 71891 total (1 active)
Queueing time: mean = 0.01ms, max = 1.12ms, min = -0.02ms, total = 1005.54ms
Execution time:  mean = 0.00ms, total = 152.74ms
Event stats:
	CoreWorker.CheckSignal - 71890 total (1 active), Execution time: mean = 0.00ms, total = 152.74ms, Queueing time: mean = 0.01ms, max = 1.12ms, min = -0.02ms, total = 1005.54ms
	PeriodicalRunner.RunFnPeriodically - 1 total (0 active), Execution time: mean = 0.01ms, total = 0.01ms, Queueing time: mean = 0.00ms, max = 0.00ms, min = 0.00ms, total = 0.00ms

-----------------
Task Event stats:

IO Service Stats:

Global stats: 721 total (1 active)
Queueing time: mean = 0.03ms, max = 0.09ms, min = 0.01ms, total = 18.55ms
Execution time:  mean = 0.01ms, total = 7.63ms
Event stats:
	CoreWorker.deadline_timer.flush_task_events - 720 total (1 active), Execution time: mean = 0.01ms, total = 7.60ms, Queueing time: mean = 0.03ms, max = 0.09ms, min = 0.01ms, total = 18.54ms
	PeriodicalRunner.RunFnPeriodically - 1 total (0 active), Execution time: mean = 0.03ms, total = 0.03ms, Queueing time: mean = 0.01ms, max = 0.01ms, min = 0.01ms, total = 0.01ms
Other Stats:
	gcs_grpc_in_progress:0
	event_aggregator_grpc_in_progress:0
	current number of task status events in buffer: 0
	current number of profile events in buffer: 0
	current number of dropped task attempts tracked: 0
	total task events sent: 0 MiB
	total number of task attempts sent: 0
	total number of task attempts dropped reported: 0
	total number of sent failure: 0
	num status task events dropped: 0
	num profile task events dropped: 0
	num ray task events reported to aggregator: 0
	num ray task events failed to report to aggregator: 0
	num of task attempts dropped reported to aggregator: 0
	num of failed requests to aggregator: 0

[2026-09-04 01:11:09,006 I 1525 2287] core_worker.cc:498: Event stats:


Global stats: 10503 total (8 active)
Queueing time: mean = 0.02ms, max = 1.13ms, min = -0.01ms, total = 184.26ms
Execution time:  mean = 0.00ms, total = 40.31ms
Event stats:
	CoreWorker.RecoverObjects - 7799 total (1 active), Execution time: mean = 0.00ms, total = 15.45ms, Queueing time: mean = 0.02ms, max = 0.36ms, min = -0.01ms, total = 131.21ms
	CoreWorker.InternalHeartbeat - 780 total (1 active), Execution time: mean = 0.00ms, total = 2.01ms, Queueing time: mean = 0.02ms, max = 0.06ms, min = 0.00ms, total = 13.97ms
	CoreWorker.ReportWorkerBacklog - 780 total (1 active), Execution time: mean = 0.00ms, total = 2.40ms, Queueing time: mean = 0.02ms, max = 0.07ms, min = -0.01ms, total = 13.55ms
	CoreWorker.ExitIfParentRayletDies - 780 total (1 active), Execution time: mean = 0.01ms, total = 4.07ms, Queueing time: mean = 0.02ms, max = 0.34ms, min = 0.00ms, total = 13.09ms
	CoreWorker.RecordMetrics - 156 total (1 active), Execution time: mean = 0.02ms, total = 3.07ms, Queueing time: mean = 0.01ms, max = 0.14ms, min = 0.00ms, total = 2.00ms
	CoreWorker.TryDelPendingObjectRefStreams - 78 total (1 active), Execution time: mean = 0.00ms, total = 0.13ms, Queueing time: mean = 0.03ms, max = 0.34ms, min = 0.00ms, total = 2.69ms
	CoreWorkerService.grpc_server.GetCoreWorkerStats - 52 total (0 active), Execution time: mean = 0.15ms, total = 7.92ms, Queueing time: mean = 0.00ms, max = -0.00ms, min = 9223372036854.78ms, total = 0.00ms
	CoreWorkerService.grpc_server.GetCoreWorkerStats.HandleRequestImpl - 52 total (0 active), Execution time: mean = 0.02ms, total = 1.26ms, Queueing time: mean = 0.02ms, max = 0.04ms, min = 0.01ms, total = 0.95ms
	CoreWorker.PrintEventStats - 13 total (1 active, 1 running), Execution time: mean = 0.19ms, total = 2.52ms, Queueing time: mean = 0.02ms, max = 0.04ms, min = 0.00ms, total = 0.22ms
	PeriodicalRunner.RunFnPeriodically - 8 total (0 active), Execution time: mean = 0.14ms, total = 1.15ms, Queueing time: mean = 0.71ms, max = 1.13ms, min = 0.00ms, total = 5.65ms
	Publisher.CheckDeadSubscribers - 3 total (1 active), Execution time: mean = 0.00ms, total = 0.00ms, Queueing time: mean = 0.01ms, max = 0.02ms, min = 0.01ms, total = 0.03ms
	ray::rpc::WorkerInfoGcsService.grpc_client.AddWorkerInfo - 1 total (0 active), Execution time: mean = 0.31ms, total = 0.31ms, Queueing time: mean = 0.00ms, max = -0.00ms, min = 9223372036854.78ms, total = 0.00ms
	ray::rpc::WorkerInfoGcsService.grpc_client.AddWorkerInfo.OnReplyReceived - 1 total (0 active), Execution time: mean = 0.02ms, total = 0.02ms, Queueing time: mean = 0.90ms, max = 0.90ms, min = 0.90ms, total = 0.90ms

-----------------
Task execution event stats:

Global stats: 77884 total (1 active)
Queueing time: mean = 0.01ms, max = 1.12ms, min = -0.02ms, total = 1069.71ms
Execution time:  mean = 0.00ms, total = 163.36ms
Event stats:
	CoreWorker.CheckSignal - 77883 total (1 active), Execution time: mean = 0.00ms, total = 163.35ms, Queueing time: mean = 0.01ms, max = 1.12ms, min = -0.02ms, total = 1069.71ms
	PeriodicalRunner.RunFnPeriodically - 1 total (0 active), Execution time: mean = 0.01ms, total = 0.01ms, Queueing time: mean = 0.00ms, max = 0.00ms, min = 0.00ms, total = 0.00ms

-----------------
Task Event stats:

IO Service Stats:

Global stats: 781 total (1 active)
Queueing time: mean = 0.03ms, max = 0.09ms, min = 0.01ms, total = 19.96ms
Execution time:  mean = 0.01ms, total = 8.24ms
Event stats:
	CoreWorker.deadline_timer.flush_task_events - 780 total (1 active), Execution time: mean = 0.01ms, total = 8.20ms, Queueing time: mean = 0.03ms, max = 0.09ms, min = 0.01ms, total = 19.95ms
	PeriodicalRunner.RunFnPeriodically - 1 total (0 active), Execution time: mean = 0.03ms, total = 0.03ms, Queueing time: mean = 0.01ms, max = 0.01ms, min = 0.01ms, total = 0.01ms
Other Stats:
	gcs_grpc_in_progress:0
	event_aggregator_grpc_in_progress:0
	current number of task status events in buffer: 0
	current number of profile events in buffer: 0
	current number of dropped task attempts tracked: 0
	total task events sent: 0 MiB
	total number of task attempts sent: 0
	total number of task attempts dropped reported: 0
	total number of sent failure: 0
	num status task events dropped: 0
	num profile task events dropped: 0
	num ray task events reported to aggregator: 0
	num ray task events failed to report to aggregator: 0
	num of task attempts dropped reported to aggregator: 0
	num of failed requests to aggregator: 0

[2026-09-04 01:12:09,006 I 1525 2287] core_worker.cc:498: Event stats:


Global stats: 11310 total (8 active)
Queueing time: mean = 0.02ms, max = 1.13ms, min = -0.01ms, total = 199.03ms
Execution time:  mean = 0.00ms, total = 43.55ms
Event stats:
	CoreWorker.RecoverObjects - 8399 total (1 active), Execution time: mean = 0.00ms, total = 16.79ms, Queueing time: mean = 0.02ms, max = 0.36ms, min = -0.01ms, total = 142.42ms
	CoreWorker.InternalHeartbeat - 840 total (1 active), Execution time: mean = 0.00ms, total = 2.21ms, Queueing time: mean = 0.02ms, max = 0.06ms, min = 0.00ms, total = 15.03ms
	CoreWorker.ReportWorkerBacklog - 840 total (1 active), Execution time: mean = 0.00ms, total = 2.59ms, Queueing time: mean = 0.02ms, max = 0.07ms, min = -0.01ms, total = 14.63ms
	CoreWorker.ExitIfParentRayletDies - 840 total (1 active), Execution time: mean = 0.01ms, total = 4.37ms, Queueing time: mean = 0.02ms, max = 0.34ms, min = 0.00ms, total = 14.06ms
	CoreWorker.RecordMetrics - 168 total (1 active), Execution time: mean = 0.02ms, total = 3.31ms, Queueing time: mean = 0.01ms, max = 0.14ms, min = 0.00ms, total = 2.21ms
	CoreWorker.TryDelPendingObjectRefStreams - 84 total (1 active), Execution time: mean = 0.00ms, total = 0.15ms, Queueing time: mean = 0.03ms, max = 0.34ms, min = 0.00ms, total = 2.84ms
	CoreWorkerService.grpc_server.GetCoreWorkerStats - 56 total (0 active), Execution time: mean = 0.15ms, total = 8.64ms, Queueing time: mean = 0.00ms, max = -0.00ms, min = 9223372036854.78ms, total = 0.00ms
	CoreWorkerService.grpc_server.GetCoreWorkerStats.HandleRequestImpl - 56 total (0 active), Execution time: mean = 0.02ms, total = 1.38ms, Queueing time: mean = 0.02ms, max = 0.04ms, min = 0.01ms, total = 1.03ms
	CoreWorker.PrintEventStats - 14 total (1 active, 1 running), Execution time: mean = 0.19ms, total = 2.63ms, Queueing time: mean = 0.02ms, max = 0.04ms, min = 0.00ms, total = 0.22ms
	PeriodicalRunner.RunFnPeriodically - 8 total (0 active), Execution time: mean = 0.14ms, total = 1.15ms, Queueing time: mean = 0.71ms, max = 1.13ms, min = 0.00ms, total = 5.65ms
	Publisher.CheckDeadSubscribers - 3 total (1 active), Execution time: mean = 0.00ms, total = 0.00ms, Queueing time: mean = 0.01ms, max = 0.02ms, min = 0.01ms, total = 0.03ms
	ray::rpc::WorkerInfoGcsService.grpc_client.AddWorkerInfo - 1 total (0 active), Execution time: mean = 0.31ms, total = 0.31ms, Queueing time: mean = 0.00ms, max = -0.00ms, min = 9223372036854.78ms, total = 0.00ms
	ray::rpc::WorkerInfoGcsService.grpc_client.AddWorkerInfo.OnReplyReceived - 1 total (0 active), Execution time: mean = 0.02ms, total = 0.02ms, Queueing time: mean = 0.90ms, max = 0.90ms, min = 0.90ms, total = 0.90ms

-----------------
Task execution event stats:

Global stats: 83876 total (1 active)
Queueing time: mean = 0.01ms, max = 1.12ms, min = -0.02ms, total = 1139.72ms
Execution time:  mean = 0.00ms, total = 174.37ms
Event stats:
	CoreWorker.CheckSignal - 83875 total (1 active), Execution time: mean = 0.00ms, total = 174.36ms, Queueing time: mean = 0.01ms, max = 1.12ms, min = -0.02ms, total = 1139.72ms
	PeriodicalRunner.RunFnPeriodically - 1 total (0 active), Execution time: mean = 0.01ms, total = 0.01ms, Queueing time: mean = 0.00ms, max = 0.00ms, min = 0.00ms, total = 0.00ms

-----------------
Task Event stats:

IO Service Stats:

Global stats: 841 total (1 active)
Queueing time: mean = 0.03ms, max = 0.09ms, min = 0.01ms, total = 21.37ms
Execution time:  mean = 0.01ms, total = 8.80ms
Event stats:
	CoreWorker.deadline_timer.flush_task_events - 840 total (1 active), Execution time: mean = 0.01ms, total = 8.77ms, Queueing time: mean = 0.03ms, max = 0.09ms, min = 0.01ms, total = 21.37ms
	PeriodicalRunner.RunFnPeriodically - 1 total (0 active), Execution time: mean = 0.03ms, total = 0.03ms, Queueing time: mean = 0.01ms, max = 0.01ms, min = 0.01ms, total = 0.01ms
Other Stats:
	gcs_grpc_in_progress:0
	event_aggregator_grpc_in_progress:0
	current number of task status events in buffer: 0
	current number of profile events in buffer: 0
	current number of dropped task attempts tracked: 0
	total task events sent: 0 MiB
	total number of task attempts sent: 0
	total number of task attempts dropped reported: 0
	total number of sent failure: 0
	num status task events dropped: 0
	num profile task events dropped: 0
	num ray task events reported to aggregator: 0
	num ray task events failed to report to aggregator: 0
	num of task attempts dropped reported to aggregator: 0
	num of failed requests to aggregator: 0

