[2026-09-04 00:58:09,107 I 1549 1549] core_worker_process.cc:868: Constructing CoreWorkerProcess. pid: 1549
[2026-09-04 00:58:09,109 I 1549 1549] event.cc:499: Ray Event initialized for CORE_WORKER
[2026-09-04 00:58:09,109 I 1549 1549] event.cc:499: Ray Event initialized for EXPORT_TASK
[2026-09-04 00:58:09,109 I 1549 1549] event.cc:332: Set ray event level to warning
[2026-09-04 00:58:09,110 I 1549 1549] grpc_server.cc:144: worker server started, listening on port 20036.
[2026-09-04 00:58:09,111 I 1549 1549] core_worker_process.cc:299: Initializing worker at address: 10.244.18.139:20036 worker_id=3a1d9819eec0b5d0b19b9095444bf6b1df6e5a4217ec41c09c016ca5 node_id=11215b0011fac4845f8eecab7d85f57fc12c4efc1ad3dce06ebdc204
[2026-09-04 00:58:09,111 I 1549 1549] task_event_buffer.cc:535: Reporting task events to GCS every 1000ms.
[2026-09-04 00:58:09,112 I 1549 1549] core_worker.cc:568: Adjusted worker niceness to 15
[2026-09-04 00:58:09,112 I 1549 3690] core_worker.cc:498: Event stats:


Global stats: 11 total (9 active)
Queueing time: mean = 0.00ms, max = 0.01ms, min = 0.01ms, total = 0.02ms
Execution time:  mean = 0.00ms, total = 0.02ms
Event stats:
	PeriodicalRunner.RunFnPeriodically - 8 total (6 active, 1 running), Execution time: mean = 0.00ms, total = 0.02ms, Queueing time: mean = 0.00ms, max = 0.01ms, min = 0.01ms, total = 0.02ms
	ray::rpc::WorkerInfoGcsService.grpc_client.AddWorkerInfo - 1 total (1 active), Execution time: mean = 0.00ms, total = 0.00ms, Queueing time: mean = 0.00ms, max = -0.00ms, min = 9223372036854.78ms, total = 0.00ms
	Publisher.CheckDeadSubscribers - 1 total (1 active), Execution time: mean = 0.00ms, total = 0.00ms, Queueing time: mean = 0.00ms, max = -0.00ms, min = 9223372036854.78ms, total = 0.00ms
	CoreWorker.ExitIfParentRayletDies - 1 total (1 active), Execution time: mean = 0.00ms, total = 0.00ms, Queueing time: mean = 0.00ms, max = -0.00ms, min = 9223372036854.78ms, total = 0.00ms

-----------------
Task execution event stats:

Global stats: 0 total (0 active)
Queueing time: mean = -nanms, max = -0.00ms, min = 9223372036854.78ms, total = 0.00ms
Execution time:  mean = -nanms, total = 0.00ms
Event stats:

-----------------
Task Event stats:

IO Service Stats:

Global stats: 2 total (1 active)
Queueing time: mean = 0.00ms, max = 0.01ms, min = 0.01ms, total = 0.01ms
Execution time:  mean = 0.02ms, total = 0.03ms
Event stats:
	PeriodicalRunner.RunFnPeriodically - 1 total (0 active), Execution time: mean = 0.03ms, total = 0.03ms, Queueing time: mean = 0.01ms, max = 0.01ms, min = 0.01ms, total = 0.01ms
	CoreWorker.deadline_timer.flush_task_events - 1 total (1 active), Execution time: mean = 0.00ms, total = 0.00ms, Queueing time: mean = 0.00ms, max = -0.00ms, min = 9223372036854.78ms, total = 0.00ms
Other Stats:
	gcs_grpc_in_progress:0
	event_aggregator_grpc_in_progress:0
	current number of task status events in buffer: 0
	current number of profile events in buffer: 0
	current number of dropped task attempts tracked: 0
	total task events sent: 0 MiB
	total number of task attempts sent: 0
	total number of task attempts dropped reported: 0
	total number of sent failure: 0
	num status task events dropped: 0
	num profile task events dropped: 0
	num ray task events reported to aggregator: 0
	num ray task events failed to report to aggregator: 0
	num of task attempts dropped reported to aggregator: 0
	num of failed requests to aggregator: 0

[2026-09-04 00:59:09,112 I 1549 3690] core_worker.cc:498: Event stats:


Global stats: 818 total (8 active)
Queueing time: mean = 0.02ms, max = 0.13ms, min = 0.00ms, total = 12.99ms
Execution time:  mean = 0.00ms, total = 3.20ms
Event stats:
	CoreWorker.RecoverObjects - 600 total (1 active), Execution time: mean = 0.00ms, total = 0.98ms, Queueing time: mean = 0.02ms, max = 0.06ms, min = 0.00ms, total = 9.51ms
	CoreWorker.ExitIfParentRayletDies - 60 total (1 active), Execution time: mean = 0.00ms, total = 0.26ms, Queueing time: mean = 0.01ms, max = 0.06ms, min = 0.00ms, total = 0.83ms
	CoreWorker.InternalHeartbeat - 60 total (1 active), Execution time: mean = 0.00ms, total = 0.11ms, Queueing time: mean = 0.01ms, max = 0.07ms, min = 0.00ms, total = 0.87ms
	CoreWorker.ReportWorkerBacklog - 60 total (1 active), Execution time: mean = 0.00ms, total = 0.14ms, Queueing time: mean = 0.01ms, max = 0.07ms, min = 0.00ms, total = 0.84ms
	CoreWorker.RecordMetrics - 12 total (1 active), Execution time: mean = 0.02ms, total = 0.20ms, Queueing time: mean = 0.01ms, max = 0.03ms, min = 0.00ms, total = 0.13ms
	PeriodicalRunner.RunFnPeriodically - 8 total (0 active), Execution time: mean = 0.02ms, total = 0.14ms, Queueing time: mean = 0.08ms, max = 0.13ms, min = 0.01ms, total = 0.63ms
	CoreWorker.TryDelPendingObjectRefStreams - 6 total (1 active), Execution time: mean = 0.00ms, total = 0.01ms, Queueing time: mean = 0.01ms, max = 0.02ms, min = 0.01ms, total = 0.07ms
	CoreWorkerService.grpc_server.GetCoreWorkerStats - 4 total (0 active), Execution time: mean = 0.19ms, total = 0.76ms, Queueing time: mean = 0.00ms, max = -0.00ms, min = 9223372036854.78ms, total = 0.00ms
	CoreWorkerService.grpc_server.GetCoreWorkerStats.HandleRequestImpl - 4 total (0 active), Execution time: mean = 0.04ms, total = 0.18ms, Queueing time: mean = 0.02ms, max = 0.04ms, min = 0.01ms, total = 0.09ms
	CoreWorker.PrintEventStats - 1 total (1 active, 1 running), Execution time: mean = 0.00ms, total = 0.00ms, Queueing time: mean = 0.00ms, max = -0.00ms, min = 9223372036854.78ms, total = 0.00ms
	ray::rpc::WorkerInfoGcsService.grpc_client.AddWorkerInfo.OnReplyReceived - 1 total (0 active), Execution time: mean = 0.03ms, total = 0.03ms, Queueing time: mean = 0.01ms, max = 0.01ms, min = 0.01ms, total = 0.01ms
	Publisher.CheckDeadSubscribers - 1 total (1 active), Execution time: mean = 0.00ms, total = 0.00ms, Queueing time: mean = 0.00ms, max = -0.00ms, min = 9223372036854.78ms, total = 0.00ms
	ray::rpc::WorkerInfoGcsService.grpc_client.AddWorkerInfo - 1 total (0 active), Execution time: mean = 0.41ms, total = 0.41ms, Queueing time: mean = 0.00ms, max = -0.00ms, min = 9223372036854.78ms, total = 0.00ms

-----------------
Task execution event stats:

Global stats: 5992 total (1 active)
Queueing time: mean = 0.01ms, max = 0.46ms, min = -0.01ms, total = 89.10ms
Execution time:  mean = 0.00ms, total = 14.29ms
Event stats:
	CoreWorker.CheckSignal - 5991 total (1 active), Execution time: mean = 0.00ms, total = 14.29ms, Queueing time: mean = 0.01ms, max = 0.46ms, min = -0.01ms, total = 89.10ms
	PeriodicalRunner.RunFnPeriodically - 1 total (0 active), Execution time: mean = 0.01ms, total = 0.01ms, Queueing time: mean = 0.00ms, max = 0.00ms, min = 0.00ms, total = 0.00ms

-----------------
Task Event stats:

IO Service Stats:

Global stats: 61 total (1 active)
Queueing time: mean = 0.02ms, max = 0.05ms, min = 0.01ms, total = 1.47ms
Execution time:  mean = 0.01ms, total = 0.56ms
Event stats:
	CoreWorker.deadline_timer.flush_task_events - 60 total (1 active), Execution time: mean = 0.01ms, total = 0.52ms, Queueing time: mean = 0.02ms, max = 0.05ms, min = 0.01ms, total = 1.46ms
	PeriodicalRunner.RunFnPeriodically - 1 total (0 active), Execution time: mean = 0.03ms, total = 0.03ms, Queueing time: mean = 0.01ms, max = 0.01ms, min = 0.01ms, total = 0.01ms
Other Stats:
	gcs_grpc_in_progress:0
	event_aggregator_grpc_in_progress:0
	current number of task status events in buffer: 0
	current number of profile events in buffer: 0
	current number of dropped task attempts tracked: 0
	total task events sent: 0 MiB
	total number of task attempts sent: 0
	total number of task attempts dropped reported: 0
	total number of sent failure: 0
	num status task events dropped: 0
	num profile task events dropped: 0
	num ray task events reported to aggregator: 0
	num ray task events failed to report to aggregator: 0
	num of task attempts dropped reported to aggregator: 0
	num of failed requests to aggregator: 0

[2026-09-04 01:00:09,112 I 1549 3690] core_worker.cc:498: Event stats:


Global stats: 1625 total (8 active)
Queueing time: mean = 0.02ms, max = 0.13ms, min = 0.00ms, total = 25.62ms
Execution time:  mean = 0.00ms, total = 6.10ms
Event stats:
	CoreWorker.RecoverObjects - 1200 total (1 active), Execution time: mean = 0.00ms, total = 2.21ms, Queueing time: mean = 0.02ms, max = 0.06ms, min = 0.00ms, total = 19.01ms
	CoreWorker.ExitIfParentRayletDies - 120 total (1 active), Execution time: mean = 0.00ms, total = 0.59ms, Queueing time: mean = 0.01ms, max = 0.06ms, min = 0.00ms, total = 1.67ms
	CoreWorker.InternalHeartbeat - 120 total (1 active), Execution time: mean = 0.00ms, total = 0.24ms, Queueing time: mean = 0.02ms, max = 0.07ms, min = 0.00ms, total = 1.89ms
	CoreWorker.ReportWorkerBacklog - 120 total (1 active), Execution time: mean = 0.00ms, total = 0.32ms, Queueing time: mean = 0.02ms, max = 0.07ms, min = 0.00ms, total = 1.81ms
	CoreWorker.RecordMetrics - 24 total (1 active), Execution time: mean = 0.02ms, total = 0.43ms, Queueing time: mean = 0.01ms, max = 0.04ms, min = 0.00ms, total = 0.24ms
	CoreWorker.TryDelPendingObjectRefStreams - 12 total (1 active), Execution time: mean = 0.00ms, total = 0.01ms, Queueing time: mean = 0.01ms, max = 0.04ms, min = 0.00ms, total = 0.18ms
	CoreWorkerService.grpc_server.GetCoreWorkerStats - 8 total (0 active), Execution time: mean = 0.16ms, total = 1.32ms, Queueing time: mean = 0.00ms, max = -0.00ms, min = 9223372036854.78ms, total = 0.00ms
	CoreWorkerService.grpc_server.GetCoreWorkerStats.HandleRequestImpl - 8 total (0 active), Execution time: mean = 0.03ms, total = 0.26ms, Queueing time: mean = 0.02ms, max = 0.04ms, min = 0.01ms, total = 0.16ms
	PeriodicalRunner.RunFnPeriodically - 8 total (0 active), Execution time: mean = 0.02ms, total = 0.14ms, Queueing time: mean = 0.08ms, max = 0.13ms, min = 0.01ms, total = 0.63ms
	CoreWorker.PrintEventStats - 2 total (1 active, 1 running), Execution time: mean = 0.06ms, total = 0.13ms, Queueing time: mean = 0.01ms, max = 0.01ms, min = 0.01ms, total = 0.01ms
	ray::rpc::WorkerInfoGcsService.grpc_client.AddWorkerInfo.OnReplyReceived - 1 total (0 active), Execution time: mean = 0.03ms, total = 0.03ms, Queueing time: mean = 0.01ms, max = 0.01ms, min = 0.01ms, total = 0.01ms
	Publisher.CheckDeadSubscribers - 1 total (1 active), Execution time: mean = 0.00ms, total = 0.00ms, Queueing time: mean = 0.00ms, max = -0.00ms, min = 9223372036854.78ms, total = 0.00ms
	ray::rpc::WorkerInfoGcsService.grpc_client.AddWorkerInfo - 1 total (0 active), Execution time: mean = 0.41ms, total = 0.41ms, Queueing time: mean = 0.00ms, max = -0.00ms, min = 9223372036854.78ms, total = 0.00ms

-----------------
Task execution event stats:

Global stats: 11982 total (1 active)
Queueing time: mean = 0.01ms, max = 0.46ms, min = -0.02ms, total = 172.40ms
Execution time:  mean = 0.00ms, total = 28.09ms
Event stats:
	CoreWorker.CheckSignal - 11981 total (1 active), Execution time: mean = 0.00ms, total = 28.08ms, Queueing time: mean = 0.01ms, max = 0.46ms, min = -0.02ms, total = 172.40ms
	PeriodicalRunner.RunFnPeriodically - 1 total (0 active), Execution time: mean = 0.01ms, total = 0.01ms, Queueing time: mean = 0.00ms, max = 0.00ms, min = 0.00ms, total = 0.00ms

-----------------
Task Event stats:

IO Service Stats:

Global stats: 121 total (1 active)
Queueing time: mean = 0.03ms, max = 0.06ms, min = 0.01ms, total = 3.18ms
Execution time:  mean = 0.01ms, total = 1.24ms
Event stats:
	CoreWorker.deadline_timer.flush_task_events - 120 total (1 active), Execution time: mean = 0.01ms, total = 1.21ms, Queueing time: mean = 0.03ms, max = 0.06ms, min = 0.01ms, total = 3.17ms
	PeriodicalRunner.RunFnPeriodically - 1 total (0 active), Execution time: mean = 0.03ms, total = 0.03ms, Queueing time: mean = 0.01ms, max = 0.01ms, min = 0.01ms, total = 0.01ms
Other Stats:
	gcs_grpc_in_progress:0
	event_aggregator_grpc_in_progress:0
	current number of task status events in buffer: 0
	current number of profile events in buffer: 0
	current number of dropped task attempts tracked: 0
	total task events sent: 0 MiB
	total number of task attempts sent: 0
	total number of task attempts dropped reported: 0
	total number of sent failure: 0
	num status task events dropped: 0
	num profile task events dropped: 0
	num ray task events reported to aggregator: 0
	num ray task events failed to report to aggregator: 0
	num of task attempts dropped reported to aggregator: 0
	num of failed requests to aggregator: 0

[2026-09-04 01:01:09,112 I 1549 3690] core_worker.cc:498: Event stats:


Global stats: 2432 total (8 active)
Queueing time: mean = 0.02ms, max = 0.13ms, min = 0.00ms, total = 37.52ms
Execution time:  mean = 0.00ms, total = 8.92ms
Event stats:
	CoreWorker.RecoverObjects - 1800 total (1 active), Execution time: mean = 0.00ms, total = 3.36ms, Queueing time: mean = 0.02ms, max = 0.09ms, min = 0.00ms, total = 27.73ms
	CoreWorker.ExitIfParentRayletDies - 180 total (1 active), Execution time: mean = 0.01ms, total = 0.94ms, Queueing time: mean = 0.01ms, max = 0.06ms, min = 0.00ms, total = 2.51ms
	CoreWorker.InternalHeartbeat - 180 total (1 active), Execution time: mean = 0.00ms, total = 0.40ms, Queueing time: mean = 0.02ms, max = 0.07ms, min = 0.00ms, total = 2.91ms
	CoreWorker.ReportWorkerBacklog - 180 total (1 active), Execution time: mean = 0.00ms, total = 0.50ms, Queueing time: mean = 0.02ms, max = 0.08ms, min = 0.00ms, total = 2.81ms
	CoreWorker.RecordMetrics - 36 total (1 active), Execution time: mean = 0.02ms, total = 0.66ms, Queueing time: mean = 0.01ms, max = 0.04ms, min = 0.00ms, total = 0.33ms
	CoreWorker.TryDelPendingObjectRefStreams - 18 total (1 active), Execution time: mean = 0.00ms, total = 0.03ms, Queueing time: mean = 0.02ms, max = 0.07ms, min = 0.00ms, total = 0.33ms
	CoreWorkerService.grpc_server.GetCoreWorkerStats - 12 total (0 active), Execution time: mean = 0.15ms, total = 1.85ms, Queueing time: mean = 0.00ms, max = -0.00ms, min = 9223372036854.78ms, total = 0.00ms
	CoreWorkerService.grpc_server.GetCoreWorkerStats.HandleRequestImpl - 12 total (0 active), Execution time: mean = 0.03ms, total = 0.35ms, Queueing time: mean = 0.02ms, max = 0.04ms, min = 0.01ms, total = 0.24ms
	PeriodicalRunner.RunFnPeriodically - 8 total (0 active), Execution time: mean = 0.02ms, total = 0.14ms, Queueing time: mean = 0.08ms, max = 0.13ms, min = 0.01ms, total = 0.63ms
	CoreWorker.PrintEventStats - 3 total (1 active, 1 running), Execution time: mean = 0.09ms, total = 0.26ms, Queueing time: mean = 0.01ms, max = 0.01ms, min = 0.01ms, total = 0.02ms
	ray::rpc::WorkerInfoGcsService.grpc_client.AddWorkerInfo.OnReplyReceived - 1 total (0 active), Execution time: mean = 0.03ms, total = 0.03ms, Queueing time: mean = 0.01ms, max = 0.01ms, min = 0.01ms, total = 0.01ms
	Publisher.CheckDeadSubscribers - 1 total (1 active), Execution time: mean = 0.00ms, total = 0.00ms, Queueing time: mean = 0.00ms, max = -0.00ms, min = 9223372036854.78ms, total = 0.00ms
	ray::rpc::WorkerInfoGcsService.grpc_client.AddWorkerInfo - 1 total (0 active), Execution time: mean = 0.41ms, total = 0.41ms, Queueing time: mean = 0.00ms, max = -0.00ms, min = 9223372036854.78ms, total = 0.00ms

-----------------
Task execution event stats:

Global stats: 17975 total (1 active)
Queueing time: mean = 0.01ms, max = 0.46ms, min = -0.02ms, total = 242.59ms
Execution time:  mean = 0.00ms, total = 39.01ms
Event stats:
	CoreWorker.CheckSignal - 17974 total (1 active), Execution time: mean = 0.00ms, total = 39.01ms, Queueing time: mean = 0.01ms, max = 0.46ms, min = -0.02ms, total = 242.58ms
	PeriodicalRunner.RunFnPeriodically - 1 total (0 active), Execution time: mean = 0.01ms, total = 0.01ms, Queueing time: mean = 0.00ms, max = 0.00ms, min = 0.00ms, total = 0.00ms

-----------------
Task Event stats:

IO Service Stats:

Global stats: 181 total (1 active)
Queueing time: mean = 0.03ms, max = 0.06ms, min = 0.01ms, total = 4.95ms
Execution time:  mean = 0.01ms, total = 1.87ms
Event stats:
	CoreWorker.deadline_timer.flush_task_events - 180 total (1 active), Execution time: mean = 0.01ms, total = 1.84ms, Queueing time: mean = 0.03ms, max = 0.06ms, min = 0.01ms, total = 4.94ms
	PeriodicalRunner.RunFnPeriodically - 1 total (0 active), Execution time: mean = 0.03ms, total = 0.03ms, Queueing time: mean = 0.01ms, max = 0.01ms, min = 0.01ms, total = 0.01ms
Other Stats:
	gcs_grpc_in_progress:0
	event_aggregator_grpc_in_progress:0
	current number of task status events in buffer: 0
	current number of profile events in buffer: 0
	current number of dropped task attempts tracked: 0
	total task events sent: 0 MiB
	total number of task attempts sent: 0
	total number of task attempts dropped reported: 0
	total number of sent failure: 0
	num status task events dropped: 0
	num profile task events dropped: 0
	num ray task events reported to aggregator: 0
	num ray task events failed to report to aggregator: 0
	num of task attempts dropped reported to aggregator: 0
	num of failed requests to aggregator: 0

[2026-09-04 01:02:09,112 I 1549 3690] core_worker.cc:498: Event stats:


Global stats: 3239 total (8 active)
Queueing time: mean = 0.02ms, max = 0.25ms, min = -0.01ms, total = 53.97ms
Execution time:  mean = 0.00ms, total = 11.96ms
Event stats:
	CoreWorker.RecoverObjects - 2400 total (1 active), Execution time: mean = 0.00ms, total = 4.65ms, Queueing time: mean = 0.02ms, max = 0.25ms, min = 0.00ms, total = 39.88ms
	CoreWorker.ExitIfParentRayletDies - 240 total (1 active), Execution time: mean = 0.01ms, total = 1.30ms, Queueing time: mean = 0.02ms, max = 0.06ms, min = 0.00ms, total = 3.68ms
	CoreWorker.InternalHeartbeat - 240 total (1 active), Execution time: mean = 0.00ms, total = 0.54ms, Queueing time: mean = 0.02ms, max = 0.07ms, min = 0.00ms, total = 4.29ms
	CoreWorker.ReportWorkerBacklog - 240 total (1 active), Execution time: mean = 0.00ms, total = 0.72ms, Queueing time: mean = 0.02ms, max = 0.08ms, min = -0.01ms, total = 4.12ms
	CoreWorker.RecordMetrics - 48 total (1 active), Execution time: mean = 0.02ms, total = 0.89ms, Queueing time: mean = 0.01ms, max = 0.04ms, min = 0.00ms, total = 0.50ms
	CoreWorker.TryDelPendingObjectRefStreams - 24 total (1 active), Execution time: mean = 0.00ms, total = 0.04ms, Queueing time: mean = 0.02ms, max = 0.08ms, min = 0.00ms, total = 0.50ms
	CoreWorkerService.grpc_server.GetCoreWorkerStats - 16 total (0 active), Execution time: mean = 0.15ms, total = 2.40ms, Queueing time: mean = 0.00ms, max = -0.00ms, min = 9223372036854.78ms, total = 0.00ms
	CoreWorkerService.grpc_server.GetCoreWorkerStats.HandleRequestImpl - 16 total (0 active), Execution time: mean = 0.03ms, total = 0.44ms, Queueing time: mean = 0.02ms, max = 0.04ms, min = 0.01ms, total = 0.31ms
	PeriodicalRunner.RunFnPeriodically - 8 total (0 active), Execution time: mean = 0.02ms, total = 0.14ms, Queueing time: mean = 0.08ms, max = 0.13ms, min = 0.01ms, total = 0.63ms
	CoreWorker.PrintEventStats - 4 total (1 active, 1 running), Execution time: mean = 0.10ms, total = 0.40ms, Queueing time: mean = 0.01ms, max = 0.03ms, min = 0.01ms, total = 0.05ms
	ray::rpc::WorkerInfoGcsService.grpc_client.AddWorkerInfo.OnReplyReceived - 1 total (0 active), Execution time: mean = 0.03ms, total = 0.03ms, Queueing time: mean = 0.01ms, max = 0.01ms, min = 0.01ms, total = 0.01ms
	Publisher.CheckDeadSubscribers - 1 total (1 active), Execution time: mean = 0.00ms, total = 0.00ms, Queueing time: mean = 0.00ms, max = -0.00ms, min = 9223372036854.78ms, total = 0.00ms
	ray::rpc::WorkerInfoGcsService.grpc_client.AddWorkerInfo - 1 total (0 active), Execution time: mean = 0.41ms, total = 0.41ms, Queueing time: mean = 0.00ms, max = -0.00ms, min = 9223372036854.78ms, total = 0.00ms

-----------------
Task execution event stats:

Global stats: 23962 total (1 active)
Queueing time: mean = 0.01ms, max = 0.46ms, min = -0.02ms, total = 352.67ms
Execution time:  mean = 0.00ms, total = 58.56ms
Event stats:
	CoreWorker.CheckSignal - 23961 total (1 active), Execution time: mean = 0.00ms, total = 58.56ms, Queueing time: mean = 0.01ms, max = 0.46ms, min = -0.02ms, total = 352.66ms
	PeriodicalRunner.RunFnPeriodically - 1 total (0 active), Execution time: mean = 0.01ms, total = 0.01ms, Queueing time: mean = 0.00ms, max = 0.00ms, min = 0.00ms, total = 0.00ms

-----------------
Task Event stats:

IO Service Stats:

Global stats: 241 total (1 active)
Queueing time: mean = 0.03ms, max = 0.06ms, min = 0.01ms, total = 6.80ms
Execution time:  mean = 0.01ms, total = 2.50ms
Event stats:
	CoreWorker.deadline_timer.flush_task_events - 240 total (1 active), Execution time: mean = 0.01ms, total = 2.46ms, Queueing time: mean = 0.03ms, max = 0.06ms, min = 0.01ms, total = 6.79ms
	PeriodicalRunner.RunFnPeriodically - 1 total (0 active), Execution time: mean = 0.03ms, total = 0.03ms, Queueing time: mean = 0.01ms, max = 0.01ms, min = 0.01ms, total = 0.01ms
Other Stats:
	gcs_grpc_in_progress:0
	event_aggregator_grpc_in_progress:0
	current number of task status events in buffer: 0
	current number of profile events in buffer: 0
	current number of dropped task attempts tracked: 0
	total task events sent: 0 MiB
	total number of task attempts sent: 0
	total number of task attempts dropped reported: 0
	total number of sent failure: 0
	num status task events dropped: 0
	num profile task events dropped: 0
	num ray task events reported to aggregator: 0
	num ray task events failed to report to aggregator: 0
	num of task attempts dropped reported to aggregator: 0
	num of failed requests to aggregator: 0

[2026-09-04 01:03:09,112 I 1549 3690] core_worker.cc:498: Event stats:


Global stats: 4047 total (8 active)
Queueing time: mean = 0.02ms, max = 0.25ms, min = -0.01ms, total = 70.04ms
Execution time:  mean = 0.00ms, total = 15.27ms
Event stats:
	CoreWorker.RecoverObjects - 3000 total (1 active), Execution time: mean = 0.00ms, total = 6.01ms, Queueing time: mean = 0.02ms, max = 0.25ms, min = 0.00ms, total = 51.39ms
	CoreWorker.ExitIfParentRayletDies - 300 total (1 active), Execution time: mean = 0.01ms, total = 1.71ms, Queueing time: mean = 0.02ms, max = 0.06ms, min = 0.00ms, total = 4.90ms
	CoreWorker.InternalHeartbeat - 300 total (1 active), Execution time: mean = 0.00ms, total = 0.71ms, Queueing time: mean = 0.02ms, max = 0.07ms, min = 0.00ms, total = 5.75ms
	CoreWorker.ReportWorkerBacklog - 300 total (1 active), Execution time: mean = 0.00ms, total = 0.93ms, Queueing time: mean = 0.02ms, max = 0.08ms, min = -0.01ms, total = 5.52ms
	CoreWorker.RecordMetrics - 60 total (1 active), Execution time: mean = 0.02ms, total = 1.17ms, Queueing time: mean = 0.01ms, max = 0.04ms, min = 0.00ms, total = 0.67ms
	CoreWorker.TryDelPendingObjectRefStreams - 30 total (1 active), Execution time: mean = 0.00ms, total = 0.05ms, Queueing time: mean = 0.02ms, max = 0.08ms, min = 0.00ms, total = 0.69ms
	CoreWorkerService.grpc_server.GetCoreWorkerStats - 20 total (0 active), Execution time: mean = 0.15ms, total = 3.01ms, Queueing time: mean = 0.00ms, max = -0.00ms, min = 9223372036854.78ms, total = 0.00ms
	CoreWorkerService.grpc_server.GetCoreWorkerStats.HandleRequestImpl - 20 total (0 active), Execution time: mean = 0.03ms, total = 0.53ms, Queueing time: mean = 0.02ms, max = 0.04ms, min = 0.01ms, total = 0.42ms
	PeriodicalRunner.RunFnPeriodically - 8 total (0 active), Execution time: mean = 0.02ms, total = 0.14ms, Queueing time: mean = 0.08ms, max = 0.13ms, min = 0.01ms, total = 0.63ms
	CoreWorker.PrintEventStats - 5 total (1 active, 1 running), Execution time: mean = 0.11ms, total = 0.57ms, Queueing time: mean = 0.01ms, max = 0.03ms, min = 0.01ms, total = 0.05ms
	Publisher.CheckDeadSubscribers - 2 total (1 active), Execution time: mean = 0.00ms, total = 0.00ms, Queueing time: mean = 0.00ms, max = 0.01ms, min = 0.01ms, total = 0.01ms
	ray::rpc::WorkerInfoGcsService.grpc_client.AddWorkerInfo.OnReplyReceived - 1 total (0 active), Execution time: mean = 0.03ms, total = 0.03ms, Queueing time: mean = 0.01ms, max = 0.01ms, min = 0.01ms, total = 0.01ms
	ray::rpc::WorkerInfoGcsService.grpc_client.AddWorkerInfo - 1 total (0 active), Execution time: mean = 0.41ms, total = 0.41ms, Queueing time: mean = 0.00ms, max = -0.00ms, min = 9223372036854.78ms, total = 0.00ms

-----------------
Task execution event stats:

Global stats: 29950 total (1 active)
Queueing time: mean = 0.02ms, max = 0.46ms, min = -0.02ms, total = 461.58ms
Execution time:  mean = 0.00ms, total = 75.53ms
Event stats:
	CoreWorker.CheckSignal - 29949 total (1 active), Execution time: mean = 0.00ms, total = 75.52ms, Queueing time: mean = 0.02ms, max = 0.46ms, min = -0.02ms, total = 461.57ms
	PeriodicalRunner.RunFnPeriodically - 1 total (0 active), Execution time: mean = 0.01ms, total = 0.01ms, Queueing time: mean = 0.00ms, max = 0.00ms, min = 0.00ms, total = 0.00ms

-----------------
Task Event stats:

IO Service Stats:

Global stats: 301 total (1 active)
Queueing time: mean = 0.03ms, max = 0.06ms, min = 0.01ms, total = 8.58ms
Execution time:  mean = 0.01ms, total = 3.13ms
Event stats:
	CoreWorker.deadline_timer.flush_task_events - 300 total (1 active), Execution time: mean = 0.01ms, total = 3.10ms, Queueing time: mean = 0.03ms, max = 0.06ms, min = 0.01ms, total = 8.57ms
	PeriodicalRunner.RunFnPeriodically - 1 total (0 active), Execution time: mean = 0.03ms, total = 0.03ms, Queueing time: mean = 0.01ms, max = 0.01ms, min = 0.01ms, total = 0.01ms
Other Stats:
	gcs_grpc_in_progress:0
	event_aggregator_grpc_in_progress:0
	current number of task status events in buffer: 0
	current number of profile events in buffer: 0
	current number of dropped task attempts tracked: 0
	total task events sent: 0 MiB
	total number of task attempts sent: 0
	total number of task attempts dropped reported: 0
	total number of sent failure: 0
	num status task events dropped: 0
	num profile task events dropped: 0
	num ray task events reported to aggregator: 0
	num ray task events failed to report to aggregator: 0
	num of task attempts dropped reported to aggregator: 0
	num of failed requests to aggregator: 0

[2026-09-04 01:04:09,113 I 1549 3690] core_worker.cc:498: Event stats:


Global stats: 4854 total (8 active)
Queueing time: mean = 0.02ms, max = 0.25ms, min = -0.01ms, total = 82.97ms
Execution time:  mean = 0.00ms, total = 18.27ms
Event stats:
	CoreWorker.RecoverObjects - 3600 total (1 active), Execution time: mean = 0.00ms, total = 7.19ms, Queueing time: mean = 0.02ms, max = 0.25ms, min = 0.00ms, total = 60.87ms
	CoreWorker.ExitIfParentRayletDies - 360 total (1 active), Execution time: mean = 0.01ms, total = 2.17ms, Queueing time: mean = 0.02ms, max = 0.06ms, min = 0.00ms, total = 5.81ms
	CoreWorker.InternalHeartbeat - 360 total (1 active), Execution time: mean = 0.00ms, total = 0.89ms, Queueing time: mean = 0.02ms, max = 0.07ms, min = 0.00ms, total = 6.90ms
	CoreWorker.ReportWorkerBacklog - 360 total (1 active), Execution time: mean = 0.00ms, total = 1.16ms, Queueing time: mean = 0.02ms, max = 0.08ms, min = -0.01ms, total = 6.64ms
	CoreWorker.RecordMetrics - 72 total (1 active), Execution time: mean = 0.02ms, total = 1.44ms, Queueing time: mean = 0.01ms, max = 0.04ms, min = 0.00ms, total = 0.79ms
	CoreWorker.TryDelPendingObjectRefStreams - 36 total (1 active), Execution time: mean = 0.00ms, total = 0.06ms, Queueing time: mean = 0.02ms, max = 0.08ms, min = 0.00ms, total = 0.80ms
	CoreWorkerService.grpc_server.GetCoreWorkerStats - 24 total (0 active), Execution time: mean = 0.14ms, total = 3.44ms, Queueing time: mean = 0.00ms, max = -0.00ms, min = 9223372036854.78ms, total = 0.00ms
	CoreWorkerService.grpc_server.GetCoreWorkerStats.HandleRequestImpl - 24 total (0 active), Execution time: mean = 0.02ms, total = 0.60ms, Queueing time: mean = 0.02ms, max = 0.04ms, min = 0.01ms, total = 0.47ms
	PeriodicalRunner.RunFnPeriodically - 8 total (0 active), Execution time: mean = 0.02ms, total = 0.14ms, Queueing time: mean = 0.08ms, max = 0.13ms, min = 0.01ms, total = 0.63ms
	CoreWorker.PrintEventStats - 6 total (1 active, 1 running), Execution time: mean = 0.12ms, total = 0.74ms, Queueing time: mean = 0.01ms, max = 0.03ms, min = 0.01ms, total = 0.06ms
	Publisher.CheckDeadSubscribers - 2 total (1 active), Execution time: mean = 0.00ms, total = 0.00ms, Queueing time: mean = 0.00ms, max = 0.01ms, min = 0.01ms, total = 0.01ms
	ray::rpc::WorkerInfoGcsService.grpc_client.AddWorkerInfo.OnReplyReceived - 1 total (0 active), Execution time: mean = 0.03ms, total = 0.03ms, Queueing time: mean = 0.01ms, max = 0.01ms, min = 0.01ms, total = 0.01ms
	ray::rpc::WorkerInfoGcsService.grpc_client.AddWorkerInfo - 1 total (0 active), Execution time: mean = 0.41ms, total = 0.41ms, Queueing time: mean = 0.00ms, max = -0.00ms, min = 9223372036854.78ms, total = 0.00ms

-----------------
Task execution event stats:

Global stats: 35942 total (1 active)
Queueing time: mean = 0.01ms, max = 0.46ms, min = -0.03ms, total = 538.84ms
Execution time:  mean = 0.00ms, total = 84.96ms
Event stats:
	CoreWorker.CheckSignal - 35941 total (1 active), Execution time: mean = 0.00ms, total = 84.95ms, Queueing time: mean = 0.01ms, max = 0.46ms, min = -0.03ms, total = 538.84ms
	PeriodicalRunner.RunFnPeriodically - 1 total (0 active), Execution time: mean = 0.01ms, total = 0.01ms, Queueing time: mean = 0.00ms, max = 0.00ms, min = 0.00ms, total = 0.00ms

-----------------
Task Event stats:

IO Service Stats:

Global stats: 361 total (1 active)
Queueing time: mean = 0.03ms, max = 0.06ms, min = 0.01ms, total = 10.01ms
Execution time:  mean = 0.01ms, total = 3.75ms
Event stats:
	CoreWorker.deadline_timer.flush_task_events - 360 total (1 active), Execution time: mean = 0.01ms, total = 3.72ms, Queueing time: mean = 0.03ms, max = 0.06ms, min = 0.01ms, total = 10.00ms
	PeriodicalRunner.RunFnPeriodically - 1 total (0 active), Execution time: mean = 0.03ms, total = 0.03ms, Queueing time: mean = 0.01ms, max = 0.01ms, min = 0.01ms, total = 0.01ms
Other Stats:
	gcs_grpc_in_progress:0
	event_aggregator_grpc_in_progress:0
	current number of task status events in buffer: 0
	current number of profile events in buffer: 0
	current number of dropped task attempts tracked: 0
	total task events sent: 0 MiB
	total number of task attempts sent: 0
	total number of task attempts dropped reported: 0
	total number of sent failure: 0
	num status task events dropped: 0
	num profile task events dropped: 0
	num ray task events reported to aggregator: 0
	num ray task events failed to report to aggregator: 0
	num of task attempts dropped reported to aggregator: 0
	num of failed requests to aggregator: 0

[2026-09-04 01:05:09,113 I 1549 3690] core_worker.cc:498: Event stats:


Global stats: 5661 total (8 active)
Queueing time: mean = 0.02ms, max = 0.25ms, min = -0.01ms, total = 95.80ms
Execution time:  mean = 0.00ms, total = 21.16ms
Event stats:
	CoreWorker.RecoverObjects - 4200 total (1 active), Execution time: mean = 0.00ms, total = 8.37ms, Queueing time: mean = 0.02ms, max = 0.25ms, min = 0.00ms, total = 70.51ms
	CoreWorker.ExitIfParentRayletDies - 420 total (1 active), Execution time: mean = 0.01ms, total = 2.48ms, Queueing time: mean = 0.02ms, max = 0.06ms, min = 0.00ms, total = 6.67ms
	CoreWorker.InternalHeartbeat - 420 total (1 active), Execution time: mean = 0.00ms, total = 1.07ms, Queueing time: mean = 0.02ms, max = 0.07ms, min = 0.00ms, total = 7.89ms
	CoreWorker.ReportWorkerBacklog - 420 total (1 active), Execution time: mean = 0.00ms, total = 1.34ms, Queueing time: mean = 0.02ms, max = 0.08ms, min = -0.01ms, total = 7.62ms
	CoreWorker.RecordMetrics - 84 total (1 active), Execution time: mean = 0.02ms, total = 1.67ms, Queueing time: mean = 0.01ms, max = 0.04ms, min = 0.00ms, total = 0.92ms
	CoreWorker.TryDelPendingObjectRefStreams - 42 total (1 active), Execution time: mean = 0.00ms, total = 0.06ms, Queueing time: mean = 0.02ms, max = 0.08ms, min = 0.00ms, total = 0.95ms
	CoreWorkerService.grpc_server.GetCoreWorkerStats - 28 total (0 active), Execution time: mean = 0.14ms, total = 4.03ms, Queueing time: mean = 0.00ms, max = -0.00ms, min = 9223372036854.78ms, total = 0.00ms
	CoreWorkerService.grpc_server.GetCoreWorkerStats.HandleRequestImpl - 28 total (0 active), Execution time: mean = 0.02ms, total = 0.69ms, Queueing time: mean = 0.02ms, max = 0.04ms, min = 0.01ms, total = 0.53ms
	PeriodicalRunner.RunFnPeriodically - 8 total (0 active), Execution time: mean = 0.02ms, total = 0.14ms, Queueing time: mean = 0.08ms, max = 0.13ms, min = 0.01ms, total = 0.63ms
	CoreWorker.PrintEventStats - 7 total (1 active, 1 running), Execution time: mean = 0.13ms, total = 0.88ms, Queueing time: mean = 0.01ms, max = 0.03ms, min = 0.01ms, total = 0.07ms
	Publisher.CheckDeadSubscribers - 2 total (1 active), Execution time: mean = 0.00ms, total = 0.00ms, Queueing time: mean = 0.00ms, max = 0.01ms, min = 0.01ms, total = 0.01ms
	ray::rpc::WorkerInfoGcsService.grpc_client.AddWorkerInfo.OnReplyReceived - 1 total (0 active), Execution time: mean = 0.03ms, total = 0.03ms, Queueing time: mean = 0.01ms, max = 0.01ms, min = 0.01ms, total = 0.01ms
	ray::rpc::WorkerInfoGcsService.grpc_client.AddWorkerInfo - 1 total (0 active), Execution time: mean = 0.41ms, total = 0.41ms, Queueing time: mean = 0.00ms, max = -0.00ms, min = 9223372036854.78ms, total = 0.00ms

-----------------
Task execution event stats:

Global stats: 41934 total (1 active)
Queueing time: mean = 0.01ms, max = 0.46ms, min = -0.03ms, total = 614.88ms
Execution time:  mean = 0.00ms, total = 94.89ms
Event stats:
	CoreWorker.CheckSignal - 41933 total (1 active), Execution time: mean = 0.00ms, total = 94.88ms, Queueing time: mean = 0.01ms, max = 0.46ms, min = -0.03ms, total = 614.88ms
	PeriodicalRunner.RunFnPeriodically - 1 total (0 active), Execution time: mean = 0.01ms, total = 0.01ms, Queueing time: mean = 0.00ms, max = 0.00ms, min = 0.00ms, total = 0.00ms

-----------------
Task Event stats:

IO Service Stats:

Global stats: 421 total (1 active)
Queueing time: mean = 0.03ms, max = 0.06ms, min = 0.01ms, total = 11.18ms
Execution time:  mean = 0.01ms, total = 4.25ms
Event stats:
	CoreWorker.deadline_timer.flush_task_events - 420 total (1 active), Execution time: mean = 0.01ms, total = 4.22ms, Queueing time: mean = 0.03ms, max = 0.06ms, min = 0.01ms, total = 11.17ms
	PeriodicalRunner.RunFnPeriodically - 1 total (0 active), Execution time: mean = 0.03ms, total = 0.03ms, Queueing time: mean = 0.01ms, max = 0.01ms, min = 0.01ms, total = 0.01ms
Other Stats:
	gcs_grpc_in_progress:0
	event_aggregator_grpc_in_progress:0
	current number of task status events in buffer: 0
	current number of profile events in buffer: 0
	current number of dropped task attempts tracked: 0
	total task events sent: 0 MiB
	total number of task attempts sent: 0
	total number of task attempts dropped reported: 0
	total number of sent failure: 0
	num status task events dropped: 0
	num profile task events dropped: 0
	num ray task events reported to aggregator: 0
	num ray task events failed to report to aggregator: 0
	num of task attempts dropped reported to aggregator: 0
	num of failed requests to aggregator: 0

[2026-09-04 01:06:09,113 I 1549 3690] core_worker.cc:498: Event stats:


Global stats: 6468 total (8 active)
Queueing time: mean = 0.02ms, max = 0.25ms, min = -0.01ms, total = 109.44ms
Execution time:  mean = 0.00ms, total = 24.20ms
Event stats:
	CoreWorker.RecoverObjects - 4800 total (1 active), Execution time: mean = 0.00ms, total = 9.68ms, Queueing time: mean = 0.02ms, max = 0.25ms, min = -0.01ms, total = 80.59ms
	CoreWorker.ExitIfParentRayletDies - 480 total (1 active), Execution time: mean = 0.01ms, total = 2.77ms, Queueing time: mean = 0.02ms, max = 0.06ms, min = 0.00ms, total = 7.64ms
	CoreWorker.InternalHeartbeat - 480 total (1 active), Execution time: mean = 0.00ms, total = 1.21ms, Queueing time: mean = 0.02ms, max = 0.07ms, min = 0.00ms, total = 8.99ms
	CoreWorker.ReportWorkerBacklog - 480 total (1 active), Execution time: mean = 0.00ms, total = 1.53ms, Queueing time: mean = 0.02ms, max = 0.08ms, min = -0.01ms, total = 8.69ms
	CoreWorker.RecordMetrics - 96 total (1 active), Execution time: mean = 0.02ms, total = 1.87ms, Queueing time: mean = 0.01ms, max = 0.04ms, min = 0.00ms, total = 1.04ms
	CoreWorker.TryDelPendingObjectRefStreams - 48 total (1 active), Execution time: mean = 0.00ms, total = 0.07ms, Queueing time: mean = 0.02ms, max = 0.14ms, min = 0.00ms, total = 1.15ms
	CoreWorkerService.grpc_server.GetCoreWorkerStats - 32 total (0 active), Execution time: mean = 0.14ms, total = 4.62ms, Queueing time: mean = 0.00ms, max = -0.00ms, min = 9223372036854.78ms, total = 0.00ms
	CoreWorkerService.grpc_server.GetCoreWorkerStats.HandleRequestImpl - 32 total (0 active), Execution time: mean = 0.02ms, total = 0.78ms, Queueing time: mean = 0.02ms, max = 0.04ms, min = 0.01ms, total = 0.61ms
	CoreWorker.PrintEventStats - 8 total (1 active, 1 running), Execution time: mean = 0.14ms, total = 1.09ms, Queueing time: mean = 0.01ms, max = 0.03ms, min = 0.01ms, total = 0.08ms
	PeriodicalRunner.RunFnPeriodically - 8 total (0 active), Execution time: mean = 0.02ms, total = 0.14ms, Queueing time: mean = 0.08ms, max = 0.13ms, min = 0.01ms, total = 0.63ms
	Publisher.CheckDeadSubscribers - 2 total (1 active), Execution time: mean = 0.00ms, total = 0.00ms, Queueing time: mean = 0.00ms, max = 0.01ms, min = 0.01ms, total = 0.01ms
	ray::rpc::WorkerInfoGcsService.grpc_client.AddWorkerInfo.OnReplyReceived - 1 total (0 active), Execution time: mean = 0.03ms, total = 0.03ms, Queueing time: mean = 0.01ms, max = 0.01ms, min = 0.01ms, total = 0.01ms
	ray::rpc::WorkerInfoGcsService.grpc_client.AddWorkerInfo - 1 total (0 active), Execution time: mean = 0.41ms, total = 0.41ms, Queueing time: mean = 0.00ms, max = -0.00ms, min = 9223372036854.78ms, total = 0.00ms

-----------------
Task execution event stats:

Global stats: 47925 total (1 active)
Queueing time: mean = 0.01ms, max = 0.46ms, min = -0.03ms, total = 695.63ms
Execution time:  mean = 0.00ms, total = 104.88ms
Event stats:
	CoreWorker.CheckSignal - 47924 total (1 active), Execution time: mean = 0.00ms, total = 104.87ms, Queueing time: mean = 0.01ms, max = 0.46ms, min = -0.03ms, total = 695.63ms
	PeriodicalRunner.RunFnPeriodically - 1 total (0 active), Execution time: mean = 0.01ms, total = 0.01ms, Queueing time: mean = 0.00ms, max = 0.00ms, min = 0.00ms, total = 0.00ms

-----------------
Task Event stats:

IO Service Stats:

Global stats: 481 total (1 active)
Queueing time: mean = 0.03ms, max = 0.06ms, min = 0.01ms, total = 12.81ms
Execution time:  mean = 0.01ms, total = 4.86ms
Event stats:
	CoreWorker.deadline_timer.flush_task_events - 480 total (1 active), Execution time: mean = 0.01ms, total = 4.83ms, Queueing time: mean = 0.03ms, max = 0.06ms, min = 0.01ms, total = 12.80ms
	PeriodicalRunner.RunFnPeriodically - 1 total (0 active), Execution time: mean = 0.03ms, total = 0.03ms, Queueing time: mean = 0.01ms, max = 0.01ms, min = 0.01ms, total = 0.01ms
Other Stats:
	gcs_grpc_in_progress:0
	event_aggregator_grpc_in_progress:0
	current number of task status events in buffer: 0
	current number of profile events in buffer: 0
	current number of dropped task attempts tracked: 0
	total task events sent: 0 MiB
	total number of task attempts sent: 0
	total number of task attempts dropped reported: 0
	total number of sent failure: 0
	num status task events dropped: 0
	num profile task events dropped: 0
	num ray task events reported to aggregator: 0
	num ray task events failed to report to aggregator: 0
	num of task attempts dropped reported to aggregator: 0
	num of failed requests to aggregator: 0

[2026-09-04 01:07:09,113 I 1549 3690] core_worker.cc:498: Event stats:


Global stats: 7275 total (8 active)
Queueing time: mean = 0.02ms, max = 0.25ms, min = -0.01ms, total = 123.57ms
Execution time:  mean = 0.00ms, total = 27.06ms
Event stats:
	CoreWorker.RecoverObjects - 5400 total (1 active), Execution time: mean = 0.00ms, total = 10.90ms, Queueing time: mean = 0.02ms, max = 0.25ms, min = -0.01ms, total = 91.07ms
	CoreWorker.ExitIfParentRayletDies - 540 total (1 active), Execution time: mean = 0.01ms, total = 3.02ms, Queueing time: mean = 0.02ms, max = 0.06ms, min = 0.00ms, total = 8.64ms
	CoreWorker.InternalHeartbeat - 540 total (1 active), Execution time: mean = 0.00ms, total = 1.34ms, Queueing time: mean = 0.02ms, max = 0.07ms, min = 0.00ms, total = 10.11ms
	CoreWorker.ReportWorkerBacklog - 540 total (1 active), Execution time: mean = 0.00ms, total = 1.69ms, Queueing time: mean = 0.02ms, max = 0.08ms, min = -0.01ms, total = 9.77ms
	CoreWorker.RecordMetrics - 108 total (1 active), Execution time: mean = 0.02ms, total = 2.09ms, Queueing time: mean = 0.01ms, max = 0.04ms, min = 0.00ms, total = 1.22ms
	CoreWorker.TryDelPendingObjectRefStreams - 54 total (1 active), Execution time: mean = 0.00ms, total = 0.08ms, Queueing time: mean = 0.02ms, max = 0.14ms, min = 0.00ms, total = 1.33ms
	CoreWorkerService.grpc_server.GetCoreWorkerStats - 36 total (0 active), Execution time: mean = 0.15ms, total = 5.23ms, Queueing time: mean = 0.00ms, max = -0.00ms, min = 9223372036854.78ms, total = 0.00ms
	CoreWorkerService.grpc_server.GetCoreWorkerStats.HandleRequestImpl - 36 total (0 active), Execution time: mean = 0.02ms, total = 0.87ms, Queueing time: mean = 0.02ms, max = 0.04ms, min = 0.01ms, total = 0.69ms
	CoreWorker.PrintEventStats - 9 total (1 active, 1 running), Execution time: mean = 0.14ms, total = 1.25ms, Queueing time: mean = 0.01ms, max = 0.03ms, min = 0.01ms, total = 0.09ms
	PeriodicalRunner.RunFnPeriodically - 8 total (0 active), Execution time: mean = 0.02ms, total = 0.14ms, Queueing time: mean = 0.08ms, max = 0.13ms, min = 0.01ms, total = 0.63ms
	Publisher.CheckDeadSubscribers - 2 total (1 active), Execution time: mean = 0.00ms, total = 0.00ms, Queueing time: mean = 0.00ms, max = 0.01ms, min = 0.01ms, total = 0.01ms
	ray::rpc::WorkerInfoGcsService.grpc_client.AddWorkerInfo.OnReplyReceived - 1 total (0 active), Execution time: mean = 0.03ms, total = 0.03ms, Queueing time: mean = 0.01ms, max = 0.01ms, min = 0.01ms, total = 0.01ms
	ray::rpc::WorkerInfoGcsService.grpc_client.AddWorkerInfo - 1 total (0 active), Execution time: mean = 0.41ms, total = 0.41ms, Queueing time: mean = 0.00ms, max = -0.00ms, min = 9223372036854.78ms, total = 0.00ms

-----------------
Task execution event stats:

Global stats: 53916 total (1 active)
Queueing time: mean = 0.01ms, max = 0.46ms, min = -0.05ms, total = 775.15ms
Execution time:  mean = 0.00ms, total = 119.48ms
Event stats:
	CoreWorker.CheckSignal - 53915 total (1 active), Execution time: mean = 0.00ms, total = 119.47ms, Queueing time: mean = 0.01ms, max = 0.46ms, min = -0.05ms, total = 775.14ms
	PeriodicalRunner.RunFnPeriodically - 1 total (0 active), Execution time: mean = 0.01ms, total = 0.01ms, Queueing time: mean = 0.00ms, max = 0.00ms, min = 0.00ms, total = 0.00ms

-----------------
Task Event stats:

IO Service Stats:

Global stats: 541 total (1 active)
Queueing time: mean = 0.03ms, max = 0.08ms, min = 0.01ms, total = 14.50ms
Execution time:  mean = 0.01ms, total = 5.46ms
Event stats:
	CoreWorker.deadline_timer.flush_task_events - 540 total (1 active), Execution time: mean = 0.01ms, total = 5.42ms, Queueing time: mean = 0.03ms, max = 0.08ms, min = 0.01ms, total = 14.49ms
	PeriodicalRunner.RunFnPeriodically - 1 total (0 active), Execution time: mean = 0.03ms, total = 0.03ms, Queueing time: mean = 0.01ms, max = 0.01ms, min = 0.01ms, total = 0.01ms
Other Stats:
	gcs_grpc_in_progress:0
	event_aggregator_grpc_in_progress:0
	current number of task status events in buffer: 0
	current number of profile events in buffer: 0
	current number of dropped task attempts tracked: 0
	total task events sent: 0 MiB
	total number of task attempts sent: 0
	total number of task attempts dropped reported: 0
	total number of sent failure: 0
	num status task events dropped: 0
	num profile task events dropped: 0
	num ray task events reported to aggregator: 0
	num ray task events failed to report to aggregator: 0
	num of task attempts dropped reported to aggregator: 0
	num of failed requests to aggregator: 0

[2026-09-04 01:08:09,113 I 1549 3690] core_worker.cc:498: Event stats:


Global stats: 8082 total (8 active)
Queueing time: mean = 0.02ms, max = 0.25ms, min = -0.01ms, total = 140.13ms
Execution time:  mean = 0.00ms, total = 30.46ms
Event stats:
	CoreWorker.RecoverObjects - 5999 total (1 active), Execution time: mean = 0.00ms, total = 12.46ms, Queueing time: mean = 0.02ms, max = 0.25ms, min = -0.01ms, total = 103.28ms
	CoreWorker.ExitIfParentRayletDies - 600 total (1 active), Execution time: mean = 0.01ms, total = 3.28ms, Queueing time: mean = 0.02ms, max = 0.06ms, min = 0.00ms, total = 9.86ms
	CoreWorker.InternalHeartbeat - 600 total (1 active), Execution time: mean = 0.00ms, total = 1.48ms, Queueing time: mean = 0.02ms, max = 0.07ms, min = 0.00ms, total = 11.44ms
	CoreWorker.ReportWorkerBacklog - 600 total (1 active), Execution time: mean = 0.00ms, total = 1.86ms, Queueing time: mean = 0.02ms, max = 0.08ms, min = -0.01ms, total = 11.08ms
	CoreWorker.RecordMetrics - 120 total (1 active), Execution time: mean = 0.02ms, total = 2.37ms, Queueing time: mean = 0.01ms, max = 0.04ms, min = 0.00ms, total = 1.43ms
	CoreWorker.TryDelPendingObjectRefStreams - 60 total (1 active), Execution time: mean = 0.00ms, total = 0.09ms, Queueing time: mean = 0.03ms, max = 0.14ms, min = 0.00ms, total = 1.51ms
	CoreWorkerService.grpc_server.GetCoreWorkerStats - 40 total (0 active), Execution time: mean = 0.15ms, total = 5.94ms, Queueing time: mean = 0.00ms, max = -0.00ms, min = 9223372036854.78ms, total = 0.00ms
	CoreWorkerService.grpc_server.GetCoreWorkerStats.HandleRequestImpl - 40 total (0 active), Execution time: mean = 0.02ms, total = 0.99ms, Queueing time: mean = 0.02ms, max = 0.04ms, min = 0.01ms, total = 0.78ms
	CoreWorker.PrintEventStats - 10 total (1 active, 1 running), Execution time: mean = 0.14ms, total = 1.42ms, Queueing time: mean = 0.01ms, max = 0.03ms, min = 0.01ms, total = 0.11ms
	PeriodicalRunner.RunFnPeriodically - 8 total (0 active), Execution time: mean = 0.02ms, total = 0.14ms, Queueing time: mean = 0.08ms, max = 0.13ms, min = 0.01ms, total = 0.63ms
	Publisher.CheckDeadSubscribers - 3 total (1 active), Execution time: mean = 0.00ms, total = 0.00ms, Queueing time: mean = 0.00ms, max = 0.01ms, min = 0.01ms, total = 0.01ms
	ray::rpc::WorkerInfoGcsService.grpc_client.AddWorkerInfo.OnReplyReceived - 1 total (0 active), Execution time: mean = 0.03ms, total = 0.03ms, Queueing time: mean = 0.01ms, max = 0.01ms, min = 0.01ms, total = 0.01ms
	ray::rpc::WorkerInfoGcsService.grpc_client.AddWorkerInfo - 1 total (0 active), Execution time: mean = 0.41ms, total = 0.41ms, Queueing time: mean = 0.00ms, max = -0.00ms, min = 9223372036854.78ms, total = 0.00ms

-----------------
Task execution event stats:

Global stats: 59906 total (1 active)
Queueing time: mean = 0.01ms, max = 0.46ms, min = -0.05ms, total = 865.51ms
Execution time:  mean = 0.00ms, total = 136.74ms
Event stats:
	CoreWorker.CheckSignal - 59905 total (1 active), Execution time: mean = 0.00ms, total = 136.73ms, Queueing time: mean = 0.01ms, max = 0.46ms, min = -0.05ms, total = 865.50ms
	PeriodicalRunner.RunFnPeriodically - 1 total (0 active), Execution time: mean = 0.01ms, total = 0.01ms, Queueing time: mean = 0.00ms, max = 0.00ms, min = 0.00ms, total = 0.00ms

-----------------
Task Event stats:

IO Service Stats:

Global stats: 601 total (1 active)
Queueing time: mean = 0.03ms, max = 0.08ms, min = 0.01ms, total = 16.03ms
Execution time:  mean = 0.01ms, total = 6.01ms
Event stats:
	CoreWorker.deadline_timer.flush_task_events - 600 total (1 active), Execution time: mean = 0.01ms, total = 5.98ms, Queueing time: mean = 0.03ms, max = 0.08ms, min = 0.01ms, total = 16.02ms
	PeriodicalRunner.RunFnPeriodically - 1 total (0 active), Execution time: mean = 0.03ms, total = 0.03ms, Queueing time: mean = 0.01ms, max = 0.01ms, min = 0.01ms, total = 0.01ms
Other Stats:
	gcs_grpc_in_progress:0
	event_aggregator_grpc_in_progress:0
	current number of task status events in buffer: 0
	current number of profile events in buffer: 0
	current number of dropped task attempts tracked: 0
	total task events sent: 0 MiB
	total number of task attempts sent: 0
	total number of task attempts dropped reported: 0
	total number of sent failure: 0
	num status task events dropped: 0
	num profile task events dropped: 0
	num ray task events reported to aggregator: 0
	num ray task events failed to report to aggregator: 0
	num of task attempts dropped reported to aggregator: 0
	num of failed requests to aggregator: 0

[2026-09-04 01:09:09,113 I 1549 3690] core_worker.cc:498: Event stats:


Global stats: 8889 total (8 active)
Queueing time: mean = 0.02ms, max = 0.25ms, min = -0.01ms, total = 153.42ms
Execution time:  mean = 0.00ms, total = 33.49ms
Event stats:
	CoreWorker.RecoverObjects - 6599 total (1 active), Execution time: mean = 0.00ms, total = 13.73ms, Queueing time: mean = 0.02ms, max = 0.25ms, min = -0.01ms, total = 113.43ms
	CoreWorker.ExitIfParentRayletDies - 660 total (1 active), Execution time: mean = 0.01ms, total = 3.55ms, Queueing time: mean = 0.02ms, max = 0.06ms, min = 0.00ms, total = 10.70ms
	CoreWorker.InternalHeartbeat - 660 total (1 active), Execution time: mean = 0.00ms, total = 1.62ms, Queueing time: mean = 0.02ms, max = 0.07ms, min = 0.00ms, total = 12.41ms
	CoreWorker.ReportWorkerBacklog - 660 total (1 active), Execution time: mean = 0.00ms, total = 2.02ms, Queueing time: mean = 0.02ms, max = 0.08ms, min = -0.01ms, total = 12.01ms
	CoreWorker.RecordMetrics - 132 total (1 active), Execution time: mean = 0.02ms, total = 2.58ms, Queueing time: mean = 0.01ms, max = 0.04ms, min = 0.00ms, total = 1.61ms
	CoreWorker.TryDelPendingObjectRefStreams - 66 total (1 active), Execution time: mean = 0.00ms, total = 0.10ms, Queueing time: mean = 0.02ms, max = 0.14ms, min = 0.00ms, total = 1.63ms
	CoreWorkerService.grpc_server.GetCoreWorkerStats - 44 total (0 active), Execution time: mean = 0.15ms, total = 6.69ms, Queueing time: mean = 0.00ms, max = -0.00ms, min = 9223372036854.78ms, total = 0.00ms
	CoreWorkerService.grpc_server.GetCoreWorkerStats.HandleRequestImpl - 44 total (0 active), Execution time: mean = 0.02ms, total = 1.09ms, Queueing time: mean = 0.02ms, max = 0.04ms, min = 0.01ms, total = 0.88ms
	CoreWorker.PrintEventStats - 11 total (1 active, 1 running), Execution time: mean = 0.14ms, total = 1.53ms, Queueing time: mean = 0.01ms, max = 0.03ms, min = -0.01ms, total = 0.09ms
	PeriodicalRunner.RunFnPeriodically - 8 total (0 active), Execution time: mean = 0.02ms, total = 0.14ms, Queueing time: mean = 0.08ms, max = 0.13ms, min = 0.01ms, total = 0.63ms
	Publisher.CheckDeadSubscribers - 3 total (1 active), Execution time: mean = 0.00ms, total = 0.00ms, Queueing time: mean = 0.00ms, max = 0.01ms, min = 0.01ms, total = 0.01ms
	ray::rpc::WorkerInfoGcsService.grpc_client.AddWorkerInfo.OnReplyReceived - 1 total (0 active), Execution time: mean = 0.03ms, total = 0.03ms, Queueing time: mean = 0.01ms, max = 0.01ms, min = 0.01ms, total = 0.01ms
	ray::rpc::WorkerInfoGcsService.grpc_client.AddWorkerInfo - 1 total (0 active), Execution time: mean = 0.41ms, total = 0.41ms, Queueing time: mean = 0.00ms, max = -0.00ms, min = 9223372036854.78ms, total = 0.00ms

-----------------
Task execution event stats:

Global stats: 65899 total (1 active)
Queueing time: mean = 0.01ms, max = 0.46ms, min = -0.05ms, total = 929.81ms
Execution time:  mean = 0.00ms, total = 146.81ms
Event stats:
	CoreWorker.CheckSignal - 65898 total (1 active), Execution time: mean = 0.00ms, total = 146.81ms, Queueing time: mean = 0.01ms, max = 0.46ms, min = -0.05ms, total = 929.81ms
	PeriodicalRunner.RunFnPeriodically - 1 total (0 active), Execution time: mean = 0.01ms, total = 0.01ms, Queueing time: mean = 0.00ms, max = 0.00ms, min = 0.00ms, total = 0.00ms

-----------------
Task Event stats:

IO Service Stats:

Global stats: 661 total (1 active)
Queueing time: mean = 0.03ms, max = 0.08ms, min = 0.01ms, total = 17.66ms
Execution time:  mean = 0.01ms, total = 6.62ms
Event stats:
	CoreWorker.deadline_timer.flush_task_events - 660 total (1 active), Execution time: mean = 0.01ms, total = 6.59ms, Queueing time: mean = 0.03ms, max = 0.08ms, min = 0.01ms, total = 17.65ms
	PeriodicalRunner.RunFnPeriodically - 1 total (0 active), Execution time: mean = 0.03ms, total = 0.03ms, Queueing time: mean = 0.01ms, max = 0.01ms, min = 0.01ms, total = 0.01ms
Other Stats:
	gcs_grpc_in_progress:0
	event_aggregator_grpc_in_progress:0
	current number of task status events in buffer: 0
	current number of profile events in buffer: 0
	current number of dropped task attempts tracked: 0
	total task events sent: 0 MiB
	total number of task attempts sent: 0
	total number of task attempts dropped reported: 0
	total number of sent failure: 0
	num status task events dropped: 0
	num profile task events dropped: 0
	num ray task events reported to aggregator: 0
	num ray task events failed to report to aggregator: 0
	num of task attempts dropped reported to aggregator: 0
	num of failed requests to aggregator: 0

[2026-09-04 01:10:09,114 I 1549 3690] core_worker.cc:498: Event stats:


Global stats: 9696 total (8 active)
Queueing time: mean = 0.02ms, max = 0.25ms, min = -0.01ms, total = 167.57ms
Execution time:  mean = 0.00ms, total = 36.39ms
Event stats:
	CoreWorker.RecoverObjects - 7199 total (1 active), Execution time: mean = 0.00ms, total = 14.94ms, Queueing time: mean = 0.02ms, max = 0.25ms, min = -0.01ms, total = 123.84ms
	CoreWorker.ExitIfParentRayletDies - 720 total (1 active), Execution time: mean = 0.01ms, total = 3.88ms, Queueing time: mean = 0.02ms, max = 0.06ms, min = 0.00ms, total = 11.74ms
	CoreWorker.InternalHeartbeat - 720 total (1 active), Execution time: mean = 0.00ms, total = 1.79ms, Queueing time: mean = 0.02ms, max = 0.07ms, min = 0.00ms, total = 13.59ms
	CoreWorker.ReportWorkerBacklog - 720 total (1 active), Execution time: mean = 0.00ms, total = 2.21ms, Queueing time: mean = 0.02ms, max = 0.08ms, min = -0.01ms, total = 13.18ms
	CoreWorker.RecordMetrics - 144 total (1 active), Execution time: mean = 0.02ms, total = 2.78ms, Queueing time: mean = 0.01ms, max = 0.04ms, min = 0.00ms, total = 1.79ms
	CoreWorker.TryDelPendingObjectRefStreams - 72 total (1 active), Execution time: mean = 0.00ms, total = 0.11ms, Queueing time: mean = 0.02ms, max = 0.14ms, min = 0.00ms, total = 1.74ms
	CoreWorkerService.grpc_server.GetCoreWorkerStats - 48 total (0 active), Execution time: mean = 0.15ms, total = 7.26ms, Queueing time: mean = 0.00ms, max = -0.00ms, min = 9223372036854.78ms, total = 0.00ms
	CoreWorkerService.grpc_server.GetCoreWorkerStats.HandleRequestImpl - 48 total (0 active), Execution time: mean = 0.02ms, total = 1.17ms, Queueing time: mean = 0.02ms, max = 0.04ms, min = 0.01ms, total = 0.93ms
	CoreWorker.PrintEventStats - 12 total (1 active, 1 running), Execution time: mean = 0.14ms, total = 1.67ms, Queueing time: mean = 0.01ms, max = 0.03ms, min = -0.01ms, total = 0.11ms
	PeriodicalRunner.RunFnPeriodically - 8 total (0 active), Execution time: mean = 0.02ms, total = 0.14ms, Queueing time: mean = 0.08ms, max = 0.13ms, min = 0.01ms, total = 0.63ms
	Publisher.CheckDeadSubscribers - 3 total (1 active), Execution time: mean = 0.00ms, total = 0.00ms, Queueing time: mean = 0.00ms, max = 0.01ms, min = 0.01ms, total = 0.01ms
	ray::rpc::WorkerInfoGcsService.grpc_client.AddWorkerInfo.OnReplyReceived - 1 total (0 active), Execution time: mean = 0.03ms, total = 0.03ms, Queueing time: mean = 0.01ms, max = 0.01ms, min = 0.01ms, total = 0.01ms
	ray::rpc::WorkerInfoGcsService.grpc_client.AddWorkerInfo - 1 total (0 active), Execution time: mean = 0.41ms, total = 0.41ms, Queueing time: mean = 0.00ms, max = -0.00ms, min = 9223372036854.78ms, total = 0.00ms

-----------------
Task execution event stats:

Global stats: 71891 total (1 active)
Queueing time: mean = 0.01ms, max = 0.46ms, min = -0.05ms, total = 1003.96ms
Execution time:  mean = 0.00ms, total = 158.75ms
Event stats:
	CoreWorker.CheckSignal - 71890 total (1 active), Execution time: mean = 0.00ms, total = 158.74ms, Queueing time: mean = 0.01ms, max = 0.46ms, min = -0.05ms, total = 1003.96ms
	PeriodicalRunner.RunFnPeriodically - 1 total (0 active), Execution time: mean = 0.01ms, total = 0.01ms, Queueing time: mean = 0.00ms, max = 0.00ms, min = 0.00ms, total = 0.00ms

-----------------
Task Event stats:

IO Service Stats:

Global stats: 721 total (1 active)
Queueing time: mean = 0.03ms, max = 0.08ms, min = 0.01ms, total = 18.74ms
Execution time:  mean = 0.01ms, total = 7.15ms
Event stats:
	CoreWorker.deadline_timer.flush_task_events - 720 total (1 active), Execution time: mean = 0.01ms, total = 7.11ms, Queueing time: mean = 0.03ms, max = 0.08ms, min = 0.01ms, total = 18.73ms
	PeriodicalRunner.RunFnPeriodically - 1 total (0 active), Execution time: mean = 0.03ms, total = 0.03ms, Queueing time: mean = 0.01ms, max = 0.01ms, min = 0.01ms, total = 0.01ms
Other Stats:
	gcs_grpc_in_progress:0
	event_aggregator_grpc_in_progress:0
	current number of task status events in buffer: 0
	current number of profile events in buffer: 0
	current number of dropped task attempts tracked: 0
	total task events sent: 0 MiB
	total number of task attempts sent: 0
	total number of task attempts dropped reported: 0
	total number of sent failure: 0
	num status task events dropped: 0
	num profile task events dropped: 0
	num ray task events reported to aggregator: 0
	num ray task events failed to report to aggregator: 0
	num of task attempts dropped reported to aggregator: 0
	num of failed requests to aggregator: 0

[2026-09-04 01:11:09,114 I 1549 3690] core_worker.cc:498: Event stats:


Global stats: 10503 total (8 active)
Queueing time: mean = 0.02ms, max = 0.25ms, min = -0.01ms, total = 180.34ms
Execution time:  mean = 0.00ms, total = 39.11ms
Event stats:
	CoreWorker.RecoverObjects - 7799 total (1 active), Execution time: mean = 0.00ms, total = 16.06ms, Queueing time: mean = 0.02ms, max = 0.25ms, min = -0.01ms, total = 133.17ms
	CoreWorker.ExitIfParentRayletDies - 780 total (1 active), Execution time: mean = 0.01ms, total = 4.16ms, Queueing time: mean = 0.02ms, max = 0.06ms, min = 0.00ms, total = 12.67ms
	CoreWorker.InternalHeartbeat - 780 total (1 active), Execution time: mean = 0.00ms, total = 1.95ms, Queueing time: mean = 0.02ms, max = 0.07ms, min = 0.00ms, total = 14.63ms
	CoreWorker.ReportWorkerBacklog - 780 total (1 active), Execution time: mean = 0.00ms, total = 2.39ms, Queueing time: mean = 0.02ms, max = 0.08ms, min = -0.01ms, total = 14.21ms
	CoreWorker.RecordMetrics - 156 total (1 active), Execution time: mean = 0.02ms, total = 2.99ms, Queueing time: mean = 0.01ms, max = 0.04ms, min = 0.00ms, total = 1.94ms
	CoreWorker.TryDelPendingObjectRefStreams - 78 total (1 active), Execution time: mean = 0.00ms, total = 0.12ms, Queueing time: mean = 0.03ms, max = 0.14ms, min = 0.00ms, total = 1.95ms
	CoreWorkerService.grpc_server.GetCoreWorkerStats - 52 total (0 active), Execution time: mean = 0.15ms, total = 7.74ms, Queueing time: mean = 0.00ms, max = -0.00ms, min = 9223372036854.78ms, total = 0.00ms
	CoreWorkerService.grpc_server.GetCoreWorkerStats.HandleRequestImpl - 52 total (0 active), Execution time: mean = 0.02ms, total = 1.25ms, Queueing time: mean = 0.02ms, max = 0.04ms, min = 0.01ms, total = 0.98ms
	CoreWorker.PrintEventStats - 13 total (1 active, 1 running), Execution time: mean = 0.14ms, total = 1.87ms, Queueing time: mean = 0.01ms, max = 0.03ms, min = -0.01ms, total = 0.13ms
	PeriodicalRunner.RunFnPeriodically - 8 total (0 active), Execution time: mean = 0.02ms, total = 0.14ms, Queueing time: mean = 0.08ms, max = 0.13ms, min = 0.01ms, total = 0.63ms
	Publisher.CheckDeadSubscribers - 3 total (1 active), Execution time: mean = 0.00ms, total = 0.00ms, Queueing time: mean = 0.00ms, max = 0.01ms, min = 0.01ms, total = 0.01ms
	ray::rpc::WorkerInfoGcsService.grpc_client.AddWorkerInfo.OnReplyReceived - 1 total (0 active), Execution time: mean = 0.03ms, total = 0.03ms, Queueing time: mean = 0.01ms, max = 0.01ms, min = 0.01ms, total = 0.01ms
	ray::rpc::WorkerInfoGcsService.grpc_client.AddWorkerInfo - 1 total (0 active), Execution time: mean = 0.41ms, total = 0.41ms, Queueing time: mean = 0.00ms, max = -0.00ms, min = 9223372036854.78ms, total = 0.00ms

-----------------
Task execution event stats:

Global stats: 77883 total (1 active)
Queueing time: mean = 0.01ms, max = 0.46ms, min = -0.05ms, total = 1073.61ms
Execution time:  mean = 0.00ms, total = 169.32ms
Event stats:
	CoreWorker.CheckSignal - 77882 total (1 active), Execution time: mean = 0.00ms, total = 169.32ms, Queueing time: mean = 0.01ms, max = 0.46ms, min = -0.05ms, total = 1073.61ms
	PeriodicalRunner.RunFnPeriodically - 1 total (0 active), Execution time: mean = 0.01ms, total = 0.01ms, Queueing time: mean = 0.00ms, max = 0.00ms, min = 0.00ms, total = 0.00ms

-----------------
Task Event stats:

IO Service Stats:

Global stats: 781 total (1 active)
Queueing time: mean = 0.03ms, max = 0.08ms, min = 0.01ms, total = 19.94ms
Execution time:  mean = 0.01ms, total = 7.71ms
Event stats:
	CoreWorker.deadline_timer.flush_task_events - 780 total (1 active), Execution time: mean = 0.01ms, total = 7.68ms, Queueing time: mean = 0.03ms, max = 0.08ms, min = 0.01ms, total = 19.94ms
	PeriodicalRunner.RunFnPeriodically - 1 total (0 active), Execution time: mean = 0.03ms, total = 0.03ms, Queueing time: mean = 0.01ms, max = 0.01ms, min = 0.01ms, total = 0.01ms
Other Stats:
	gcs_grpc_in_progress:0
	event_aggregator_grpc_in_progress:0
	current number of task status events in buffer: 0
	current number of profile events in buffer: 0
	current number of dropped task attempts tracked: 0
	total task events sent: 0 MiB
	total number of task attempts sent: 0
	total number of task attempts dropped reported: 0
	total number of sent failure: 0
	num status task events dropped: 0
	num profile task events dropped: 0
	num ray task events reported to aggregator: 0
	num ray task events failed to report to aggregator: 0
	num of task attempts dropped reported to aggregator: 0
	num of failed requests to aggregator: 0

[2026-09-04 01:12:09,114 I 1549 3690] core_worker.cc:498: Event stats:


Global stats: 11310 total (8 active)
Queueing time: mean = 0.02ms, max = 0.25ms, min = -0.01ms, total = 193.83ms
Execution time:  mean = 0.00ms, total = 42.33ms
Event stats:
	CoreWorker.RecoverObjects - 8399 total (1 active), Execution time: mean = 0.00ms, total = 17.37ms, Queueing time: mean = 0.02ms, max = 0.25ms, min = -0.01ms, total = 143.10ms
	CoreWorker.ExitIfParentRayletDies - 840 total (1 active), Execution time: mean = 0.01ms, total = 4.49ms, Queueing time: mean = 0.02ms, max = 0.07ms, min = 0.00ms, total = 13.59ms
	CoreWorker.InternalHeartbeat - 840 total (1 active), Execution time: mean = 0.00ms, total = 2.09ms, Queueing time: mean = 0.02ms, max = 0.07ms, min = 0.00ms, total = 15.71ms
	CoreWorker.ReportWorkerBacklog - 840 total (1 active), Execution time: mean = 0.00ms, total = 2.57ms, Queueing time: mean = 0.02ms, max = 0.08ms, min = -0.01ms, total = 15.26ms
	CoreWorker.RecordMetrics - 168 total (1 active), Execution time: mean = 0.02ms, total = 3.23ms, Queueing time: mean = 0.01ms, max = 0.04ms, min = 0.00ms, total = 2.15ms
	CoreWorker.TryDelPendingObjectRefStreams - 84 total (1 active), Execution time: mean = 0.00ms, total = 0.14ms, Queueing time: mean = 0.03ms, max = 0.14ms, min = 0.00ms, total = 2.13ms
	CoreWorkerService.grpc_server.GetCoreWorkerStats - 56 total (0 active), Execution time: mean = 0.15ms, total = 8.50ms, Queueing time: mean = 0.00ms, max = -0.00ms, min = 9223372036854.78ms, total = 0.00ms
	CoreWorkerService.grpc_server.GetCoreWorkerStats.HandleRequestImpl - 56 total (0 active), Execution time: mean = 0.02ms, total = 1.34ms, Queueing time: mean = 0.02ms, max = 0.04ms, min = 0.01ms, total = 1.07ms
	CoreWorker.PrintEventStats - 14 total (1 active, 1 running), Execution time: mean = 0.14ms, total = 2.02ms, Queueing time: mean = 0.01ms, max = 0.03ms, min = -0.01ms, total = 0.15ms
	PeriodicalRunner.RunFnPeriodically - 8 total (0 active), Execution time: mean = 0.02ms, total = 0.14ms, Queueing time: mean = 0.08ms, max = 0.13ms, min = 0.01ms, total = 0.63ms
	Publisher.CheckDeadSubscribers - 3 total (1 active), Execution time: mean = 0.00ms, total = 0.00ms, Queueing time: mean = 0.00ms, max = 0.01ms, min = 0.01ms, total = 0.01ms
	ray::rpc::WorkerInfoGcsService.grpc_client.AddWorkerInfo.OnReplyReceived - 1 total (0 active), Execution time: mean = 0.03ms, total = 0.03ms, Queueing time: mean = 0.01ms, max = 0.01ms, min = 0.01ms, total = 0.01ms
	ray::rpc::WorkerInfoGcsService.grpc_client.AddWorkerInfo - 1 total (0 active), Execution time: mean = 0.41ms, total = 0.41ms, Queueing time: mean = 0.00ms, max = -0.00ms, min = 9223372036854.78ms, total = 0.00ms

-----------------
Task execution event stats:

Global stats: 83875 total (1 active)
Queueing time: mean = 0.01ms, max = 2.27ms, min = -0.05ms, total = 1146.63ms
Execution time:  mean = 0.00ms, total = 180.72ms
Event stats:
	CoreWorker.CheckSignal - 83874 total (1 active), Execution time: mean = 0.00ms, total = 180.72ms, Queueing time: mean = 0.01ms, max = 2.27ms, min = -0.05ms, total = 1146.62ms
	PeriodicalRunner.RunFnPeriodically - 1 total (0 active), Execution time: mean = 0.01ms, total = 0.01ms, Queueing time: mean = 0.00ms, max = 0.00ms, min = 0.00ms, total = 0.00ms

-----------------
Task Event stats:

IO Service Stats:

Global stats: 841 total (1 active)
Queueing time: mean = 0.03ms, max = 0.08ms, min = 0.01ms, total = 21.28ms
Execution time:  mean = 0.01ms, total = 8.29ms
Event stats:
	CoreWorker.deadline_timer.flush_task_events - 840 total (1 active), Execution time: mean = 0.01ms, total = 8.26ms, Queueing time: mean = 0.03ms, max = 0.08ms, min = 0.01ms, total = 21.27ms
	PeriodicalRunner.RunFnPeriodically - 1 total (0 active), Execution time: mean = 0.03ms, total = 0.03ms, Queueing time: mean = 0.01ms, max = 0.01ms, min = 0.01ms, total = 0.01ms
Other Stats:
	gcs_grpc_in_progress:0
	event_aggregator_grpc_in_progress:0
	current number of task status events in buffer: 0
	current number of profile events in buffer: 0
	current number of dropped task attempts tracked: 0
	total task events sent: 0 MiB
	total number of task attempts sent: 0
	total number of task attempts dropped reported: 0
	total number of sent failure: 0
	num status task events dropped: 0
	num profile task events dropped: 0
	num ray task events reported to aggregator: 0
	num ray task events failed to report to aggregator: 0
	num of task attempts dropped reported to aggregator: 0
	num of failed requests to aggregator: 0

