[2026-09-04 00:58:38,474 I 5435 5435] core_worker_process.cc:868: Constructing CoreWorkerProcess. pid: 5435
[2026-09-04 00:58:38,476 I 5435 5435] event.cc:499: Ray Event initialized for CORE_WORKER
[2026-09-04 00:58:38,477 I 5435 5435] event.cc:499: Ray Event initialized for EXPORT_TASK
[2026-09-04 00:58:38,477 I 5435 5435] event.cc:332: Set ray event level to warning
[2026-09-04 00:58:38,478 I 5435 5435] grpc_server.cc:144: worker server started, listening on port 20068.
[2026-09-04 00:58:38,479 I 5435 5435] core_worker_process.cc:299: Initializing worker at address: 10.244.18.139:20068 worker_id=ad7f334745250d6d749829935680b2074ec3cef83d6799d346b495e7 node_id=11215b0011fac4845f8eecab7d85f57fc12c4efc1ad3dce06ebdc204
[2026-09-04 00:58:38,479 I 5435 5435] task_event_buffer.cc:535: Reporting task events to GCS every 1000ms.
[2026-09-04 00:58:38,479 I 5435 5435] core_worker.cc:568: Adjusted worker niceness to 15
[2026-09-04 00:58:38,480 I 5435 5691] core_worker.cc:498: Event stats:


Global stats: 11 total (9 active)
Queueing time: mean = 0.00ms, max = 0.01ms, min = 0.00ms, total = 0.01ms
Execution time:  mean = 0.00ms, total = 0.01ms
Event stats:
	PeriodicalRunner.RunFnPeriodically - 8 total (6 active, 1 running), Execution time: mean = 0.00ms, total = 0.01ms, Queueing time: mean = 0.00ms, max = 0.01ms, min = 0.00ms, total = 0.01ms
	Publisher.CheckDeadSubscribers - 1 total (1 active), Execution time: mean = 0.00ms, total = 0.00ms, Queueing time: mean = 0.00ms, max = -0.00ms, min = 9223372036854.78ms, total = 0.00ms
	ray::rpc::WorkerInfoGcsService.grpc_client.AddWorkerInfo - 1 total (1 active), Execution time: mean = 0.00ms, total = 0.00ms, Queueing time: mean = 0.00ms, max = -0.00ms, min = 9223372036854.78ms, total = 0.00ms
	CoreWorker.ExitIfParentRayletDies - 1 total (1 active), Execution time: mean = 0.00ms, total = 0.00ms, Queueing time: mean = 0.00ms, max = -0.00ms, min = 9223372036854.78ms, total = 0.00ms

-----------------
Task execution event stats:

Global stats: 0 total (0 active)
Queueing time: mean = -nanms, max = -0.00ms, min = 9223372036854.78ms, total = 0.00ms
Execution time:  mean = -nanms, total = 0.00ms
Event stats:

-----------------
Task Event stats:

IO Service Stats:

Global stats: 2 total (1 active)
Queueing time: mean = 0.01ms, max = 0.02ms, min = 0.02ms, total = 0.02ms
Execution time:  mean = 0.01ms, total = 0.02ms
Event stats:
	CoreWorker.deadline_timer.flush_task_events - 1 total (1 active), Execution time: mean = 0.00ms, total = 0.00ms, Queueing time: mean = 0.00ms, max = -0.00ms, min = 9223372036854.78ms, total = 0.00ms
	PeriodicalRunner.RunFnPeriodically - 1 total (0 active), Execution time: mean = 0.02ms, total = 0.02ms, Queueing time: mean = 0.02ms, max = 0.02ms, min = 0.02ms, total = 0.02ms
Other Stats:
	gcs_grpc_in_progress:0
	event_aggregator_grpc_in_progress:0
	current number of task status events in buffer: 0
	current number of profile events in buffer: 0
	current number of dropped task attempts tracked: 0
	total task events sent: 0 MiB
	total number of task attempts sent: 0
	total number of task attempts dropped reported: 0
	total number of sent failure: 0
	num status task events dropped: 0
	num profile task events dropped: 0
	num ray task events reported to aggregator: 0
	num ray task events failed to report to aggregator: 0
	num of task attempts dropped reported to aggregator: 0
	num of failed requests to aggregator: 0

[2026-09-04 00:58:38,481 I 5435 5435] actor_task_submitter.cc:75: Set actor max pending calls to -1 actor_id=9c3e91ca16d46826f6e6cdc401000000
[2026-09-04 00:58:38,481 I 5435 5435] core_worker.cc:3112: Creating actor actor_id=9c3e91ca16d46826f6e6cdc401000000
[2026-09-04 00:59:01,642 I 5435 5435] task_receiver.cc:117: Actor creation task finished, task_id: ffffffffffffffff9c3e91ca16d46826f6e6cdc401000000, actor_id: 9c3e91ca16d46826f6e6cdc401000000, actor_repr_name: 
[2026-09-04 00:59:38,480 I 5435 5691] core_worker.cc:498: Event stats:


Global stats: 823 total (9 active)
Queueing time: mean = 0.02ms, max = 0.98ms, min = 0.00ms, total = 14.81ms
Execution time:  mean = 28.15ms, total = 23167.72ms
Event stats:
	CoreWorker.RecoverObjects - 600 total (1 active), Execution time: mean = 0.00ms, total = 1.39ms, Queueing time: mean = 0.02ms, max = 0.98ms, min = 0.00ms, total = 10.82ms
	CoreWorker.ExitIfParentRayletDies - 60 total (1 active), Execution time: mean = 0.01ms, total = 0.45ms, Queueing time: mean = 0.02ms, max = 0.04ms, min = 0.00ms, total = 0.97ms
	CoreWorker.InternalHeartbeat - 60 total (1 active), Execution time: mean = 0.00ms, total = 0.20ms, Queueing time: mean = 0.02ms, max = 0.64ms, min = 0.00ms, total = 1.11ms
	CoreWorker.ReportWorkerBacklog - 60 total (1 active), Execution time: mean = 0.00ms, total = 0.21ms, Queueing time: mean = 0.02ms, max = 0.64ms, min = 0.00ms, total = 1.11ms
	CoreWorker.RecordMetrics - 12 total (1 active), Execution time: mean = 0.10ms, total = 1.16ms, Queueing time: mean = 0.00ms, max = 0.01ms, min = 0.00ms, total = 0.04ms
	PeriodicalRunner.RunFnPeriodically - 8 total (0 active), Execution time: mean = 0.02ms, total = 0.13ms, Queueing time: mean = 0.07ms, max = 0.12ms, min = 0.00ms, total = 0.55ms
	CoreWorker.TryDelPendingObjectRefStreams - 6 total (1 active), Execution time: mean = 0.00ms, total = 0.01ms, Queueing time: mean = 0.01ms, max = 0.02ms, min = 0.01ms, total = 0.07ms
	CoreWorkerService.grpc_server.GetCoreWorkerStats.HandleRequestImpl - 4 total (0 active), Execution time: mean = 0.10ms, total = 0.40ms, Queueing time: mean = 0.02ms, max = 0.03ms, min = 0.01ms, total = 0.08ms
	CoreWorkerService.grpc_server.GetCoreWorkerStats - 4 total (0 active), Execution time: mean = 0.29ms, total = 1.15ms, Queueing time: mean = 0.00ms, max = -0.00ms, min = 9223372036854.78ms, total = 0.00ms
	CoreWorkerService.grpc_server.PushTask - 2 total (1 active), Execution time: mean = 11581.04ms, total = 23162.07ms, Queueing time: mean = 0.00ms, max = -0.00ms, min = 9223372036854.78ms, total = 0.00ms
	CoreWorkerService.grpc_server.PushTask.HandleRequestImpl - 2 total (0 active), Execution time: mean = 0.09ms, total = 0.17ms, Queueing time: mean = 0.02ms, max = 0.03ms, min = 0.01ms, total = 0.04ms
	Publisher.CheckDeadSubscribers - 1 total (1 active), Execution time: mean = 0.00ms, total = 0.00ms, Queueing time: mean = 0.00ms, max = -0.00ms, min = 9223372036854.78ms, total = 0.00ms
	ray::rpc::WorkerInfoGcsService.grpc_client.AddWorkerInfo.OnReplyReceived - 1 total (0 active), Execution time: mean = 0.03ms, total = 0.03ms, Queueing time: mean = 0.01ms, max = 0.01ms, min = 0.01ms, total = 0.01ms
	CoreWorker.PrintEventStats - 1 total (1 active, 1 running), Execution time: mean = 0.00ms, total = 0.00ms, Queueing time: mean = 0.00ms, max = -0.00ms, min = 9223372036854.78ms, total = 0.00ms
	ray::rpc::WorkerInfoGcsService.grpc_client.AddWorkerInfo - 1 total (0 active), Execution time: mean = 0.35ms, total = 0.35ms, Queueing time: mean = 0.00ms, max = -0.00ms, min = 9223372036854.78ms, total = 0.00ms
	Publisher.PublishFailure.WORKER_OBJECT_LOCATIONS_CHANNEL - 1 total (0 active), Execution time: mean = 0.01ms, total = 0.01ms, Queueing time: mean = 0.01ms, max = 0.01ms, min = 0.01ms, total = 0.01ms

-----------------
Task execution event stats:

Global stats: 5 total (2 active)
Queueing time: mean = 4630.39ms, max = 23151.96ms, min = 0.00ms, total = 23151.97ms
Execution time:  mean = 4632.37ms, total = 23161.83ms
Event stats:
	CoreWorker.CheckSignal - 2 total (1 active), Execution time: mean = 0.00ms, total = 0.00ms, Queueing time: mean = 11575.98ms, max = 23151.96ms, min = 23151.96ms, total = 23151.96ms
	CoreWorker.HandlePushTask - 1 total (0 active), Execution time: mean = 23161.82ms, total = 23161.82ms, Queueing time: mean = 0.00ms, max = 0.00ms, min = 0.00ms, total = 0.00ms
	CoreWorker.HandlePushTaskActor - 1 total (1 active, 1 running), Execution time: mean = 0.00ms, total = 0.00ms, Queueing time: mean = 0.00ms, max = -0.00ms, min = 9223372036854.78ms, total = 0.00ms
	PeriodicalRunner.RunFnPeriodically - 1 total (0 active), Execution time: mean = 0.01ms, total = 0.01ms, Queueing time: mean = 0.00ms, max = 0.00ms, min = 0.00ms, total = 0.00ms

-----------------
Task Event stats:

IO Service Stats:

Global stats: 65 total (1 active)
Queueing time: mean = 0.02ms, max = 0.04ms, min = 0.01ms, total = 1.41ms
Execution time:  mean = 0.04ms, total = 2.31ms
Event stats:
	CoreWorker.deadline_timer.flush_task_events - 60 total (1 active), Execution time: mean = 0.02ms, total = 1.06ms, Queueing time: mean = 0.02ms, max = 0.04ms, min = 0.01ms, total = 1.38ms
	ray::rpc::TaskInfoGcsService.grpc_client.AddTaskEventData - 2 total (0 active), Execution time: mean = 0.58ms, total = 1.16ms, Queueing time: mean = 0.00ms, max = -0.00ms, min = 9223372036854.78ms, total = 0.00ms
	ray::rpc::TaskInfoGcsService.grpc_client.AddTaskEventData.OnReplyReceived - 2 total (0 active), Execution time: mean = 0.03ms, total = 0.07ms, Queueing time: mean = 0.01ms, max = 0.01ms, min = 0.01ms, total = 0.02ms
	PeriodicalRunner.RunFnPeriodically - 1 total (0 active), Execution time: mean = 0.02ms, total = 0.02ms, Queueing time: mean = 0.02ms, max = 0.02ms, min = 0.02ms, total = 0.02ms
Other Stats:
	gcs_grpc_in_progress:0
	event_aggregator_grpc_in_progress:0
	current number of task status events in buffer: 0
	current number of profile events in buffer: 0
	current number of dropped task attempts tracked: 0
	total task events sent: 0.00057888 MiB
	total number of task attempts sent: 3
	total number of task attempts dropped reported: 0
	total number of sent failure: 0
	num status task events dropped: 0
	num profile task events dropped: 0
	num ray task events reported to aggregator: 0
	num ray task events failed to report to aggregator: 0
	num of task attempts dropped reported to aggregator: 0
	num of failed requests to aggregator: 0

[2026-09-04 01:00:38,480 I 5435 5691] core_worker.cc:498: Event stats:


Global stats: 1630 total (8 active)
Queueing time: mean = 0.02ms, max = 0.98ms, min = 0.00ms, total = 29.51ms
Execution time:  mean = 40.40ms, total = 65855.11ms
Event stats:
	CoreWorker.RecoverObjects - 1200 total (1 active), Execution time: mean = 0.00ms, total = 2.57ms, Queueing time: mean = 0.02ms, max = 0.98ms, min = 0.00ms, total = 21.64ms
	CoreWorker.ExitIfParentRayletDies - 120 total (1 active), Execution time: mean = 0.01ms, total = 0.87ms, Queueing time: mean = 0.02ms, max = 0.04ms, min = 0.00ms, total = 1.93ms
	CoreWorker.InternalHeartbeat - 120 total (1 active), Execution time: mean = 0.00ms, total = 0.38ms, Queueing time: mean = 0.02ms, max = 0.64ms, min = 0.00ms, total = 2.31ms
	CoreWorker.ReportWorkerBacklog - 120 total (1 active), Execution time: mean = 0.00ms, total = 0.40ms, Queueing time: mean = 0.02ms, max = 0.64ms, min = 0.00ms, total = 2.30ms
	CoreWorker.RecordMetrics - 24 total (1 active), Execution time: mean = 0.07ms, total = 1.64ms, Queueing time: mean = 0.01ms, max = 0.02ms, min = 0.00ms, total = 0.18ms
	CoreWorker.TryDelPendingObjectRefStreams - 12 total (1 active), Execution time: mean = 0.00ms, total = 0.03ms, Queueing time: mean = 0.03ms, max = 0.18ms, min = 0.01ms, total = 0.32ms
	PeriodicalRunner.RunFnPeriodically - 8 total (0 active), Execution time: mean = 0.02ms, total = 0.13ms, Queueing time: mean = 0.07ms, max = 0.12ms, min = 0.00ms, total = 0.55ms
	CoreWorkerService.grpc_server.GetCoreWorkerStats.HandleRequestImpl - 8 total (0 active), Execution time: mean = 0.07ms, total = 0.59ms, Queueing time: mean = 0.03ms, max = 0.04ms, min = 0.01ms, total = 0.20ms
	CoreWorkerService.grpc_server.GetCoreWorkerStats - 8 total (0 active), Execution time: mean = 0.29ms, total = 2.33ms, Queueing time: mean = 0.00ms, max = -0.00ms, min = 9223372036854.78ms, total = 0.00ms
	CoreWorkerService.grpc_server.PushTask - 2 total (0 active), Execution time: mean = 32922.69ms, total = 65845.37ms, Queueing time: mean = 0.00ms, max = -0.00ms, min = 9223372036854.78ms, total = 0.00ms
	CoreWorker.PrintEventStats - 2 total (1 active, 1 running), Execution time: mean = 0.12ms, total = 0.24ms, Queueing time: mean = 0.02ms, max = 0.03ms, min = 0.03ms, total = 0.03ms
	CoreWorkerService.grpc_server.PushTask.HandleRequestImpl - 2 total (0 active), Execution time: mean = 0.09ms, total = 0.17ms, Queueing time: mean = 0.02ms, max = 0.03ms, min = 0.01ms, total = 0.04ms
	Publisher.CheckDeadSubscribers - 1 total (1 active), Execution time: mean = 0.00ms, total = 0.00ms, Queueing time: mean = 0.00ms, max = -0.00ms, min = 9223372036854.78ms, total = 0.00ms
	ray::rpc::WorkerInfoGcsService.grpc_client.AddWorkerInfo.OnReplyReceived - 1 total (0 active), Execution time: mean = 0.03ms, total = 0.03ms, Queueing time: mean = 0.01ms, max = 0.01ms, min = 0.01ms, total = 0.01ms
	ray::rpc::WorkerInfoGcsService.grpc_client.AddWorkerInfo - 1 total (0 active), Execution time: mean = 0.35ms, total = 0.35ms, Queueing time: mean = 0.00ms, max = -0.00ms, min = 9223372036854.78ms, total = 0.00ms
	Publisher.PublishFailure.WORKER_OBJECT_LOCATIONS_CHANNEL - 1 total (0 active), Execution time: mean = 0.01ms, total = 0.01ms, Queueing time: mean = 0.01ms, max = 0.01ms, min = 0.01ms, total = 0.01ms

-----------------
Task execution event stats:

Global stats: 5412 total (1 active)
Queueing time: mean = 12.18ms, max = 42674.81ms, min = 0.00ms, total = 65907.54ms
Execution time:  mean = 12.17ms, total = 65856.66ms
Event stats:
	CoreWorker.CheckSignal - 5409 total (1 active), Execution time: mean = 0.00ms, total = 11.94ms, Queueing time: mean = 12.18ms, max = 42674.81ms, min = 0.00ms, total = 65907.52ms
	CoreWorker.HandlePushTask - 1 total (0 active), Execution time: mean = 23161.82ms, total = 23161.82ms, Queueing time: mean = 0.00ms, max = 0.00ms, min = 0.00ms, total = 0.00ms
	CoreWorker.HandlePushTaskActor - 1 total (0 active), Execution time: mean = 42682.90ms, total = 42682.90ms, Queueing time: mean = 0.01ms, max = 0.01ms, min = 0.01ms, total = 0.01ms
	PeriodicalRunner.RunFnPeriodically - 1 total (0 active), Execution time: mean = 0.01ms, total = 0.01ms, Queueing time: mean = 0.00ms, max = 0.00ms, min = 0.00ms, total = 0.00ms

-----------------
Task Event stats:

IO Service Stats:

Global stats: 127 total (1 active)
Queueing time: mean = 0.02ms, max = 0.04ms, min = 0.01ms, total = 2.79ms
Execution time:  mean = 0.03ms, total = 4.02ms
Event stats:
	CoreWorker.deadline_timer.flush_task_events - 120 total (1 active), Execution time: mean = 0.02ms, total = 1.95ms, Queueing time: mean = 0.02ms, max = 0.04ms, min = 0.01ms, total = 2.72ms
	ray::rpc::TaskInfoGcsService.grpc_client.AddTaskEventData - 3 total (0 active), Execution time: mean = 0.64ms, total = 1.92ms, Queueing time: mean = 0.00ms, max = -0.00ms, min = 9223372036854.78ms, total = 0.00ms
	ray::rpc::TaskInfoGcsService.grpc_client.AddTaskEventData.OnReplyReceived - 3 total (0 active), Execution time: mean = 0.04ms, total = 0.12ms, Queueing time: mean = 0.02ms, max = 0.04ms, min = 0.01ms, total = 0.05ms
	PeriodicalRunner.RunFnPeriodically - 1 total (0 active), Execution time: mean = 0.02ms, total = 0.02ms, Queueing time: mean = 0.02ms, max = 0.02ms, min = 0.02ms, total = 0.02ms
Other Stats:
	gcs_grpc_in_progress:0
	event_aggregator_grpc_in_progress:0
	current number of task status events in buffer: 0
	current number of profile events in buffer: 0
	current number of dropped task attempts tracked: 0
	total task events sent: 0.000879288 MiB
	total number of task attempts sent: 4
	total number of task attempts dropped reported: 0
	total number of sent failure: 0
	num status task events dropped: 0
	num profile task events dropped: 0
	num ray task events reported to aggregator: 0
	num ray task events failed to report to aggregator: 0
	num of task attempts dropped reported to aggregator: 0
	num of failed requests to aggregator: 0

[2026-09-04 01:01:07,023 I 5435 5435] actor_task_submitter.cc:75: Set actor max pending calls to -1 actor_id=d28ba253ea30b119e5f1cd4601000000
[2026-09-04 01:01:09,507 I 5435 5435] actor_task_submitter.cc:75: Set actor max pending calls to -1 actor_id=8dae30371bc91c9a2918000601000000
[2026-09-04 01:01:09,509 I 5435 5435] actor_task_submitter.cc:75: Set actor max pending calls to -1 actor_id=c9d941681c020834fe7847db01000000
[2026-09-04 01:01:38,480 I 5435 5691] core_worker.cc:498: Event stats:


Global stats: 2455 total (10 active)
Queueing time: mean = 0.02ms, max = 0.98ms, min = 0.00ms, total = 44.91ms
Execution time:  mean = 34.71ms, total = 85215.58ms
Event stats:
	CoreWorker.RecoverObjects - 1800 total (1 active), Execution time: mean = 0.00ms, total = 3.93ms, Queueing time: mean = 0.02ms, max = 0.98ms, min = 0.00ms, total = 32.81ms
	CoreWorker.ExitIfParentRayletDies - 180 total (1 active), Execution time: mean = 0.01ms, total = 1.30ms, Queueing time: mean = 0.02ms, max = 0.04ms, min = 0.00ms, total = 2.95ms
	CoreWorker.ReportWorkerBacklog - 180 total (1 active), Execution time: mean = 0.00ms, total = 0.60ms, Queueing time: mean = 0.02ms, max = 0.64ms, min = 0.00ms, total = 3.52ms
	CoreWorker.InternalHeartbeat - 180 total (1 active), Execution time: mean = 0.00ms, total = 0.59ms, Queueing time: mean = 0.02ms, max = 0.64ms, min = 0.00ms, total = 3.54ms
	CoreWorker.RecordMetrics - 36 total (1 active), Execution time: mean = 0.06ms, total = 2.27ms, Queueing time: mean = 0.01ms, max = 0.04ms, min = 0.00ms, total = 0.37ms
	CoreWorker.TryDelPendingObjectRefStreams - 18 total (1 active), Execution time: mean = 0.00ms, total = 0.04ms, Queueing time: mean = 0.03ms, max = 0.18ms, min = 0.01ms, total = 0.51ms
	CoreWorkerService.grpc_server.GetCoreWorkerStats - 12 total (0 active), Execution time: mean = 0.28ms, total = 3.36ms, Queueing time: mean = 0.00ms, max = -0.00ms, min = 9223372036854.78ms, total = 0.00ms
	CoreWorkerService.grpc_server.GetCoreWorkerStats.HandleRequestImpl - 12 total (0 active), Execution time: mean = 0.06ms, total = 0.73ms, Queueing time: mean = 0.02ms, max = 0.04ms, min = 0.01ms, total = 0.29ms
	PeriodicalRunner.RunFnPeriodically - 8 total (0 active), Execution time: mean = 0.02ms, total = 0.13ms, Queueing time: mean = 0.07ms, max = 0.12ms, min = 0.00ms, total = 0.55ms
	CoreWorkerService.grpc_server.PushTask - 6 total (0 active), Execution time: mean = 14200.12ms, total = 85200.72ms, Queueing time: mean = 0.00ms, max = -0.00ms, min = 9223372036854.78ms, total = 0.00ms
	CoreWorkerService.grpc_server.PushTask.HandleRequestImpl - 6 total (0 active), Execution time: mean = 0.07ms, total = 0.43ms, Queueing time: mean = 0.03ms, max = 0.05ms, min = 0.01ms, total = 0.15ms
	CoreWorkerService.grpc_server.PubsubCommandBatch - 3 total (0 active), Execution time: mean = 0.18ms, total = 0.53ms, Queueing time: mean = 0.00ms, max = -0.00ms, min = 9223372036854.78ms, total = 0.00ms
	CoreWorker.PrintEventStats - 3 total (1 active, 1 running), Execution time: mean = 0.14ms, total = 0.43ms, Queueing time: mean = 0.01ms, max = 0.03ms, min = 0.01ms, total = 0.04ms
	CoreWorkerService.grpc_server.PubsubCommandBatch.HandleRequestImpl - 3 total (0 active), Execution time: mean = 0.03ms, total = 0.10ms, Queueing time: mean = 0.02ms, max = 0.03ms, min = 0.01ms, total = 0.06ms
	CoreWorkerService.grpc_server.PubsubLongPolling.HandleRequestImpl - 2 total (0 active), Execution time: mean = 0.02ms, total = 0.03ms, Queueing time: mean = 0.04ms, max = 0.05ms, min = 0.04ms, total = 0.08ms
	CoreWorkerService.grpc_server.PubsubLongPolling - 2 total (2 active), Execution time: mean = 0.00ms, total = 0.00ms, Queueing time: mean = 0.00ms, max = -0.00ms, min = 9223372036854.78ms, total = 0.00ms
	ray::rpc::WorkerInfoGcsService.grpc_client.AddWorkerInfo - 1 total (0 active), Execution time: mean = 0.35ms, total = 0.35ms, Queueing time: mean = 0.00ms, max = -0.00ms, min = 9223372036854.78ms, total = 0.00ms
	ray::rpc::WorkerInfoGcsService.grpc_client.AddWorkerInfo.OnReplyReceived - 1 total (0 active), Execution time: mean = 0.03ms, total = 0.03ms, Queueing time: mean = 0.01ms, max = 0.01ms, min = 0.01ms, total = 0.01ms
	Publisher.CheckDeadSubscribers - 1 total (1 active), Execution time: mean = 0.00ms, total = 0.00ms, Queueing time: mean = 0.00ms, max = -0.00ms, min = 9223372036854.78ms, total = 0.00ms
	Publisher.PublishFailure.WORKER_OBJECT_LOCATIONS_CHANNEL - 1 total (0 active), Execution time: mean = 0.01ms, total = 0.01ms, Queueing time: mean = 0.01ms, max = 0.01ms, min = 0.01ms, total = 0.01ms

-----------------
Task execution event stats:

Global stats: 9476 total (1 active)
Queueing time: mean = 9.00ms, max = 42674.81ms, min = -0.01ms, total = 85298.34ms
Execution time:  mean = 8.99ms, total = 85221.85ms
Event stats:
	CoreWorker.CheckSignal - 9469 total (1 active), Execution time: mean = 0.00ms, total = 22.75ms, Queueing time: mean = 9.01ms, max = 42674.81ms, min = -0.01ms, total = 85298.25ms
	CoreWorker.HandlePushTaskActor - 5 total (0 active), Execution time: mean = 12407.45ms, total = 62037.27ms, Queueing time: mean = 0.02ms, max = 0.02ms, min = 0.01ms, total = 0.08ms
	CoreWorker.HandlePushTask - 1 total (0 active), Execution time: mean = 23161.82ms, total = 23161.82ms, Queueing time: mean = 0.00ms, max = 0.00ms, min = 0.00ms, total = 0.00ms
	PeriodicalRunner.RunFnPeriodically - 1 total (0 active), Execution time: mean = 0.01ms, total = 0.01ms, Queueing time: mean = 0.00ms, max = 0.00ms, min = 0.00ms, total = 0.00ms

-----------------
Task Event stats:

IO Service Stats:

Global stats: 197 total (1 active)
Queueing time: mean = 0.02ms, max = 0.05ms, min = 0.01ms, total = 4.14ms
Execution time:  mean = 0.04ms, total = 8.77ms
Event stats:
	CoreWorker.deadline_timer.flush_task_events - 180 total (1 active), Execution time: mean = 0.02ms, total = 3.62ms, Queueing time: mean = 0.02ms, max = 0.05ms, min = 0.01ms, total = 4.00ms
	ray::rpc::TaskInfoGcsService.grpc_client.AddTaskEventData - 8 total (0 active), Execution time: mean = 0.60ms, total = 4.83ms, Queueing time: mean = 0.00ms, max = -0.00ms, min = 9223372036854.78ms, total = 0.00ms
	ray::rpc::TaskInfoGcsService.grpc_client.AddTaskEventData.OnReplyReceived - 8 total (0 active), Execution time: mean = 0.04ms, total = 0.30ms, Queueing time: mean = 0.02ms, max = 0.04ms, min = 0.01ms, total = 0.12ms
	PeriodicalRunner.RunFnPeriodically - 1 total (0 active), Execution time: mean = 0.02ms, total = 0.02ms, Queueing time: mean = 0.02ms, max = 0.02ms, min = 0.02ms, total = 0.02ms
Other Stats:
	gcs_grpc_in_progress:0
	event_aggregator_grpc_in_progress:0
	current number of task status events in buffer: 0
	current number of profile events in buffer: 0
	current number of dropped task attempts tracked: 0
	total task events sent: 0.0027256 MiB
	total number of task attempts sent: 11
	total number of task attempts dropped reported: 0
	total number of sent failure: 0
	num status task events dropped: 0
	num profile task events dropped: 0
	num ray task events reported to aggregator: 0
	num ray task events failed to report to aggregator: 0
	num of task attempts dropped reported to aggregator: 0
	num of failed requests to aggregator: 0

[2026-09-04 01:02:38,480 I 5435 5691] core_worker.cc:498: Event stats:


Global stats: 3262 total (10 active)
Queueing time: mean = 0.02ms, max = 0.98ms, min = 0.00ms, total = 64.28ms
Execution time:  mean = 26.12ms, total = 85219.35ms
Event stats:
	CoreWorker.RecoverObjects - 2400 total (1 active), Execution time: mean = 0.00ms, total = 5.46ms, Queueing time: mean = 0.02ms, max = 0.98ms, min = 0.00ms, total = 47.14ms
	CoreWorker.ExitIfParentRayletDies - 240 total (1 active), Execution time: mean = 0.01ms, total = 1.57ms, Queueing time: mean = 0.02ms, max = 0.04ms, min = 0.00ms, total = 4.37ms
	CoreWorker.ReportWorkerBacklog - 240 total (1 active), Execution time: mean = 0.00ms, total = 0.76ms, Queueing time: mean = 0.02ms, max = 0.64ms, min = 0.00ms, total = 5.06ms
	CoreWorker.InternalHeartbeat - 240 total (1 active), Execution time: mean = 0.00ms, total = 0.74ms, Queueing time: mean = 0.02ms, max = 0.64ms, min = 0.00ms, total = 5.09ms
	CoreWorker.RecordMetrics - 48 total (1 active), Execution time: mean = 0.06ms, total = 2.74ms, Queueing time: mean = 0.01ms, max = 0.04ms, min = 0.00ms, total = 0.59ms
	CoreWorker.TryDelPendingObjectRefStreams - 24 total (1 active), Execution time: mean = 0.00ms, total = 0.05ms, Queueing time: mean = 0.03ms, max = 0.18ms, min = 0.00ms, total = 0.71ms
	CoreWorkerService.grpc_server.GetCoreWorkerStats - 16 total (0 active), Execution time: mean = 0.26ms, total = 4.15ms, Queueing time: mean = 0.00ms, max = -0.00ms, min = 9223372036854.78ms, total = 0.00ms
	CoreWorkerService.grpc_server.GetCoreWorkerStats.HandleRequestImpl - 16 total (0 active), Execution time: mean = 0.06ms, total = 0.90ms, Queueing time: mean = 0.03ms, max = 0.04ms, min = 0.01ms, total = 0.40ms
	PeriodicalRunner.RunFnPeriodically - 8 total (0 active), Execution time: mean = 0.02ms, total = 0.13ms, Queueing time: mean = 0.07ms, max = 0.12ms, min = 0.00ms, total = 0.55ms
	CoreWorkerService.grpc_server.PushTask - 6 total (0 active), Execution time: mean = 14200.12ms, total = 85200.72ms, Queueing time: mean = 0.00ms, max = -0.00ms, min = 9223372036854.78ms, total = 0.00ms
	CoreWorkerService.grpc_server.PushTask.HandleRequestImpl - 6 total (0 active), Execution time: mean = 0.07ms, total = 0.43ms, Queueing time: mean = 0.03ms, max = 0.05ms, min = 0.01ms, total = 0.15ms
	CoreWorker.PrintEventStats - 4 total (1 active, 1 running), Execution time: mean = 0.16ms, total = 0.65ms, Queueing time: mean = 0.01ms, max = 0.03ms, min = 0.01ms, total = 0.05ms
	CoreWorkerService.grpc_server.PubsubCommandBatch - 3 total (0 active), Execution time: mean = 0.18ms, total = 0.53ms, Queueing time: mean = 0.00ms, max = -0.00ms, min = 9223372036854.78ms, total = 0.00ms
	CoreWorkerService.grpc_server.PubsubCommandBatch.HandleRequestImpl - 3 total (0 active), Execution time: mean = 0.03ms, total = 0.10ms, Queueing time: mean = 0.02ms, max = 0.03ms, min = 0.01ms, total = 0.06ms
	CoreWorkerService.grpc_server.PubsubLongPolling.HandleRequestImpl - 2 total (0 active), Execution time: mean = 0.02ms, total = 0.03ms, Queueing time: mean = 0.04ms, max = 0.05ms, min = 0.04ms, total = 0.08ms
	CoreWorkerService.grpc_server.PubsubLongPolling - 2 total (2 active), Execution time: mean = 0.00ms, total = 0.00ms, Queueing time: mean = 0.00ms, max = -0.00ms, min = 9223372036854.78ms, total = 0.00ms
	ray::rpc::WorkerInfoGcsService.grpc_client.AddWorkerInfo - 1 total (0 active), Execution time: mean = 0.35ms, total = 0.35ms, Queueing time: mean = 0.00ms, max = -0.00ms, min = 9223372036854.78ms, total = 0.00ms
	ray::rpc::WorkerInfoGcsService.grpc_client.AddWorkerInfo.OnReplyReceived - 1 total (0 active), Execution time: mean = 0.03ms, total = 0.03ms, Queueing time: mean = 0.01ms, max = 0.01ms, min = 0.01ms, total = 0.01ms
	Publisher.CheckDeadSubscribers - 1 total (1 active), Execution time: mean = 0.00ms, total = 0.00ms, Queueing time: mean = 0.00ms, max = -0.00ms, min = 9223372036854.78ms, total = 0.00ms
	Publisher.PublishFailure.WORKER_OBJECT_LOCATIONS_CHANNEL - 1 total (0 active), Execution time: mean = 0.01ms, total = 0.01ms, Queueing time: mean = 0.01ms, max = 0.01ms, min = 0.01ms, total = 0.01ms

-----------------
Task execution event stats:

Global stats: 15462 total (1 active)
Queueing time: mean = 5.52ms, max = 42674.81ms, min = -0.02ms, total = 85423.60ms
Execution time:  mean = 5.51ms, total = 85239.79ms
Event stats:
	CoreWorker.CheckSignal - 15455 total (1 active), Execution time: mean = 0.00ms, total = 40.69ms, Queueing time: mean = 5.53ms, max = 42674.81ms, min = -0.02ms, total = 85423.52ms
	CoreWorker.HandlePushTaskActor - 5 total (0 active), Execution time: mean = 12407.45ms, total = 62037.27ms, Queueing time: mean = 0.02ms, max = 0.02ms, min = 0.01ms, total = 0.08ms
	CoreWorker.HandlePushTask - 1 total (0 active), Execution time: mean = 23161.82ms, total = 23161.82ms, Queueing time: mean = 0.00ms, max = 0.00ms, min = 0.00ms, total = 0.00ms
	PeriodicalRunner.RunFnPeriodically - 1 total (0 active), Execution time: mean = 0.01ms, total = 0.01ms, Queueing time: mean = 0.00ms, max = 0.00ms, min = 0.00ms, total = 0.00ms

-----------------
Task Event stats:

IO Service Stats:

Global stats: 257 total (1 active)
Queueing time: mean = 0.02ms, max = 0.07ms, min = 0.01ms, total = 5.66ms
Execution time:  mean = 0.04ms, total = 9.30ms
Event stats:
	CoreWorker.deadline_timer.flush_task_events - 240 total (1 active), Execution time: mean = 0.02ms, total = 4.15ms, Queueing time: mean = 0.02ms, max = 0.07ms, min = 0.01ms, total = 5.53ms
	ray::rpc::TaskInfoGcsService.grpc_client.AddTaskEventData - 8 total (0 active), Execution time: mean = 0.60ms, total = 4.83ms, Queueing time: mean = 0.00ms, max = -0.00ms, min = 9223372036854.78ms, total = 0.00ms
	ray::rpc::TaskInfoGcsService.grpc_client.AddTaskEventData.OnReplyReceived - 8 total (0 active), Execution time: mean = 0.04ms, total = 0.30ms, Queueing time: mean = 0.02ms, max = 0.04ms, min = 0.01ms, total = 0.12ms
	PeriodicalRunner.RunFnPeriodically - 1 total (0 active), Execution time: mean = 0.02ms, total = 0.02ms, Queueing time: mean = 0.02ms, max = 0.02ms, min = 0.02ms, total = 0.02ms
Other Stats:
	gcs_grpc_in_progress:0
	event_aggregator_grpc_in_progress:0
	current number of task status events in buffer: 0
	current number of profile events in buffer: 0
	current number of dropped task attempts tracked: 0
	total task events sent: 0.0027256 MiB
	total number of task attempts sent: 11
	total number of task attempts dropped reported: 0
	total number of sent failure: 0
	num status task events dropped: 0
	num profile task events dropped: 0
	num ray task events reported to aggregator: 0
	num ray task events failed to report to aggregator: 0
	num of task attempts dropped reported to aggregator: 0
	num of failed requests to aggregator: 0

[2026-09-04 01:03:38,481 I 5435 5691] core_worker.cc:498: Event stats:


Global stats: 4070 total (10 active)
Queueing time: mean = 0.02ms, max = 0.98ms, min = 0.00ms, total = 76.06ms
Execution time:  mean = 20.94ms, total = 85223.00ms
Event stats:
	CoreWorker.RecoverObjects - 3000 total (1 active), Execution time: mean = 0.00ms, total = 6.65ms, Queueing time: mean = 0.02ms, max = 0.98ms, min = 0.00ms, total = 55.97ms
	CoreWorker.ExitIfParentRayletDies - 300 total (1 active), Execution time: mean = 0.01ms, total = 1.94ms, Queueing time: mean = 0.02ms, max = 0.04ms, min = 0.00ms, total = 5.12ms
	CoreWorker.ReportWorkerBacklog - 300 total (1 active), Execution time: mean = 0.00ms, total = 0.96ms, Queueing time: mean = 0.02ms, max = 0.64ms, min = 0.00ms, total = 5.96ms
	CoreWorker.InternalHeartbeat - 300 total (1 active), Execution time: mean = 0.00ms, total = 0.98ms, Queueing time: mean = 0.02ms, max = 0.64ms, min = 0.00ms, total = 5.95ms
	CoreWorker.RecordMetrics - 60 total (1 active), Execution time: mean = 0.05ms, total = 3.17ms, Queueing time: mean = 0.01ms, max = 0.04ms, min = 0.00ms, total = 0.72ms
	CoreWorker.TryDelPendingObjectRefStreams - 30 total (1 active), Execution time: mean = 0.00ms, total = 0.07ms, Queueing time: mean = 0.03ms, max = 0.18ms, min = 0.00ms, total = 0.91ms
	CoreWorkerService.grpc_server.GetCoreWorkerStats - 20 total (0 active), Execution time: mean = 0.25ms, total = 5.01ms, Queueing time: mean = 0.00ms, max = -0.00ms, min = 9223372036854.78ms, total = 0.00ms
	CoreWorkerService.grpc_server.GetCoreWorkerStats.HandleRequestImpl - 20 total (0 active), Execution time: mean = 0.05ms, total = 1.04ms, Queueing time: mean = 0.02ms, max = 0.04ms, min = 0.01ms, total = 0.49ms
	PeriodicalRunner.RunFnPeriodically - 8 total (0 active), Execution time: mean = 0.02ms, total = 0.13ms, Queueing time: mean = 0.07ms, max = 0.12ms, min = 0.00ms, total = 0.55ms
	CoreWorkerService.grpc_server.PushTask - 6 total (0 active), Execution time: mean = 14200.12ms, total = 85200.72ms, Queueing time: mean = 0.00ms, max = -0.00ms, min = 9223372036854.78ms, total = 0.00ms
	CoreWorkerService.grpc_server.PushTask.HandleRequestImpl - 6 total (0 active), Execution time: mean = 0.07ms, total = 0.43ms, Queueing time: mean = 0.03ms, max = 0.05ms, min = 0.01ms, total = 0.15ms
	CoreWorker.PrintEventStats - 5 total (1 active, 1 running), Execution time: mean = 0.17ms, total = 0.86ms, Queueing time: mean = 0.01ms, max = 0.03ms, min = 0.01ms, total = 0.07ms
	CoreWorkerService.grpc_server.PubsubCommandBatch - 3 total (0 active), Execution time: mean = 0.18ms, total = 0.53ms, Queueing time: mean = 0.00ms, max = -0.00ms, min = 9223372036854.78ms, total = 0.00ms
	CoreWorkerService.grpc_server.PubsubCommandBatch.HandleRequestImpl - 3 total (0 active), Execution time: mean = 0.03ms, total = 0.10ms, Queueing time: mean = 0.02ms, max = 0.03ms, min = 0.01ms, total = 0.06ms
	Publisher.CheckDeadSubscribers - 2 total (1 active), Execution time: mean = 0.00ms, total = 0.00ms, Queueing time: mean = 0.00ms, max = 0.00ms, min = 0.00ms, total = 0.00ms
	CoreWorkerService.grpc_server.PubsubLongPolling.HandleRequestImpl - 2 total (0 active), Execution time: mean = 0.02ms, total = 0.03ms, Queueing time: mean = 0.04ms, max = 0.05ms, min = 0.04ms, total = 0.08ms
	CoreWorkerService.grpc_server.PubsubLongPolling - 2 total (2 active), Execution time: mean = 0.00ms, total = 0.00ms, Queueing time: mean = 0.00ms, max = -0.00ms, min = 9223372036854.78ms, total = 0.00ms
	ray::rpc::WorkerInfoGcsService.grpc_client.AddWorkerInfo - 1 total (0 active), Execution time: mean = 0.35ms, total = 0.35ms, Queueing time: mean = 0.00ms, max = -0.00ms, min = 9223372036854.78ms, total = 0.00ms
	ray::rpc::WorkerInfoGcsService.grpc_client.AddWorkerInfo.OnReplyReceived - 1 total (0 active), Execution time: mean = 0.03ms, total = 0.03ms, Queueing time: mean = 0.01ms, max = 0.01ms, min = 0.01ms, total = 0.01ms
	Publisher.PublishFailure.WORKER_OBJECT_LOCATIONS_CHANNEL - 1 total (0 active), Execution time: mean = 0.01ms, total = 0.01ms, Queueing time: mean = 0.01ms, max = 0.01ms, min = 0.01ms, total = 0.01ms

-----------------
Task execution event stats:

Global stats: 21454 total (1 active)
Queueing time: mean = 3.99ms, max = 42674.81ms, min = -0.02ms, total = 85505.09ms
Execution time:  mean = 3.97ms, total = 85250.65ms
Event stats:
	CoreWorker.CheckSignal - 21447 total (1 active), Execution time: mean = 0.00ms, total = 51.55ms, Queueing time: mean = 3.99ms, max = 42674.81ms, min = -0.02ms, total = 85505.00ms
	CoreWorker.HandlePushTaskActor - 5 total (0 active), Execution time: mean = 12407.45ms, total = 62037.27ms, Queueing time: mean = 0.02ms, max = 0.02ms, min = 0.01ms, total = 0.08ms
	CoreWorker.HandlePushTask - 1 total (0 active), Execution time: mean = 23161.82ms, total = 23161.82ms, Queueing time: mean = 0.00ms, max = 0.00ms, min = 0.00ms, total = 0.00ms
	PeriodicalRunner.RunFnPeriodically - 1 total (0 active), Execution time: mean = 0.01ms, total = 0.01ms, Queueing time: mean = 0.00ms, max = 0.00ms, min = 0.00ms, total = 0.00ms

-----------------
Task Event stats:

IO Service Stats:

Global stats: 317 total (1 active)
Queueing time: mean = 0.02ms, max = 0.07ms, min = 0.01ms, total = 7.00ms
Execution time:  mean = 0.03ms, total = 9.97ms
Event stats:
	CoreWorker.deadline_timer.flush_task_events - 300 total (1 active), Execution time: mean = 0.02ms, total = 4.82ms, Queueing time: mean = 0.02ms, max = 0.07ms, min = 0.01ms, total = 6.86ms
	ray::rpc::TaskInfoGcsService.grpc_client.AddTaskEventData - 8 total (0 active), Execution time: mean = 0.60ms, total = 4.83ms, Queueing time: mean = 0.00ms, max = -0.00ms, min = 9223372036854.78ms, total = 0.00ms
	ray::rpc::TaskInfoGcsService.grpc_client.AddTaskEventData.OnReplyReceived - 8 total (0 active), Execution time: mean = 0.04ms, total = 0.30ms, Queueing time: mean = 0.02ms, max = 0.04ms, min = 0.01ms, total = 0.12ms
	PeriodicalRunner.RunFnPeriodically - 1 total (0 active), Execution time: mean = 0.02ms, total = 0.02ms, Queueing time: mean = 0.02ms, max = 0.02ms, min = 0.02ms, total = 0.02ms
Other Stats:
	gcs_grpc_in_progress:0
	event_aggregator_grpc_in_progress:0
	current number of task status events in buffer: 0
	current number of profile events in buffer: 0
	current number of dropped task attempts tracked: 0
	total task events sent: 0.0027256 MiB
	total number of task attempts sent: 11
	total number of task attempts dropped reported: 0
	total number of sent failure: 0
	num status task events dropped: 0
	num profile task events dropped: 0
	num ray task events reported to aggregator: 0
	num ray task events failed to report to aggregator: 0
	num of task attempts dropped reported to aggregator: 0
	num of failed requests to aggregator: 0

[2026-09-04 01:04:38,481 I 5435 5691] core_worker.cc:498: Event stats:


Global stats: 4877 total (10 active)
Queueing time: mean = 0.02ms, max = 0.98ms, min = -0.01ms, total = 88.20ms
Execution time:  mean = 17.48ms, total = 85226.92ms
Event stats:
	CoreWorker.RecoverObjects - 3600 total (1 active), Execution time: mean = 0.00ms, total = 7.90ms, Queueing time: mean = 0.02ms, max = 0.98ms, min = -0.01ms, total = 64.83ms
	CoreWorker.ExitIfParentRayletDies - 360 total (1 active), Execution time: mean = 0.01ms, total = 2.42ms, Queueing time: mean = 0.02ms, max = 0.04ms, min = 0.00ms, total = 5.90ms
	CoreWorker.ReportWorkerBacklog - 360 total (1 active), Execution time: mean = 0.00ms, total = 1.19ms, Queueing time: mean = 0.02ms, max = 0.64ms, min = 0.00ms, total = 6.99ms
	CoreWorker.InternalHeartbeat - 360 total (1 active), Execution time: mean = 0.00ms, total = 1.23ms, Queueing time: mean = 0.02ms, max = 0.64ms, min = 0.00ms, total = 6.95ms
	CoreWorker.RecordMetrics - 72 total (1 active), Execution time: mean = 0.05ms, total = 3.61ms, Queueing time: mean = 0.01ms, max = 0.04ms, min = 0.00ms, total = 0.86ms
	CoreWorker.TryDelPendingObjectRefStreams - 36 total (1 active), Execution time: mean = 0.00ms, total = 0.08ms, Queueing time: mean = 0.03ms, max = 0.18ms, min = 0.00ms, total = 1.15ms
	CoreWorkerService.grpc_server.GetCoreWorkerStats - 24 total (0 active), Execution time: mean = 0.25ms, total = 5.88ms, Queueing time: mean = 0.00ms, max = -0.00ms, min = 9223372036854.78ms, total = 0.00ms
	CoreWorkerService.grpc_server.GetCoreWorkerStats.HandleRequestImpl - 24 total (0 active), Execution time: mean = 0.05ms, total = 1.18ms, Queueing time: mean = 0.02ms, max = 0.04ms, min = 0.01ms, total = 0.58ms
	PeriodicalRunner.RunFnPeriodically - 8 total (0 active), Execution time: mean = 0.02ms, total = 0.13ms, Queueing time: mean = 0.07ms, max = 0.12ms, min = 0.00ms, total = 0.55ms
	CoreWorkerService.grpc_server.PushTask - 6 total (0 active), Execution time: mean = 14200.12ms, total = 85200.72ms, Queueing time: mean = 0.00ms, max = -0.00ms, min = 9223372036854.78ms, total = 0.00ms
	CoreWorkerService.grpc_server.PushTask.HandleRequestImpl - 6 total (0 active), Execution time: mean = 0.07ms, total = 0.43ms, Queueing time: mean = 0.03ms, max = 0.05ms, min = 0.01ms, total = 0.15ms
	CoreWorker.PrintEventStats - 6 total (1 active, 1 running), Execution time: mean = 0.18ms, total = 1.09ms, Queueing time: mean = 0.01ms, max = 0.03ms, min = 0.01ms, total = 0.08ms
	CoreWorkerService.grpc_server.PubsubCommandBatch - 3 total (0 active), Execution time: mean = 0.18ms, total = 0.53ms, Queueing time: mean = 0.00ms, max = -0.00ms, min = 9223372036854.78ms, total = 0.00ms
	CoreWorkerService.grpc_server.PubsubCommandBatch.HandleRequestImpl - 3 total (0 active), Execution time: mean = 0.03ms, total = 0.10ms, Queueing time: mean = 0.02ms, max = 0.03ms, min = 0.01ms, total = 0.06ms
	Publisher.CheckDeadSubscribers - 2 total (1 active), Execution time: mean = 0.00ms, total = 0.00ms, Queueing time: mean = 0.00ms, max = 0.00ms, min = 0.00ms, total = 0.00ms
	CoreWorkerService.grpc_server.PubsubLongPolling.HandleRequestImpl - 2 total (0 active), Execution time: mean = 0.02ms, total = 0.03ms, Queueing time: mean = 0.04ms, max = 0.05ms, min = 0.04ms, total = 0.08ms
	CoreWorkerService.grpc_server.PubsubLongPolling - 2 total (2 active), Execution time: mean = 0.00ms, total = 0.00ms, Queueing time: mean = 0.00ms, max = -0.00ms, min = 9223372036854.78ms, total = 0.00ms
	ray::rpc::WorkerInfoGcsService.grpc_client.AddWorkerInfo - 1 total (0 active), Execution time: mean = 0.35ms, total = 0.35ms, Queueing time: mean = 0.00ms, max = -0.00ms, min = 9223372036854.78ms, total = 0.00ms
	ray::rpc::WorkerInfoGcsService.grpc_client.AddWorkerInfo.OnReplyReceived - 1 total (0 active), Execution time: mean = 0.03ms, total = 0.03ms, Queueing time: mean = 0.01ms, max = 0.01ms, min = 0.01ms, total = 0.01ms
	Publisher.PublishFailure.WORKER_OBJECT_LOCATIONS_CHANNEL - 1 total (0 active), Execution time: mean = 0.01ms, total = 0.01ms, Queueing time: mean = 0.01ms, max = 0.01ms, min = 0.01ms, total = 0.01ms

-----------------
Task execution event stats:

Global stats: 27445 total (1 active)
Queueing time: mean = 3.12ms, max = 42674.81ms, min = -0.02ms, total = 85580.37ms
Execution time:  mean = 3.11ms, total = 85260.00ms
Event stats:
	CoreWorker.CheckSignal - 27438 total (1 active), Execution time: mean = 0.00ms, total = 60.90ms, Queueing time: mean = 3.12ms, max = 42674.81ms, min = -0.02ms, total = 85580.28ms
	CoreWorker.HandlePushTaskActor - 5 total (0 active), Execution time: mean = 12407.45ms, total = 62037.27ms, Queueing time: mean = 0.02ms, max = 0.02ms, min = 0.01ms, total = 0.08ms
	CoreWorker.HandlePushTask - 1 total (0 active), Execution time: mean = 23161.82ms, total = 23161.82ms, Queueing time: mean = 0.00ms, max = 0.00ms, min = 0.00ms, total = 0.00ms
	PeriodicalRunner.RunFnPeriodically - 1 total (0 active), Execution time: mean = 0.01ms, total = 0.01ms, Queueing time: mean = 0.00ms, max = 0.00ms, min = 0.00ms, total = 0.00ms

-----------------
Task Event stats:

IO Service Stats:

Global stats: 377 total (1 active)
Queueing time: mean = 0.02ms, max = 0.07ms, min = 0.01ms, total = 8.09ms
Execution time:  mean = 0.03ms, total = 10.60ms
Event stats:
	CoreWorker.deadline_timer.flush_task_events - 360 total (1 active), Execution time: mean = 0.02ms, total = 5.45ms, Queueing time: mean = 0.02ms, max = 0.07ms, min = 0.01ms, total = 7.95ms
	ray::rpc::TaskInfoGcsService.grpc_client.AddTaskEventData - 8 total (0 active), Execution time: mean = 0.60ms, total = 4.83ms, Queueing time: mean = 0.00ms, max = -0.00ms, min = 9223372036854.78ms, total = 0.00ms
	ray::rpc::TaskInfoGcsService.grpc_client.AddTaskEventData.OnReplyReceived - 8 total (0 active), Execution time: mean = 0.04ms, total = 0.30ms, Queueing time: mean = 0.02ms, max = 0.04ms, min = 0.01ms, total = 0.12ms
	PeriodicalRunner.RunFnPeriodically - 1 total (0 active), Execution time: mean = 0.02ms, total = 0.02ms, Queueing time: mean = 0.02ms, max = 0.02ms, min = 0.02ms, total = 0.02ms
Other Stats:
	gcs_grpc_in_progress:0
	event_aggregator_grpc_in_progress:0
	current number of task status events in buffer: 0
	current number of profile events in buffer: 0
	current number of dropped task attempts tracked: 0
	total task events sent: 0.0027256 MiB
	total number of task attempts sent: 11
	total number of task attempts dropped reported: 0
	total number of sent failure: 0
	num status task events dropped: 0
	num profile task events dropped: 0
	num ray task events reported to aggregator: 0
	num ray task events failed to report to aggregator: 0
	num of task attempts dropped reported to aggregator: 0
	num of failed requests to aggregator: 0

[2026-09-04 01:05:38,481 I 5435 5691] core_worker.cc:498: Event stats:


Global stats: 5686 total (11 active)
Queueing time: mean = 0.02ms, max = 0.98ms, min = -0.01ms, total = 99.19ms
Execution time:  mean = 14.99ms, total = 85230.67ms
Event stats:
	CoreWorker.RecoverObjects - 4200 total (1 active), Execution time: mean = 0.00ms, total = 8.86ms, Queueing time: mean = 0.02ms, max = 0.98ms, min = -0.01ms, total = 72.88ms
	CoreWorker.ExitIfParentRayletDies - 420 total (1 active), Execution time: mean = 0.01ms, total = 2.81ms, Queueing time: mean = 0.02ms, max = 0.04ms, min = 0.00ms, total = 6.62ms
	CoreWorker.ReportWorkerBacklog - 420 total (1 active), Execution time: mean = 0.00ms, total = 1.40ms, Queueing time: mean = 0.02ms, max = 0.64ms, min = 0.00ms, total = 7.89ms
	CoreWorker.InternalHeartbeat - 420 total (1 active), Execution time: mean = 0.00ms, total = 1.48ms, Queueing time: mean = 0.02ms, max = 0.64ms, min = 0.00ms, total = 7.82ms
	CoreWorker.RecordMetrics - 84 total (1 active), Execution time: mean = 0.05ms, total = 4.11ms, Queueing time: mean = 0.01ms, max = 0.04ms, min = 0.00ms, total = 0.98ms
	CoreWorker.TryDelPendingObjectRefStreams - 42 total (1 active), Execution time: mean = 0.00ms, total = 0.10ms, Queueing time: mean = 0.03ms, max = 0.18ms, min = 0.00ms, total = 1.36ms
	CoreWorkerService.grpc_server.GetCoreWorkerStats - 28 total (0 active), Execution time: mean = 0.24ms, total = 6.74ms, Queueing time: mean = 0.00ms, max = -0.00ms, min = 9223372036854.78ms, total = 0.00ms
	CoreWorkerService.grpc_server.GetCoreWorkerStats.HandleRequestImpl - 28 total (0 active), Execution time: mean = 0.05ms, total = 1.34ms, Queueing time: mean = 0.02ms, max = 0.04ms, min = 0.01ms, total = 0.66ms
	PeriodicalRunner.RunFnPeriodically - 8 total (0 active), Execution time: mean = 0.02ms, total = 0.13ms, Queueing time: mean = 0.07ms, max = 0.12ms, min = 0.00ms, total = 0.55ms
	CoreWorkerService.grpc_server.PushTask - 7 total (1 active), Execution time: mean = 12171.53ms, total = 85200.72ms, Queueing time: mean = 0.00ms, max = -0.00ms, min = 9223372036854.78ms, total = 0.00ms
	CoreWorkerService.grpc_server.PushTask.HandleRequestImpl - 7 total (0 active), Execution time: mean = 0.09ms, total = 0.61ms, Queueing time: mean = 0.03ms, max = 0.05ms, min = 0.01ms, total = 0.18ms
	CoreWorker.PrintEventStats - 7 total (1 active, 1 running), Execution time: mean = 0.19ms, total = 1.32ms, Queueing time: mean = 0.01ms, max = 0.03ms, min = 0.01ms, total = 0.08ms
	CoreWorkerService.grpc_server.PubsubCommandBatch - 3 total (0 active), Execution time: mean = 0.18ms, total = 0.53ms, Queueing time: mean = 0.00ms, max = -0.00ms, min = 9223372036854.78ms, total = 0.00ms
	CoreWorkerService.grpc_server.PubsubCommandBatch.HandleRequestImpl - 3 total (0 active), Execution time: mean = 0.03ms, total = 0.10ms, Queueing time: mean = 0.02ms, max = 0.03ms, min = 0.01ms, total = 0.06ms
	Publisher.CheckDeadSubscribers - 2 total (1 active), Execution time: mean = 0.00ms, total = 0.00ms, Queueing time: mean = 0.00ms, max = 0.00ms, min = 0.00ms, total = 0.00ms
	CoreWorkerService.grpc_server.PubsubLongPolling.HandleRequestImpl - 2 total (0 active), Execution time: mean = 0.02ms, total = 0.03ms, Queueing time: mean = 0.04ms, max = 0.05ms, min = 0.04ms, total = 0.08ms
	CoreWorkerService.grpc_server.PubsubLongPolling - 2 total (2 active), Execution time: mean = 0.00ms, total = 0.00ms, Queueing time: mean = 0.00ms, max = -0.00ms, min = 9223372036854.78ms, total = 0.00ms
	ray::rpc::WorkerInfoGcsService.grpc_client.AddWorkerInfo - 1 total (0 active), Execution time: mean = 0.35ms, total = 0.35ms, Queueing time: mean = 0.00ms, max = -0.00ms, min = 9223372036854.78ms, total = 0.00ms
	ray::rpc::WorkerInfoGcsService.grpc_client.AddWorkerInfo.OnReplyReceived - 1 total (0 active), Execution time: mean = 0.03ms, total = 0.03ms, Queueing time: mean = 0.01ms, max = 0.01ms, min = 0.01ms, total = 0.01ms
	Publisher.PublishFailure.WORKER_OBJECT_LOCATIONS_CHANNEL - 1 total (0 active), Execution time: mean = 0.01ms, total = 0.01ms, Queueing time: mean = 0.01ms, max = 0.01ms, min = 0.01ms, total = 0.01ms

-----------------
Task execution event stats:

Global stats: 30957 total (2 active)
Queueing time: mean = 2.77ms, max = 42674.81ms, min = -0.02ms, total = 85626.70ms
Execution time:  mean = 2.75ms, total = 85267.21ms
Event stats:
	CoreWorker.CheckSignal - 30949 total (1 active), Execution time: mean = 0.00ms, total = 68.10ms, Queueing time: mean = 2.77ms, max = 42674.81ms, min = -0.02ms, total = 85626.62ms
	CoreWorker.HandlePushTaskActor - 6 total (1 active, 1 running), Execution time: mean = 10339.55ms, total = 62037.27ms, Queueing time: mean = 0.01ms, max = 0.02ms, min = 0.01ms, total = 0.08ms
	CoreWorker.HandlePushTask - 1 total (0 active), Execution time: mean = 23161.82ms, total = 23161.82ms, Queueing time: mean = 0.00ms, max = 0.00ms, min = 0.00ms, total = 0.00ms
	PeriodicalRunner.RunFnPeriodically - 1 total (0 active), Execution time: mean = 0.01ms, total = 0.01ms, Queueing time: mean = 0.00ms, max = 0.00ms, min = 0.00ms, total = 0.00ms

-----------------
Task Event stats:

IO Service Stats:

Global stats: 439 total (1 active)
Queueing time: mean = 0.02ms, max = 0.07ms, min = 0.01ms, total = 8.96ms
Execution time:  mean = 0.03ms, total = 11.77ms
Event stats:
	CoreWorker.deadline_timer.flush_task_events - 420 total (1 active), Execution time: mean = 0.01ms, total = 6.07ms, Queueing time: mean = 0.02ms, max = 0.07ms, min = 0.01ms, total = 8.81ms
	ray::rpc::TaskInfoGcsService.grpc_client.AddTaskEventData - 9 total (0 active), Execution time: mean = 0.59ms, total = 5.35ms, Queueing time: mean = 0.00ms, max = -0.00ms, min = 9223372036854.78ms, total = 0.00ms
	ray::rpc::TaskInfoGcsService.grpc_client.AddTaskEventData.OnReplyReceived - 9 total (0 active), Execution time: mean = 0.04ms, total = 0.33ms, Queueing time: mean = 0.02ms, max = 0.04ms, min = 0.01ms, total = 0.14ms
	PeriodicalRunner.RunFnPeriodically - 1 total (0 active), Execution time: mean = 0.02ms, total = 0.02ms, Queueing time: mean = 0.02ms, max = 0.02ms, min = 0.02ms, total = 0.02ms
Other Stats:
	gcs_grpc_in_progress:0
	event_aggregator_grpc_in_progress:0
	current number of task status events in buffer: 0
	current number of profile events in buffer: 0
	current number of dropped task attempts tracked: 0
	total task events sent: 0.0028944 MiB
	total number of task attempts sent: 12
	total number of task attempts dropped reported: 0
	total number of sent failure: 0
	num status task events dropped: 0
	num profile task events dropped: 0
	num ray task events reported to aggregator: 0
	num ray task events failed to report to aggregator: 0
	num of task attempts dropped reported to aggregator: 0
	num of failed requests to aggregator: 0

[2026-09-04 01:06:38,573 I 5435 5691] core_worker.cc:498: Event stats:


Global stats: 6514 total (11 active)
Queueing time: mean = 0.09ms, max = 92.15ms, min = -0.01ms, total = 561.17ms
Execution time:  mean = 25.06ms, total = 163249.75ms
Event stats:
	CoreWorker.RecoverObjects - 4800 total (1 active), Execution time: mean = 0.00ms, total = 10.01ms, Queueing time: mean = 0.02ms, max = 15.66ms, min = -0.01ms, total = 97.11ms
	CoreWorker.ExitIfParentRayletDies - 480 total (1 active), Execution time: mean = 0.01ms, total = 3.30ms, Queueing time: mean = 0.19ms, max = 84.46ms, min = 0.00ms, total = 91.85ms
	CoreWorker.ReportWorkerBacklog - 480 total (1 active), Execution time: mean = 0.00ms, total = 1.61ms, Queueing time: mean = 0.19ms, max = 84.47ms, min = 0.00ms, total = 93.39ms
	CoreWorker.InternalHeartbeat - 480 total (1 active), Execution time: mean = 0.00ms, total = 1.72ms, Queueing time: mean = 0.19ms, max = 84.47ms, min = 0.00ms, total = 93.29ms
	CoreWorker.RecordMetrics - 96 total (1 active), Execution time: mean = 0.05ms, total = 4.78ms, Queueing time: mean = 0.93ms, max = 88.53ms, min = 0.00ms, total = 89.66ms
	CoreWorker.TryDelPendingObjectRefStreams - 48 total (1 active), Execution time: mean = 0.00ms, total = 0.12ms, Queueing time: mean = 1.95ms, max = 92.15ms, min = 0.00ms, total = 93.56ms
	CoreWorkerService.grpc_server.GetCoreWorkerStats - 32 total (0 active), Execution time: mean = 0.23ms, total = 7.42ms, Queueing time: mean = 0.00ms, max = -0.00ms, min = 9223372036854.78ms, total = 0.00ms
	CoreWorkerService.grpc_server.GetCoreWorkerStats.HandleRequestImpl - 32 total (0 active), Execution time: mean = 0.05ms, total = 1.47ms, Queueing time: mean = 0.02ms, max = 0.04ms, min = 0.01ms, total = 0.73ms
	Publisher.PublishFailure.WORKER_OBJECT_LOCATIONS_CHANNEL - 18 total (0 active), Execution time: mean = 0.00ms, total = 0.04ms, Queueing time: mean = 0.03ms, max = 0.05ms, min = 0.01ms, total = 0.58ms
	CoreWorkerService.grpc_server.PushTask - 9 total (1 active), Execution time: mean = 18124.88ms, total = 163123.89ms, Queueing time: mean = 0.00ms, max = -0.00ms, min = 9223372036854.78ms, total = 0.00ms
	CoreWorkerService.grpc_server.PushTask.HandleRequestImpl - 9 total (0 active), Execution time: mean = 0.08ms, total = 0.70ms, Queueing time: mean = 0.02ms, max = 0.05ms, min = 0.01ms, total = 0.21ms
	CoreWorker.PrintEventStats - 8 total (1 active, 1 running), Execution time: mean = 11.69ms, total = 93.51ms, Queueing time: mean = 0.01ms, max = 0.03ms, min = 0.00ms, total = 0.09ms
	PeriodicalRunner.RunFnPeriodically - 8 total (0 active), Execution time: mean = 0.02ms, total = 0.13ms, Queueing time: mean = 0.07ms, max = 0.12ms, min = 0.00ms, total = 0.55ms
	CoreWorkerService.grpc_server.PubsubCommandBatch - 3 total (0 active), Execution time: mean = 0.18ms, total = 0.53ms, Queueing time: mean = 0.00ms, max = -0.00ms, min = 9223372036854.78ms, total = 0.00ms
	CoreWorkerService.grpc_server.PubsubCommandBatch.HandleRequestImpl - 3 total (0 active), Execution time: mean = 0.03ms, total = 0.10ms, Queueing time: mean = 0.02ms, max = 0.03ms, min = 0.01ms, total = 0.06ms
	Publisher.CheckDeadSubscribers - 2 total (1 active), Execution time: mean = 0.00ms, total = 0.00ms, Queueing time: mean = 0.00ms, max = 0.00ms, min = 0.00ms, total = 0.00ms
	CoreWorkerService.grpc_server.PubsubLongPolling.HandleRequestImpl - 2 total (0 active), Execution time: mean = 0.02ms, total = 0.03ms, Queueing time: mean = 0.04ms, max = 0.05ms, min = 0.04ms, total = 0.08ms
	CoreWorkerService.grpc_server.PubsubLongPolling - 2 total (2 active), Execution time: mean = 0.00ms, total = 0.00ms, Queueing time: mean = 0.00ms, max = -0.00ms, min = 9223372036854.78ms, total = 0.00ms
	ray::rpc::WorkerInfoGcsService.grpc_client.AddWorkerInfo - 1 total (0 active), Execution time: mean = 0.35ms, total = 0.35ms, Queueing time: mean = 0.00ms, max = -0.00ms, min = 9223372036854.78ms, total = 0.00ms
	ray::rpc::WorkerInfoGcsService.grpc_client.AddWorkerInfo.OnReplyReceived - 1 total (0 active), Execution time: mean = 0.03ms, total = 0.03ms, Queueing time: mean = 0.01ms, max = 0.01ms, min = 0.01ms, total = 0.01ms

-----------------
Task execution event stats:

Global stats: 31320 total (2 active)
Queueing time: mean = 5.22ms, max = 63250.54ms, min = -0.02ms, total = 163537.80ms
Execution time:  mean = 5.21ms, total = 163190.91ms
Event stats:
	CoreWorker.CheckSignal - 31310 total (1 active), Execution time: mean = 0.00ms, total = 69.18ms, Queueing time: mean = 5.22ms, max = 63250.54ms, min = -0.02ms, total = 163537.66ms
	CoreWorker.HandlePushTaskActor - 8 total (1 active, 1 running), Execution time: mean = 17494.99ms, total = 139959.90ms, Queueing time: mean = 0.02ms, max = 0.04ms, min = 0.01ms, total = 0.13ms
	CoreWorker.HandlePushTask - 1 total (0 active), Execution time: mean = 23161.82ms, total = 23161.82ms, Queueing time: mean = 0.00ms, max = 0.00ms, min = 0.00ms, total = 0.00ms
	PeriodicalRunner.RunFnPeriodically - 1 total (0 active), Execution time: mean = 0.01ms, total = 0.01ms, Queueing time: mean = 0.00ms, max = 0.00ms, min = 0.00ms, total = 0.00ms

-----------------
Task Event stats:

IO Service Stats:

Global stats: 506 total (1 active)
Queueing time: mean = 0.02ms, max = 0.07ms, min = 0.01ms, total = 10.24ms
Execution time:  mean = 0.03ms, total = 14.79ms
Event stats:
	CoreWorker.deadline_timer.flush_task_events - 481 total (1 active), Execution time: mean = 0.02ms, total = 7.32ms, Queueing time: mean = 0.02ms, max = 0.07ms, min = 0.01ms, total = 10.02ms
	ray::rpc::TaskInfoGcsService.grpc_client.AddTaskEventData - 12 total (0 active), Execution time: mean = 0.58ms, total = 7.01ms, Queueing time: mean = 0.00ms, max = -0.00ms, min = 9223372036854.78ms, total = 0.00ms
	ray::rpc::TaskInfoGcsService.grpc_client.AddTaskEventData.OnReplyReceived - 12 total (0 active), Execution time: mean = 0.04ms, total = 0.44ms, Queueing time: mean = 0.02ms, max = 0.04ms, min = 0.01ms, total = 0.21ms
	PeriodicalRunner.RunFnPeriodically - 1 total (0 active), Execution time: mean = 0.02ms, total = 0.02ms, Queueing time: mean = 0.02ms, max = 0.02ms, min = 0.02ms, total = 0.02ms
Other Stats:
	gcs_grpc_in_progress:0
	event_aggregator_grpc_in_progress:0
	current number of task status events in buffer: 0
	current number of profile events in buffer: 0
	current number of dropped task attempts tracked: 0
	total task events sent: 0.00383663 MiB
	total number of task attempts sent: 16
	total number of task attempts dropped reported: 0
	total number of sent failure: 0
	num status task events dropped: 0
	num profile task events dropped: 0
	num ray task events reported to aggregator: 0
	num ray task events failed to report to aggregator: 0
	num of task attempts dropped reported to aggregator: 0
	num of failed requests to aggregator: 0

[2026-09-04 01:06:40,665 I 5435 5435] actor_task_submitter.cc:75: Set actor max pending calls to -1 actor_id=8dae30371bc91c9a2918000601000000
[2026-09-04 01:06:40,666 I 5435 5435] actor_task_submitter.cc:75: Set actor max pending calls to -1 actor_id=c9d941681c020834fe7847db01000000
[2026-09-04 01:07:38,574 I 5435 5691] core_worker.cc:498: Event stats:


Global stats: 7325 total (10 active)
Queueing time: mean = 0.08ms, max = 92.15ms, min = -0.01ms, total = 577.49ms
Execution time:  mean = 24.46ms, total = 179133.39ms
Event stats:
	CoreWorker.RecoverObjects - 5400 total (1 active), Execution time: mean = 0.00ms, total = 11.34ms, Queueing time: mean = 0.02ms, max = 15.66ms, min = -0.01ms, total = 109.26ms
	CoreWorker.ExitIfParentRayletDies - 540 total (1 active), Execution time: mean = 0.01ms, total = 3.68ms, Queueing time: mean = 0.17ms, max = 84.46ms, min = -0.01ms, total = 92.95ms
	CoreWorker.ReportWorkerBacklog - 540 total (1 active), Execution time: mean = 0.00ms, total = 1.79ms, Queueing time: mean = 0.18ms, max = 84.47ms, min = 0.00ms, total = 94.68ms
	CoreWorker.InternalHeartbeat - 540 total (1 active), Execution time: mean = 0.00ms, total = 1.91ms, Queueing time: mean = 0.18ms, max = 84.47ms, min = 0.00ms, total = 94.56ms
	CoreWorker.RecordMetrics - 108 total (1 active), Execution time: mean = 0.05ms, total = 5.33ms, Queueing time: mean = 0.83ms, max = 88.53ms, min = 0.00ms, total = 89.80ms
	CoreWorker.TryDelPendingObjectRefStreams - 54 total (1 active), Execution time: mean = 0.00ms, total = 0.14ms, Queueing time: mean = 1.74ms, max = 92.15ms, min = 0.00ms, total = 93.80ms
	CoreWorkerService.grpc_server.GetCoreWorkerStats - 36 total (0 active), Execution time: mean = 0.23ms, total = 8.33ms, Queueing time: mean = 0.00ms, max = -0.00ms, min = 9223372036854.78ms, total = 0.00ms
	CoreWorkerService.grpc_server.GetCoreWorkerStats.HandleRequestImpl - 36 total (0 active), Execution time: mean = 0.05ms, total = 1.64ms, Queueing time: mean = 0.02ms, max = 0.04ms, min = 0.01ms, total = 0.80ms
	Publisher.PublishFailure.WORKER_OBJECT_LOCATIONS_CHANNEL - 18 total (0 active), Execution time: mean = 0.00ms, total = 0.04ms, Queueing time: mean = 0.03ms, max = 0.05ms, min = 0.01ms, total = 0.58ms
	CoreWorkerService.grpc_server.PushTask - 11 total (0 active), Execution time: mean = 16273.04ms, total = 179003.46ms, Queueing time: mean = 0.00ms, max = -0.00ms, min = 9223372036854.78ms, total = 0.00ms
	CoreWorkerService.grpc_server.PushTask.HandleRequestImpl - 11 total (0 active), Execution time: mean = 0.07ms, total = 0.82ms, Queueing time: mean = 0.02ms, max = 0.05ms, min = 0.01ms, total = 0.25ms
	CoreWorker.PrintEventStats - 9 total (1 active, 1 running), Execution time: mean = 10.42ms, total = 93.75ms, Queueing time: mean = 0.01ms, max = 0.03ms, min = 0.00ms, total = 0.10ms
	PeriodicalRunner.RunFnPeriodically - 8 total (0 active), Execution time: mean = 0.02ms, total = 0.13ms, Queueing time: mean = 0.07ms, max = 0.12ms, min = 0.00ms, total = 0.55ms
	CoreWorkerService.grpc_server.PubsubCommandBatch - 3 total (0 active), Execution time: mean = 0.18ms, total = 0.53ms, Queueing time: mean = 0.00ms, max = -0.00ms, min = 9223372036854.78ms, total = 0.00ms
	CoreWorkerService.grpc_server.PubsubCommandBatch.HandleRequestImpl - 3 total (0 active), Execution time: mean = 0.03ms, total = 0.10ms, Queueing time: mean = 0.02ms, max = 0.03ms, min = 0.01ms, total = 0.06ms
	Publisher.CheckDeadSubscribers - 2 total (1 active), Execution time: mean = 0.00ms, total = 0.00ms, Queueing time: mean = 0.00ms, max = 0.00ms, min = 0.00ms, total = 0.00ms
	CoreWorkerService.grpc_server.PubsubLongPolling.HandleRequestImpl - 2 total (0 active), Execution time: mean = 0.02ms, total = 0.03ms, Queueing time: mean = 0.04ms, max = 0.05ms, min = 0.04ms, total = 0.08ms
	CoreWorkerService.grpc_server.PubsubLongPolling - 2 total (2 active), Execution time: mean = 0.00ms, total = 0.00ms, Queueing time: mean = 0.00ms, max = -0.00ms, min = 9223372036854.78ms, total = 0.00ms
	ray::rpc::WorkerInfoGcsService.grpc_client.AddWorkerInfo - 1 total (0 active), Execution time: mean = 0.35ms, total = 0.35ms, Queueing time: mean = 0.00ms, max = -0.00ms, min = 9223372036854.78ms, total = 0.00ms
	ray::rpc::WorkerInfoGcsService.grpc_client.AddWorkerInfo.OnReplyReceived - 1 total (0 active), Execution time: mean = 0.03ms, total = 0.03ms, Queueing time: mean = 0.01ms, max = 0.01ms, min = 0.01ms, total = 0.01ms

-----------------
Task execution event stats:

Global stats: 36069 total (1 active)
Queueing time: mean = 4.98ms, max = 63250.54ms, min = -0.02ms, total = 179476.32ms
Execution time:  mean = 4.96ms, total = 179081.73ms
Event stats:
	CoreWorker.CheckSignal - 36057 total (1 active), Execution time: mean = 0.00ms, total = 81.18ms, Queueing time: mean = 4.98ms, max = 63250.54ms, min = -0.02ms, total = 179476.12ms
	CoreWorker.HandlePushTaskActor - 10 total (0 active), Execution time: mean = 15583.87ms, total = 155838.73ms, Queueing time: mean = 0.02ms, max = 0.04ms, min = 0.01ms, total = 0.19ms
	CoreWorker.HandlePushTask - 1 total (0 active), Execution time: mean = 23161.82ms, total = 23161.82ms, Queueing time: mean = 0.00ms, max = 0.00ms, min = 0.00ms, total = 0.00ms
	PeriodicalRunner.RunFnPeriodically - 1 total (0 active), Execution time: mean = 0.01ms, total = 0.01ms, Queueing time: mean = 0.00ms, max = 0.00ms, min = 0.00ms, total = 0.00ms

-----------------
Task Event stats:

IO Service Stats:

Global stats: 574 total (1 active)
Queueing time: mean = 0.02ms, max = 0.07ms, min = 0.01ms, total = 11.63ms
Execution time:  mean = 0.03ms, total = 18.32ms
Event stats:
	CoreWorker.deadline_timer.flush_task_events - 541 total (1 active), Execution time: mean = 0.02ms, total = 8.56ms, Queueing time: mean = 0.02ms, max = 0.07ms, min = 0.01ms, total = 11.34ms
	ray::rpc::TaskInfoGcsService.grpc_client.AddTaskEventData - 16 total (0 active), Execution time: mean = 0.57ms, total = 9.16ms, Queueing time: mean = 0.00ms, max = -0.00ms, min = 9223372036854.78ms, total = 0.00ms
	ray::rpc::TaskInfoGcsService.grpc_client.AddTaskEventData.OnReplyReceived - 16 total (0 active), Execution time: mean = 0.04ms, total = 0.59ms, Queueing time: mean = 0.02ms, max = 0.04ms, min = 0.01ms, total = 0.28ms
	PeriodicalRunner.RunFnPeriodically - 1 total (0 active), Execution time: mean = 0.02ms, total = 0.02ms, Queueing time: mean = 0.02ms, max = 0.02ms, min = 0.02ms, total = 0.02ms
Other Stats:
	gcs_grpc_in_progress:0
	event_aggregator_grpc_in_progress:0
	current number of task status events in buffer: 0
	current number of profile events in buffer: 0
	current number of dropped task attempts tracked: 0
	total task events sent: 0.00510216 MiB
	total number of task attempts sent: 21
	total number of task attempts dropped reported: 0
	total number of sent failure: 0
	num status task events dropped: 0
	num profile task events dropped: 0
	num ray task events reported to aggregator: 0
	num ray task events failed to report to aggregator: 0
	num of task attempts dropped reported to aggregator: 0
	num of failed requests to aggregator: 0

[2026-09-04 01:08:38,574 I 5435 5691] core_worker.cc:498: Event stats:


Global stats: 8137 total (10 active)
Queueing time: mean = 0.07ms, max = 92.15ms, min = -0.01ms, total = 593.98ms
Execution time:  mean = 131.03ms, total = 1066176.10ms
Event stats:
	CoreWorker.RecoverObjects - 6000 total (1 active), Execution time: mean = 0.00ms, total = 12.87ms, Queueing time: mean = 0.02ms, max = 15.66ms, min = -0.01ms, total = 121.45ms
	CoreWorker.ExitIfParentRayletDies - 600 total (1 active), Execution time: mean = 0.01ms, total = 4.09ms, Queueing time: mean = 0.16ms, max = 84.46ms, min = -0.01ms, total = 94.03ms
	CoreWorker.ReportWorkerBacklog - 600 total (1 active), Execution time: mean = 0.00ms, total = 1.99ms, Queueing time: mean = 0.16ms, max = 84.47ms, min = 0.00ms, total = 95.96ms
	CoreWorker.InternalHeartbeat - 600 total (1 active), Execution time: mean = 0.00ms, total = 2.13ms, Queueing time: mean = 0.16ms, max = 84.47ms, min = 0.00ms, total = 95.83ms
	CoreWorker.RecordMetrics - 120 total (1 active), Execution time: mean = 0.05ms, total = 5.83ms, Queueing time: mean = 0.75ms, max = 88.53ms, min = 0.00ms, total = 89.96ms
	CoreWorker.TryDelPendingObjectRefStreams - 60 total (1 active), Execution time: mean = 0.00ms, total = 0.15ms, Queueing time: mean = 1.57ms, max = 92.15ms, min = 0.00ms, total = 94.16ms
	CoreWorkerService.grpc_server.GetCoreWorkerStats - 40 total (0 active), Execution time: mean = 0.23ms, total = 9.20ms, Queueing time: mean = 0.00ms, max = -0.00ms, min = 9223372036854.78ms, total = 0.00ms
	CoreWorkerService.grpc_server.GetCoreWorkerStats.HandleRequestImpl - 40 total (0 active), Execution time: mean = 0.05ms, total = 1.87ms, Queueing time: mean = 0.02ms, max = 0.04ms, min = 0.01ms, total = 0.90ms
	Publisher.PublishFailure.WORKER_OBJECT_LOCATIONS_CHANNEL - 18 total (0 active), Execution time: mean = 0.00ms, total = 0.04ms, Queueing time: mean = 0.03ms, max = 0.05ms, min = 0.01ms, total = 0.58ms
	CoreWorkerService.grpc_server.PushTask - 11 total (0 active), Execution time: mean = 16273.04ms, total = 179003.46ms, Queueing time: mean = 0.00ms, max = -0.00ms, min = 9223372036854.78ms, total = 0.00ms
	CoreWorkerService.grpc_server.PushTask.HandleRequestImpl - 11 total (0 active), Execution time: mean = 0.07ms, total = 0.82ms, Queueing time: mean = 0.02ms, max = 0.05ms, min = 0.01ms, total = 0.25ms
	CoreWorker.PrintEventStats - 10 total (1 active, 1 running), Execution time: mean = 9.41ms, total = 94.09ms, Queueing time: mean = 0.01ms, max = 0.03ms, min = 0.00ms, total = 0.12ms
	PeriodicalRunner.RunFnPeriodically - 8 total (0 active), Execution time: mean = 0.02ms, total = 0.13ms, Queueing time: mean = 0.07ms, max = 0.12ms, min = 0.00ms, total = 0.55ms
	CoreWorkerService.grpc_server.PubsubLongPolling.HandleRequestImpl - 4 total (0 active), Execution time: mean = 0.01ms, total = 0.06ms, Queueing time: mean = 0.03ms, max = 0.05ms, min = 0.01ms, total = 0.10ms
	CoreWorkerService.grpc_server.PubsubLongPolling - 4 total (2 active), Execution time: mean = 221759.59ms, total = 887038.34ms, Queueing time: mean = 0.00ms, max = -0.00ms, min = 9223372036854.78ms, total = 0.00ms
	CoreWorkerService.grpc_server.PubsubCommandBatch - 3 total (0 active), Execution time: mean = 0.18ms, total = 0.53ms, Queueing time: mean = 0.00ms, max = -0.00ms, min = 9223372036854.78ms, total = 0.00ms
	CoreWorkerService.grpc_server.PubsubCommandBatch.HandleRequestImpl - 3 total (0 active), Execution time: mean = 0.03ms, total = 0.10ms, Queueing time: mean = 0.02ms, max = 0.03ms, min = 0.01ms, total = 0.06ms
	Publisher.CheckDeadSubscribers - 3 total (1 active), Execution time: mean = 0.01ms, total = 0.02ms, Queueing time: mean = 0.00ms, max = 0.01ms, min = 0.00ms, total = 0.01ms
	ray::rpc::WorkerInfoGcsService.grpc_client.AddWorkerInfo - 1 total (0 active), Execution time: mean = 0.35ms, total = 0.35ms, Queueing time: mean = 0.00ms, max = -0.00ms, min = 9223372036854.78ms, total = 0.00ms
	ray::rpc::WorkerInfoGcsService.grpc_client.AddWorkerInfo.OnReplyReceived - 1 total (0 active), Execution time: mean = 0.03ms, total = 0.03ms, Queueing time: mean = 0.01ms, max = 0.01ms, min = 0.01ms, total = 0.01ms

-----------------
Task execution event stats:

Global stats: 42058 total (1 active)
Queueing time: mean = 4.27ms, max = 63250.54ms, min = -0.02ms, total = 179571.98ms
Execution time:  mean = 4.26ms, total = 179095.93ms
Event stats:
	CoreWorker.CheckSignal - 42046 total (1 active), Execution time: mean = 0.00ms, total = 95.37ms, Queueing time: mean = 4.27ms, max = 63250.54ms, min = -0.02ms, total = 179571.79ms
	CoreWorker.HandlePushTaskActor - 10 total (0 active), Execution time: mean = 15583.87ms, total = 155838.73ms, Queueing time: mean = 0.02ms, max = 0.04ms, min = 0.01ms, total = 0.19ms
	CoreWorker.HandlePushTask - 1 total (0 active), Execution time: mean = 23161.82ms, total = 23161.82ms, Queueing time: mean = 0.00ms, max = 0.00ms, min = 0.00ms, total = 0.00ms
	PeriodicalRunner.RunFnPeriodically - 1 total (0 active), Execution time: mean = 0.01ms, total = 0.01ms, Queueing time: mean = 0.00ms, max = 0.00ms, min = 0.00ms, total = 0.00ms

-----------------
Task Event stats:

IO Service Stats:

Global stats: 634 total (1 active)
Queueing time: mean = 0.02ms, max = 0.08ms, min = 0.01ms, total = 12.99ms
Execution time:  mean = 0.03ms, total = 18.89ms
Event stats:
	CoreWorker.deadline_timer.flush_task_events - 601 total (1 active), Execution time: mean = 0.02ms, total = 9.13ms, Queueing time: mean = 0.02ms, max = 0.08ms, min = 0.01ms, total = 12.70ms
	ray::rpc::TaskInfoGcsService.grpc_client.AddTaskEventData - 16 total (0 active), Execution time: mean = 0.57ms, total = 9.16ms, Queueing time: mean = 0.00ms, max = -0.00ms, min = 9223372036854.78ms, total = 0.00ms
	ray::rpc::TaskInfoGcsService.grpc_client.AddTaskEventData.OnReplyReceived - 16 total (0 active), Execution time: mean = 0.04ms, total = 0.59ms, Queueing time: mean = 0.02ms, max = 0.04ms, min = 0.01ms, total = 0.28ms
	PeriodicalRunner.RunFnPeriodically - 1 total (0 active), Execution time: mean = 0.02ms, total = 0.02ms, Queueing time: mean = 0.02ms, max = 0.02ms, min = 0.02ms, total = 0.02ms
Other Stats:
	gcs_grpc_in_progress:0
	event_aggregator_grpc_in_progress:0
	current number of task status events in buffer: 0
	current number of profile events in buffer: 0
	current number of dropped task attempts tracked: 0
	total task events sent: 0.00510216 MiB
	total number of task attempts sent: 21
	total number of task attempts dropped reported: 0
	total number of sent failure: 0
	num status task events dropped: 0
	num profile task events dropped: 0
	num ray task events reported to aggregator: 0
	num ray task events failed to report to aggregator: 0
	num of task attempts dropped reported to aggregator: 0
	num of failed requests to aggregator: 0

[2026-09-04 01:09:38,574 I 5435 5691] core_worker.cc:498: Event stats:


Global stats: 8946 total (11 active)
Queueing time: mean = 0.07ms, max = 92.15ms, min = -0.01ms, total = 607.72ms
Execution time:  mean = 119.18ms, total = 1066180.34ms
Event stats:
	CoreWorker.RecoverObjects - 6600 total (1 active), Execution time: mean = 0.00ms, total = 14.07ms, Queueing time: mean = 0.02ms, max = 15.66ms, min = -0.01ms, total = 131.15ms
	CoreWorker.ExitIfParentRayletDies - 660 total (1 active), Execution time: mean = 0.01ms, total = 4.52ms, Queueing time: mean = 0.14ms, max = 84.46ms, min = -0.01ms, total = 94.99ms
	CoreWorker.ReportWorkerBacklog - 660 total (1 active), Execution time: mean = 0.00ms, total = 2.20ms, Queueing time: mean = 0.15ms, max = 84.47ms, min = 0.00ms, total = 97.12ms
	CoreWorker.InternalHeartbeat - 660 total (1 active), Execution time: mean = 0.00ms, total = 2.36ms, Queueing time: mean = 0.15ms, max = 84.47ms, min = 0.00ms, total = 96.98ms
	CoreWorker.RecordMetrics - 132 total (1 active), Execution time: mean = 0.05ms, total = 6.35ms, Queueing time: mean = 0.68ms, max = 88.53ms, min = 0.00ms, total = 90.11ms
	CoreWorker.TryDelPendingObjectRefStreams - 66 total (1 active), Execution time: mean = 0.00ms, total = 0.17ms, Queueing time: mean = 1.43ms, max = 92.15ms, min = 0.00ms, total = 94.63ms
	CoreWorkerService.grpc_server.GetCoreWorkerStats - 44 total (0 active), Execution time: mean = 0.23ms, total = 10.06ms, Queueing time: mean = 0.00ms, max = -0.00ms, min = 9223372036854.78ms, total = 0.00ms
	CoreWorkerService.grpc_server.GetCoreWorkerStats.HandleRequestImpl - 44 total (0 active), Execution time: mean = 0.05ms, total = 2.04ms, Queueing time: mean = 0.02ms, max = 0.04ms, min = 0.01ms, total = 1.00ms
	Publisher.PublishFailure.WORKER_OBJECT_LOCATIONS_CHANNEL - 18 total (0 active), Execution time: mean = 0.00ms, total = 0.04ms, Queueing time: mean = 0.03ms, max = 0.05ms, min = 0.01ms, total = 0.58ms
	CoreWorkerService.grpc_server.PushTask - 12 total (1 active), Execution time: mean = 14916.96ms, total = 179003.46ms, Queueing time: mean = 0.00ms, max = -0.00ms, min = 9223372036854.78ms, total = 0.00ms
	CoreWorkerService.grpc_server.PushTask.HandleRequestImpl - 12 total (0 active), Execution time: mean = 0.08ms, total = 0.92ms, Queueing time: mean = 0.02ms, max = 0.05ms, min = 0.01ms, total = 0.28ms
	CoreWorker.PrintEventStats - 11 total (1 active, 1 running), Execution time: mean = 8.60ms, total = 94.59ms, Queueing time: mean = 0.01ms, max = 0.03ms, min = 0.00ms, total = 0.14ms
	PeriodicalRunner.RunFnPeriodically - 8 total (0 active), Execution time: mean = 0.02ms, total = 0.13ms, Queueing time: mean = 0.07ms, max = 0.12ms, min = 0.00ms, total = 0.55ms
	CoreWorkerService.grpc_server.PubsubLongPolling.HandleRequestImpl - 4 total (0 active), Execution time: mean = 0.01ms, total = 0.06ms, Queueing time: mean = 0.03ms, max = 0.05ms, min = 0.01ms, total = 0.10ms
	CoreWorkerService.grpc_server.PubsubLongPolling - 4 total (2 active), Execution time: mean = 221759.59ms, total = 887038.34ms, Queueing time: mean = 0.00ms, max = -0.00ms, min = 9223372036854.78ms, total = 0.00ms
	CoreWorkerService.grpc_server.PubsubCommandBatch - 3 total (0 active), Execution time: mean = 0.18ms, total = 0.53ms, Queueing time: mean = 0.00ms, max = -0.00ms, min = 9223372036854.78ms, total = 0.00ms
	CoreWorkerService.grpc_server.PubsubCommandBatch.HandleRequestImpl - 3 total (0 active), Execution time: mean = 0.03ms, total = 0.10ms, Queueing time: mean = 0.02ms, max = 0.03ms, min = 0.01ms, total = 0.06ms
	Publisher.CheckDeadSubscribers - 3 total (1 active), Execution time: mean = 0.01ms, total = 0.02ms, Queueing time: mean = 0.00ms, max = 0.01ms, min = 0.00ms, total = 0.01ms
	ray::rpc::WorkerInfoGcsService.grpc_client.AddWorkerInfo - 1 total (0 active), Execution time: mean = 0.35ms, total = 0.35ms, Queueing time: mean = 0.00ms, max = -0.00ms, min = 9223372036854.78ms, total = 0.00ms
	ray::rpc::WorkerInfoGcsService.grpc_client.AddWorkerInfo.OnReplyReceived - 1 total (0 active), Execution time: mean = 0.03ms, total = 0.03ms, Queueing time: mean = 0.01ms, max = 0.01ms, min = 0.01ms, total = 0.01ms

-----------------
Task execution event stats:

Global stats: 45750 total (2 active)
Queueing time: mean = 3.93ms, max = 63250.54ms, min = -0.02ms, total = 179632.59ms
Execution time:  mean = 3.91ms, total = 179104.76ms
Event stats:
	CoreWorker.CheckSignal - 45737 total (1 active), Execution time: mean = 0.00ms, total = 104.20ms, Queueing time: mean = 3.93ms, max = 63250.54ms, min = -0.02ms, total = 179632.40ms
	CoreWorker.HandlePushTaskActor - 11 total (1 active, 1 running), Execution time: mean = 14167.16ms, total = 155838.73ms, Queueing time: mean = 0.02ms, max = 0.04ms, min = 0.01ms, total = 0.19ms
	CoreWorker.HandlePushTask - 1 total (0 active), Execution time: mean = 23161.82ms, total = 23161.82ms, Queueing time: mean = 0.00ms, max = 0.00ms, min = 0.00ms, total = 0.00ms
	PeriodicalRunner.RunFnPeriodically - 1 total (0 active), Execution time: mean = 0.01ms, total = 0.01ms, Queueing time: mean = 0.00ms, max = 0.00ms, min = 0.00ms, total = 0.00ms

-----------------
Task Event stats:

IO Service Stats:

Global stats: 696 total (1 active)
Queueing time: mean = 0.02ms, max = 0.08ms, min = 0.01ms, total = 14.15ms
Execution time:  mean = 0.03ms, total = 20.13ms
Event stats:
	CoreWorker.deadline_timer.flush_task_events - 661 total (1 active), Execution time: mean = 0.01ms, total = 9.91ms, Queueing time: mean = 0.02ms, max = 0.08ms, min = 0.01ms, total = 13.84ms
	ray::rpc::TaskInfoGcsService.grpc_client.AddTaskEventData - 17 total (0 active), Execution time: mean = 0.56ms, total = 9.58ms, Queueing time: mean = 0.00ms, max = -0.00ms, min = 9223372036854.78ms, total = 0.00ms
	ray::rpc::TaskInfoGcsService.grpc_client.AddTaskEventData.OnReplyReceived - 17 total (0 active), Execution time: mean = 0.04ms, total = 0.62ms, Queueing time: mean = 0.02ms, max = 0.04ms, min = 0.01ms, total = 0.29ms
	PeriodicalRunner.RunFnPeriodically - 1 total (0 active), Execution time: mean = 0.02ms, total = 0.02ms, Queueing time: mean = 0.02ms, max = 0.02ms, min = 0.02ms, total = 0.02ms
Other Stats:
	gcs_grpc_in_progress:0
	event_aggregator_grpc_in_progress:0
	current number of task status events in buffer: 0
	current number of profile events in buffer: 0
	current number of dropped task attempts tracked: 0
	total task events sent: 0.00527096 MiB
	total number of task attempts sent: 22
	total number of task attempts dropped reported: 0
	total number of sent failure: 0
	num status task events dropped: 0
	num profile task events dropped: 0
	num ray task events reported to aggregator: 0
	num ray task events failed to report to aggregator: 0
	num of task attempts dropped reported to aggregator: 0
	num of failed requests to aggregator: 0

[2026-09-04 01:10:38,575 I 5435 5691] core_worker.cc:498: Event stats:


Global stats: 9776 total (11 active)
Queueing time: mean = 0.06ms, max = 92.15ms, min = -0.01ms, total = 621.14ms
Execution time:  mean = 115.67ms, total = 1130799.81ms
Event stats:
	CoreWorker.RecoverObjects - 7200 total (1 active), Execution time: mean = 0.00ms, total = 15.19ms, Queueing time: mean = 0.02ms, max = 15.66ms, min = -0.01ms, total = 139.90ms
	CoreWorker.ExitIfParentRayletDies - 720 total (1 active), Execution time: mean = 0.01ms, total = 4.97ms, Queueing time: mean = 0.13ms, max = 84.46ms, min = -0.01ms, total = 95.97ms
	CoreWorker.ReportWorkerBacklog - 720 total (1 active), Execution time: mean = 0.00ms, total = 2.42ms, Queueing time: mean = 0.14ms, max = 84.47ms, min = 0.00ms, total = 98.34ms
	CoreWorker.InternalHeartbeat - 720 total (1 active), Execution time: mean = 0.00ms, total = 2.60ms, Queueing time: mean = 0.14ms, max = 84.47ms, min = 0.00ms, total = 98.17ms
	CoreWorker.RecordMetrics - 144 total (1 active), Execution time: mean = 0.05ms, total = 7.01ms, Queueing time: mean = 0.63ms, max = 88.53ms, min = 0.00ms, total = 90.31ms
	CoreWorker.TryDelPendingObjectRefStreams - 72 total (1 active), Execution time: mean = 0.00ms, total = 0.18ms, Queueing time: mean = 1.32ms, max = 92.15ms, min = 0.00ms, total = 94.89ms
	CoreWorkerService.grpc_server.GetCoreWorkerStats - 48 total (0 active), Execution time: mean = 0.23ms, total = 10.92ms, Queueing time: mean = 0.00ms, max = -0.00ms, min = 9223372036854.78ms, total = 0.00ms
	CoreWorkerService.grpc_server.GetCoreWorkerStats.HandleRequestImpl - 48 total (0 active), Execution time: mean = 0.05ms, total = 2.25ms, Queueing time: mean = 0.02ms, max = 0.04ms, min = 0.01ms, total = 1.11ms
	Publisher.PublishFailure.WORKER_OBJECT_LOCATIONS_CHANNEL - 35 total (0 active), Execution time: mean = 0.00ms, total = 0.07ms, Queueing time: mean = 0.04ms, max = 0.05ms, min = 0.01ms, total = 1.23ms
	CoreWorkerService.grpc_server.PushTask - 15 total (1 active), Execution time: mean = 16241.25ms, total = 243618.73ms, Queueing time: mean = 0.00ms, max = -0.00ms, min = 9223372036854.78ms, total = 0.00ms
	CoreWorkerService.grpc_server.PushTask.HandleRequestImpl - 15 total (0 active), Execution time: mean = 0.07ms, total = 1.07ms, Queueing time: mean = 0.02ms, max = 0.05ms, min = 0.01ms, total = 0.33ms
	CoreWorker.PrintEventStats - 12 total (1 active, 1 running), Execution time: mean = 7.90ms, total = 94.83ms, Queueing time: mean = 0.01ms, max = 0.03ms, min = 0.00ms, total = 0.15ms
	PeriodicalRunner.RunFnPeriodically - 8 total (0 active), Execution time: mean = 0.02ms, total = 0.13ms, Queueing time: mean = 0.07ms, max = 0.12ms, min = 0.00ms, total = 0.55ms
	CoreWorkerService.grpc_server.PubsubLongPolling.HandleRequestImpl - 4 total (0 active), Execution time: mean = 0.01ms, total = 0.06ms, Queueing time: mean = 0.03ms, max = 0.05ms, min = 0.01ms, total = 0.10ms
	CoreWorkerService.grpc_server.PubsubLongPolling - 4 total (2 active), Execution time: mean = 221759.59ms, total = 887038.34ms, Queueing time: mean = 0.00ms, max = -0.00ms, min = 9223372036854.78ms, total = 0.00ms
	CoreWorkerService.grpc_server.PubsubCommandBatch - 3 total (0 active), Execution time: mean = 0.18ms, total = 0.53ms, Queueing time: mean = 0.00ms, max = -0.00ms, min = 9223372036854.78ms, total = 0.00ms
	CoreWorkerService.grpc_server.PubsubCommandBatch.HandleRequestImpl - 3 total (0 active), Execution time: mean = 0.03ms, total = 0.10ms, Queueing time: mean = 0.02ms, max = 0.03ms, min = 0.01ms, total = 0.06ms
	Publisher.CheckDeadSubscribers - 3 total (1 active), Execution time: mean = 0.01ms, total = 0.02ms, Queueing time: mean = 0.00ms, max = 0.01ms, min = 0.00ms, total = 0.01ms
	ray::rpc::WorkerInfoGcsService.grpc_client.AddWorkerInfo - 1 total (0 active), Execution time: mean = 0.35ms, total = 0.35ms, Queueing time: mean = 0.00ms, max = -0.00ms, min = 9223372036854.78ms, total = 0.00ms
	ray::rpc::WorkerInfoGcsService.grpc_client.AddWorkerInfo.OnReplyReceived - 1 total (0 active), Execution time: mean = 0.03ms, total = 0.03ms, Queueing time: mean = 0.01ms, max = 0.01ms, min = 0.01ms, total = 0.01ms

-----------------
Task execution event stats:

Global stats: 46271 total (2 active)
Queueing time: mean = 5.28ms, max = 63250.54ms, min = -0.02ms, total = 244245.33ms
Execution time:  mean = 5.27ms, total = 243720.44ms
Event stats:
	CoreWorker.CheckSignal - 46255 total (1 active), Execution time: mean = 0.00ms, total = 105.39ms, Queueing time: mean = 5.28ms, max = 63250.54ms, min = -0.02ms, total = 244245.09ms
	CoreWorker.HandlePushTaskActor - 14 total (1 active, 1 running), Execution time: mean = 15746.66ms, total = 220453.22ms, Queueing time: mean = 0.02ms, max = 0.04ms, min = 0.01ms, total = 0.23ms
	CoreWorker.HandlePushTask - 1 total (0 active), Execution time: mean = 23161.82ms, total = 23161.82ms, Queueing time: mean = 0.00ms, max = 0.00ms, min = 0.00ms, total = 0.00ms
	PeriodicalRunner.RunFnPeriodically - 1 total (0 active), Execution time: mean = 0.01ms, total = 0.01ms, Queueing time: mean = 0.00ms, max = 0.00ms, min = 0.00ms, total = 0.00ms

-----------------
Task Event stats:

IO Service Stats:

Global stats: 766 total (1 active)
Queueing time: mean = 0.02ms, max = 0.08ms, min = 0.01ms, total = 15.41ms
Execution time:  mean = 0.03ms, total = 24.48ms
Event stats:
	CoreWorker.deadline_timer.flush_task_events - 721 total (1 active), Execution time: mean = 0.02ms, total = 11.40ms, Queueing time: mean = 0.02ms, max = 0.08ms, min = 0.01ms, total = 15.03ms
	ray::rpc::TaskInfoGcsService.grpc_client.AddTaskEventData - 22 total (0 active), Execution time: mean = 0.56ms, total = 12.30ms, Queueing time: mean = 0.00ms, max = -0.00ms, min = 9223372036854.78ms, total = 0.00ms
	ray::rpc::TaskInfoGcsService.grpc_client.AddTaskEventData.OnReplyReceived - 22 total (0 active), Execution time: mean = 0.03ms, total = 0.76ms, Queueing time: mean = 0.02ms, max = 0.04ms, min = 0.01ms, total = 0.36ms
	PeriodicalRunner.RunFnPeriodically - 1 total (0 active), Execution time: mean = 0.02ms, total = 0.02ms, Queueing time: mean = 0.02ms, max = 0.02ms, min = 0.02ms, total = 0.02ms
Other Stats:
	gcs_grpc_in_progress:0
	event_aggregator_grpc_in_progress:0
	current number of task status events in buffer: 0
	current number of profile events in buffer: 0
	current number of dropped task attempts tracked: 0
	total task events sent: 0.00668812 MiB
	total number of task attempts sent: 28
	total number of task attempts dropped reported: 0
	total number of sent failure: 0
	num status task events dropped: 0
	num profile task events dropped: 0
	num ray task events reported to aggregator: 0
	num ray task events failed to report to aggregator: 0
	num of task attempts dropped reported to aggregator: 0
	num of failed requests to aggregator: 0

[2026-09-04 01:11:38,575 I 5435 5691] core_worker.cc:498: Event stats:


Global stats: 10585 total (10 active)
Queueing time: mean = 0.06ms, max = 92.15ms, min = -0.01ms, total = 632.79ms
Execution time:  mean = 109.91ms, total = 1163433.51ms
Event stats:
	CoreWorker.RecoverObjects - 7800 total (1 active), Execution time: mean = 0.00ms, total = 16.24ms, Queueing time: mean = 0.02ms, max = 15.66ms, min = -0.01ms, total = 148.30ms
	CoreWorker.ExitIfParentRayletDies - 780 total (1 active), Execution time: mean = 0.01ms, total = 5.35ms, Queueing time: mean = 0.12ms, max = 84.46ms, min = -0.01ms, total = 96.79ms
	CoreWorker.ReportWorkerBacklog - 780 total (1 active), Execution time: mean = 0.00ms, total = 2.62ms, Queueing time: mean = 0.13ms, max = 84.47ms, min = 0.00ms, total = 99.34ms
	CoreWorker.InternalHeartbeat - 780 total (1 active), Execution time: mean = 0.00ms, total = 2.81ms, Queueing time: mean = 0.13ms, max = 84.47ms, min = 0.00ms, total = 99.16ms
	CoreWorker.RecordMetrics - 156 total (1 active), Execution time: mean = 0.05ms, total = 7.55ms, Queueing time: mean = 0.58ms, max = 88.53ms, min = 0.00ms, total = 90.43ms
	CoreWorker.TryDelPendingObjectRefStreams - 78 total (1 active), Execution time: mean = 0.00ms, total = 0.20ms, Queueing time: mean = 1.22ms, max = 92.15ms, min = 0.00ms, total = 95.13ms
	CoreWorkerService.grpc_server.GetCoreWorkerStats - 52 total (0 active), Execution time: mean = 0.22ms, total = 11.64ms, Queueing time: mean = 0.00ms, max = -0.00ms, min = 9223372036854.78ms, total = 0.00ms
	CoreWorkerService.grpc_server.GetCoreWorkerStats.HandleRequestImpl - 52 total (0 active), Execution time: mean = 0.05ms, total = 2.38ms, Queueing time: mean = 0.02ms, max = 0.04ms, min = 0.01ms, total = 1.18ms
	Publisher.PublishFailure.WORKER_OBJECT_LOCATIONS_CHANNEL - 35 total (0 active), Execution time: mean = 0.00ms, total = 0.07ms, Queueing time: mean = 0.04ms, max = 0.05ms, min = 0.01ms, total = 1.23ms
	CoreWorkerService.grpc_server.PushTask - 16 total (0 active), Execution time: mean = 17265.55ms, total = 276248.86ms, Queueing time: mean = 0.00ms, max = -0.00ms, min = 9223372036854.78ms, total = 0.00ms
	CoreWorkerService.grpc_server.PushTask.HandleRequestImpl - 16 total (0 active), Execution time: mean = 0.07ms, total = 1.13ms, Queueing time: mean = 0.02ms, max = 0.05ms, min = 0.01ms, total = 0.34ms
	CoreWorker.PrintEventStats - 13 total (1 active, 1 running), Execution time: mean = 7.32ms, total = 95.10ms, Queueing time: mean = 0.01ms, max = 0.03ms, min = 0.00ms, total = 0.16ms
	PeriodicalRunner.RunFnPeriodically - 8 total (0 active), Execution time: mean = 0.02ms, total = 0.13ms, Queueing time: mean = 0.07ms, max = 0.12ms, min = 0.00ms, total = 0.55ms
	CoreWorkerService.grpc_server.PubsubLongPolling.HandleRequestImpl - 4 total (0 active), Execution time: mean = 0.01ms, total = 0.06ms, Queueing time: mean = 0.03ms, max = 0.05ms, min = 0.01ms, total = 0.10ms
	CoreWorkerService.grpc_server.PubsubLongPolling - 4 total (2 active), Execution time: mean = 221759.59ms, total = 887038.34ms, Queueing time: mean = 0.00ms, max = -0.00ms, min = 9223372036854.78ms, total = 0.00ms
	CoreWorkerService.grpc_server.PubsubCommandBatch - 3 total (0 active), Execution time: mean = 0.18ms, total = 0.53ms, Queueing time: mean = 0.00ms, max = -0.00ms, min = 9223372036854.78ms, total = 0.00ms
	CoreWorkerService.grpc_server.PubsubCommandBatch.HandleRequestImpl - 3 total (0 active), Execution time: mean = 0.03ms, total = 0.10ms, Queueing time: mean = 0.02ms, max = 0.03ms, min = 0.01ms, total = 0.06ms
	Publisher.CheckDeadSubscribers - 3 total (1 active), Execution time: mean = 0.01ms, total = 0.02ms, Queueing time: mean = 0.00ms, max = 0.01ms, min = 0.00ms, total = 0.01ms
	ray::rpc::WorkerInfoGcsService.grpc_client.AddWorkerInfo - 1 total (0 active), Execution time: mean = 0.35ms, total = 0.35ms, Queueing time: mean = 0.00ms, max = -0.00ms, min = 9223372036854.78ms, total = 0.00ms
	ray::rpc::WorkerInfoGcsService.grpc_client.AddWorkerInfo.OnReplyReceived - 1 total (0 active), Execution time: mean = 0.03ms, total = 0.03ms, Queueing time: mean = 0.01ms, max = 0.01ms, min = 0.01ms, total = 0.01ms

-----------------
Task execution event stats:

Global stats: 50327 total (1 active)
Queueing time: mean = 5.50ms, max = 63250.54ms, min = -0.02ms, total = 276919.83ms
Execution time:  mean = 5.49ms, total = 276358.08ms
Event stats:
	CoreWorker.CheckSignal - 50310 total (1 active), Execution time: mean = 0.00ms, total = 113.39ms, Queueing time: mean = 5.50ms, max = 63250.54ms, min = -0.02ms, total = 276919.56ms
	CoreWorker.HandlePushTaskActor - 15 total (0 active), Execution time: mean = 16872.19ms, total = 253082.86ms, Queueing time: mean = 0.02ms, max = 0.04ms, min = 0.01ms, total = 0.26ms
	CoreWorker.HandlePushTask - 1 total (0 active), Execution time: mean = 23161.82ms, total = 23161.82ms, Queueing time: mean = 0.00ms, max = 0.00ms, min = 0.00ms, total = 0.00ms
	PeriodicalRunner.RunFnPeriodically - 1 total (0 active), Execution time: mean = 0.01ms, total = 0.01ms, Queueing time: mean = 0.00ms, max = 0.00ms, min = 0.00ms, total = 0.00ms

-----------------
Task Event stats:

IO Service Stats:

Global stats: 830 total (1 active)
Queueing time: mean = 0.02ms, max = 0.08ms, min = 0.01ms, total = 16.61ms
Execution time:  mean = 0.03ms, total = 26.27ms
Event stats:
	CoreWorker.deadline_timer.flush_task_events - 781 total (1 active), Execution time: mean = 0.02ms, total = 12.27ms, Queueing time: mean = 0.02ms, max = 0.08ms, min = 0.01ms, total = 16.20ms
	ray::rpc::TaskInfoGcsService.grpc_client.AddTaskEventData - 24 total (0 active), Execution time: mean = 0.55ms, total = 13.16ms, Queueing time: mean = 0.00ms, max = -0.00ms, min = 9223372036854.78ms, total = 0.00ms
	ray::rpc::TaskInfoGcsService.grpc_client.AddTaskEventData.OnReplyReceived - 24 total (0 active), Execution time: mean = 0.03ms, total = 0.82ms, Queueing time: mean = 0.02ms, max = 0.04ms, min = 0.01ms, total = 0.40ms
	PeriodicalRunner.RunFnPeriodically - 1 total (0 active), Execution time: mean = 0.02ms, total = 0.02ms, Queueing time: mean = 0.02ms, max = 0.02ms, min = 0.02ms, total = 0.02ms
Other Stats:
	gcs_grpc_in_progress:0
	event_aggregator_grpc_in_progress:0
	current number of task status events in buffer: 0
	current number of profile events in buffer: 0
	current number of dropped task attempts tracked: 0
	total task events sent: 0.00747108 MiB
	total number of task attempts sent: 31
	total number of task attempts dropped reported: 0
	total number of sent failure: 0
	num status task events dropped: 0
	num profile task events dropped: 0
	num ray task events reported to aggregator: 0
	num ray task events failed to report to aggregator: 0
	num of task attempts dropped reported to aggregator: 0
	num of failed requests to aggregator: 0

[2026-09-04 01:11:44,671 I 5435 5435] actor_task_submitter.cc:75: Set actor max pending calls to -1 actor_id=8dae30371bc91c9a2918000601000000
[2026-09-04 01:11:44,672 I 5435 5435] actor_task_submitter.cc:75: Set actor max pending calls to -1 actor_id=c9d941681c020834fe7847db01000000
[2026-09-04 01:12:00,992 I 5435 5691] core_worker_shutdown_executor.cc:141: Executing worker exit: INTENDED_SYSTEM_EXIT - Worker exits because the actor is killed. The actor is dead because all references to the actor were removed. (timeout: -1ms)
[2026-09-04 01:12:00,992 I 5435 5435] core_worker_shutdown_executor.cc:217: Wait for currently executing tasks in the underlying thread pools to finish.
[2026-09-04 01:12:00,992 I 5435 5435] core_worker_shutdown_executor.cc:255: Not draining reference counter since this is an actor worker.
[2026-09-04 01:12:00,997 I 5435 5435] core_worker_shutdown_executor.cc:303: Try killing all child processes of this worker as it exits. Child process pids: 17037,23806,23808
[2026-09-04 01:12:00,997 I 5435 5435] core_worker_shutdown_executor.cc:312: Kill result for child pid 17037: Success, bool 0
[2026-09-04 01:12:00,997 I 5435 5435] core_worker_shutdown_executor.cc:312: Kill result for child pid 23806: Success, bool 0
[2026-09-04 01:12:00,997 I 5435 5435] core_worker_shutdown_executor.cc:312: Kill result for child pid 23808: Success, bool 0
[2026-09-04 01:12:00,999 I 5435 5435] core_worker_shutdown_executor.cc:368: Sending disconnect message to the local raylet.
[2026-09-04 01:12:00,999 I 5435 5435] raylet_ipc_client.cc:133: RayletIpcClient::Disconnect, exit_type=INTENDED_SYSTEM_EXIT, exit_detail=Worker exits because the actor is killed. The actor is dead because all references to the actor were removed., has creation_task_exception_pb_bytes=0
[2026-09-04 01:12:01,000 I 5435 5435] core_worker_shutdown_executor.cc:384: Disconnected from the local raylet.
[2026-09-04 01:12:01,000 I 5435 5435] task_event_buffer.cc:548: Shutting down TaskEventBuffer.
[2026-09-04 01:12:01,000 I 5435 5727] task_event_buffer.cc:507: Task event buffer io service stopped.
[2026-09-04 01:12:01,003 I 5435 5435] ray_event_recorder_base.cc:69: Stopping RayEventRecorder and flushing remaining events.
[2026-09-04 01:12:01,003 I 5435 5435] core_worker_shutdown_executor.cc:92: Waiting for joining a core worker io thread. If it hangs here, there might be deadlock or a high load in the core worker io service.
[2026-09-04 01:12:01,003 I 5435 5691] core_worker_process.cc:199: Core worker main io service stopped.
[2026-09-04 01:12:01,003 I 5435 5435] core_worker_shutdown_executor.cc:109: Waiting for joining the object-freed callback thread.
[2026-09-04 01:12:01,003 I 5435 5692] core_worker_process.cc:219: Object-freed callback service stopped.
[2026-09-04 01:12:01,011 I 5435 5435] core_worker_shutdown_executor.cc:118: Disconnecting a GCS client.
[2026-09-04 01:12:01,011 I 5435 5435] core_worker_shutdown_executor.cc:125: Core worker ready to be deallocated.
[2026-09-04 01:12:01,011 I 5435 5435] core_worker_process.cc:1054: Task execution loop terminated. Waiting for shutdown to complete...
[2026-09-04 01:12:01,011 I 5435 5435] core_worker_shutdown_executor.cc:43: Shutdown completed successfully
[2026-09-04 01:12:01,011 I 5435 5435] core_worker_process.cc:1056: Shutdown complete. Removing the global worker.
[2026-09-04 01:12:01,011 I 5435 5435] core_worker_shutdown_executor.cc:43: Shutdown completed successfully
[2026-09-04 01:12:01,011 I 5435 5435] core_worker.cc:584: Core worker is destructed
[2026-09-04 01:12:08,152 I 5435 5435] core_worker_process.cc:950: Destructing CoreWorkerProcessImpl. pid: 5435
[2026-09-04 01:12:08,154 I 5435 5435] stats.h:176: Stats module has shutdown.
