[2026-09-04 00:58:09,097 I 1550 1550] core_worker_process.cc:868: Constructing CoreWorkerProcess. pid: 1550
[2026-09-04 00:58:09,098 I 1550 1550] event.cc:499: Ray Event initialized for CORE_WORKER
[2026-09-04 00:58:09,098 I 1550 1550] event.cc:499: Ray Event initialized for EXPORT_TASK
[2026-09-04 00:58:09,098 I 1550 1550] event.cc:332: Set ray event level to warning
[2026-09-04 00:58:09,100 I 1550 1550] grpc_server.cc:144: worker server started, listening on port 20033.
[2026-09-04 00:58:09,100 I 1550 1550] core_worker_process.cc:299: Initializing worker at address: 10.244.18.139:20033 worker_id=b02ec1b55adbcd02dda7979bc5f4c09a8969ce9c1fb070e83cd8406d node_id=11215b0011fac4845f8eecab7d85f57fc12c4efc1ad3dce06ebdc204
[2026-09-04 00:58:09,101 I 1550 1550] task_event_buffer.cc:535: Reporting task events to GCS every 1000ms.
[2026-09-04 00:58:09,101 I 1550 1550] core_worker.cc:568: Adjusted worker niceness to 15
[2026-09-04 00:58:09,101 I 1550 3368] core_worker.cc:498: Event stats:


Global stats: 11 total (9 active)
Queueing time: mean = 0.00ms, max = 0.01ms, min = 0.01ms, total = 0.01ms
Execution time:  mean = 0.00ms, total = 0.01ms
Event stats:
	PeriodicalRunner.RunFnPeriodically - 8 total (6 active, 1 running), Execution time: mean = 0.00ms, total = 0.01ms, Queueing time: mean = 0.00ms, max = 0.01ms, min = 0.01ms, total = 0.01ms
	Publisher.CheckDeadSubscribers - 1 total (1 active), Execution time: mean = 0.00ms, total = 0.00ms, Queueing time: mean = 0.00ms, max = -0.00ms, min = 9223372036854.78ms, total = 0.00ms
	ray::rpc::WorkerInfoGcsService.grpc_client.AddWorkerInfo - 1 total (1 active), Execution time: mean = 0.00ms, total = 0.00ms, Queueing time: mean = 0.00ms, max = -0.00ms, min = 9223372036854.78ms, total = 0.00ms
	CoreWorker.ExitIfParentRayletDies - 1 total (1 active), Execution time: mean = 0.00ms, total = 0.00ms, Queueing time: mean = 0.00ms, max = -0.00ms, min = 9223372036854.78ms, total = 0.00ms

-----------------
Task execution event stats:

Global stats: 0 total (0 active)
Queueing time: mean = -nanms, max = -0.00ms, min = 9223372036854.78ms, total = 0.00ms
Execution time:  mean = -nanms, total = 0.00ms
Event stats:

-----------------
Task Event stats:

IO Service Stats:

Global stats: 2 total (1 active)
Queueing time: mean = 0.00ms, max = 0.01ms, min = 0.01ms, total = 0.01ms
Execution time:  mean = 0.01ms, total = 0.03ms
Event stats:
	PeriodicalRunner.RunFnPeriodically - 1 total (0 active), Execution time: mean = 0.03ms, total = 0.03ms, Queueing time: mean = 0.01ms, max = 0.01ms, min = 0.01ms, total = 0.01ms
	CoreWorker.deadline_timer.flush_task_events - 1 total (1 active), Execution time: mean = 0.00ms, total = 0.00ms, Queueing time: mean = 0.00ms, max = -0.00ms, min = 9223372036854.78ms, total = 0.00ms
Other Stats:
	gcs_grpc_in_progress:0
	event_aggregator_grpc_in_progress:0
	current number of task status events in buffer: 0
	current number of profile events in buffer: 0
	current number of dropped task attempts tracked: 0
	total task events sent: 0 MiB
	total number of task attempts sent: 0
	total number of task attempts dropped reported: 0
	total number of sent failure: 0
	num status task events dropped: 0
	num profile task events dropped: 0
	num ray task events reported to aggregator: 0
	num ray task events failed to report to aggregator: 0
	num of task attempts dropped reported to aggregator: 0
	num of failed requests to aggregator: 0

[2026-09-04 00:59:09,101 I 1550 3368] core_worker.cc:498: Event stats:


Global stats: 818 total (8 active)
Queueing time: mean = 0.01ms, max = 0.11ms, min = 0.00ms, total = 10.65ms
Execution time:  mean = 0.00ms, total = 3.09ms
Event stats:
	CoreWorker.RecoverObjects - 600 total (1 active), Execution time: mean = 0.00ms, total = 0.87ms, Queueing time: mean = 0.01ms, max = 0.04ms, min = 0.00ms, total = 7.90ms
	CoreWorker.ExitIfParentRayletDies - 60 total (1 active), Execution time: mean = 0.00ms, total = 0.22ms, Queueing time: mean = 0.01ms, max = 0.04ms, min = 0.00ms, total = 0.67ms
	CoreWorker.InternalHeartbeat - 60 total (1 active), Execution time: mean = 0.00ms, total = 0.14ms, Queueing time: mean = 0.01ms, max = 0.04ms, min = 0.00ms, total = 0.67ms
	CoreWorker.ReportWorkerBacklog - 60 total (1 active), Execution time: mean = 0.00ms, total = 0.16ms, Queueing time: mean = 0.01ms, max = 0.04ms, min = 0.00ms, total = 0.64ms
	CoreWorker.RecordMetrics - 12 total (1 active), Execution time: mean = 0.02ms, total = 0.26ms, Queueing time: mean = 0.01ms, max = 0.03ms, min = 0.00ms, total = 0.11ms
	PeriodicalRunner.RunFnPeriodically - 8 total (0 active), Execution time: mean = 0.01ms, total = 0.11ms, Queueing time: mean = 0.06ms, max = 0.11ms, min = 0.01ms, total = 0.49ms
	CoreWorker.TryDelPendingObjectRefStreams - 6 total (1 active), Execution time: mean = 0.00ms, total = 0.01ms, Queueing time: mean = 0.01ms, max = 0.02ms, min = 0.01ms, total = 0.08ms
	CoreWorkerService.grpc_server.GetCoreWorkerStats.HandleRequestImpl - 4 total (0 active), Execution time: mean = 0.05ms, total = 0.18ms, Queueing time: mean = 0.02ms, max = 0.02ms, min = 0.01ms, total = 0.07ms
	CoreWorkerService.grpc_server.GetCoreWorkerStats - 4 total (0 active), Execution time: mean = 0.19ms, total = 0.77ms, Queueing time: mean = 0.00ms, max = -0.00ms, min = 9223372036854.78ms, total = 0.00ms
	ray::rpc::WorkerInfoGcsService.grpc_client.AddWorkerInfo - 1 total (0 active), Execution time: mean = 0.33ms, total = 0.33ms, Queueing time: mean = 0.00ms, max = -0.00ms, min = 9223372036854.78ms, total = 0.00ms
	CoreWorker.PrintEventStats - 1 total (1 active, 1 running), Execution time: mean = 0.00ms, total = 0.00ms, Queueing time: mean = 0.00ms, max = -0.00ms, min = 9223372036854.78ms, total = 0.00ms
	Publisher.CheckDeadSubscribers - 1 total (1 active), Execution time: mean = 0.00ms, total = 0.00ms, Queueing time: mean = 0.00ms, max = -0.00ms, min = 9223372036854.78ms, total = 0.00ms
	ray::rpc::WorkerInfoGcsService.grpc_client.AddWorkerInfo.OnReplyReceived - 1 total (0 active), Execution time: mean = 0.02ms, total = 0.02ms, Queueing time: mean = 0.01ms, max = 0.01ms, min = 0.01ms, total = 0.01ms

-----------------
Task execution event stats:

Global stats: 5993 total (1 active)
Queueing time: mean = 0.01ms, max = 0.06ms, min = -0.01ms, total = 79.56ms
Execution time:  mean = 0.00ms, total = 9.79ms
Event stats:
	CoreWorker.CheckSignal - 5992 total (1 active), Execution time: mean = 0.00ms, total = 9.79ms, Queueing time: mean = 0.01ms, max = 0.06ms, min = -0.01ms, total = 79.56ms
	PeriodicalRunner.RunFnPeriodically - 1 total (0 active), Execution time: mean = 0.00ms, total = 0.00ms, Queueing time: mean = 0.00ms, max = 0.00ms, min = 0.00ms, total = 0.00ms

-----------------
Task Event stats:

IO Service Stats:

Global stats: 61 total (1 active)
Queueing time: mean = 0.02ms, max = 0.04ms, min = 0.01ms, total = 1.37ms
Execution time:  mean = 0.01ms, total = 0.66ms
Event stats:
	CoreWorker.deadline_timer.flush_task_events - 60 total (1 active), Execution time: mean = 0.01ms, total = 0.63ms, Queueing time: mean = 0.02ms, max = 0.04ms, min = 0.01ms, total = 1.36ms
	PeriodicalRunner.RunFnPeriodically - 1 total (0 active), Execution time: mean = 0.03ms, total = 0.03ms, Queueing time: mean = 0.01ms, max = 0.01ms, min = 0.01ms, total = 0.01ms
Other Stats:
	gcs_grpc_in_progress:0
	event_aggregator_grpc_in_progress:0
	current number of task status events in buffer: 0
	current number of profile events in buffer: 0
	current number of dropped task attempts tracked: 0
	total task events sent: 0 MiB
	total number of task attempts sent: 0
	total number of task attempts dropped reported: 0
	total number of sent failure: 0
	num status task events dropped: 0
	num profile task events dropped: 0
	num ray task events reported to aggregator: 0
	num ray task events failed to report to aggregator: 0
	num of task attempts dropped reported to aggregator: 0
	num of failed requests to aggregator: 0

[2026-09-04 01:00:09,101 I 1550 3368] core_worker.cc:498: Event stats:


Global stats: 1625 total (8 active)
Queueing time: mean = 0.01ms, max = 0.11ms, min = 0.00ms, total = 23.36ms
Execution time:  mean = 0.00ms, total = 5.96ms
Event stats:
	CoreWorker.RecoverObjects - 1200 total (1 active), Execution time: mean = 0.00ms, total = 1.96ms, Queueing time: mean = 0.01ms, max = 0.06ms, min = 0.00ms, total = 17.68ms
	CoreWorker.ExitIfParentRayletDies - 120 total (1 active), Execution time: mean = 0.00ms, total = 0.47ms, Queueing time: mean = 0.01ms, max = 0.04ms, min = 0.00ms, total = 1.48ms
	CoreWorker.InternalHeartbeat - 120 total (1 active), Execution time: mean = 0.00ms, total = 0.26ms, Queueing time: mean = 0.01ms, max = 0.04ms, min = 0.00ms, total = 1.59ms
	CoreWorker.ReportWorkerBacklog - 120 total (1 active), Execution time: mean = 0.00ms, total = 0.34ms, Queueing time: mean = 0.01ms, max = 0.04ms, min = 0.00ms, total = 1.53ms
	CoreWorker.RecordMetrics - 24 total (1 active), Execution time: mean = 0.02ms, total = 0.50ms, Queueing time: mean = 0.01ms, max = 0.03ms, min = 0.00ms, total = 0.20ms
	CoreWorker.TryDelPendingObjectRefStreams - 12 total (1 active), Execution time: mean = 0.00ms, total = 0.02ms, Queueing time: mean = 0.02ms, max = 0.05ms, min = 0.00ms, total = 0.19ms
	CoreWorkerService.grpc_server.GetCoreWorkerStats.HandleRequestImpl - 8 total (0 active), Execution time: mean = 0.04ms, total = 0.29ms, Queueing time: mean = 0.02ms, max = 0.04ms, min = 0.01ms, total = 0.18ms
	PeriodicalRunner.RunFnPeriodically - 8 total (0 active), Execution time: mean = 0.01ms, total = 0.11ms, Queueing time: mean = 0.06ms, max = 0.11ms, min = 0.01ms, total = 0.49ms
	CoreWorkerService.grpc_server.GetCoreWorkerStats - 8 total (0 active), Execution time: mean = 0.19ms, total = 1.52ms, Queueing time: mean = 0.00ms, max = -0.00ms, min = 9223372036854.78ms, total = 0.00ms
	CoreWorker.PrintEventStats - 2 total (1 active, 1 running), Execution time: mean = 0.07ms, total = 0.14ms, Queueing time: mean = 0.01ms, max = 0.01ms, min = 0.01ms, total = 0.01ms
	ray::rpc::WorkerInfoGcsService.grpc_client.AddWorkerInfo - 1 total (0 active), Execution time: mean = 0.33ms, total = 0.33ms, Queueing time: mean = 0.00ms, max = -0.00ms, min = 9223372036854.78ms, total = 0.00ms
	Publisher.CheckDeadSubscribers - 1 total (1 active), Execution time: mean = 0.00ms, total = 0.00ms, Queueing time: mean = 0.00ms, max = -0.00ms, min = 9223372036854.78ms, total = 0.00ms
	ray::rpc::WorkerInfoGcsService.grpc_client.AddWorkerInfo.OnReplyReceived - 1 total (0 active), Execution time: mean = 0.02ms, total = 0.02ms, Queueing time: mean = 0.01ms, max = 0.01ms, min = 0.01ms, total = 0.01ms

-----------------
Task execution event stats:

Global stats: 11982 total (1 active)
Queueing time: mean = 0.01ms, max = 0.26ms, min = -0.01ms, total = 179.13ms
Execution time:  mean = 0.00ms, total = 23.85ms
Event stats:
	CoreWorker.CheckSignal - 11981 total (1 active), Execution time: mean = 0.00ms, total = 23.85ms, Queueing time: mean = 0.01ms, max = 0.26ms, min = -0.01ms, total = 179.12ms
	PeriodicalRunner.RunFnPeriodically - 1 total (0 active), Execution time: mean = 0.00ms, total = 0.00ms, Queueing time: mean = 0.00ms, max = 0.00ms, min = 0.00ms, total = 0.00ms

-----------------
Task Event stats:

IO Service Stats:

Global stats: 121 total (1 active)
Queueing time: mean = 0.02ms, max = 0.07ms, min = 0.01ms, total = 2.81ms
Execution time:  mean = 0.01ms, total = 1.27ms
Event stats:
	CoreWorker.deadline_timer.flush_task_events - 120 total (1 active), Execution time: mean = 0.01ms, total = 1.25ms, Queueing time: mean = 0.02ms, max = 0.07ms, min = 0.01ms, total = 2.80ms
	PeriodicalRunner.RunFnPeriodically - 1 total (0 active), Execution time: mean = 0.03ms, total = 0.03ms, Queueing time: mean = 0.01ms, max = 0.01ms, min = 0.01ms, total = 0.01ms
Other Stats:
	gcs_grpc_in_progress:0
	event_aggregator_grpc_in_progress:0
	current number of task status events in buffer: 0
	current number of profile events in buffer: 0
	current number of dropped task attempts tracked: 0
	total task events sent: 0 MiB
	total number of task attempts sent: 0
	total number of task attempts dropped reported: 0
	total number of sent failure: 0
	num status task events dropped: 0
	num profile task events dropped: 0
	num ray task events reported to aggregator: 0
	num ray task events failed to report to aggregator: 0
	num of task attempts dropped reported to aggregator: 0
	num of failed requests to aggregator: 0

[2026-09-04 01:01:09,102 I 1550 3368] core_worker.cc:498: Event stats:


Global stats: 2432 total (8 active)
Queueing time: mean = 0.01ms, max = 0.11ms, min = -0.01ms, total = 35.46ms
Execution time:  mean = 0.00ms, total = 8.83ms
Event stats:
	CoreWorker.RecoverObjects - 1800 total (1 active), Execution time: mean = 0.00ms, total = 3.08ms, Queueing time: mean = 0.01ms, max = 0.06ms, min = 0.00ms, total = 26.77ms
	CoreWorker.ExitIfParentRayletDies - 180 total (1 active), Execution time: mean = 0.00ms, total = 0.77ms, Queueing time: mean = 0.01ms, max = 0.04ms, min = -0.01ms, total = 2.30ms
	CoreWorker.InternalHeartbeat - 180 total (1 active), Execution time: mean = 0.00ms, total = 0.42ms, Queueing time: mean = 0.01ms, max = 0.04ms, min = 0.00ms, total = 2.55ms
	CoreWorker.ReportWorkerBacklog - 180 total (1 active), Execution time: mean = 0.00ms, total = 0.54ms, Queueing time: mean = 0.01ms, max = 0.04ms, min = 0.00ms, total = 2.44ms
	CoreWorker.RecordMetrics - 36 total (1 active), Execution time: mean = 0.02ms, total = 0.78ms, Queueing time: mean = 0.01ms, max = 0.03ms, min = 0.00ms, total = 0.32ms
	CoreWorker.TryDelPendingObjectRefStreams - 18 total (1 active), Execution time: mean = 0.00ms, total = 0.02ms, Queueing time: mean = 0.02ms, max = 0.07ms, min = 0.00ms, total = 0.32ms
	CoreWorkerService.grpc_server.GetCoreWorkerStats.HandleRequestImpl - 12 total (0 active), Execution time: mean = 0.03ms, total = 0.39ms, Queueing time: mean = 0.02ms, max = 0.04ms, min = 0.01ms, total = 0.25ms
	CoreWorkerService.grpc_server.GetCoreWorkerStats - 12 total (0 active), Execution time: mean = 0.17ms, total = 2.09ms, Queueing time: mean = 0.00ms, max = -0.00ms, min = 9223372036854.78ms, total = 0.00ms
	PeriodicalRunner.RunFnPeriodically - 8 total (0 active), Execution time: mean = 0.01ms, total = 0.11ms, Queueing time: mean = 0.06ms, max = 0.11ms, min = 0.01ms, total = 0.49ms
	CoreWorker.PrintEventStats - 3 total (1 active, 1 running), Execution time: mean = 0.09ms, total = 0.27ms, Queueing time: mean = 0.01ms, max = 0.01ms, min = 0.01ms, total = 0.02ms
	ray::rpc::WorkerInfoGcsService.grpc_client.AddWorkerInfo - 1 total (0 active), Execution time: mean = 0.33ms, total = 0.33ms, Queueing time: mean = 0.00ms, max = -0.00ms, min = 9223372036854.78ms, total = 0.00ms
	Publisher.CheckDeadSubscribers - 1 total (1 active), Execution time: mean = 0.00ms, total = 0.00ms, Queueing time: mean = 0.00ms, max = -0.00ms, min = 9223372036854.78ms, total = 0.00ms
	ray::rpc::WorkerInfoGcsService.grpc_client.AddWorkerInfo.OnReplyReceived - 1 total (0 active), Execution time: mean = 0.02ms, total = 0.02ms, Queueing time: mean = 0.01ms, max = 0.01ms, min = 0.01ms, total = 0.01ms

-----------------
Task execution event stats:

Global stats: 17973 total (1 active)
Queueing time: mean = 0.01ms, max = 1.56ms, min = -0.01ms, total = 257.94ms
Execution time:  mean = 0.00ms, total = 34.76ms
Event stats:
	CoreWorker.CheckSignal - 17972 total (1 active), Execution time: mean = 0.00ms, total = 34.75ms, Queueing time: mean = 0.01ms, max = 1.56ms, min = -0.01ms, total = 257.94ms
	PeriodicalRunner.RunFnPeriodically - 1 total (0 active), Execution time: mean = 0.00ms, total = 0.00ms, Queueing time: mean = 0.00ms, max = 0.00ms, min = 0.00ms, total = 0.00ms

-----------------
Task Event stats:

IO Service Stats:

Global stats: 181 total (1 active)
Queueing time: mean = 0.02ms, max = 0.07ms, min = 0.01ms, total = 4.21ms
Execution time:  mean = 0.01ms, total = 1.94ms
Event stats:
	CoreWorker.deadline_timer.flush_task_events - 180 total (1 active), Execution time: mean = 0.01ms, total = 1.92ms, Queueing time: mean = 0.02ms, max = 0.07ms, min = 0.01ms, total = 4.21ms
	PeriodicalRunner.RunFnPeriodically - 1 total (0 active), Execution time: mean = 0.03ms, total = 0.03ms, Queueing time: mean = 0.01ms, max = 0.01ms, min = 0.01ms, total = 0.01ms
Other Stats:
	gcs_grpc_in_progress:0
	event_aggregator_grpc_in_progress:0
	current number of task status events in buffer: 0
	current number of profile events in buffer: 0
	current number of dropped task attempts tracked: 0
	total task events sent: 0 MiB
	total number of task attempts sent: 0
	total number of task attempts dropped reported: 0
	total number of sent failure: 0
	num status task events dropped: 0
	num profile task events dropped: 0
	num ray task events reported to aggregator: 0
	num ray task events failed to report to aggregator: 0
	num of task attempts dropped reported to aggregator: 0
	num of failed requests to aggregator: 0

[2026-09-04 01:02:09,102 I 1550 3368] core_worker.cc:498: Event stats:


Global stats: 3239 total (8 active)
Queueing time: mean = 0.02ms, max = 0.11ms, min = -0.01ms, total = 52.62ms
Execution time:  mean = 0.00ms, total = 12.03ms
Event stats:
	CoreWorker.RecoverObjects - 2400 total (1 active), Execution time: mean = 0.00ms, total = 4.49ms, Queueing time: mean = 0.02ms, max = 0.07ms, min = 0.00ms, total = 39.33ms
	CoreWorker.ExitIfParentRayletDies - 240 total (1 active), Execution time: mean = 0.00ms, total = 1.07ms, Queueing time: mean = 0.02ms, max = 0.04ms, min = -0.01ms, total = 3.61ms
	CoreWorker.InternalHeartbeat - 240 total (1 active), Execution time: mean = 0.00ms, total = 0.59ms, Queueing time: mean = 0.02ms, max = 0.04ms, min = 0.00ms, total = 3.97ms
	CoreWorker.ReportWorkerBacklog - 240 total (1 active), Execution time: mean = 0.00ms, total = 0.75ms, Queueing time: mean = 0.02ms, max = 0.04ms, min = 0.00ms, total = 3.83ms
	CoreWorker.RecordMetrics - 48 total (1 active), Execution time: mean = 0.02ms, total = 1.07ms, Queueing time: mean = 0.01ms, max = 0.04ms, min = 0.00ms, total = 0.51ms
	CoreWorker.TryDelPendingObjectRefStreams - 24 total (1 active), Execution time: mean = 0.00ms, total = 0.04ms, Queueing time: mean = 0.02ms, max = 0.10ms, min = 0.00ms, total = 0.53ms
	CoreWorkerService.grpc_server.GetCoreWorkerStats.HandleRequestImpl - 16 total (0 active), Execution time: mean = 0.03ms, total = 0.48ms, Queueing time: mean = 0.02ms, max = 0.04ms, min = 0.01ms, total = 0.31ms
	CoreWorkerService.grpc_server.GetCoreWorkerStats - 16 total (0 active), Execution time: mean = 0.17ms, total = 2.65ms, Queueing time: mean = 0.00ms, max = -0.00ms, min = 9223372036854.78ms, total = 0.00ms
	PeriodicalRunner.RunFnPeriodically - 8 total (0 active), Execution time: mean = 0.01ms, total = 0.11ms, Queueing time: mean = 0.06ms, max = 0.11ms, min = 0.01ms, total = 0.49ms
	CoreWorker.PrintEventStats - 4 total (1 active, 1 running), Execution time: mean = 0.10ms, total = 0.42ms, Queueing time: mean = 0.01ms, max = 0.02ms, min = 0.01ms, total = 0.04ms
	ray::rpc::WorkerInfoGcsService.grpc_client.AddWorkerInfo - 1 total (0 active), Execution time: mean = 0.33ms, total = 0.33ms, Queueing time: mean = 0.00ms, max = -0.00ms, min = 9223372036854.78ms, total = 0.00ms
	Publisher.CheckDeadSubscribers - 1 total (1 active), Execution time: mean = 0.00ms, total = 0.00ms, Queueing time: mean = 0.00ms, max = -0.00ms, min = 9223372036854.78ms, total = 0.00ms
	ray::rpc::WorkerInfoGcsService.grpc_client.AddWorkerInfo.OnReplyReceived - 1 total (0 active), Execution time: mean = 0.02ms, total = 0.02ms, Queueing time: mean = 0.01ms, max = 0.01ms, min = 0.01ms, total = 0.01ms

-----------------
Task execution event stats:

Global stats: 23960 total (1 active)
Queueing time: mean = 0.02ms, max = 1.56ms, min = -0.01ms, total = 375.90ms
Execution time:  mean = 0.00ms, total = 51.79ms
Event stats:
	CoreWorker.CheckSignal - 23959 total (1 active), Execution time: mean = 0.00ms, total = 51.78ms, Queueing time: mean = 0.02ms, max = 1.56ms, min = -0.01ms, total = 375.90ms
	PeriodicalRunner.RunFnPeriodically - 1 total (0 active), Execution time: mean = 0.00ms, total = 0.00ms, Queueing time: mean = 0.00ms, max = 0.00ms, min = 0.00ms, total = 0.00ms

-----------------
Task Event stats:

IO Service Stats:

Global stats: 241 total (1 active)
Queueing time: mean = 0.02ms, max = 0.07ms, min = 0.01ms, total = 5.69ms
Execution time:  mean = 0.01ms, total = 2.58ms
Event stats:
	CoreWorker.deadline_timer.flush_task_events - 240 total (1 active), Execution time: mean = 0.01ms, total = 2.55ms, Queueing time: mean = 0.02ms, max = 0.07ms, min = 0.01ms, total = 5.68ms
	PeriodicalRunner.RunFnPeriodically - 1 total (0 active), Execution time: mean = 0.03ms, total = 0.03ms, Queueing time: mean = 0.01ms, max = 0.01ms, min = 0.01ms, total = 0.01ms
Other Stats:
	gcs_grpc_in_progress:0
	event_aggregator_grpc_in_progress:0
	current number of task status events in buffer: 0
	current number of profile events in buffer: 0
	current number of dropped task attempts tracked: 0
	total task events sent: 0 MiB
	total number of task attempts sent: 0
	total number of task attempts dropped reported: 0
	total number of sent failure: 0
	num status task events dropped: 0
	num profile task events dropped: 0
	num ray task events reported to aggregator: 0
	num ray task events failed to report to aggregator: 0
	num of task attempts dropped reported to aggregator: 0
	num of failed requests to aggregator: 0

[2026-09-04 01:03:09,102 I 1550 3368] core_worker.cc:498: Event stats:


Global stats: 4047 total (8 active)
Queueing time: mean = 0.02ms, max = 0.11ms, min = -0.01ms, total = 70.04ms
Execution time:  mean = 0.00ms, total = 15.31ms
Event stats:
	CoreWorker.RecoverObjects - 3000 total (1 active), Execution time: mean = 0.00ms, total = 5.94ms, Queueing time: mean = 0.02ms, max = 0.07ms, min = 0.00ms, total = 52.23ms
	CoreWorker.ExitIfParentRayletDies - 300 total (1 active), Execution time: mean = 0.00ms, total = 1.38ms, Queueing time: mean = 0.02ms, max = 0.04ms, min = -0.01ms, total = 4.89ms
	CoreWorker.InternalHeartbeat - 300 total (1 active), Execution time: mean = 0.00ms, total = 0.76ms, Queueing time: mean = 0.02ms, max = 0.04ms, min = 0.00ms, total = 5.37ms
	CoreWorker.ReportWorkerBacklog - 300 total (1 active), Execution time: mean = 0.00ms, total = 0.93ms, Queueing time: mean = 0.02ms, max = 0.05ms, min = 0.00ms, total = 5.22ms
	CoreWorker.RecordMetrics - 60 total (1 active), Execution time: mean = 0.02ms, total = 1.35ms, Queueing time: mean = 0.01ms, max = 0.04ms, min = 0.00ms, total = 0.75ms
	CoreWorker.TryDelPendingObjectRefStreams - 30 total (1 active), Execution time: mean = 0.00ms, total = 0.05ms, Queueing time: mean = 0.02ms, max = 0.10ms, min = 0.00ms, total = 0.64ms
	CoreWorkerService.grpc_server.GetCoreWorkerStats.HandleRequestImpl - 20 total (0 active), Execution time: mean = 0.03ms, total = 0.58ms, Queueing time: mean = 0.02ms, max = 0.04ms, min = 0.01ms, total = 0.38ms
	CoreWorkerService.grpc_server.GetCoreWorkerStats - 20 total (0 active), Execution time: mean = 0.16ms, total = 3.29ms, Queueing time: mean = 0.00ms, max = -0.00ms, min = 9223372036854.78ms, total = 0.00ms
	PeriodicalRunner.RunFnPeriodically - 8 total (0 active), Execution time: mean = 0.01ms, total = 0.11ms, Queueing time: mean = 0.06ms, max = 0.11ms, min = 0.01ms, total = 0.49ms
	CoreWorker.PrintEventStats - 5 total (1 active, 1 running), Execution time: mean = 0.11ms, total = 0.56ms, Queueing time: mean = 0.01ms, max = 0.02ms, min = 0.01ms, total = 0.05ms
	Publisher.CheckDeadSubscribers - 2 total (1 active), Execution time: mean = 0.00ms, total = 0.00ms, Queueing time: mean = 0.01ms, max = 0.02ms, min = 0.02ms, total = 0.02ms
	ray::rpc::WorkerInfoGcsService.grpc_client.AddWorkerInfo - 1 total (0 active), Execution time: mean = 0.33ms, total = 0.33ms, Queueing time: mean = 0.00ms, max = -0.00ms, min = 9223372036854.78ms, total = 0.00ms
	ray::rpc::WorkerInfoGcsService.grpc_client.AddWorkerInfo.OnReplyReceived - 1 total (0 active), Execution time: mean = 0.02ms, total = 0.02ms, Queueing time: mean = 0.01ms, max = 0.01ms, min = 0.01ms, total = 0.01ms

-----------------
Task execution event stats:

Global stats: 29948 total (1 active)
Queueing time: mean = 0.02ms, max = 1.56ms, min = -0.01ms, total = 486.52ms
Execution time:  mean = 0.00ms, total = 67.22ms
Event stats:
	CoreWorker.CheckSignal - 29947 total (1 active), Execution time: mean = 0.00ms, total = 67.22ms, Queueing time: mean = 0.02ms, max = 1.56ms, min = -0.01ms, total = 486.52ms
	PeriodicalRunner.RunFnPeriodically - 1 total (0 active), Execution time: mean = 0.00ms, total = 0.00ms, Queueing time: mean = 0.00ms, max = 0.00ms, min = 0.00ms, total = 0.00ms

-----------------
Task Event stats:

IO Service Stats:

Global stats: 301 total (1 active)
Queueing time: mean = 0.02ms, max = 0.07ms, min = -0.00ms, total = 7.25ms
Execution time:  mean = 0.01ms, total = 3.26ms
Event stats:
	CoreWorker.deadline_timer.flush_task_events - 300 total (1 active), Execution time: mean = 0.01ms, total = 3.24ms, Queueing time: mean = 0.02ms, max = 0.07ms, min = -0.00ms, total = 7.24ms
	PeriodicalRunner.RunFnPeriodically - 1 total (0 active), Execution time: mean = 0.03ms, total = 0.03ms, Queueing time: mean = 0.01ms, max = 0.01ms, min = 0.01ms, total = 0.01ms
Other Stats:
	gcs_grpc_in_progress:0
	event_aggregator_grpc_in_progress:0
	current number of task status events in buffer: 0
	current number of profile events in buffer: 0
	current number of dropped task attempts tracked: 0
	total task events sent: 0 MiB
	total number of task attempts sent: 0
	total number of task attempts dropped reported: 0
	total number of sent failure: 0
	num status task events dropped: 0
	num profile task events dropped: 0
	num ray task events reported to aggregator: 0
	num ray task events failed to report to aggregator: 0
	num of task attempts dropped reported to aggregator: 0
	num of failed requests to aggregator: 0

[2026-09-04 01:04:09,102 I 1550 3368] core_worker.cc:498: Event stats:


Global stats: 4854 total (8 active)
Queueing time: mean = 0.02ms, max = 0.64ms, min = -0.01ms, total = 84.75ms
Execution time:  mean = 0.00ms, total = 18.38ms
Event stats:
	CoreWorker.RecoverObjects - 3600 total (1 active), Execution time: mean = 0.00ms, total = 7.33ms, Queueing time: mean = 0.02ms, max = 0.07ms, min = 0.00ms, total = 61.91ms
	CoreWorker.ExitIfParentRayletDies - 360 total (1 active), Execution time: mean = 0.00ms, total = 1.65ms, Queueing time: mean = 0.02ms, max = 0.64ms, min = -0.01ms, total = 6.41ms
	CoreWorker.InternalHeartbeat - 360 total (1 active), Execution time: mean = 0.00ms, total = 0.94ms, Queueing time: mean = 0.02ms, max = 0.64ms, min = 0.00ms, total = 6.97ms
	CoreWorker.ReportWorkerBacklog - 360 total (1 active), Execution time: mean = 0.00ms, total = 1.13ms, Queueing time: mean = 0.02ms, max = 0.63ms, min = 0.00ms, total = 6.80ms
	CoreWorker.RecordMetrics - 72 total (1 active), Execution time: mean = 0.02ms, total = 1.58ms, Queueing time: mean = 0.01ms, max = 0.04ms, min = 0.00ms, total = 0.88ms
	CoreWorker.TryDelPendingObjectRefStreams - 36 total (1 active), Execution time: mean = 0.00ms, total = 0.06ms, Queueing time: mean = 0.02ms, max = 0.10ms, min = 0.00ms, total = 0.76ms
	CoreWorkerService.grpc_server.GetCoreWorkerStats.HandleRequestImpl - 24 total (0 active), Execution time: mean = 0.03ms, total = 0.66ms, Queueing time: mean = 0.02ms, max = 0.04ms, min = 0.01ms, total = 0.44ms
	CoreWorkerService.grpc_server.GetCoreWorkerStats - 24 total (0 active), Execution time: mean = 0.16ms, total = 3.86ms, Queueing time: mean = 0.00ms, max = -0.00ms, min = 9223372036854.78ms, total = 0.00ms
	PeriodicalRunner.RunFnPeriodically - 8 total (0 active), Execution time: mean = 0.01ms, total = 0.11ms, Queueing time: mean = 0.06ms, max = 0.11ms, min = 0.01ms, total = 0.49ms
	CoreWorker.PrintEventStats - 6 total (1 active, 1 running), Execution time: mean = 0.12ms, total = 0.70ms, Queueing time: mean = 0.01ms, max = 0.02ms, min = 0.01ms, total = 0.06ms
	Publisher.CheckDeadSubscribers - 2 total (1 active), Execution time: mean = 0.00ms, total = 0.00ms, Queueing time: mean = 0.01ms, max = 0.02ms, min = 0.02ms, total = 0.02ms
	ray::rpc::WorkerInfoGcsService.grpc_client.AddWorkerInfo - 1 total (0 active), Execution time: mean = 0.33ms, total = 0.33ms, Queueing time: mean = 0.00ms, max = -0.00ms, min = 9223372036854.78ms, total = 0.00ms
	ray::rpc::WorkerInfoGcsService.grpc_client.AddWorkerInfo.OnReplyReceived - 1 total (0 active), Execution time: mean = 0.02ms, total = 0.02ms, Queueing time: mean = 0.01ms, max = 0.01ms, min = 0.01ms, total = 0.01ms

-----------------
Task execution event stats:

Global stats: 35940 total (1 active)
Queueing time: mean = 0.02ms, max = 1.56ms, min = -0.02ms, total = 563.44ms
Execution time:  mean = 0.00ms, total = 76.40ms
Event stats:
	CoreWorker.CheckSignal - 35939 total (1 active), Execution time: mean = 0.00ms, total = 76.39ms, Queueing time: mean = 0.02ms, max = 1.56ms, min = -0.02ms, total = 563.44ms
	PeriodicalRunner.RunFnPeriodically - 1 total (0 active), Execution time: mean = 0.00ms, total = 0.00ms, Queueing time: mean = 0.00ms, max = 0.00ms, min = 0.00ms, total = 0.00ms

-----------------
Task Event stats:

IO Service Stats:

Global stats: 361 total (1 active)
Queueing time: mean = 0.02ms, max = 0.07ms, min = -0.00ms, total = 8.80ms
Execution time:  mean = 0.01ms, total = 3.89ms
Event stats:
	CoreWorker.deadline_timer.flush_task_events - 360 total (1 active), Execution time: mean = 0.01ms, total = 3.86ms, Queueing time: mean = 0.02ms, max = 0.07ms, min = -0.00ms, total = 8.79ms
	PeriodicalRunner.RunFnPeriodically - 1 total (0 active), Execution time: mean = 0.03ms, total = 0.03ms, Queueing time: mean = 0.01ms, max = 0.01ms, min = 0.01ms, total = 0.01ms
Other Stats:
	gcs_grpc_in_progress:0
	event_aggregator_grpc_in_progress:0
	current number of task status events in buffer: 0
	current number of profile events in buffer: 0
	current number of dropped task attempts tracked: 0
	total task events sent: 0 MiB
	total number of task attempts sent: 0
	total number of task attempts dropped reported: 0
	total number of sent failure: 0
	num status task events dropped: 0
	num profile task events dropped: 0
	num ray task events reported to aggregator: 0
	num ray task events failed to report to aggregator: 0
	num of task attempts dropped reported to aggregator: 0
	num of failed requests to aggregator: 0

[2026-09-04 01:05:09,102 I 1550 3368] core_worker.cc:498: Event stats:


Global stats: 5661 total (8 active)
Queueing time: mean = 0.02ms, max = 0.64ms, min = -0.01ms, total = 96.42ms
Execution time:  mean = 0.00ms, total = 21.19ms
Event stats:
	CoreWorker.RecoverObjects - 4200 total (1 active), Execution time: mean = 0.00ms, total = 8.40ms, Queueing time: mean = 0.02ms, max = 0.07ms, min = 0.00ms, total = 70.41ms
	CoreWorker.ExitIfParentRayletDies - 420 total (1 active), Execution time: mean = 0.00ms, total = 1.92ms, Queueing time: mean = 0.02ms, max = 0.64ms, min = -0.01ms, total = 7.27ms
	CoreWorker.InternalHeartbeat - 420 total (1 active), Execution time: mean = 0.00ms, total = 1.10ms, Queueing time: mean = 0.02ms, max = 0.64ms, min = 0.00ms, total = 7.93ms
	CoreWorker.ReportWorkerBacklog - 420 total (1 active), Execution time: mean = 0.00ms, total = 1.34ms, Queueing time: mean = 0.02ms, max = 0.63ms, min = 0.00ms, total = 7.75ms
	CoreWorker.RecordMetrics - 84 total (1 active), Execution time: mean = 0.02ms, total = 1.79ms, Queueing time: mean = 0.01ms, max = 0.04ms, min = 0.00ms, total = 1.04ms
	CoreWorker.TryDelPendingObjectRefStreams - 42 total (1 active), Execution time: mean = 0.00ms, total = 0.07ms, Queueing time: mean = 0.02ms, max = 0.10ms, min = 0.00ms, total = 0.89ms
	CoreWorkerService.grpc_server.GetCoreWorkerStats.HandleRequestImpl - 28 total (0 active), Execution time: mean = 0.03ms, total = 0.76ms, Queueing time: mean = 0.02ms, max = 0.04ms, min = 0.01ms, total = 0.54ms
	CoreWorkerService.grpc_server.GetCoreWorkerStats - 28 total (0 active), Execution time: mean = 0.16ms, total = 4.50ms, Queueing time: mean = 0.00ms, max = -0.00ms, min = 9223372036854.78ms, total = 0.00ms
	PeriodicalRunner.RunFnPeriodically - 8 total (0 active), Execution time: mean = 0.01ms, total = 0.11ms, Queueing time: mean = 0.06ms, max = 0.11ms, min = 0.01ms, total = 0.49ms
	CoreWorker.PrintEventStats - 7 total (1 active, 1 running), Execution time: mean = 0.12ms, total = 0.83ms, Queueing time: mean = 0.01ms, max = 0.02ms, min = 0.01ms, total = 0.07ms
	Publisher.CheckDeadSubscribers - 2 total (1 active), Execution time: mean = 0.00ms, total = 0.00ms, Queueing time: mean = 0.01ms, max = 0.02ms, min = 0.02ms, total = 0.02ms
	ray::rpc::WorkerInfoGcsService.grpc_client.AddWorkerInfo - 1 total (0 active), Execution time: mean = 0.33ms, total = 0.33ms, Queueing time: mean = 0.00ms, max = -0.00ms, min = 9223372036854.78ms, total = 0.00ms
	ray::rpc::WorkerInfoGcsService.grpc_client.AddWorkerInfo.OnReplyReceived - 1 total (0 active), Execution time: mean = 0.02ms, total = 0.02ms, Queueing time: mean = 0.01ms, max = 0.01ms, min = 0.01ms, total = 0.01ms

-----------------
Task execution event stats:

Global stats: 41931 total (1 active)
Queueing time: mean = 0.02ms, max = 1.56ms, min = -0.03ms, total = 642.84ms
Execution time:  mean = 0.00ms, total = 86.73ms
Event stats:
	CoreWorker.CheckSignal - 41930 total (1 active), Execution time: mean = 0.00ms, total = 86.72ms, Queueing time: mean = 0.02ms, max = 1.56ms, min = -0.03ms, total = 642.84ms
	PeriodicalRunner.RunFnPeriodically - 1 total (0 active), Execution time: mean = 0.00ms, total = 0.00ms, Queueing time: mean = 0.00ms, max = 0.00ms, min = 0.00ms, total = 0.00ms

-----------------
Task Event stats:

IO Service Stats:

Global stats: 421 total (1 active)
Queueing time: mean = 0.02ms, max = 0.07ms, min = -0.00ms, total = 9.90ms
Execution time:  mean = 0.01ms, total = 4.34ms
Event stats:
	CoreWorker.deadline_timer.flush_task_events - 420 total (1 active), Execution time: mean = 0.01ms, total = 4.32ms, Queueing time: mean = 0.02ms, max = 0.07ms, min = -0.00ms, total = 9.89ms
	PeriodicalRunner.RunFnPeriodically - 1 total (0 active), Execution time: mean = 0.03ms, total = 0.03ms, Queueing time: mean = 0.01ms, max = 0.01ms, min = 0.01ms, total = 0.01ms
Other Stats:
	gcs_grpc_in_progress:0
	event_aggregator_grpc_in_progress:0
	current number of task status events in buffer: 0
	current number of profile events in buffer: 0
	current number of dropped task attempts tracked: 0
	total task events sent: 0 MiB
	total number of task attempts sent: 0
	total number of task attempts dropped reported: 0
	total number of sent failure: 0
	num status task events dropped: 0
	num profile task events dropped: 0
	num ray task events reported to aggregator: 0
	num ray task events failed to report to aggregator: 0
	num of task attempts dropped reported to aggregator: 0
	num of failed requests to aggregator: 0

[2026-09-04 01:06:09,102 I 1550 3368] core_worker.cc:498: Event stats:


Global stats: 6468 total (8 active)
Queueing time: mean = 0.02ms, max = 0.64ms, min = -0.01ms, total = 109.91ms
Execution time:  mean = 0.00ms, total = 24.16ms
Event stats:
	CoreWorker.RecoverObjects - 4800 total (1 active), Execution time: mean = 0.00ms, total = 9.77ms, Queueing time: mean = 0.02ms, max = 0.07ms, min = 0.00ms, total = 80.60ms
	CoreWorker.ExitIfParentRayletDies - 480 total (1 active), Execution time: mean = 0.00ms, total = 2.19ms, Queueing time: mean = 0.02ms, max = 0.64ms, min = -0.01ms, total = 8.18ms
	CoreWorker.InternalHeartbeat - 480 total (1 active), Execution time: mean = 0.00ms, total = 1.27ms, Queueing time: mean = 0.02ms, max = 0.64ms, min = 0.00ms, total = 8.92ms
	CoreWorker.ReportWorkerBacklog - 480 total (1 active), Execution time: mean = 0.00ms, total = 1.53ms, Queueing time: mean = 0.02ms, max = 0.63ms, min = 0.00ms, total = 8.73ms
	CoreWorker.RecordMetrics - 96 total (1 active), Execution time: mean = 0.02ms, total = 2.01ms, Queueing time: mean = 0.01ms, max = 0.04ms, min = 0.00ms, total = 1.17ms
	CoreWorker.TryDelPendingObjectRefStreams - 48 total (1 active), Execution time: mean = 0.00ms, total = 0.08ms, Queueing time: mean = 0.02ms, max = 0.12ms, min = 0.00ms, total = 1.07ms
	CoreWorkerService.grpc_server.GetCoreWorkerStats.HandleRequestImpl - 32 total (0 active), Execution time: mean = 0.03ms, total = 0.84ms, Queueing time: mean = 0.02ms, max = 0.04ms, min = 0.01ms, total = 0.62ms
	CoreWorkerService.grpc_server.GetCoreWorkerStats - 32 total (0 active), Execution time: mean = 0.16ms, total = 5.01ms, Queueing time: mean = 0.00ms, max = -0.00ms, min = 9223372036854.78ms, total = 0.00ms
	CoreWorker.PrintEventStats - 8 total (1 active, 1 running), Execution time: mean = 0.12ms, total = 0.99ms, Queueing time: mean = 0.01ms, max = 0.02ms, min = 0.01ms, total = 0.10ms
	PeriodicalRunner.RunFnPeriodically - 8 total (0 active), Execution time: mean = 0.01ms, total = 0.11ms, Queueing time: mean = 0.06ms, max = 0.11ms, min = 0.01ms, total = 0.49ms
	Publisher.CheckDeadSubscribers - 2 total (1 active), Execution time: mean = 0.00ms, total = 0.00ms, Queueing time: mean = 0.01ms, max = 0.02ms, min = 0.02ms, total = 0.02ms
	ray::rpc::WorkerInfoGcsService.grpc_client.AddWorkerInfo - 1 total (0 active), Execution time: mean = 0.33ms, total = 0.33ms, Queueing time: mean = 0.00ms, max = -0.00ms, min = 9223372036854.78ms, total = 0.00ms
	ray::rpc::WorkerInfoGcsService.grpc_client.AddWorkerInfo.OnReplyReceived - 1 total (0 active), Execution time: mean = 0.02ms, total = 0.02ms, Queueing time: mean = 0.01ms, max = 0.01ms, min = 0.01ms, total = 0.01ms

-----------------
Task execution event stats:

Global stats: 47922 total (1 active)
Queueing time: mean = 0.02ms, max = 1.56ms, min = -0.03ms, total = 728.18ms
Execution time:  mean = 0.00ms, total = 98.31ms
Event stats:
	CoreWorker.CheckSignal - 47921 total (1 active), Execution time: mean = 0.00ms, total = 98.31ms, Queueing time: mean = 0.02ms, max = 1.56ms, min = -0.03ms, total = 728.18ms
	PeriodicalRunner.RunFnPeriodically - 1 total (0 active), Execution time: mean = 0.00ms, total = 0.00ms, Queueing time: mean = 0.00ms, max = 0.00ms, min = 0.00ms, total = 0.00ms

-----------------
Task Event stats:

IO Service Stats:

Global stats: 481 total (1 active)
Queueing time: mean = 0.02ms, max = 0.07ms, min = -0.00ms, total = 11.46ms
Execution time:  mean = 0.01ms, total = 4.96ms
Event stats:
	CoreWorker.deadline_timer.flush_task_events - 480 total (1 active), Execution time: mean = 0.01ms, total = 4.93ms, Queueing time: mean = 0.02ms, max = 0.07ms, min = -0.00ms, total = 11.46ms
	PeriodicalRunner.RunFnPeriodically - 1 total (0 active), Execution time: mean = 0.03ms, total = 0.03ms, Queueing time: mean = 0.01ms, max = 0.01ms, min = 0.01ms, total = 0.01ms
Other Stats:
	gcs_grpc_in_progress:0
	event_aggregator_grpc_in_progress:0
	current number of task status events in buffer: 0
	current number of profile events in buffer: 0
	current number of dropped task attempts tracked: 0
	total task events sent: 0 MiB
	total number of task attempts sent: 0
	total number of task attempts dropped reported: 0
	total number of sent failure: 0
	num status task events dropped: 0
	num profile task events dropped: 0
	num ray task events reported to aggregator: 0
	num ray task events failed to report to aggregator: 0
	num of task attempts dropped reported to aggregator: 0
	num of failed requests to aggregator: 0

[2026-09-04 01:07:09,103 I 1550 3368] core_worker.cc:498: Event stats:


Global stats: 7275 total (8 active)
Queueing time: mean = 0.02ms, max = 0.64ms, min = -0.02ms, total = 125.28ms
Execution time:  mean = 0.00ms, total = 27.57ms
Event stats:
	CoreWorker.RecoverObjects - 5400 total (1 active), Execution time: mean = 0.00ms, total = 11.35ms, Queueing time: mean = 0.02ms, max = 0.08ms, min = -0.02ms, total = 92.23ms
	CoreWorker.ExitIfParentRayletDies - 540 total (1 active), Execution time: mean = 0.00ms, total = 2.47ms, Queueing time: mean = 0.02ms, max = 0.64ms, min = -0.01ms, total = 9.25ms
	CoreWorker.InternalHeartbeat - 540 total (1 active), Execution time: mean = 0.00ms, total = 1.44ms, Queueing time: mean = 0.02ms, max = 0.64ms, min = 0.00ms, total = 10.10ms
	CoreWorker.ReportWorkerBacklog - 540 total (1 active), Execution time: mean = 0.00ms, total = 1.74ms, Queueing time: mean = 0.02ms, max = 0.63ms, min = -0.01ms, total = 9.86ms
	CoreWorker.RecordMetrics - 108 total (1 active), Execution time: mean = 0.02ms, total = 2.24ms, Queueing time: mean = 0.01ms, max = 0.04ms, min = 0.00ms, total = 1.32ms
	CoreWorker.TryDelPendingObjectRefStreams - 54 total (1 active), Execution time: mean = 0.00ms, total = 0.08ms, Queueing time: mean = 0.02ms, max = 0.12ms, min = 0.00ms, total = 1.20ms
	CoreWorkerService.grpc_server.GetCoreWorkerStats.HandleRequestImpl - 36 total (0 active), Execution time: mean = 0.03ms, total = 0.94ms, Queueing time: mean = 0.02ms, max = 0.04ms, min = 0.01ms, total = 0.70ms
	CoreWorkerService.grpc_server.GetCoreWorkerStats - 36 total (0 active), Execution time: mean = 0.16ms, total = 5.70ms, Queueing time: mean = 0.00ms, max = -0.00ms, min = 9223372036854.78ms, total = 0.00ms
	CoreWorker.PrintEventStats - 9 total (1 active, 1 running), Execution time: mean = 0.12ms, total = 1.12ms, Queueing time: mean = 0.01ms, max = 0.02ms, min = 0.01ms, total = 0.11ms
	PeriodicalRunner.RunFnPeriodically - 8 total (0 active), Execution time: mean = 0.01ms, total = 0.11ms, Queueing time: mean = 0.06ms, max = 0.11ms, min = 0.01ms, total = 0.49ms
	Publisher.CheckDeadSubscribers - 2 total (1 active), Execution time: mean = 0.00ms, total = 0.00ms, Queueing time: mean = 0.01ms, max = 0.02ms, min = 0.02ms, total = 0.02ms
	ray::rpc::WorkerInfoGcsService.grpc_client.AddWorkerInfo - 1 total (0 active), Execution time: mean = 0.33ms, total = 0.33ms, Queueing time: mean = 0.00ms, max = -0.00ms, min = 9223372036854.78ms, total = 0.00ms
	ray::rpc::WorkerInfoGcsService.grpc_client.AddWorkerInfo.OnReplyReceived - 1 total (0 active), Execution time: mean = 0.02ms, total = 0.02ms, Queueing time: mean = 0.01ms, max = 0.01ms, min = 0.01ms, total = 0.01ms

-----------------
Task execution event stats:

Global stats: 53912 total (1 active)
Queueing time: mean = 0.02ms, max = 1.56ms, min = -0.03ms, total = 817.58ms
Execution time:  mean = 0.00ms, total = 110.62ms
Event stats:
	CoreWorker.CheckSignal - 53911 total (1 active), Execution time: mean = 0.00ms, total = 110.61ms, Queueing time: mean = 0.02ms, max = 1.56ms, min = -0.03ms, total = 817.58ms
	PeriodicalRunner.RunFnPeriodically - 1 total (0 active), Execution time: mean = 0.00ms, total = 0.00ms, Queueing time: mean = 0.00ms, max = 0.00ms, min = 0.00ms, total = 0.00ms

-----------------
Task Event stats:

IO Service Stats:

Global stats: 541 total (1 active)
Queueing time: mean = 0.02ms, max = 0.07ms, min = -0.00ms, total = 13.18ms
Execution time:  mean = 0.01ms, total = 5.58ms
Event stats:
	CoreWorker.deadline_timer.flush_task_events - 540 total (1 active), Execution time: mean = 0.01ms, total = 5.55ms, Queueing time: mean = 0.02ms, max = 0.07ms, min = -0.00ms, total = 13.17ms
	PeriodicalRunner.RunFnPeriodically - 1 total (0 active), Execution time: mean = 0.03ms, total = 0.03ms, Queueing time: mean = 0.01ms, max = 0.01ms, min = 0.01ms, total = 0.01ms
Other Stats:
	gcs_grpc_in_progress:0
	event_aggregator_grpc_in_progress:0
	current number of task status events in buffer: 0
	current number of profile events in buffer: 0
	current number of dropped task attempts tracked: 0
	total task events sent: 0 MiB
	total number of task attempts sent: 0
	total number of task attempts dropped reported: 0
	total number of sent failure: 0
	num status task events dropped: 0
	num profile task events dropped: 0
	num ray task events reported to aggregator: 0
	num ray task events failed to report to aggregator: 0
	num of task attempts dropped reported to aggregator: 0
	num of failed requests to aggregator: 0

[2026-09-04 01:08:09,103 I 1550 3368] core_worker.cc:498: Event stats:


Global stats: 8082 total (8 active)
Queueing time: mean = 0.02ms, max = 0.64ms, min = -0.02ms, total = 141.24ms
Execution time:  mean = 0.00ms, total = 30.81ms
Event stats:
	CoreWorker.RecoverObjects - 5999 total (1 active), Execution time: mean = 0.00ms, total = 12.65ms, Queueing time: mean = 0.02ms, max = 0.08ms, min = -0.02ms, total = 103.74ms
	CoreWorker.ExitIfParentRayletDies - 600 total (1 active), Execution time: mean = 0.00ms, total = 2.74ms, Queueing time: mean = 0.02ms, max = 0.64ms, min = -0.01ms, total = 10.43ms
	CoreWorker.InternalHeartbeat - 600 total (1 active), Execution time: mean = 0.00ms, total = 1.59ms, Queueing time: mean = 0.02ms, max = 0.64ms, min = 0.00ms, total = 11.39ms
	CoreWorker.ReportWorkerBacklog - 600 total (1 active), Execution time: mean = 0.00ms, total = 1.93ms, Queueing time: mean = 0.02ms, max = 0.63ms, min = -0.01ms, total = 11.11ms
	CoreWorker.RecordMetrics - 120 total (1 active), Execution time: mean = 0.02ms, total = 2.50ms, Queueing time: mean = 0.01ms, max = 0.04ms, min = 0.00ms, total = 1.55ms
	CoreWorker.TryDelPendingObjectRefStreams - 60 total (1 active), Execution time: mean = 0.00ms, total = 0.09ms, Queueing time: mean = 0.03ms, max = 0.29ms, min = 0.00ms, total = 1.57ms
	CoreWorkerService.grpc_server.GetCoreWorkerStats.HandleRequestImpl - 40 total (0 active), Execution time: mean = 0.03ms, total = 1.04ms, Queueing time: mean = 0.02ms, max = 0.04ms, min = 0.01ms, total = 0.77ms
	CoreWorkerService.grpc_server.GetCoreWorkerStats - 40 total (0 active), Execution time: mean = 0.16ms, total = 6.35ms, Queueing time: mean = 0.00ms, max = -0.00ms, min = 9223372036854.78ms, total = 0.00ms
	CoreWorker.PrintEventStats - 10 total (1 active, 1 running), Execution time: mean = 0.14ms, total = 1.44ms, Queueing time: mean = 0.01ms, max = 0.03ms, min = 0.01ms, total = 0.14ms
	PeriodicalRunner.RunFnPeriodically - 8 total (0 active), Execution time: mean = 0.01ms, total = 0.11ms, Queueing time: mean = 0.06ms, max = 0.11ms, min = 0.01ms, total = 0.49ms
	Publisher.CheckDeadSubscribers - 3 total (1 active), Execution time: mean = 0.00ms, total = 0.01ms, Queueing time: mean = 0.02ms, max = 0.04ms, min = 0.02ms, total = 0.06ms
	ray::rpc::WorkerInfoGcsService.grpc_client.AddWorkerInfo - 1 total (0 active), Execution time: mean = 0.33ms, total = 0.33ms, Queueing time: mean = 0.00ms, max = -0.00ms, min = 9223372036854.78ms, total = 0.00ms
	ray::rpc::WorkerInfoGcsService.grpc_client.AddWorkerInfo.OnReplyReceived - 1 total (0 active), Execution time: mean = 0.02ms, total = 0.02ms, Queueing time: mean = 0.01ms, max = 0.01ms, min = 0.01ms, total = 0.01ms

-----------------
Task execution event stats:

Global stats: 59901 total (1 active)
Queueing time: mean = 0.02ms, max = 1.56ms, min = -0.03ms, total = 921.12ms
Execution time:  mean = 0.00ms, total = 126.25ms
Event stats:
	CoreWorker.CheckSignal - 59900 total (1 active), Execution time: mean = 0.00ms, total = 126.24ms, Queueing time: mean = 0.02ms, max = 1.56ms, min = -0.03ms, total = 921.12ms
	PeriodicalRunner.RunFnPeriodically - 1 total (0 active), Execution time: mean = 0.00ms, total = 0.00ms, Queueing time: mean = 0.00ms, max = 0.00ms, min = 0.00ms, total = 0.00ms

-----------------
Task Event stats:

IO Service Stats:

Global stats: 601 total (1 active)
Queueing time: mean = 0.02ms, max = 0.07ms, min = -0.00ms, total = 14.88ms
Execution time:  mean = 0.01ms, total = 6.27ms
Event stats:
	CoreWorker.deadline_timer.flush_task_events - 600 total (1 active), Execution time: mean = 0.01ms, total = 6.25ms, Queueing time: mean = 0.02ms, max = 0.07ms, min = -0.00ms, total = 14.87ms
	PeriodicalRunner.RunFnPeriodically - 1 total (0 active), Execution time: mean = 0.03ms, total = 0.03ms, Queueing time: mean = 0.01ms, max = 0.01ms, min = 0.01ms, total = 0.01ms
Other Stats:
	gcs_grpc_in_progress:0
	event_aggregator_grpc_in_progress:0
	current number of task status events in buffer: 0
	current number of profile events in buffer: 0
	current number of dropped task attempts tracked: 0
	total task events sent: 0 MiB
	total number of task attempts sent: 0
	total number of task attempts dropped reported: 0
	total number of sent failure: 0
	num status task events dropped: 0
	num profile task events dropped: 0
	num ray task events reported to aggregator: 0
	num ray task events failed to report to aggregator: 0
	num of task attempts dropped reported to aggregator: 0
	num of failed requests to aggregator: 0

[2026-09-04 01:09:09,103 I 1550 3368] core_worker.cc:498: Event stats:


Global stats: 8889 total (8 active)
Queueing time: mean = 0.02ms, max = 0.64ms, min = -0.02ms, total = 154.40ms
Execution time:  mean = 0.00ms, total = 33.71ms
Event stats:
	CoreWorker.RecoverObjects - 6599 total (1 active), Execution time: mean = 0.00ms, total = 13.76ms, Queueing time: mean = 0.02ms, max = 0.08ms, min = -0.02ms, total = 113.30ms
	CoreWorker.ExitIfParentRayletDies - 660 total (1 active), Execution time: mean = 0.00ms, total = 3.02ms, Queueing time: mean = 0.02ms, max = 0.64ms, min = -0.01ms, total = 11.36ms
	CoreWorker.InternalHeartbeat - 660 total (1 active), Execution time: mean = 0.00ms, total = 1.75ms, Queueing time: mean = 0.02ms, max = 0.64ms, min = 0.00ms, total = 12.43ms
	CoreWorker.ReportWorkerBacklog - 660 total (1 active), Execution time: mean = 0.00ms, total = 2.12ms, Queueing time: mean = 0.02ms, max = 0.63ms, min = -0.01ms, total = 12.14ms
	CoreWorker.RecordMetrics - 132 total (1 active), Execution time: mean = 0.02ms, total = 2.74ms, Queueing time: mean = 0.01ms, max = 0.04ms, min = 0.00ms, total = 1.69ms
	CoreWorker.TryDelPendingObjectRefStreams - 66 total (1 active), Execution time: mean = 0.00ms, total = 0.11ms, Queueing time: mean = 0.03ms, max = 0.29ms, min = 0.00ms, total = 1.90ms
	CoreWorkerService.grpc_server.GetCoreWorkerStats.HandleRequestImpl - 44 total (0 active), Execution time: mean = 0.03ms, total = 1.12ms, Queueing time: mean = 0.02ms, max = 0.04ms, min = 0.01ms, total = 0.85ms
	CoreWorkerService.grpc_server.GetCoreWorkerStats - 44 total (0 active), Execution time: mean = 0.16ms, total = 6.89ms, Queueing time: mean = 0.00ms, max = -0.00ms, min = 9223372036854.78ms, total = 0.00ms
	CoreWorker.PrintEventStats - 11 total (1 active, 1 running), Execution time: mean = 0.16ms, total = 1.73ms, Queueing time: mean = 0.02ms, max = 0.03ms, min = 0.01ms, total = 0.17ms
	PeriodicalRunner.RunFnPeriodically - 8 total (0 active), Execution time: mean = 0.01ms, total = 0.11ms, Queueing time: mean = 0.06ms, max = 0.11ms, min = 0.01ms, total = 0.49ms
	Publisher.CheckDeadSubscribers - 3 total (1 active), Execution time: mean = 0.00ms, total = 0.01ms, Queueing time: mean = 0.02ms, max = 0.04ms, min = 0.02ms, total = 0.06ms
	ray::rpc::WorkerInfoGcsService.grpc_client.AddWorkerInfo - 1 total (0 active), Execution time: mean = 0.33ms, total = 0.33ms, Queueing time: mean = 0.00ms, max = -0.00ms, min = 9223372036854.78ms, total = 0.00ms
	ray::rpc::WorkerInfoGcsService.grpc_client.AddWorkerInfo.OnReplyReceived - 1 total (0 active), Execution time: mean = 0.02ms, total = 0.02ms, Queueing time: mean = 0.01ms, max = 0.01ms, min = 0.01ms, total = 0.01ms

-----------------
Task execution event stats:

Global stats: 65892 total (1 active)
Queueing time: mean = 0.02ms, max = 1.56ms, min = -0.03ms, total = 1008.65ms
Execution time:  mean = 0.00ms, total = 138.45ms
Event stats:
	CoreWorker.CheckSignal - 65891 total (1 active), Execution time: mean = 0.00ms, total = 138.44ms, Queueing time: mean = 0.02ms, max = 1.56ms, min = -0.03ms, total = 1008.65ms
	PeriodicalRunner.RunFnPeriodically - 1 total (0 active), Execution time: mean = 0.00ms, total = 0.00ms, Queueing time: mean = 0.00ms, max = 0.00ms, min = 0.00ms, total = 0.00ms

-----------------
Task Event stats:

IO Service Stats:

Global stats: 661 total (1 active)
Queueing time: mean = 0.02ms, max = 0.07ms, min = -0.00ms, total = 16.27ms
Execution time:  mean = 0.01ms, total = 6.85ms
Event stats:
	CoreWorker.deadline_timer.flush_task_events - 660 total (1 active), Execution time: mean = 0.01ms, total = 6.83ms, Queueing time: mean = 0.02ms, max = 0.07ms, min = -0.00ms, total = 16.26ms
	PeriodicalRunner.RunFnPeriodically - 1 total (0 active), Execution time: mean = 0.03ms, total = 0.03ms, Queueing time: mean = 0.01ms, max = 0.01ms, min = 0.01ms, total = 0.01ms
Other Stats:
	gcs_grpc_in_progress:0
	event_aggregator_grpc_in_progress:0
	current number of task status events in buffer: 0
	current number of profile events in buffer: 0
	current number of dropped task attempts tracked: 0
	total task events sent: 0 MiB
	total number of task attempts sent: 0
	total number of task attempts dropped reported: 0
	total number of sent failure: 0
	num status task events dropped: 0
	num profile task events dropped: 0
	num ray task events reported to aggregator: 0
	num ray task events failed to report to aggregator: 0
	num of task attempts dropped reported to aggregator: 0
	num of failed requests to aggregator: 0

[2026-09-04 01:10:09,103 I 1550 3368] core_worker.cc:498: Event stats:


Global stats: 9696 total (8 active)
Queueing time: mean = 0.02ms, max = 0.64ms, min = -0.02ms, total = 167.43ms
Execution time:  mean = 0.00ms, total = 36.48ms
Event stats:
	CoreWorker.RecoverObjects - 7199 total (1 active), Execution time: mean = 0.00ms, total = 14.89ms, Queueing time: mean = 0.02ms, max = 0.25ms, min = -0.02ms, total = 123.01ms
	CoreWorker.ExitIfParentRayletDies - 720 total (1 active), Execution time: mean = 0.00ms, total = 3.34ms, Queueing time: mean = 0.02ms, max = 0.64ms, min = -0.01ms, total = 12.27ms
	CoreWorker.InternalHeartbeat - 720 total (1 active), Execution time: mean = 0.00ms, total = 1.91ms, Queueing time: mean = 0.02ms, max = 0.64ms, min = 0.00ms, total = 13.48ms
	CoreWorker.ReportWorkerBacklog - 720 total (1 active), Execution time: mean = 0.00ms, total = 2.31ms, Queueing time: mean = 0.02ms, max = 0.63ms, min = -0.01ms, total = 13.16ms
	CoreWorker.RecordMetrics - 144 total (1 active), Execution time: mean = 0.02ms, total = 2.98ms, Queueing time: mean = 0.01ms, max = 0.04ms, min = 0.00ms, total = 1.84ms
	CoreWorker.TryDelPendingObjectRefStreams - 72 total (1 active), Execution time: mean = 0.00ms, total = 0.12ms, Queueing time: mean = 0.03ms, max = 0.29ms, min = 0.00ms, total = 2.01ms
	CoreWorkerService.grpc_server.GetCoreWorkerStats.HandleRequestImpl - 48 total (0 active), Execution time: mean = 0.02ms, total = 1.20ms, Queueing time: mean = 0.02ms, max = 0.04ms, min = 0.01ms, total = 0.91ms
	CoreWorkerService.grpc_server.GetCoreWorkerStats - 48 total (0 active), Execution time: mean = 0.15ms, total = 7.39ms, Queueing time: mean = 0.00ms, max = -0.00ms, min = 9223372036854.78ms, total = 0.00ms
	CoreWorker.PrintEventStats - 12 total (1 active, 1 running), Execution time: mean = 0.16ms, total = 1.88ms, Queueing time: mean = 0.02ms, max = 0.03ms, min = 0.01ms, total = 0.19ms
	PeriodicalRunner.RunFnPeriodically - 8 total (0 active), Execution time: mean = 0.01ms, total = 0.11ms, Queueing time: mean = 0.06ms, max = 0.11ms, min = 0.01ms, total = 0.49ms
	Publisher.CheckDeadSubscribers - 3 total (1 active), Execution time: mean = 0.00ms, total = 0.01ms, Queueing time: mean = 0.02ms, max = 0.04ms, min = 0.02ms, total = 0.06ms
	ray::rpc::WorkerInfoGcsService.grpc_client.AddWorkerInfo - 1 total (0 active), Execution time: mean = 0.33ms, total = 0.33ms, Queueing time: mean = 0.00ms, max = -0.00ms, min = 9223372036854.78ms, total = 0.00ms
	ray::rpc::WorkerInfoGcsService.grpc_client.AddWorkerInfo.OnReplyReceived - 1 total (0 active), Execution time: mean = 0.02ms, total = 0.02ms, Queueing time: mean = 0.01ms, max = 0.01ms, min = 0.01ms, total = 0.01ms

-----------------
Task execution event stats:

Global stats: 71882 total (1 active)
Queueing time: mean = 0.02ms, max = 1.56ms, min = -0.03ms, total = 1093.54ms
Execution time:  mean = 0.00ms, total = 150.98ms
Event stats:
	CoreWorker.CheckSignal - 71881 total (1 active), Execution time: mean = 0.00ms, total = 150.97ms, Queueing time: mean = 0.02ms, max = 1.56ms, min = -0.03ms, total = 1093.54ms
	PeriodicalRunner.RunFnPeriodically - 1 total (0 active), Execution time: mean = 0.00ms, total = 0.00ms, Queueing time: mean = 0.00ms, max = 0.00ms, min = 0.00ms, total = 0.00ms

-----------------
Task Event stats:

IO Service Stats:

Global stats: 721 total (1 active)
Queueing time: mean = 0.02ms, max = 0.07ms, min = -0.00ms, total = 17.92ms
Execution time:  mean = 0.01ms, total = 7.48ms
Event stats:
	CoreWorker.deadline_timer.flush_task_events - 720 total (1 active), Execution time: mean = 0.01ms, total = 7.45ms, Queueing time: mean = 0.02ms, max = 0.07ms, min = -0.00ms, total = 17.92ms
	PeriodicalRunner.RunFnPeriodically - 1 total (0 active), Execution time: mean = 0.03ms, total = 0.03ms, Queueing time: mean = 0.01ms, max = 0.01ms, min = 0.01ms, total = 0.01ms
Other Stats:
	gcs_grpc_in_progress:0
	event_aggregator_grpc_in_progress:0
	current number of task status events in buffer: 0
	current number of profile events in buffer: 0
	current number of dropped task attempts tracked: 0
	total task events sent: 0 MiB
	total number of task attempts sent: 0
	total number of task attempts dropped reported: 0
	total number of sent failure: 0
	num status task events dropped: 0
	num profile task events dropped: 0
	num ray task events reported to aggregator: 0
	num ray task events failed to report to aggregator: 0
	num of task attempts dropped reported to aggregator: 0
	num of failed requests to aggregator: 0

[2026-09-04 01:11:09,104 I 1550 3368] core_worker.cc:498: Event stats:


Global stats: 10503 total (8 active)
Queueing time: mean = 0.02ms, max = 0.64ms, min = -0.02ms, total = 181.59ms
Execution time:  mean = 0.00ms, total = 39.88ms
Event stats:
	CoreWorker.RecoverObjects - 7799 total (1 active), Execution time: mean = 0.00ms, total = 16.29ms, Queueing time: mean = 0.02ms, max = 0.25ms, min = -0.02ms, total = 133.15ms
	CoreWorker.ExitIfParentRayletDies - 780 total (1 active), Execution time: mean = 0.00ms, total = 3.71ms, Queueing time: mean = 0.02ms, max = 0.64ms, min = -0.01ms, total = 13.34ms
	CoreWorker.InternalHeartbeat - 780 total (1 active), Execution time: mean = 0.00ms, total = 2.12ms, Queueing time: mean = 0.02ms, max = 0.64ms, min = 0.00ms, total = 14.70ms
	CoreWorker.ReportWorkerBacklog - 780 total (1 active), Execution time: mean = 0.00ms, total = 2.55ms, Queueing time: mean = 0.02ms, max = 0.63ms, min = -0.01ms, total = 14.36ms
	CoreWorker.RecordMetrics - 156 total (1 active), Execution time: mean = 0.02ms, total = 3.30ms, Queueing time: mean = 0.01ms, max = 0.04ms, min = 0.00ms, total = 2.02ms
	CoreWorker.TryDelPendingObjectRefStreams - 78 total (1 active), Execution time: mean = 0.00ms, total = 0.13ms, Queueing time: mean = 0.03ms, max = 0.29ms, min = 0.00ms, total = 2.27ms
	CoreWorkerService.grpc_server.GetCoreWorkerStats.HandleRequestImpl - 52 total (0 active), Execution time: mean = 0.03ms, total = 1.30ms, Queueing time: mean = 0.02ms, max = 0.04ms, min = 0.01ms, total = 1.00ms
	CoreWorkerService.grpc_server.GetCoreWorkerStats - 52 total (0 active), Execution time: mean = 0.15ms, total = 7.90ms, Queueing time: mean = 0.00ms, max = -0.00ms, min = 9223372036854.78ms, total = 0.00ms
	CoreWorker.PrintEventStats - 13 total (1 active, 1 running), Execution time: mean = 0.16ms, total = 2.10ms, Queueing time: mean = 0.02ms, max = 0.03ms, min = 0.01ms, total = 0.20ms
	PeriodicalRunner.RunFnPeriodically - 8 total (0 active), Execution time: mean = 0.01ms, total = 0.11ms, Queueing time: mean = 0.06ms, max = 0.11ms, min = 0.01ms, total = 0.49ms
	Publisher.CheckDeadSubscribers - 3 total (1 active), Execution time: mean = 0.00ms, total = 0.01ms, Queueing time: mean = 0.02ms, max = 0.04ms, min = 0.02ms, total = 0.06ms
	ray::rpc::WorkerInfoGcsService.grpc_client.AddWorkerInfo - 1 total (0 active), Execution time: mean = 0.33ms, total = 0.33ms, Queueing time: mean = 0.00ms, max = -0.00ms, min = 9223372036854.78ms, total = 0.00ms
	ray::rpc::WorkerInfoGcsService.grpc_client.AddWorkerInfo.OnReplyReceived - 1 total (0 active), Execution time: mean = 0.02ms, total = 0.02ms, Queueing time: mean = 0.01ms, max = 0.01ms, min = 0.01ms, total = 0.01ms

-----------------
Task execution event stats:

Global stats: 77875 total (1 active)
Queueing time: mean = 0.01ms, max = 1.56ms, min = -0.03ms, total = 1162.41ms
Execution time:  mean = 0.00ms, total = 161.54ms
Event stats:
	CoreWorker.CheckSignal - 77874 total (1 active), Execution time: mean = 0.00ms, total = 161.53ms, Queueing time: mean = 0.01ms, max = 1.56ms, min = -0.03ms, total = 1162.41ms
	PeriodicalRunner.RunFnPeriodically - 1 total (0 active), Execution time: mean = 0.00ms, total = 0.00ms, Queueing time: mean = 0.00ms, max = 0.00ms, min = 0.00ms, total = 0.00ms

-----------------
Task Event stats:

IO Service Stats:

Global stats: 781 total (1 active)
Queueing time: mean = 0.03ms, max = 0.07ms, min = -0.00ms, total = 19.61ms
Execution time:  mean = 0.01ms, total = 8.10ms
Event stats:
	CoreWorker.deadline_timer.flush_task_events - 780 total (1 active), Execution time: mean = 0.01ms, total = 8.08ms, Queueing time: mean = 0.03ms, max = 0.07ms, min = -0.00ms, total = 19.60ms
	PeriodicalRunner.RunFnPeriodically - 1 total (0 active), Execution time: mean = 0.03ms, total = 0.03ms, Queueing time: mean = 0.01ms, max = 0.01ms, min = 0.01ms, total = 0.01ms
Other Stats:
	gcs_grpc_in_progress:0
	event_aggregator_grpc_in_progress:0
	current number of task status events in buffer: 0
	current number of profile events in buffer: 0
	current number of dropped task attempts tracked: 0
	total task events sent: 0 MiB
	total number of task attempts sent: 0
	total number of task attempts dropped reported: 0
	total number of sent failure: 0
	num status task events dropped: 0
	num profile task events dropped: 0
	num ray task events reported to aggregator: 0
	num ray task events failed to report to aggregator: 0
	num of task attempts dropped reported to aggregator: 0
	num of failed requests to aggregator: 0

[2026-09-04 01:12:09,104 I 1550 3368] core_worker.cc:498: Event stats:


Global stats: 11310 total (8 active)
Queueing time: mean = 0.02ms, max = 0.64ms, min = -0.02ms, total = 196.86ms
Execution time:  mean = 0.00ms, total = 43.79ms
Event stats:
	CoreWorker.RecoverObjects - 8399 total (1 active), Execution time: mean = 0.00ms, total = 17.90ms, Queueing time: mean = 0.02ms, max = 0.25ms, min = -0.02ms, total = 144.23ms
	CoreWorker.ExitIfParentRayletDies - 840 total (1 active), Execution time: mean = 0.00ms, total = 4.16ms, Queueing time: mean = 0.02ms, max = 0.64ms, min = -0.01ms, total = 14.47ms
	CoreWorker.InternalHeartbeat - 840 total (1 active), Execution time: mean = 0.00ms, total = 2.36ms, Queueing time: mean = 0.02ms, max = 0.64ms, min = 0.00ms, total = 16.01ms
	CoreWorker.ReportWorkerBacklog - 840 total (1 active), Execution time: mean = 0.00ms, total = 2.85ms, Queueing time: mean = 0.02ms, max = 0.63ms, min = -0.01ms, total = 15.62ms
	CoreWorker.RecordMetrics - 168 total (1 active), Execution time: mean = 0.02ms, total = 3.70ms, Queueing time: mean = 0.01ms, max = 0.04ms, min = 0.00ms, total = 2.21ms
	CoreWorker.TryDelPendingObjectRefStreams - 84 total (1 active), Execution time: mean = 0.00ms, total = 0.14ms, Queueing time: mean = 0.03ms, max = 0.29ms, min = 0.00ms, total = 2.47ms
	CoreWorkerService.grpc_server.GetCoreWorkerStats.HandleRequestImpl - 56 total (0 active), Execution time: mean = 0.03ms, total = 1.42ms, Queueing time: mean = 0.02ms, max = 0.04ms, min = 0.01ms, total = 1.07ms
	CoreWorkerService.grpc_server.GetCoreWorkerStats - 56 total (0 active), Execution time: mean = 0.15ms, total = 8.49ms, Queueing time: mean = 0.00ms, max = -0.00ms, min = 9223372036854.78ms, total = 0.00ms
	CoreWorker.PrintEventStats - 14 total (1 active, 1 running), Execution time: mean = 0.16ms, total = 2.29ms, Queueing time: mean = 0.02ms, max = 0.03ms, min = 0.01ms, total = 0.22ms
	PeriodicalRunner.RunFnPeriodically - 8 total (0 active), Execution time: mean = 0.01ms, total = 0.11ms, Queueing time: mean = 0.06ms, max = 0.11ms, min = 0.01ms, total = 0.49ms
	Publisher.CheckDeadSubscribers - 3 total (1 active), Execution time: mean = 0.00ms, total = 0.01ms, Queueing time: mean = 0.02ms, max = 0.04ms, min = 0.02ms, total = 0.06ms
	ray::rpc::WorkerInfoGcsService.grpc_client.AddWorkerInfo - 1 total (0 active), Execution time: mean = 0.33ms, total = 0.33ms, Queueing time: mean = 0.00ms, max = -0.00ms, min = 9223372036854.78ms, total = 0.00ms
	ray::rpc::WorkerInfoGcsService.grpc_client.AddWorkerInfo.OnReplyReceived - 1 total (0 active), Execution time: mean = 0.02ms, total = 0.02ms, Queueing time: mean = 0.01ms, max = 0.01ms, min = 0.01ms, total = 0.01ms

-----------------
Task execution event stats:

Global stats: 83867 total (1 active)
Queueing time: mean = 0.01ms, max = 3.03ms, min = -0.03ms, total = 1232.93ms
Execution time:  mean = 0.00ms, total = 172.82ms
Event stats:
	CoreWorker.CheckSignal - 83866 total (1 active), Execution time: mean = 0.00ms, total = 172.82ms, Queueing time: mean = 0.01ms, max = 3.03ms, min = -0.03ms, total = 1232.92ms
	PeriodicalRunner.RunFnPeriodically - 1 total (0 active), Execution time: mean = 0.00ms, total = 0.00ms, Queueing time: mean = 0.00ms, max = 0.00ms, min = 0.00ms, total = 0.00ms

-----------------
Task Event stats:

IO Service Stats:

Global stats: 841 total (1 active)
Queueing time: mean = 0.03ms, max = 0.08ms, min = -0.00ms, total = 21.32ms
Execution time:  mean = 0.01ms, total = 8.78ms
Event stats:
	CoreWorker.deadline_timer.flush_task_events - 840 total (1 active), Execution time: mean = 0.01ms, total = 8.76ms, Queueing time: mean = 0.03ms, max = 0.08ms, min = -0.00ms, total = 21.31ms
	PeriodicalRunner.RunFnPeriodically - 1 total (0 active), Execution time: mean = 0.03ms, total = 0.03ms, Queueing time: mean = 0.01ms, max = 0.01ms, min = 0.01ms, total = 0.01ms
Other Stats:
	gcs_grpc_in_progress:0
	event_aggregator_grpc_in_progress:0
	current number of task status events in buffer: 0
	current number of profile events in buffer: 0
	current number of dropped task attempts tracked: 0
	total task events sent: 0 MiB
	total number of task attempts sent: 0
	total number of task attempts dropped reported: 0
	total number of sent failure: 0
	num status task events dropped: 0
	num profile task events dropped: 0
	num ray task events reported to aggregator: 0
	num ray task events failed to report to aggregator: 0
	num of task attempts dropped reported to aggregator: 0
	num of failed requests to aggregator: 0

