[2026-09-04 00:58:09,143 I 1574 1574] core_worker_process.cc:868: Constructing CoreWorkerProcess. pid: 1574
[2026-09-04 00:58:09,144 I 1574 1574] event.cc:499: Ray Event initialized for CORE_WORKER
[2026-09-04 00:58:09,144 I 1574 1574] event.cc:499: Ray Event initialized for EXPORT_TASK
[2026-09-04 00:58:09,144 I 1574 1574] event.cc:332: Set ray event level to warning
[2026-09-04 00:58:09,146 I 1574 1574] grpc_server.cc:144: worker server started, listening on port 20047.
[2026-09-04 00:58:09,146 I 1574 1574] core_worker_process.cc:299: Initializing worker at address: 10.244.18.139:20047 worker_id=46b19a27744d81ac0dc8ae4ccf7818c26e6b53859c6aa0100d4b4768 node_id=11215b0011fac4845f8eecab7d85f57fc12c4efc1ad3dce06ebdc204
[2026-09-04 00:58:09,147 I 1574 1574] task_event_buffer.cc:535: Reporting task events to GCS every 1000ms.
[2026-09-04 00:58:09,147 I 1574 1574] core_worker.cc:568: Adjusted worker niceness to 15
[2026-09-04 00:58:09,147 I 1574 4476] core_worker.cc:498: Event stats:


Global stats: 11 total (9 active)
Queueing time: mean = 0.00ms, max = 0.01ms, min = 0.01ms, total = 0.02ms
Execution time:  mean = 0.00ms, total = 0.02ms
Event stats:
	PeriodicalRunner.RunFnPeriodically - 8 total (6 active, 1 running), Execution time: mean = 0.00ms, total = 0.02ms, Queueing time: mean = 0.00ms, max = 0.01ms, min = 0.01ms, total = 0.02ms
	ray::rpc::WorkerInfoGcsService.grpc_client.AddWorkerInfo - 1 total (1 active), Execution time: mean = 0.00ms, total = 0.00ms, Queueing time: mean = 0.00ms, max = -0.00ms, min = 9223372036854.78ms, total = 0.00ms
	CoreWorker.ExitIfParentRayletDies - 1 total (1 active), Execution time: mean = 0.00ms, total = 0.00ms, Queueing time: mean = 0.00ms, max = -0.00ms, min = 9223372036854.78ms, total = 0.00ms
	Publisher.CheckDeadSubscribers - 1 total (1 active), Execution time: mean = 0.00ms, total = 0.00ms, Queueing time: mean = 0.00ms, max = -0.00ms, min = 9223372036854.78ms, total = 0.00ms

-----------------
Task execution event stats:

Global stats: 0 total (0 active)
Queueing time: mean = -nanms, max = -0.00ms, min = 9223372036854.78ms, total = 0.00ms
Execution time:  mean = -nanms, total = 0.00ms
Event stats:

-----------------
Task Event stats:

IO Service Stats:

Global stats: 2 total (1 active)
Queueing time: mean = 0.00ms, max = 0.01ms, min = 0.01ms, total = 0.01ms
Execution time:  mean = 0.01ms, total = 0.02ms
Event stats:
	PeriodicalRunner.RunFnPeriodically - 1 total (0 active), Execution time: mean = 0.02ms, total = 0.02ms, Queueing time: mean = 0.01ms, max = 0.01ms, min = 0.01ms, total = 0.01ms
	CoreWorker.deadline_timer.flush_task_events - 1 total (1 active), Execution time: mean = 0.00ms, total = 0.00ms, Queueing time: mean = 0.00ms, max = -0.00ms, min = 9223372036854.78ms, total = 0.00ms
Other Stats:
	gcs_grpc_in_progress:0
	event_aggregator_grpc_in_progress:0
	current number of task status events in buffer: 0
	current number of profile events in buffer: 0
	current number of dropped task attempts tracked: 0
	total task events sent: 0 MiB
	total number of task attempts sent: 0
	total number of task attempts dropped reported: 0
	total number of sent failure: 0
	num status task events dropped: 0
	num profile task events dropped: 0
	num ray task events reported to aggregator: 0
	num ray task events failed to report to aggregator: 0
	num of task attempts dropped reported to aggregator: 0
	num of failed requests to aggregator: 0

[2026-09-04 00:59:09,147 I 1574 4476] core_worker.cc:498: Event stats:


Global stats: 818 total (8 active)
Queueing time: mean = 0.02ms, max = 0.11ms, min = -0.00ms, total = 12.92ms
Execution time:  mean = 0.00ms, total = 3.20ms
Event stats:
	CoreWorker.RecoverObjects - 600 total (1 active), Execution time: mean = 0.00ms, total = 1.02ms, Queueing time: mean = 0.02ms, max = 0.07ms, min = 0.00ms, total = 9.47ms
	CoreWorker.ExitIfParentRayletDies - 60 total (1 active), Execution time: mean = 0.00ms, total = 0.24ms, Queueing time: mean = 0.01ms, max = 0.04ms, min = 0.00ms, total = 0.88ms
	CoreWorker.ReportWorkerBacklog - 60 total (1 active), Execution time: mean = 0.00ms, total = 0.15ms, Queueing time: mean = 0.01ms, max = 0.05ms, min = -0.00ms, total = 0.86ms
	CoreWorker.InternalHeartbeat - 60 total (1 active), Execution time: mean = 0.00ms, total = 0.12ms, Queueing time: mean = 0.01ms, max = 0.05ms, min = 0.00ms, total = 0.89ms
	CoreWorker.RecordMetrics - 12 total (1 active), Execution time: mean = 0.02ms, total = 0.19ms, Queueing time: mean = 0.01ms, max = 0.04ms, min = 0.00ms, total = 0.13ms
	PeriodicalRunner.RunFnPeriodically - 8 total (0 active), Execution time: mean = 0.01ms, total = 0.11ms, Queueing time: mean = 0.07ms, max = 0.11ms, min = 0.01ms, total = 0.53ms
	CoreWorker.TryDelPendingObjectRefStreams - 6 total (1 active), Execution time: mean = 0.00ms, total = 0.01ms, Queueing time: mean = 0.01ms, max = 0.02ms, min = 0.01ms, total = 0.06ms
	CoreWorkerService.grpc_server.GetCoreWorkerStats - 4 total (0 active), Execution time: mean = 0.21ms, total = 0.85ms, Queueing time: mean = 0.00ms, max = -0.00ms, min = 9223372036854.78ms, total = 0.00ms
	CoreWorkerService.grpc_server.GetCoreWorkerStats.HandleRequestImpl - 4 total (0 active), Execution time: mean = 0.05ms, total = 0.18ms, Queueing time: mean = 0.02ms, max = 0.03ms, min = 0.01ms, total = 0.09ms
	CoreWorker.PrintEventStats - 1 total (1 active, 1 running), Execution time: mean = 0.00ms, total = 0.00ms, Queueing time: mean = 0.00ms, max = -0.00ms, min = 9223372036854.78ms, total = 0.00ms
	ray::rpc::WorkerInfoGcsService.grpc_client.AddWorkerInfo.OnReplyReceived - 1 total (0 active), Execution time: mean = 0.01ms, total = 0.01ms, Queueing time: mean = 0.01ms, max = 0.01ms, min = 0.01ms, total = 0.01ms
	ray::rpc::WorkerInfoGcsService.grpc_client.AddWorkerInfo - 1 total (0 active), Execution time: mean = 0.31ms, total = 0.31ms, Queueing time: mean = 0.00ms, max = -0.00ms, min = 9223372036854.78ms, total = 0.00ms
	Publisher.CheckDeadSubscribers - 1 total (1 active), Execution time: mean = 0.00ms, total = 0.00ms, Queueing time: mean = 0.00ms, max = -0.00ms, min = 9223372036854.78ms, total = 0.00ms

-----------------
Task execution event stats:

Global stats: 5991 total (1 active)
Queueing time: mean = 0.02ms, max = 0.07ms, min = -0.02ms, total = 96.53ms
Execution time:  mean = 0.00ms, total = 11.76ms
Event stats:
	CoreWorker.CheckSignal - 5990 total (1 active), Execution time: mean = 0.00ms, total = 11.75ms, Queueing time: mean = 0.02ms, max = 0.07ms, min = -0.02ms, total = 96.53ms
	PeriodicalRunner.RunFnPeriodically - 1 total (0 active), Execution time: mean = 0.01ms, total = 0.01ms, Queueing time: mean = 0.00ms, max = 0.00ms, min = 0.00ms, total = 0.00ms

-----------------
Task Event stats:

IO Service Stats:

Global stats: 61 total (1 active)
Queueing time: mean = 0.02ms, max = 0.04ms, min = 0.00ms, total = 1.23ms
Execution time:  mean = 0.01ms, total = 0.44ms
Event stats:
	CoreWorker.deadline_timer.flush_task_events - 60 total (1 active), Execution time: mean = 0.01ms, total = 0.42ms, Queueing time: mean = 0.02ms, max = 0.04ms, min = 0.00ms, total = 1.22ms
	PeriodicalRunner.RunFnPeriodically - 1 total (0 active), Execution time: mean = 0.02ms, total = 0.02ms, Queueing time: mean = 0.01ms, max = 0.01ms, min = 0.01ms, total = 0.01ms
Other Stats:
	gcs_grpc_in_progress:0
	event_aggregator_grpc_in_progress:0
	current number of task status events in buffer: 0
	current number of profile events in buffer: 0
	current number of dropped task attempts tracked: 0
	total task events sent: 0 MiB
	total number of task attempts sent: 0
	total number of task attempts dropped reported: 0
	total number of sent failure: 0
	num status task events dropped: 0
	num profile task events dropped: 0
	num ray task events reported to aggregator: 0
	num ray task events failed to report to aggregator: 0
	num of task attempts dropped reported to aggregator: 0
	num of failed requests to aggregator: 0

[2026-09-04 01:00:09,147 I 1574 4476] core_worker.cc:498: Event stats:


Global stats: 1625 total (8 active)
Queueing time: mean = 0.02ms, max = 0.11ms, min = -0.00ms, total = 28.71ms
Execution time:  mean = 0.00ms, total = 6.65ms
Event stats:
	CoreWorker.RecoverObjects - 1200 total (1 active), Execution time: mean = 0.00ms, total = 2.57ms, Queueing time: mean = 0.02ms, max = 0.08ms, min = 0.00ms, total = 21.18ms
	CoreWorker.ExitIfParentRayletDies - 120 total (1 active), Execution time: mean = 0.00ms, total = 0.59ms, Queueing time: mean = 0.02ms, max = 0.04ms, min = 0.00ms, total = 2.01ms
	CoreWorker.ReportWorkerBacklog - 120 total (1 active), Execution time: mean = 0.00ms, total = 0.33ms, Queueing time: mean = 0.02ms, max = 0.07ms, min = -0.00ms, total = 2.12ms
	CoreWorker.InternalHeartbeat - 120 total (1 active), Execution time: mean = 0.00ms, total = 0.27ms, Queueing time: mean = 0.02ms, max = 0.07ms, min = 0.00ms, total = 2.17ms
	CoreWorker.RecordMetrics - 24 total (1 active), Execution time: mean = 0.02ms, total = 0.44ms, Queueing time: mean = 0.01ms, max = 0.04ms, min = 0.00ms, total = 0.28ms
	CoreWorker.TryDelPendingObjectRefStreams - 12 total (1 active), Execution time: mean = 0.00ms, total = 0.02ms, Queueing time: mean = 0.02ms, max = 0.08ms, min = 0.01ms, total = 0.23ms
	PeriodicalRunner.RunFnPeriodically - 8 total (0 active), Execution time: mean = 0.01ms, total = 0.11ms, Queueing time: mean = 0.07ms, max = 0.11ms, min = 0.01ms, total = 0.53ms
	CoreWorkerService.grpc_server.GetCoreWorkerStats - 8 total (0 active), Execution time: mean = 0.19ms, total = 1.56ms, Queueing time: mean = 0.00ms, max = -0.00ms, min = 9223372036854.78ms, total = 0.00ms
	CoreWorkerService.grpc_server.GetCoreWorkerStats.HandleRequestImpl - 8 total (0 active), Execution time: mean = 0.04ms, total = 0.28ms, Queueing time: mean = 0.02ms, max = 0.03ms, min = 0.01ms, total = 0.18ms
	CoreWorker.PrintEventStats - 2 total (1 active, 1 running), Execution time: mean = 0.08ms, total = 0.15ms, Queueing time: mean = 0.00ms, max = 0.01ms, min = 0.01ms, total = 0.01ms
	ray::rpc::WorkerInfoGcsService.grpc_client.AddWorkerInfo.OnReplyReceived - 1 total (0 active), Execution time: mean = 0.01ms, total = 0.01ms, Queueing time: mean = 0.01ms, max = 0.01ms, min = 0.01ms, total = 0.01ms
	ray::rpc::WorkerInfoGcsService.grpc_client.AddWorkerInfo - 1 total (0 active), Execution time: mean = 0.31ms, total = 0.31ms, Queueing time: mean = 0.00ms, max = -0.00ms, min = 9223372036854.78ms, total = 0.00ms
	Publisher.CheckDeadSubscribers - 1 total (1 active), Execution time: mean = 0.00ms, total = 0.00ms, Queueing time: mean = 0.00ms, max = -0.00ms, min = 9223372036854.78ms, total = 0.00ms

-----------------
Task execution event stats:

Global stats: 11980 total (1 active)
Queueing time: mean = 0.02ms, max = 1.10ms, min = -0.02ms, total = 191.10ms
Execution time:  mean = 0.00ms, total = 27.73ms
Event stats:
	CoreWorker.CheckSignal - 11979 total (1 active), Execution time: mean = 0.00ms, total = 27.73ms, Queueing time: mean = 0.02ms, max = 1.10ms, min = -0.02ms, total = 191.10ms
	PeriodicalRunner.RunFnPeriodically - 1 total (0 active), Execution time: mean = 0.01ms, total = 0.01ms, Queueing time: mean = 0.00ms, max = 0.00ms, min = 0.00ms, total = 0.00ms

-----------------
Task Event stats:

IO Service Stats:

Global stats: 121 total (1 active)
Queueing time: mean = 0.02ms, max = 0.04ms, min = 0.00ms, total = 2.37ms
Execution time:  mean = 0.01ms, total = 0.87ms
Event stats:
	CoreWorker.deadline_timer.flush_task_events - 120 total (1 active), Execution time: mean = 0.01ms, total = 0.85ms, Queueing time: mean = 0.02ms, max = 0.04ms, min = 0.00ms, total = 2.37ms
	PeriodicalRunner.RunFnPeriodically - 1 total (0 active), Execution time: mean = 0.02ms, total = 0.02ms, Queueing time: mean = 0.01ms, max = 0.01ms, min = 0.01ms, total = 0.01ms
Other Stats:
	gcs_grpc_in_progress:0
	event_aggregator_grpc_in_progress:0
	current number of task status events in buffer: 0
	current number of profile events in buffer: 0
	current number of dropped task attempts tracked: 0
	total task events sent: 0 MiB
	total number of task attempts sent: 0
	total number of task attempts dropped reported: 0
	total number of sent failure: 0
	num status task events dropped: 0
	num profile task events dropped: 0
	num ray task events reported to aggregator: 0
	num ray task events failed to report to aggregator: 0
	num of task attempts dropped reported to aggregator: 0
	num of failed requests to aggregator: 0

[2026-09-04 01:01:09,148 I 1574 4476] core_worker.cc:498: Event stats:


Global stats: 2432 total (8 active)
Queueing time: mean = 0.02ms, max = 0.17ms, min = -0.00ms, total = 41.57ms
Execution time:  mean = 0.00ms, total = 9.46ms
Event stats:
	CoreWorker.RecoverObjects - 1800 total (1 active), Execution time: mean = 0.00ms, total = 3.72ms, Queueing time: mean = 0.02ms, max = 0.17ms, min = 0.00ms, total = 30.71ms
	CoreWorker.ExitIfParentRayletDies - 180 total (1 active), Execution time: mean = 0.00ms, total = 0.88ms, Queueing time: mean = 0.02ms, max = 0.04ms, min = 0.00ms, total = 2.93ms
	CoreWorker.ReportWorkerBacklog - 180 total (1 active), Execution time: mean = 0.00ms, total = 0.52ms, Queueing time: mean = 0.02ms, max = 0.07ms, min = -0.00ms, total = 3.13ms
	CoreWorker.InternalHeartbeat - 180 total (1 active), Execution time: mean = 0.00ms, total = 0.41ms, Queueing time: mean = 0.02ms, max = 0.07ms, min = 0.00ms, total = 3.22ms
	CoreWorker.RecordMetrics - 36 total (1 active), Execution time: mean = 0.02ms, total = 0.66ms, Queueing time: mean = 0.01ms, max = 0.04ms, min = 0.00ms, total = 0.39ms
	CoreWorker.TryDelPendingObjectRefStreams - 18 total (1 active), Execution time: mean = 0.00ms, total = 0.03ms, Queueing time: mean = 0.02ms, max = 0.09ms, min = 0.01ms, total = 0.37ms
	CoreWorkerService.grpc_server.GetCoreWorkerStats - 12 total (0 active), Execution time: mean = 0.17ms, total = 2.10ms, Queueing time: mean = 0.00ms, max = -0.00ms, min = 9223372036854.78ms, total = 0.00ms
	CoreWorkerService.grpc_server.GetCoreWorkerStats.HandleRequestImpl - 12 total (0 active), Execution time: mean = 0.03ms, total = 0.39ms, Queueing time: mean = 0.02ms, max = 0.03ms, min = 0.01ms, total = 0.26ms
	PeriodicalRunner.RunFnPeriodically - 8 total (0 active), Execution time: mean = 0.01ms, total = 0.11ms, Queueing time: mean = 0.07ms, max = 0.11ms, min = 0.01ms, total = 0.53ms
	CoreWorker.PrintEventStats - 3 total (1 active, 1 running), Execution time: mean = 0.11ms, total = 0.32ms, Queueing time: mean = 0.01ms, max = 0.03ms, min = 0.01ms, total = 0.03ms
	ray::rpc::WorkerInfoGcsService.grpc_client.AddWorkerInfo.OnReplyReceived - 1 total (0 active), Execution time: mean = 0.01ms, total = 0.01ms, Queueing time: mean = 0.01ms, max = 0.01ms, min = 0.01ms, total = 0.01ms
	ray::rpc::WorkerInfoGcsService.grpc_client.AddWorkerInfo - 1 total (0 active), Execution time: mean = 0.31ms, total = 0.31ms, Queueing time: mean = 0.00ms, max = -0.00ms, min = 9223372036854.78ms, total = 0.00ms
	Publisher.CheckDeadSubscribers - 1 total (1 active), Execution time: mean = 0.00ms, total = 0.00ms, Queueing time: mean = 0.00ms, max = -0.00ms, min = 9223372036854.78ms, total = 0.00ms

-----------------
Task execution event stats:

Global stats: 17971 total (1 active)
Queueing time: mean = 0.02ms, max = 1.10ms, min = -0.02ms, total = 278.79ms
Execution time:  mean = 0.00ms, total = 42.36ms
Event stats:
	CoreWorker.CheckSignal - 17970 total (1 active), Execution time: mean = 0.00ms, total = 42.36ms, Queueing time: mean = 0.02ms, max = 1.10ms, min = -0.02ms, total = 278.78ms
	PeriodicalRunner.RunFnPeriodically - 1 total (0 active), Execution time: mean = 0.01ms, total = 0.01ms, Queueing time: mean = 0.00ms, max = 0.00ms, min = 0.00ms, total = 0.00ms

-----------------
Task Event stats:

IO Service Stats:

Global stats: 181 total (1 active)
Queueing time: mean = 0.02ms, max = 0.04ms, min = 0.00ms, total = 3.48ms
Execution time:  mean = 0.01ms, total = 1.32ms
Event stats:
	CoreWorker.deadline_timer.flush_task_events - 180 total (1 active), Execution time: mean = 0.01ms, total = 1.30ms, Queueing time: mean = 0.02ms, max = 0.04ms, min = 0.00ms, total = 3.47ms
	PeriodicalRunner.RunFnPeriodically - 1 total (0 active), Execution time: mean = 0.02ms, total = 0.02ms, Queueing time: mean = 0.01ms, max = 0.01ms, min = 0.01ms, total = 0.01ms
Other Stats:
	gcs_grpc_in_progress:0
	event_aggregator_grpc_in_progress:0
	current number of task status events in buffer: 0
	current number of profile events in buffer: 0
	current number of dropped task attempts tracked: 0
	total task events sent: 0 MiB
	total number of task attempts sent: 0
	total number of task attempts dropped reported: 0
	total number of sent failure: 0
	num status task events dropped: 0
	num profile task events dropped: 0
	num ray task events reported to aggregator: 0
	num ray task events failed to report to aggregator: 0
	num of task attempts dropped reported to aggregator: 0
	num of failed requests to aggregator: 0

[2026-09-04 01:02:09,148 I 1574 4476] core_worker.cc:498: Event stats:


Global stats: 3239 total (8 active)
Queueing time: mean = 0.02ms, max = 0.17ms, min = -0.00ms, total = 58.97ms
Execution time:  mean = 0.00ms, total = 12.93ms
Event stats:
	CoreWorker.RecoverObjects - 2400 total (1 active), Execution time: mean = 0.00ms, total = 5.33ms, Queueing time: mean = 0.02ms, max = 0.17ms, min = 0.00ms, total = 43.64ms
	CoreWorker.ExitIfParentRayletDies - 240 total (1 active), Execution time: mean = 0.01ms, total = 1.24ms, Queueing time: mean = 0.02ms, max = 0.04ms, min = 0.00ms, total = 4.16ms
	CoreWorker.ReportWorkerBacklog - 240 total (1 active), Execution time: mean = 0.00ms, total = 0.72ms, Queueing time: mean = 0.02ms, max = 0.07ms, min = -0.00ms, total = 4.51ms
	CoreWorker.InternalHeartbeat - 240 total (1 active), Execution time: mean = 0.00ms, total = 0.57ms, Queueing time: mean = 0.02ms, max = 0.08ms, min = 0.00ms, total = 4.64ms
	CoreWorker.RecordMetrics - 48 total (1 active), Execution time: mean = 0.02ms, total = 0.92ms, Queueing time: mean = 0.01ms, max = 0.04ms, min = 0.00ms, total = 0.55ms
	CoreWorker.TryDelPendingObjectRefStreams - 24 total (1 active), Execution time: mean = 0.00ms, total = 0.04ms, Queueing time: mean = 0.02ms, max = 0.11ms, min = 0.01ms, total = 0.56ms
	CoreWorkerService.grpc_server.GetCoreWorkerStats - 16 total (0 active), Execution time: mean = 0.17ms, total = 2.73ms, Queueing time: mean = 0.00ms, max = -0.00ms, min = 9223372036854.78ms, total = 0.00ms
	CoreWorkerService.grpc_server.GetCoreWorkerStats.HandleRequestImpl - 16 total (0 active), Execution time: mean = 0.03ms, total = 0.48ms, Queueing time: mean = 0.02ms, max = 0.03ms, min = 0.01ms, total = 0.33ms
	PeriodicalRunner.RunFnPeriodically - 8 total (0 active), Execution time: mean = 0.01ms, total = 0.11ms, Queueing time: mean = 0.07ms, max = 0.11ms, min = 0.01ms, total = 0.53ms
	CoreWorker.PrintEventStats - 4 total (1 active, 1 running), Execution time: mean = 0.12ms, total = 0.47ms, Queueing time: mean = 0.01ms, max = 0.03ms, min = 0.01ms, total = 0.05ms
	ray::rpc::WorkerInfoGcsService.grpc_client.AddWorkerInfo.OnReplyReceived - 1 total (0 active), Execution time: mean = 0.01ms, total = 0.01ms, Queueing time: mean = 0.01ms, max = 0.01ms, min = 0.01ms, total = 0.01ms
	ray::rpc::WorkerInfoGcsService.grpc_client.AddWorkerInfo - 1 total (0 active), Execution time: mean = 0.31ms, total = 0.31ms, Queueing time: mean = 0.00ms, max = -0.00ms, min = 9223372036854.78ms, total = 0.00ms
	Publisher.CheckDeadSubscribers - 1 total (1 active), Execution time: mean = 0.00ms, total = 0.00ms, Queueing time: mean = 0.00ms, max = -0.00ms, min = 9223372036854.78ms, total = 0.00ms

-----------------
Task execution event stats:

Global stats: 23958 total (1 active)
Queueing time: mean = 0.02ms, max = 1.10ms, min = -0.02ms, total = 396.97ms
Execution time:  mean = 0.00ms, total = 58.24ms
Event stats:
	CoreWorker.CheckSignal - 23957 total (1 active), Execution time: mean = 0.00ms, total = 58.23ms, Queueing time: mean = 0.02ms, max = 1.10ms, min = -0.02ms, total = 396.97ms
	PeriodicalRunner.RunFnPeriodically - 1 total (0 active), Execution time: mean = 0.01ms, total = 0.01ms, Queueing time: mean = 0.00ms, max = 0.00ms, min = 0.00ms, total = 0.00ms

-----------------
Task Event stats:

IO Service Stats:

Global stats: 241 total (1 active)
Queueing time: mean = 0.02ms, max = 0.04ms, min = 0.00ms, total = 4.94ms
Execution time:  mean = 0.01ms, total = 1.87ms
Event stats:
	CoreWorker.deadline_timer.flush_task_events - 240 total (1 active), Execution time: mean = 0.01ms, total = 1.85ms, Queueing time: mean = 0.02ms, max = 0.04ms, min = 0.00ms, total = 4.93ms
	PeriodicalRunner.RunFnPeriodically - 1 total (0 active), Execution time: mean = 0.02ms, total = 0.02ms, Queueing time: mean = 0.01ms, max = 0.01ms, min = 0.01ms, total = 0.01ms
Other Stats:
	gcs_grpc_in_progress:0
	event_aggregator_grpc_in_progress:0
	current number of task status events in buffer: 0
	current number of profile events in buffer: 0
	current number of dropped task attempts tracked: 0
	total task events sent: 0 MiB
	total number of task attempts sent: 0
	total number of task attempts dropped reported: 0
	total number of sent failure: 0
	num status task events dropped: 0
	num profile task events dropped: 0
	num ray task events reported to aggregator: 0
	num ray task events failed to report to aggregator: 0
	num of task attempts dropped reported to aggregator: 0
	num of failed requests to aggregator: 0

[2026-09-04 01:03:09,148 I 1574 4476] core_worker.cc:498: Event stats:


Global stats: 4047 total (8 active)
Queueing time: mean = 0.02ms, max = 0.17ms, min = -0.00ms, total = 73.93ms
Execution time:  mean = 0.00ms, total = 16.51ms
Event stats:
	CoreWorker.RecoverObjects - 3000 total (1 active), Execution time: mean = 0.00ms, total = 6.83ms, Queueing time: mean = 0.02ms, max = 0.17ms, min = 0.00ms, total = 54.68ms
	CoreWorker.ExitIfParentRayletDies - 300 total (1 active), Execution time: mean = 0.01ms, total = 1.59ms, Queueing time: mean = 0.02ms, max = 0.05ms, min = 0.00ms, total = 5.25ms
	CoreWorker.ReportWorkerBacklog - 300 total (1 active), Execution time: mean = 0.00ms, total = 0.94ms, Queueing time: mean = 0.02ms, max = 0.07ms, min = -0.00ms, total = 5.74ms
	CoreWorker.InternalHeartbeat - 300 total (1 active), Execution time: mean = 0.00ms, total = 0.77ms, Queueing time: mean = 0.02ms, max = 0.08ms, min = 0.00ms, total = 5.89ms
	CoreWorker.RecordMetrics - 60 total (1 active), Execution time: mean = 0.02ms, total = 1.21ms, Queueing time: mean = 0.01ms, max = 0.04ms, min = 0.00ms, total = 0.69ms
	CoreWorker.TryDelPendingObjectRefStreams - 30 total (1 active), Execution time: mean = 0.00ms, total = 0.06ms, Queueing time: mean = 0.02ms, max = 0.11ms, min = 0.01ms, total = 0.66ms
	CoreWorkerService.grpc_server.GetCoreWorkerStats - 20 total (0 active), Execution time: mean = 0.17ms, total = 3.46ms, Queueing time: mean = 0.00ms, max = -0.00ms, min = 9223372036854.78ms, total = 0.00ms
	CoreWorkerService.grpc_server.GetCoreWorkerStats.HandleRequestImpl - 20 total (0 active), Execution time: mean = 0.03ms, total = 0.63ms, Queueing time: mean = 0.02ms, max = 0.03ms, min = 0.01ms, total = 0.41ms
	PeriodicalRunner.RunFnPeriodically - 8 total (0 active), Execution time: mean = 0.01ms, total = 0.11ms, Queueing time: mean = 0.07ms, max = 0.11ms, min = 0.01ms, total = 0.53ms
	CoreWorker.PrintEventStats - 5 total (1 active, 1 running), Execution time: mean = 0.12ms, total = 0.59ms, Queueing time: mean = 0.01ms, max = 0.03ms, min = 0.01ms, total = 0.06ms
	Publisher.CheckDeadSubscribers - 2 total (1 active), Execution time: mean = 0.00ms, total = 0.00ms, Queueing time: mean = 0.00ms, max = 0.01ms, min = 0.01ms, total = 0.01ms
	ray::rpc::WorkerInfoGcsService.grpc_client.AddWorkerInfo.OnReplyReceived - 1 total (0 active), Execution time: mean = 0.01ms, total = 0.01ms, Queueing time: mean = 0.01ms, max = 0.01ms, min = 0.01ms, total = 0.01ms
	ray::rpc::WorkerInfoGcsService.grpc_client.AddWorkerInfo - 1 total (0 active), Execution time: mean = 0.31ms, total = 0.31ms, Queueing time: mean = 0.00ms, max = -0.00ms, min = 9223372036854.78ms, total = 0.00ms

-----------------
Task execution event stats:

Global stats: 29947 total (1 active)
Queueing time: mean = 0.02ms, max = 1.10ms, min = -0.02ms, total = 498.76ms
Execution time:  mean = 0.00ms, total = 72.98ms
Event stats:
	CoreWorker.CheckSignal - 29946 total (1 active), Execution time: mean = 0.00ms, total = 72.98ms, Queueing time: mean = 0.02ms, max = 1.10ms, min = -0.02ms, total = 498.76ms
	PeriodicalRunner.RunFnPeriodically - 1 total (0 active), Execution time: mean = 0.01ms, total = 0.01ms, Queueing time: mean = 0.00ms, max = 0.00ms, min = 0.00ms, total = 0.00ms

-----------------
Task Event stats:

IO Service Stats:

Global stats: 301 total (1 active)
Queueing time: mean = 0.02ms, max = 0.07ms, min = 0.00ms, total = 6.44ms
Execution time:  mean = 0.01ms, total = 2.40ms
Event stats:
	CoreWorker.deadline_timer.flush_task_events - 300 total (1 active), Execution time: mean = 0.01ms, total = 2.38ms, Queueing time: mean = 0.02ms, max = 0.07ms, min = 0.00ms, total = 6.44ms
	PeriodicalRunner.RunFnPeriodically - 1 total (0 active), Execution time: mean = 0.02ms, total = 0.02ms, Queueing time: mean = 0.01ms, max = 0.01ms, min = 0.01ms, total = 0.01ms
Other Stats:
	gcs_grpc_in_progress:0
	event_aggregator_grpc_in_progress:0
	current number of task status events in buffer: 0
	current number of profile events in buffer: 0
	current number of dropped task attempts tracked: 0
	total task events sent: 0 MiB
	total number of task attempts sent: 0
	total number of task attempts dropped reported: 0
	total number of sent failure: 0
	num status task events dropped: 0
	num profile task events dropped: 0
	num ray task events reported to aggregator: 0
	num ray task events failed to report to aggregator: 0
	num of task attempts dropped reported to aggregator: 0
	num of failed requests to aggregator: 0

[2026-09-04 01:04:09,148 I 1574 4476] core_worker.cc:498: Event stats:


Global stats: 4854 total (8 active)
Queueing time: mean = 0.02ms, max = 0.17ms, min = -0.00ms, total = 84.96ms
Execution time:  mean = 0.00ms, total = 19.68ms
Event stats:
	CoreWorker.RecoverObjects - 3600 total (1 active), Execution time: mean = 0.00ms, total = 8.09ms, Queueing time: mean = 0.02ms, max = 0.17ms, min = 0.00ms, total = 63.23ms
	CoreWorker.ExitIfParentRayletDies - 360 total (1 active), Execution time: mean = 0.01ms, total = 1.86ms, Queueing time: mean = 0.02ms, max = 0.05ms, min = 0.00ms, total = 5.96ms
	CoreWorker.ReportWorkerBacklog - 360 total (1 active), Execution time: mean = 0.00ms, total = 1.19ms, Queueing time: mean = 0.02ms, max = 0.07ms, min = -0.00ms, total = 6.45ms
	CoreWorker.InternalHeartbeat - 360 total (1 active), Execution time: mean = 0.00ms, total = 0.97ms, Queueing time: mean = 0.02ms, max = 0.08ms, min = 0.00ms, total = 6.65ms
	CoreWorker.RecordMetrics - 72 total (1 active), Execution time: mean = 0.02ms, total = 1.52ms, Queueing time: mean = 0.01ms, max = 0.04ms, min = 0.00ms, total = 0.80ms
	CoreWorker.TryDelPendingObjectRefStreams - 36 total (1 active), Execution time: mean = 0.00ms, total = 0.07ms, Queueing time: mean = 0.02ms, max = 0.11ms, min = 0.00ms, total = 0.79ms
	CoreWorkerService.grpc_server.GetCoreWorkerStats - 24 total (0 active), Execution time: mean = 0.17ms, total = 4.08ms, Queueing time: mean = 0.00ms, max = -0.00ms, min = 9223372036854.78ms, total = 0.00ms
	CoreWorkerService.grpc_server.GetCoreWorkerStats.HandleRequestImpl - 24 total (0 active), Execution time: mean = 0.03ms, total = 0.73ms, Queueing time: mean = 0.02ms, max = 0.03ms, min = 0.01ms, total = 0.47ms
	PeriodicalRunner.RunFnPeriodically - 8 total (0 active), Execution time: mean = 0.01ms, total = 0.11ms, Queueing time: mean = 0.07ms, max = 0.11ms, min = 0.01ms, total = 0.53ms
	CoreWorker.PrintEventStats - 6 total (1 active, 1 running), Execution time: mean = 0.12ms, total = 0.73ms, Queueing time: mean = 0.01ms, max = 0.03ms, min = 0.01ms, total = 0.07ms
	Publisher.CheckDeadSubscribers - 2 total (1 active), Execution time: mean = 0.00ms, total = 0.00ms, Queueing time: mean = 0.00ms, max = 0.01ms, min = 0.01ms, total = 0.01ms
	ray::rpc::WorkerInfoGcsService.grpc_client.AddWorkerInfo.OnReplyReceived - 1 total (0 active), Execution time: mean = 0.01ms, total = 0.01ms, Queueing time: mean = 0.01ms, max = 0.01ms, min = 0.01ms, total = 0.01ms
	ray::rpc::WorkerInfoGcsService.grpc_client.AddWorkerInfo - 1 total (0 active), Execution time: mean = 0.31ms, total = 0.31ms, Queueing time: mean = 0.00ms, max = -0.00ms, min = 9223372036854.78ms, total = 0.00ms

-----------------
Task execution event stats:

Global stats: 35938 total (1 active)
Queueing time: mean = 0.02ms, max = 1.10ms, min = -0.02ms, total = 574.05ms
Execution time:  mean = 0.00ms, total = 82.55ms
Event stats:
	CoreWorker.CheckSignal - 35937 total (1 active), Execution time: mean = 0.00ms, total = 82.55ms, Queueing time: mean = 0.02ms, max = 1.10ms, min = -0.02ms, total = 574.05ms
	PeriodicalRunner.RunFnPeriodically - 1 total (0 active), Execution time: mean = 0.01ms, total = 0.01ms, Queueing time: mean = 0.00ms, max = 0.00ms, min = 0.00ms, total = 0.00ms

-----------------
Task Event stats:

IO Service Stats:

Global stats: 361 total (1 active)
Queueing time: mean = 0.02ms, max = 0.07ms, min = 0.00ms, total = 7.85ms
Execution time:  mean = 0.01ms, total = 2.92ms
Event stats:
	CoreWorker.deadline_timer.flush_task_events - 360 total (1 active), Execution time: mean = 0.01ms, total = 2.90ms, Queueing time: mean = 0.02ms, max = 0.07ms, min = 0.00ms, total = 7.84ms
	PeriodicalRunner.RunFnPeriodically - 1 total (0 active), Execution time: mean = 0.02ms, total = 0.02ms, Queueing time: mean = 0.01ms, max = 0.01ms, min = 0.01ms, total = 0.01ms
Other Stats:
	gcs_grpc_in_progress:0
	event_aggregator_grpc_in_progress:0
	current number of task status events in buffer: 0
	current number of profile events in buffer: 0
	current number of dropped task attempts tracked: 0
	total task events sent: 0 MiB
	total number of task attempts sent: 0
	total number of task attempts dropped reported: 0
	total number of sent failure: 0
	num status task events dropped: 0
	num profile task events dropped: 0
	num ray task events reported to aggregator: 0
	num ray task events failed to report to aggregator: 0
	num of task attempts dropped reported to aggregator: 0
	num of failed requests to aggregator: 0

[2026-09-04 01:05:09,148 I 1574 4476] core_worker.cc:498: Event stats:


Global stats: 5661 total (8 active)
Queueing time: mean = 0.02ms, max = 0.17ms, min = -0.00ms, total = 98.08ms
Execution time:  mean = 0.00ms, total = 23.27ms
Event stats:
	CoreWorker.RecoverObjects - 4200 total (1 active), Execution time: mean = 0.00ms, total = 9.76ms, Queueing time: mean = 0.02ms, max = 0.17ms, min = 0.00ms, total = 73.17ms
	CoreWorker.ExitIfParentRayletDies - 420 total (1 active), Execution time: mean = 0.01ms, total = 2.21ms, Queueing time: mean = 0.02ms, max = 0.06ms, min = 0.00ms, total = 6.84ms
	CoreWorker.ReportWorkerBacklog - 420 total (1 active), Execution time: mean = 0.00ms, total = 1.43ms, Queueing time: mean = 0.02ms, max = 0.08ms, min = -0.00ms, total = 7.43ms
	CoreWorker.InternalHeartbeat - 420 total (1 active), Execution time: mean = 0.00ms, total = 1.17ms, Queueing time: mean = 0.02ms, max = 0.08ms, min = 0.00ms, total = 7.66ms
	CoreWorker.RecordMetrics - 84 total (1 active), Execution time: mean = 0.02ms, total = 1.81ms, Queueing time: mean = 0.01ms, max = 0.04ms, min = 0.00ms, total = 0.88ms
	CoreWorker.TryDelPendingObjectRefStreams - 42 total (1 active), Execution time: mean = 0.00ms, total = 0.08ms, Queueing time: mean = 0.02ms, max = 0.11ms, min = 0.00ms, total = 0.93ms
	CoreWorkerService.grpc_server.GetCoreWorkerStats - 28 total (0 active), Execution time: mean = 0.17ms, total = 4.66ms, Queueing time: mean = 0.00ms, max = -0.00ms, min = 9223372036854.78ms, total = 0.00ms
	CoreWorkerService.grpc_server.GetCoreWorkerStats.HandleRequestImpl - 28 total (0 active), Execution time: mean = 0.03ms, total = 0.85ms, Queueing time: mean = 0.02ms, max = 0.03ms, min = 0.01ms, total = 0.54ms
	PeriodicalRunner.RunFnPeriodically - 8 total (0 active), Execution time: mean = 0.01ms, total = 0.11ms, Queueing time: mean = 0.07ms, max = 0.11ms, min = 0.01ms, total = 0.53ms
	CoreWorker.PrintEventStats - 7 total (1 active, 1 running), Execution time: mean = 0.12ms, total = 0.87ms, Queueing time: mean = 0.01ms, max = 0.03ms, min = 0.01ms, total = 0.07ms
	Publisher.CheckDeadSubscribers - 2 total (1 active), Execution time: mean = 0.00ms, total = 0.00ms, Queueing time: mean = 0.00ms, max = 0.01ms, min = 0.01ms, total = 0.01ms
	ray::rpc::WorkerInfoGcsService.grpc_client.AddWorkerInfo.OnReplyReceived - 1 total (0 active), Execution time: mean = 0.01ms, total = 0.01ms, Queueing time: mean = 0.01ms, max = 0.01ms, min = 0.01ms, total = 0.01ms
	ray::rpc::WorkerInfoGcsService.grpc_client.AddWorkerInfo - 1 total (0 active), Execution time: mean = 0.31ms, total = 0.31ms, Queueing time: mean = 0.00ms, max = -0.00ms, min = 9223372036854.78ms, total = 0.00ms

-----------------
Task execution event stats:

Global stats: 41930 total (1 active)
Queueing time: mean = 0.02ms, max = 1.10ms, min = -0.02ms, total = 652.04ms
Execution time:  mean = 0.00ms, total = 93.36ms
Event stats:
	CoreWorker.CheckSignal - 41929 total (1 active), Execution time: mean = 0.00ms, total = 93.35ms, Queueing time: mean = 0.02ms, max = 1.10ms, min = -0.02ms, total = 652.04ms
	PeriodicalRunner.RunFnPeriodically - 1 total (0 active), Execution time: mean = 0.01ms, total = 0.01ms, Queueing time: mean = 0.00ms, max = 0.00ms, min = 0.00ms, total = 0.00ms

-----------------
Task Event stats:

IO Service Stats:

Global stats: 421 total (1 active)
Queueing time: mean = 0.02ms, max = 0.07ms, min = 0.00ms, total = 9.17ms
Execution time:  mean = 0.01ms, total = 3.40ms
Event stats:
	CoreWorker.deadline_timer.flush_task_events - 420 total (1 active), Execution time: mean = 0.01ms, total = 3.38ms, Queueing time: mean = 0.02ms, max = 0.07ms, min = 0.00ms, total = 9.17ms
	PeriodicalRunner.RunFnPeriodically - 1 total (0 active), Execution time: mean = 0.02ms, total = 0.02ms, Queueing time: mean = 0.01ms, max = 0.01ms, min = 0.01ms, total = 0.01ms
Other Stats:
	gcs_grpc_in_progress:0
	event_aggregator_grpc_in_progress:0
	current number of task status events in buffer: 0
	current number of profile events in buffer: 0
	current number of dropped task attempts tracked: 0
	total task events sent: 0 MiB
	total number of task attempts sent: 0
	total number of task attempts dropped reported: 0
	total number of sent failure: 0
	num status task events dropped: 0
	num profile task events dropped: 0
	num ray task events reported to aggregator: 0
	num ray task events failed to report to aggregator: 0
	num of task attempts dropped reported to aggregator: 0
	num of failed requests to aggregator: 0

[2026-09-04 01:06:09,148 I 1574 4476] core_worker.cc:498: Event stats:


Global stats: 6468 total (8 active)
Queueing time: mean = 0.02ms, max = 0.23ms, min = -0.00ms, total = 110.65ms
Execution time:  mean = 0.00ms, total = 26.06ms
Event stats:
	CoreWorker.RecoverObjects - 4800 total (1 active), Execution time: mean = 0.00ms, total = 10.93ms, Queueing time: mean = 0.02ms, max = 0.23ms, min = 0.00ms, total = 82.88ms
	CoreWorker.ExitIfParentRayletDies - 480 total (1 active), Execution time: mean = 0.01ms, total = 2.48ms, Queueing time: mean = 0.02ms, max = 0.06ms, min = 0.00ms, total = 7.63ms
	CoreWorker.ReportWorkerBacklog - 480 total (1 active), Execution time: mean = 0.00ms, total = 1.63ms, Queueing time: mean = 0.02ms, max = 0.08ms, min = -0.00ms, total = 8.30ms
	CoreWorker.InternalHeartbeat - 480 total (1 active), Execution time: mean = 0.00ms, total = 1.36ms, Queueing time: mean = 0.02ms, max = 0.08ms, min = 0.00ms, total = 8.53ms
	CoreWorker.RecordMetrics - 96 total (1 active), Execution time: mean = 0.02ms, total = 2.08ms, Queueing time: mean = 0.01ms, max = 0.04ms, min = 0.00ms, total = 0.99ms
	CoreWorker.TryDelPendingObjectRefStreams - 48 total (1 active), Execution time: mean = 0.00ms, total = 0.09ms, Queueing time: mean = 0.02ms, max = 0.12ms, min = 0.00ms, total = 1.11ms
	CoreWorkerService.grpc_server.GetCoreWorkerStats - 32 total (0 active), Execution time: mean = 0.16ms, total = 5.07ms, Queueing time: mean = 0.00ms, max = -0.00ms, min = 9223372036854.78ms, total = 0.00ms
	CoreWorkerService.grpc_server.GetCoreWorkerStats.HandleRequestImpl - 32 total (0 active), Execution time: mean = 0.03ms, total = 0.93ms, Queueing time: mean = 0.02ms, max = 0.03ms, min = 0.01ms, total = 0.58ms
	PeriodicalRunner.RunFnPeriodically - 8 total (0 active), Execution time: mean = 0.01ms, total = 0.11ms, Queueing time: mean = 0.07ms, max = 0.11ms, min = 0.01ms, total = 0.53ms
	CoreWorker.PrintEventStats - 8 total (1 active, 1 running), Execution time: mean = 0.13ms, total = 1.05ms, Queueing time: mean = 0.01ms, max = 0.03ms, min = 0.01ms, total = 0.08ms
	Publisher.CheckDeadSubscribers - 2 total (1 active), Execution time: mean = 0.00ms, total = 0.00ms, Queueing time: mean = 0.00ms, max = 0.01ms, min = 0.01ms, total = 0.01ms
	ray::rpc::WorkerInfoGcsService.grpc_client.AddWorkerInfo.OnReplyReceived - 1 total (0 active), Execution time: mean = 0.01ms, total = 0.01ms, Queueing time: mean = 0.01ms, max = 0.01ms, min = 0.01ms, total = 0.01ms
	ray::rpc::WorkerInfoGcsService.grpc_client.AddWorkerInfo - 1 total (0 active), Execution time: mean = 0.31ms, total = 0.31ms, Queueing time: mean = 0.00ms, max = -0.00ms, min = 9223372036854.78ms, total = 0.00ms

-----------------
Task execution event stats:

Global stats: 47921 total (1 active)
Queueing time: mean = 0.02ms, max = 1.10ms, min = -0.02ms, total = 731.00ms
Execution time:  mean = 0.00ms, total = 103.55ms
Event stats:
	CoreWorker.CheckSignal - 47920 total (1 active), Execution time: mean = 0.00ms, total = 103.54ms, Queueing time: mean = 0.02ms, max = 1.10ms, min = -0.02ms, total = 731.00ms
	PeriodicalRunner.RunFnPeriodically - 1 total (0 active), Execution time: mean = 0.01ms, total = 0.01ms, Queueing time: mean = 0.00ms, max = 0.00ms, min = 0.00ms, total = 0.00ms

-----------------
Task Event stats:

IO Service Stats:

Global stats: 481 total (1 active)
Queueing time: mean = 0.02ms, max = 0.07ms, min = 0.00ms, total = 10.45ms
Execution time:  mean = 0.01ms, total = 3.84ms
Event stats:
	CoreWorker.deadline_timer.flush_task_events - 480 total (1 active), Execution time: mean = 0.01ms, total = 3.82ms, Queueing time: mean = 0.02ms, max = 0.07ms, min = 0.00ms, total = 10.44ms
	PeriodicalRunner.RunFnPeriodically - 1 total (0 active), Execution time: mean = 0.02ms, total = 0.02ms, Queueing time: mean = 0.01ms, max = 0.01ms, min = 0.01ms, total = 0.01ms
Other Stats:
	gcs_grpc_in_progress:0
	event_aggregator_grpc_in_progress:0
	current number of task status events in buffer: 0
	current number of profile events in buffer: 0
	current number of dropped task attempts tracked: 0
	total task events sent: 0 MiB
	total number of task attempts sent: 0
	total number of task attempts dropped reported: 0
	total number of sent failure: 0
	num status task events dropped: 0
	num profile task events dropped: 0
	num ray task events reported to aggregator: 0
	num ray task events failed to report to aggregator: 0
	num of task attempts dropped reported to aggregator: 0
	num of failed requests to aggregator: 0

[2026-09-04 01:07:09,149 I 1574 4476] core_worker.cc:498: Event stats:


Global stats: 7275 total (8 active)
Queueing time: mean = 0.02ms, max = 0.23ms, min = -0.01ms, total = 125.84ms
Execution time:  mean = 0.00ms, total = 29.16ms
Event stats:
	CoreWorker.RecoverObjects - 5400 total (1 active), Execution time: mean = 0.00ms, total = 12.09ms, Queueing time: mean = 0.02ms, max = 0.23ms, min = -0.01ms, total = 93.97ms
	CoreWorker.ExitIfParentRayletDies - 540 total (1 active), Execution time: mean = 0.01ms, total = 2.76ms, Queueing time: mean = 0.02ms, max = 0.07ms, min = 0.00ms, total = 8.77ms
	CoreWorker.ReportWorkerBacklog - 540 total (1 active), Execution time: mean = 0.00ms, total = 1.80ms, Queueing time: mean = 0.02ms, max = 0.08ms, min = -0.00ms, total = 9.53ms
	CoreWorker.InternalHeartbeat - 540 total (1 active), Execution time: mean = 0.00ms, total = 1.50ms, Queueing time: mean = 0.02ms, max = 0.08ms, min = 0.00ms, total = 9.79ms
	CoreWorker.RecordMetrics - 108 total (1 active), Execution time: mean = 0.02ms, total = 2.36ms, Queueing time: mean = 0.01ms, max = 0.04ms, min = 0.00ms, total = 1.20ms
	CoreWorker.TryDelPendingObjectRefStreams - 54 total (1 active), Execution time: mean = 0.00ms, total = 0.10ms, Queueing time: mean = 0.02ms, max = 0.12ms, min = 0.00ms, total = 1.27ms
	CoreWorkerService.grpc_server.GetCoreWorkerStats - 36 total (0 active), Execution time: mean = 0.16ms, total = 5.87ms, Queueing time: mean = 0.00ms, max = -0.00ms, min = 9223372036854.78ms, total = 0.00ms
	CoreWorkerService.grpc_server.GetCoreWorkerStats.HandleRequestImpl - 36 total (0 active), Execution time: mean = 0.03ms, total = 1.04ms, Queueing time: mean = 0.02ms, max = 0.04ms, min = 0.01ms, total = 0.67ms
	CoreWorker.PrintEventStats - 9 total (1 active, 1 running), Execution time: mean = 0.13ms, total = 1.19ms, Queueing time: mean = 0.01ms, max = 0.03ms, min = 0.01ms, total = 0.10ms
	PeriodicalRunner.RunFnPeriodically - 8 total (0 active), Execution time: mean = 0.01ms, total = 0.11ms, Queueing time: mean = 0.07ms, max = 0.11ms, min = 0.01ms, total = 0.53ms
	Publisher.CheckDeadSubscribers - 2 total (1 active), Execution time: mean = 0.00ms, total = 0.00ms, Queueing time: mean = 0.00ms, max = 0.01ms, min = 0.01ms, total = 0.01ms
	ray::rpc::WorkerInfoGcsService.grpc_client.AddWorkerInfo.OnReplyReceived - 1 total (0 active), Execution time: mean = 0.01ms, total = 0.01ms, Queueing time: mean = 0.01ms, max = 0.01ms, min = 0.01ms, total = 0.01ms
	ray::rpc::WorkerInfoGcsService.grpc_client.AddWorkerInfo - 1 total (0 active), Execution time: mean = 0.31ms, total = 0.31ms, Queueing time: mean = 0.00ms, max = -0.00ms, min = 9223372036854.78ms, total = 0.00ms

-----------------
Task execution event stats:

Global stats: 53912 total (1 active)
Queueing time: mean = 0.02ms, max = 1.10ms, min = -0.02ms, total = 816.44ms
Execution time:  mean = 0.00ms, total = 117.92ms
Event stats:
	CoreWorker.CheckSignal - 53911 total (1 active), Execution time: mean = 0.00ms, total = 117.91ms, Queueing time: mean = 0.02ms, max = 1.10ms, min = -0.02ms, total = 816.44ms
	PeriodicalRunner.RunFnPeriodically - 1 total (0 active), Execution time: mean = 0.01ms, total = 0.01ms, Queueing time: mean = 0.00ms, max = 0.00ms, min = 0.00ms, total = 0.00ms

-----------------
Task Event stats:

IO Service Stats:

Global stats: 541 total (1 active)
Queueing time: mean = 0.02ms, max = 0.07ms, min = 0.00ms, total = 11.50ms
Execution time:  mean = 0.01ms, total = 4.30ms
Event stats:
	CoreWorker.deadline_timer.flush_task_events - 540 total (1 active), Execution time: mean = 0.01ms, total = 4.28ms, Queueing time: mean = 0.02ms, max = 0.07ms, min = 0.00ms, total = 11.49ms
	PeriodicalRunner.RunFnPeriodically - 1 total (0 active), Execution time: mean = 0.02ms, total = 0.02ms, Queueing time: mean = 0.01ms, max = 0.01ms, min = 0.01ms, total = 0.01ms
Other Stats:
	gcs_grpc_in_progress:0
	event_aggregator_grpc_in_progress:0
	current number of task status events in buffer: 0
	current number of profile events in buffer: 0
	current number of dropped task attempts tracked: 0
	total task events sent: 0 MiB
	total number of task attempts sent: 0
	total number of task attempts dropped reported: 0
	total number of sent failure: 0
	num status task events dropped: 0
	num profile task events dropped: 0
	num ray task events reported to aggregator: 0
	num ray task events failed to report to aggregator: 0
	num of task attempts dropped reported to aggregator: 0
	num of failed requests to aggregator: 0

[2026-09-04 01:08:09,149 I 1574 4476] core_worker.cc:498: Event stats:


Global stats: 8082 total (8 active)
Queueing time: mean = 0.02ms, max = 0.23ms, min = -0.01ms, total = 141.62ms
Execution time:  mean = 0.00ms, total = 32.20ms
Event stats:
	CoreWorker.RecoverObjects - 5999 total (1 active), Execution time: mean = 0.00ms, total = 13.24ms, Queueing time: mean = 0.02ms, max = 0.23ms, min = -0.01ms, total = 106.04ms
	CoreWorker.ExitIfParentRayletDies - 600 total (1 active), Execution time: mean = 0.00ms, total = 2.98ms, Queueing time: mean = 0.02ms, max = 0.07ms, min = 0.00ms, total = 9.77ms
	CoreWorker.ReportWorkerBacklog - 600 total (1 active), Execution time: mean = 0.00ms, total = 1.97ms, Queueing time: mean = 0.02ms, max = 0.08ms, min = -0.00ms, total = 10.57ms
	CoreWorker.InternalHeartbeat - 600 total (1 active), Execution time: mean = 0.00ms, total = 1.61ms, Queueing time: mean = 0.02ms, max = 0.08ms, min = 0.00ms, total = 10.89ms
	CoreWorker.RecordMetrics - 120 total (1 active), Execution time: mean = 0.02ms, total = 2.69ms, Queueing time: mean = 0.01ms, max = 0.04ms, min = 0.00ms, total = 1.43ms
	CoreWorker.TryDelPendingObjectRefStreams - 60 total (1 active), Execution time: mean = 0.00ms, total = 0.11ms, Queueing time: mean = 0.02ms, max = 0.12ms, min = 0.00ms, total = 1.47ms
	CoreWorkerService.grpc_server.GetCoreWorkerStats - 40 total (0 active), Execution time: mean = 0.17ms, total = 6.61ms, Queueing time: mean = 0.00ms, max = -0.00ms, min = 9223372036854.78ms, total = 0.00ms
	CoreWorkerService.grpc_server.GetCoreWorkerStats.HandleRequestImpl - 40 total (0 active), Execution time: mean = 0.03ms, total = 1.16ms, Queueing time: mean = 0.02ms, max = 0.04ms, min = 0.01ms, total = 0.77ms
	CoreWorker.PrintEventStats - 10 total (1 active, 1 running), Execution time: mean = 0.14ms, total = 1.38ms, Queueing time: mean = 0.01ms, max = 0.03ms, min = 0.01ms, total = 0.10ms
	PeriodicalRunner.RunFnPeriodically - 8 total (0 active), Execution time: mean = 0.01ms, total = 0.11ms, Queueing time: mean = 0.07ms, max = 0.11ms, min = 0.01ms, total = 0.53ms
	Publisher.CheckDeadSubscribers - 3 total (1 active), Execution time: mean = 0.00ms, total = 0.00ms, Queueing time: mean = 0.01ms, max = 0.03ms, min = 0.01ms, total = 0.04ms
	ray::rpc::WorkerInfoGcsService.grpc_client.AddWorkerInfo.OnReplyReceived - 1 total (0 active), Execution time: mean = 0.01ms, total = 0.01ms, Queueing time: mean = 0.01ms, max = 0.01ms, min = 0.01ms, total = 0.01ms
	ray::rpc::WorkerInfoGcsService.grpc_client.AddWorkerInfo - 1 total (0 active), Execution time: mean = 0.31ms, total = 0.31ms, Queueing time: mean = 0.00ms, max = -0.00ms, min = 9223372036854.78ms, total = 0.00ms

-----------------
Task execution event stats:

Global stats: 59900 total (1 active)
Queueing time: mean = 0.02ms, max = 1.10ms, min = -0.02ms, total = 922.90ms
Execution time:  mean = 0.00ms, total = 132.70ms
Event stats:
	CoreWorker.CheckSignal - 59899 total (1 active), Execution time: mean = 0.00ms, total = 132.69ms, Queueing time: mean = 0.02ms, max = 1.10ms, min = -0.02ms, total = 922.90ms
	PeriodicalRunner.RunFnPeriodically - 1 total (0 active), Execution time: mean = 0.01ms, total = 0.01ms, Queueing time: mean = 0.00ms, max = 0.00ms, min = 0.00ms, total = 0.00ms

-----------------
Task Event stats:

IO Service Stats:

Global stats: 601 total (1 active)
Queueing time: mean = 0.02ms, max = 0.07ms, min = 0.00ms, total = 12.59ms
Execution time:  mean = 0.01ms, total = 4.76ms
Event stats:
	CoreWorker.deadline_timer.flush_task_events - 600 total (1 active), Execution time: mean = 0.01ms, total = 4.74ms, Queueing time: mean = 0.02ms, max = 0.07ms, min = 0.00ms, total = 12.58ms
	PeriodicalRunner.RunFnPeriodically - 1 total (0 active), Execution time: mean = 0.02ms, total = 0.02ms, Queueing time: mean = 0.01ms, max = 0.01ms, min = 0.01ms, total = 0.01ms
Other Stats:
	gcs_grpc_in_progress:0
	event_aggregator_grpc_in_progress:0
	current number of task status events in buffer: 0
	current number of profile events in buffer: 0
	current number of dropped task attempts tracked: 0
	total task events sent: 0 MiB
	total number of task attempts sent: 0
	total number of task attempts dropped reported: 0
	total number of sent failure: 0
	num status task events dropped: 0
	num profile task events dropped: 0
	num ray task events reported to aggregator: 0
	num ray task events failed to report to aggregator: 0
	num of task attempts dropped reported to aggregator: 0
	num of failed requests to aggregator: 0

[2026-09-04 01:09:09,149 I 1574 4476] core_worker.cc:498: Event stats:


Global stats: 8889 total (8 active)
Queueing time: mean = 0.02ms, max = 0.23ms, min = -0.01ms, total = 155.33ms
Execution time:  mean = 0.00ms, total = 35.69ms
Event stats:
	CoreWorker.RecoverObjects - 6599 total (1 active), Execution time: mean = 0.00ms, total = 14.65ms, Queueing time: mean = 0.02ms, max = 0.23ms, min = -0.01ms, total = 116.00ms
	CoreWorker.ExitIfParentRayletDies - 660 total (1 active), Execution time: mean = 0.01ms, total = 3.30ms, Queueing time: mean = 0.02ms, max = 0.07ms, min = 0.00ms, total = 10.77ms
	CoreWorker.ReportWorkerBacklog - 660 total (1 active), Execution time: mean = 0.00ms, total = 2.20ms, Queueing time: mean = 0.02ms, max = 0.09ms, min = -0.00ms, total = 11.67ms
	CoreWorker.InternalHeartbeat - 660 total (1 active), Execution time: mean = 0.00ms, total = 1.81ms, Queueing time: mean = 0.02ms, max = 0.09ms, min = 0.00ms, total = 12.00ms
	CoreWorker.RecordMetrics - 132 total (1 active), Execution time: mean = 0.02ms, total = 2.98ms, Queueing time: mean = 0.01ms, max = 0.04ms, min = 0.00ms, total = 1.58ms
	CoreWorker.TryDelPendingObjectRefStreams - 66 total (1 active), Execution time: mean = 0.00ms, total = 0.13ms, Queueing time: mean = 0.03ms, max = 0.23ms, min = 0.00ms, total = 1.76ms
	CoreWorkerService.grpc_server.GetCoreWorkerStats - 44 total (0 active), Execution time: mean = 0.16ms, total = 7.24ms, Queueing time: mean = 0.00ms, max = -0.00ms, min = 9223372036854.78ms, total = 0.00ms
	CoreWorkerService.grpc_server.GetCoreWorkerStats.HandleRequestImpl - 44 total (0 active), Execution time: mean = 0.03ms, total = 1.27ms, Queueing time: mean = 0.02ms, max = 0.04ms, min = 0.01ms, total = 0.83ms
	CoreWorker.PrintEventStats - 11 total (1 active, 1 running), Execution time: mean = 0.15ms, total = 1.67ms, Queueing time: mean = 0.01ms, max = 0.03ms, min = 0.01ms, total = 0.14ms
	PeriodicalRunner.RunFnPeriodically - 8 total (0 active), Execution time: mean = 0.01ms, total = 0.11ms, Queueing time: mean = 0.07ms, max = 0.11ms, min = 0.01ms, total = 0.53ms
	Publisher.CheckDeadSubscribers - 3 total (1 active), Execution time: mean = 0.00ms, total = 0.00ms, Queueing time: mean = 0.01ms, max = 0.03ms, min = 0.01ms, total = 0.04ms
	ray::rpc::WorkerInfoGcsService.grpc_client.AddWorkerInfo.OnReplyReceived - 1 total (0 active), Execution time: mean = 0.01ms, total = 0.01ms, Queueing time: mean = 0.01ms, max = 0.01ms, min = 0.01ms, total = 0.01ms
	ray::rpc::WorkerInfoGcsService.grpc_client.AddWorkerInfo - 1 total (0 active), Execution time: mean = 0.31ms, total = 0.31ms, Queueing time: mean = 0.00ms, max = -0.00ms, min = 9223372036854.78ms, total = 0.00ms

-----------------
Task execution event stats:

Global stats: 65893 total (1 active)
Queueing time: mean = 0.02ms, max = 1.10ms, min = -0.02ms, total = 989.54ms
Execution time:  mean = 0.00ms, total = 142.98ms
Event stats:
	CoreWorker.CheckSignal - 65892 total (1 active), Execution time: mean = 0.00ms, total = 142.97ms, Queueing time: mean = 0.02ms, max = 1.10ms, min = -0.02ms, total = 989.54ms
	PeriodicalRunner.RunFnPeriodically - 1 total (0 active), Execution time: mean = 0.01ms, total = 0.01ms, Queueing time: mean = 0.00ms, max = 0.00ms, min = 0.00ms, total = 0.00ms

-----------------
Task Event stats:

IO Service Stats:

Global stats: 661 total (1 active)
Queueing time: mean = 0.02ms, max = 0.14ms, min = 0.00ms, total = 14.19ms
Execution time:  mean = 0.01ms, total = 5.19ms
Event stats:
	CoreWorker.deadline_timer.flush_task_events - 660 total (1 active), Execution time: mean = 0.01ms, total = 5.18ms, Queueing time: mean = 0.02ms, max = 0.14ms, min = 0.00ms, total = 14.19ms
	PeriodicalRunner.RunFnPeriodically - 1 total (0 active), Execution time: mean = 0.02ms, total = 0.02ms, Queueing time: mean = 0.01ms, max = 0.01ms, min = 0.01ms, total = 0.01ms
Other Stats:
	gcs_grpc_in_progress:0
	event_aggregator_grpc_in_progress:0
	current number of task status events in buffer: 0
	current number of profile events in buffer: 0
	current number of dropped task attempts tracked: 0
	total task events sent: 0 MiB
	total number of task attempts sent: 0
	total number of task attempts dropped reported: 0
	total number of sent failure: 0
	num status task events dropped: 0
	num profile task events dropped: 0
	num ray task events reported to aggregator: 0
	num ray task events failed to report to aggregator: 0
	num of task attempts dropped reported to aggregator: 0
	num of failed requests to aggregator: 0

[2026-09-04 01:10:09,149 I 1574 4476] core_worker.cc:498: Event stats:


Global stats: 9696 total (8 active)
Queueing time: mean = 0.02ms, max = 0.23ms, min = -0.01ms, total = 168.30ms
Execution time:  mean = 0.00ms, total = 38.61ms
Event stats:
	CoreWorker.RecoverObjects - 7199 total (1 active), Execution time: mean = 0.00ms, total = 15.90ms, Queueing time: mean = 0.02ms, max = 0.23ms, min = -0.01ms, total = 125.53ms
	CoreWorker.ExitIfParentRayletDies - 720 total (1 active), Execution time: mean = 0.00ms, total = 3.58ms, Queueing time: mean = 0.02ms, max = 0.07ms, min = 0.00ms, total = 11.76ms
	CoreWorker.ReportWorkerBacklog - 720 total (1 active), Execution time: mean = 0.00ms, total = 2.38ms, Queueing time: mean = 0.02ms, max = 0.09ms, min = -0.00ms, total = 12.73ms
	CoreWorker.InternalHeartbeat - 720 total (1 active), Execution time: mean = 0.00ms, total = 2.00ms, Queueing time: mean = 0.02ms, max = 0.09ms, min = 0.00ms, total = 13.07ms
	CoreWorker.RecordMetrics - 144 total (1 active), Execution time: mean = 0.02ms, total = 3.26ms, Queueing time: mean = 0.01ms, max = 0.04ms, min = 0.00ms, total = 1.70ms
	CoreWorker.TryDelPendingObjectRefStreams - 72 total (1 active), Execution time: mean = 0.00ms, total = 0.14ms, Queueing time: mean = 0.03ms, max = 0.23ms, min = 0.00ms, total = 1.87ms
	CoreWorkerService.grpc_server.GetCoreWorkerStats - 48 total (0 active), Execution time: mean = 0.16ms, total = 7.76ms, Queueing time: mean = 0.00ms, max = -0.00ms, min = 9223372036854.78ms, total = 0.00ms
	CoreWorkerService.grpc_server.GetCoreWorkerStats.HandleRequestImpl - 48 total (0 active), Execution time: mean = 0.03ms, total = 1.35ms, Queueing time: mean = 0.02ms, max = 0.05ms, min = 0.01ms, total = 0.92ms
	CoreWorker.PrintEventStats - 12 total (1 active, 1 running), Execution time: mean = 0.15ms, total = 1.80ms, Queueing time: mean = 0.01ms, max = 0.03ms, min = 0.01ms, total = 0.15ms
	PeriodicalRunner.RunFnPeriodically - 8 total (0 active), Execution time: mean = 0.01ms, total = 0.11ms, Queueing time: mean = 0.07ms, max = 0.11ms, min = 0.01ms, total = 0.53ms
	Publisher.CheckDeadSubscribers - 3 total (1 active), Execution time: mean = 0.00ms, total = 0.00ms, Queueing time: mean = 0.01ms, max = 0.03ms, min = 0.01ms, total = 0.04ms
	ray::rpc::WorkerInfoGcsService.grpc_client.AddWorkerInfo.OnReplyReceived - 1 total (0 active), Execution time: mean = 0.01ms, total = 0.01ms, Queueing time: mean = 0.01ms, max = 0.01ms, min = 0.01ms, total = 0.01ms
	ray::rpc::WorkerInfoGcsService.grpc_client.AddWorkerInfo - 1 total (0 active), Execution time: mean = 0.31ms, total = 0.31ms, Queueing time: mean = 0.00ms, max = -0.00ms, min = 9223372036854.78ms, total = 0.00ms

-----------------
Task execution event stats:

Global stats: 71884 total (1 active)
Queueing time: mean = 0.01ms, max = 1.10ms, min = -0.02ms, total = 1069.79ms
Execution time:  mean = 0.00ms, total = 154.28ms
Event stats:
	CoreWorker.CheckSignal - 71883 total (1 active), Execution time: mean = 0.00ms, total = 154.28ms, Queueing time: mean = 0.01ms, max = 1.10ms, min = -0.02ms, total = 1069.78ms
	PeriodicalRunner.RunFnPeriodically - 1 total (0 active), Execution time: mean = 0.01ms, total = 0.01ms, Queueing time: mean = 0.00ms, max = 0.00ms, min = 0.00ms, total = 0.00ms

-----------------
Task Event stats:

IO Service Stats:

Global stats: 721 total (1 active)
Queueing time: mean = 0.02ms, max = 0.14ms, min = -0.05ms, total = 15.20ms
Execution time:  mean = 0.01ms, total = 5.71ms
Event stats:
	CoreWorker.deadline_timer.flush_task_events - 720 total (1 active), Execution time: mean = 0.01ms, total = 5.69ms, Queueing time: mean = 0.02ms, max = 0.14ms, min = -0.05ms, total = 15.19ms
	PeriodicalRunner.RunFnPeriodically - 1 total (0 active), Execution time: mean = 0.02ms, total = 0.02ms, Queueing time: mean = 0.01ms, max = 0.01ms, min = 0.01ms, total = 0.01ms
Other Stats:
	gcs_grpc_in_progress:0
	event_aggregator_grpc_in_progress:0
	current number of task status events in buffer: 0
	current number of profile events in buffer: 0
	current number of dropped task attempts tracked: 0
	total task events sent: 0 MiB
	total number of task attempts sent: 0
	total number of task attempts dropped reported: 0
	total number of sent failure: 0
	num status task events dropped: 0
	num profile task events dropped: 0
	num ray task events reported to aggregator: 0
	num ray task events failed to report to aggregator: 0
	num of task attempts dropped reported to aggregator: 0
	num of failed requests to aggregator: 0

[2026-09-04 01:11:09,149 I 1574 4476] core_worker.cc:498: Event stats:


Global stats: 10503 total (8 active)
Queueing time: mean = 0.02ms, max = 0.23ms, min = -0.01ms, total = 180.48ms
Execution time:  mean = 0.00ms, total = 41.68ms
Event stats:
	CoreWorker.RecoverObjects - 7799 total (1 active), Execution time: mean = 0.00ms, total = 17.06ms, Queueing time: mean = 0.02ms, max = 0.23ms, min = -0.01ms, total = 134.63ms
	CoreWorker.ExitIfParentRayletDies - 780 total (1 active), Execution time: mean = 0.01ms, total = 3.92ms, Queueing time: mean = 0.02ms, max = 0.07ms, min = 0.00ms, total = 12.59ms
	CoreWorker.ReportWorkerBacklog - 780 total (1 active), Execution time: mean = 0.00ms, total = 2.62ms, Queueing time: mean = 0.02ms, max = 0.09ms, min = -0.00ms, total = 13.66ms
	CoreWorker.InternalHeartbeat - 780 total (1 active), Execution time: mean = 0.00ms, total = 2.19ms, Queueing time: mean = 0.02ms, max = 0.09ms, min = 0.00ms, total = 14.03ms
	CoreWorker.RecordMetrics - 156 total (1 active), Execution time: mean = 0.02ms, total = 3.56ms, Queueing time: mean = 0.01ms, max = 0.04ms, min = 0.00ms, total = 1.83ms
	CoreWorker.TryDelPendingObjectRefStreams - 78 total (1 active), Execution time: mean = 0.00ms, total = 0.16ms, Queueing time: mean = 0.03ms, max = 0.23ms, min = 0.00ms, total = 2.02ms
	CoreWorkerService.grpc_server.GetCoreWorkerStats - 52 total (0 active), Execution time: mean = 0.16ms, total = 8.34ms, Queueing time: mean = 0.00ms, max = -0.00ms, min = 9223372036854.78ms, total = 0.00ms
	CoreWorkerService.grpc_server.GetCoreWorkerStats.HandleRequestImpl - 52 total (0 active), Execution time: mean = 0.03ms, total = 1.45ms, Queueing time: mean = 0.02ms, max = 0.05ms, min = 0.01ms, total = 0.98ms
	CoreWorker.PrintEventStats - 13 total (1 active, 1 running), Execution time: mean = 0.15ms, total = 1.94ms, Queueing time: mean = 0.01ms, max = 0.03ms, min = 0.01ms, total = 0.15ms
	PeriodicalRunner.RunFnPeriodically - 8 total (0 active), Execution time: mean = 0.01ms, total = 0.11ms, Queueing time: mean = 0.07ms, max = 0.11ms, min = 0.01ms, total = 0.53ms
	Publisher.CheckDeadSubscribers - 3 total (1 active), Execution time: mean = 0.00ms, total = 0.00ms, Queueing time: mean = 0.01ms, max = 0.03ms, min = 0.01ms, total = 0.04ms
	ray::rpc::WorkerInfoGcsService.grpc_client.AddWorkerInfo.OnReplyReceived - 1 total (0 active), Execution time: mean = 0.01ms, total = 0.01ms, Queueing time: mean = 0.01ms, max = 0.01ms, min = 0.01ms, total = 0.01ms
	ray::rpc::WorkerInfoGcsService.grpc_client.AddWorkerInfo - 1 total (0 active), Execution time: mean = 0.31ms, total = 0.31ms, Queueing time: mean = 0.00ms, max = -0.00ms, min = 9223372036854.78ms, total = 0.00ms

-----------------
Task execution event stats:

Global stats: 77876 total (1 active)
Queueing time: mean = 0.01ms, max = 1.10ms, min = -0.02ms, total = 1148.66ms
Execution time:  mean = 0.00ms, total = 164.75ms
Event stats:
	CoreWorker.CheckSignal - 77875 total (1 active), Execution time: mean = 0.00ms, total = 164.75ms, Queueing time: mean = 0.01ms, max = 1.10ms, min = -0.02ms, total = 1148.66ms
	PeriodicalRunner.RunFnPeriodically - 1 total (0 active), Execution time: mean = 0.01ms, total = 0.01ms, Queueing time: mean = 0.00ms, max = 0.00ms, min = 0.00ms, total = 0.00ms

-----------------
Task Event stats:

IO Service Stats:

Global stats: 781 total (1 active)
Queueing time: mean = 0.02ms, max = 0.14ms, min = -0.05ms, total = 16.53ms
Execution time:  mean = 0.01ms, total = 6.13ms
Event stats:
	CoreWorker.deadline_timer.flush_task_events - 780 total (1 active), Execution time: mean = 0.01ms, total = 6.11ms, Queueing time: mean = 0.02ms, max = 0.14ms, min = -0.05ms, total = 16.53ms
	PeriodicalRunner.RunFnPeriodically - 1 total (0 active), Execution time: mean = 0.02ms, total = 0.02ms, Queueing time: mean = 0.01ms, max = 0.01ms, min = 0.01ms, total = 0.01ms
Other Stats:
	gcs_grpc_in_progress:0
	event_aggregator_grpc_in_progress:0
	current number of task status events in buffer: 0
	current number of profile events in buffer: 0
	current number of dropped task attempts tracked: 0
	total task events sent: 0 MiB
	total number of task attempts sent: 0
	total number of task attempts dropped reported: 0
	total number of sent failure: 0
	num status task events dropped: 0
	num profile task events dropped: 0
	num ray task events reported to aggregator: 0
	num ray task events failed to report to aggregator: 0
	num of task attempts dropped reported to aggregator: 0
	num of failed requests to aggregator: 0

[2026-09-04 01:12:09,150 I 1574 4476] core_worker.cc:498: Event stats:


Global stats: 11310 total (8 active)
Queueing time: mean = 0.02ms, max = 2.68ms, min = -0.01ms, total = 197.63ms
Execution time:  mean = 0.00ms, total = 45.24ms
Event stats:
	CoreWorker.RecoverObjects - 8399 total (1 active), Execution time: mean = 0.00ms, total = 18.39ms, Queueing time: mean = 0.02ms, max = 2.68ms, min = -0.01ms, total = 147.69ms
	CoreWorker.ExitIfParentRayletDies - 840 total (1 active), Execution time: mean = 0.01ms, total = 4.34ms, Queueing time: mean = 0.02ms, max = 0.07ms, min = 0.00ms, total = 13.66ms
	CoreWorker.ReportWorkerBacklog - 840 total (1 active), Execution time: mean = 0.00ms, total = 2.87ms, Queueing time: mean = 0.02ms, max = 0.09ms, min = -0.00ms, total = 14.88ms
	CoreWorker.InternalHeartbeat - 840 total (1 active), Execution time: mean = 0.00ms, total = 2.42ms, Queueing time: mean = 0.02ms, max = 0.09ms, min = 0.00ms, total = 15.28ms
	CoreWorker.RecordMetrics - 168 total (1 active), Execution time: mean = 0.02ms, total = 3.91ms, Queueing time: mean = 0.01ms, max = 0.04ms, min = 0.00ms, total = 2.05ms
	CoreWorker.TryDelPendingObjectRefStreams - 84 total (1 active), Execution time: mean = 0.00ms, total = 0.17ms, Queueing time: mean = 0.03ms, max = 0.23ms, min = 0.00ms, total = 2.25ms
	CoreWorkerService.grpc_server.GetCoreWorkerStats - 56 total (0 active), Execution time: mean = 0.16ms, total = 9.03ms, Queueing time: mean = 0.00ms, max = -0.00ms, min = 9223372036854.78ms, total = 0.00ms
	CoreWorkerService.grpc_server.GetCoreWorkerStats.HandleRequestImpl - 56 total (0 active), Execution time: mean = 0.03ms, total = 1.56ms, Queueing time: mean = 0.02ms, max = 0.05ms, min = 0.01ms, total = 1.07ms
	CoreWorker.PrintEventStats - 14 total (1 active, 1 running), Execution time: mean = 0.15ms, total = 2.10ms, Queueing time: mean = 0.01ms, max = 0.03ms, min = 0.01ms, total = 0.17ms
	PeriodicalRunner.RunFnPeriodically - 8 total (0 active), Execution time: mean = 0.01ms, total = 0.11ms, Queueing time: mean = 0.07ms, max = 0.11ms, min = 0.01ms, total = 0.53ms
	Publisher.CheckDeadSubscribers - 3 total (1 active), Execution time: mean = 0.00ms, total = 0.00ms, Queueing time: mean = 0.01ms, max = 0.03ms, min = 0.01ms, total = 0.04ms
	ray::rpc::WorkerInfoGcsService.grpc_client.AddWorkerInfo.OnReplyReceived - 1 total (0 active), Execution time: mean = 0.01ms, total = 0.01ms, Queueing time: mean = 0.01ms, max = 0.01ms, min = 0.01ms, total = 0.01ms
	ray::rpc::WorkerInfoGcsService.grpc_client.AddWorkerInfo - 1 total (0 active), Execution time: mean = 0.31ms, total = 0.31ms, Queueing time: mean = 0.00ms, max = -0.00ms, min = 9223372036854.78ms, total = 0.00ms

-----------------
Task execution event stats:

Global stats: 83867 total (1 active)
Queueing time: mean = 0.01ms, max = 1.10ms, min = -0.02ms, total = 1233.42ms
Execution time:  mean = 0.00ms, total = 175.79ms
Event stats:
	CoreWorker.CheckSignal - 83866 total (1 active), Execution time: mean = 0.00ms, total = 175.78ms, Queueing time: mean = 0.01ms, max = 1.10ms, min = -0.02ms, total = 1233.42ms
	PeriodicalRunner.RunFnPeriodically - 1 total (0 active), Execution time: mean = 0.01ms, total = 0.01ms, Queueing time: mean = 0.00ms, max = 0.00ms, min = 0.00ms, total = 0.00ms

-----------------
Task Event stats:

IO Service Stats:

Global stats: 841 total (1 active)
Queueing time: mean = 0.02ms, max = 0.14ms, min = -0.05ms, total = 17.92ms
Execution time:  mean = 0.01ms, total = 6.69ms
Event stats:
	CoreWorker.deadline_timer.flush_task_events - 840 total (1 active), Execution time: mean = 0.01ms, total = 6.67ms, Queueing time: mean = 0.02ms, max = 0.14ms, min = -0.05ms, total = 17.92ms
	PeriodicalRunner.RunFnPeriodically - 1 total (0 active), Execution time: mean = 0.02ms, total = 0.02ms, Queueing time: mean = 0.01ms, max = 0.01ms, min = 0.01ms, total = 0.01ms
Other Stats:
	gcs_grpc_in_progress:0
	event_aggregator_grpc_in_progress:0
	current number of task status events in buffer: 0
	current number of profile events in buffer: 0
	current number of dropped task attempts tracked: 0
	total task events sent: 0 MiB
	total number of task attempts sent: 0
	total number of task attempts dropped reported: 0
	total number of sent failure: 0
	num status task events dropped: 0
	num profile task events dropped: 0
	num ray task events reported to aggregator: 0
	num ray task events failed to report to aggregator: 0
	num of task attempts dropped reported to aggregator: 0
	num of failed requests to aggregator: 0

