[2026-09-04 00:58:09,011 I 1526 1526] core_worker_process.cc:868: Constructing CoreWorkerProcess. pid: 1526
[2026-09-04 00:58:09,014 I 1526 1526] event.cc:499: Ray Event initialized for CORE_WORKER
[2026-09-04 00:58:09,016 I 1526 1526] event.cc:499: Ray Event initialized for EXPORT_TASK
[2026-09-04 00:58:09,016 I 1526 1526] event.cc:332: Set ray event level to warning
[2026-09-04 00:58:09,018 I 1526 1526] grpc_server.cc:144: worker server started, listening on port 20016.
[2026-09-04 00:58:09,018 I 1526 1526] core_worker_process.cc:299: Initializing worker at address: 10.244.18.139:20016 worker_id=697056d184f9c5130ba5cc1c6f5151b4ca9155bf1d20819d2f3466af node_id=11215b0011fac4845f8eecab7d85f57fc12c4efc1ad3dce06ebdc204
[2026-09-04 00:58:09,019 I 1526 1526] task_event_buffer.cc:535: Reporting task events to GCS every 1000ms.
[2026-09-04 00:58:09,020 I 1526 1526] core_worker.cc:568: Adjusted worker niceness to 15
[2026-09-04 00:58:09,020 I 1526 2459] core_worker.cc:498: Event stats:


Global stats: 11 total (9 active)
Queueing time: mean = 0.00ms, max = 0.01ms, min = 0.01ms, total = 0.02ms
Execution time:  mean = 0.00ms, total = 0.01ms
Event stats:
	PeriodicalRunner.RunFnPeriodically - 8 total (6 active, 1 running), Execution time: mean = 0.00ms, total = 0.01ms, Queueing time: mean = 0.00ms, max = 0.01ms, min = 0.01ms, total = 0.02ms
	ray::rpc::WorkerInfoGcsService.grpc_client.AddWorkerInfo - 1 total (1 active), Execution time: mean = 0.00ms, total = 0.00ms, Queueing time: mean = 0.00ms, max = -0.00ms, min = 9223372036854.78ms, total = 0.00ms
	CoreWorker.ExitIfParentRayletDies - 1 total (1 active), Execution time: mean = 0.00ms, total = 0.00ms, Queueing time: mean = 0.00ms, max = -0.00ms, min = 9223372036854.78ms, total = 0.00ms
	Publisher.CheckDeadSubscribers - 1 total (1 active), Execution time: mean = 0.00ms, total = 0.00ms, Queueing time: mean = 0.00ms, max = -0.00ms, min = 9223372036854.78ms, total = 0.00ms

-----------------
Task execution event stats:

Global stats: 0 total (0 active)
Queueing time: mean = -nanms, max = -0.00ms, min = 9223372036854.78ms, total = 0.00ms
Execution time:  mean = -nanms, total = 0.00ms
Event stats:

-----------------
Task Event stats:

IO Service Stats:

Global stats: 2 total (1 active)
Queueing time: mean = 0.00ms, max = 0.01ms, min = 0.01ms, total = 0.01ms
Execution time:  mean = 0.01ms, total = 0.03ms
Event stats:
	PeriodicalRunner.RunFnPeriodically - 1 total (0 active), Execution time: mean = 0.03ms, total = 0.03ms, Queueing time: mean = 0.01ms, max = 0.01ms, min = 0.01ms, total = 0.01ms
	CoreWorker.deadline_timer.flush_task_events - 1 total (1 active), Execution time: mean = 0.00ms, total = 0.00ms, Queueing time: mean = 0.00ms, max = -0.00ms, min = 9223372036854.78ms, total = 0.00ms
Other Stats:
	gcs_grpc_in_progress:0
	event_aggregator_grpc_in_progress:0
	current number of task status events in buffer: 0
	current number of profile events in buffer: 0
	current number of dropped task attempts tracked: 0
	total task events sent: 0 MiB
	total number of task attempts sent: 0
	total number of task attempts dropped reported: 0
	total number of sent failure: 0
	num status task events dropped: 0
	num profile task events dropped: 0
	num ray task events reported to aggregator: 0
	num ray task events failed to report to aggregator: 0
	num of task attempts dropped reported to aggregator: 0
	num of failed requests to aggregator: 0

[2026-09-04 00:59:09,021 I 1526 2459] core_worker.cc:498: Event stats:


Global stats: 818 total (8 active)
Queueing time: mean = 0.02ms, max = 0.79ms, min = -0.01ms, total = 15.66ms
Execution time:  mean = 0.01ms, total = 4.15ms
Event stats:
	CoreWorker.RecoverObjects - 600 total (1 active), Execution time: mean = 0.00ms, total = 1.08ms, Queueing time: mean = 0.02ms, max = 0.06ms, min = -0.01ms, total = 9.52ms
	CoreWorker.InternalHeartbeat - 60 total (1 active), Execution time: mean = 0.00ms, total = 0.15ms, Queueing time: mean = 0.01ms, max = 0.03ms, min = 0.00ms, total = 0.32ms
	CoreWorker.ReportWorkerBacklog - 60 total (1 active), Execution time: mean = 0.00ms, total = 0.17ms, Queueing time: mean = 0.00ms, max = 0.03ms, min = 0.00ms, total = 0.29ms
	CoreWorker.ExitIfParentRayletDies - 60 total (1 active), Execution time: mean = 0.01ms, total = 0.37ms, Queueing time: mean = 0.01ms, max = 0.04ms, min = -0.01ms, total = 0.88ms
	CoreWorker.RecordMetrics - 12 total (1 active), Execution time: mean = 0.02ms, total = 0.22ms, Queueing time: mean = 0.00ms, max = 0.02ms, min = 0.00ms, total = 0.06ms
	PeriodicalRunner.RunFnPeriodically - 8 total (0 active), Execution time: mean = 0.10ms, total = 0.80ms, Queueing time: mean = 0.49ms, max = 0.79ms, min = 0.01ms, total = 3.93ms
	CoreWorker.TryDelPendingObjectRefStreams - 6 total (1 active), Execution time: mean = 0.00ms, total = 0.01ms, Queueing time: mean = 0.01ms, max = 0.02ms, min = 0.00ms, total = 0.05ms
	CoreWorkerService.grpc_server.GetCoreWorkerStats - 4 total (0 active), Execution time: mean = 0.20ms, total = 0.81ms, Queueing time: mean = 0.00ms, max = -0.00ms, min = 9223372036854.78ms, total = 0.00ms
	CoreWorkerService.grpc_server.GetCoreWorkerStats.HandleRequestImpl - 4 total (0 active), Execution time: mean = 0.06ms, total = 0.25ms, Queueing time: mean = 0.01ms, max = 0.02ms, min = 0.01ms, total = 0.06ms
	CoreWorker.PrintEventStats - 1 total (1 active, 1 running), Execution time: mean = 0.00ms, total = 0.00ms, Queueing time: mean = 0.00ms, max = -0.00ms, min = 9223372036854.78ms, total = 0.00ms
	ray::rpc::WorkerInfoGcsService.grpc_client.AddWorkerInfo - 1 total (0 active), Execution time: mean = 0.29ms, total = 0.29ms, Queueing time: mean = 0.00ms, max = -0.00ms, min = 9223372036854.78ms, total = 0.00ms
	ray::rpc::WorkerInfoGcsService.grpc_client.AddWorkerInfo.OnReplyReceived - 1 total (0 active), Execution time: mean = 0.02ms, total = 0.02ms, Queueing time: mean = 0.57ms, max = 0.57ms, min = 0.57ms, total = 0.57ms
	Publisher.CheckDeadSubscribers - 1 total (1 active), Execution time: mean = 0.00ms, total = 0.00ms, Queueing time: mean = 0.00ms, max = -0.00ms, min = 9223372036854.78ms, total = 0.00ms

-----------------
Task execution event stats:

Global stats: 5991 total (1 active)
Queueing time: mean = 0.02ms, max = 0.06ms, min = -0.01ms, total = 97.06ms
Execution time:  mean = 0.00ms, total = 11.80ms
Event stats:
	CoreWorker.CheckSignal - 5990 total (1 active), Execution time: mean = 0.00ms, total = 11.79ms, Queueing time: mean = 0.02ms, max = 0.06ms, min = -0.01ms, total = 97.06ms
	PeriodicalRunner.RunFnPeriodically - 1 total (0 active), Execution time: mean = 0.01ms, total = 0.01ms, Queueing time: mean = 0.00ms, max = 0.00ms, min = 0.00ms, total = 0.00ms

-----------------
Task Event stats:

IO Service Stats:

Global stats: 62 total (1 active)
Queueing time: mean = 0.02ms, max = 0.06ms, min = 0.01ms, total = 1.24ms
Execution time:  mean = 0.01ms, total = 0.48ms
Event stats:
	CoreWorker.deadline_timer.flush_task_events - 61 total (1 active), Execution time: mean = 0.01ms, total = 0.46ms, Queueing time: mean = 0.02ms, max = 0.06ms, min = 0.01ms, total = 1.23ms
	PeriodicalRunner.RunFnPeriodically - 1 total (0 active), Execution time: mean = 0.03ms, total = 0.03ms, Queueing time: mean = 0.01ms, max = 0.01ms, min = 0.01ms, total = 0.01ms
Other Stats:
	gcs_grpc_in_progress:0
	event_aggregator_grpc_in_progress:0
	current number of task status events in buffer: 0
	current number of profile events in buffer: 0
	current number of dropped task attempts tracked: 0
	total task events sent: 0 MiB
	total number of task attempts sent: 0
	total number of task attempts dropped reported: 0
	total number of sent failure: 0
	num status task events dropped: 0
	num profile task events dropped: 0
	num ray task events reported to aggregator: 0
	num ray task events failed to report to aggregator: 0
	num of task attempts dropped reported to aggregator: 0
	num of failed requests to aggregator: 0

[2026-09-04 01:00:09,021 I 1526 2459] core_worker.cc:498: Event stats:


Global stats: 1625 total (8 active)
Queueing time: mean = 0.02ms, max = 0.79ms, min = -0.01ms, total = 30.42ms
Execution time:  mean = 0.00ms, total = 8.00ms
Event stats:
	CoreWorker.RecoverObjects - 1200 total (1 active), Execution time: mean = 0.00ms, total = 2.51ms, Queueing time: mean = 0.02ms, max = 0.08ms, min = -0.01ms, total = 20.28ms
	CoreWorker.InternalHeartbeat - 120 total (1 active), Execution time: mean = 0.00ms, total = 0.31ms, Queueing time: mean = 0.01ms, max = 0.04ms, min = 0.00ms, total = 1.54ms
	CoreWorker.ReportWorkerBacklog - 120 total (1 active), Execution time: mean = 0.00ms, total = 0.44ms, Queueing time: mean = 0.01ms, max = 0.05ms, min = -0.01ms, total = 1.41ms
	CoreWorker.ExitIfParentRayletDies - 120 total (1 active), Execution time: mean = 0.01ms, total = 0.81ms, Queueing time: mean = 0.02ms, max = 0.04ms, min = -0.01ms, total = 1.83ms
	CoreWorker.RecordMetrics - 24 total (1 active), Execution time: mean = 0.02ms, total = 0.52ms, Queueing time: mean = 0.01ms, max = 0.11ms, min = 0.00ms, total = 0.29ms
	CoreWorker.TryDelPendingObjectRefStreams - 12 total (1 active), Execution time: mean = 0.00ms, total = 0.02ms, Queueing time: mean = 0.04ms, max = 0.33ms, min = 0.00ms, total = 0.44ms
	CoreWorkerService.grpc_server.GetCoreWorkerStats - 8 total (0 active), Execution time: mean = 0.20ms, total = 1.57ms, Queueing time: mean = 0.00ms, max = -0.00ms, min = 9223372036854.78ms, total = 0.00ms
	CoreWorkerService.grpc_server.GetCoreWorkerStats.HandleRequestImpl - 8 total (0 active), Execution time: mean = 0.04ms, total = 0.34ms, Queueing time: mean = 0.01ms, max = 0.02ms, min = 0.01ms, total = 0.11ms
	PeriodicalRunner.RunFnPeriodically - 8 total (0 active), Execution time: mean = 0.10ms, total = 0.80ms, Queueing time: mean = 0.49ms, max = 0.79ms, min = 0.01ms, total = 3.93ms
	CoreWorker.PrintEventStats - 2 total (1 active, 1 running), Execution time: mean = 0.19ms, total = 0.37ms, Queueing time: mean = 0.01ms, max = 0.02ms, min = 0.02ms, total = 0.02ms
	ray::rpc::WorkerInfoGcsService.grpc_client.AddWorkerInfo - 1 total (0 active), Execution time: mean = 0.29ms, total = 0.29ms, Queueing time: mean = 0.00ms, max = -0.00ms, min = 9223372036854.78ms, total = 0.00ms
	ray::rpc::WorkerInfoGcsService.grpc_client.AddWorkerInfo.OnReplyReceived - 1 total (0 active), Execution time: mean = 0.02ms, total = 0.02ms, Queueing time: mean = 0.57ms, max = 0.57ms, min = 0.57ms, total = 0.57ms
	Publisher.CheckDeadSubscribers - 1 total (1 active), Execution time: mean = 0.00ms, total = 0.00ms, Queueing time: mean = 0.00ms, max = -0.00ms, min = 9223372036854.78ms, total = 0.00ms

-----------------
Task execution event stats:

Global stats: 11981 total (1 active)
Queueing time: mean = 0.02ms, max = 0.08ms, min = -0.01ms, total = 190.23ms
Execution time:  mean = 0.00ms, total = 25.80ms
Event stats:
	CoreWorker.CheckSignal - 11980 total (1 active), Execution time: mean = 0.00ms, total = 25.79ms, Queueing time: mean = 0.02ms, max = 0.08ms, min = -0.01ms, total = 190.23ms
	PeriodicalRunner.RunFnPeriodically - 1 total (0 active), Execution time: mean = 0.01ms, total = 0.01ms, Queueing time: mean = 0.00ms, max = 0.00ms, min = 0.00ms, total = 0.00ms

-----------------
Task Event stats:

IO Service Stats:

Global stats: 121 total (1 active)
Queueing time: mean = 0.02ms, max = 0.06ms, min = 0.01ms, total = 2.66ms
Execution time:  mean = 0.01ms, total = 0.97ms
Event stats:
	CoreWorker.deadline_timer.flush_task_events - 120 total (1 active), Execution time: mean = 0.01ms, total = 0.95ms, Queueing time: mean = 0.02ms, max = 0.06ms, min = 0.01ms, total = 2.65ms
	PeriodicalRunner.RunFnPeriodically - 1 total (0 active), Execution time: mean = 0.03ms, total = 0.03ms, Queueing time: mean = 0.01ms, max = 0.01ms, min = 0.01ms, total = 0.01ms
Other Stats:
	gcs_grpc_in_progress:0
	event_aggregator_grpc_in_progress:0
	current number of task status events in buffer: 0
	current number of profile events in buffer: 0
	current number of dropped task attempts tracked: 0
	total task events sent: 0 MiB
	total number of task attempts sent: 0
	total number of task attempts dropped reported: 0
	total number of sent failure: 0
	num status task events dropped: 0
	num profile task events dropped: 0
	num ray task events reported to aggregator: 0
	num ray task events failed to report to aggregator: 0
	num of task attempts dropped reported to aggregator: 0
	num of failed requests to aggregator: 0

[2026-09-04 01:01:09,021 I 1526 2459] core_worker.cc:498: Event stats:


Global stats: 2432 total (8 active)
Queueing time: mean = 0.02ms, max = 0.79ms, min = -0.01ms, total = 42.71ms
Execution time:  mean = 0.00ms, total = 11.06ms
Event stats:
	CoreWorker.RecoverObjects - 1800 total (1 active), Execution time: mean = 0.00ms, total = 3.69ms, Queueing time: mean = 0.02ms, max = 0.08ms, min = -0.01ms, total = 29.36ms
	CoreWorker.InternalHeartbeat - 180 total (1 active), Execution time: mean = 0.00ms, total = 0.46ms, Queueing time: mean = 0.01ms, max = 0.05ms, min = 0.00ms, total = 2.58ms
	CoreWorker.ReportWorkerBacklog - 180 total (1 active), Execution time: mean = 0.00ms, total = 0.62ms, Queueing time: mean = 0.01ms, max = 0.05ms, min = -0.01ms, total = 2.42ms
	CoreWorker.ExitIfParentRayletDies - 180 total (1 active), Execution time: mean = 0.01ms, total = 1.21ms, Queueing time: mean = 0.01ms, max = 0.04ms, min = -0.01ms, total = 2.64ms
	CoreWorker.RecordMetrics - 36 total (1 active), Execution time: mean = 0.02ms, total = 0.76ms, Queueing time: mean = 0.01ms, max = 0.11ms, min = 0.00ms, total = 0.41ms
	CoreWorker.TryDelPendingObjectRefStreams - 18 total (1 active), Execution time: mean = 0.00ms, total = 0.03ms, Queueing time: mean = 0.03ms, max = 0.33ms, min = 0.00ms, total = 0.60ms
	CoreWorkerService.grpc_server.GetCoreWorkerStats - 12 total (0 active), Execution time: mean = 0.18ms, total = 2.21ms, Queueing time: mean = 0.00ms, max = -0.00ms, min = 9223372036854.78ms, total = 0.00ms
	CoreWorkerService.grpc_server.GetCoreWorkerStats.HandleRequestImpl - 12 total (0 active), Execution time: mean = 0.04ms, total = 0.43ms, Queueing time: mean = 0.01ms, max = 0.02ms, min = 0.01ms, total = 0.18ms
	PeriodicalRunner.RunFnPeriodically - 8 total (0 active), Execution time: mean = 0.10ms, total = 0.80ms, Queueing time: mean = 0.49ms, max = 0.79ms, min = 0.01ms, total = 3.93ms
	CoreWorker.PrintEventStats - 3 total (1 active, 1 running), Execution time: mean = 0.18ms, total = 0.54ms, Queueing time: mean = 0.01ms, max = 0.02ms, min = 0.01ms, total = 0.03ms
	ray::rpc::WorkerInfoGcsService.grpc_client.AddWorkerInfo - 1 total (0 active), Execution time: mean = 0.29ms, total = 0.29ms, Queueing time: mean = 0.00ms, max = -0.00ms, min = 9223372036854.78ms, total = 0.00ms
	ray::rpc::WorkerInfoGcsService.grpc_client.AddWorkerInfo.OnReplyReceived - 1 total (0 active), Execution time: mean = 0.02ms, total = 0.02ms, Queueing time: mean = 0.57ms, max = 0.57ms, min = 0.57ms, total = 0.57ms
	Publisher.CheckDeadSubscribers - 1 total (1 active), Execution time: mean = 0.00ms, total = 0.00ms, Queueing time: mean = 0.00ms, max = -0.00ms, min = 9223372036854.78ms, total = 0.00ms

-----------------
Task execution event stats:

Global stats: 17972 total (1 active)
Queueing time: mean = 0.01ms, max = 0.08ms, min = -0.01ms, total = 263.01ms
Execution time:  mean = 0.00ms, total = 40.18ms
Event stats:
	CoreWorker.CheckSignal - 17971 total (1 active), Execution time: mean = 0.00ms, total = 40.18ms, Queueing time: mean = 0.01ms, max = 0.08ms, min = -0.01ms, total = 263.00ms
	PeriodicalRunner.RunFnPeriodically - 1 total (0 active), Execution time: mean = 0.01ms, total = 0.01ms, Queueing time: mean = 0.00ms, max = 0.00ms, min = 0.00ms, total = 0.00ms

-----------------
Task Event stats:

IO Service Stats:

Global stats: 181 total (1 active)
Queueing time: mean = 0.02ms, max = 0.06ms, min = -0.01ms, total = 4.03ms
Execution time:  mean = 0.01ms, total = 1.51ms
Event stats:
	CoreWorker.deadline_timer.flush_task_events - 180 total (1 active), Execution time: mean = 0.01ms, total = 1.48ms, Queueing time: mean = 0.02ms, max = 0.06ms, min = -0.01ms, total = 4.03ms
	PeriodicalRunner.RunFnPeriodically - 1 total (0 active), Execution time: mean = 0.03ms, total = 0.03ms, Queueing time: mean = 0.01ms, max = 0.01ms, min = 0.01ms, total = 0.01ms
Other Stats:
	gcs_grpc_in_progress:0
	event_aggregator_grpc_in_progress:0
	current number of task status events in buffer: 0
	current number of profile events in buffer: 0
	current number of dropped task attempts tracked: 0
	total task events sent: 0 MiB
	total number of task attempts sent: 0
	total number of task attempts dropped reported: 0
	total number of sent failure: 0
	num status task events dropped: 0
	num profile task events dropped: 0
	num ray task events reported to aggregator: 0
	num ray task events failed to report to aggregator: 0
	num of task attempts dropped reported to aggregator: 0
	num of failed requests to aggregator: 0

[2026-09-04 01:02:09,021 I 1526 2459] core_worker.cc:498: Event stats:


Global stats: 3239 total (8 active)
Queueing time: mean = 0.02ms, max = 0.79ms, min = -0.01ms, total = 58.67ms
Execution time:  mean = 0.00ms, total = 14.53ms
Event stats:
	CoreWorker.RecoverObjects - 2400 total (1 active), Execution time: mean = 0.00ms, total = 5.19ms, Queueing time: mean = 0.02ms, max = 0.08ms, min = -0.01ms, total = 40.65ms
	CoreWorker.InternalHeartbeat - 240 total (1 active), Execution time: mean = 0.00ms, total = 0.61ms, Queueing time: mean = 0.02ms, max = 0.07ms, min = 0.00ms, total = 4.03ms
	CoreWorker.ReportWorkerBacklog - 240 total (1 active), Execution time: mean = 0.00ms, total = 0.82ms, Queueing time: mean = 0.02ms, max = 0.07ms, min = -0.01ms, total = 3.83ms
	CoreWorker.ExitIfParentRayletDies - 240 total (1 active), Execution time: mean = 0.01ms, total = 1.56ms, Queueing time: mean = 0.02ms, max = 0.07ms, min = -0.01ms, total = 3.90ms
	CoreWorker.RecordMetrics - 48 total (1 active), Execution time: mean = 0.02ms, total = 1.05ms, Queueing time: mean = 0.01ms, max = 0.11ms, min = 0.00ms, total = 0.58ms
	CoreWorker.TryDelPendingObjectRefStreams - 24 total (1 active), Execution time: mean = 0.00ms, total = 0.05ms, Queueing time: mean = 0.04ms, max = 0.33ms, min = 0.00ms, total = 0.88ms
	CoreWorkerService.grpc_server.GetCoreWorkerStats - 16 total (0 active), Execution time: mean = 0.18ms, total = 2.93ms, Queueing time: mean = 0.00ms, max = -0.00ms, min = 9223372036854.78ms, total = 0.00ms
	CoreWorkerService.grpc_server.GetCoreWorkerStats.HandleRequestImpl - 16 total (0 active), Execution time: mean = 0.03ms, total = 0.50ms, Queueing time: mean = 0.02ms, max = 0.02ms, min = 0.01ms, total = 0.24ms
	PeriodicalRunner.RunFnPeriodically - 8 total (0 active), Execution time: mean = 0.10ms, total = 0.80ms, Queueing time: mean = 0.49ms, max = 0.79ms, min = 0.01ms, total = 3.93ms
	CoreWorker.PrintEventStats - 4 total (1 active, 1 running), Execution time: mean = 0.18ms, total = 0.72ms, Queueing time: mean = 0.01ms, max = 0.02ms, min = 0.01ms, total = 0.06ms
	ray::rpc::WorkerInfoGcsService.grpc_client.AddWorkerInfo - 1 total (0 active), Execution time: mean = 0.29ms, total = 0.29ms, Queueing time: mean = 0.00ms, max = -0.00ms, min = 9223372036854.78ms, total = 0.00ms
	ray::rpc::WorkerInfoGcsService.grpc_client.AddWorkerInfo.OnReplyReceived - 1 total (0 active), Execution time: mean = 0.02ms, total = 0.02ms, Queueing time: mean = 0.57ms, max = 0.57ms, min = 0.57ms, total = 0.57ms
	Publisher.CheckDeadSubscribers - 1 total (1 active), Execution time: mean = 0.00ms, total = 0.00ms, Queueing time: mean = 0.00ms, max = -0.00ms, min = 9223372036854.78ms, total = 0.00ms

-----------------
Task execution event stats:

Global stats: 23960 total (1 active)
Queueing time: mean = 0.02ms, max = 0.67ms, min = -0.01ms, total = 381.06ms
Execution time:  mean = 0.00ms, total = 58.84ms
Event stats:
	CoreWorker.CheckSignal - 23959 total (1 active), Execution time: mean = 0.00ms, total = 58.84ms, Queueing time: mean = 0.02ms, max = 0.67ms, min = -0.01ms, total = 381.06ms
	PeriodicalRunner.RunFnPeriodically - 1 total (0 active), Execution time: mean = 0.01ms, total = 0.01ms, Queueing time: mean = 0.00ms, max = 0.00ms, min = 0.00ms, total = 0.00ms

-----------------
Task Event stats:

IO Service Stats:

Global stats: 241 total (1 active)
Queueing time: mean = 0.02ms, max = 0.06ms, min = -0.01ms, total = 5.74ms
Execution time:  mean = 0.01ms, total = 2.10ms
Event stats:
	CoreWorker.deadline_timer.flush_task_events - 240 total (1 active), Execution time: mean = 0.01ms, total = 2.08ms, Queueing time: mean = 0.02ms, max = 0.06ms, min = -0.01ms, total = 5.74ms
	PeriodicalRunner.RunFnPeriodically - 1 total (0 active), Execution time: mean = 0.03ms, total = 0.03ms, Queueing time: mean = 0.01ms, max = 0.01ms, min = 0.01ms, total = 0.01ms
Other Stats:
	gcs_grpc_in_progress:0
	event_aggregator_grpc_in_progress:0
	current number of task status events in buffer: 0
	current number of profile events in buffer: 0
	current number of dropped task attempts tracked: 0
	total task events sent: 0 MiB
	total number of task attempts sent: 0
	total number of task attempts dropped reported: 0
	total number of sent failure: 0
	num status task events dropped: 0
	num profile task events dropped: 0
	num ray task events reported to aggregator: 0
	num ray task events failed to report to aggregator: 0
	num of task attempts dropped reported to aggregator: 0
	num of failed requests to aggregator: 0

[2026-09-04 01:03:09,021 I 1526 2459] core_worker.cc:498: Event stats:


Global stats: 4047 total (8 active)
Queueing time: mean = 0.02ms, max = 0.79ms, min = -0.01ms, total = 74.43ms
Execution time:  mean = 0.00ms, total = 17.97ms
Event stats:
	CoreWorker.RecoverObjects - 3000 total (1 active), Execution time: mean = 0.00ms, total = 6.53ms, Queueing time: mean = 0.02ms, max = 0.60ms, min = -0.01ms, total = 52.00ms
	CoreWorker.InternalHeartbeat - 300 total (1 active), Execution time: mean = 0.00ms, total = 0.78ms, Queueing time: mean = 0.02ms, max = 0.07ms, min = 0.00ms, total = 5.41ms
	CoreWorker.ReportWorkerBacklog - 300 total (1 active), Execution time: mean = 0.00ms, total = 1.04ms, Queueing time: mean = 0.02ms, max = 0.07ms, min = -0.01ms, total = 5.17ms
	CoreWorker.ExitIfParentRayletDies - 300 total (1 active), Execution time: mean = 0.01ms, total = 1.93ms, Queueing time: mean = 0.02ms, max = 0.07ms, min = -0.01ms, total = 5.09ms
	CoreWorker.RecordMetrics - 60 total (1 active), Execution time: mean = 0.02ms, total = 1.37ms, Queueing time: mean = 0.01ms, max = 0.11ms, min = 0.00ms, total = 0.79ms
	CoreWorker.TryDelPendingObjectRefStreams - 30 total (1 active), Execution time: mean = 0.00ms, total = 0.06ms, Queueing time: mean = 0.04ms, max = 0.33ms, min = 0.00ms, total = 1.08ms
	CoreWorkerService.grpc_server.GetCoreWorkerStats - 20 total (0 active), Execution time: mean = 0.18ms, total = 3.64ms, Queueing time: mean = 0.00ms, max = -0.00ms, min = 9223372036854.78ms, total = 0.00ms
	CoreWorkerService.grpc_server.GetCoreWorkerStats.HandleRequestImpl - 20 total (0 active), Execution time: mean = 0.03ms, total = 0.61ms, Queueing time: mean = 0.02ms, max = 0.02ms, min = 0.01ms, total = 0.30ms
	PeriodicalRunner.RunFnPeriodically - 8 total (0 active), Execution time: mean = 0.10ms, total = 0.80ms, Queueing time: mean = 0.49ms, max = 0.79ms, min = 0.01ms, total = 3.93ms
	CoreWorker.PrintEventStats - 5 total (1 active, 1 running), Execution time: mean = 0.18ms, total = 0.91ms, Queueing time: mean = 0.02ms, max = 0.02ms, min = 0.01ms, total = 0.08ms
	Publisher.CheckDeadSubscribers - 2 total (1 active), Execution time: mean = 0.00ms, total = 0.00ms, Queueing time: mean = 0.01ms, max = 0.01ms, min = 0.01ms, total = 0.01ms
	ray::rpc::WorkerInfoGcsService.grpc_client.AddWorkerInfo - 1 total (0 active), Execution time: mean = 0.29ms, total = 0.29ms, Queueing time: mean = 0.00ms, max = -0.00ms, min = 9223372036854.78ms, total = 0.00ms
	ray::rpc::WorkerInfoGcsService.grpc_client.AddWorkerInfo.OnReplyReceived - 1 total (0 active), Execution time: mean = 0.02ms, total = 0.02ms, Queueing time: mean = 0.57ms, max = 0.57ms, min = 0.57ms, total = 0.57ms

-----------------
Task execution event stats:

Global stats: 29948 total (1 active)
Queueing time: mean = 0.02ms, max = 0.67ms, min = -0.02ms, total = 484.74ms
Execution time:  mean = 0.00ms, total = 72.66ms
Event stats:
	CoreWorker.CheckSignal - 29947 total (1 active), Execution time: mean = 0.00ms, total = 72.65ms, Queueing time: mean = 0.02ms, max = 0.67ms, min = -0.02ms, total = 484.74ms
	PeriodicalRunner.RunFnPeriodically - 1 total (0 active), Execution time: mean = 0.01ms, total = 0.01ms, Queueing time: mean = 0.00ms, max = 0.00ms, min = 0.00ms, total = 0.00ms

-----------------
Task Event stats:

IO Service Stats:

Global stats: 301 total (1 active)
Queueing time: mean = 0.02ms, max = 0.06ms, min = -0.01ms, total = 7.38ms
Execution time:  mean = 0.01ms, total = 2.64ms
Event stats:
	CoreWorker.deadline_timer.flush_task_events - 300 total (1 active), Execution time: mean = 0.01ms, total = 2.61ms, Queueing time: mean = 0.02ms, max = 0.06ms, min = -0.01ms, total = 7.38ms
	PeriodicalRunner.RunFnPeriodically - 1 total (0 active), Execution time: mean = 0.03ms, total = 0.03ms, Queueing time: mean = 0.01ms, max = 0.01ms, min = 0.01ms, total = 0.01ms
Other Stats:
	gcs_grpc_in_progress:0
	event_aggregator_grpc_in_progress:0
	current number of task status events in buffer: 0
	current number of profile events in buffer: 0
	current number of dropped task attempts tracked: 0
	total task events sent: 0 MiB
	total number of task attempts sent: 0
	total number of task attempts dropped reported: 0
	total number of sent failure: 0
	num status task events dropped: 0
	num profile task events dropped: 0
	num ray task events reported to aggregator: 0
	num ray task events failed to report to aggregator: 0
	num of task attempts dropped reported to aggregator: 0
	num of failed requests to aggregator: 0

[2026-09-04 01:04:09,022 I 1526 2459] core_worker.cc:498: Event stats:


Global stats: 4854 total (8 active)
Queueing time: mean = 0.02ms, max = 0.79ms, min = -0.01ms, total = 86.69ms
Execution time:  mean = 0.00ms, total = 21.19ms
Event stats:
	CoreWorker.RecoverObjects - 3600 total (1 active), Execution time: mean = 0.00ms, total = 7.67ms, Queueing time: mean = 0.02ms, max = 0.60ms, min = -0.01ms, total = 61.27ms
	CoreWorker.InternalHeartbeat - 360 total (1 active), Execution time: mean = 0.00ms, total = 0.99ms, Queueing time: mean = 0.02ms, max = 0.07ms, min = 0.00ms, total = 6.38ms
	CoreWorker.ReportWorkerBacklog - 360 total (1 active), Execution time: mean = 0.00ms, total = 1.30ms, Queueing time: mean = 0.02ms, max = 0.07ms, min = -0.01ms, total = 6.09ms
	CoreWorker.ExitIfParentRayletDies - 360 total (1 active), Execution time: mean = 0.01ms, total = 2.36ms, Queueing time: mean = 0.02ms, max = 0.07ms, min = -0.01ms, total = 5.86ms
	CoreWorker.RecordMetrics - 72 total (1 active), Execution time: mean = 0.02ms, total = 1.64ms, Queueing time: mean = 0.01ms, max = 0.11ms, min = 0.00ms, total = 0.95ms
	CoreWorker.TryDelPendingObjectRefStreams - 36 total (1 active), Execution time: mean = 0.00ms, total = 0.07ms, Queueing time: mean = 0.03ms, max = 0.33ms, min = 0.00ms, total = 1.15ms
	CoreWorkerService.grpc_server.GetCoreWorkerStats - 24 total (0 active), Execution time: mean = 0.18ms, total = 4.31ms, Queueing time: mean = 0.00ms, max = -0.00ms, min = 9223372036854.78ms, total = 0.00ms
	CoreWorkerService.grpc_server.GetCoreWorkerStats.HandleRequestImpl - 24 total (0 active), Execution time: mean = 0.03ms, total = 0.69ms, Queueing time: mean = 0.02ms, max = 0.03ms, min = 0.01ms, total = 0.39ms
	PeriodicalRunner.RunFnPeriodically - 8 total (0 active), Execution time: mean = 0.10ms, total = 0.80ms, Queueing time: mean = 0.49ms, max = 0.79ms, min = 0.01ms, total = 3.93ms
	CoreWorker.PrintEventStats - 6 total (1 active, 1 running), Execution time: mean = 0.18ms, total = 1.05ms, Queueing time: mean = 0.01ms, max = 0.02ms, min = 0.01ms, total = 0.09ms
	Publisher.CheckDeadSubscribers - 2 total (1 active), Execution time: mean = 0.00ms, total = 0.00ms, Queueing time: mean = 0.01ms, max = 0.01ms, min = 0.01ms, total = 0.01ms
	ray::rpc::WorkerInfoGcsService.grpc_client.AddWorkerInfo - 1 total (0 active), Execution time: mean = 0.29ms, total = 0.29ms, Queueing time: mean = 0.00ms, max = -0.00ms, min = 9223372036854.78ms, total = 0.00ms
	ray::rpc::WorkerInfoGcsService.grpc_client.AddWorkerInfo.OnReplyReceived - 1 total (0 active), Execution time: mean = 0.02ms, total = 0.02ms, Queueing time: mean = 0.57ms, max = 0.57ms, min = 0.57ms, total = 0.57ms

-----------------
Task execution event stats:

Global stats: 35940 total (1 active)
Queueing time: mean = 0.02ms, max = 1.18ms, min = -0.02ms, total = 561.57ms
Execution time:  mean = 0.00ms, total = 81.29ms
Event stats:
	CoreWorker.CheckSignal - 35939 total (1 active), Execution time: mean = 0.00ms, total = 81.28ms, Queueing time: mean = 0.02ms, max = 1.18ms, min = -0.02ms, total = 561.57ms
	PeriodicalRunner.RunFnPeriodically - 1 total (0 active), Execution time: mean = 0.01ms, total = 0.01ms, Queueing time: mean = 0.00ms, max = 0.00ms, min = 0.00ms, total = 0.00ms

-----------------
Task Event stats:

IO Service Stats:

Global stats: 361 total (1 active)
Queueing time: mean = 0.02ms, max = 0.06ms, min = -0.01ms, total = 8.93ms
Execution time:  mean = 0.01ms, total = 3.15ms
Event stats:
	CoreWorker.deadline_timer.flush_task_events - 360 total (1 active), Execution time: mean = 0.01ms, total = 3.13ms, Queueing time: mean = 0.02ms, max = 0.06ms, min = -0.01ms, total = 8.92ms
	PeriodicalRunner.RunFnPeriodically - 1 total (0 active), Execution time: mean = 0.03ms, total = 0.03ms, Queueing time: mean = 0.01ms, max = 0.01ms, min = 0.01ms, total = 0.01ms
Other Stats:
	gcs_grpc_in_progress:0
	event_aggregator_grpc_in_progress:0
	current number of task status events in buffer: 0
	current number of profile events in buffer: 0
	current number of dropped task attempts tracked: 0
	total task events sent: 0 MiB
	total number of task attempts sent: 0
	total number of task attempts dropped reported: 0
	total number of sent failure: 0
	num status task events dropped: 0
	num profile task events dropped: 0
	num ray task events reported to aggregator: 0
	num ray task events failed to report to aggregator: 0
	num of task attempts dropped reported to aggregator: 0
	num of failed requests to aggregator: 0

[2026-09-04 01:05:09,022 I 1526 2459] core_worker.cc:498: Event stats:


Global stats: 5661 total (8 active)
Queueing time: mean = 0.02ms, max = 0.79ms, min = -0.01ms, total = 100.44ms
Execution time:  mean = 0.00ms, total = 24.58ms
Event stats:
	CoreWorker.RecoverObjects - 4200 total (1 active), Execution time: mean = 0.00ms, total = 8.84ms, Queueing time: mean = 0.02ms, max = 0.60ms, min = -0.01ms, total = 71.32ms
	CoreWorker.InternalHeartbeat - 420 total (1 active), Execution time: mean = 0.00ms, total = 1.17ms, Queueing time: mean = 0.02ms, max = 0.08ms, min = 0.00ms, total = 7.58ms
	CoreWorker.ReportWorkerBacklog - 420 total (1 active), Execution time: mean = 0.00ms, total = 1.54ms, Queueing time: mean = 0.02ms, max = 0.09ms, min = -0.01ms, total = 7.23ms
	CoreWorker.ExitIfParentRayletDies - 420 total (1 active), Execution time: mean = 0.01ms, total = 2.79ms, Queueing time: mean = 0.02ms, max = 0.07ms, min = -0.01ms, total = 6.81ms
	CoreWorker.RecordMetrics - 84 total (1 active), Execution time: mean = 0.02ms, total = 1.94ms, Queueing time: mean = 0.01ms, max = 0.11ms, min = 0.00ms, total = 1.09ms
	CoreWorker.TryDelPendingObjectRefStreams - 42 total (1 active), Execution time: mean = 0.00ms, total = 0.08ms, Queueing time: mean = 0.03ms, max = 0.33ms, min = 0.00ms, total = 1.31ms
	CoreWorkerService.grpc_server.GetCoreWorkerStats - 28 total (0 active), Execution time: mean = 0.18ms, total = 5.10ms, Queueing time: mean = 0.00ms, max = -0.00ms, min = 9223372036854.78ms, total = 0.00ms
	CoreWorkerService.grpc_server.GetCoreWorkerStats.HandleRequestImpl - 28 total (0 active), Execution time: mean = 0.03ms, total = 0.78ms, Queueing time: mean = 0.02ms, max = 0.04ms, min = 0.01ms, total = 0.49ms
	PeriodicalRunner.RunFnPeriodically - 8 total (0 active), Execution time: mean = 0.10ms, total = 0.80ms, Queueing time: mean = 0.49ms, max = 0.79ms, min = 0.01ms, total = 3.93ms
	CoreWorker.PrintEventStats - 7 total (1 active, 1 running), Execution time: mean = 0.17ms, total = 1.22ms, Queueing time: mean = 0.01ms, max = 0.02ms, min = 0.01ms, total = 0.10ms
	Publisher.CheckDeadSubscribers - 2 total (1 active), Execution time: mean = 0.00ms, total = 0.00ms, Queueing time: mean = 0.01ms, max = 0.01ms, min = 0.01ms, total = 0.01ms
	ray::rpc::WorkerInfoGcsService.grpc_client.AddWorkerInfo - 1 total (0 active), Execution time: mean = 0.29ms, total = 0.29ms, Queueing time: mean = 0.00ms, max = -0.00ms, min = 9223372036854.78ms, total = 0.00ms
	ray::rpc::WorkerInfoGcsService.grpc_client.AddWorkerInfo.OnReplyReceived - 1 total (0 active), Execution time: mean = 0.02ms, total = 0.02ms, Queueing time: mean = 0.57ms, max = 0.57ms, min = 0.57ms, total = 0.57ms

-----------------
Task execution event stats:

Global stats: 41931 total (1 active)
Queueing time: mean = 0.02ms, max = 1.18ms, min = -0.02ms, total = 643.98ms
Execution time:  mean = 0.00ms, total = 90.24ms
Event stats:
	CoreWorker.CheckSignal - 41930 total (1 active), Execution time: mean = 0.00ms, total = 90.23ms, Queueing time: mean = 0.02ms, max = 1.18ms, min = -0.02ms, total = 643.97ms
	PeriodicalRunner.RunFnPeriodically - 1 total (0 active), Execution time: mean = 0.01ms, total = 0.01ms, Queueing time: mean = 0.00ms, max = 0.00ms, min = 0.00ms, total = 0.00ms

-----------------
Task Event stats:

IO Service Stats:

Global stats: 421 total (1 active)
Queueing time: mean = 0.02ms, max = 0.06ms, min = -0.01ms, total = 10.32ms
Execution time:  mean = 0.01ms, total = 3.64ms
Event stats:
	CoreWorker.deadline_timer.flush_task_events - 420 total (1 active), Execution time: mean = 0.01ms, total = 3.62ms, Queueing time: mean = 0.02ms, max = 0.06ms, min = -0.01ms, total = 10.31ms
	PeriodicalRunner.RunFnPeriodically - 1 total (0 active), Execution time: mean = 0.03ms, total = 0.03ms, Queueing time: mean = 0.01ms, max = 0.01ms, min = 0.01ms, total = 0.01ms
Other Stats:
	gcs_grpc_in_progress:0
	event_aggregator_grpc_in_progress:0
	current number of task status events in buffer: 0
	current number of profile events in buffer: 0
	current number of dropped task attempts tracked: 0
	total task events sent: 0 MiB
	total number of task attempts sent: 0
	total number of task attempts dropped reported: 0
	total number of sent failure: 0
	num status task events dropped: 0
	num profile task events dropped: 0
	num ray task events reported to aggregator: 0
	num ray task events failed to report to aggregator: 0
	num of task attempts dropped reported to aggregator: 0
	num of failed requests to aggregator: 0

[2026-09-04 01:06:09,022 I 1526 2459] core_worker.cc:498: Event stats:


Global stats: 6468 total (8 active)
Queueing time: mean = 0.02ms, max = 0.79ms, min = -0.01ms, total = 112.95ms
Execution time:  mean = 0.00ms, total = 27.88ms
Event stats:
	CoreWorker.RecoverObjects - 4800 total (1 active), Execution time: mean = 0.00ms, total = 10.03ms, Queueing time: mean = 0.02ms, max = 0.60ms, min = -0.01ms, total = 80.45ms
	CoreWorker.InternalHeartbeat - 480 total (1 active), Execution time: mean = 0.00ms, total = 1.36ms, Queueing time: mean = 0.02ms, max = 0.08ms, min = 0.00ms, total = 8.65ms
	CoreWorker.ReportWorkerBacklog - 480 total (1 active), Execution time: mean = 0.00ms, total = 1.78ms, Queueing time: mean = 0.02ms, max = 0.09ms, min = -0.01ms, total = 8.27ms
	CoreWorker.ExitIfParentRayletDies - 480 total (1 active), Execution time: mean = 0.01ms, total = 3.21ms, Queueing time: mean = 0.02ms, max = 0.07ms, min = -0.01ms, total = 7.67ms
	CoreWorker.RecordMetrics - 96 total (1 active), Execution time: mean = 0.02ms, total = 2.24ms, Queueing time: mean = 0.01ms, max = 0.11ms, min = 0.00ms, total = 1.23ms
	CoreWorker.TryDelPendingObjectRefStreams - 48 total (1 active), Execution time: mean = 0.00ms, total = 0.10ms, Queueing time: mean = 0.03ms, max = 0.33ms, min = 0.00ms, total = 1.49ms
	CoreWorkerService.grpc_server.GetCoreWorkerStats - 32 total (0 active), Execution time: mean = 0.18ms, total = 5.79ms, Queueing time: mean = 0.00ms, max = -0.00ms, min = 9223372036854.78ms, total = 0.00ms
	CoreWorkerService.grpc_server.GetCoreWorkerStats.HandleRequestImpl - 32 total (0 active), Execution time: mean = 0.03ms, total = 0.86ms, Queueing time: mean = 0.02ms, max = 0.04ms, min = 0.01ms, total = 0.56ms
	CoreWorker.PrintEventStats - 8 total (1 active, 1 running), Execution time: mean = 0.18ms, total = 1.41ms, Queueing time: mean = 0.01ms, max = 0.02ms, min = 0.01ms, total = 0.12ms
	PeriodicalRunner.RunFnPeriodically - 8 total (0 active), Execution time: mean = 0.10ms, total = 0.80ms, Queueing time: mean = 0.49ms, max = 0.79ms, min = 0.01ms, total = 3.93ms
	Publisher.CheckDeadSubscribers - 2 total (1 active), Execution time: mean = 0.00ms, total = 0.00ms, Queueing time: mean = 0.01ms, max = 0.01ms, min = 0.01ms, total = 0.01ms
	ray::rpc::WorkerInfoGcsService.grpc_client.AddWorkerInfo - 1 total (0 active), Execution time: mean = 0.29ms, total = 0.29ms, Queueing time: mean = 0.00ms, max = -0.00ms, min = 9223372036854.78ms, total = 0.00ms
	ray::rpc::WorkerInfoGcsService.grpc_client.AddWorkerInfo.OnReplyReceived - 1 total (0 active), Execution time: mean = 0.02ms, total = 0.02ms, Queueing time: mean = 0.57ms, max = 0.57ms, min = 0.57ms, total = 0.57ms

-----------------
Task execution event stats:

Global stats: 47921 total (1 active)
Queueing time: mean = 0.02ms, max = 1.18ms, min = -0.04ms, total = 735.77ms
Execution time:  mean = 0.00ms, total = 101.38ms
Event stats:
	CoreWorker.CheckSignal - 47920 total (1 active), Execution time: mean = 0.00ms, total = 101.37ms, Queueing time: mean = 0.02ms, max = 1.18ms, min = -0.04ms, total = 735.77ms
	PeriodicalRunner.RunFnPeriodically - 1 total (0 active), Execution time: mean = 0.01ms, total = 0.01ms, Queueing time: mean = 0.00ms, max = 0.00ms, min = 0.00ms, total = 0.00ms

-----------------
Task Event stats:

IO Service Stats:

Global stats: 481 total (1 active)
Queueing time: mean = 0.02ms, max = 0.06ms, min = -0.01ms, total = 11.81ms
Execution time:  mean = 0.01ms, total = 4.13ms
Event stats:
	CoreWorker.deadline_timer.flush_task_events - 480 total (1 active), Execution time: mean = 0.01ms, total = 4.11ms, Queueing time: mean = 0.02ms, max = 0.06ms, min = -0.01ms, total = 11.80ms
	PeriodicalRunner.RunFnPeriodically - 1 total (0 active), Execution time: mean = 0.03ms, total = 0.03ms, Queueing time: mean = 0.01ms, max = 0.01ms, min = 0.01ms, total = 0.01ms
Other Stats:
	gcs_grpc_in_progress:0
	event_aggregator_grpc_in_progress:0
	current number of task status events in buffer: 0
	current number of profile events in buffer: 0
	current number of dropped task attempts tracked: 0
	total task events sent: 0 MiB
	total number of task attempts sent: 0
	total number of task attempts dropped reported: 0
	total number of sent failure: 0
	num status task events dropped: 0
	num profile task events dropped: 0
	num ray task events reported to aggregator: 0
	num ray task events failed to report to aggregator: 0
	num of task attempts dropped reported to aggregator: 0
	num of failed requests to aggregator: 0

[2026-09-04 01:07:09,022 I 1526 2459] core_worker.cc:498: Event stats:


Global stats: 7275 total (8 active)
Queueing time: mean = 0.02ms, max = 0.79ms, min = -0.01ms, total = 126.74ms
Execution time:  mean = 0.00ms, total = 31.95ms
Event stats:
	CoreWorker.RecoverObjects - 5400 total (1 active), Execution time: mean = 0.00ms, total = 11.64ms, Queueing time: mean = 0.02ms, max = 0.60ms, min = -0.01ms, total = 90.99ms
	CoreWorker.InternalHeartbeat - 540 total (1 active), Execution time: mean = 0.00ms, total = 1.63ms, Queueing time: mean = 0.02ms, max = 0.09ms, min = 0.00ms, total = 9.68ms
	CoreWorker.ReportWorkerBacklog - 540 total (1 active), Execution time: mean = 0.00ms, total = 2.07ms, Queueing time: mean = 0.02ms, max = 0.10ms, min = -0.01ms, total = 9.29ms
	CoreWorker.ExitIfParentRayletDies - 540 total (1 active), Execution time: mean = 0.01ms, total = 3.70ms, Queueing time: mean = 0.02ms, max = 0.07ms, min = -0.01ms, total = 8.49ms
	CoreWorker.RecordMetrics - 108 total (1 active), Execution time: mean = 0.02ms, total = 2.66ms, Queueing time: mean = 0.01ms, max = 0.11ms, min = 0.00ms, total = 1.37ms
	CoreWorker.TryDelPendingObjectRefStreams - 54 total (1 active), Execution time: mean = 0.00ms, total = 0.11ms, Queueing time: mean = 0.03ms, max = 0.33ms, min = 0.00ms, total = 1.69ms
	CoreWorkerService.grpc_server.GetCoreWorkerStats - 36 total (0 active), Execution time: mean = 0.18ms, total = 6.47ms, Queueing time: mean = 0.00ms, max = -0.00ms, min = 9223372036854.78ms, total = 0.00ms
	CoreWorkerService.grpc_server.GetCoreWorkerStats.HandleRequestImpl - 36 total (0 active), Execution time: mean = 0.03ms, total = 0.96ms, Queueing time: mean = 0.02ms, max = 0.04ms, min = 0.01ms, total = 0.61ms
	CoreWorker.PrintEventStats - 9 total (1 active, 1 running), Execution time: mean = 0.18ms, total = 1.62ms, Queueing time: mean = 0.01ms, max = 0.02ms, min = 0.00ms, total = 0.12ms
	PeriodicalRunner.RunFnPeriodically - 8 total (0 active), Execution time: mean = 0.10ms, total = 0.80ms, Queueing time: mean = 0.49ms, max = 0.79ms, min = 0.01ms, total = 3.93ms
	Publisher.CheckDeadSubscribers - 2 total (1 active), Execution time: mean = 0.00ms, total = 0.00ms, Queueing time: mean = 0.01ms, max = 0.01ms, min = 0.01ms, total = 0.01ms
	ray::rpc::WorkerInfoGcsService.grpc_client.AddWorkerInfo - 1 total (0 active), Execution time: mean = 0.29ms, total = 0.29ms, Queueing time: mean = 0.00ms, max = -0.00ms, min = 9223372036854.78ms, total = 0.00ms
	ray::rpc::WorkerInfoGcsService.grpc_client.AddWorkerInfo.OnReplyReceived - 1 total (0 active), Execution time: mean = 0.02ms, total = 0.02ms, Queueing time: mean = 0.57ms, max = 0.57ms, min = 0.57ms, total = 0.57ms

-----------------
Task execution event stats:

Global stats: 53911 total (1 active)
Queueing time: mean = 0.02ms, max = 1.18ms, min = -0.04ms, total = 831.00ms
Execution time:  mean = 0.00ms, total = 114.29ms
Event stats:
	CoreWorker.CheckSignal - 53910 total (1 active), Execution time: mean = 0.00ms, total = 114.29ms, Queueing time: mean = 0.02ms, max = 1.18ms, min = -0.04ms, total = 831.00ms
	PeriodicalRunner.RunFnPeriodically - 1 total (0 active), Execution time: mean = 0.01ms, total = 0.01ms, Queueing time: mean = 0.00ms, max = 0.00ms, min = 0.00ms, total = 0.00ms

-----------------
Task Event stats:

IO Service Stats:

Global stats: 541 total (1 active)
Queueing time: mean = 0.02ms, max = 0.08ms, min = -0.01ms, total = 13.42ms
Execution time:  mean = 0.01ms, total = 4.65ms
Event stats:
	CoreWorker.deadline_timer.flush_task_events - 540 total (1 active), Execution time: mean = 0.01ms, total = 4.62ms, Queueing time: mean = 0.02ms, max = 0.08ms, min = -0.01ms, total = 13.42ms
	PeriodicalRunner.RunFnPeriodically - 1 total (0 active), Execution time: mean = 0.03ms, total = 0.03ms, Queueing time: mean = 0.01ms, max = 0.01ms, min = 0.01ms, total = 0.01ms
Other Stats:
	gcs_grpc_in_progress:0
	event_aggregator_grpc_in_progress:0
	current number of task status events in buffer: 0
	current number of profile events in buffer: 0
	current number of dropped task attempts tracked: 0
	total task events sent: 0 MiB
	total number of task attempts sent: 0
	total number of task attempts dropped reported: 0
	total number of sent failure: 0
	num status task events dropped: 0
	num profile task events dropped: 0
	num ray task events reported to aggregator: 0
	num ray task events failed to report to aggregator: 0
	num of task attempts dropped reported to aggregator: 0
	num of failed requests to aggregator: 0

[2026-09-04 01:08:09,023 I 1526 2459] core_worker.cc:498: Event stats:


Global stats: 8082 total (8 active)
Queueing time: mean = 0.02ms, max = 0.79ms, min = -0.01ms, total = 142.82ms
Execution time:  mean = 0.00ms, total = 36.19ms
Event stats:
	CoreWorker.RecoverObjects - 5999 total (1 active), Execution time: mean = 0.00ms, total = 13.19ms, Queueing time: mean = 0.02ms, max = 0.60ms, min = -0.01ms, total = 102.82ms
	CoreWorker.InternalHeartbeat - 600 total (1 active), Execution time: mean = 0.00ms, total = 1.87ms, Queueing time: mean = 0.02ms, max = 0.09ms, min = 0.00ms, total = 10.96ms
	CoreWorker.ReportWorkerBacklog - 600 total (1 active), Execution time: mean = 0.00ms, total = 2.34ms, Queueing time: mean = 0.02ms, max = 0.10ms, min = -0.01ms, total = 10.55ms
	CoreWorker.ExitIfParentRayletDies - 600 total (1 active), Execution time: mean = 0.01ms, total = 4.13ms, Queueing time: mean = 0.02ms, max = 0.07ms, min = -0.01ms, total = 9.58ms
	CoreWorker.RecordMetrics - 120 total (1 active), Execution time: mean = 0.03ms, total = 3.06ms, Queueing time: mean = 0.01ms, max = 0.11ms, min = 0.00ms, total = 1.53ms
	CoreWorker.TryDelPendingObjectRefStreams - 60 total (1 active), Execution time: mean = 0.00ms, total = 0.13ms, Queueing time: mean = 0.03ms, max = 0.33ms, min = 0.00ms, total = 2.04ms
	CoreWorkerService.grpc_server.GetCoreWorkerStats - 40 total (0 active), Execution time: mean = 0.18ms, total = 7.34ms, Queueing time: mean = 0.00ms, max = -0.00ms, min = 9223372036854.78ms, total = 0.00ms
	CoreWorkerService.grpc_server.GetCoreWorkerStats.HandleRequestImpl - 40 total (0 active), Execution time: mean = 0.03ms, total = 1.08ms, Queueing time: mean = 0.02ms, max = 0.04ms, min = 0.01ms, total = 0.67ms
	CoreWorker.PrintEventStats - 10 total (1 active, 1 running), Execution time: mean = 0.19ms, total = 1.94ms, Queueing time: mean = 0.01ms, max = 0.02ms, min = 0.00ms, total = 0.13ms
	PeriodicalRunner.RunFnPeriodically - 8 total (0 active), Execution time: mean = 0.10ms, total = 0.80ms, Queueing time: mean = 0.49ms, max = 0.79ms, min = 0.01ms, total = 3.93ms
	Publisher.CheckDeadSubscribers - 3 total (1 active), Execution time: mean = 0.00ms, total = 0.01ms, Queueing time: mean = 0.02ms, max = 0.04ms, min = 0.01ms, total = 0.05ms
	ray::rpc::WorkerInfoGcsService.grpc_client.AddWorkerInfo - 1 total (0 active), Execution time: mean = 0.29ms, total = 0.29ms, Queueing time: mean = 0.00ms, max = -0.00ms, min = 9223372036854.78ms, total = 0.00ms
	ray::rpc::WorkerInfoGcsService.grpc_client.AddWorkerInfo.OnReplyReceived - 1 total (0 active), Execution time: mean = 0.02ms, total = 0.02ms, Queueing time: mean = 0.57ms, max = 0.57ms, min = 0.57ms, total = 0.57ms

-----------------
Task execution event stats:

Global stats: 59899 total (1 active)
Queueing time: mean = 0.02ms, max = 1.18ms, min = -0.04ms, total = 943.94ms
Execution time:  mean = 0.00ms, total = 130.98ms
Event stats:
	CoreWorker.CheckSignal - 59898 total (1 active), Execution time: mean = 0.00ms, total = 130.97ms, Queueing time: mean = 0.02ms, max = 1.18ms, min = -0.04ms, total = 943.94ms
	PeriodicalRunner.RunFnPeriodically - 1 total (0 active), Execution time: mean = 0.01ms, total = 0.01ms, Queueing time: mean = 0.00ms, max = 0.00ms, min = 0.00ms, total = 0.00ms

-----------------
Task Event stats:

IO Service Stats:

Global stats: 601 total (1 active)
Queueing time: mean = 0.03ms, max = 0.08ms, min = -0.01ms, total = 15.30ms
Execution time:  mean = 0.01ms, total = 5.29ms
Event stats:
	CoreWorker.deadline_timer.flush_task_events - 600 total (1 active), Execution time: mean = 0.01ms, total = 5.26ms, Queueing time: mean = 0.03ms, max = 0.08ms, min = -0.01ms, total = 15.30ms
	PeriodicalRunner.RunFnPeriodically - 1 total (0 active), Execution time: mean = 0.03ms, total = 0.03ms, Queueing time: mean = 0.01ms, max = 0.01ms, min = 0.01ms, total = 0.01ms
Other Stats:
	gcs_grpc_in_progress:0
	event_aggregator_grpc_in_progress:0
	current number of task status events in buffer: 0
	current number of profile events in buffer: 0
	current number of dropped task attempts tracked: 0
	total task events sent: 0 MiB
	total number of task attempts sent: 0
	total number of task attempts dropped reported: 0
	total number of sent failure: 0
	num status task events dropped: 0
	num profile task events dropped: 0
	num ray task events reported to aggregator: 0
	num ray task events failed to report to aggregator: 0
	num of task attempts dropped reported to aggregator: 0
	num of failed requests to aggregator: 0

[2026-09-04 01:09:09,023 I 1526 2459] core_worker.cc:498: Event stats:


Global stats: 8889 total (8 active)
Queueing time: mean = 0.02ms, max = 0.79ms, min = -0.01ms, total = 153.33ms
Execution time:  mean = 0.00ms, total = 39.62ms
Event stats:
	CoreWorker.RecoverObjects - 6599 total (1 active), Execution time: mean = 0.00ms, total = 14.40ms, Queueing time: mean = 0.02ms, max = 0.60ms, min = -0.01ms, total = 110.54ms
	CoreWorker.InternalHeartbeat - 660 total (1 active), Execution time: mean = 0.00ms, total = 2.05ms, Queueing time: mean = 0.02ms, max = 0.09ms, min = 0.00ms, total = 11.74ms
	CoreWorker.ReportWorkerBacklog - 660 total (1 active), Execution time: mean = 0.00ms, total = 2.55ms, Queueing time: mean = 0.02ms, max = 0.10ms, min = -0.01ms, total = 11.30ms
	CoreWorker.ExitIfParentRayletDies - 660 total (1 active), Execution time: mean = 0.01ms, total = 4.44ms, Queueing time: mean = 0.02ms, max = 0.07ms, min = -0.01ms, total = 10.24ms
	CoreWorker.RecordMetrics - 132 total (1 active), Execution time: mean = 0.03ms, total = 3.38ms, Queueing time: mean = 0.01ms, max = 0.11ms, min = 0.00ms, total = 1.72ms
	CoreWorker.TryDelPendingObjectRefStreams - 66 total (1 active), Execution time: mean = 0.00ms, total = 0.14ms, Queueing time: mean = 0.04ms, max = 0.33ms, min = 0.00ms, total = 2.37ms
	CoreWorkerService.grpc_server.GetCoreWorkerStats - 44 total (0 active), Execution time: mean = 0.18ms, total = 8.08ms, Queueing time: mean = 0.00ms, max = -0.00ms, min = 9223372036854.78ms, total = 0.00ms
	CoreWorkerService.grpc_server.GetCoreWorkerStats.HandleRequestImpl - 44 total (0 active), Execution time: mean = 0.03ms, total = 1.19ms, Queueing time: mean = 0.02ms, max = 0.04ms, min = 0.01ms, total = 0.75ms
	CoreWorker.PrintEventStats - 11 total (1 active, 1 running), Execution time: mean = 0.21ms, total = 2.28ms, Queueing time: mean = 0.01ms, max = 0.02ms, min = 0.00ms, total = 0.14ms
	PeriodicalRunner.RunFnPeriodically - 8 total (0 active), Execution time: mean = 0.10ms, total = 0.80ms, Queueing time: mean = 0.49ms, max = 0.79ms, min = 0.01ms, total = 3.93ms
	Publisher.CheckDeadSubscribers - 3 total (1 active), Execution time: mean = 0.00ms, total = 0.01ms, Queueing time: mean = 0.02ms, max = 0.04ms, min = 0.01ms, total = 0.05ms
	ray::rpc::WorkerInfoGcsService.grpc_client.AddWorkerInfo - 1 total (0 active), Execution time: mean = 0.29ms, total = 0.29ms, Queueing time: mean = 0.00ms, max = -0.00ms, min = 9223372036854.78ms, total = 0.00ms
	ray::rpc::WorkerInfoGcsService.grpc_client.AddWorkerInfo.OnReplyReceived - 1 total (0 active), Execution time: mean = 0.02ms, total = 0.02ms, Queueing time: mean = 0.57ms, max = 0.57ms, min = 0.57ms, total = 0.57ms

-----------------
Task execution event stats:

Global stats: 65891 total (1 active)
Queueing time: mean = 0.02ms, max = 1.18ms, min = -0.04ms, total = 1018.19ms
Execution time:  mean = 0.00ms, total = 140.56ms
Event stats:
	CoreWorker.CheckSignal - 65890 total (1 active), Execution time: mean = 0.00ms, total = 140.55ms, Queueing time: mean = 0.02ms, max = 1.18ms, min = -0.04ms, total = 1018.19ms
	PeriodicalRunner.RunFnPeriodically - 1 total (0 active), Execution time: mean = 0.01ms, total = 0.01ms, Queueing time: mean = 0.00ms, max = 0.00ms, min = 0.00ms, total = 0.00ms

-----------------
Task Event stats:

IO Service Stats:

Global stats: 661 total (1 active)
Queueing time: mean = 0.03ms, max = 0.08ms, min = -0.01ms, total = 16.73ms
Execution time:  mean = 0.01ms, total = 5.78ms
Event stats:
	CoreWorker.deadline_timer.flush_task_events - 660 total (1 active), Execution time: mean = 0.01ms, total = 5.75ms, Queueing time: mean = 0.03ms, max = 0.08ms, min = -0.01ms, total = 16.72ms
	PeriodicalRunner.RunFnPeriodically - 1 total (0 active), Execution time: mean = 0.03ms, total = 0.03ms, Queueing time: mean = 0.01ms, max = 0.01ms, min = 0.01ms, total = 0.01ms
Other Stats:
	gcs_grpc_in_progress:0
	event_aggregator_grpc_in_progress:0
	current number of task status events in buffer: 0
	current number of profile events in buffer: 0
	current number of dropped task attempts tracked: 0
	total task events sent: 0 MiB
	total number of task attempts sent: 0
	total number of task attempts dropped reported: 0
	total number of sent failure: 0
	num status task events dropped: 0
	num profile task events dropped: 0
	num ray task events reported to aggregator: 0
	num ray task events failed to report to aggregator: 0
	num of task attempts dropped reported to aggregator: 0
	num of failed requests to aggregator: 0

[2026-09-04 01:10:09,023 I 1526 2459] core_worker.cc:498: Event stats:


Global stats: 9696 total (8 active)
Queueing time: mean = 0.02ms, max = 0.79ms, min = -0.01ms, total = 165.83ms
Execution time:  mean = 0.00ms, total = 42.90ms
Event stats:
	CoreWorker.RecoverObjects - 7199 total (1 active), Execution time: mean = 0.00ms, total = 15.56ms, Queueing time: mean = 0.02ms, max = 0.60ms, min = -0.01ms, total = 119.81ms
	CoreWorker.InternalHeartbeat - 720 total (1 active), Execution time: mean = 0.00ms, total = 2.23ms, Queueing time: mean = 0.02ms, max = 0.09ms, min = 0.00ms, total = 12.75ms
	CoreWorker.ReportWorkerBacklog - 720 total (1 active), Execution time: mean = 0.00ms, total = 2.75ms, Queueing time: mean = 0.02ms, max = 0.10ms, min = -0.01ms, total = 12.29ms
	CoreWorker.ExitIfParentRayletDies - 720 total (1 active), Execution time: mean = 0.01ms, total = 4.76ms, Queueing time: mean = 0.02ms, max = 0.07ms, min = -0.01ms, total = 11.11ms
	CoreWorker.RecordMetrics - 144 total (1 active), Execution time: mean = 0.03ms, total = 3.65ms, Queueing time: mean = 0.01ms, max = 0.11ms, min = 0.00ms, total = 1.86ms
	CoreWorker.TryDelPendingObjectRefStreams - 72 total (1 active), Execution time: mean = 0.00ms, total = 0.15ms, Queueing time: mean = 0.03ms, max = 0.33ms, min = 0.00ms, total = 2.50ms
	CoreWorkerService.grpc_server.GetCoreWorkerStats - 48 total (0 active), Execution time: mean = 0.19ms, total = 8.92ms, Queueing time: mean = 0.00ms, max = -0.00ms, min = 9223372036854.78ms, total = 0.00ms
	CoreWorkerService.grpc_server.GetCoreWorkerStats.HandleRequestImpl - 48 total (0 active), Execution time: mean = 0.03ms, total = 1.31ms, Queueing time: mean = 0.02ms, max = 0.04ms, min = 0.01ms, total = 0.83ms
	CoreWorker.PrintEventStats - 12 total (1 active, 1 running), Execution time: mean = 0.20ms, total = 2.45ms, Queueing time: mean = 0.01ms, max = 0.02ms, min = 0.00ms, total = 0.15ms
	PeriodicalRunner.RunFnPeriodically - 8 total (0 active), Execution time: mean = 0.10ms, total = 0.80ms, Queueing time: mean = 0.49ms, max = 0.79ms, min = 0.01ms, total = 3.93ms
	Publisher.CheckDeadSubscribers - 3 total (1 active), Execution time: mean = 0.00ms, total = 0.01ms, Queueing time: mean = 0.02ms, max = 0.04ms, min = 0.01ms, total = 0.05ms
	ray::rpc::WorkerInfoGcsService.grpc_client.AddWorkerInfo - 1 total (0 active), Execution time: mean = 0.29ms, total = 0.29ms, Queueing time: mean = 0.00ms, max = -0.00ms, min = 9223372036854.78ms, total = 0.00ms
	ray::rpc::WorkerInfoGcsService.grpc_client.AddWorkerInfo.OnReplyReceived - 1 total (0 active), Execution time: mean = 0.02ms, total = 0.02ms, Queueing time: mean = 0.57ms, max = 0.57ms, min = 0.57ms, total = 0.57ms

-----------------
Task execution event stats:

Global stats: 71882 total (1 active)
Queueing time: mean = 0.02ms, max = 1.18ms, min = -0.04ms, total = 1095.41ms
Execution time:  mean = 0.00ms, total = 150.80ms
Event stats:
	CoreWorker.CheckSignal - 71881 total (1 active), Execution time: mean = 0.00ms, total = 150.80ms, Queueing time: mean = 0.02ms, max = 1.18ms, min = -0.04ms, total = 1095.41ms
	PeriodicalRunner.RunFnPeriodically - 1 total (0 active), Execution time: mean = 0.01ms, total = 0.01ms, Queueing time: mean = 0.00ms, max = 0.00ms, min = 0.00ms, total = 0.00ms

-----------------
Task Event stats:

IO Service Stats:

Global stats: 721 total (1 active)
Queueing time: mean = 0.03ms, max = 0.08ms, min = -0.01ms, total = 18.34ms
Execution time:  mean = 0.01ms, total = 6.30ms
Event stats:
	CoreWorker.deadline_timer.flush_task_events - 720 total (1 active), Execution time: mean = 0.01ms, total = 6.28ms, Queueing time: mean = 0.03ms, max = 0.08ms, min = -0.01ms, total = 18.33ms
	PeriodicalRunner.RunFnPeriodically - 1 total (0 active), Execution time: mean = 0.03ms, total = 0.03ms, Queueing time: mean = 0.01ms, max = 0.01ms, min = 0.01ms, total = 0.01ms
Other Stats:
	gcs_grpc_in_progress:0
	event_aggregator_grpc_in_progress:0
	current number of task status events in buffer: 0
	current number of profile events in buffer: 0
	current number of dropped task attempts tracked: 0
	total task events sent: 0 MiB
	total number of task attempts sent: 0
	total number of task attempts dropped reported: 0
	total number of sent failure: 0
	num status task events dropped: 0
	num profile task events dropped: 0
	num ray task events reported to aggregator: 0
	num ray task events failed to report to aggregator: 0
	num of task attempts dropped reported to aggregator: 0
	num of failed requests to aggregator: 0

[2026-09-04 01:11:09,023 I 1526 2459] core_worker.cc:498: Event stats:


Global stats: 10503 total (8 active)
Queueing time: mean = 0.02ms, max = 0.79ms, min = -0.01ms, total = 176.78ms
Execution time:  mean = 0.00ms, total = 46.09ms
Event stats:
	CoreWorker.RecoverObjects - 7799 total (1 active), Execution time: mean = 0.00ms, total = 16.53ms, Queueing time: mean = 0.02ms, max = 0.60ms, min = -0.01ms, total = 127.62ms
	CoreWorker.InternalHeartbeat - 780 total (1 active), Execution time: mean = 0.00ms, total = 2.39ms, Queueing time: mean = 0.02ms, max = 0.09ms, min = 0.00ms, total = 13.62ms
	CoreWorker.ReportWorkerBacklog - 780 total (1 active), Execution time: mean = 0.00ms, total = 2.96ms, Queueing time: mean = 0.02ms, max = 0.10ms, min = -0.01ms, total = 13.13ms
	CoreWorker.ExitIfParentRayletDies - 780 total (1 active), Execution time: mean = 0.01ms, total = 5.05ms, Queueing time: mean = 0.02ms, max = 0.07ms, min = -0.01ms, total = 11.86ms
	CoreWorker.RecordMetrics - 156 total (1 active), Execution time: mean = 0.03ms, total = 3.98ms, Queueing time: mean = 0.01ms, max = 0.11ms, min = 0.00ms, total = 1.99ms
	CoreWorker.TryDelPendingObjectRefStreams - 78 total (1 active), Execution time: mean = 0.00ms, total = 0.17ms, Queueing time: mean = 0.04ms, max = 0.33ms, min = 0.00ms, total = 2.91ms
	CoreWorkerService.grpc_server.GetCoreWorkerStats - 52 total (0 active), Execution time: mean = 0.19ms, total = 9.69ms, Queueing time: mean = 0.00ms, max = -0.00ms, min = 9223372036854.78ms, total = 0.00ms
	CoreWorkerService.grpc_server.GetCoreWorkerStats.HandleRequestImpl - 52 total (0 active), Execution time: mean = 0.03ms, total = 1.42ms, Queueing time: mean = 0.02ms, max = 0.04ms, min = 0.01ms, total = 0.92ms
	CoreWorker.PrintEventStats - 13 total (1 active, 1 running), Execution time: mean = 0.21ms, total = 2.79ms, Queueing time: mean = 0.01ms, max = 0.03ms, min = 0.00ms, total = 0.18ms
	PeriodicalRunner.RunFnPeriodically - 8 total (0 active), Execution time: mean = 0.10ms, total = 0.80ms, Queueing time: mean = 0.49ms, max = 0.79ms, min = 0.01ms, total = 3.93ms
	Publisher.CheckDeadSubscribers - 3 total (1 active), Execution time: mean = 0.00ms, total = 0.01ms, Queueing time: mean = 0.02ms, max = 0.04ms, min = 0.01ms, total = 0.05ms
	ray::rpc::WorkerInfoGcsService.grpc_client.AddWorkerInfo - 1 total (0 active), Execution time: mean = 0.29ms, total = 0.29ms, Queueing time: mean = 0.00ms, max = -0.00ms, min = 9223372036854.78ms, total = 0.00ms
	ray::rpc::WorkerInfoGcsService.grpc_client.AddWorkerInfo.OnReplyReceived - 1 total (0 active), Execution time: mean = 0.02ms, total = 0.02ms, Queueing time: mean = 0.57ms, max = 0.57ms, min = 0.57ms, total = 0.57ms

-----------------
Task execution event stats:

Global stats: 77875 total (1 active)
Queueing time: mean = 0.01ms, max = 1.18ms, min = -0.04ms, total = 1159.31ms
Execution time:  mean = 0.00ms, total = 159.82ms
Event stats:
	CoreWorker.CheckSignal - 77874 total (1 active), Execution time: mean = 0.00ms, total = 159.81ms, Queueing time: mean = 0.01ms, max = 1.18ms, min = -0.04ms, total = 1159.31ms
	PeriodicalRunner.RunFnPeriodically - 1 total (0 active), Execution time: mean = 0.01ms, total = 0.01ms, Queueing time: mean = 0.00ms, max = 0.00ms, min = 0.00ms, total = 0.00ms

-----------------
Task Event stats:

IO Service Stats:

Global stats: 781 total (1 active)
Queueing time: mean = 0.03ms, max = 0.08ms, min = -0.01ms, total = 19.77ms
Execution time:  mean = 0.01ms, total = 6.80ms
Event stats:
	CoreWorker.deadline_timer.flush_task_events - 780 total (1 active), Execution time: mean = 0.01ms, total = 6.78ms, Queueing time: mean = 0.03ms, max = 0.08ms, min = -0.01ms, total = 19.77ms
	PeriodicalRunner.RunFnPeriodically - 1 total (0 active), Execution time: mean = 0.03ms, total = 0.03ms, Queueing time: mean = 0.01ms, max = 0.01ms, min = 0.01ms, total = 0.01ms
Other Stats:
	gcs_grpc_in_progress:0
	event_aggregator_grpc_in_progress:0
	current number of task status events in buffer: 0
	current number of profile events in buffer: 0
	current number of dropped task attempts tracked: 0
	total task events sent: 0 MiB
	total number of task attempts sent: 0
	total number of task attempts dropped reported: 0
	total number of sent failure: 0
	num status task events dropped: 0
	num profile task events dropped: 0
	num ray task events reported to aggregator: 0
	num ray task events failed to report to aggregator: 0
	num of task attempts dropped reported to aggregator: 0
	num of failed requests to aggregator: 0

[2026-09-04 01:12:09,024 I 1526 2459] core_worker.cc:498: Event stats:


Global stats: 11310 total (8 active)
Queueing time: mean = 0.02ms, max = 0.79ms, min = -0.01ms, total = 190.65ms
Execution time:  mean = 0.00ms, total = 49.95ms
Event stats:
	CoreWorker.RecoverObjects - 8399 total (1 active), Execution time: mean = 0.00ms, total = 17.94ms, Queueing time: mean = 0.02ms, max = 0.60ms, min = -0.01ms, total = 137.62ms
	CoreWorker.InternalHeartbeat - 840 total (1 active), Execution time: mean = 0.00ms, total = 2.61ms, Queueing time: mean = 0.02ms, max = 0.10ms, min = 0.00ms, total = 14.82ms
	CoreWorker.ReportWorkerBacklog - 840 total (1 active), Execution time: mean = 0.00ms, total = 3.22ms, Queueing time: mean = 0.02ms, max = 0.10ms, min = -0.01ms, total = 14.30ms
	CoreWorker.ExitIfParentRayletDies - 840 total (1 active), Execution time: mean = 0.01ms, total = 5.44ms, Queueing time: mean = 0.02ms, max = 0.09ms, min = -0.01ms, total = 12.91ms
	CoreWorker.RecordMetrics - 168 total (1 active), Execution time: mean = 0.03ms, total = 4.30ms, Queueing time: mean = 0.01ms, max = 0.11ms, min = 0.00ms, total = 2.17ms
	CoreWorker.TryDelPendingObjectRefStreams - 84 total (1 active), Execution time: mean = 0.00ms, total = 0.18ms, Queueing time: mean = 0.04ms, max = 0.33ms, min = 0.00ms, total = 3.07ms
	CoreWorkerService.grpc_server.GetCoreWorkerStats - 56 total (0 active), Execution time: mean = 0.19ms, total = 10.61ms, Queueing time: mean = 0.00ms, max = -0.00ms, min = 9223372036854.78ms, total = 0.00ms
	CoreWorkerService.grpc_server.GetCoreWorkerStats.HandleRequestImpl - 56 total (0 active), Execution time: mean = 0.03ms, total = 1.60ms, Queueing time: mean = 0.02ms, max = 0.07ms, min = 0.01ms, total = 1.04ms
	CoreWorker.PrintEventStats - 14 total (1 active, 1 running), Execution time: mean = 0.21ms, total = 2.95ms, Queueing time: mean = 0.01ms, max = 0.03ms, min = 0.00ms, total = 0.19ms
	PeriodicalRunner.RunFnPeriodically - 8 total (0 active), Execution time: mean = 0.10ms, total = 0.80ms, Queueing time: mean = 0.49ms, max = 0.79ms, min = 0.01ms, total = 3.93ms
	Publisher.CheckDeadSubscribers - 3 total (1 active), Execution time: mean = 0.00ms, total = 0.01ms, Queueing time: mean = 0.02ms, max = 0.04ms, min = 0.01ms, total = 0.05ms
	ray::rpc::WorkerInfoGcsService.grpc_client.AddWorkerInfo - 1 total (0 active), Execution time: mean = 0.29ms, total = 0.29ms, Queueing time: mean = 0.00ms, max = -0.00ms, min = 9223372036854.78ms, total = 0.00ms
	ray::rpc::WorkerInfoGcsService.grpc_client.AddWorkerInfo.OnReplyReceived - 1 total (0 active), Execution time: mean = 0.02ms, total = 0.02ms, Queueing time: mean = 0.57ms, max = 0.57ms, min = 0.57ms, total = 0.57ms

-----------------
Task execution event stats:

Global stats: 83867 total (1 active)
Queueing time: mean = 0.01ms, max = 1.95ms, min = -0.04ms, total = 1242.39ms
Execution time:  mean = 0.00ms, total = 169.69ms
Event stats:
	CoreWorker.CheckSignal - 83866 total (1 active), Execution time: mean = 0.00ms, total = 169.68ms, Queueing time: mean = 0.01ms, max = 1.95ms, min = -0.04ms, total = 1242.38ms
	PeriodicalRunner.RunFnPeriodically - 1 total (0 active), Execution time: mean = 0.01ms, total = 0.01ms, Queueing time: mean = 0.00ms, max = 0.00ms, min = 0.00ms, total = 0.00ms

-----------------
Task Event stats:

IO Service Stats:

Global stats: 841 total (1 active)
Queueing time: mean = 0.03ms, max = 0.08ms, min = -0.01ms, total = 21.23ms
Execution time:  mean = 0.01ms, total = 7.33ms
Event stats:
	CoreWorker.deadline_timer.flush_task_events - 840 total (1 active), Execution time: mean = 0.01ms, total = 7.31ms, Queueing time: mean = 0.03ms, max = 0.08ms, min = -0.01ms, total = 21.22ms
	PeriodicalRunner.RunFnPeriodically - 1 total (0 active), Execution time: mean = 0.03ms, total = 0.03ms, Queueing time: mean = 0.01ms, max = 0.01ms, min = 0.01ms, total = 0.01ms
Other Stats:
	gcs_grpc_in_progress:0
	event_aggregator_grpc_in_progress:0
	current number of task status events in buffer: 0
	current number of profile events in buffer: 0
	current number of dropped task attempts tracked: 0
	total task events sent: 0 MiB
	total number of task attempts sent: 0
	total number of task attempts dropped reported: 0
	total number of sent failure: 0
	num status task events dropped: 0
	num profile task events dropped: 0
	num ray task events reported to aggregator: 0
	num ray task events failed to report to aggregator: 0
	num of task attempts dropped reported to aggregator: 0
	num of failed requests to aggregator: 0

