[2026-09-04 01:00:04,506 I 7662 7662] core_worker_process.cc:868: Constructing CoreWorkerProcess. pid: 7662
[2026-09-04 01:00:04,508 I 7662 7662] event.cc:499: Ray Event initialized for CORE_WORKER
[2026-09-04 01:00:04,508 I 7662 7662] event.cc:499: Ray Event initialized for EXPORT_TASK
[2026-09-04 01:00:04,508 I 7662 7662] event.cc:332: Set ray event level to warning
[2026-09-04 01:00:04,509 I 7662 7662] grpc_server.cc:144: worker server started, listening on port 20073.
[2026-09-04 01:00:04,510 I 7662 7662] core_worker_process.cc:299: Initializing worker at address: 10.244.18.139:20073 worker_id=a8d44b500b291f6e8245aabfdab1f43f1323c0e8f32d5d2ca9852bc1 node_id=11215b0011fac4845f8eecab7d85f57fc12c4efc1ad3dce06ebdc204
[2026-09-04 01:00:04,510 I 7662 7662] task_event_buffer.cc:535: Reporting task events to GCS every 1000ms.
[2026-09-04 01:00:04,510 I 7662 7662] core_worker.cc:568: Adjusted worker niceness to 15
[2026-09-04 01:00:04,511 I 7662 7696] core_worker.cc:498: Event stats:


Global stats: 11 total (9 active)
Queueing time: mean = 0.00ms, max = 0.01ms, min = 0.01ms, total = 0.02ms
Execution time:  mean = 0.00ms, total = 0.01ms
Event stats:
	PeriodicalRunner.RunFnPeriodically - 8 total (6 active, 1 running), Execution time: mean = 0.00ms, total = 0.01ms, Queueing time: mean = 0.00ms, max = 0.01ms, min = 0.01ms, total = 0.02ms
	Publisher.CheckDeadSubscribers - 1 total (1 active), Execution time: mean = 0.00ms, total = 0.00ms, Queueing time: mean = 0.00ms, max = -0.00ms, min = 9223372036854.78ms, total = 0.00ms
	ray::rpc::WorkerInfoGcsService.grpc_client.AddWorkerInfo - 1 total (1 active), Execution time: mean = 0.00ms, total = 0.00ms, Queueing time: mean = 0.00ms, max = -0.00ms, min = 9223372036854.78ms, total = 0.00ms
	CoreWorker.ExitIfParentRayletDies - 1 total (1 active), Execution time: mean = 0.00ms, total = 0.00ms, Queueing time: mean = 0.00ms, max = -0.00ms, min = 9223372036854.78ms, total = 0.00ms

-----------------
Task execution event stats:

Global stats: 0 total (0 active)
Queueing time: mean = -nanms, max = -0.00ms, min = 9223372036854.78ms, total = 0.00ms
Execution time:  mean = -nanms, total = 0.00ms
Event stats:

-----------------
Task Event stats:

IO Service Stats:

Global stats: 2 total (1 active)
Queueing time: mean = 0.00ms, max = 0.01ms, min = 0.01ms, total = 0.01ms
Execution time:  mean = 0.01ms, total = 0.03ms
Event stats:
	PeriodicalRunner.RunFnPeriodically - 1 total (0 active), Execution time: mean = 0.03ms, total = 0.03ms, Queueing time: mean = 0.01ms, max = 0.01ms, min = 0.01ms, total = 0.01ms
	CoreWorker.deadline_timer.flush_task_events - 1 total (1 active), Execution time: mean = 0.00ms, total = 0.00ms, Queueing time: mean = 0.00ms, max = -0.00ms, min = 9223372036854.78ms, total = 0.00ms
Other Stats:
	gcs_grpc_in_progress:0
	event_aggregator_grpc_in_progress:0
	current number of task status events in buffer: 0
	current number of profile events in buffer: 0
	current number of dropped task attempts tracked: 0
	total task events sent: 0 MiB
	total number of task attempts sent: 0
	total number of task attempts dropped reported: 0
	total number of sent failure: 0
	num status task events dropped: 0
	num profile task events dropped: 0
	num ray task events reported to aggregator: 0
	num ray task events failed to report to aggregator: 0
	num of task attempts dropped reported to aggregator: 0
	num of failed requests to aggregator: 0

[2026-09-04 01:00:04,512 I 7662 7662] actor_task_submitter.cc:75: Set actor max pending calls to -1 actor_id=b07b35e9c0d983fa410b13f801000000
[2026-09-04 01:00:04,512 I 7662 7662] core_worker.cc:3112: Creating actor actor_id=b07b35e9c0d983fa410b13f801000000
[2026-09-04 01:00:25,140 I 7662 7662] task_receiver.cc:117: Actor creation task finished, task_id: ffffffffffffffffb07b35e9c0d983fa410b13f801000000, actor_id: b07b35e9c0d983fa410b13f801000000, actor_repr_name: 
[2026-09-04 01:01:04,511 I 7662 7696] core_worker.cc:498: Event stats:


Global stats: 823 total (9 active)
Queueing time: mean = 0.01ms, max = 0.45ms, min = 0.00ms, total = 12.09ms
Execution time:  mean = 25.07ms, total = 20633.40ms
Event stats:
	CoreWorker.RecoverObjects - 600 total (1 active), Execution time: mean = 0.00ms, total = 1.18ms, Queueing time: mean = 0.01ms, max = 0.04ms, min = 0.00ms, total = 8.42ms
	CoreWorker.ExitIfParentRayletDies - 60 total (1 active), Execution time: mean = 0.01ms, total = 0.36ms, Queueing time: mean = 0.01ms, max = 0.04ms, min = 0.00ms, total = 0.89ms
	CoreWorker.ReportWorkerBacklog - 60 total (1 active), Execution time: mean = 0.00ms, total = 0.17ms, Queueing time: mean = 0.02ms, max = 0.44ms, min = 0.00ms, total = 0.98ms
	CoreWorker.InternalHeartbeat - 60 total (1 active), Execution time: mean = 0.00ms, total = 0.17ms, Queueing time: mean = 0.02ms, max = 0.45ms, min = 0.00ms, total = 0.98ms
	CoreWorker.RecordMetrics - 12 total (1 active), Execution time: mean = 0.08ms, total = 0.92ms, Queueing time: mean = 0.00ms, max = 0.01ms, min = 0.00ms, total = 0.05ms
	PeriodicalRunner.RunFnPeriodically - 8 total (0 active), Execution time: mean = 0.02ms, total = 0.12ms, Queueing time: mean = 0.07ms, max = 0.12ms, min = 0.01ms, total = 0.55ms
	CoreWorker.TryDelPendingObjectRefStreams - 6 total (1 active), Execution time: mean = 0.00ms, total = 0.01ms, Queueing time: mean = 0.01ms, max = 0.02ms, min = 0.01ms, total = 0.07ms
	CoreWorkerService.grpc_server.GetCoreWorkerStats.HandleRequestImpl - 4 total (0 active), Execution time: mean = 0.09ms, total = 0.37ms, Queueing time: mean = 0.03ms, max = 0.04ms, min = 0.02ms, total = 0.12ms
	CoreWorkerService.grpc_server.GetCoreWorkerStats - 4 total (0 active), Execution time: mean = 0.32ms, total = 1.26ms, Queueing time: mean = 0.00ms, max = -0.00ms, min = 9223372036854.78ms, total = 0.00ms
	CoreWorkerService.grpc_server.PushTask.HandleRequestImpl - 2 total (0 active), Execution time: mean = 0.08ms, total = 0.15ms, Queueing time: mean = 0.01ms, max = 0.02ms, min = 0.01ms, total = 0.02ms
	CoreWorkerService.grpc_server.PushTask - 2 total (1 active), Execution time: mean = 10314.04ms, total = 20628.09ms, Queueing time: mean = 0.00ms, max = -0.00ms, min = 9223372036854.78ms, total = 0.00ms
	Publisher.PublishFailure.WORKER_OBJECT_LOCATIONS_CHANNEL - 1 total (0 active), Execution time: mean = 0.01ms, total = 0.01ms, Queueing time: mean = 0.00ms, max = 0.00ms, min = 0.00ms, total = 0.00ms
	CoreWorker.PrintEventStats - 1 total (1 active, 1 running), Execution time: mean = 0.00ms, total = 0.00ms, Queueing time: mean = 0.00ms, max = -0.00ms, min = 9223372036854.78ms, total = 0.00ms
	ray::rpc::WorkerInfoGcsService.grpc_client.AddWorkerInfo.OnReplyReceived - 1 total (0 active), Execution time: mean = 0.03ms, total = 0.03ms, Queueing time: mean = 0.01ms, max = 0.01ms, min = 0.01ms, total = 0.01ms
	Publisher.CheckDeadSubscribers - 1 total (1 active), Execution time: mean = 0.00ms, total = 0.00ms, Queueing time: mean = 0.00ms, max = -0.00ms, min = 9223372036854.78ms, total = 0.00ms
	ray::rpc::WorkerInfoGcsService.grpc_client.AddWorkerInfo - 1 total (0 active), Execution time: mean = 0.56ms, total = 0.56ms, Queueing time: mean = 0.00ms, max = -0.00ms, min = 9223372036854.78ms, total = 0.00ms

-----------------
Task execution event stats:

Global stats: 5 total (2 active)
Queueing time: mean = 4123.74ms, max = 20618.68ms, min = 0.00ms, total = 20618.68ms
Execution time:  mean = 4125.57ms, total = 20627.86ms
Event stats:
	CoreWorker.CheckSignal - 2 total (1 active), Execution time: mean = 0.00ms, total = 0.00ms, Queueing time: mean = 10309.34ms, max = 20618.68ms, min = 20618.68ms, total = 20618.68ms
	CoreWorker.HandlePushTaskActor - 1 total (1 active, 1 running), Execution time: mean = 0.00ms, total = 0.00ms, Queueing time: mean = 0.00ms, max = -0.00ms, min = 9223372036854.78ms, total = 0.00ms
	CoreWorker.HandlePushTask - 1 total (0 active), Execution time: mean = 20627.85ms, total = 20627.85ms, Queueing time: mean = 0.00ms, max = 0.00ms, min = 0.00ms, total = 0.00ms
	PeriodicalRunner.RunFnPeriodically - 1 total (0 active), Execution time: mean = 0.01ms, total = 0.01ms, Queueing time: mean = 0.00ms, max = 0.00ms, min = 0.00ms, total = 0.00ms

-----------------
Task Event stats:

IO Service Stats:

Global stats: 65 total (1 active)
Queueing time: mean = 0.02ms, max = 0.04ms, min = 0.01ms, total = 1.21ms
Execution time:  mean = 0.03ms, total = 2.02ms
Event stats:
	CoreWorker.deadline_timer.flush_task_events - 60 total (1 active), Execution time: mean = 0.02ms, total = 0.97ms, Queueing time: mean = 0.02ms, max = 0.04ms, min = 0.01ms, total = 1.17ms
	ray::rpc::TaskInfoGcsService.grpc_client.AddTaskEventData - 2 total (0 active), Execution time: mean = 0.49ms, total = 0.98ms, Queueing time: mean = 0.00ms, max = -0.00ms, min = 9223372036854.78ms, total = 0.00ms
	ray::rpc::TaskInfoGcsService.grpc_client.AddTaskEventData.OnReplyReceived - 2 total (0 active), Execution time: mean = 0.02ms, total = 0.05ms, Queueing time: mean = 0.02ms, max = 0.02ms, min = 0.02ms, total = 0.03ms
	PeriodicalRunner.RunFnPeriodically - 1 total (0 active), Execution time: mean = 0.03ms, total = 0.03ms, Queueing time: mean = 0.01ms, max = 0.01ms, min = 0.01ms, total = 0.01ms
Other Stats:
	gcs_grpc_in_progress:0
	event_aggregator_grpc_in_progress:0
	current number of task status events in buffer: 0
	current number of profile events in buffer: 0
	current number of dropped task attempts tracked: 0
	total task events sent: 0.00057888 MiB
	total number of task attempts sent: 3
	total number of task attempts dropped reported: 0
	total number of sent failure: 0
	num status task events dropped: 0
	num profile task events dropped: 0
	num ray task events reported to aggregator: 0
	num ray task events failed to report to aggregator: 0
	num of task attempts dropped reported to aggregator: 0
	num of failed requests to aggregator: 0

[2026-09-04 01:02:04,511 I 7662 7696] core_worker.cc:498: Event stats:


Global stats: 1630 total (8 active)
Queueing time: mean = 0.02ms, max = 0.45ms, min = 0.00ms, total = 27.61ms
Execution time:  mean = 37.69ms, total = 61430.22ms
Event stats:
	CoreWorker.RecoverObjects - 1200 total (1 active), Execution time: mean = 0.00ms, total = 2.67ms, Queueing time: mean = 0.02ms, max = 0.07ms, min = 0.00ms, total = 20.08ms
	CoreWorker.ExitIfParentRayletDies - 120 total (1 active), Execution time: mean = 0.01ms, total = 0.70ms, Queueing time: mean = 0.02ms, max = 0.04ms, min = 0.00ms, total = 1.91ms
	CoreWorker.ReportWorkerBacklog - 120 total (1 active), Execution time: mean = 0.00ms, total = 0.34ms, Queueing time: mean = 0.02ms, max = 0.44ms, min = 0.00ms, total = 2.15ms
	CoreWorker.InternalHeartbeat - 120 total (1 active), Execution time: mean = 0.00ms, total = 0.33ms, Queueing time: mean = 0.02ms, max = 0.45ms, min = 0.00ms, total = 2.16ms
	CoreWorker.RecordMetrics - 24 total (1 active), Execution time: mean = 0.05ms, total = 1.27ms, Queueing time: mean = 0.01ms, max = 0.03ms, min = 0.00ms, total = 0.17ms
	CoreWorker.TryDelPendingObjectRefStreams - 12 total (1 active), Execution time: mean = 0.00ms, total = 0.03ms, Queueing time: mean = 0.03ms, max = 0.16ms, min = 0.01ms, total = 0.32ms
	PeriodicalRunner.RunFnPeriodically - 8 total (0 active), Execution time: mean = 0.02ms, total = 0.12ms, Queueing time: mean = 0.07ms, max = 0.12ms, min = 0.01ms, total = 0.55ms
	CoreWorkerService.grpc_server.GetCoreWorkerStats.HandleRequestImpl - 8 total (0 active), Execution time: mean = 0.07ms, total = 0.53ms, Queueing time: mean = 0.03ms, max = 0.04ms, min = 0.02ms, total = 0.20ms
	CoreWorkerService.grpc_server.GetCoreWorkerStats - 8 total (0 active), Execution time: mean = 0.27ms, total = 2.14ms, Queueing time: mean = 0.00ms, max = -0.00ms, min = 9223372036854.78ms, total = 0.00ms
	CoreWorkerService.grpc_server.PushTask.HandleRequestImpl - 2 total (0 active), Execution time: mean = 0.08ms, total = 0.15ms, Queueing time: mean = 0.01ms, max = 0.02ms, min = 0.01ms, total = 0.02ms
	CoreWorker.PrintEventStats - 2 total (1 active, 1 running), Execution time: mean = 0.11ms, total = 0.22ms, Queueing time: mean = 0.01ms, max = 0.03ms, min = 0.03ms, total = 0.03ms
	CoreWorkerService.grpc_server.PushTask - 2 total (0 active), Execution time: mean = 30710.56ms, total = 61421.12ms, Queueing time: mean = 0.00ms, max = -0.00ms, min = 9223372036854.78ms, total = 0.00ms
	Publisher.PublishFailure.WORKER_OBJECT_LOCATIONS_CHANNEL - 1 total (0 active), Execution time: mean = 0.01ms, total = 0.01ms, Queueing time: mean = 0.00ms, max = 0.00ms, min = 0.00ms, total = 0.00ms
	ray::rpc::WorkerInfoGcsService.grpc_client.AddWorkerInfo.OnReplyReceived - 1 total (0 active), Execution time: mean = 0.03ms, total = 0.03ms, Queueing time: mean = 0.01ms, max = 0.01ms, min = 0.01ms, total = 0.01ms
	Publisher.CheckDeadSubscribers - 1 total (1 active), Execution time: mean = 0.00ms, total = 0.00ms, Queueing time: mean = 0.00ms, max = -0.00ms, min = 9223372036854.78ms, total = 0.00ms
	ray::rpc::WorkerInfoGcsService.grpc_client.AddWorkerInfo - 1 total (0 active), Execution time: mean = 0.56ms, total = 0.56ms, Queueing time: mean = 0.00ms, max = -0.00ms, min = 9223372036854.78ms, total = 0.00ms

-----------------
Task execution event stats:

Global stats: 5850 total (1 active)
Queueing time: mean = 10.52ms, max = 40783.98ms, min = 0.00ms, total = 61522.33ms
Execution time:  mean = 10.50ms, total = 61438.79ms
Event stats:
	CoreWorker.CheckSignal - 5847 total (1 active), Execution time: mean = 0.00ms, total = 18.23ms, Queueing time: mean = 10.52ms, max = 40783.98ms, min = 0.00ms, total = 61522.31ms
	CoreWorker.HandlePushTaskActor - 1 total (0 active), Execution time: mean = 40792.71ms, total = 40792.71ms, Queueing time: mean = 0.01ms, max = 0.01ms, min = 0.01ms, total = 0.01ms
	CoreWorker.HandlePushTask - 1 total (0 active), Execution time: mean = 20627.85ms, total = 20627.85ms, Queueing time: mean = 0.00ms, max = 0.00ms, min = 0.00ms, total = 0.00ms
	PeriodicalRunner.RunFnPeriodically - 1 total (0 active), Execution time: mean = 0.01ms, total = 0.01ms, Queueing time: mean = 0.00ms, max = 0.00ms, min = 0.00ms, total = 0.00ms

-----------------
Task Event stats:

IO Service Stats:

Global stats: 127 total (1 active)
Queueing time: mean = 0.02ms, max = 0.05ms, min = 0.01ms, total = 2.89ms
Execution time:  mean = 0.03ms, total = 3.55ms
Event stats:
	CoreWorker.deadline_timer.flush_task_events - 120 total (1 active), Execution time: mean = 0.02ms, total = 1.87ms, Queueing time: mean = 0.02ms, max = 0.05ms, min = 0.01ms, total = 2.83ms
	ray::rpc::TaskInfoGcsService.grpc_client.AddTaskEventData - 3 total (0 active), Execution time: mean = 0.53ms, total = 1.58ms, Queueing time: mean = 0.00ms, max = -0.00ms, min = 9223372036854.78ms, total = 0.00ms
	ray::rpc::TaskInfoGcsService.grpc_client.AddTaskEventData.OnReplyReceived - 3 total (0 active), Execution time: mean = 0.02ms, total = 0.07ms, Queueing time: mean = 0.02ms, max = 0.02ms, min = 0.02ms, total = 0.06ms
	PeriodicalRunner.RunFnPeriodically - 1 total (0 active), Execution time: mean = 0.03ms, total = 0.03ms, Queueing time: mean = 0.01ms, max = 0.01ms, min = 0.01ms, total = 0.01ms
Other Stats:
	gcs_grpc_in_progress:0
	event_aggregator_grpc_in_progress:0
	current number of task status events in buffer: 0
	current number of profile events in buffer: 0
	current number of dropped task attempts tracked: 0
	total task events sent: 0.000879288 MiB
	total number of task attempts sent: 4
	total number of task attempts dropped reported: 0
	total number of sent failure: 0
	num status task events dropped: 0
	num profile task events dropped: 0
	num ray task events reported to aggregator: 0
	num ray task events failed to report to aggregator: 0
	num of task attempts dropped reported to aggregator: 0
	num of failed requests to aggregator: 0

[2026-09-04 01:03:04,511 I 7662 7696] core_worker.cc:498: Event stats:


Global stats: 2439 total (9 active)
Queueing time: mean = 0.02ms, max = 0.45ms, min = 0.00ms, total = 42.53ms
Execution time:  mean = 25.19ms, total = 61434.58ms
Event stats:
	CoreWorker.RecoverObjects - 1800 total (1 active), Execution time: mean = 0.00ms, total = 3.98ms, Queueing time: mean = 0.02ms, max = 0.07ms, min = 0.00ms, total = 30.80ms
	CoreWorker.ExitIfParentRayletDies - 180 total (1 active), Execution time: mean = 0.01ms, total = 1.13ms, Queueing time: mean = 0.02ms, max = 0.04ms, min = 0.00ms, total = 2.92ms
	CoreWorker.ReportWorkerBacklog - 180 total (1 active), Execution time: mean = 0.00ms, total = 0.52ms, Queueing time: mean = 0.02ms, max = 0.44ms, min = 0.00ms, total = 3.40ms
	CoreWorker.InternalHeartbeat - 180 total (1 active), Execution time: mean = 0.00ms, total = 0.51ms, Queueing time: mean = 0.02ms, max = 0.45ms, min = 0.00ms, total = 3.41ms
	CoreWorker.RecordMetrics - 36 total (1 active), Execution time: mean = 0.05ms, total = 1.77ms, Queueing time: mean = 0.01ms, max = 0.04ms, min = 0.00ms, total = 0.35ms
	CoreWorker.TryDelPendingObjectRefStreams - 18 total (1 active), Execution time: mean = 0.00ms, total = 0.04ms, Queueing time: mean = 0.04ms, max = 0.35ms, min = 0.00ms, total = 0.71ms
	CoreWorkerService.grpc_server.GetCoreWorkerStats.HandleRequestImpl - 12 total (0 active), Execution time: mean = 0.06ms, total = 0.70ms, Queueing time: mean = 0.02ms, max = 0.04ms, min = 0.02ms, total = 0.28ms
	CoreWorkerService.grpc_server.GetCoreWorkerStats - 12 total (0 active), Execution time: mean = 0.27ms, total = 3.19ms, Queueing time: mean = 0.00ms, max = -0.00ms, min = 9223372036854.78ms, total = 0.00ms
	PeriodicalRunner.RunFnPeriodically - 8 total (0 active), Execution time: mean = 0.02ms, total = 0.12ms, Queueing time: mean = 0.07ms, max = 0.12ms, min = 0.01ms, total = 0.55ms
	CoreWorkerService.grpc_server.PushTask.HandleRequestImpl - 3 total (0 active), Execution time: mean = 0.08ms, total = 0.24ms, Queueing time: mean = 0.01ms, max = 0.02ms, min = 0.01ms, total = 0.04ms
	CoreWorker.PrintEventStats - 3 total (1 active, 1 running), Execution time: mean = 0.22ms, total = 0.65ms, Queueing time: mean = 0.02ms, max = 0.04ms, min = 0.03ms, total = 0.06ms
	CoreWorkerService.grpc_server.PushTask - 3 total (1 active), Execution time: mean = 20473.71ms, total = 61421.12ms, Queueing time: mean = 0.00ms, max = -0.00ms, min = 9223372036854.78ms, total = 0.00ms
	Publisher.PublishFailure.WORKER_OBJECT_LOCATIONS_CHANNEL - 1 total (0 active), Execution time: mean = 0.01ms, total = 0.01ms, Queueing time: mean = 0.00ms, max = 0.00ms, min = 0.00ms, total = 0.00ms
	ray::rpc::WorkerInfoGcsService.grpc_client.AddWorkerInfo.OnReplyReceived - 1 total (0 active), Execution time: mean = 0.03ms, total = 0.03ms, Queueing time: mean = 0.01ms, max = 0.01ms, min = 0.01ms, total = 0.01ms
	Publisher.CheckDeadSubscribers - 1 total (1 active), Execution time: mean = 0.00ms, total = 0.00ms, Queueing time: mean = 0.00ms, max = -0.00ms, min = 9223372036854.78ms, total = 0.00ms
	ray::rpc::WorkerInfoGcsService.grpc_client.AddWorkerInfo - 1 total (0 active), Execution time: mean = 0.56ms, total = 0.56ms, Queueing time: mean = 0.00ms, max = -0.00ms, min = 9223372036854.78ms, total = 0.00ms

-----------------
Task execution event stats:

Global stats: 10258 total (2 active)
Queueing time: mean = 6.01ms, max = 40783.98ms, min = -0.01ms, total = 61608.84ms
Execution time:  mean = 5.99ms, total = 61451.72ms
Event stats:
	CoreWorker.CheckSignal - 10254 total (1 active), Execution time: mean = 0.00ms, total = 31.15ms, Queueing time: mean = 6.01ms, max = 40783.98ms, min = -0.01ms, total = 61608.83ms
	CoreWorker.HandlePushTaskActor - 2 total (1 active, 1 running), Execution time: mean = 20396.35ms, total = 40792.71ms, Queueing time: mean = 0.00ms, max = 0.01ms, min = 0.01ms, total = 0.01ms
	CoreWorker.HandlePushTask - 1 total (0 active), Execution time: mean = 20627.85ms, total = 20627.85ms, Queueing time: mean = 0.00ms, max = 0.00ms, min = 0.00ms, total = 0.00ms
	PeriodicalRunner.RunFnPeriodically - 1 total (0 active), Execution time: mean = 0.01ms, total = 0.01ms, Queueing time: mean = 0.00ms, max = 0.00ms, min = 0.00ms, total = 0.00ms

-----------------
Task Event stats:

IO Service Stats:

Global stats: 189 total (1 active)
Queueing time: mean = 0.02ms, max = 0.05ms, min = 0.01ms, total = 4.41ms
Execution time:  mean = 0.03ms, total = 4.89ms
Event stats:
	CoreWorker.deadline_timer.flush_task_events - 180 total (1 active), Execution time: mean = 0.01ms, total = 2.68ms, Queueing time: mean = 0.02ms, max = 0.05ms, min = 0.01ms, total = 4.34ms
	ray::rpc::TaskInfoGcsService.grpc_client.AddTaskEventData - 4 total (0 active), Execution time: mean = 0.52ms, total = 2.09ms, Queueing time: mean = 0.00ms, max = -0.00ms, min = 9223372036854.78ms, total = 0.00ms
	ray::rpc::TaskInfoGcsService.grpc_client.AddTaskEventData.OnReplyReceived - 4 total (0 active), Execution time: mean = 0.02ms, total = 0.10ms, Queueing time: mean = 0.02ms, max = 0.02ms, min = 0.01ms, total = 0.07ms
	PeriodicalRunner.RunFnPeriodically - 1 total (0 active), Execution time: mean = 0.03ms, total = 0.03ms, Queueing time: mean = 0.01ms, max = 0.01ms, min = 0.01ms, total = 0.01ms
Other Stats:
	gcs_grpc_in_progress:0
	event_aggregator_grpc_in_progress:0
	current number of task status events in buffer: 0
	current number of profile events in buffer: 0
	current number of dropped task attempts tracked: 0
	total task events sent: 0.00104809 MiB
	total number of task attempts sent: 5
	total number of task attempts dropped reported: 0
	total number of sent failure: 0
	num status task events dropped: 0
	num profile task events dropped: 0
	num ray task events reported to aggregator: 0
	num ray task events failed to report to aggregator: 0
	num of task attempts dropped reported to aggregator: 0
	num of failed requests to aggregator: 0

[2026-09-04 01:04:04,512 I 7662 7696] core_worker.cc:498: Event stats:


Global stats: 3246 total (9 active)
Queueing time: mean = 0.02ms, max = 0.45ms, min = -0.01ms, total = 54.99ms
Execution time:  mean = 18.93ms, total = 61438.55ms
Event stats:
	CoreWorker.RecoverObjects - 2400 total (1 active), Execution time: mean = 0.00ms, total = 5.29ms, Queueing time: mean = 0.02ms, max = 0.07ms, min = -0.01ms, total = 39.85ms
	CoreWorker.ExitIfParentRayletDies - 240 total (1 active), Execution time: mean = 0.01ms, total = 1.53ms, Queueing time: mean = 0.02ms, max = 0.04ms, min = 0.00ms, total = 3.78ms
	CoreWorker.ReportWorkerBacklog - 240 total (1 active), Execution time: mean = 0.00ms, total = 0.75ms, Queueing time: mean = 0.02ms, max = 0.44ms, min = 0.00ms, total = 4.42ms
	CoreWorker.InternalHeartbeat - 240 total (1 active), Execution time: mean = 0.00ms, total = 0.70ms, Queueing time: mean = 0.02ms, max = 0.45ms, min = 0.00ms, total = 4.48ms
	CoreWorker.RecordMetrics - 48 total (1 active), Execution time: mean = 0.05ms, total = 2.28ms, Queueing time: mean = 0.01ms, max = 0.04ms, min = 0.00ms, total = 0.47ms
	CoreWorker.TryDelPendingObjectRefStreams - 24 total (1 active), Execution time: mean = 0.00ms, total = 0.06ms, Queueing time: mean = 0.04ms, max = 0.35ms, min = 0.00ms, total = 0.93ms
	CoreWorkerService.grpc_server.GetCoreWorkerStats.HandleRequestImpl - 16 total (0 active), Execution time: mean = 0.05ms, total = 0.86ms, Queueing time: mean = 0.02ms, max = 0.04ms, min = 0.02ms, total = 0.37ms
	CoreWorkerService.grpc_server.GetCoreWorkerStats - 16 total (0 active), Execution time: mean = 0.26ms, total = 4.15ms, Queueing time: mean = 0.00ms, max = -0.00ms, min = 9223372036854.78ms, total = 0.00ms
	PeriodicalRunner.RunFnPeriodically - 8 total (0 active), Execution time: mean = 0.02ms, total = 0.12ms, Queueing time: mean = 0.07ms, max = 0.12ms, min = 0.01ms, total = 0.55ms
	CoreWorker.PrintEventStats - 4 total (1 active, 1 running), Execution time: mean = 0.21ms, total = 0.83ms, Queueing time: mean = 0.02ms, max = 0.04ms, min = 0.02ms, total = 0.08ms
	CoreWorkerService.grpc_server.PushTask.HandleRequestImpl - 3 total (0 active), Execution time: mean = 0.08ms, total = 0.24ms, Queueing time: mean = 0.01ms, max = 0.02ms, min = 0.01ms, total = 0.04ms
	CoreWorkerService.grpc_server.PushTask - 3 total (1 active), Execution time: mean = 20473.71ms, total = 61421.12ms, Queueing time: mean = 0.00ms, max = -0.00ms, min = 9223372036854.78ms, total = 0.00ms
	Publisher.PublishFailure.WORKER_OBJECT_LOCATIONS_CHANNEL - 1 total (0 active), Execution time: mean = 0.01ms, total = 0.01ms, Queueing time: mean = 0.00ms, max = 0.00ms, min = 0.00ms, total = 0.00ms
	ray::rpc::WorkerInfoGcsService.grpc_client.AddWorkerInfo.OnReplyReceived - 1 total (0 active), Execution time: mean = 0.03ms, total = 0.03ms, Queueing time: mean = 0.01ms, max = 0.01ms, min = 0.01ms, total = 0.01ms
	Publisher.CheckDeadSubscribers - 1 total (1 active), Execution time: mean = 0.00ms, total = 0.00ms, Queueing time: mean = 0.00ms, max = -0.00ms, min = 9223372036854.78ms, total = 0.00ms
	ray::rpc::WorkerInfoGcsService.grpc_client.AddWorkerInfo - 1 total (0 active), Execution time: mean = 0.56ms, total = 0.56ms, Queueing time: mean = 0.00ms, max = -0.00ms, min = 9223372036854.78ms, total = 0.00ms

-----------------
Task execution event stats:

Global stats: 10258 total (2 active)
Queueing time: mean = 6.01ms, max = 40783.98ms, min = -0.01ms, total = 61608.84ms
Execution time:  mean = 5.99ms, total = 61451.72ms
Event stats:
	CoreWorker.CheckSignal - 10254 total (1 active), Execution time: mean = 0.00ms, total = 31.15ms, Queueing time: mean = 6.01ms, max = 40783.98ms, min = -0.01ms, total = 61608.83ms
	CoreWorker.HandlePushTaskActor - 2 total (1 active, 1 running), Execution time: mean = 20396.35ms, total = 40792.71ms, Queueing time: mean = 0.00ms, max = 0.01ms, min = 0.01ms, total = 0.01ms
	CoreWorker.HandlePushTask - 1 total (0 active), Execution time: mean = 20627.85ms, total = 20627.85ms, Queueing time: mean = 0.00ms, max = 0.00ms, min = 0.00ms, total = 0.00ms
	PeriodicalRunner.RunFnPeriodically - 1 total (0 active), Execution time: mean = 0.01ms, total = 0.01ms, Queueing time: mean = 0.00ms, max = 0.00ms, min = 0.00ms, total = 0.00ms

-----------------
Task Event stats:

IO Service Stats:

Global stats: 249 total (1 active)
Queueing time: mean = 0.02ms, max = 0.05ms, min = 0.01ms, total = 5.63ms
Execution time:  mean = 0.02ms, total = 5.42ms
Event stats:
	CoreWorker.deadline_timer.flush_task_events - 240 total (1 active), Execution time: mean = 0.01ms, total = 3.20ms, Queueing time: mean = 0.02ms, max = 0.05ms, min = 0.01ms, total = 5.55ms
	ray::rpc::TaskInfoGcsService.grpc_client.AddTaskEventData - 4 total (0 active), Execution time: mean = 0.52ms, total = 2.09ms, Queueing time: mean = 0.00ms, max = -0.00ms, min = 9223372036854.78ms, total = 0.00ms
	ray::rpc::TaskInfoGcsService.grpc_client.AddTaskEventData.OnReplyReceived - 4 total (0 active), Execution time: mean = 0.02ms, total = 0.10ms, Queueing time: mean = 0.02ms, max = 0.02ms, min = 0.01ms, total = 0.07ms
	PeriodicalRunner.RunFnPeriodically - 1 total (0 active), Execution time: mean = 0.03ms, total = 0.03ms, Queueing time: mean = 0.01ms, max = 0.01ms, min = 0.01ms, total = 0.01ms
Other Stats:
	gcs_grpc_in_progress:0
	event_aggregator_grpc_in_progress:0
	current number of task status events in buffer: 0
	current number of profile events in buffer: 0
	current number of dropped task attempts tracked: 0
	total task events sent: 0.00104809 MiB
	total number of task attempts sent: 5
	total number of task attempts dropped reported: 0
	total number of sent failure: 0
	num status task events dropped: 0
	num profile task events dropped: 0
	num ray task events reported to aggregator: 0
	num ray task events failed to report to aggregator: 0
	num of task attempts dropped reported to aggregator: 0
	num of failed requests to aggregator: 0

[2026-09-04 01:05:02,331 I 7662 7696] accessor.cc:453: Received address and liveness notification for node, IsAlive = 1 node_id=11215b0011fac4845f8eecab7d85f57fc12c4efc1ad3dce06ebdc204
[2026-09-04 01:05:02,331 I 7662 7696] normal_task_submitter.cc:855: Number of alive nodes:1
[2026-09-04 01:05:02,331 I 7662 7696] accessor.cc:453: Received address and liveness notification for node, IsAlive = 1 node_id=82dfc8c23c51709b77aaa7de2deacf9d421699bfcaad6b6cc4f66c59
[2026-09-04 01:05:02,331 I 7662 7696] accessor.cc:453: Received address and liveness notification for node, IsAlive = 1 node_id=4296a17b2364b071e4782261814dd77feed7cb4e5a4de14ab32d253a
[2026-09-04 01:05:02,331 I 7662 7696] accessor.cc:453: Received address and liveness notification for node, IsAlive = 1 node_id=90dc8450878fe5de358e116e0b8657e06554d0d69bbf5603e4880a55
[2026-09-04 01:05:04,512 I 7662 7696] core_worker.cc:498: Event stats:


Global stats: 4085 total (11 active)
Queueing time: mean = 0.02ms, max = 0.45ms, min = -0.01ms, total = 69.24ms
Execution time:  mean = 47.77ms, total = 195120.21ms
Event stats:
	CoreWorker.RecoverObjects - 3000 total (1 active), Execution time: mean = 0.00ms, total = 6.72ms, Queueing time: mean = 0.02ms, max = 0.09ms, min = -0.01ms, total = 49.92ms
	CoreWorker.InternalHeartbeat - 300 total (1 active), Execution time: mean = 0.00ms, total = 0.90ms, Queueing time: mean = 0.02ms, max = 0.45ms, min = 0.00ms, total = 5.67ms
	CoreWorker.ReportWorkerBacklog - 300 total (1 active), Execution time: mean = 0.00ms, total = 0.98ms, Queueing time: mean = 0.02ms, max = 0.44ms, min = 0.00ms, total = 5.58ms
	CoreWorker.ExitIfParentRayletDies - 300 total (1 active), Execution time: mean = 0.01ms, total = 1.98ms, Queueing time: mean = 0.02ms, max = 0.04ms, min = 0.00ms, total = 4.73ms
	CoreWorker.RecordMetrics - 60 total (1 active), Execution time: mean = 0.05ms, total = 2.78ms, Queueing time: mean = 0.01ms, max = 0.04ms, min = 0.00ms, total = 0.65ms
	CoreWorker.TryDelPendingObjectRefStreams - 30 total (1 active), Execution time: mean = 0.00ms, total = 0.07ms, Queueing time: mean = 0.04ms, max = 0.35ms, min = 0.00ms, total = 1.15ms
	CoreWorkerService.grpc_server.GetCoreWorkerStats - 20 total (0 active), Execution time: mean = 0.27ms, total = 5.47ms, Queueing time: mean = 0.00ms, max = -0.00ms, min = 9223372036854.78ms, total = 0.00ms
	CoreWorkerService.grpc_server.GetCoreWorkerStats.HandleRequestImpl - 20 total (0 active), Execution time: mean = 0.05ms, total = 1.04ms, Queueing time: mean = 0.02ms, max = 0.04ms, min = 0.02ms, total = 0.48ms
	Publisher.PublishFailure.WORKER_OBJECT_LOCATIONS_CHANNEL - 17 total (0 active), Execution time: mean = 0.00ms, total = 0.03ms, Queueing time: mean = 0.02ms, max = 0.02ms, min = 0.00ms, total = 0.27ms
	PeriodicalRunner.RunFnPeriodically - 8 total (0 active), Execution time: mean = 0.02ms, total = 0.12ms, Queueing time: mean = 0.07ms, max = 0.12ms, min = 0.01ms, total = 0.55ms
	CoreWorker.PrintEventStats - 5 total (1 active, 1 running), Execution time: mean = 0.21ms, total = 1.04ms, Queueing time: mean = 0.02ms, max = 0.04ms, min = 0.02ms, total = 0.10ms
	CoreWorkerService.grpc_server.PushTask.HandleRequestImpl - 4 total (0 active), Execution time: mean = 0.07ms, total = 0.28ms, Queueing time: mean = 0.01ms, max = 0.02ms, min = 0.01ms, total = 0.06ms
	CoreWorkerService.grpc_server.PushTask - 4 total (1 active), Execution time: mean = 48768.55ms, total = 195074.19ms, Queueing time: mean = 0.00ms, max = -0.00ms, min = 9223372036854.78ms, total = 0.00ms
	Publisher.CheckDeadSubscribers - 2 total (1 active), Execution time: mean = 0.00ms, total = 0.00ms, Queueing time: mean = 0.00ms, max = 0.01ms, min = 0.01ms, total = 0.01ms
	ray::rpc::NodeInfoGcsService.grpc_client.GetAllNodeAddressAndLiveness.OnReplyReceived - 1 total (0 active), Execution time: mean = 0.22ms, total = 0.22ms, Queueing time: mean = 0.01ms, max = 0.01ms, min = 0.01ms, total = 0.01ms
	CoreWorkerService.grpc_client.PubsubLongPolling - 1 total (1 active), Execution time: mean = 0.00ms, total = 0.00ms, Queueing time: mean = 0.00ms, max = -0.00ms, min = 9223372036854.78ms, total = 0.00ms
	ray::rpc::ControlPlanePubSubGcsService.grpc_client.GcsSubscriberCommandBatch.OnReplyReceived - 1 total (0 active), Execution time: mean = 0.14ms, total = 0.14ms, Queueing time: mean = 0.01ms, max = 0.01ms, min = 0.01ms, total = 0.01ms
	ray::rpc::WorkerInfoGcsService.grpc_client.AddWorkerInfo - 1 total (0 active), Execution time: mean = 0.56ms, total = 0.56ms, Queueing time: mean = 0.00ms, max = -0.00ms, min = 9223372036854.78ms, total = 0.00ms
	ray::rpc::ControlPlanePubSubGcsService.grpc_client.GcsSubscriberPoll - 1 total (1 active), Execution time: mean = 0.00ms, total = 0.00ms, Queueing time: mean = 0.00ms, max = -0.00ms, min = 9223372036854.78ms, total = 0.00ms
	CoreWorkerService.grpc_server.UpdateObjectLocationBatch.HandleRequestImpl - 1 total (0 active), Execution time: mean = 0.04ms, total = 0.04ms, Queueing time: mean = 0.02ms, max = 0.02ms, min = 0.02ms, total = 0.02ms
	CoreWorkerService.grpc_client.PubsubCommandBatch.OnReplyReceived - 1 total (0 active), Execution time: mean = 0.04ms, total = 0.04ms, Queueing time: mean = 0.01ms, max = 0.01ms, min = 0.01ms, total = 0.01ms
	CoreWorkerService.grpc_server.UpdateObjectLocationBatch - 1 total (0 active), Execution time: mean = 0.16ms, total = 0.16ms, Queueing time: mean = 0.00ms, max = -0.00ms, min = 9223372036854.78ms, total = 0.00ms
	ray::rpc::ControlPlanePubSubGcsService.grpc_client.GcsSubscriberCommandBatch - 1 total (0 active), Execution time: mean = 1.88ms, total = 1.88ms, Queueing time: mean = 0.00ms, max = -0.00ms, min = 9223372036854.78ms, total = 0.00ms
	CoreWorkerService.grpc_client.PubsubCommandBatch - 1 total (0 active), Execution time: mean = 20.10ms, total = 20.10ms, Queueing time: mean = 0.00ms, max = -0.00ms, min = 9223372036854.78ms, total = 0.00ms
	ray::rpc::NodeInfoGcsService.grpc_client.GetAllNodeAddressAndLiveness - 1 total (0 active), Execution time: mean = 0.34ms, total = 0.34ms, Queueing time: mean = 0.00ms, max = -0.00ms, min = 9223372036854.78ms, total = 0.00ms
	Publisher.Publish.WORKER_OBJECT_LOCATIONS_CHANNEL - 1 total (0 active), Execution time: mean = 0.01ms, total = 0.01ms, Queueing time: mean = 0.03ms, max = 0.03ms, min = 0.03ms, total = 0.03ms
	NodeManagerService.grpc_client.PinObjectIDs - 1 total (0 active), Execution time: mean = 1.03ms, total = 1.03ms, Queueing time: mean = 0.00ms, max = -0.00ms, min = 9223372036854.78ms, total = 0.00ms
	ray::rpc::WorkerInfoGcsService.grpc_client.AddWorkerInfo.OnReplyReceived - 1 total (0 active), Execution time: mean = 0.03ms, total = 0.03ms, Queueing time: mean = 0.01ms, max = 0.01ms, min = 0.01ms, total = 0.01ms
	NodeManagerService.grpc_client.PinObjectIDs.OnReplyReceived - 1 total (0 active), Execution time: mean = 0.06ms, total = 0.06ms, Queueing time: mean = 0.01ms, max = 0.01ms, min = 0.01ms, total = 0.01ms

-----------------
Task execution event stats:

Global stats: 10260 total (2 active)
Queueing time: mean = 19.03ms, max = 133650.20ms, min = -0.01ms, total = 195259.07ms
Execution time:  mean = 19.02ms, total = 195104.51ms
Event stats:
	CoreWorker.CheckSignal - 10255 total (1 active), Execution time: mean = 0.00ms, total = 31.16ms, Queueing time: mean = 19.04ms, max = 133650.20ms, min = -0.01ms, total = 195259.03ms
	CoreWorker.HandlePushTaskActor - 3 total (1 active, 1 running), Execution time: mean = 58148.50ms, total = 174445.50ms, Queueing time: mean = 0.01ms, max = 0.02ms, min = 0.01ms, total = 0.03ms
	CoreWorker.HandlePushTask - 1 total (0 active), Execution time: mean = 20627.85ms, total = 20627.85ms, Queueing time: mean = 0.00ms, max = 0.00ms, min = 0.00ms, total = 0.00ms
	PeriodicalRunner.RunFnPeriodically - 1 total (0 active), Execution time: mean = 0.01ms, total = 0.01ms, Queueing time: mean = 0.00ms, max = 0.00ms, min = 0.00ms, total = 0.00ms

-----------------
Task Event stats:

IO Service Stats:

Global stats: 311 total (1 active)
Queueing time: mean = 0.02ms, max = 0.05ms, min = 0.01ms, total = 6.94ms
Execution time:  mean = 0.02ms, total = 6.79ms
Event stats:
	CoreWorker.deadline_timer.flush_task_events - 300 total (1 active), Execution time: mean = 0.01ms, total = 3.91ms, Queueing time: mean = 0.02ms, max = 0.05ms, min = 0.01ms, total = 6.85ms
	ray::rpc::TaskInfoGcsService.grpc_client.AddTaskEventData - 5 total (0 active), Execution time: mean = 0.55ms, total = 2.73ms, Queueing time: mean = 0.00ms, max = -0.00ms, min = 9223372036854.78ms, total = 0.00ms
	ray::rpc::TaskInfoGcsService.grpc_client.AddTaskEventData.OnReplyReceived - 5 total (0 active), Execution time: mean = 0.02ms, total = 0.12ms, Queueing time: mean = 0.02ms, max = 0.02ms, min = 0.01ms, total = 0.08ms
	PeriodicalRunner.RunFnPeriodically - 1 total (0 active), Execution time: mean = 0.03ms, total = 0.03ms, Queueing time: mean = 0.01ms, max = 0.01ms, min = 0.01ms, total = 0.01ms
Other Stats:
	gcs_grpc_in_progress:0
	event_aggregator_grpc_in_progress:0
	current number of task status events in buffer: 0
	current number of profile events in buffer: 0
	current number of dropped task attempts tracked: 0
	total task events sent: 0.0015192 MiB
	total number of task attempts sent: 7
	total number of task attempts dropped reported: 0
	total number of sent failure: 0
	num status task events dropped: 0
	num profile task events dropped: 0
	num ray task events reported to aggregator: 0
	num ray task events failed to report to aggregator: 0
	num of task attempts dropped reported to aggregator: 0
	num of failed requests to aggregator: 0

[2026-09-04 01:06:04,512 I 7662 7696] core_worker.cc:498: Event stats:


Global stats: 4892 total (10 active)
Queueing time: mean = 0.02ms, max = 0.45ms, min = -0.01ms, total = 82.08ms
Execution time:  mean = 41.54ms, total = 203198.70ms
Event stats:
	CoreWorker.RecoverObjects - 3600 total (1 active), Execution time: mean = 0.00ms, total = 7.85ms, Queueing time: mean = 0.02ms, max = 0.09ms, min = -0.01ms, total = 59.34ms
	CoreWorker.InternalHeartbeat - 360 total (1 active), Execution time: mean = 0.00ms, total = 1.09ms, Queueing time: mean = 0.02ms, max = 0.45ms, min = 0.00ms, total = 6.70ms
	CoreWorker.ReportWorkerBacklog - 360 total (1 active), Execution time: mean = 0.00ms, total = 1.20ms, Queueing time: mean = 0.02ms, max = 0.44ms, min = 0.00ms, total = 6.59ms
	CoreWorker.ExitIfParentRayletDies - 360 total (1 active), Execution time: mean = 0.01ms, total = 2.36ms, Queueing time: mean = 0.02ms, max = 0.04ms, min = 0.00ms, total = 5.59ms
	CoreWorker.RecordMetrics - 72 total (1 active), Execution time: mean = 0.05ms, total = 3.32ms, Queueing time: mean = 0.01ms, max = 0.04ms, min = 0.00ms, total = 0.79ms
	CoreWorker.TryDelPendingObjectRefStreams - 36 total (1 active), Execution time: mean = 0.00ms, total = 0.09ms, Queueing time: mean = 0.04ms, max = 0.35ms, min = 0.00ms, total = 1.39ms
	CoreWorkerService.grpc_server.GetCoreWorkerStats - 24 total (0 active), Execution time: mean = 0.27ms, total = 6.51ms, Queueing time: mean = 0.00ms, max = -0.00ms, min = 9223372036854.78ms, total = 0.00ms
	CoreWorkerService.grpc_server.GetCoreWorkerStats.HandleRequestImpl - 24 total (0 active), Execution time: mean = 0.05ms, total = 1.19ms, Queueing time: mean = 0.02ms, max = 0.04ms, min = 0.02ms, total = 0.59ms
	Publisher.PublishFailure.WORKER_OBJECT_LOCATIONS_CHANNEL - 17 total (0 active), Execution time: mean = 0.00ms, total = 0.03ms, Queueing time: mean = 0.02ms, max = 0.02ms, min = 0.00ms, total = 0.27ms
	PeriodicalRunner.RunFnPeriodically - 8 total (0 active), Execution time: mean = 0.02ms, total = 0.12ms, Queueing time: mean = 0.07ms, max = 0.12ms, min = 0.01ms, total = 0.55ms
	CoreWorker.PrintEventStats - 6 total (1 active, 1 running), Execution time: mean = 0.22ms, total = 1.30ms, Queueing time: mean = 0.02ms, max = 0.04ms, min = 0.01ms, total = 0.11ms
	CoreWorkerService.grpc_server.PushTask.HandleRequestImpl - 4 total (0 active), Execution time: mean = 0.07ms, total = 0.28ms, Queueing time: mean = 0.01ms, max = 0.02ms, min = 0.01ms, total = 0.06ms
	CoreWorkerService.grpc_server.PushTask - 4 total (0 active), Execution time: mean = 50787.19ms, total = 203148.76ms, Queueing time: mean = 0.00ms, max = -0.00ms, min = 9223372036854.78ms, total = 0.00ms
	Publisher.CheckDeadSubscribers - 2 total (1 active), Execution time: mean = 0.00ms, total = 0.00ms, Queueing time: mean = 0.00ms, max = 0.01ms, min = 0.01ms, total = 0.01ms
	ray::rpc::NodeInfoGcsService.grpc_client.GetAllNodeAddressAndLiveness.OnReplyReceived - 1 total (0 active), Execution time: mean = 0.22ms, total = 0.22ms, Queueing time: mean = 0.01ms, max = 0.01ms, min = 0.01ms, total = 0.01ms
	CoreWorkerService.grpc_client.PubsubLongPolling - 1 total (1 active), Execution time: mean = 0.00ms, total = 0.00ms, Queueing time: mean = 0.00ms, max = -0.00ms, min = 9223372036854.78ms, total = 0.00ms
	ray::rpc::ControlPlanePubSubGcsService.grpc_client.GcsSubscriberCommandBatch.OnReplyReceived - 1 total (0 active), Execution time: mean = 0.14ms, total = 0.14ms, Queueing time: mean = 0.01ms, max = 0.01ms, min = 0.01ms, total = 0.01ms
	ray::rpc::WorkerInfoGcsService.grpc_client.AddWorkerInfo - 1 total (0 active), Execution time: mean = 0.56ms, total = 0.56ms, Queueing time: mean = 0.00ms, max = -0.00ms, min = 9223372036854.78ms, total = 0.00ms
	ray::rpc::ControlPlanePubSubGcsService.grpc_client.GcsSubscriberPoll - 1 total (1 active), Execution time: mean = 0.00ms, total = 0.00ms, Queueing time: mean = 0.00ms, max = -0.00ms, min = 9223372036854.78ms, total = 0.00ms
	CoreWorkerService.grpc_server.UpdateObjectLocationBatch.HandleRequestImpl - 1 total (0 active), Execution time: mean = 0.04ms, total = 0.04ms, Queueing time: mean = 0.02ms, max = 0.02ms, min = 0.02ms, total = 0.02ms
	CoreWorkerService.grpc_client.PubsubCommandBatch.OnReplyReceived - 1 total (0 active), Execution time: mean = 0.04ms, total = 0.04ms, Queueing time: mean = 0.01ms, max = 0.01ms, min = 0.01ms, total = 0.01ms
	CoreWorkerService.grpc_server.UpdateObjectLocationBatch - 1 total (0 active), Execution time: mean = 0.16ms, total = 0.16ms, Queueing time: mean = 0.00ms, max = -0.00ms, min = 9223372036854.78ms, total = 0.00ms
	ray::rpc::ControlPlanePubSubGcsService.grpc_client.GcsSubscriberCommandBatch - 1 total (0 active), Execution time: mean = 1.88ms, total = 1.88ms, Queueing time: mean = 0.00ms, max = -0.00ms, min = 9223372036854.78ms, total = 0.00ms
	CoreWorkerService.grpc_client.PubsubCommandBatch - 1 total (0 active), Execution time: mean = 20.10ms, total = 20.10ms, Queueing time: mean = 0.00ms, max = -0.00ms, min = 9223372036854.78ms, total = 0.00ms
	ray::rpc::NodeInfoGcsService.grpc_client.GetAllNodeAddressAndLiveness - 1 total (0 active), Execution time: mean = 0.34ms, total = 0.34ms, Queueing time: mean = 0.00ms, max = -0.00ms, min = 9223372036854.78ms, total = 0.00ms
	Publisher.Publish.WORKER_OBJECT_LOCATIONS_CHANNEL - 1 total (0 active), Execution time: mean = 0.01ms, total = 0.01ms, Queueing time: mean = 0.03ms, max = 0.03ms, min = 0.03ms, total = 0.03ms
	NodeManagerService.grpc_client.PinObjectIDs - 1 total (0 active), Execution time: mean = 1.03ms, total = 1.03ms, Queueing time: mean = 0.00ms, max = -0.00ms, min = 9223372036854.78ms, total = 0.00ms
	ray::rpc::WorkerInfoGcsService.grpc_client.AddWorkerInfo.OnReplyReceived - 1 total (0 active), Execution time: mean = 0.03ms, total = 0.03ms, Queueing time: mean = 0.01ms, max = 0.01ms, min = 0.01ms, total = 0.01ms
	NodeManagerService.grpc_client.PinObjectIDs.OnReplyReceived - 1 total (0 active), Execution time: mean = 0.06ms, total = 0.06ms, Queueing time: mean = 0.01ms, max = 0.01ms, min = 0.01ms, total = 0.01ms

-----------------
Task execution event stats:

Global stats: 15662 total (1 active)
Queueing time: mean = 12.99ms, max = 133650.20ms, min = -0.01ms, total = 203403.41ms
Execution time:  mean = 12.97ms, total = 203189.66ms
Event stats:
	CoreWorker.CheckSignal - 15657 total (1 active), Execution time: mean = 0.00ms, total = 41.97ms, Queueing time: mean = 12.99ms, max = 133650.20ms, min = -0.01ms, total = 203403.36ms
	CoreWorker.HandlePushTaskActor - 3 total (0 active), Execution time: mean = 60839.94ms, total = 182519.83ms, Queueing time: mean = 0.01ms, max = 0.02ms, min = 0.01ms, total = 0.04ms
	CoreWorker.HandlePushTask - 1 total (0 active), Execution time: mean = 20627.85ms, total = 20627.85ms, Queueing time: mean = 0.00ms, max = 0.00ms, min = 0.00ms, total = 0.00ms
	PeriodicalRunner.RunFnPeriodically - 1 total (0 active), Execution time: mean = 0.01ms, total = 0.01ms, Queueing time: mean = 0.00ms, max = 0.00ms, min = 0.00ms, total = 0.00ms

-----------------
Task Event stats:

IO Service Stats:

Global stats: 373 total (1 active)
Queueing time: mean = 0.02ms, max = 0.05ms, min = 0.01ms, total = 8.19ms
Execution time:  mean = 0.02ms, total = 8.30ms
Event stats:
	CoreWorker.deadline_timer.flush_task_events - 360 total (1 active), Execution time: mean = 0.01ms, total = 4.57ms, Queueing time: mean = 0.02ms, max = 0.05ms, min = 0.01ms, total = 8.09ms
	ray::rpc::TaskInfoGcsService.grpc_client.AddTaskEventData - 6 total (0 active), Execution time: mean = 0.59ms, total = 3.55ms, Queueing time: mean = 0.00ms, max = -0.00ms, min = 9223372036854.78ms, total = 0.00ms
	ray::rpc::TaskInfoGcsService.grpc_client.AddTaskEventData.OnReplyReceived - 6 total (0 active), Execution time: mean = 0.02ms, total = 0.15ms, Queueing time: mean = 0.02ms, max = 0.02ms, min = 0.01ms, total = 0.10ms
	PeriodicalRunner.RunFnPeriodically - 1 total (0 active), Execution time: mean = 0.03ms, total = 0.03ms, Queueing time: mean = 0.01ms, max = 0.01ms, min = 0.01ms, total = 0.01ms
Other Stats:
	gcs_grpc_in_progress:0
	event_aggregator_grpc_in_progress:0
	current number of task status events in buffer: 0
	current number of profile events in buffer: 0
	current number of dropped task attempts tracked: 0
	total task events sent: 0.00182152 MiB
	total number of task attempts sent: 8
	total number of task attempts dropped reported: 0
	total number of sent failure: 0
	num status task events dropped: 0
	num profile task events dropped: 0
	num ray task events reported to aggregator: 0
	num ray task events failed to report to aggregator: 0
	num of task attempts dropped reported to aggregator: 0
	num of failed requests to aggregator: 0

[2026-09-04 01:07:04,512 I 7662 7696] core_worker.cc:498: Event stats:


Global stats: 5699 total (10 active)
Queueing time: mean = 0.02ms, max = 0.45ms, min = -0.01ms, total = 97.52ms
Execution time:  mean = 35.66ms, total = 203203.22ms
Event stats:
	CoreWorker.RecoverObjects - 4200 total (1 active), Execution time: mean = 0.00ms, total = 9.40ms, Queueing time: mean = 0.02ms, max = 0.09ms, min = -0.01ms, total = 70.88ms
	CoreWorker.InternalHeartbeat - 420 total (1 active), Execution time: mean = 0.00ms, total = 1.31ms, Queueing time: mean = 0.02ms, max = 0.45ms, min = 0.00ms, total = 7.84ms
	CoreWorker.ReportWorkerBacklog - 420 total (1 active), Execution time: mean = 0.00ms, total = 1.43ms, Queueing time: mean = 0.02ms, max = 0.44ms, min = 0.00ms, total = 7.72ms
	CoreWorker.ExitIfParentRayletDies - 420 total (1 active), Execution time: mean = 0.01ms, total = 2.77ms, Queueing time: mean = 0.02ms, max = 0.04ms, min = 0.00ms, total = 6.53ms
	CoreWorker.RecordMetrics - 84 total (1 active), Execution time: mean = 0.05ms, total = 3.85ms, Queueing time: mean = 0.01ms, max = 0.06ms, min = 0.00ms, total = 1.02ms
	CoreWorker.TryDelPendingObjectRefStreams - 42 total (1 active), Execution time: mean = 0.00ms, total = 0.10ms, Queueing time: mean = 0.04ms, max = 0.35ms, min = 0.00ms, total = 1.73ms
	CoreWorkerService.grpc_server.GetCoreWorkerStats - 28 total (0 active), Execution time: mean = 0.27ms, total = 7.67ms, Queueing time: mean = 0.00ms, max = -0.00ms, min = 9223372036854.78ms, total = 0.00ms
	CoreWorkerService.grpc_server.GetCoreWorkerStats.HandleRequestImpl - 28 total (0 active), Execution time: mean = 0.05ms, total = 1.33ms, Queueing time: mean = 0.03ms, max = 0.04ms, min = 0.02ms, total = 0.70ms
	Publisher.PublishFailure.WORKER_OBJECT_LOCATIONS_CHANNEL - 17 total (0 active), Execution time: mean = 0.00ms, total = 0.03ms, Queueing time: mean = 0.02ms, max = 0.02ms, min = 0.00ms, total = 0.27ms
	PeriodicalRunner.RunFnPeriodically - 8 total (0 active), Execution time: mean = 0.02ms, total = 0.12ms, Queueing time: mean = 0.07ms, max = 0.12ms, min = 0.01ms, total = 0.55ms
	CoreWorker.PrintEventStats - 7 total (1 active, 1 running), Execution time: mean = 0.22ms, total = 1.56ms, Queueing time: mean = 0.02ms, max = 0.04ms, min = 0.01ms, total = 0.12ms
	CoreWorkerService.grpc_server.PushTask.HandleRequestImpl - 4 total (0 active), Execution time: mean = 0.07ms, total = 0.28ms, Queueing time: mean = 0.01ms, max = 0.02ms, min = 0.01ms, total = 0.06ms
	CoreWorkerService.grpc_server.PushTask - 4 total (0 active), Execution time: mean = 50787.19ms, total = 203148.76ms, Queueing time: mean = 0.00ms, max = -0.00ms, min = 9223372036854.78ms, total = 0.00ms
	Publisher.CheckDeadSubscribers - 2 total (1 active), Execution time: mean = 0.00ms, total = 0.00ms, Queueing time: mean = 0.00ms, max = 0.01ms, min = 0.01ms, total = 0.01ms
	ray::rpc::NodeInfoGcsService.grpc_client.GetAllNodeAddressAndLiveness.OnReplyReceived - 1 total (0 active), Execution time: mean = 0.22ms, total = 0.22ms, Queueing time: mean = 0.01ms, max = 0.01ms, min = 0.01ms, total = 0.01ms
	CoreWorkerService.grpc_client.PubsubLongPolling - 1 total (1 active), Execution time: mean = 0.00ms, total = 0.00ms, Queueing time: mean = 0.00ms, max = -0.00ms, min = 9223372036854.78ms, total = 0.00ms
	ray::rpc::ControlPlanePubSubGcsService.grpc_client.GcsSubscriberCommandBatch.OnReplyReceived - 1 total (0 active), Execution time: mean = 0.14ms, total = 0.14ms, Queueing time: mean = 0.01ms, max = 0.01ms, min = 0.01ms, total = 0.01ms
	ray::rpc::WorkerInfoGcsService.grpc_client.AddWorkerInfo - 1 total (0 active), Execution time: mean = 0.56ms, total = 0.56ms, Queueing time: mean = 0.00ms, max = -0.00ms, min = 9223372036854.78ms, total = 0.00ms
	ray::rpc::ControlPlanePubSubGcsService.grpc_client.GcsSubscriberPoll - 1 total (1 active), Execution time: mean = 0.00ms, total = 0.00ms, Queueing time: mean = 0.00ms, max = -0.00ms, min = 9223372036854.78ms, total = 0.00ms
	CoreWorkerService.grpc_server.UpdateObjectLocationBatch.HandleRequestImpl - 1 total (0 active), Execution time: mean = 0.04ms, total = 0.04ms, Queueing time: mean = 0.02ms, max = 0.02ms, min = 0.02ms, total = 0.02ms
	CoreWorkerService.grpc_client.PubsubCommandBatch.OnReplyReceived - 1 total (0 active), Execution time: mean = 0.04ms, total = 0.04ms, Queueing time: mean = 0.01ms, max = 0.01ms, min = 0.01ms, total = 0.01ms
	CoreWorkerService.grpc_server.UpdateObjectLocationBatch - 1 total (0 active), Execution time: mean = 0.16ms, total = 0.16ms, Queueing time: mean = 0.00ms, max = -0.00ms, min = 9223372036854.78ms, total = 0.00ms
	ray::rpc::ControlPlanePubSubGcsService.grpc_client.GcsSubscriberCommandBatch - 1 total (0 active), Execution time: mean = 1.88ms, total = 1.88ms, Queueing time: mean = 0.00ms, max = -0.00ms, min = 9223372036854.78ms, total = 0.00ms
	CoreWorkerService.grpc_client.PubsubCommandBatch - 1 total (0 active), Execution time: mean = 20.10ms, total = 20.10ms, Queueing time: mean = 0.00ms, max = -0.00ms, min = 9223372036854.78ms, total = 0.00ms
	ray::rpc::NodeInfoGcsService.grpc_client.GetAllNodeAddressAndLiveness - 1 total (0 active), Execution time: mean = 0.34ms, total = 0.34ms, Queueing time: mean = 0.00ms, max = -0.00ms, min = 9223372036854.78ms, total = 0.00ms
	Publisher.Publish.WORKER_OBJECT_LOCATIONS_CHANNEL - 1 total (0 active), Execution time: mean = 0.01ms, total = 0.01ms, Queueing time: mean = 0.03ms, max = 0.03ms, min = 0.03ms, total = 0.03ms
	NodeManagerService.grpc_client.PinObjectIDs - 1 total (0 active), Execution time: mean = 1.03ms, total = 1.03ms, Queueing time: mean = 0.00ms, max = -0.00ms, min = 9223372036854.78ms, total = 0.00ms
	ray::rpc::WorkerInfoGcsService.grpc_client.AddWorkerInfo.OnReplyReceived - 1 total (0 active), Execution time: mean = 0.03ms, total = 0.03ms, Queueing time: mean = 0.01ms, max = 0.01ms, min = 0.01ms, total = 0.01ms
	NodeManagerService.grpc_client.PinObjectIDs.OnReplyReceived - 1 total (0 active), Execution time: mean = 0.06ms, total = 0.06ms, Queueing time: mean = 0.01ms, max = 0.01ms, min = 0.01ms, total = 0.01ms

-----------------
Task execution event stats:

Global stats: 21652 total (1 active)
Queueing time: mean = 9.40ms, max = 133650.20ms, min = -0.01ms, total = 203501.37ms
Execution time:  mean = 9.39ms, total = 203204.88ms
Event stats:
	CoreWorker.CheckSignal - 21647 total (1 active), Execution time: mean = 0.00ms, total = 57.20ms, Queueing time: mean = 9.40ms, max = 133650.20ms, min = -0.01ms, total = 203501.33ms
	CoreWorker.HandlePushTaskActor - 3 total (0 active), Execution time: mean = 60839.94ms, total = 182519.83ms, Queueing time: mean = 0.01ms, max = 0.02ms, min = 0.01ms, total = 0.04ms
	CoreWorker.HandlePushTask - 1 total (0 active), Execution time: mean = 20627.85ms, total = 20627.85ms, Queueing time: mean = 0.00ms, max = 0.00ms, min = 0.00ms, total = 0.00ms
	PeriodicalRunner.RunFnPeriodically - 1 total (0 active), Execution time: mean = 0.01ms, total = 0.01ms, Queueing time: mean = 0.00ms, max = 0.00ms, min = 0.00ms, total = 0.00ms

-----------------
Task Event stats:

IO Service Stats:

Global stats: 433 total (1 active)
Queueing time: mean = 0.02ms, max = 0.05ms, min = 0.01ms, total = 9.60ms
Execution time:  mean = 0.02ms, total = 8.78ms
Event stats:
	CoreWorker.deadline_timer.flush_task_events - 420 total (1 active), Execution time: mean = 0.01ms, total = 5.06ms, Queueing time: mean = 0.02ms, max = 0.05ms, min = 0.01ms, total = 9.50ms
	ray::rpc::TaskInfoGcsService.grpc_client.AddTaskEventData - 6 total (0 active), Execution time: mean = 0.59ms, total = 3.55ms, Queueing time: mean = 0.00ms, max = -0.00ms, min = 9223372036854.78ms, total = 0.00ms
	ray::rpc::TaskInfoGcsService.grpc_client.AddTaskEventData.OnReplyReceived - 6 total (0 active), Execution time: mean = 0.02ms, total = 0.15ms, Queueing time: mean = 0.02ms, max = 0.02ms, min = 0.01ms, total = 0.10ms
	PeriodicalRunner.RunFnPeriodically - 1 total (0 active), Execution time: mean = 0.03ms, total = 0.03ms, Queueing time: mean = 0.01ms, max = 0.01ms, min = 0.01ms, total = 0.01ms
Other Stats:
	gcs_grpc_in_progress:0
	event_aggregator_grpc_in_progress:0
	current number of task status events in buffer: 0
	current number of profile events in buffer: 0
	current number of dropped task attempts tracked: 0
	total task events sent: 0.00182152 MiB
	total number of task attempts sent: 8
	total number of task attempts dropped reported: 0
	total number of sent failure: 0
	num status task events dropped: 0
	num profile task events dropped: 0
	num ray task events reported to aggregator: 0
	num ray task events failed to report to aggregator: 0
	num of task attempts dropped reported to aggregator: 0
	num of failed requests to aggregator: 0

[2026-09-04 01:08:04,513 I 7662 7696] core_worker.cc:498: Event stats:


Global stats: 6506 total (10 active)
Queueing time: mean = 0.02ms, max = 0.45ms, min = -0.01ms, total = 113.69ms
Execution time:  mean = 31.23ms, total = 203207.27ms
Event stats:
	CoreWorker.RecoverObjects - 4800 total (1 active), Execution time: mean = 0.00ms, total = 10.73ms, Queueing time: mean = 0.02ms, max = 0.09ms, min = -0.01ms, total = 82.50ms
	CoreWorker.InternalHeartbeat - 480 total (1 active), Execution time: mean = 0.00ms, total = 1.47ms, Queueing time: mean = 0.02ms, max = 0.45ms, min = 0.00ms, total = 9.21ms
	CoreWorker.ReportWorkerBacklog - 480 total (1 active), Execution time: mean = 0.00ms, total = 1.63ms, Queueing time: mean = 0.02ms, max = 0.44ms, min = 0.00ms, total = 9.06ms
	CoreWorker.ExitIfParentRayletDies - 480 total (1 active), Execution time: mean = 0.01ms, total = 3.09ms, Queueing time: mean = 0.02ms, max = 0.04ms, min = 0.00ms, total = 7.76ms
	CoreWorker.RecordMetrics - 96 total (1 active), Execution time: mean = 0.05ms, total = 4.44ms, Queueing time: mean = 0.01ms, max = 0.06ms, min = 0.00ms, total = 1.30ms
	CoreWorker.TryDelPendingObjectRefStreams - 48 total (1 active), Execution time: mean = 0.00ms, total = 0.11ms, Queueing time: mean = 0.04ms, max = 0.35ms, min = 0.00ms, total = 1.94ms
	CoreWorkerService.grpc_server.GetCoreWorkerStats - 32 total (0 active), Execution time: mean = 0.27ms, total = 8.72ms, Queueing time: mean = 0.00ms, max = -0.00ms, min = 9223372036854.78ms, total = 0.00ms
	CoreWorkerService.grpc_server.GetCoreWorkerStats.HandleRequestImpl - 32 total (0 active), Execution time: mean = 0.05ms, total = 1.47ms, Queueing time: mean = 0.03ms, max = 0.04ms, min = 0.02ms, total = 0.82ms
	Publisher.PublishFailure.WORKER_OBJECT_LOCATIONS_CHANNEL - 17 total (0 active), Execution time: mean = 0.00ms, total = 0.03ms, Queueing time: mean = 0.02ms, max = 0.02ms, min = 0.00ms, total = 0.27ms
	CoreWorker.PrintEventStats - 8 total (1 active, 1 running), Execution time: mean = 0.22ms, total = 1.79ms, Queueing time: mean = 0.02ms, max = 0.04ms, min = 0.01ms, total = 0.12ms
	PeriodicalRunner.RunFnPeriodically - 8 total (0 active), Execution time: mean = 0.02ms, total = 0.12ms, Queueing time: mean = 0.07ms, max = 0.12ms, min = 0.01ms, total = 0.55ms
	CoreWorkerService.grpc_server.PushTask.HandleRequestImpl - 4 total (0 active), Execution time: mean = 0.07ms, total = 0.28ms, Queueing time: mean = 0.01ms, max = 0.02ms, min = 0.01ms, total = 0.06ms
	CoreWorkerService.grpc_server.PushTask - 4 total (0 active), Execution time: mean = 50787.19ms, total = 203148.76ms, Queueing time: mean = 0.00ms, max = -0.00ms, min = 9223372036854.78ms, total = 0.00ms
	Publisher.CheckDeadSubscribers - 2 total (1 active), Execution time: mean = 0.00ms, total = 0.00ms, Queueing time: mean = 0.00ms, max = 0.01ms, min = 0.01ms, total = 0.01ms
	ray::rpc::NodeInfoGcsService.grpc_client.GetAllNodeAddressAndLiveness.OnReplyReceived - 1 total (0 active), Execution time: mean = 0.22ms, total = 0.22ms, Queueing time: mean = 0.01ms, max = 0.01ms, min = 0.01ms, total = 0.01ms
	CoreWorkerService.grpc_client.PubsubLongPolling - 1 total (1 active), Execution time: mean = 0.00ms, total = 0.00ms, Queueing time: mean = 0.00ms, max = -0.00ms, min = 9223372036854.78ms, total = 0.00ms
	ray::rpc::ControlPlanePubSubGcsService.grpc_client.GcsSubscriberCommandBatch.OnReplyReceived - 1 total (0 active), Execution time: mean = 0.14ms, total = 0.14ms, Queueing time: mean = 0.01ms, max = 0.01ms, min = 0.01ms, total = 0.01ms
	ray::rpc::WorkerInfoGcsService.grpc_client.AddWorkerInfo - 1 total (0 active), Execution time: mean = 0.56ms, total = 0.56ms, Queueing time: mean = 0.00ms, max = -0.00ms, min = 9223372036854.78ms, total = 0.00ms
	ray::rpc::ControlPlanePubSubGcsService.grpc_client.GcsSubscriberPoll - 1 total (1 active), Execution time: mean = 0.00ms, total = 0.00ms, Queueing time: mean = 0.00ms, max = -0.00ms, min = 9223372036854.78ms, total = 0.00ms
	CoreWorkerService.grpc_server.UpdateObjectLocationBatch.HandleRequestImpl - 1 total (0 active), Execution time: mean = 0.04ms, total = 0.04ms, Queueing time: mean = 0.02ms, max = 0.02ms, min = 0.02ms, total = 0.02ms
	CoreWorkerService.grpc_client.PubsubCommandBatch.OnReplyReceived - 1 total (0 active), Execution time: mean = 0.04ms, total = 0.04ms, Queueing time: mean = 0.01ms, max = 0.01ms, min = 0.01ms, total = 0.01ms
	CoreWorkerService.grpc_server.UpdateObjectLocationBatch - 1 total (0 active), Execution time: mean = 0.16ms, total = 0.16ms, Queueing time: mean = 0.00ms, max = -0.00ms, min = 9223372036854.78ms, total = 0.00ms
	ray::rpc::ControlPlanePubSubGcsService.grpc_client.GcsSubscriberCommandBatch - 1 total (0 active), Execution time: mean = 1.88ms, total = 1.88ms, Queueing time: mean = 0.00ms, max = -0.00ms, min = 9223372036854.78ms, total = 0.00ms
	CoreWorkerService.grpc_client.PubsubCommandBatch - 1 total (0 active), Execution time: mean = 20.10ms, total = 20.10ms, Queueing time: mean = 0.00ms, max = -0.00ms, min = 9223372036854.78ms, total = 0.00ms
	ray::rpc::NodeInfoGcsService.grpc_client.GetAllNodeAddressAndLiveness - 1 total (0 active), Execution time: mean = 0.34ms, total = 0.34ms, Queueing time: mean = 0.00ms, max = -0.00ms, min = 9223372036854.78ms, total = 0.00ms
	Publisher.Publish.WORKER_OBJECT_LOCATIONS_CHANNEL - 1 total (0 active), Execution time: mean = 0.01ms, total = 0.01ms, Queueing time: mean = 0.03ms, max = 0.03ms, min = 0.03ms, total = 0.03ms
	NodeManagerService.grpc_client.PinObjectIDs - 1 total (0 active), Execution time: mean = 1.03ms, total = 1.03ms, Queueing time: mean = 0.00ms, max = -0.00ms, min = 9223372036854.78ms, total = 0.00ms
	ray::rpc::WorkerInfoGcsService.grpc_client.AddWorkerInfo.OnReplyReceived - 1 total (0 active), Execution time: mean = 0.03ms, total = 0.03ms, Queueing time: mean = 0.01ms, max = 0.01ms, min = 0.01ms, total = 0.01ms
	NodeManagerService.grpc_client.PinObjectIDs.OnReplyReceived - 1 total (0 active), Execution time: mean = 0.06ms, total = 0.06ms, Queueing time: mean = 0.01ms, max = 0.01ms, min = 0.01ms, total = 0.01ms

-----------------
Task execution event stats:

Global stats: 27637 total (1 active)
Queueing time: mean = 7.37ms, max = 133650.20ms, min = -0.02ms, total = 203631.91ms
Execution time:  mean = 7.35ms, total = 203224.58ms
Event stats:
	CoreWorker.CheckSignal - 27632 total (1 active), Execution time: mean = 0.00ms, total = 76.90ms, Queueing time: mean = 7.37ms, max = 133650.20ms, min = -0.02ms, total = 203631.86ms
	CoreWorker.HandlePushTaskActor - 3 total (0 active), Execution time: mean = 60839.94ms, total = 182519.83ms, Queueing time: mean = 0.01ms, max = 0.02ms, min = 0.01ms, total = 0.04ms
	CoreWorker.HandlePushTask - 1 total (0 active), Execution time: mean = 20627.85ms, total = 20627.85ms, Queueing time: mean = 0.00ms, max = 0.00ms, min = 0.00ms, total = 0.00ms
	PeriodicalRunner.RunFnPeriodically - 1 total (0 active), Execution time: mean = 0.01ms, total = 0.01ms, Queueing time: mean = 0.00ms, max = 0.00ms, min = 0.00ms, total = 0.00ms

-----------------
Task Event stats:

IO Service Stats:

Global stats: 493 total (1 active)
Queueing time: mean = 0.02ms, max = 0.05ms, min = 0.01ms, total = 11.04ms
Execution time:  mean = 0.02ms, total = 9.32ms
Event stats:
	CoreWorker.deadline_timer.flush_task_events - 480 total (1 active), Execution time: mean = 0.01ms, total = 5.60ms, Queueing time: mean = 0.02ms, max = 0.05ms, min = 0.01ms, total = 10.94ms
	ray::rpc::TaskInfoGcsService.grpc_client.AddTaskEventData - 6 total (0 active), Execution time: mean = 0.59ms, total = 3.55ms, Queueing time: mean = 0.00ms, max = -0.00ms, min = 9223372036854.78ms, total = 0.00ms
	ray::rpc::TaskInfoGcsService.grpc_client.AddTaskEventData.OnReplyReceived - 6 total (0 active), Execution time: mean = 0.02ms, total = 0.15ms, Queueing time: mean = 0.02ms, max = 0.02ms, min = 0.01ms, total = 0.10ms
	PeriodicalRunner.RunFnPeriodically - 1 total (0 active), Execution time: mean = 0.03ms, total = 0.03ms, Queueing time: mean = 0.01ms, max = 0.01ms, min = 0.01ms, total = 0.01ms
Other Stats:
	gcs_grpc_in_progress:0
	event_aggregator_grpc_in_progress:0
	current number of task status events in buffer: 0
	current number of profile events in buffer: 0
	current number of dropped task attempts tracked: 0
	total task events sent: 0.00182152 MiB
	total number of task attempts sent: 8
	total number of task attempts dropped reported: 0
	total number of sent failure: 0
	num status task events dropped: 0
	num profile task events dropped: 0
	num ray task events reported to aggregator: 0
	num ray task events failed to report to aggregator: 0
	num of task attempts dropped reported to aggregator: 0
	num of failed requests to aggregator: 0

[2026-09-04 01:09:04,513 I 7662 7696] core_worker.cc:498: Event stats:


Global stats: 7350 total (11 active)
Queueing time: mean = 0.02ms, max = 0.52ms, min = -0.01ms, total = 128.28ms
Execution time:  mean = 65.58ms, total = 482046.54ms
Event stats:
	CoreWorker.RecoverObjects - 5400 total (1 active), Execution time: mean = 0.00ms, total = 12.06ms, Queueing time: mean = 0.02ms, max = 0.09ms, min = -0.01ms, total = 92.30ms
	CoreWorker.InternalHeartbeat - 540 total (1 active), Execution time: mean = 0.00ms, total = 1.66ms, Queueing time: mean = 0.02ms, max = 0.45ms, min = 0.00ms, total = 10.25ms
	CoreWorker.ReportWorkerBacklog - 540 total (1 active), Execution time: mean = 0.00ms, total = 1.86ms, Queueing time: mean = 0.02ms, max = 0.44ms, min = 0.00ms, total = 10.05ms
	CoreWorker.ExitIfParentRayletDies - 540 total (1 active), Execution time: mean = 0.01ms, total = 3.43ms, Queueing time: mean = 0.02ms, max = 0.04ms, min = 0.00ms, total = 8.65ms
	CoreWorker.RecordMetrics - 108 total (1 active), Execution time: mean = 0.05ms, total = 5.11ms, Queueing time: mean = 0.01ms, max = 0.06ms, min = 0.00ms, total = 1.51ms
	CoreWorker.TryDelPendingObjectRefStreams - 54 total (1 active), Execution time: mean = 0.00ms, total = 0.13ms, Queueing time: mean = 0.05ms, max = 0.52ms, min = 0.00ms, total = 2.58ms
	CoreWorkerService.grpc_server.GetCoreWorkerStats - 36 total (0 active), Execution time: mean = 0.27ms, total = 9.81ms, Queueing time: mean = 0.00ms, max = -0.00ms, min = 9223372036854.78ms, total = 0.00ms
	CoreWorkerService.grpc_server.GetCoreWorkerStats.HandleRequestImpl - 36 total (0 active), Execution time: mean = 0.05ms, total = 1.67ms, Queueing time: mean = 0.03ms, max = 0.04ms, min = 0.02ms, total = 0.91ms
	Publisher.PublishFailure.WORKER_OBJECT_LOCATIONS_CHANNEL - 34 total (0 active), Execution time: mean = 0.00ms, total = 0.06ms, Queueing time: mean = 0.03ms, max = 0.06ms, min = 0.00ms, total = 0.93ms
	CoreWorker.PrintEventStats - 9 total (1 active, 1 running), Execution time: mean = 0.27ms, total = 2.42ms, Queueing time: mean = 0.02ms, max = 0.04ms, min = 0.01ms, total = 0.16ms
	PeriodicalRunner.RunFnPeriodically - 8 total (0 active), Execution time: mean = 0.02ms, total = 0.12ms, Queueing time: mean = 0.07ms, max = 0.12ms, min = 0.01ms, total = 0.55ms
	CoreWorkerService.grpc_server.PushTask.HandleRequestImpl - 6 total (0 active), Execution time: mean = 0.08ms, total = 0.46ms, Queueing time: mean = 0.01ms, max = 0.02ms, min = 0.01ms, total = 0.08ms
	CoreWorkerService.grpc_server.PushTask - 6 total (1 active), Execution time: mean = 41475.91ms, total = 248855.48ms, Queueing time: mean = 0.00ms, max = -0.00ms, min = 9223372036854.78ms, total = 0.00ms
	CoreWorkerService.grpc_client.PubsubCommandBatch - 3 total (0 active), Execution time: mean = 7.09ms, total = 21.26ms, Queueing time: mean = 0.00ms, max = -0.00ms, min = 9223372036854.78ms, total = 0.00ms
	CoreWorkerService.grpc_server.UpdateObjectLocationBatch - 3 total (0 active), Execution time: mean = 0.17ms, total = 0.51ms, Queueing time: mean = 0.00ms, max = -0.00ms, min = 9223372036854.78ms, total = 0.00ms
	CoreWorkerService.grpc_client.PubsubCommandBatch.OnReplyReceived - 3 total (0 active), Execution time: mean = 0.03ms, total = 0.08ms, Queueing time: mean = 0.01ms, max = 0.01ms, min = 0.00ms, total = 0.02ms
	CoreWorkerService.grpc_server.UpdateObjectLocationBatch.HandleRequestImpl - 3 total (0 active), Execution time: mean = 0.03ms, total = 0.10ms, Queueing time: mean = 0.02ms, max = 0.02ms, min = 0.01ms, total = 0.05ms
	Publisher.Publish.WORKER_OBJECT_LOCATIONS_CHANNEL - 2 total (0 active), Execution time: mean = 0.01ms, total = 0.01ms, Queueing time: mean = 0.02ms, max = 0.03ms, min = 0.02ms, total = 0.04ms
	NodeManagerService.grpc_client.PinObjectIDs.OnReplyReceived - 2 total (0 active), Execution time: mean = 0.07ms, total = 0.13ms, Queueing time: mean = 0.02ms, max = 0.02ms, min = 0.01ms, total = 0.04ms
	Publisher.CheckDeadSubscribers - 2 total (1 active), Execution time: mean = 0.00ms, total = 0.00ms, Queueing time: mean = 0.00ms, max = 0.01ms, min = 0.01ms, total = 0.01ms
	CoreWorkerService.grpc_client.PubsubLongPolling - 2 total (1 active), Execution time: mean = 116562.10ms, total = 233124.20ms, Queueing time: mean = 0.00ms, max = -0.00ms, min = 9223372036854.78ms, total = 0.00ms
	NodeManagerService.grpc_client.PinObjectIDs - 2 total (0 active), Execution time: mean = 1.09ms, total = 2.17ms, Queueing time: mean = 0.00ms, max = -0.00ms, min = 9223372036854.78ms, total = 0.00ms
	ray::rpc::ControlPlanePubSubGcsService.grpc_client.GcsSubscriberCommandBatch.OnReplyReceived - 1 total (0 active), Execution time: mean = 0.14ms, total = 0.14ms, Queueing time: mean = 0.01ms, max = 0.01ms, min = 0.01ms, total = 0.01ms
	ray::rpc::WorkerInfoGcsService.grpc_client.AddWorkerInfo - 1 total (0 active), Execution time: mean = 0.56ms, total = 0.56ms, Queueing time: mean = 0.00ms, max = -0.00ms, min = 9223372036854.78ms, total = 0.00ms
	ray::rpc::ControlPlanePubSubGcsService.grpc_client.GcsSubscriberPoll - 1 total (1 active), Execution time: mean = 0.00ms, total = 0.00ms, Queueing time: mean = 0.00ms, max = -0.00ms, min = 9223372036854.78ms, total = 0.00ms
	NodeManagerService.grpc_client.FreeLocalObjects - 1 total (0 active), Execution time: mean = 0.34ms, total = 0.34ms, Queueing time: mean = 0.00ms, max = -0.00ms, min = 9223372036854.78ms, total = 0.00ms
	ray::rpc::NodeInfoGcsService.grpc_client.GetAllNodeAddressAndLiveness.OnReplyReceived - 1 total (0 active), Execution time: mean = 0.22ms, total = 0.22ms, Queueing time: mean = 0.01ms, max = 0.01ms, min = 0.01ms, total = 0.01ms
	ray::rpc::ControlPlanePubSubGcsService.grpc_client.GcsSubscriberCommandBatch - 1 total (0 active), Execution time: mean = 1.88ms, total = 1.88ms, Queueing time: mean = 0.00ms, max = -0.00ms, min = 9223372036854.78ms, total = 0.00ms
	NodeManagerService.grpc_client.FreeLocalObjects.OnReplyReceived - 1 total (0 active), Execution time: mean = 0.01ms, total = 0.01ms, Queueing time: mean = 0.00ms, max = 0.00ms, min = 0.00ms, total = 0.00ms
	ray::rpc::NodeInfoGcsService.grpc_client.GetAllNodeAddressAndLiveness - 1 total (0 active), Execution time: mean = 0.34ms, total = 0.34ms, Queueing time: mean = 0.00ms, max = -0.00ms, min = 9223372036854.78ms, total = 0.00ms
	Subscriber.HandlePublishedMessage_WORKER_REF_REMOVED_CHANNEL - 1 total (0 active), Execution time: mean = 0.14ms, total = 0.14ms, Queueing time: mean = 0.13ms, max = 0.13ms, min = 0.13ms, total = 0.13ms
	CoreWorkerService.grpc_client.PubsubLongPolling.OnReplyReceived - 1 total (0 active), Execution time: mean = 0.14ms, total = 0.14ms, Queueing time: mean = 0.00ms, max = 0.00ms, min = 0.00ms, total = 0.00ms
	ray::rpc::WorkerInfoGcsService.grpc_client.AddWorkerInfo.OnReplyReceived - 1 total (0 active), Execution time: mean = 0.03ms, total = 0.03ms, Queueing time: mean = 0.01ms, max = 0.01ms, min = 0.01ms, total = 0.01ms

-----------------
Task execution event stats:

Global stats: 28162 total (2 active)
Queueing time: mean = 8.85ms, max = 133650.20ms, min = -0.02ms, total = 249348.22ms
Execution time:  mean = 8.84ms, total = 248932.58ms
Event stats:
	CoreWorker.CheckSignal - 28155 total (1 active), Execution time: mean = 0.00ms, total = 78.42ms, Queueing time: mean = 8.86ms, max = 133650.20ms, min = -0.02ms, total = 249348.13ms
	CoreWorker.HandlePushTaskActor - 5 total (1 active, 1 running), Execution time: mean = 45645.26ms, total = 228226.30ms, Queueing time: mean = 0.02ms, max = 0.04ms, min = 0.01ms, total = 0.08ms
	CoreWorker.HandlePushTask - 1 total (0 active), Execution time: mean = 20627.85ms, total = 20627.85ms, Queueing time: mean = 0.00ms, max = 0.00ms, min = 0.00ms, total = 0.00ms
	PeriodicalRunner.RunFnPeriodically - 1 total (0 active), Execution time: mean = 0.01ms, total = 0.01ms, Queueing time: mean = 0.00ms, max = 0.00ms, min = 0.00ms, total = 0.00ms

-----------------
Task Event stats:

IO Service Stats:

Global stats: 557 total (1 active)
Queueing time: mean = 0.02ms, max = 0.05ms, min = 0.01ms, total = 12.52ms
Execution time:  mean = 0.02ms, total = 11.52ms
Event stats:
	CoreWorker.deadline_timer.flush_task_events - 540 total (1 active), Execution time: mean = 0.01ms, total = 6.49ms, Queueing time: mean = 0.02ms, max = 0.05ms, min = 0.01ms, total = 12.39ms
	ray::rpc::TaskInfoGcsService.grpc_client.AddTaskEventData - 8 total (0 active), Execution time: mean = 0.60ms, total = 4.80ms, Queueing time: mean = 0.00ms, max = -0.00ms, min = 9223372036854.78ms, total = 0.00ms
	ray::rpc::TaskInfoGcsService.grpc_client.AddTaskEventData.OnReplyReceived - 8 total (0 active), Execution time: mean = 0.03ms, total = 0.21ms, Queueing time: mean = 0.02ms, max = 0.02ms, min = 0.01ms, total = 0.13ms
	PeriodicalRunner.RunFnPeriodically - 1 total (0 active), Execution time: mean = 0.03ms, total = 0.03ms, Queueing time: mean = 0.01ms, max = 0.01ms, min = 0.01ms, total = 0.01ms
Other Stats:
	gcs_grpc_in_progress:0
	event_aggregator_grpc_in_progress:0
	current number of task status events in buffer: 0
	current number of profile events in buffer: 0
	current number of dropped task attempts tracked: 0
	total task events sent: 0.00246143 MiB
	total number of task attempts sent: 11
	total number of task attempts dropped reported: 0
	total number of sent failure: 0
	num status task events dropped: 0
	num profile task events dropped: 0
	num ray task events reported to aggregator: 0
	num ray task events failed to report to aggregator: 0
	num of task attempts dropped reported to aggregator: 0
	num of failed requests to aggregator: 0

[2026-09-04 01:10:04,514 I 7662 7696] core_worker.cc:498: Event stats:


Global stats: 8157 total (10 active)
Queueing time: mean = 0.02ms, max = 0.52ms, min = -0.01ms, total = 141.21ms
Execution time:  mean = 60.80ms, total = 495913.56ms
Event stats:
	CoreWorker.RecoverObjects - 5999 total (1 active), Execution time: mean = 0.00ms, total = 13.41ms, Queueing time: mean = 0.02ms, max = 0.09ms, min = -0.01ms, total = 101.92ms
	CoreWorker.InternalHeartbeat - 600 total (1 active), Execution time: mean = 0.00ms, total = 1.89ms, Queueing time: mean = 0.02ms, max = 0.45ms, min = 0.00ms, total = 11.20ms
	CoreWorker.ReportWorkerBacklog - 600 total (1 active), Execution time: mean = 0.00ms, total = 2.07ms, Queueing time: mean = 0.02ms, max = 0.44ms, min = 0.00ms, total = 11.02ms
	CoreWorker.ExitIfParentRayletDies - 600 total (1 active), Execution time: mean = 0.01ms, total = 3.76ms, Queueing time: mean = 0.02ms, max = 0.04ms, min = 0.00ms, total = 9.50ms
	CoreWorker.RecordMetrics - 120 total (1 active), Execution time: mean = 0.05ms, total = 5.72ms, Queueing time: mean = 0.01ms, max = 0.06ms, min = 0.00ms, total = 1.63ms
	CoreWorker.TryDelPendingObjectRefStreams - 60 total (1 active), Execution time: mean = 0.00ms, total = 0.15ms, Queueing time: mean = 0.05ms, max = 0.52ms, min = 0.00ms, total = 2.88ms
	CoreWorkerService.grpc_server.GetCoreWorkerStats - 40 total (0 active), Execution time: mean = 0.27ms, total = 10.82ms, Queueing time: mean = 0.00ms, max = -0.00ms, min = 9223372036854.78ms, total = 0.00ms
	CoreWorkerService.grpc_server.GetCoreWorkerStats.HandleRequestImpl - 40 total (0 active), Execution time: mean = 0.05ms, total = 1.86ms, Queueing time: mean = 0.02ms, max = 0.04ms, min = 0.02ms, total = 0.99ms
	Publisher.PublishFailure.WORKER_OBJECT_LOCATIONS_CHANNEL - 34 total (0 active), Execution time: mean = 0.00ms, total = 0.06ms, Queueing time: mean = 0.03ms, max = 0.06ms, min = 0.00ms, total = 0.93ms
	CoreWorker.PrintEventStats - 10 total (1 active, 1 running), Execution time: mean = 0.28ms, total = 2.79ms, Queueing time: mean = 0.02ms, max = 0.04ms, min = 0.01ms, total = 0.16ms
	PeriodicalRunner.RunFnPeriodically - 8 total (0 active), Execution time: mean = 0.02ms, total = 0.12ms, Queueing time: mean = 0.07ms, max = 0.12ms, min = 0.01ms, total = 0.55ms
	CoreWorkerService.grpc_server.PushTask - 6 total (0 active), Execution time: mean = 43786.36ms, total = 262718.17ms, Queueing time: mean = 0.00ms, max = -0.00ms, min = 9223372036854.78ms, total = 0.00ms
	CoreWorkerService.grpc_server.PushTask.HandleRequestImpl - 6 total (0 active), Execution time: mean = 0.08ms, total = 0.46ms, Queueing time: mean = 0.01ms, max = 0.02ms, min = 0.01ms, total = 0.08ms
	CoreWorkerService.grpc_client.PubsubCommandBatch - 3 total (0 active), Execution time: mean = 7.09ms, total = 21.26ms, Queueing time: mean = 0.00ms, max = -0.00ms, min = 9223372036854.78ms, total = 0.00ms
	CoreWorkerService.grpc_server.UpdateObjectLocationBatch - 3 total (0 active), Execution time: mean = 0.17ms, total = 0.51ms, Queueing time: mean = 0.00ms, max = -0.00ms, min = 9223372036854.78ms, total = 0.00ms
	CoreWorkerService.grpc_client.PubsubCommandBatch.OnReplyReceived - 3 total (0 active), Execution time: mean = 0.03ms, total = 0.08ms, Queueing time: mean = 0.01ms, max = 0.01ms, min = 0.00ms, total = 0.02ms
	CoreWorkerService.grpc_server.UpdateObjectLocationBatch.HandleRequestImpl - 3 total (0 active), Execution time: mean = 0.03ms, total = 0.10ms, Queueing time: mean = 0.02ms, max = 0.02ms, min = 0.01ms, total = 0.05ms
	Publisher.CheckDeadSubscribers - 3 total (1 active), Execution time: mean = 0.00ms, total = 0.00ms, Queueing time: mean = 0.01ms, max = 0.02ms, min = 0.01ms, total = 0.02ms
	Publisher.Publish.WORKER_OBJECT_LOCATIONS_CHANNEL - 2 total (0 active), Execution time: mean = 0.01ms, total = 0.01ms, Queueing time: mean = 0.02ms, max = 0.03ms, min = 0.02ms, total = 0.04ms
	NodeManagerService.grpc_client.PinObjectIDs.OnReplyReceived - 2 total (0 active), Execution time: mean = 0.07ms, total = 0.13ms, Queueing time: mean = 0.02ms, max = 0.02ms, min = 0.01ms, total = 0.04ms
	CoreWorkerService.grpc_client.PubsubLongPolling - 2 total (1 active), Execution time: mean = 116562.10ms, total = 233124.20ms, Queueing time: mean = 0.00ms, max = -0.00ms, min = 9223372036854.78ms, total = 0.00ms
	NodeManagerService.grpc_client.PinObjectIDs - 2 total (0 active), Execution time: mean = 1.09ms, total = 2.17ms, Queueing time: mean = 0.00ms, max = -0.00ms, min = 9223372036854.78ms, total = 0.00ms
	ray::rpc::ControlPlanePubSubGcsService.grpc_client.GcsSubscriberCommandBatch.OnReplyReceived - 1 total (0 active), Execution time: mean = 0.14ms, total = 0.14ms, Queueing time: mean = 0.01ms, max = 0.01ms, min = 0.01ms, total = 0.01ms
	ray::rpc::WorkerInfoGcsService.grpc_client.AddWorkerInfo - 1 total (0 active), Execution time: mean = 0.56ms, total = 0.56ms, Queueing time: mean = 0.00ms, max = -0.00ms, min = 9223372036854.78ms, total = 0.00ms
	ray::rpc::ControlPlanePubSubGcsService.grpc_client.GcsSubscriberPoll - 1 total (1 active), Execution time: mean = 0.00ms, total = 0.00ms, Queueing time: mean = 0.00ms, max = -0.00ms, min = 9223372036854.78ms, total = 0.00ms
	NodeManagerService.grpc_client.FreeLocalObjects - 1 total (0 active), Execution time: mean = 0.34ms, total = 0.34ms, Queueing time: mean = 0.00ms, max = -0.00ms, min = 9223372036854.78ms, total = 0.00ms
	ray::rpc::NodeInfoGcsService.grpc_client.GetAllNodeAddressAndLiveness.OnReplyReceived - 1 total (0 active), Execution time: mean = 0.22ms, total = 0.22ms, Queueing time: mean = 0.01ms, max = 0.01ms, min = 0.01ms, total = 0.01ms
	ray::rpc::ControlPlanePubSubGcsService.grpc_client.GcsSubscriberCommandBatch - 1 total (0 active), Execution time: mean = 1.88ms, total = 1.88ms, Queueing time: mean = 0.00ms, max = -0.00ms, min = 9223372036854.78ms, total = 0.00ms
	NodeManagerService.grpc_client.FreeLocalObjects.OnReplyReceived - 1 total (0 active), Execution time: mean = 0.01ms, total = 0.01ms, Queueing time: mean = 0.00ms, max = 0.00ms, min = 0.00ms, total = 0.00ms
	ray::rpc::NodeInfoGcsService.grpc_client.GetAllNodeAddressAndLiveness - 1 total (0 active), Execution time: mean = 0.34ms, total = 0.34ms, Queueing time: mean = 0.00ms, max = -0.00ms, min = 9223372036854.78ms, total = 0.00ms
	Subscriber.HandlePublishedMessage_WORKER_REF_REMOVED_CHANNEL - 1 total (0 active), Execution time: mean = 0.14ms, total = 0.14ms, Queueing time: mean = 0.13ms, max = 0.13ms, min = 0.13ms, total = 0.13ms
	CoreWorkerService.grpc_client.PubsubLongPolling.OnReplyReceived - 1 total (0 active), Execution time: mean = 0.14ms, total = 0.14ms, Queueing time: mean = 0.00ms, max = 0.00ms, min = 0.00ms, total = 0.00ms
	ray::rpc::WorkerInfoGcsService.grpc_client.AddWorkerInfo.OnReplyReceived - 1 total (0 active), Execution time: mean = 0.03ms, total = 0.03ms, Queueing time: mean = 0.01ms, max = 0.01ms, min = 0.01ms, total = 0.01ms

-----------------
Task execution event stats:

Global stats: 33673 total (1 active)
Queueing time: mean = 7.82ms, max = 133650.20ms, min = -0.02ms, total = 263285.83ms
Execution time:  mean = 7.80ms, total = 262806.41ms
Event stats:
	CoreWorker.CheckSignal - 33666 total (1 active), Execution time: mean = 0.00ms, total = 89.76ms, Queueing time: mean = 7.82ms, max = 133650.20ms, min = -0.02ms, total = 263285.73ms
	CoreWorker.HandlePushTaskActor - 5 total (0 active), Execution time: mean = 48417.76ms, total = 242088.80ms, Queueing time: mean = 0.02ms, max = 0.04ms, min = 0.01ms, total = 0.09ms
	CoreWorker.HandlePushTask - 1 total (0 active), Execution time: mean = 20627.85ms, total = 20627.85ms, Queueing time: mean = 0.00ms, max = 0.00ms, min = 0.00ms, total = 0.00ms
	PeriodicalRunner.RunFnPeriodically - 1 total (0 active), Execution time: mean = 0.01ms, total = 0.01ms, Queueing time: mean = 0.00ms, max = 0.00ms, min = 0.00ms, total = 0.00ms

-----------------
Task Event stats:

IO Service Stats:

Global stats: 619 total (1 active)
Queueing time: mean = 0.02ms, max = 0.06ms, min = -0.02ms, total = 14.03ms
Execution time:  mean = 0.02ms, total = 13.21ms
Event stats:
	CoreWorker.deadline_timer.flush_task_events - 600 total (1 active), Execution time: mean = 0.01ms, total = 7.32ms, Queueing time: mean = 0.02ms, max = 0.06ms, min = -0.02ms, total = 13.86ms
	ray::rpc::TaskInfoGcsService.grpc_client.AddTaskEventData - 9 total (0 active), Execution time: mean = 0.62ms, total = 5.61ms, Queueing time: mean = 0.00ms, max = -0.00ms, min = 9223372036854.78ms, total = 0.00ms
	ray::rpc::TaskInfoGcsService.grpc_client.AddTaskEventData.OnReplyReceived - 9 total (0 active), Execution time: mean = 0.03ms, total = 0.26ms, Queueing time: mean = 0.02ms, max = 0.03ms, min = 0.01ms, total = 0.16ms
	PeriodicalRunner.RunFnPeriodically - 1 total (0 active), Execution time: mean = 0.03ms, total = 0.03ms, Queueing time: mean = 0.01ms, max = 0.01ms, min = 0.01ms, total = 0.01ms
Other Stats:
	gcs_grpc_in_progress:0
	event_aggregator_grpc_in_progress:0
	current number of task status events in buffer: 0
	current number of profile events in buffer: 0
	current number of dropped task attempts tracked: 0
	total task events sent: 0.00276375 MiB
	total number of task attempts sent: 12
	total number of task attempts dropped reported: 0
	total number of sent failure: 0
	num status task events dropped: 0
	num profile task events dropped: 0
	num ray task events reported to aggregator: 0
	num ray task events failed to report to aggregator: 0
	num of task attempts dropped reported to aggregator: 0
	num of failed requests to aggregator: 0

[2026-09-04 01:11:04,514 I 7662 7696] core_worker.cc:498: Event stats:


Global stats: 8968 total (11 active)
Queueing time: mean = 0.02ms, max = 0.52ms, min = -0.01ms, total = 153.55ms
Execution time:  mean = 55.71ms, total = 499585.15ms
Event stats:
	CoreWorker.RecoverObjects - 6599 total (1 active), Execution time: mean = 0.00ms, total = 14.75ms, Queueing time: mean = 0.02ms, max = 0.09ms, min = -0.01ms, total = 110.79ms
	CoreWorker.InternalHeartbeat - 660 total (1 active), Execution time: mean = 0.00ms, total = 2.12ms, Queueing time: mean = 0.02ms, max = 0.45ms, min = 0.00ms, total = 12.21ms
	CoreWorker.ReportWorkerBacklog - 660 total (1 active), Execution time: mean = 0.00ms, total = 2.32ms, Queueing time: mean = 0.02ms, max = 0.44ms, min = 0.00ms, total = 12.00ms
	CoreWorker.ExitIfParentRayletDies - 660 total (1 active), Execution time: mean = 0.01ms, total = 4.18ms, Queueing time: mean = 0.02ms, max = 0.04ms, min = 0.00ms, total = 10.33ms
	CoreWorker.RecordMetrics - 132 total (1 active), Execution time: mean = 0.05ms, total = 6.38ms, Queueing time: mean = 0.01ms, max = 0.06ms, min = 0.00ms, total = 1.81ms
	CoreWorker.TryDelPendingObjectRefStreams - 66 total (1 active), Execution time: mean = 0.00ms, total = 0.17ms, Queueing time: mean = 0.05ms, max = 0.52ms, min = 0.00ms, total = 3.23ms
	CoreWorkerService.grpc_server.GetCoreWorkerStats - 44 total (0 active), Execution time: mean = 0.27ms, total = 11.78ms, Queueing time: mean = 0.00ms, max = -0.00ms, min = 9223372036854.78ms, total = 0.00ms
	CoreWorkerService.grpc_server.GetCoreWorkerStats.HandleRequestImpl - 44 total (0 active), Execution time: mean = 0.05ms, total = 2.05ms, Queueing time: mean = 0.02ms, max = 0.04ms, min = 0.01ms, total = 1.05ms
	Publisher.PublishFailure.WORKER_OBJECT_LOCATIONS_CHANNEL - 34 total (0 active), Execution time: mean = 0.00ms, total = 0.06ms, Queueing time: mean = 0.03ms, max = 0.06ms, min = 0.00ms, total = 0.93ms
	CoreWorker.PrintEventStats - 11 total (1 active, 1 running), Execution time: mean = 0.28ms, total = 3.10ms, Queueing time: mean = 0.02ms, max = 0.04ms, min = 0.01ms, total = 0.18ms
	CoreWorkerService.grpc_server.PushTask - 8 total (1 active), Execution time: mean = 33298.16ms, total = 266385.25ms, Queueing time: mean = 0.00ms, max = -0.00ms, min = 9223372036854.78ms, total = 0.00ms
	PeriodicalRunner.RunFnPeriodically - 8 total (0 active), Execution time: mean = 0.02ms, total = 0.12ms, Queueing time: mean = 0.07ms, max = 0.12ms, min = 0.01ms, total = 0.55ms
	CoreWorkerService.grpc_server.PushTask.HandleRequestImpl - 8 total (0 active), Execution time: mean = 0.07ms, total = 0.59ms, Queueing time: mean = 0.02ms, max = 0.02ms, min = 0.01ms, total = 0.13ms
	CoreWorkerService.grpc_client.PubsubCommandBatch - 3 total (0 active), Execution time: mean = 7.09ms, total = 21.26ms, Queueing time: mean = 0.00ms, max = -0.00ms, min = 9223372036854.78ms, total = 0.00ms
	CoreWorkerService.grpc_server.UpdateObjectLocationBatch - 3 total (0 active), Execution time: mean = 0.17ms, total = 0.51ms, Queueing time: mean = 0.00ms, max = -0.00ms, min = 9223372036854.78ms, total = 0.00ms
	CoreWorkerService.grpc_client.PubsubCommandBatch.OnReplyReceived - 3 total (0 active), Execution time: mean = 0.03ms, total = 0.08ms, Queueing time: mean = 0.01ms, max = 0.01ms, min = 0.00ms, total = 0.02ms
	CoreWorkerService.grpc_server.UpdateObjectLocationBatch.HandleRequestImpl - 3 total (0 active), Execution time: mean = 0.03ms, total = 0.10ms, Queueing time: mean = 0.02ms, max = 0.02ms, min = 0.01ms, total = 0.05ms
	Publisher.CheckDeadSubscribers - 3 total (1 active), Execution time: mean = 0.00ms, total = 0.00ms, Queueing time: mean = 0.01ms, max = 0.02ms, min = 0.01ms, total = 0.02ms
	Publisher.Publish.WORKER_OBJECT_LOCATIONS_CHANNEL - 2 total (0 active), Execution time: mean = 0.01ms, total = 0.01ms, Queueing time: mean = 0.02ms, max = 0.03ms, min = 0.02ms, total = 0.04ms
	NodeManagerService.grpc_client.PinObjectIDs.OnReplyReceived - 2 total (0 active), Execution time: mean = 0.07ms, total = 0.13ms, Queueing time: mean = 0.02ms, max = 0.02ms, min = 0.01ms, total = 0.04ms
	CoreWorkerService.grpc_client.PubsubLongPolling - 2 total (1 active), Execution time: mean = 116562.10ms, total = 233124.20ms, Queueing time: mean = 0.00ms, max = -0.00ms, min = 9223372036854.78ms, total = 0.00ms
	NodeManagerService.grpc_client.PinObjectIDs - 2 total (0 active), Execution time: mean = 1.09ms, total = 2.17ms, Queueing time: mean = 0.00ms, max = -0.00ms, min = 9223372036854.78ms, total = 0.00ms
	ray::rpc::ControlPlanePubSubGcsService.grpc_client.GcsSubscriberCommandBatch.OnReplyReceived - 1 total (0 active), Execution time: mean = 0.14ms, total = 0.14ms, Queueing time: mean = 0.01ms, max = 0.01ms, min = 0.01ms, total = 0.01ms
	ray::rpc::WorkerInfoGcsService.grpc_client.AddWorkerInfo - 1 total (0 active), Execution time: mean = 0.56ms, total = 0.56ms, Queueing time: mean = 0.00ms, max = -0.00ms, min = 9223372036854.78ms, total = 0.00ms
	ray::rpc::ControlPlanePubSubGcsService.grpc_client.GcsSubscriberPoll - 1 total (1 active), Execution time: mean = 0.00ms, total = 0.00ms, Queueing time: mean = 0.00ms, max = -0.00ms, min = 9223372036854.78ms, total = 0.00ms
	NodeManagerService.grpc_client.FreeLocalObjects - 1 total (0 active), Execution time: mean = 0.34ms, total = 0.34ms, Queueing time: mean = 0.00ms, max = -0.00ms, min = 9223372036854.78ms, total = 0.00ms
	ray::rpc::NodeInfoGcsService.grpc_client.GetAllNodeAddressAndLiveness.OnReplyReceived - 1 total (0 active), Execution time: mean = 0.22ms, total = 0.22ms, Queueing time: mean = 0.01ms, max = 0.01ms, min = 0.01ms, total = 0.01ms
	ray::rpc::ControlPlanePubSubGcsService.grpc_client.GcsSubscriberCommandBatch - 1 total (0 active), Execution time: mean = 1.88ms, total = 1.88ms, Queueing time: mean = 0.00ms, max = -0.00ms, min = 9223372036854.78ms, total = 0.00ms
	NodeManagerService.grpc_client.FreeLocalObjects.OnReplyReceived - 1 total (0 active), Execution time: mean = 0.01ms, total = 0.01ms, Queueing time: mean = 0.00ms, max = 0.00ms, min = 0.00ms, total = 0.00ms
	ray::rpc::NodeInfoGcsService.grpc_client.GetAllNodeAddressAndLiveness - 1 total (0 active), Execution time: mean = 0.34ms, total = 0.34ms, Queueing time: mean = 0.00ms, max = -0.00ms, min = 9223372036854.78ms, total = 0.00ms
	Subscriber.HandlePublishedMessage_WORKER_REF_REMOVED_CHANNEL - 1 total (0 active), Execution time: mean = 0.14ms, total = 0.14ms, Queueing time: mean = 0.13ms, max = 0.13ms, min = 0.13ms, total = 0.13ms
	CoreWorkerService.grpc_client.PubsubLongPolling.OnReplyReceived - 1 total (0 active), Execution time: mean = 0.14ms, total = 0.14ms, Queueing time: mean = 0.00ms, max = 0.00ms, min = 0.00ms, total = 0.00ms
	ray::rpc::WorkerInfoGcsService.grpc_client.AddWorkerInfo.OnReplyReceived - 1 total (0 active), Execution time: mean = 0.03ms, total = 0.03ms, Queueing time: mean = 0.01ms, max = 0.01ms, min = 0.01ms, total = 0.01ms

-----------------
Task execution event stats:

Global stats: 39083 total (2 active)
Queueing time: mean = 6.83ms, max = 133650.20ms, min = -0.02ms, total = 267010.90ms
Execution time:  mean = 6.82ms, total = 266485.89ms
Event stats:
	CoreWorker.CheckSignal - 39074 total (1 active), Execution time: mean = 0.00ms, total = 102.39ms, Queueing time: mean = 6.83ms, max = 133650.20ms, min = -0.02ms, total = 267010.79ms
	CoreWorker.HandlePushTaskActor - 7 total (1 active, 1 running), Execution time: mean = 35107.95ms, total = 245755.64ms, Queueing time: mean = 0.02ms, max = 0.04ms, min = 0.01ms, total = 0.11ms
	CoreWorker.HandlePushTask - 1 total (0 active), Execution time: mean = 20627.85ms, total = 20627.85ms, Queueing time: mean = 0.00ms, max = 0.00ms, min = 0.00ms, total = 0.00ms
	PeriodicalRunner.RunFnPeriodically - 1 total (0 active), Execution time: mean = 0.01ms, total = 0.01ms, Queueing time: mean = 0.00ms, max = 0.00ms, min = 0.00ms, total = 0.00ms

-----------------
Task Event stats:

IO Service Stats:

Global stats: 683 total (1 active)
Queueing time: mean = 0.02ms, max = 0.06ms, min = -0.02ms, total = 15.33ms
Execution time:  mean = 0.02ms, total = 15.16ms
Event stats:
	CoreWorker.deadline_timer.flush_task_events - 660 total (1 active), Execution time: mean = 0.01ms, total = 8.09ms, Queueing time: mean = 0.02ms, max = 0.06ms, min = -0.02ms, total = 15.12ms
	ray::rpc::TaskInfoGcsService.grpc_client.AddTaskEventData - 11 total (0 active), Execution time: mean = 0.61ms, total = 6.73ms, Queueing time: mean = 0.00ms, max = -0.00ms, min = 9223372036854.78ms, total = 0.00ms
	ray::rpc::TaskInfoGcsService.grpc_client.AddTaskEventData.OnReplyReceived - 11 total (0 active), Execution time: mean = 0.03ms, total = 0.32ms, Queueing time: mean = 0.02ms, max = 0.03ms, min = 0.01ms, total = 0.21ms
	PeriodicalRunner.RunFnPeriodically - 1 total (0 active), Execution time: mean = 0.03ms, total = 0.03ms, Queueing time: mean = 0.01ms, max = 0.01ms, min = 0.01ms, total = 0.01ms
Other Stats:
	gcs_grpc_in_progress:0
	event_aggregator_grpc_in_progress:0
	current number of task status events in buffer: 0
	current number of profile events in buffer: 0
	current number of dropped task attempts tracked: 0
	total task events sent: 0.00340748 MiB
	total number of task attempts sent: 15
	total number of task attempts dropped reported: 0
	total number of sent failure: 0
	num status task events dropped: 0
	num profile task events dropped: 0
	num ray task events reported to aggregator: 0
	num ray task events failed to report to aggregator: 0
	num of task attempts dropped reported to aggregator: 0
	num of failed requests to aggregator: 0

[2026-09-04 01:12:00,999 I 7662 7696] core_worker_shutdown_executor.cc:141: Executing worker exit: INTENDED_SYSTEM_EXIT - Worker exits because the actor is killed. The actor is dead because all references to the actor were removed including lineage ref count. (timeout: -1ms)
[2026-09-04 01:12:00,999 I 7662 7662] core_worker_shutdown_executor.cc:217: Wait for currently executing tasks in the underlying thread pools to finish.
[2026-09-04 01:12:00,999 I 7662 7662] core_worker_shutdown_executor.cc:255: Not draining reference counter since this is an actor worker.
[2026-09-04 01:12:01,005 I 7662 7662] core_worker_shutdown_executor.cc:303: Try killing all child processes of this worker as it exits. Child process pids: 11150,24418,24422
[2026-09-04 01:12:01,005 I 7662 7662] core_worker_shutdown_executor.cc:312: Kill result for child pid 11150: Success, bool 0
[2026-09-04 01:12:01,005 I 7662 7662] core_worker_shutdown_executor.cc:312: Kill result for child pid 24418: Success, bool 0
[2026-09-04 01:12:01,005 I 7662 7662] core_worker_shutdown_executor.cc:312: Kill result for child pid 24422: Success, bool 0
[2026-09-04 01:12:01,011 I 7662 7662] core_worker_shutdown_executor.cc:368: Sending disconnect message to the local raylet.
[2026-09-04 01:12:01,011 I 7662 7662] raylet_ipc_client.cc:133: RayletIpcClient::Disconnect, exit_type=INTENDED_SYSTEM_EXIT, exit_detail=Worker exits because the actor is killed. The actor is dead because all references to the actor were removed including lineage ref count., has creation_task_exception_pb_bytes=0
[2026-09-04 01:12:01,011 I 7662 7662] core_worker_shutdown_executor.cc:384: Disconnected from the local raylet.
[2026-09-04 01:12:01,011 I 7662 7662] task_event_buffer.cc:548: Shutting down TaskEventBuffer.
[2026-09-04 01:12:01,012 I 7662 7717] task_event_buffer.cc:507: Task event buffer io service stopped.
[2026-09-04 01:12:01,012 I 7662 7662] ray_event_recorder_base.cc:69: Stopping RayEventRecorder and flushing remaining events.
[2026-09-04 01:12:01,014 I 7662 7662] core_worker_shutdown_executor.cc:92: Waiting for joining a core worker io thread. If it hangs here, there might be deadlock or a high load in the core worker io service.
[2026-09-04 01:12:01,014 I 7662 7696] core_worker_process.cc:199: Core worker main io service stopped.
[2026-09-04 01:12:01,015 I 7662 7662] core_worker_shutdown_executor.cc:109: Waiting for joining the object-freed callback thread.
[2026-09-04 01:12:01,015 I 7662 7697] core_worker_process.cc:219: Object-freed callback service stopped.
[2026-09-04 01:12:01,017 I 7662 7662] core_worker_shutdown_executor.cc:118: Disconnecting a GCS client.
[2026-09-04 01:12:01,018 I 7662 7662] core_worker_shutdown_executor.cc:125: Core worker ready to be deallocated.
[2026-09-04 01:12:01,018 I 7662 7662] core_worker_process.cc:1054: Task execution loop terminated. Waiting for shutdown to complete...
[2026-09-04 01:12:01,018 I 7662 7662] core_worker_shutdown_executor.cc:43: Shutdown completed successfully
[2026-09-04 01:12:01,018 I 7662 7662] core_worker_process.cc:1056: Shutdown complete. Removing the global worker.
[2026-09-04 01:12:01,018 I 7662 7662] core_worker_shutdown_executor.cc:43: Shutdown completed successfully
[2026-09-04 01:12:01,019 I 7662 7662] core_worker.cc:584: Core worker is destructed
[2026-09-04 01:12:08,603 I 7662 7662] core_worker_process.cc:950: Destructing CoreWorkerProcessImpl. pid: 7662
[2026-09-04 01:12:08,603 I 7662 7662] stats.h:176: Stats module has shutdown.
