[2026-09-04 00:58:09,039 I 1536 1536] core_worker_process.cc:868: Constructing CoreWorkerProcess. pid: 1536
[2026-09-04 00:58:09,041 I 1536 1536] event.cc:499: Ray Event initialized for CORE_WORKER
[2026-09-04 00:58:09,042 I 1536 1536] event.cc:499: Ray Event initialized for EXPORT_TASK
[2026-09-04 00:58:09,042 I 1536 1536] event.cc:332: Set ray event level to warning
[2026-09-04 00:58:09,043 I 1536 1536] grpc_server.cc:144: worker server started, listening on port 20020.
[2026-09-04 00:58:09,044 I 1536 1536] core_worker_process.cc:299: Initializing worker at address: 10.244.18.139:20020 worker_id=2e895e853521ced9c3dd139e13209f6ff3640eec822e560c64e417d1 node_id=11215b0011fac4845f8eecab7d85f57fc12c4efc1ad3dce06ebdc204
[2026-09-04 00:58:09,045 I 1536 1536] task_event_buffer.cc:535: Reporting task events to GCS every 1000ms.
[2026-09-04 00:58:09,045 I 1536 1536] core_worker.cc:568: Adjusted worker niceness to 15
[2026-09-04 00:58:09,045 I 1536 2705] core_worker.cc:498: Event stats:


Global stats: 11 total (9 active)
Queueing time: mean = 0.00ms, max = 0.01ms, min = 0.00ms, total = 0.01ms
Execution time:  mean = 0.00ms, total = 0.02ms
Event stats:
	PeriodicalRunner.RunFnPeriodically - 8 total (6 active, 1 running), Execution time: mean = 0.00ms, total = 0.02ms, Queueing time: mean = 0.00ms, max = 0.01ms, min = 0.00ms, total = 0.01ms
	CoreWorker.ExitIfParentRayletDies - 1 total (1 active), Execution time: mean = 0.00ms, total = 0.00ms, Queueing time: mean = 0.00ms, max = -0.00ms, min = 9223372036854.78ms, total = 0.00ms
	Publisher.CheckDeadSubscribers - 1 total (1 active), Execution time: mean = 0.00ms, total = 0.00ms, Queueing time: mean = 0.00ms, max = -0.00ms, min = 9223372036854.78ms, total = 0.00ms
	ray::rpc::WorkerInfoGcsService.grpc_client.AddWorkerInfo - 1 total (1 active), Execution time: mean = 0.00ms, total = 0.00ms, Queueing time: mean = 0.00ms, max = -0.00ms, min = 9223372036854.78ms, total = 0.00ms

-----------------
Task execution event stats:

Global stats: 0 total (0 active)
Queueing time: mean = -nanms, max = -0.00ms, min = 9223372036854.78ms, total = 0.00ms
Execution time:  mean = -nanms, total = 0.00ms
Event stats:

-----------------
Task Event stats:

IO Service Stats:

Global stats: 2 total (1 active)
Queueing time: mean = 0.00ms, max = 0.01ms, min = 0.01ms, total = 0.01ms
Execution time:  mean = 0.01ms, total = 0.03ms
Event stats:
	CoreWorker.deadline_timer.flush_task_events - 1 total (1 active), Execution time: mean = 0.00ms, total = 0.00ms, Queueing time: mean = 0.00ms, max = -0.00ms, min = 9223372036854.78ms, total = 0.00ms
	PeriodicalRunner.RunFnPeriodically - 1 total (0 active), Execution time: mean = 0.03ms, total = 0.03ms, Queueing time: mean = 0.01ms, max = 0.01ms, min = 0.01ms, total = 0.01ms
Other Stats:
	gcs_grpc_in_progress:0
	event_aggregator_grpc_in_progress:0
	current number of task status events in buffer: 0
	current number of profile events in buffer: 0
	current number of dropped task attempts tracked: 0
	total task events sent: 0 MiB
	total number of task attempts sent: 0
	total number of task attempts dropped reported: 0
	total number of sent failure: 0
	num status task events dropped: 0
	num profile task events dropped: 0
	num ray task events reported to aggregator: 0
	num ray task events failed to report to aggregator: 0
	num of task attempts dropped reported to aggregator: 0
	num of failed requests to aggregator: 0

[2026-09-04 00:59:09,046 I 1536 2705] core_worker.cc:498: Event stats:


Global stats: 818 total (8 active)
Queueing time: mean = 0.02ms, max = 0.15ms, min = 0.00ms, total = 13.77ms
Execution time:  mean = 0.00ms, total = 3.91ms
Event stats:
	CoreWorker.RecoverObjects - 600 total (1 active), Execution time: mean = 0.00ms, total = 1.28ms, Queueing time: mean = 0.02ms, max = 0.06ms, min = 0.00ms, total = 10.09ms
	CoreWorker.ExitIfParentRayletDies - 60 total (1 active), Execution time: mean = 0.01ms, total = 0.42ms, Queueing time: mean = 0.01ms, max = 0.04ms, min = 0.00ms, total = 0.84ms
	CoreWorker.ReportWorkerBacklog - 60 total (1 active), Execution time: mean = 0.00ms, total = 0.19ms, Queueing time: mean = 0.02ms, max = 0.05ms, min = 0.00ms, total = 0.94ms
	CoreWorker.InternalHeartbeat - 60 total (1 active), Execution time: mean = 0.00ms, total = 0.15ms, Queueing time: mean = 0.02ms, max = 0.05ms, min = 0.00ms, total = 0.97ms
	CoreWorker.RecordMetrics - 12 total (1 active), Execution time: mean = 0.02ms, total = 0.25ms, Queueing time: mean = 0.01ms, max = 0.02ms, min = 0.00ms, total = 0.10ms
	PeriodicalRunner.RunFnPeriodically - 8 total (0 active), Execution time: mean = 0.02ms, total = 0.16ms, Queueing time: mean = 0.09ms, max = 0.15ms, min = 0.00ms, total = 0.70ms
	CoreWorker.TryDelPendingObjectRefStreams - 6 total (1 active), Execution time: mean = 0.00ms, total = 0.01ms, Queueing time: mean = 0.01ms, max = 0.02ms, min = 0.01ms, total = 0.07ms
	CoreWorkerService.grpc_server.GetCoreWorkerStats - 4 total (0 active), Execution time: mean = 0.22ms, total = 0.86ms, Queueing time: mean = 0.00ms, max = -0.00ms, min = 9223372036854.78ms, total = 0.00ms
	CoreWorkerService.grpc_server.GetCoreWorkerStats.HandleRequestImpl - 4 total (0 active), Execution time: mean = 0.06ms, total = 0.24ms, Queueing time: mean = 0.01ms, max = 0.03ms, min = 0.01ms, total = 0.06ms
	Publisher.CheckDeadSubscribers - 1 total (1 active), Execution time: mean = 0.00ms, total = 0.00ms, Queueing time: mean = 0.00ms, max = -0.00ms, min = 9223372036854.78ms, total = 0.00ms
	ray::rpc::WorkerInfoGcsService.grpc_client.AddWorkerInfo - 1 total (0 active), Execution time: mean = 0.34ms, total = 0.34ms, Queueing time: mean = 0.00ms, max = -0.00ms, min = 9223372036854.78ms, total = 0.00ms
	CoreWorker.PrintEventStats - 1 total (1 active, 1 running), Execution time: mean = 0.00ms, total = 0.00ms, Queueing time: mean = 0.00ms, max = -0.00ms, min = 9223372036854.78ms, total = 0.00ms
	ray::rpc::WorkerInfoGcsService.grpc_client.AddWorkerInfo.OnReplyReceived - 1 total (0 active), Execution time: mean = 0.02ms, total = 0.02ms, Queueing time: mean = 0.01ms, max = 0.01ms, min = 0.01ms, total = 0.01ms

-----------------
Task execution event stats:

Global stats: 5991 total (1 active)
Queueing time: mean = 0.02ms, max = 0.10ms, min = 0.00ms, total = 97.27ms
Execution time:  mean = 0.00ms, total = 11.58ms
Event stats:
	CoreWorker.CheckSignal - 5990 total (1 active), Execution time: mean = 0.00ms, total = 11.58ms, Queueing time: mean = 0.02ms, max = 0.10ms, min = 0.00ms, total = 97.26ms
	PeriodicalRunner.RunFnPeriodically - 1 total (0 active), Execution time: mean = 0.00ms, total = 0.00ms, Queueing time: mean = 0.00ms, max = 0.00ms, min = 0.00ms, total = 0.00ms

-----------------
Task Event stats:

IO Service Stats:

Global stats: 61 total (1 active)
Queueing time: mean = 0.02ms, max = 0.07ms, min = 0.01ms, total = 1.49ms
Execution time:  mean = 0.01ms, total = 0.53ms
Event stats:
	CoreWorker.deadline_timer.flush_task_events - 60 total (1 active), Execution time: mean = 0.01ms, total = 0.50ms, Queueing time: mean = 0.02ms, max = 0.07ms, min = 0.01ms, total = 1.49ms
	PeriodicalRunner.RunFnPeriodically - 1 total (0 active), Execution time: mean = 0.03ms, total = 0.03ms, Queueing time: mean = 0.01ms, max = 0.01ms, min = 0.01ms, total = 0.01ms
Other Stats:
	gcs_grpc_in_progress:0
	event_aggregator_grpc_in_progress:0
	current number of task status events in buffer: 0
	current number of profile events in buffer: 0
	current number of dropped task attempts tracked: 0
	total task events sent: 0 MiB
	total number of task attempts sent: 0
	total number of task attempts dropped reported: 0
	total number of sent failure: 0
	num status task events dropped: 0
	num profile task events dropped: 0
	num ray task events reported to aggregator: 0
	num ray task events failed to report to aggregator: 0
	num of task attempts dropped reported to aggregator: 0
	num of failed requests to aggregator: 0

[2026-09-04 01:00:09,046 I 1536 2705] core_worker.cc:498: Event stats:


Global stats: 1625 total (8 active)
Queueing time: mean = 0.02ms, max = 0.16ms, min = 0.00ms, total = 27.89ms
Execution time:  mean = 0.00ms, total = 7.28ms
Event stats:
	CoreWorker.RecoverObjects - 1200 total (1 active), Execution time: mean = 0.00ms, total = 2.41ms, Queueing time: mean = 0.02ms, max = 0.06ms, min = 0.00ms, total = 20.36ms
	CoreWorker.ExitIfParentRayletDies - 120 total (1 active), Execution time: mean = 0.01ms, total = 0.83ms, Queueing time: mean = 0.02ms, max = 0.06ms, min = 0.00ms, total = 1.83ms
	CoreWorker.ReportWorkerBacklog - 120 total (1 active), Execution time: mean = 0.00ms, total = 0.38ms, Queueing time: mean = 0.02ms, max = 0.07ms, min = 0.00ms, total = 2.14ms
	CoreWorker.InternalHeartbeat - 120 total (1 active), Execution time: mean = 0.00ms, total = 0.33ms, Queueing time: mean = 0.02ms, max = 0.07ms, min = 0.00ms, total = 2.19ms
	CoreWorker.RecordMetrics - 24 total (1 active), Execution time: mean = 0.02ms, total = 0.48ms, Queueing time: mean = 0.01ms, max = 0.02ms, min = 0.00ms, total = 0.21ms
	CoreWorker.TryDelPendingObjectRefStreams - 12 total (1 active), Execution time: mean = 0.00ms, total = 0.02ms, Queueing time: mean = 0.02ms, max = 0.16ms, min = 0.01ms, total = 0.29ms
	CoreWorkerService.grpc_server.GetCoreWorkerStats - 8 total (0 active), Execution time: mean = 0.21ms, total = 1.72ms, Queueing time: mean = 0.00ms, max = -0.00ms, min = 9223372036854.78ms, total = 0.00ms
	CoreWorkerService.grpc_server.GetCoreWorkerStats.HandleRequestImpl - 8 total (0 active), Execution time: mean = 0.04ms, total = 0.35ms, Queueing time: mean = 0.02ms, max = 0.05ms, min = 0.01ms, total = 0.15ms
	PeriodicalRunner.RunFnPeriodically - 8 total (0 active), Execution time: mean = 0.02ms, total = 0.16ms, Queueing time: mean = 0.09ms, max = 0.15ms, min = 0.00ms, total = 0.70ms
	CoreWorker.PrintEventStats - 2 total (1 active, 1 running), Execution time: mean = 0.12ms, total = 0.23ms, Queueing time: mean = 0.01ms, max = 0.02ms, min = 0.02ms, total = 0.02ms
	Publisher.CheckDeadSubscribers - 1 total (1 active), Execution time: mean = 0.00ms, total = 0.00ms, Queueing time: mean = 0.00ms, max = -0.00ms, min = 9223372036854.78ms, total = 0.00ms
	ray::rpc::WorkerInfoGcsService.grpc_client.AddWorkerInfo - 1 total (0 active), Execution time: mean = 0.34ms, total = 0.34ms, Queueing time: mean = 0.00ms, max = -0.00ms, min = 9223372036854.78ms, total = 0.00ms
	ray::rpc::WorkerInfoGcsService.grpc_client.AddWorkerInfo.OnReplyReceived - 1 total (0 active), Execution time: mean = 0.02ms, total = 0.02ms, Queueing time: mean = 0.01ms, max = 0.01ms, min = 0.01ms, total = 0.01ms

-----------------
Task execution event stats:

Global stats: 11981 total (1 active)
Queueing time: mean = 0.02ms, max = 0.32ms, min = -0.01ms, total = 190.52ms
Execution time:  mean = 0.00ms, total = 25.39ms
Event stats:
	CoreWorker.CheckSignal - 11980 total (1 active), Execution time: mean = 0.00ms, total = 25.39ms, Queueing time: mean = 0.02ms, max = 0.32ms, min = -0.01ms, total = 190.51ms
	PeriodicalRunner.RunFnPeriodically - 1 total (0 active), Execution time: mean = 0.00ms, total = 0.00ms, Queueing time: mean = 0.00ms, max = 0.00ms, min = 0.00ms, total = 0.00ms

-----------------
Task Event stats:

IO Service Stats:

Global stats: 121 total (1 active)
Queueing time: mean = 0.03ms, max = 0.07ms, min = 0.01ms, total = 3.24ms
Execution time:  mean = 0.01ms, total = 1.11ms
Event stats:
	CoreWorker.deadline_timer.flush_task_events - 120 total (1 active), Execution time: mean = 0.01ms, total = 1.08ms, Queueing time: mean = 0.03ms, max = 0.07ms, min = 0.01ms, total = 3.23ms
	PeriodicalRunner.RunFnPeriodically - 1 total (0 active), Execution time: mean = 0.03ms, total = 0.03ms, Queueing time: mean = 0.01ms, max = 0.01ms, min = 0.01ms, total = 0.01ms
Other Stats:
	gcs_grpc_in_progress:0
	event_aggregator_grpc_in_progress:0
	current number of task status events in buffer: 0
	current number of profile events in buffer: 0
	current number of dropped task attempts tracked: 0
	total task events sent: 0 MiB
	total number of task attempts sent: 0
	total number of task attempts dropped reported: 0
	total number of sent failure: 0
	num status task events dropped: 0
	num profile task events dropped: 0
	num ray task events reported to aggregator: 0
	num ray task events failed to report to aggregator: 0
	num of task attempts dropped reported to aggregator: 0
	num of failed requests to aggregator: 0

[2026-09-04 01:01:09,046 I 1536 2705] core_worker.cc:498: Event stats:


Global stats: 2432 total (8 active)
Queueing time: mean = 0.02ms, max = 0.16ms, min = 0.00ms, total = 42.60ms
Execution time:  mean = 0.00ms, total = 10.68ms
Event stats:
	CoreWorker.RecoverObjects - 1800 total (1 active), Execution time: mean = 0.00ms, total = 3.73ms, Queueing time: mean = 0.02ms, max = 0.13ms, min = 0.00ms, total = 31.07ms
	CoreWorker.ExitIfParentRayletDies - 180 total (1 active), Execution time: mean = 0.01ms, total = 1.33ms, Queueing time: mean = 0.02ms, max = 0.06ms, min = 0.00ms, total = 2.85ms
	CoreWorker.ReportWorkerBacklog - 180 total (1 active), Execution time: mean = 0.00ms, total = 0.61ms, Queueing time: mean = 0.02ms, max = 0.07ms, min = 0.00ms, total = 3.41ms
	CoreWorker.InternalHeartbeat - 180 total (1 active), Execution time: mean = 0.00ms, total = 0.50ms, Queueing time: mean = 0.02ms, max = 0.07ms, min = 0.00ms, total = 3.50ms
	CoreWorker.RecordMetrics - 36 total (1 active), Execution time: mean = 0.02ms, total = 0.76ms, Queueing time: mean = 0.01ms, max = 0.02ms, min = 0.00ms, total = 0.33ms
	CoreWorker.TryDelPendingObjectRefStreams - 18 total (1 active), Execution time: mean = 0.00ms, total = 0.04ms, Queueing time: mean = 0.03ms, max = 0.16ms, min = 0.01ms, total = 0.47ms
	CoreWorkerService.grpc_server.GetCoreWorkerStats - 12 total (0 active), Execution time: mean = 0.20ms, total = 2.38ms, Queueing time: mean = 0.00ms, max = -0.00ms, min = 9223372036854.78ms, total = 0.00ms
	CoreWorkerService.grpc_server.GetCoreWorkerStats.HandleRequestImpl - 12 total (0 active), Execution time: mean = 0.04ms, total = 0.43ms, Queueing time: mean = 0.02ms, max = 0.05ms, min = 0.01ms, total = 0.23ms
	PeriodicalRunner.RunFnPeriodically - 8 total (0 active), Execution time: mean = 0.02ms, total = 0.16ms, Queueing time: mean = 0.09ms, max = 0.15ms, min = 0.00ms, total = 0.70ms
	CoreWorker.PrintEventStats - 3 total (1 active, 1 running), Execution time: mean = 0.13ms, total = 0.39ms, Queueing time: mean = 0.01ms, max = 0.02ms, min = 0.02ms, total = 0.03ms
	Publisher.CheckDeadSubscribers - 1 total (1 active), Execution time: mean = 0.00ms, total = 0.00ms, Queueing time: mean = 0.00ms, max = -0.00ms, min = 9223372036854.78ms, total = 0.00ms
	ray::rpc::WorkerInfoGcsService.grpc_client.AddWorkerInfo - 1 total (0 active), Execution time: mean = 0.34ms, total = 0.34ms, Queueing time: mean = 0.00ms, max = -0.00ms, min = 9223372036854.78ms, total = 0.00ms
	ray::rpc::WorkerInfoGcsService.grpc_client.AddWorkerInfo.OnReplyReceived - 1 total (0 active), Execution time: mean = 0.02ms, total = 0.02ms, Queueing time: mean = 0.01ms, max = 0.01ms, min = 0.01ms, total = 0.01ms

-----------------
Task execution event stats:

Global stats: 17972 total (1 active)
Queueing time: mean = 0.01ms, max = 0.32ms, min = -0.01ms, total = 266.85ms
Execution time:  mean = 0.00ms, total = 36.27ms
Event stats:
	CoreWorker.CheckSignal - 17971 total (1 active), Execution time: mean = 0.00ms, total = 36.27ms, Queueing time: mean = 0.01ms, max = 0.32ms, min = -0.01ms, total = 266.85ms
	PeriodicalRunner.RunFnPeriodically - 1 total (0 active), Execution time: mean = 0.00ms, total = 0.00ms, Queueing time: mean = 0.00ms, max = 0.00ms, min = 0.00ms, total = 0.00ms

-----------------
Task Event stats:

IO Service Stats:

Global stats: 181 total (1 active)
Queueing time: mean = 0.03ms, max = 0.07ms, min = 0.01ms, total = 5.07ms
Execution time:  mean = 0.01ms, total = 1.69ms
Event stats:
	CoreWorker.deadline_timer.flush_task_events - 180 total (1 active), Execution time: mean = 0.01ms, total = 1.66ms, Queueing time: mean = 0.03ms, max = 0.07ms, min = 0.01ms, total = 5.06ms
	PeriodicalRunner.RunFnPeriodically - 1 total (0 active), Execution time: mean = 0.03ms, total = 0.03ms, Queueing time: mean = 0.01ms, max = 0.01ms, min = 0.01ms, total = 0.01ms
Other Stats:
	gcs_grpc_in_progress:0
	event_aggregator_grpc_in_progress:0
	current number of task status events in buffer: 0
	current number of profile events in buffer: 0
	current number of dropped task attempts tracked: 0
	total task events sent: 0 MiB
	total number of task attempts sent: 0
	total number of task attempts dropped reported: 0
	total number of sent failure: 0
	num status task events dropped: 0
	num profile task events dropped: 0
	num ray task events reported to aggregator: 0
	num ray task events failed to report to aggregator: 0
	num of task attempts dropped reported to aggregator: 0
	num of failed requests to aggregator: 0

[2026-09-04 01:02:09,046 I 1536 2705] core_worker.cc:498: Event stats:


Global stats: 3239 total (8 active)
Queueing time: mean = 0.02ms, max = 0.16ms, min = -0.01ms, total = 58.58ms
Execution time:  mean = 0.00ms, total = 13.79ms
Event stats:
	CoreWorker.RecoverObjects - 2400 total (1 active), Execution time: mean = 0.00ms, total = 5.03ms, Queueing time: mean = 0.02ms, max = 0.13ms, min = -0.01ms, total = 42.79ms
	CoreWorker.ExitIfParentRayletDies - 240 total (1 active), Execution time: mean = 0.01ms, total = 1.67ms, Queueing time: mean = 0.02ms, max = 0.06ms, min = 0.00ms, total = 4.01ms
	CoreWorker.ReportWorkerBacklog - 240 total (1 active), Execution time: mean = 0.00ms, total = 0.79ms, Queueing time: mean = 0.02ms, max = 0.07ms, min = 0.00ms, total = 4.73ms
	CoreWorker.InternalHeartbeat - 240 total (1 active), Execution time: mean = 0.00ms, total = 0.64ms, Queueing time: mean = 0.02ms, max = 0.07ms, min = 0.00ms, total = 4.87ms
	CoreWorker.RecordMetrics - 48 total (1 active), Execution time: mean = 0.02ms, total = 1.03ms, Queueing time: mean = 0.01ms, max = 0.03ms, min = 0.00ms, total = 0.49ms
	CoreWorker.TryDelPendingObjectRefStreams - 24 total (1 active), Execution time: mean = 0.00ms, total = 0.05ms, Queueing time: mean = 0.03ms, max = 0.16ms, min = 0.01ms, total = 0.64ms
	CoreWorkerService.grpc_server.GetCoreWorkerStats - 16 total (0 active), Execution time: mean = 0.19ms, total = 3.01ms, Queueing time: mean = 0.00ms, max = -0.00ms, min = 9223372036854.78ms, total = 0.00ms
	CoreWorkerService.grpc_server.GetCoreWorkerStats.HandleRequestImpl - 16 total (0 active), Execution time: mean = 0.03ms, total = 0.51ms, Queueing time: mean = 0.02ms, max = 0.05ms, min = 0.01ms, total = 0.31ms
	PeriodicalRunner.RunFnPeriodically - 8 total (0 active), Execution time: mean = 0.02ms, total = 0.16ms, Queueing time: mean = 0.09ms, max = 0.15ms, min = 0.00ms, total = 0.70ms
	CoreWorker.PrintEventStats - 4 total (1 active, 1 running), Execution time: mean = 0.14ms, total = 0.55ms, Queueing time: mean = 0.01ms, max = 0.02ms, min = 0.01ms, total = 0.04ms
	Publisher.CheckDeadSubscribers - 1 total (1 active), Execution time: mean = 0.00ms, total = 0.00ms, Queueing time: mean = 0.00ms, max = -0.00ms, min = 9223372036854.78ms, total = 0.00ms
	ray::rpc::WorkerInfoGcsService.grpc_client.AddWorkerInfo - 1 total (0 active), Execution time: mean = 0.34ms, total = 0.34ms, Queueing time: mean = 0.00ms, max = -0.00ms, min = 9223372036854.78ms, total = 0.00ms
	ray::rpc::WorkerInfoGcsService.grpc_client.AddWorkerInfo.OnReplyReceived - 1 total (0 active), Execution time: mean = 0.02ms, total = 0.02ms, Queueing time: mean = 0.01ms, max = 0.01ms, min = 0.01ms, total = 0.01ms

-----------------
Task execution event stats:

Global stats: 23960 total (1 active)
Queueing time: mean = 0.02ms, max = 1.46ms, min = -0.01ms, total = 377.02ms
Execution time:  mean = 0.00ms, total = 55.27ms
Event stats:
	CoreWorker.CheckSignal - 23959 total (1 active), Execution time: mean = 0.00ms, total = 55.27ms, Queueing time: mean = 0.02ms, max = 1.46ms, min = -0.01ms, total = 377.02ms
	PeriodicalRunner.RunFnPeriodically - 1 total (0 active), Execution time: mean = 0.00ms, total = 0.00ms, Queueing time: mean = 0.00ms, max = 0.00ms, min = 0.00ms, total = 0.00ms

-----------------
Task Event stats:

IO Service Stats:

Global stats: 241 total (1 active)
Queueing time: mean = 0.03ms, max = 0.07ms, min = 0.01ms, total = 6.63ms
Execution time:  mean = 0.01ms, total = 2.22ms
Event stats:
	CoreWorker.deadline_timer.flush_task_events - 240 total (1 active), Execution time: mean = 0.01ms, total = 2.19ms, Queueing time: mean = 0.03ms, max = 0.07ms, min = 0.01ms, total = 6.62ms
	PeriodicalRunner.RunFnPeriodically - 1 total (0 active), Execution time: mean = 0.03ms, total = 0.03ms, Queueing time: mean = 0.01ms, max = 0.01ms, min = 0.01ms, total = 0.01ms
Other Stats:
	gcs_grpc_in_progress:0
	event_aggregator_grpc_in_progress:0
	current number of task status events in buffer: 0
	current number of profile events in buffer: 0
	current number of dropped task attempts tracked: 0
	total task events sent: 0 MiB
	total number of task attempts sent: 0
	total number of task attempts dropped reported: 0
	total number of sent failure: 0
	num status task events dropped: 0
	num profile task events dropped: 0
	num ray task events reported to aggregator: 0
	num ray task events failed to report to aggregator: 0
	num of task attempts dropped reported to aggregator: 0
	num of failed requests to aggregator: 0

[2026-09-04 01:03:09,046 I 1536 2705] core_worker.cc:498: Event stats:


Global stats: 4047 total (8 active)
Queueing time: mean = 0.02ms, max = 0.16ms, min = -0.01ms, total = 72.77ms
Execution time:  mean = 0.00ms, total = 16.87ms
Event stats:
	CoreWorker.RecoverObjects - 3000 total (1 active), Execution time: mean = 0.00ms, total = 6.27ms, Queueing time: mean = 0.02ms, max = 0.13ms, min = -0.01ms, total = 53.66ms
	CoreWorker.ExitIfParentRayletDies - 300 total (1 active), Execution time: mean = 0.01ms, total = 2.00ms, Queueing time: mean = 0.02ms, max = 0.06ms, min = -0.01ms, total = 4.86ms
	CoreWorker.ReportWorkerBacklog - 300 total (1 active), Execution time: mean = 0.00ms, total = 0.96ms, Queueing time: mean = 0.02ms, max = 0.07ms, min = 0.00ms, total = 5.72ms
	CoreWorker.InternalHeartbeat - 300 total (1 active), Execution time: mean = 0.00ms, total = 0.78ms, Queueing time: mean = 0.02ms, max = 0.07ms, min = 0.00ms, total = 5.89ms
	CoreWorker.RecordMetrics - 60 total (1 active), Execution time: mean = 0.02ms, total = 1.31ms, Queueing time: mean = 0.01ms, max = 0.03ms, min = 0.00ms, total = 0.65ms
	CoreWorker.TryDelPendingObjectRefStreams - 30 total (1 active), Execution time: mean = 0.00ms, total = 0.06ms, Queueing time: mean = 0.03ms, max = 0.16ms, min = 0.01ms, total = 0.84ms
	CoreWorkerService.grpc_server.GetCoreWorkerStats - 20 total (0 active), Execution time: mean = 0.18ms, total = 3.62ms, Queueing time: mean = 0.00ms, max = -0.00ms, min = 9223372036854.78ms, total = 0.00ms
	CoreWorkerService.grpc_server.GetCoreWorkerStats.HandleRequestImpl - 20 total (0 active), Execution time: mean = 0.03ms, total = 0.61ms, Queueing time: mean = 0.02ms, max = 0.05ms, min = 0.01ms, total = 0.38ms
	PeriodicalRunner.RunFnPeriodically - 8 total (0 active), Execution time: mean = 0.02ms, total = 0.16ms, Queueing time: mean = 0.09ms, max = 0.15ms, min = 0.00ms, total = 0.70ms
	CoreWorker.PrintEventStats - 5 total (1 active, 1 running), Execution time: mean = 0.15ms, total = 0.73ms, Queueing time: mean = 0.01ms, max = 0.02ms, min = 0.01ms, total = 0.05ms
	Publisher.CheckDeadSubscribers - 2 total (1 active), Execution time: mean = 0.00ms, total = 0.00ms, Queueing time: mean = 0.00ms, max = 0.01ms, min = 0.01ms, total = 0.01ms
	ray::rpc::WorkerInfoGcsService.grpc_client.AddWorkerInfo - 1 total (0 active), Execution time: mean = 0.34ms, total = 0.34ms, Queueing time: mean = 0.00ms, max = -0.00ms, min = 9223372036854.78ms, total = 0.00ms
	ray::rpc::WorkerInfoGcsService.grpc_client.AddWorkerInfo.OnReplyReceived - 1 total (0 active), Execution time: mean = 0.02ms, total = 0.02ms, Queueing time: mean = 0.01ms, max = 0.01ms, min = 0.01ms, total = 0.01ms

-----------------
Task execution event stats:

Global stats: 29950 total (1 active)
Queueing time: mean = 0.02ms, max = 1.46ms, min = -0.02ms, total = 468.46ms
Execution time:  mean = 0.00ms, total = 68.94ms
Event stats:
	CoreWorker.CheckSignal - 29949 total (1 active), Execution time: mean = 0.00ms, total = 68.94ms, Queueing time: mean = 0.02ms, max = 1.46ms, min = -0.02ms, total = 468.45ms
	PeriodicalRunner.RunFnPeriodically - 1 total (0 active), Execution time: mean = 0.00ms, total = 0.00ms, Queueing time: mean = 0.00ms, max = 0.00ms, min = 0.00ms, total = 0.00ms

-----------------
Task Event stats:

IO Service Stats:

Global stats: 301 total (1 active)
Queueing time: mean = 0.03ms, max = 0.07ms, min = 0.01ms, total = 8.17ms
Execution time:  mean = 0.01ms, total = 2.86ms
Event stats:
	CoreWorker.deadline_timer.flush_task_events - 300 total (1 active), Execution time: mean = 0.01ms, total = 2.83ms, Queueing time: mean = 0.03ms, max = 0.07ms, min = 0.01ms, total = 8.16ms
	PeriodicalRunner.RunFnPeriodically - 1 total (0 active), Execution time: mean = 0.03ms, total = 0.03ms, Queueing time: mean = 0.01ms, max = 0.01ms, min = 0.01ms, total = 0.01ms
Other Stats:
	gcs_grpc_in_progress:0
	event_aggregator_grpc_in_progress:0
	current number of task status events in buffer: 0
	current number of profile events in buffer: 0
	current number of dropped task attempts tracked: 0
	total task events sent: 0 MiB
	total number of task attempts sent: 0
	total number of task attempts dropped reported: 0
	total number of sent failure: 0
	num status task events dropped: 0
	num profile task events dropped: 0
	num ray task events reported to aggregator: 0
	num ray task events failed to report to aggregator: 0
	num of task attempts dropped reported to aggregator: 0
	num of failed requests to aggregator: 0

[2026-09-04 01:04:09,046 I 1536 2705] core_worker.cc:498: Event stats:


Global stats: 4854 total (8 active)
Queueing time: mean = 0.02ms, max = 0.16ms, min = -0.01ms, total = 82.45ms
Execution time:  mean = 0.00ms, total = 19.94ms
Event stats:
	CoreWorker.RecoverObjects - 3600 total (1 active), Execution time: mean = 0.00ms, total = 7.43ms, Queueing time: mean = 0.02ms, max = 0.13ms, min = -0.01ms, total = 61.08ms
	CoreWorker.ExitIfParentRayletDies - 360 total (1 active), Execution time: mean = 0.01ms, total = 2.33ms, Queueing time: mean = 0.02ms, max = 0.06ms, min = -0.01ms, total = 5.47ms
	CoreWorker.ReportWorkerBacklog - 360 total (1 active), Execution time: mean = 0.00ms, total = 1.18ms, Queueing time: mean = 0.02ms, max = 0.07ms, min = 0.00ms, total = 6.44ms
	CoreWorker.InternalHeartbeat - 360 total (1 active), Execution time: mean = 0.00ms, total = 0.98ms, Queueing time: mean = 0.02ms, max = 0.07ms, min = 0.00ms, total = 6.63ms
	CoreWorker.RecordMetrics - 72 total (1 active), Execution time: mean = 0.02ms, total = 1.58ms, Queueing time: mean = 0.01ms, max = 0.03ms, min = 0.00ms, total = 0.74ms
	CoreWorker.TryDelPendingObjectRefStreams - 36 total (1 active), Execution time: mean = 0.00ms, total = 0.07ms, Queueing time: mean = 0.02ms, max = 0.16ms, min = 0.00ms, total = 0.89ms
	CoreWorkerService.grpc_server.GetCoreWorkerStats - 24 total (0 active), Execution time: mean = 0.18ms, total = 4.27ms, Queueing time: mean = 0.00ms, max = -0.00ms, min = 9223372036854.78ms, total = 0.00ms
	CoreWorkerService.grpc_server.GetCoreWorkerStats.HandleRequestImpl - 24 total (0 active), Execution time: mean = 0.03ms, total = 0.70ms, Queueing time: mean = 0.02ms, max = 0.05ms, min = 0.01ms, total = 0.43ms
	PeriodicalRunner.RunFnPeriodically - 8 total (0 active), Execution time: mean = 0.02ms, total = 0.16ms, Queueing time: mean = 0.09ms, max = 0.15ms, min = 0.00ms, total = 0.70ms
	CoreWorker.PrintEventStats - 6 total (1 active, 1 running), Execution time: mean = 0.15ms, total = 0.87ms, Queueing time: mean = 0.01ms, max = 0.02ms, min = 0.00ms, total = 0.06ms
	Publisher.CheckDeadSubscribers - 2 total (1 active), Execution time: mean = 0.00ms, total = 0.00ms, Queueing time: mean = 0.00ms, max = 0.01ms, min = 0.01ms, total = 0.01ms
	ray::rpc::WorkerInfoGcsService.grpc_client.AddWorkerInfo - 1 total (0 active), Execution time: mean = 0.34ms, total = 0.34ms, Queueing time: mean = 0.00ms, max = -0.00ms, min = 9223372036854.78ms, total = 0.00ms
	ray::rpc::WorkerInfoGcsService.grpc_client.AddWorkerInfo.OnReplyReceived - 1 total (0 active), Execution time: mean = 0.02ms, total = 0.02ms, Queueing time: mean = 0.01ms, max = 0.01ms, min = 0.01ms, total = 0.01ms

-----------------
Task execution event stats:

Global stats: 35943 total (1 active)
Queueing time: mean = 0.01ms, max = 1.46ms, min = -0.02ms, total = 536.12ms
Execution time:  mean = 0.00ms, total = 77.96ms
Event stats:
	CoreWorker.CheckSignal - 35942 total (1 active), Execution time: mean = 0.00ms, total = 77.95ms, Queueing time: mean = 0.01ms, max = 1.46ms, min = -0.02ms, total = 536.12ms
	PeriodicalRunner.RunFnPeriodically - 1 total (0 active), Execution time: mean = 0.00ms, total = 0.00ms, Queueing time: mean = 0.00ms, max = 0.00ms, min = 0.00ms, total = 0.00ms

-----------------
Task Event stats:

IO Service Stats:

Global stats: 361 total (1 active)
Queueing time: mean = 0.03ms, max = 0.07ms, min = 0.01ms, total = 9.52ms
Execution time:  mean = 0.01ms, total = 3.51ms
Event stats:
	CoreWorker.deadline_timer.flush_task_events - 360 total (1 active), Execution time: mean = 0.01ms, total = 3.48ms, Queueing time: mean = 0.03ms, max = 0.07ms, min = 0.01ms, total = 9.52ms
	PeriodicalRunner.RunFnPeriodically - 1 total (0 active), Execution time: mean = 0.03ms, total = 0.03ms, Queueing time: mean = 0.01ms, max = 0.01ms, min = 0.01ms, total = 0.01ms
Other Stats:
	gcs_grpc_in_progress:0
	event_aggregator_grpc_in_progress:0
	current number of task status events in buffer: 0
	current number of profile events in buffer: 0
	current number of dropped task attempts tracked: 0
	total task events sent: 0 MiB
	total number of task attempts sent: 0
	total number of task attempts dropped reported: 0
	total number of sent failure: 0
	num status task events dropped: 0
	num profile task events dropped: 0
	num ray task events reported to aggregator: 0
	num ray task events failed to report to aggregator: 0
	num of task attempts dropped reported to aggregator: 0
	num of failed requests to aggregator: 0

[2026-09-04 01:05:09,047 I 1536 2705] core_worker.cc:498: Event stats:


Global stats: 5661 total (8 active)
Queueing time: mean = 0.02ms, max = 0.17ms, min = -0.13ms, total = 96.25ms
Execution time:  mean = 0.00ms, total = 23.99ms
Event stats:
	CoreWorker.RecoverObjects - 4200 total (1 active), Execution time: mean = 0.00ms, total = 9.01ms, Queueing time: mean = 0.02ms, max = 0.13ms, min = -0.01ms, total = 71.19ms
	CoreWorker.ExitIfParentRayletDies - 420 total (1 active), Execution time: mean = 0.01ms, total = 2.99ms, Queueing time: mean = 0.01ms, max = 0.06ms, min = -0.13ms, total = 6.27ms
	CoreWorker.ReportWorkerBacklog - 420 total (1 active), Execution time: mean = 0.00ms, total = 1.48ms, Queueing time: mean = 0.02ms, max = 0.17ms, min = 0.00ms, total = 7.65ms
	CoreWorker.InternalHeartbeat - 420 total (1 active), Execution time: mean = 0.00ms, total = 1.20ms, Queueing time: mean = 0.02ms, max = 0.17ms, min = 0.00ms, total = 7.85ms
	CoreWorker.RecordMetrics - 84 total (1 active), Execution time: mean = 0.02ms, total = 1.87ms, Queueing time: mean = 0.01ms, max = 0.03ms, min = 0.00ms, total = 0.88ms
	CoreWorker.TryDelPendingObjectRefStreams - 42 total (1 active), Execution time: mean = 0.00ms, total = 0.08ms, Queueing time: mean = 0.03ms, max = 0.16ms, min = 0.00ms, total = 1.08ms
	CoreWorkerService.grpc_server.GetCoreWorkerStats - 28 total (0 active), Execution time: mean = 0.18ms, total = 4.97ms, Queueing time: mean = 0.00ms, max = -0.00ms, min = 9223372036854.78ms, total = 0.00ms
	CoreWorkerService.grpc_server.GetCoreWorkerStats.HandleRequestImpl - 28 total (0 active), Execution time: mean = 0.03ms, total = 0.82ms, Queueing time: mean = 0.02ms, max = 0.05ms, min = 0.01ms, total = 0.54ms
	PeriodicalRunner.RunFnPeriodically - 8 total (0 active), Execution time: mean = 0.02ms, total = 0.16ms, Queueing time: mean = 0.09ms, max = 0.15ms, min = 0.00ms, total = 0.70ms
	CoreWorker.PrintEventStats - 7 total (1 active, 1 running), Execution time: mean = 0.15ms, total = 1.03ms, Queueing time: mean = 0.01ms, max = 0.02ms, min = 0.00ms, total = 0.06ms
	Publisher.CheckDeadSubscribers - 2 total (1 active), Execution time: mean = 0.00ms, total = 0.00ms, Queueing time: mean = 0.00ms, max = 0.01ms, min = 0.01ms, total = 0.01ms
	ray::rpc::WorkerInfoGcsService.grpc_client.AddWorkerInfo - 1 total (0 active), Execution time: mean = 0.34ms, total = 0.34ms, Queueing time: mean = 0.00ms, max = -0.00ms, min = 9223372036854.78ms, total = 0.00ms
	ray::rpc::WorkerInfoGcsService.grpc_client.AddWorkerInfo.OnReplyReceived - 1 total (0 active), Execution time: mean = 0.02ms, total = 0.02ms, Queueing time: mean = 0.01ms, max = 0.01ms, min = 0.01ms, total = 0.01ms

-----------------
Task execution event stats:

Global stats: 41936 total (1 active)
Queueing time: mean = 0.01ms, max = 1.46ms, min = -0.02ms, total = 600.38ms
Execution time:  mean = 0.00ms, total = 87.73ms
Event stats:
	CoreWorker.CheckSignal - 41935 total (1 active), Execution time: mean = 0.00ms, total = 87.73ms, Queueing time: mean = 0.01ms, max = 1.46ms, min = -0.02ms, total = 600.38ms
	PeriodicalRunner.RunFnPeriodically - 1 total (0 active), Execution time: mean = 0.00ms, total = 0.00ms, Queueing time: mean = 0.00ms, max = 0.00ms, min = 0.00ms, total = 0.00ms

-----------------
Task Event stats:

IO Service Stats:

Global stats: 421 total (1 active)
Queueing time: mean = 0.03ms, max = 0.07ms, min = 0.01ms, total = 10.84ms
Execution time:  mean = 0.01ms, total = 4.10ms
Event stats:
	CoreWorker.deadline_timer.flush_task_events - 420 total (1 active), Execution time: mean = 0.01ms, total = 4.07ms, Queueing time: mean = 0.03ms, max = 0.07ms, min = 0.01ms, total = 10.83ms
	PeriodicalRunner.RunFnPeriodically - 1 total (0 active), Execution time: mean = 0.03ms, total = 0.03ms, Queueing time: mean = 0.01ms, max = 0.01ms, min = 0.01ms, total = 0.01ms
Other Stats:
	gcs_grpc_in_progress:0
	event_aggregator_grpc_in_progress:0
	current number of task status events in buffer: 0
	current number of profile events in buffer: 0
	current number of dropped task attempts tracked: 0
	total task events sent: 0 MiB
	total number of task attempts sent: 0
	total number of task attempts dropped reported: 0
	total number of sent failure: 0
	num status task events dropped: 0
	num profile task events dropped: 0
	num ray task events reported to aggregator: 0
	num ray task events failed to report to aggregator: 0
	num of task attempts dropped reported to aggregator: 0
	num of failed requests to aggregator: 0

[2026-09-04 01:06:09,047 I 1536 2705] core_worker.cc:498: Event stats:


Global stats: 6468 total (8 active)
Queueing time: mean = 0.02ms, max = 0.17ms, min = -0.13ms, total = 109.04ms
Execution time:  mean = 0.00ms, total = 27.26ms
Event stats:
	CoreWorker.RecoverObjects - 4800 total (1 active), Execution time: mean = 0.00ms, total = 10.23ms, Queueing time: mean = 0.02ms, max = 0.13ms, min = -0.01ms, total = 80.88ms
	CoreWorker.ExitIfParentRayletDies - 480 total (1 active), Execution time: mean = 0.01ms, total = 3.31ms, Queueing time: mean = 0.01ms, max = 0.06ms, min = -0.13ms, total = 7.09ms
	CoreWorker.ReportWorkerBacklog - 480 total (1 active), Execution time: mean = 0.00ms, total = 1.68ms, Queueing time: mean = 0.02ms, max = 0.17ms, min = 0.00ms, total = 8.57ms
	CoreWorker.InternalHeartbeat - 480 total (1 active), Execution time: mean = 0.00ms, total = 1.39ms, Queueing time: mean = 0.02ms, max = 0.17ms, min = 0.00ms, total = 8.79ms
	CoreWorker.RecordMetrics - 96 total (1 active), Execution time: mean = 0.02ms, total = 2.16ms, Queueing time: mean = 0.01ms, max = 0.03ms, min = 0.00ms, total = 1.02ms
	CoreWorker.TryDelPendingObjectRefStreams - 48 total (1 active), Execution time: mean = 0.00ms, total = 0.09ms, Queueing time: mean = 0.03ms, max = 0.16ms, min = 0.00ms, total = 1.28ms
	CoreWorkerService.grpc_server.GetCoreWorkerStats - 32 total (0 active), Execution time: mean = 0.18ms, total = 5.72ms, Queueing time: mean = 0.00ms, max = -0.00ms, min = 9223372036854.78ms, total = 0.00ms
	CoreWorkerService.grpc_server.GetCoreWorkerStats.HandleRequestImpl - 32 total (0 active), Execution time: mean = 0.03ms, total = 0.93ms, Queueing time: mean = 0.02ms, max = 0.05ms, min = 0.01ms, total = 0.61ms
	CoreWorker.PrintEventStats - 8 total (1 active, 1 running), Execution time: mean = 0.15ms, total = 1.22ms, Queueing time: mean = 0.01ms, max = 0.02ms, min = 0.00ms, total = 0.08ms
	PeriodicalRunner.RunFnPeriodically - 8 total (0 active), Execution time: mean = 0.02ms, total = 0.16ms, Queueing time: mean = 0.09ms, max = 0.15ms, min = 0.00ms, total = 0.70ms
	Publisher.CheckDeadSubscribers - 2 total (1 active), Execution time: mean = 0.00ms, total = 0.00ms, Queueing time: mean = 0.00ms, max = 0.01ms, min = 0.01ms, total = 0.01ms
	ray::rpc::WorkerInfoGcsService.grpc_client.AddWorkerInfo - 1 total (0 active), Execution time: mean = 0.34ms, total = 0.34ms, Queueing time: mean = 0.00ms, max = -0.00ms, min = 9223372036854.78ms, total = 0.00ms
	ray::rpc::WorkerInfoGcsService.grpc_client.AddWorkerInfo.OnReplyReceived - 1 total (0 active), Execution time: mean = 0.02ms, total = 0.02ms, Queueing time: mean = 0.01ms, max = 0.01ms, min = 0.01ms, total = 0.01ms

-----------------
Task execution event stats:

Global stats: 47929 total (1 active)
Queueing time: mean = 0.01ms, max = 1.46ms, min = -0.02ms, total = 656.76ms
Execution time:  mean = 0.00ms, total = 97.26ms
Event stats:
	CoreWorker.CheckSignal - 47928 total (1 active), Execution time: mean = 0.00ms, total = 97.26ms, Queueing time: mean = 0.01ms, max = 1.46ms, min = -0.02ms, total = 656.76ms
	PeriodicalRunner.RunFnPeriodically - 1 total (0 active), Execution time: mean = 0.00ms, total = 0.00ms, Queueing time: mean = 0.00ms, max = 0.00ms, min = 0.00ms, total = 0.00ms

-----------------
Task Event stats:

IO Service Stats:

Global stats: 481 total (1 active)
Queueing time: mean = 0.03ms, max = 0.07ms, min = 0.01ms, total = 12.28ms
Execution time:  mean = 0.01ms, total = 4.70ms
Event stats:
	CoreWorker.deadline_timer.flush_task_events - 480 total (1 active), Execution time: mean = 0.01ms, total = 4.67ms, Queueing time: mean = 0.03ms, max = 0.07ms, min = 0.01ms, total = 12.27ms
	PeriodicalRunner.RunFnPeriodically - 1 total (0 active), Execution time: mean = 0.03ms, total = 0.03ms, Queueing time: mean = 0.01ms, max = 0.01ms, min = 0.01ms, total = 0.01ms
Other Stats:
	gcs_grpc_in_progress:0
	event_aggregator_grpc_in_progress:0
	current number of task status events in buffer: 0
	current number of profile events in buffer: 0
	current number of dropped task attempts tracked: 0
	total task events sent: 0 MiB
	total number of task attempts sent: 0
	total number of task attempts dropped reported: 0
	total number of sent failure: 0
	num status task events dropped: 0
	num profile task events dropped: 0
	num ray task events reported to aggregator: 0
	num ray task events failed to report to aggregator: 0
	num of task attempts dropped reported to aggregator: 0
	num of failed requests to aggregator: 0

[2026-09-04 01:07:09,047 I 1536 2705] core_worker.cc:498: Event stats:


Global stats: 7275 total (8 active)
Queueing time: mean = 0.02ms, max = 0.17ms, min = -0.13ms, total = 123.03ms
Execution time:  mean = 0.00ms, total = 30.48ms
Event stats:
	CoreWorker.RecoverObjects - 5400 total (1 active), Execution time: mean = 0.00ms, total = 11.36ms, Queueing time: mean = 0.02ms, max = 0.13ms, min = -0.01ms, total = 91.20ms
	CoreWorker.ExitIfParentRayletDies - 540 total (1 active), Execution time: mean = 0.01ms, total = 3.59ms, Queueing time: mean = 0.02ms, max = 0.06ms, min = -0.13ms, total = 8.11ms
	CoreWorker.ReportWorkerBacklog - 540 total (1 active), Execution time: mean = 0.00ms, total = 1.86ms, Queueing time: mean = 0.02ms, max = 0.17ms, min = 0.00ms, total = 9.69ms
	CoreWorker.InternalHeartbeat - 540 total (1 active), Execution time: mean = 0.00ms, total = 1.54ms, Queueing time: mean = 0.02ms, max = 0.17ms, min = 0.00ms, total = 9.93ms
	CoreWorker.RecordMetrics - 108 total (1 active), Execution time: mean = 0.02ms, total = 2.45ms, Queueing time: mean = 0.01ms, max = 0.03ms, min = 0.00ms, total = 1.18ms
	CoreWorker.TryDelPendingObjectRefStreams - 54 total (1 active), Execution time: mean = 0.00ms, total = 0.10ms, Queueing time: mean = 0.03ms, max = 0.16ms, min = 0.00ms, total = 1.42ms
	CoreWorkerService.grpc_server.GetCoreWorkerStats - 36 total (0 active), Execution time: mean = 0.18ms, total = 6.60ms, Queueing time: mean = 0.00ms, max = -0.00ms, min = 9223372036854.78ms, total = 0.00ms
	CoreWorkerService.grpc_server.GetCoreWorkerStats.HandleRequestImpl - 36 total (0 active), Execution time: mean = 0.03ms, total = 1.06ms, Queueing time: mean = 0.02ms, max = 0.05ms, min = 0.01ms, total = 0.71ms
	CoreWorker.PrintEventStats - 9 total (1 active, 1 running), Execution time: mean = 0.15ms, total = 1.38ms, Queueing time: mean = 0.01ms, max = 0.02ms, min = 0.00ms, total = 0.09ms
	PeriodicalRunner.RunFnPeriodically - 8 total (0 active), Execution time: mean = 0.02ms, total = 0.16ms, Queueing time: mean = 0.09ms, max = 0.15ms, min = 0.00ms, total = 0.70ms
	Publisher.CheckDeadSubscribers - 2 total (1 active), Execution time: mean = 0.00ms, total = 0.00ms, Queueing time: mean = 0.00ms, max = 0.01ms, min = 0.01ms, total = 0.01ms
	ray::rpc::WorkerInfoGcsService.grpc_client.AddWorkerInfo - 1 total (0 active), Execution time: mean = 0.34ms, total = 0.34ms, Queueing time: mean = 0.00ms, max = -0.00ms, min = 9223372036854.78ms, total = 0.00ms
	ray::rpc::WorkerInfoGcsService.grpc_client.AddWorkerInfo.OnReplyReceived - 1 total (0 active), Execution time: mean = 0.02ms, total = 0.02ms, Queueing time: mean = 0.01ms, max = 0.01ms, min = 0.01ms, total = 0.01ms

-----------------
Task execution event stats:

Global stats: 53922 total (1 active)
Queueing time: mean = 0.01ms, max = 1.46ms, min = -0.02ms, total = 721.42ms
Execution time:  mean = 0.00ms, total = 108.95ms
Event stats:
	CoreWorker.CheckSignal - 53921 total (1 active), Execution time: mean = 0.00ms, total = 108.94ms, Queueing time: mean = 0.01ms, max = 1.46ms, min = -0.02ms, total = 721.42ms
	PeriodicalRunner.RunFnPeriodically - 1 total (0 active), Execution time: mean = 0.00ms, total = 0.00ms, Queueing time: mean = 0.00ms, max = 0.00ms, min = 0.00ms, total = 0.00ms

-----------------
Task Event stats:

IO Service Stats:

Global stats: 541 total (1 active)
Queueing time: mean = 0.03ms, max = 0.07ms, min = 0.01ms, total = 13.98ms
Execution time:  mean = 0.01ms, total = 5.36ms
Event stats:
	CoreWorker.deadline_timer.flush_task_events - 540 total (1 active), Execution time: mean = 0.01ms, total = 5.33ms, Queueing time: mean = 0.03ms, max = 0.07ms, min = 0.01ms, total = 13.97ms
	PeriodicalRunner.RunFnPeriodically - 1 total (0 active), Execution time: mean = 0.03ms, total = 0.03ms, Queueing time: mean = 0.01ms, max = 0.01ms, min = 0.01ms, total = 0.01ms
Other Stats:
	gcs_grpc_in_progress:0
	event_aggregator_grpc_in_progress:0
	current number of task status events in buffer: 0
	current number of profile events in buffer: 0
	current number of dropped task attempts tracked: 0
	total task events sent: 0 MiB
	total number of task attempts sent: 0
	total number of task attempts dropped reported: 0
	total number of sent failure: 0
	num status task events dropped: 0
	num profile task events dropped: 0
	num ray task events reported to aggregator: 0
	num ray task events failed to report to aggregator: 0
	num of task attempts dropped reported to aggregator: 0
	num of failed requests to aggregator: 0

[2026-09-04 01:08:09,047 I 1536 2705] core_worker.cc:498: Event stats:


Global stats: 8082 total (8 active)
Queueing time: mean = 0.02ms, max = 0.17ms, min = -0.13ms, total = 138.50ms
Execution time:  mean = 0.00ms, total = 33.68ms
Event stats:
	CoreWorker.RecoverObjects - 5999 total (1 active), Execution time: mean = 0.00ms, total = 12.53ms, Queueing time: mean = 0.02ms, max = 0.13ms, min = -0.01ms, total = 102.50ms
	CoreWorker.ExitIfParentRayletDies - 600 total (1 active), Execution time: mean = 0.01ms, total = 3.87ms, Queueing time: mean = 0.02ms, max = 0.07ms, min = -0.13ms, total = 9.22ms
	CoreWorker.ReportWorkerBacklog - 600 total (1 active), Execution time: mean = 0.00ms, total = 2.02ms, Queueing time: mean = 0.02ms, max = 0.17ms, min = 0.00ms, total = 10.92ms
	CoreWorker.InternalHeartbeat - 600 total (1 active), Execution time: mean = 0.00ms, total = 1.69ms, Queueing time: mean = 0.02ms, max = 0.17ms, min = 0.00ms, total = 11.17ms
	CoreWorker.RecordMetrics - 120 total (1 active), Execution time: mean = 0.02ms, total = 2.76ms, Queueing time: mean = 0.01ms, max = 0.03ms, min = 0.00ms, total = 1.37ms
	CoreWorker.TryDelPendingObjectRefStreams - 60 total (1 active), Execution time: mean = 0.00ms, total = 0.11ms, Queueing time: mean = 0.03ms, max = 0.16ms, min = 0.00ms, total = 1.69ms
	CoreWorkerService.grpc_server.GetCoreWorkerStats - 40 total (0 active), Execution time: mean = 0.18ms, total = 7.38ms, Queueing time: mean = 0.00ms, max = -0.00ms, min = 9223372036854.78ms, total = 0.00ms
	CoreWorkerService.grpc_server.GetCoreWorkerStats.HandleRequestImpl - 40 total (0 active), Execution time: mean = 0.03ms, total = 1.21ms, Queueing time: mean = 0.02ms, max = 0.05ms, min = 0.01ms, total = 0.79ms
	CoreWorker.PrintEventStats - 10 total (1 active, 1 running), Execution time: mean = 0.16ms, total = 1.59ms, Queueing time: mean = 0.01ms, max = 0.02ms, min = 0.00ms, total = 0.09ms
	PeriodicalRunner.RunFnPeriodically - 8 total (0 active), Execution time: mean = 0.02ms, total = 0.16ms, Queueing time: mean = 0.09ms, max = 0.15ms, min = 0.00ms, total = 0.70ms
	Publisher.CheckDeadSubscribers - 3 total (1 active), Execution time: mean = 0.00ms, total = 0.01ms, Queueing time: mean = 0.01ms, max = 0.04ms, min = 0.01ms, total = 0.04ms
	ray::rpc::WorkerInfoGcsService.grpc_client.AddWorkerInfo - 1 total (0 active), Execution time: mean = 0.34ms, total = 0.34ms, Queueing time: mean = 0.00ms, max = -0.00ms, min = 9223372036854.78ms, total = 0.00ms
	ray::rpc::WorkerInfoGcsService.grpc_client.AddWorkerInfo.OnReplyReceived - 1 total (0 active), Execution time: mean = 0.02ms, total = 0.02ms, Queueing time: mean = 0.01ms, max = 0.01ms, min = 0.01ms, total = 0.01ms

-----------------
Task execution event stats:

Global stats: 59910 total (1 active)
Queueing time: mean = 0.01ms, max = 1.46ms, min = -0.02ms, total = 835.26ms
Execution time:  mean = 0.00ms, total = 126.87ms
Event stats:
	CoreWorker.CheckSignal - 59909 total (1 active), Execution time: mean = 0.00ms, total = 126.87ms, Queueing time: mean = 0.01ms, max = 1.46ms, min = -0.02ms, total = 835.26ms
	PeriodicalRunner.RunFnPeriodically - 1 total (0 active), Execution time: mean = 0.00ms, total = 0.00ms, Queueing time: mean = 0.00ms, max = 0.00ms, min = 0.00ms, total = 0.00ms

-----------------
Task Event stats:

IO Service Stats:

Global stats: 601 total (1 active)
Queueing time: mean = 0.03ms, max = 0.07ms, min = 0.01ms, total = 15.49ms
Execution time:  mean = 0.01ms, total = 5.98ms
Event stats:
	CoreWorker.deadline_timer.flush_task_events - 600 total (1 active), Execution time: mean = 0.01ms, total = 5.96ms, Queueing time: mean = 0.03ms, max = 0.07ms, min = 0.01ms, total = 15.49ms
	PeriodicalRunner.RunFnPeriodically - 1 total (0 active), Execution time: mean = 0.03ms, total = 0.03ms, Queueing time: mean = 0.01ms, max = 0.01ms, min = 0.01ms, total = 0.01ms
Other Stats:
	gcs_grpc_in_progress:0
	event_aggregator_grpc_in_progress:0
	current number of task status events in buffer: 0
	current number of profile events in buffer: 0
	current number of dropped task attempts tracked: 0
	total task events sent: 0 MiB
	total number of task attempts sent: 0
	total number of task attempts dropped reported: 0
	total number of sent failure: 0
	num status task events dropped: 0
	num profile task events dropped: 0
	num ray task events reported to aggregator: 0
	num ray task events failed to report to aggregator: 0
	num of task attempts dropped reported to aggregator: 0
	num of failed requests to aggregator: 0

[2026-09-04 01:09:09,048 I 1536 2705] core_worker.cc:498: Event stats:


Global stats: 8889 total (8 active)
Queueing time: mean = 0.02ms, max = 0.23ms, min = -0.13ms, total = 151.61ms
Execution time:  mean = 0.00ms, total = 37.37ms
Event stats:
	CoreWorker.RecoverObjects - 6599 total (1 active), Execution time: mean = 0.00ms, total = 13.90ms, Queueing time: mean = 0.02ms, max = 0.13ms, min = -0.01ms, total = 112.38ms
	CoreWorker.ExitIfParentRayletDies - 660 total (1 active), Execution time: mean = 0.01ms, total = 4.20ms, Queueing time: mean = 0.02ms, max = 0.07ms, min = -0.13ms, total = 10.03ms
	CoreWorker.ReportWorkerBacklog - 660 total (1 active), Execution time: mean = 0.00ms, total = 2.25ms, Queueing time: mean = 0.02ms, max = 0.17ms, min = 0.00ms, total = 11.85ms
	CoreWorker.InternalHeartbeat - 660 total (1 active), Execution time: mean = 0.00ms, total = 1.94ms, Queueing time: mean = 0.02ms, max = 0.17ms, min = 0.00ms, total = 12.07ms
	CoreWorker.RecordMetrics - 132 total (1 active), Execution time: mean = 0.02ms, total = 3.05ms, Queueing time: mean = 0.01ms, max = 0.04ms, min = 0.00ms, total = 1.55ms
	CoreWorker.TryDelPendingObjectRefStreams - 66 total (1 active), Execution time: mean = 0.00ms, total = 0.13ms, Queueing time: mean = 0.03ms, max = 0.23ms, min = 0.00ms, total = 2.01ms
	CoreWorkerService.grpc_server.GetCoreWorkerStats - 44 total (0 active), Execution time: mean = 0.18ms, total = 8.13ms, Queueing time: mean = 0.00ms, max = -0.00ms, min = 9223372036854.78ms, total = 0.00ms
	CoreWorkerService.grpc_server.GetCoreWorkerStats.HandleRequestImpl - 44 total (0 active), Execution time: mean = 0.03ms, total = 1.32ms, Queueing time: mean = 0.02ms, max = 0.05ms, min = 0.01ms, total = 0.86ms
	CoreWorker.PrintEventStats - 11 total (1 active, 1 running), Execution time: mean = 0.18ms, total = 1.93ms, Queueing time: mean = 0.01ms, max = 0.02ms, min = 0.00ms, total = 0.11ms
	PeriodicalRunner.RunFnPeriodically - 8 total (0 active), Execution time: mean = 0.02ms, total = 0.16ms, Queueing time: mean = 0.09ms, max = 0.15ms, min = 0.00ms, total = 0.70ms
	Publisher.CheckDeadSubscribers - 3 total (1 active), Execution time: mean = 0.00ms, total = 0.01ms, Queueing time: mean = 0.01ms, max = 0.04ms, min = 0.01ms, total = 0.04ms
	ray::rpc::WorkerInfoGcsService.grpc_client.AddWorkerInfo - 1 total (0 active), Execution time: mean = 0.34ms, total = 0.34ms, Queueing time: mean = 0.00ms, max = -0.00ms, min = 9223372036854.78ms, total = 0.00ms
	ray::rpc::WorkerInfoGcsService.grpc_client.AddWorkerInfo.OnReplyReceived - 1 total (0 active), Execution time: mean = 0.02ms, total = 0.02ms, Queueing time: mean = 0.01ms, max = 0.01ms, min = 0.01ms, total = 0.01ms

-----------------
Task execution event stats:

Global stats: 65902 total (1 active)
Queueing time: mean = 0.01ms, max = 1.46ms, min = -0.02ms, total = 907.72ms
Execution time:  mean = 0.00ms, total = 137.70ms
Event stats:
	CoreWorker.CheckSignal - 65901 total (1 active), Execution time: mean = 0.00ms, total = 137.69ms, Queueing time: mean = 0.01ms, max = 1.46ms, min = -0.02ms, total = 907.72ms
	PeriodicalRunner.RunFnPeriodically - 1 total (0 active), Execution time: mean = 0.00ms, total = 0.00ms, Queueing time: mean = 0.00ms, max = 0.00ms, min = 0.00ms, total = 0.00ms

-----------------
Task Event stats:

IO Service Stats:

Global stats: 661 total (1 active)
Queueing time: mean = 0.03ms, max = 0.07ms, min = 0.01ms, total = 16.77ms
Execution time:  mean = 0.01ms, total = 6.50ms
Event stats:
	CoreWorker.deadline_timer.flush_task_events - 660 total (1 active), Execution time: mean = 0.01ms, total = 6.47ms, Queueing time: mean = 0.03ms, max = 0.07ms, min = 0.01ms, total = 16.76ms
	PeriodicalRunner.RunFnPeriodically - 1 total (0 active), Execution time: mean = 0.03ms, total = 0.03ms, Queueing time: mean = 0.01ms, max = 0.01ms, min = 0.01ms, total = 0.01ms
Other Stats:
	gcs_grpc_in_progress:0
	event_aggregator_grpc_in_progress:0
	current number of task status events in buffer: 0
	current number of profile events in buffer: 0
	current number of dropped task attempts tracked: 0
	total task events sent: 0 MiB
	total number of task attempts sent: 0
	total number of task attempts dropped reported: 0
	total number of sent failure: 0
	num status task events dropped: 0
	num profile task events dropped: 0
	num ray task events reported to aggregator: 0
	num ray task events failed to report to aggregator: 0
	num of task attempts dropped reported to aggregator: 0
	num of failed requests to aggregator: 0

[2026-09-04 01:10:09,048 I 1536 2705] core_worker.cc:498: Event stats:


Global stats: 9696 total (8 active)
Queueing time: mean = 0.02ms, max = 0.23ms, min = -0.13ms, total = 165.27ms
Execution time:  mean = 0.00ms, total = 40.20ms
Event stats:
	CoreWorker.RecoverObjects - 7199 total (1 active), Execution time: mean = 0.00ms, total = 15.04ms, Queueing time: mean = 0.02ms, max = 0.13ms, min = -0.01ms, total = 122.62ms
	CoreWorker.ExitIfParentRayletDies - 720 total (1 active), Execution time: mean = 0.01ms, total = 4.45ms, Queueing time: mean = 0.02ms, max = 0.07ms, min = -0.13ms, total = 10.99ms
	CoreWorker.ReportWorkerBacklog - 720 total (1 active), Execution time: mean = 0.00ms, total = 2.43ms, Queueing time: mean = 0.02ms, max = 0.17ms, min = 0.00ms, total = 12.86ms
	CoreWorker.InternalHeartbeat - 720 total (1 active), Execution time: mean = 0.00ms, total = 2.13ms, Queueing time: mean = 0.02ms, max = 0.17ms, min = 0.00ms, total = 13.10ms
	CoreWorker.RecordMetrics - 144 total (1 active), Execution time: mean = 0.02ms, total = 3.33ms, Queueing time: mean = 0.01ms, max = 0.04ms, min = 0.00ms, total = 1.73ms
	CoreWorker.TryDelPendingObjectRefStreams - 72 total (1 active), Execution time: mean = 0.00ms, total = 0.14ms, Queueing time: mean = 0.03ms, max = 0.23ms, min = 0.00ms, total = 2.17ms
	CoreWorkerService.grpc_server.GetCoreWorkerStats - 48 total (0 active), Execution time: mean = 0.18ms, total = 8.66ms, Queueing time: mean = 0.00ms, max = -0.00ms, min = 9223372036854.78ms, total = 0.00ms
	CoreWorkerService.grpc_server.GetCoreWorkerStats.HandleRequestImpl - 48 total (0 active), Execution time: mean = 0.03ms, total = 1.41ms, Queueing time: mean = 0.02ms, max = 0.05ms, min = 0.01ms, total = 0.93ms
	CoreWorker.PrintEventStats - 12 total (1 active, 1 running), Execution time: mean = 0.17ms, total = 2.09ms, Queueing time: mean = 0.01ms, max = 0.02ms, min = 0.00ms, total = 0.13ms
	PeriodicalRunner.RunFnPeriodically - 8 total (0 active), Execution time: mean = 0.02ms, total = 0.16ms, Queueing time: mean = 0.09ms, max = 0.15ms, min = 0.00ms, total = 0.70ms
	Publisher.CheckDeadSubscribers - 3 total (1 active), Execution time: mean = 0.00ms, total = 0.01ms, Queueing time: mean = 0.01ms, max = 0.04ms, min = 0.01ms, total = 0.04ms
	ray::rpc::WorkerInfoGcsService.grpc_client.AddWorkerInfo - 1 total (0 active), Execution time: mean = 0.34ms, total = 0.34ms, Queueing time: mean = 0.00ms, max = -0.00ms, min = 9223372036854.78ms, total = 0.00ms
	ray::rpc::WorkerInfoGcsService.grpc_client.AddWorkerInfo.OnReplyReceived - 1 total (0 active), Execution time: mean = 0.02ms, total = 0.02ms, Queueing time: mean = 0.01ms, max = 0.01ms, min = 0.01ms, total = 0.01ms

-----------------
Task execution event stats:

Global stats: 71893 total (1 active)
Queueing time: mean = 0.01ms, max = 1.46ms, min = -0.02ms, total = 991.75ms
Execution time:  mean = 0.00ms, total = 150.18ms
Event stats:
	CoreWorker.CheckSignal - 71892 total (1 active), Execution time: mean = 0.00ms, total = 150.18ms, Queueing time: mean = 0.01ms, max = 1.46ms, min = -0.02ms, total = 991.75ms
	PeriodicalRunner.RunFnPeriodically - 1 total (0 active), Execution time: mean = 0.00ms, total = 0.00ms, Queueing time: mean = 0.00ms, max = 0.00ms, min = 0.00ms, total = 0.00ms

-----------------
Task Event stats:

IO Service Stats:

Global stats: 721 total (1 active)
Queueing time: mean = 0.03ms, max = 0.07ms, min = 0.01ms, total = 18.29ms
Execution time:  mean = 0.01ms, total = 7.03ms
Event stats:
	CoreWorker.deadline_timer.flush_task_events - 720 total (1 active), Execution time: mean = 0.01ms, total = 7.00ms, Queueing time: mean = 0.03ms, max = 0.07ms, min = 0.01ms, total = 18.29ms
	PeriodicalRunner.RunFnPeriodically - 1 total (0 active), Execution time: mean = 0.03ms, total = 0.03ms, Queueing time: mean = 0.01ms, max = 0.01ms, min = 0.01ms, total = 0.01ms
Other Stats:
	gcs_grpc_in_progress:0
	event_aggregator_grpc_in_progress:0
	current number of task status events in buffer: 0
	current number of profile events in buffer: 0
	current number of dropped task attempts tracked: 0
	total task events sent: 0 MiB
	total number of task attempts sent: 0
	total number of task attempts dropped reported: 0
	total number of sent failure: 0
	num status task events dropped: 0
	num profile task events dropped: 0
	num ray task events reported to aggregator: 0
	num ray task events failed to report to aggregator: 0
	num of task attempts dropped reported to aggregator: 0
	num of failed requests to aggregator: 0

[2026-09-04 01:11:09,048 I 1536 2705] core_worker.cc:498: Event stats:


Global stats: 10503 total (8 active)
Queueing time: mean = 0.02ms, max = 0.23ms, min = -0.13ms, total = 175.79ms
Execution time:  mean = 0.00ms, total = 43.34ms
Event stats:
	CoreWorker.RecoverObjects - 7799 total (1 active), Execution time: mean = 0.00ms, total = 16.31ms, Queueing time: mean = 0.02ms, max = 0.13ms, min = -0.01ms, total = 130.47ms
	CoreWorker.ExitIfParentRayletDies - 780 total (1 active), Execution time: mean = 0.01ms, total = 4.74ms, Queueing time: mean = 0.02ms, max = 0.07ms, min = -0.13ms, total = 11.72ms
	CoreWorker.ReportWorkerBacklog - 780 total (1 active), Execution time: mean = 0.00ms, total = 2.64ms, Queueing time: mean = 0.02ms, max = 0.17ms, min = 0.00ms, total = 13.69ms
	CoreWorker.InternalHeartbeat - 780 total (1 active), Execution time: mean = 0.00ms, total = 2.37ms, Queueing time: mean = 0.02ms, max = 0.17ms, min = 0.00ms, total = 13.88ms
	CoreWorker.RecordMetrics - 156 total (1 active), Execution time: mean = 0.02ms, total = 3.58ms, Queueing time: mean = 0.01ms, max = 0.04ms, min = 0.00ms, total = 1.82ms
	CoreWorker.TryDelPendingObjectRefStreams - 78 total (1 active), Execution time: mean = 0.00ms, total = 0.15ms, Queueing time: mean = 0.03ms, max = 0.23ms, min = 0.00ms, total = 2.35ms
	CoreWorkerService.grpc_server.GetCoreWorkerStats - 52 total (0 active), Execution time: mean = 0.18ms, total = 9.23ms, Queueing time: mean = 0.00ms, max = -0.00ms, min = 9223372036854.78ms, total = 0.00ms
	CoreWorkerService.grpc_server.GetCoreWorkerStats.HandleRequestImpl - 52 total (0 active), Execution time: mean = 0.03ms, total = 1.50ms, Queueing time: mean = 0.02ms, max = 0.05ms, min = 0.01ms, total = 0.98ms
	CoreWorker.PrintEventStats - 13 total (1 active, 1 running), Execution time: mean = 0.18ms, total = 2.30ms, Queueing time: mean = 0.01ms, max = 0.02ms, min = 0.00ms, total = 0.14ms
	PeriodicalRunner.RunFnPeriodically - 8 total (0 active), Execution time: mean = 0.02ms, total = 0.16ms, Queueing time: mean = 0.09ms, max = 0.15ms, min = 0.00ms, total = 0.70ms
	Publisher.CheckDeadSubscribers - 3 total (1 active), Execution time: mean = 0.00ms, total = 0.01ms, Queueing time: mean = 0.01ms, max = 0.04ms, min = 0.01ms, total = 0.04ms
	ray::rpc::WorkerInfoGcsService.grpc_client.AddWorkerInfo - 1 total (0 active), Execution time: mean = 0.34ms, total = 0.34ms, Queueing time: mean = 0.00ms, max = -0.00ms, min = 9223372036854.78ms, total = 0.00ms
	ray::rpc::WorkerInfoGcsService.grpc_client.AddWorkerInfo.OnReplyReceived - 1 total (0 active), Execution time: mean = 0.02ms, total = 0.02ms, Queueing time: mean = 0.01ms, max = 0.01ms, min = 0.01ms, total = 0.01ms

-----------------
Task execution event stats:

Global stats: 77884 total (1 active)
Queueing time: mean = 0.01ms, max = 1.46ms, min = -0.02ms, total = 1075.86ms
Execution time:  mean = 0.00ms, total = 160.40ms
Event stats:
	CoreWorker.CheckSignal - 77883 total (1 active), Execution time: mean = 0.00ms, total = 160.40ms, Queueing time: mean = 0.01ms, max = 1.46ms, min = -0.02ms, total = 1075.86ms
	PeriodicalRunner.RunFnPeriodically - 1 total (0 active), Execution time: mean = 0.00ms, total = 0.00ms, Queueing time: mean = 0.00ms, max = 0.00ms, min = 0.00ms, total = 0.00ms

-----------------
Task Event stats:

IO Service Stats:

Global stats: 781 total (1 active)
Queueing time: mean = 0.03ms, max = 0.07ms, min = 0.01ms, total = 19.86ms
Execution time:  mean = 0.01ms, total = 7.59ms
Event stats:
	CoreWorker.deadline_timer.flush_task_events - 780 total (1 active), Execution time: mean = 0.01ms, total = 7.56ms, Queueing time: mean = 0.03ms, max = 0.07ms, min = 0.01ms, total = 19.86ms
	PeriodicalRunner.RunFnPeriodically - 1 total (0 active), Execution time: mean = 0.03ms, total = 0.03ms, Queueing time: mean = 0.01ms, max = 0.01ms, min = 0.01ms, total = 0.01ms
Other Stats:
	gcs_grpc_in_progress:0
	event_aggregator_grpc_in_progress:0
	current number of task status events in buffer: 0
	current number of profile events in buffer: 0
	current number of dropped task attempts tracked: 0
	total task events sent: 0 MiB
	total number of task attempts sent: 0
	total number of task attempts dropped reported: 0
	total number of sent failure: 0
	num status task events dropped: 0
	num profile task events dropped: 0
	num ray task events reported to aggregator: 0
	num ray task events failed to report to aggregator: 0
	num of task attempts dropped reported to aggregator: 0
	num of failed requests to aggregator: 0

[2026-09-04 01:12:09,048 I 1536 2705] core_worker.cc:498: Event stats:


Global stats: 11310 total (8 active)
Queueing time: mean = 0.02ms, max = 0.23ms, min = -0.13ms, total = 190.13ms
Execution time:  mean = 0.00ms, total = 46.89ms
Event stats:
	CoreWorker.RecoverObjects - 8399 total (1 active), Execution time: mean = 0.00ms, total = 17.92ms, Queueing time: mean = 0.02ms, max = 0.13ms, min = -0.01ms, total = 141.61ms
	CoreWorker.ExitIfParentRayletDies - 840 total (1 active), Execution time: mean = 0.01ms, total = 5.07ms, Queueing time: mean = 0.01ms, max = 0.07ms, min = -0.13ms, total = 12.58ms
	CoreWorker.ReportWorkerBacklog - 840 total (1 active), Execution time: mean = 0.00ms, total = 2.86ms, Queueing time: mean = 0.02ms, max = 0.17ms, min = 0.00ms, total = 14.66ms
	CoreWorker.InternalHeartbeat - 840 total (1 active), Execution time: mean = 0.00ms, total = 2.63ms, Queueing time: mean = 0.02ms, max = 0.17ms, min = 0.00ms, total = 14.83ms
	CoreWorker.RecordMetrics - 168 total (1 active), Execution time: mean = 0.02ms, total = 3.90ms, Queueing time: mean = 0.01ms, max = 0.04ms, min = 0.00ms, total = 1.98ms
	CoreWorker.TryDelPendingObjectRefStreams - 84 total (1 active), Execution time: mean = 0.00ms, total = 0.16ms, Queueing time: mean = 0.03ms, max = 0.23ms, min = 0.00ms, total = 2.55ms
	CoreWorkerService.grpc_server.GetCoreWorkerStats - 56 total (0 active), Execution time: mean = 0.17ms, total = 9.76ms, Queueing time: mean = 0.00ms, max = -0.00ms, min = 9223372036854.78ms, total = 0.00ms
	CoreWorkerService.grpc_server.GetCoreWorkerStats.HandleRequestImpl - 56 total (0 active), Execution time: mean = 0.03ms, total = 1.59ms, Queueing time: mean = 0.02ms, max = 0.05ms, min = 0.01ms, total = 1.02ms
	CoreWorker.PrintEventStats - 14 total (1 active, 1 running), Execution time: mean = 0.18ms, total = 2.46ms, Queueing time: mean = 0.01ms, max = 0.02ms, min = 0.00ms, total = 0.15ms
	PeriodicalRunner.RunFnPeriodically - 8 total (0 active), Execution time: mean = 0.02ms, total = 0.16ms, Queueing time: mean = 0.09ms, max = 0.15ms, min = 0.00ms, total = 0.70ms
	Publisher.CheckDeadSubscribers - 3 total (1 active), Execution time: mean = 0.00ms, total = 0.01ms, Queueing time: mean = 0.01ms, max = 0.04ms, min = 0.01ms, total = 0.04ms
	ray::rpc::WorkerInfoGcsService.grpc_client.AddWorkerInfo - 1 total (0 active), Execution time: mean = 0.34ms, total = 0.34ms, Queueing time: mean = 0.00ms, max = -0.00ms, min = 9223372036854.78ms, total = 0.00ms
	ray::rpc::WorkerInfoGcsService.grpc_client.AddWorkerInfo.OnReplyReceived - 1 total (0 active), Execution time: mean = 0.02ms, total = 0.02ms, Queueing time: mean = 0.01ms, max = 0.01ms, min = 0.01ms, total = 0.01ms

-----------------
Task execution event stats:

Global stats: 83874 total (1 active)
Queueing time: mean = 0.01ms, max = 1.46ms, min = -0.02ms, total = 1160.87ms
Execution time:  mean = 0.00ms, total = 171.15ms
Event stats:
	CoreWorker.CheckSignal - 83873 total (1 active), Execution time: mean = 0.00ms, total = 171.15ms, Queueing time: mean = 0.01ms, max = 1.46ms, min = -0.02ms, total = 1160.86ms
	PeriodicalRunner.RunFnPeriodically - 1 total (0 active), Execution time: mean = 0.00ms, total = 0.00ms, Queueing time: mean = 0.00ms, max = 0.00ms, min = 0.00ms, total = 0.00ms

-----------------
Task Event stats:

IO Service Stats:

Global stats: 841 total (1 active)
Queueing time: mean = 0.03ms, max = 0.07ms, min = 0.01ms, total = 21.59ms
Execution time:  mean = 0.01ms, total = 8.29ms
Event stats:
	CoreWorker.deadline_timer.flush_task_events - 840 total (1 active), Execution time: mean = 0.01ms, total = 8.26ms, Queueing time: mean = 0.03ms, max = 0.07ms, min = 0.01ms, total = 21.58ms
	PeriodicalRunner.RunFnPeriodically - 1 total (0 active), Execution time: mean = 0.03ms, total = 0.03ms, Queueing time: mean = 0.01ms, max = 0.01ms, min = 0.01ms, total = 0.01ms
Other Stats:
	gcs_grpc_in_progress:0
	event_aggregator_grpc_in_progress:0
	current number of task status events in buffer: 0
	current number of profile events in buffer: 0
	current number of dropped task attempts tracked: 0
	total task events sent: 0 MiB
	total number of task attempts sent: 0
	total number of task attempts dropped reported: 0
	total number of sent failure: 0
	num status task events dropped: 0
	num profile task events dropped: 0
	num ray task events reported to aggregator: 0
	num ray task events failed to report to aggregator: 0
	num of task attempts dropped reported to aggregator: 0
	num of failed requests to aggregator: 0

