[2026-09-04 00:58:08,854 I 1518 1518] core_worker_process.cc:868: Constructing CoreWorkerProcess. pid: 1518
[2026-09-04 00:58:08,857 I 1518 1518] event.cc:499: Ray Event initialized for CORE_WORKER
[2026-09-04 00:58:08,858 I 1518 1518] event.cc:499: Ray Event initialized for EXPORT_TASK
[2026-09-04 00:58:08,859 I 1518 1518] event.cc:332: Set ray event level to warning
[2026-09-04 00:58:08,861 I 1518 1518] grpc_server.cc:144: worker server started, listening on port 20005.
[2026-09-04 00:58:08,985 I 1518 1518] core_worker_process.cc:299: Initializing worker at address: 10.244.18.139:20005 worker_id=d170cb24aa10e8be9e3bc5d816132733b832bcfd3d015d9fd02846c7 node_id=11215b0011fac4845f8eecab7d85f57fc12c4efc1ad3dce06ebdc204
[2026-09-04 00:58:08,986 I 1518 1518] task_event_buffer.cc:535: Reporting task events to GCS every 1000ms.
[2026-09-04 00:58:08,988 I 1518 1518] core_worker.cc:568: Adjusted worker niceness to 15
[2026-09-04 00:58:08,988 I 1518 1833] core_worker.cc:498: Event stats:


Global stats: 11 total (9 active)
Queueing time: mean = 0.00ms, max = 0.03ms, min = 0.02ms, total = 0.05ms
Execution time:  mean = 0.00ms, total = 0.03ms
Event stats:
	PeriodicalRunner.RunFnPeriodically - 8 total (6 active, 1 running), Execution time: mean = 0.00ms, total = 0.03ms, Queueing time: mean = 0.01ms, max = 0.03ms, min = 0.02ms, total = 0.05ms
	Publisher.CheckDeadSubscribers - 1 total (1 active), Execution time: mean = 0.00ms, total = 0.00ms, Queueing time: mean = 0.00ms, max = -0.00ms, min = 9223372036854.78ms, total = 0.00ms
	ray::rpc::WorkerInfoGcsService.grpc_client.AddWorkerInfo - 1 total (1 active), Execution time: mean = 0.00ms, total = 0.00ms, Queueing time: mean = 0.00ms, max = -0.00ms, min = 9223372036854.78ms, total = 0.00ms
	CoreWorker.ExitIfParentRayletDies - 1 total (1 active), Execution time: mean = 0.00ms, total = 0.00ms, Queueing time: mean = 0.00ms, max = -0.00ms, min = 9223372036854.78ms, total = 0.00ms

-----------------
Task execution event stats:

Global stats: 0 total (0 active)
Queueing time: mean = -nanms, max = -0.00ms, min = 9223372036854.78ms, total = 0.00ms
Execution time:  mean = -nanms, total = 0.00ms
Event stats:

-----------------
Task Event stats:

IO Service Stats:

Global stats: 2 total (1 active)
Queueing time: mean = 0.01ms, max = 0.02ms, min = 0.02ms, total = 0.02ms
Execution time:  mean = 0.03ms, total = 0.05ms
Event stats:
	PeriodicalRunner.RunFnPeriodically - 1 total (0 active), Execution time: mean = 0.05ms, total = 0.05ms, Queueing time: mean = 0.02ms, max = 0.02ms, min = 0.02ms, total = 0.02ms
	CoreWorker.deadline_timer.flush_task_events - 1 total (1 active), Execution time: mean = 0.00ms, total = 0.00ms, Queueing time: mean = 0.00ms, max = -0.00ms, min = 9223372036854.78ms, total = 0.00ms
Other Stats:
	gcs_grpc_in_progress:0
	event_aggregator_grpc_in_progress:0
	current number of task status events in buffer: 0
	current number of profile events in buffer: 0
	current number of dropped task attempts tracked: 0
	total task events sent: 0 MiB
	total number of task attempts sent: 0
	total number of task attempts dropped reported: 0
	total number of sent failure: 0
	num status task events dropped: 0
	num profile task events dropped: 0
	num ray task events reported to aggregator: 0
	num ray task events failed to report to aggregator: 0
	num of task attempts dropped reported to aggregator: 0
	num of failed requests to aggregator: 0

[2026-09-04 00:59:08,989 I 1518 1833] core_worker.cc:498: Event stats:


Global stats: 818 total (8 active)
Queueing time: mean = 0.02ms, max = 0.78ms, min = 0.00ms, total = 13.86ms
Execution time:  mean = 0.01ms, total = 4.84ms
Event stats:
	CoreWorker.RecoverObjects - 600 total (1 active), Execution time: mean = 0.00ms, total = 1.06ms, Queueing time: mean = 0.01ms, max = 0.04ms, min = 0.00ms, total = 8.23ms
	CoreWorker.ExitIfParentRayletDies - 60 total (1 active), Execution time: mean = 0.01ms, total = 0.37ms, Queueing time: mean = 0.01ms, max = 0.03ms, min = 0.00ms, total = 0.75ms
	CoreWorker.InternalHeartbeat - 60 total (1 active), Execution time: mean = 0.00ms, total = 0.20ms, Queueing time: mean = 0.01ms, max = 0.03ms, min = 0.00ms, total = 0.45ms
	CoreWorker.ReportWorkerBacklog - 60 total (1 active), Execution time: mean = 0.00ms, total = 0.20ms, Queueing time: mean = 0.01ms, max = 0.03ms, min = 0.00ms, total = 0.43ms
	CoreWorker.RecordMetrics - 12 total (1 active), Execution time: mean = 0.02ms, total = 0.27ms, Queueing time: mean = 0.00ms, max = 0.01ms, min = 0.00ms, total = 0.05ms
	PeriodicalRunner.RunFnPeriodically - 8 total (0 active), Execution time: mean = 0.10ms, total = 0.79ms, Queueing time: mean = 0.48ms, max = 0.78ms, min = 0.02ms, total = 3.86ms
	CoreWorker.TryDelPendingObjectRefStreams - 6 total (1 active), Execution time: mean = 0.00ms, total = 0.01ms, Queueing time: mean = 0.01ms, max = 0.01ms, min = 0.00ms, total = 0.03ms
	CoreWorkerService.grpc_server.GetCoreWorkerStats - 4 total (0 active), Execution time: mean = 0.19ms, total = 0.76ms, Queueing time: mean = 0.00ms, max = -0.00ms, min = 9223372036854.78ms, total = 0.00ms
	CoreWorkerService.grpc_server.GetCoreWorkerStats.HandleRequestImpl - 4 total (0 active), Execution time: mean = 0.04ms, total = 0.16ms, Queueing time: mean = 0.01ms, max = 0.01ms, min = 0.01ms, total = 0.04ms
	ray::rpc::WorkerInfoGcsService.grpc_client.AddWorkerInfo.OnReplyReceived - 1 total (0 active), Execution time: mean = 0.05ms, total = 0.05ms, Queueing time: mean = 0.01ms, max = 0.01ms, min = 0.01ms, total = 0.01ms
	Publisher.CheckDeadSubscribers - 1 total (1 active), Execution time: mean = 0.00ms, total = 0.00ms, Queueing time: mean = 0.00ms, max = -0.00ms, min = 9223372036854.78ms, total = 0.00ms
	ray::rpc::WorkerInfoGcsService.grpc_client.AddWorkerInfo - 1 total (0 active), Execution time: mean = 0.99ms, total = 0.99ms, Queueing time: mean = 0.00ms, max = -0.00ms, min = 9223372036854.78ms, total = 0.00ms
	CoreWorker.PrintEventStats - 1 total (1 active, 1 running), Execution time: mean = 0.00ms, total = 0.00ms, Queueing time: mean = 0.00ms, max = -0.00ms, min = 9223372036854.78ms, total = 0.00ms

-----------------
Task execution event stats:

Global stats: 5993 total (1 active)
Queueing time: mean = 0.01ms, max = 0.08ms, min = -0.00ms, total = 78.58ms
Execution time:  mean = 0.00ms, total = 10.33ms
Event stats:
	CoreWorker.CheckSignal - 5992 total (1 active), Execution time: mean = 0.00ms, total = 10.33ms, Queueing time: mean = 0.01ms, max = 0.08ms, min = -0.00ms, total = 78.58ms
	PeriodicalRunner.RunFnPeriodically - 1 total (0 active), Execution time: mean = 0.01ms, total = 0.01ms, Queueing time: mean = 0.00ms, max = 0.00ms, min = 0.00ms, total = 0.00ms

-----------------
Task Event stats:

IO Service Stats:

Global stats: 62 total (1 active)
Queueing time: mean = 0.02ms, max = 0.05ms, min = 0.01ms, total = 1.21ms
Execution time:  mean = 0.01ms, total = 0.72ms
Event stats:
	CoreWorker.deadline_timer.flush_task_events - 61 total (1 active), Execution time: mean = 0.01ms, total = 0.67ms, Queueing time: mean = 0.02ms, max = 0.05ms, min = 0.01ms, total = 1.20ms
	PeriodicalRunner.RunFnPeriodically - 1 total (0 active), Execution time: mean = 0.05ms, total = 0.05ms, Queueing time: mean = 0.02ms, max = 0.02ms, min = 0.02ms, total = 0.02ms
Other Stats:
	gcs_grpc_in_progress:0
	event_aggregator_grpc_in_progress:0
	current number of task status events in buffer: 0
	current number of profile events in buffer: 0
	current number of dropped task attempts tracked: 0
	total task events sent: 0 MiB
	total number of task attempts sent: 0
	total number of task attempts dropped reported: 0
	total number of sent failure: 0
	num status task events dropped: 0
	num profile task events dropped: 0
	num ray task events reported to aggregator: 0
	num ray task events failed to report to aggregator: 0
	num of task attempts dropped reported to aggregator: 0
	num of failed requests to aggregator: 0

[2026-09-04 01:00:08,989 I 1518 1833] core_worker.cc:498: Event stats:


Global stats: 1625 total (8 active)
Queueing time: mean = 0.02ms, max = 0.78ms, min = -0.00ms, total = 29.10ms
Execution time:  mean = 0.01ms, total = 8.94ms
Event stats:
	CoreWorker.RecoverObjects - 1200 total (1 active), Execution time: mean = 0.00ms, total = 2.82ms, Queueing time: mean = 0.02ms, max = 0.06ms, min = -0.00ms, total = 19.63ms
	CoreWorker.ExitIfParentRayletDies - 120 total (1 active), Execution time: mean = 0.01ms, total = 0.83ms, Queueing time: mean = 0.02ms, max = 0.05ms, min = 0.00ms, total = 1.89ms
	CoreWorker.InternalHeartbeat - 120 total (1 active), Execution time: mean = 0.00ms, total = 0.39ms, Queueing time: mean = 0.01ms, max = 0.05ms, min = 0.00ms, total = 1.58ms
	CoreWorker.ReportWorkerBacklog - 120 total (1 active), Execution time: mean = 0.00ms, total = 0.44ms, Queueing time: mean = 0.01ms, max = 0.05ms, min = 0.00ms, total = 1.52ms
	CoreWorker.RecordMetrics - 24 total (1 active), Execution time: mean = 0.02ms, total = 0.55ms, Queueing time: mean = 0.01ms, max = 0.03ms, min = 0.00ms, total = 0.17ms
	CoreWorker.TryDelPendingObjectRefStreams - 12 total (1 active), Execution time: mean = 0.00ms, total = 0.03ms, Queueing time: mean = 0.03ms, max = 0.16ms, min = 0.00ms, total = 0.32ms
	PeriodicalRunner.RunFnPeriodically - 8 total (0 active), Execution time: mean = 0.10ms, total = 0.79ms, Queueing time: mean = 0.48ms, max = 0.78ms, min = 0.02ms, total = 3.86ms
	CoreWorkerService.grpc_server.GetCoreWorkerStats - 8 total (0 active), Execution time: mean = 0.20ms, total = 1.59ms, Queueing time: mean = 0.00ms, max = -0.00ms, min = 9223372036854.78ms, total = 0.00ms
	CoreWorkerService.grpc_server.GetCoreWorkerStats.HandleRequestImpl - 8 total (0 active), Execution time: mean = 0.03ms, total = 0.25ms, Queueing time: mean = 0.01ms, max = 0.04ms, min = 0.01ms, total = 0.12ms
	CoreWorker.PrintEventStats - 2 total (1 active, 1 running), Execution time: mean = 0.11ms, total = 0.23ms, Queueing time: mean = 0.00ms, max = 0.01ms, min = 0.01ms, total = 0.01ms
	ray::rpc::WorkerInfoGcsService.grpc_client.AddWorkerInfo.OnReplyReceived - 1 total (0 active), Execution time: mean = 0.05ms, total = 0.05ms, Queueing time: mean = 0.01ms, max = 0.01ms, min = 0.01ms, total = 0.01ms
	Publisher.CheckDeadSubscribers - 1 total (1 active), Execution time: mean = 0.00ms, total = 0.00ms, Queueing time: mean = 0.00ms, max = -0.00ms, min = 9223372036854.78ms, total = 0.00ms
	ray::rpc::WorkerInfoGcsService.grpc_client.AddWorkerInfo - 1 total (0 active), Execution time: mean = 0.99ms, total = 0.99ms, Queueing time: mean = 0.00ms, max = -0.00ms, min = 9223372036854.78ms, total = 0.00ms

-----------------
Task execution event stats:

Global stats: 11982 total (1 active)
Queueing time: mean = 0.01ms, max = 0.10ms, min = -0.01ms, total = 173.52ms
Execution time:  mean = 0.00ms, total = 25.51ms
Event stats:
	CoreWorker.CheckSignal - 11981 total (1 active), Execution time: mean = 0.00ms, total = 25.50ms, Queueing time: mean = 0.01ms, max = 0.10ms, min = -0.01ms, total = 173.52ms
	PeriodicalRunner.RunFnPeriodically - 1 total (0 active), Execution time: mean = 0.01ms, total = 0.01ms, Queueing time: mean = 0.00ms, max = 0.00ms, min = 0.00ms, total = 0.00ms

-----------------
Task Event stats:

IO Service Stats:

Global stats: 121 total (1 active)
Queueing time: mean = 0.02ms, max = 0.05ms, min = 0.01ms, total = 2.54ms
Execution time:  mean = 0.01ms, total = 1.49ms
Event stats:
	CoreWorker.deadline_timer.flush_task_events - 120 total (1 active), Execution time: mean = 0.01ms, total = 1.44ms, Queueing time: mean = 0.02ms, max = 0.05ms, min = 0.01ms, total = 2.53ms
	PeriodicalRunner.RunFnPeriodically - 1 total (0 active), Execution time: mean = 0.05ms, total = 0.05ms, Queueing time: mean = 0.02ms, max = 0.02ms, min = 0.02ms, total = 0.02ms
Other Stats:
	gcs_grpc_in_progress:0
	event_aggregator_grpc_in_progress:0
	current number of task status events in buffer: 0
	current number of profile events in buffer: 0
	current number of dropped task attempts tracked: 0
	total task events sent: 0 MiB
	total number of task attempts sent: 0
	total number of task attempts dropped reported: 0
	total number of sent failure: 0
	num status task events dropped: 0
	num profile task events dropped: 0
	num ray task events reported to aggregator: 0
	num ray task events failed to report to aggregator: 0
	num of task attempts dropped reported to aggregator: 0
	num of failed requests to aggregator: 0

[2026-09-04 01:01:00,399 I 1518 1518] actor_task_submitter.cc:75: Set actor max pending calls to -1 actor_id=c9d941681c020834fe7847db01000000
[2026-09-04 01:01:00,399 I 1518 1518] core_worker.cc:3112: Creating actor actor_id=c9d941681c020834fe7847db01000000
[2026-09-04 01:01:08,989 I 1518 1833] core_worker.cc:498: Event stats:


Global stats: 2435 total (9 active)
Queueing time: mean = 0.02ms, max = 0.78ms, min = -0.00ms, total = 40.53ms
Execution time:  mean = 0.01ms, total = 12.78ms
Event stats:
	CoreWorker.RecoverObjects - 1800 total (1 active), Execution time: mean = 0.00ms, total = 3.90ms, Queueing time: mean = 0.02ms, max = 0.06ms, min = -0.00ms, total = 27.98ms
	CoreWorker.ReportWorkerBacklog - 180 total (1 active), Execution time: mean = 0.00ms, total = 0.67ms, Queueing time: mean = 0.01ms, max = 0.05ms, min = 0.00ms, total = 2.46ms
	CoreWorker.InternalHeartbeat - 180 total (1 active), Execution time: mean = 0.00ms, total = 0.59ms, Queueing time: mean = 0.01ms, max = 0.06ms, min = 0.00ms, total = 2.56ms
	CoreWorker.ExitIfParentRayletDies - 180 total (1 active), Execution time: mean = 0.01ms, total = 1.29ms, Queueing time: mean = 0.01ms, max = 0.05ms, min = 0.00ms, total = 2.61ms
	CoreWorker.RecordMetrics - 36 total (1 active), Execution time: mean = 0.04ms, total = 1.27ms, Queueing time: mean = 0.01ms, max = 0.03ms, min = 0.00ms, total = 0.29ms
	CoreWorker.TryDelPendingObjectRefStreams - 18 total (1 active), Execution time: mean = 0.00ms, total = 0.04ms, Queueing time: mean = 0.03ms, max = 0.16ms, min = 0.00ms, total = 0.48ms
	CoreWorkerService.grpc_server.GetCoreWorkerStats.HandleRequestImpl - 12 total (0 active), Execution time: mean = 0.03ms, total = 0.34ms, Queueing time: mean = 0.02ms, max = 0.04ms, min = 0.01ms, total = 0.21ms
	CoreWorkerService.grpc_server.GetCoreWorkerStats - 12 total (0 active), Execution time: mean = 0.20ms, total = 2.34ms, Queueing time: mean = 0.00ms, max = -0.00ms, min = 9223372036854.78ms, total = 0.00ms
	PeriodicalRunner.RunFnPeriodically - 8 total (0 active), Execution time: mean = 0.10ms, total = 0.79ms, Queueing time: mean = 0.48ms, max = 0.78ms, min = 0.02ms, total = 3.86ms
	CoreWorker.PrintEventStats - 3 total (1 active, 1 running), Execution time: mean = 0.14ms, total = 0.42ms, Queueing time: mean = 0.01ms, max = 0.01ms, min = 0.01ms, total = 0.02ms
	CoreWorkerService.grpc_server.PushTask - 1 total (1 active), Execution time: mean = 0.00ms, total = 0.00ms, Queueing time: mean = 0.00ms, max = -0.00ms, min = 9223372036854.78ms, total = 0.00ms
	Publisher.CheckDeadSubscribers - 1 total (1 active), Execution time: mean = 0.00ms, total = 0.00ms, Queueing time: mean = 0.00ms, max = -0.00ms, min = 9223372036854.78ms, total = 0.00ms
	ray::rpc::WorkerInfoGcsService.grpc_client.AddWorkerInfo.OnReplyReceived - 1 total (0 active), Execution time: mean = 0.05ms, total = 0.05ms, Queueing time: mean = 0.01ms, max = 0.01ms, min = 0.01ms, total = 0.01ms
	CoreWorkerService.grpc_server.PushTask.HandleRequestImpl - 1 total (0 active), Execution time: mean = 0.10ms, total = 0.10ms, Queueing time: mean = 0.03ms, max = 0.03ms, min = 0.03ms, total = 0.03ms
	Publisher.PublishFailure.WORKER_OBJECT_LOCATIONS_CHANNEL - 1 total (0 active), Execution time: mean = 0.02ms, total = 0.02ms, Queueing time: mean = 0.01ms, max = 0.01ms, min = 0.01ms, total = 0.01ms
	ray::rpc::WorkerInfoGcsService.grpc_client.AddWorkerInfo - 1 total (0 active), Execution time: mean = 0.99ms, total = 0.99ms, Queueing time: mean = 0.00ms, max = -0.00ms, min = 9223372036854.78ms, total = 0.00ms

-----------------
Task execution event stats:

Global stats: 17118 total (2 active)
Queueing time: mean = 0.01ms, max = 0.10ms, min = -0.01ms, total = 234.29ms
Execution time:  mean = 0.00ms, total = 35.39ms
Event stats:
	CoreWorker.CheckSignal - 17116 total (1 active), Execution time: mean = 0.00ms, total = 35.38ms, Queueing time: mean = 0.01ms, max = 0.10ms, min = -0.01ms, total = 234.28ms
	PeriodicalRunner.RunFnPeriodically - 1 total (0 active), Execution time: mean = 0.01ms, total = 0.01ms, Queueing time: mean = 0.00ms, max = 0.00ms, min = 0.00ms, total = 0.00ms
	CoreWorker.HandlePushTask - 1 total (1 active, 1 running), Execution time: mean = 0.00ms, total = 0.00ms, Queueing time: mean = 0.00ms, max = -0.00ms, min = 9223372036854.78ms, total = 0.00ms

-----------------
Task Event stats:

IO Service Stats:

Global stats: 183 total (1 active)
Queueing time: mean = 0.02ms, max = 0.05ms, min = 0.01ms, total = 3.99ms
Execution time:  mean = 0.02ms, total = 3.69ms
Event stats:
	CoreWorker.deadline_timer.flush_task_events - 180 total (1 active), Execution time: mean = 0.01ms, total = 2.52ms, Queueing time: mean = 0.02ms, max = 0.05ms, min = 0.01ms, total = 3.95ms
	PeriodicalRunner.RunFnPeriodically - 1 total (0 active), Execution time: mean = 0.05ms, total = 0.05ms, Queueing time: mean = 0.02ms, max = 0.02ms, min = 0.02ms, total = 0.02ms
	ray::rpc::TaskInfoGcsService.grpc_client.AddTaskEventData - 1 total (0 active), Execution time: mean = 1.07ms, total = 1.07ms, Queueing time: mean = 0.00ms, max = -0.00ms, min = 9223372036854.78ms, total = 0.00ms
	ray::rpc::TaskInfoGcsService.grpc_client.AddTaskEventData.OnReplyReceived - 1 total (0 active), Execution time: mean = 0.05ms, total = 0.05ms, Queueing time: mean = 0.02ms, max = 0.02ms, min = 0.02ms, total = 0.02ms
Other Stats:
	gcs_grpc_in_progress:0
	event_aggregator_grpc_in_progress:0
	current number of task status events in buffer: 0
	current number of profile events in buffer: 0
	current number of dropped task attempts tracked: 0
	total task events sent: 5.05447e-05 MiB
	total number of task attempts sent: 1
	total number of task attempts dropped reported: 0
	total number of sent failure: 0
	num status task events dropped: 0
	num profile task events dropped: 0
	num ray task events reported to aggregator: 0
	num ray task events failed to report to aggregator: 0
	num of task attempts dropped reported to aggregator: 0
	num of failed requests to aggregator: 0

[2026-09-04 01:01:16,715 I 1518 1518] task_receiver.cc:117: Actor creation task finished, task_id: ffffffffffffffffc9d941681c020834fe7847db01000000, actor_id: c9d941681c020834fe7847db01000000, actor_repr_name: 
[2026-09-04 01:02:08,990 I 1518 1833] core_worker.cc:498: Event stats:


Global stats: 3758 total (8 active)
Queueing time: mean = 0.02ms, max = 0.78ms, min = -0.01ms, total = 63.70ms
Execution time:  mean = 4.38ms, total = 16442.27ms
Event stats:
	CoreWorker.RecoverObjects - 2400 total (1 active), Execution time: mean = 0.00ms, total = 5.52ms, Queueing time: mean = 0.02ms, max = 0.06ms, min = -0.01ms, total = 40.38ms
	CoreWorkerService.grpc_server.PushTask - 259 total (0 active), Execution time: mean = 63.39ms, total = 16418.49ms, Queueing time: mean = 0.00ms, max = -0.00ms, min = 9223372036854.78ms, total = 0.00ms
	CoreWorkerService.grpc_server.PushTask.HandleRequestImpl - 259 total (0 active), Execution time: mean = 0.03ms, total = 6.87ms, Queueing time: mean = 0.02ms, max = 0.06ms, min = 0.00ms, total = 6.28ms
	CoreWorker.ReportWorkerBacklog - 240 total (1 active), Execution time: mean = 0.00ms, total = 0.90ms, Queueing time: mean = 0.02ms, max = 0.05ms, min = 0.00ms, total = 3.87ms
	CoreWorker.InternalHeartbeat - 240 total (1 active), Execution time: mean = 0.00ms, total = 0.84ms, Queueing time: mean = 0.02ms, max = 0.06ms, min = 0.00ms, total = 3.95ms
	CoreWorker.ExitIfParentRayletDies - 240 total (1 active), Execution time: mean = 0.01ms, total = 1.70ms, Queueing time: mean = 0.02ms, max = 0.05ms, min = 0.00ms, total = 3.85ms
	CoreWorker.RecordMetrics - 48 total (1 active), Execution time: mean = 0.04ms, total = 1.94ms, Queueing time: mean = 0.01ms, max = 0.03ms, min = 0.00ms, total = 0.47ms
	CoreWorker.TryDelPendingObjectRefStreams - 24 total (1 active), Execution time: mean = 0.00ms, total = 0.06ms, Queueing time: mean = 0.03ms, max = 0.16ms, min = 0.00ms, total = 0.74ms
	CoreWorkerService.grpc_server.GetCoreWorkerStats.HandleRequestImpl - 16 total (0 active), Execution time: mean = 0.03ms, total = 0.46ms, Queueing time: mean = 0.02ms, max = 0.04ms, min = 0.01ms, total = 0.25ms
	CoreWorkerService.grpc_server.GetCoreWorkerStats - 16 total (0 active), Execution time: mean = 0.19ms, total = 3.02ms, Queueing time: mean = 0.00ms, max = -0.00ms, min = 9223372036854.78ms, total = 0.00ms
	PeriodicalRunner.RunFnPeriodically - 8 total (0 active), Execution time: mean = 0.10ms, total = 0.79ms, Queueing time: mean = 0.48ms, max = 0.78ms, min = 0.02ms, total = 3.86ms
	CoreWorker.PrintEventStats - 4 total (1 active, 1 running), Execution time: mean = 0.16ms, total = 0.65ms, Queueing time: mean = 0.01ms, max = 0.02ms, min = 0.01ms, total = 0.04ms
	Publisher.CheckDeadSubscribers - 1 total (1 active), Execution time: mean = 0.00ms, total = 0.00ms, Queueing time: mean = 0.00ms, max = -0.00ms, min = 9223372036854.78ms, total = 0.00ms
	ray::rpc::WorkerInfoGcsService.grpc_client.AddWorkerInfo.OnReplyReceived - 1 total (0 active), Execution time: mean = 0.05ms, total = 0.05ms, Queueing time: mean = 0.01ms, max = 0.01ms, min = 0.01ms, total = 0.01ms
	Publisher.PublishFailure.WORKER_OBJECT_LOCATIONS_CHANNEL - 1 total (0 active), Execution time: mean = 0.02ms, total = 0.02ms, Queueing time: mean = 0.01ms, max = 0.01ms, min = 0.01ms, total = 0.01ms
	ray::rpc::WorkerInfoGcsService.grpc_client.AddWorkerInfo - 1 total (0 active), Execution time: mean = 0.99ms, total = 0.99ms, Queueing time: mean = 0.00ms, max = -0.00ms, min = 9223372036854.78ms, total = 0.00ms

-----------------
Task execution event stats:

Global stats: 22591 total (1 active)
Queueing time: mean = 0.74ms, max = 16307.23ms, min = -0.01ms, total = 16666.25ms
Execution time:  mean = 0.73ms, total = 16421.59ms
Event stats:
	CoreWorker.CheckSignal - 22331 total (1 active), Execution time: mean = 0.00ms, total = 51.22ms, Queueing time: mean = 0.75ms, max = 16307.23ms, min = -0.01ms, total = 16658.56ms
	CoreWorker.HandlePushTaskActor - 258 total (0 active), Execution time: mean = 0.21ms, total = 53.22ms, Queueing time: mean = 0.03ms, max = 0.04ms, min = 0.01ms, total = 7.67ms
	CoreWorker.HandlePushTask - 1 total (0 active), Execution time: mean = 16317.13ms, total = 16317.13ms, Queueing time: mean = 0.02ms, max = 0.02ms, min = 0.02ms, total = 0.02ms
	PeriodicalRunner.RunFnPeriodically - 1 total (0 active), Execution time: mean = 0.01ms, total = 0.01ms, Queueing time: mean = 0.00ms, max = 0.00ms, min = 0.00ms, total = 0.00ms

-----------------
Task Event stats:

IO Service Stats:

Global stats: 253 total (1 active)
Queueing time: mean = 0.02ms, max = 0.05ms, min = 0.01ms, total = 5.66ms
Execution time:  mean = 0.06ms, total = 14.99ms
Event stats:
	CoreWorker.deadline_timer.flush_task_events - 240 total (1 active), Execution time: mean = 0.03ms, total = 8.00ms, Queueing time: mean = 0.02ms, max = 0.05ms, min = 0.01ms, total = 5.53ms
	ray::rpc::TaskInfoGcsService.grpc_client.AddTaskEventData - 6 total (0 active), Execution time: mean = 1.07ms, total = 6.41ms, Queueing time: mean = 0.00ms, max = -0.00ms, min = 9223372036854.78ms, total = 0.00ms
	ray::rpc::TaskInfoGcsService.grpc_client.AddTaskEventData.OnReplyReceived - 6 total (0 active), Execution time: mean = 0.09ms, total = 0.52ms, Queueing time: mean = 0.02ms, max = 0.02ms, min = 0.02ms, total = 0.11ms
	PeriodicalRunner.RunFnPeriodically - 1 total (0 active), Execution time: mean = 0.05ms, total = 0.05ms, Queueing time: mean = 0.02ms, max = 0.02ms, min = 0.02ms, total = 0.02ms
Other Stats:
	gcs_grpc_in_progress:0
	event_aggregator_grpc_in_progress:0
	current number of task status events in buffer: 0
	current number of profile events in buffer: 0
	current number of dropped task attempts tracked: 0
	total task events sent: 0.0963516 MiB
	total number of task attempts sent: 260
	total number of task attempts dropped reported: 0
	total number of sent failure: 0
	num status task events dropped: 0
	num profile task events dropped: 0
	num ray task events reported to aggregator: 0
	num ray task events failed to report to aggregator: 0
	num of task attempts dropped reported to aggregator: 0
	num of failed requests to aggregator: 0

[2026-09-04 01:03:08,990 I 1518 1833] core_worker.cc:498: Event stats:


Global stats: 4566 total (8 active)
Queueing time: mean = 0.02ms, max = 0.78ms, min = -0.01ms, total = 78.32ms
Execution time:  mean = 3.60ms, total = 16446.65ms
Event stats:
	CoreWorker.RecoverObjects - 3000 total (1 active), Execution time: mean = 0.00ms, total = 6.92ms, Queueing time: mean = 0.02ms, max = 0.06ms, min = -0.01ms, total = 50.77ms
	CoreWorker.ReportWorkerBacklog - 300 total (1 active), Execution time: mean = 0.00ms, total = 1.12ms, Queueing time: mean = 0.02ms, max = 0.08ms, min = 0.00ms, total = 5.08ms
	CoreWorker.InternalHeartbeat - 300 total (1 active), Execution time: mean = 0.00ms, total = 1.08ms, Queueing time: mean = 0.02ms, max = 0.07ms, min = 0.00ms, total = 5.14ms
	CoreWorker.ExitIfParentRayletDies - 300 total (1 active), Execution time: mean = 0.01ms, total = 2.15ms, Queueing time: mean = 0.02ms, max = 0.05ms, min = 0.00ms, total = 4.84ms
	CoreWorkerService.grpc_server.PushTask - 259 total (0 active), Execution time: mean = 63.39ms, total = 16418.49ms, Queueing time: mean = 0.00ms, max = -0.00ms, min = 9223372036854.78ms, total = 0.00ms
	CoreWorkerService.grpc_server.PushTask.HandleRequestImpl - 259 total (0 active), Execution time: mean = 0.03ms, total = 6.87ms, Queueing time: mean = 0.02ms, max = 0.06ms, min = 0.00ms, total = 6.28ms
	CoreWorker.RecordMetrics - 60 total (1 active), Execution time: mean = 0.04ms, total = 2.52ms, Queueing time: mean = 0.01ms, max = 0.04ms, min = 0.00ms, total = 0.67ms
	CoreWorker.TryDelPendingObjectRefStreams - 30 total (1 active), Execution time: mean = 0.00ms, total = 0.07ms, Queueing time: mean = 0.04ms, max = 0.37ms, min = 0.00ms, total = 1.24ms
	CoreWorkerService.grpc_server.GetCoreWorkerStats.HandleRequestImpl - 20 total (0 active), Execution time: mean = 0.03ms, total = 0.64ms, Queueing time: mean = 0.02ms, max = 0.04ms, min = 0.01ms, total = 0.33ms
	CoreWorkerService.grpc_server.GetCoreWorkerStats - 20 total (0 active), Execution time: mean = 0.19ms, total = 3.83ms, Queueing time: mean = 0.00ms, max = -0.00ms, min = 9223372036854.78ms, total = 0.00ms
	PeriodicalRunner.RunFnPeriodically - 8 total (0 active), Execution time: mean = 0.10ms, total = 0.79ms, Queueing time: mean = 0.48ms, max = 0.78ms, min = 0.02ms, total = 3.86ms
	CoreWorker.PrintEventStats - 5 total (1 active, 1 running), Execution time: mean = 0.22ms, total = 1.12ms, Queueing time: mean = 0.02ms, max = 0.04ms, min = 0.01ms, total = 0.08ms
	Publisher.CheckDeadSubscribers - 2 total (1 active), Execution time: mean = 0.00ms, total = 0.00ms, Queueing time: mean = 0.00ms, max = 0.01ms, min = 0.01ms, total = 0.01ms
	ray::rpc::WorkerInfoGcsService.grpc_client.AddWorkerInfo.OnReplyReceived - 1 total (0 active), Execution time: mean = 0.05ms, total = 0.05ms, Queueing time: mean = 0.01ms, max = 0.01ms, min = 0.01ms, total = 0.01ms
	Publisher.PublishFailure.WORKER_OBJECT_LOCATIONS_CHANNEL - 1 total (0 active), Execution time: mean = 0.02ms, total = 0.02ms, Queueing time: mean = 0.01ms, max = 0.01ms, min = 0.01ms, total = 0.01ms
	ray::rpc::WorkerInfoGcsService.grpc_client.AddWorkerInfo - 1 total (0 active), Execution time: mean = 0.99ms, total = 0.99ms, Queueing time: mean = 0.00ms, max = -0.00ms, min = 9223372036854.78ms, total = 0.00ms

-----------------
Task execution event stats:

Global stats: 28580 total (1 active)
Queueing time: mean = 0.59ms, max = 16307.23ms, min = -0.01ms, total = 16772.61ms
Execution time:  mean = 0.58ms, total = 16437.88ms
Event stats:
	CoreWorker.CheckSignal - 28320 total (1 active), Execution time: mean = 0.00ms, total = 67.52ms, Queueing time: mean = 0.59ms, max = 16307.23ms, min = -0.01ms, total = 16764.93ms
	CoreWorker.HandlePushTaskActor - 258 total (0 active), Execution time: mean = 0.21ms, total = 53.22ms, Queueing time: mean = 0.03ms, max = 0.04ms, min = 0.01ms, total = 7.67ms
	CoreWorker.HandlePushTask - 1 total (0 active), Execution time: mean = 16317.13ms, total = 16317.13ms, Queueing time: mean = 0.02ms, max = 0.02ms, min = 0.02ms, total = 0.02ms
	PeriodicalRunner.RunFnPeriodically - 1 total (0 active), Execution time: mean = 0.01ms, total = 0.01ms, Queueing time: mean = 0.00ms, max = 0.00ms, min = 0.00ms, total = 0.00ms

-----------------
Task Event stats:

IO Service Stats:

Global stats: 313 total (1 active)
Queueing time: mean = 0.02ms, max = 0.05ms, min = 0.01ms, total = 7.23ms
Execution time:  mean = 0.05ms, total = 15.71ms
Event stats:
	CoreWorker.deadline_timer.flush_task_events - 300 total (1 active), Execution time: mean = 0.03ms, total = 8.73ms, Queueing time: mean = 0.02ms, max = 0.05ms, min = 0.01ms, total = 7.11ms
	ray::rpc::TaskInfoGcsService.grpc_client.AddTaskEventData - 6 total (0 active), Execution time: mean = 1.07ms, total = 6.41ms, Queueing time: mean = 0.00ms, max = -0.00ms, min = 9223372036854.78ms, total = 0.00ms
	ray::rpc::TaskInfoGcsService.grpc_client.AddTaskEventData.OnReplyReceived - 6 total (0 active), Execution time: mean = 0.09ms, total = 0.52ms, Queueing time: mean = 0.02ms, max = 0.02ms, min = 0.02ms, total = 0.11ms
	PeriodicalRunner.RunFnPeriodically - 1 total (0 active), Execution time: mean = 0.05ms, total = 0.05ms, Queueing time: mean = 0.02ms, max = 0.02ms, min = 0.02ms, total = 0.02ms
Other Stats:
	gcs_grpc_in_progress:0
	event_aggregator_grpc_in_progress:0
	current number of task status events in buffer: 0
	current number of profile events in buffer: 0
	current number of dropped task attempts tracked: 0
	total task events sent: 0.0963516 MiB
	total number of task attempts sent: 260
	total number of task attempts dropped reported: 0
	total number of sent failure: 0
	num status task events dropped: 0
	num profile task events dropped: 0
	num ray task events reported to aggregator: 0
	num ray task events failed to report to aggregator: 0
	num of task attempts dropped reported to aggregator: 0
	num of failed requests to aggregator: 0

[2026-09-04 01:04:08,991 I 1518 1833] core_worker.cc:498: Event stats:


Global stats: 5373 total (8 active)
Queueing time: mean = 0.02ms, max = 0.78ms, min = -0.01ms, total = 90.66ms
Execution time:  mean = 3.06ms, total = 16450.68ms
Event stats:
	CoreWorker.RecoverObjects - 3600 total (1 active), Execution time: mean = 0.00ms, total = 8.10ms, Queueing time: mean = 0.02ms, max = 0.06ms, min = -0.01ms, total = 59.46ms
	CoreWorker.ReportWorkerBacklog - 360 total (1 active), Execution time: mean = 0.00ms, total = 1.36ms, Queueing time: mean = 0.02ms, max = 0.08ms, min = 0.00ms, total = 6.09ms
	CoreWorker.InternalHeartbeat - 360 total (1 active), Execution time: mean = 0.00ms, total = 1.33ms, Queueing time: mean = 0.02ms, max = 0.07ms, min = 0.00ms, total = 6.15ms
	CoreWorker.ExitIfParentRayletDies - 360 total (1 active), Execution time: mean = 0.01ms, total = 2.60ms, Queueing time: mean = 0.02ms, max = 0.05ms, min = 0.00ms, total = 5.66ms
	CoreWorkerService.grpc_server.PushTask - 259 total (0 active), Execution time: mean = 63.39ms, total = 16418.49ms, Queueing time: mean = 0.00ms, max = -0.00ms, min = 9223372036854.78ms, total = 0.00ms
	CoreWorkerService.grpc_server.PushTask.HandleRequestImpl - 259 total (0 active), Execution time: mean = 0.03ms, total = 6.87ms, Queueing time: mean = 0.02ms, max = 0.06ms, min = 0.00ms, total = 6.28ms
	CoreWorker.RecordMetrics - 72 total (1 active), Execution time: mean = 0.04ms, total = 2.99ms, Queueing time: mean = 0.01ms, max = 0.04ms, min = 0.00ms, total = 0.82ms
	CoreWorker.TryDelPendingObjectRefStreams - 36 total (1 active), Execution time: mean = 0.00ms, total = 0.08ms, Queueing time: mean = 0.05ms, max = 0.49ms, min = 0.00ms, total = 1.80ms
	CoreWorkerService.grpc_server.GetCoreWorkerStats.HandleRequestImpl - 24 total (0 active), Execution time: mean = 0.03ms, total = 0.77ms, Queueing time: mean = 0.02ms, max = 0.06ms, min = 0.01ms, total = 0.44ms
	CoreWorkerService.grpc_server.GetCoreWorkerStats - 24 total (0 active), Execution time: mean = 0.19ms, total = 4.50ms, Queueing time: mean = 0.00ms, max = -0.00ms, min = 9223372036854.78ms, total = 0.00ms
	PeriodicalRunner.RunFnPeriodically - 8 total (0 active), Execution time: mean = 0.10ms, total = 0.79ms, Queueing time: mean = 0.48ms, max = 0.78ms, min = 0.02ms, total = 3.86ms
	CoreWorker.PrintEventStats - 6 total (1 active, 1 running), Execution time: mean = 0.29ms, total = 1.75ms, Queueing time: mean = 0.01ms, max = 0.04ms, min = 0.00ms, total = 0.08ms
	Publisher.CheckDeadSubscribers - 2 total (1 active), Execution time: mean = 0.00ms, total = 0.00ms, Queueing time: mean = 0.00ms, max = 0.01ms, min = 0.01ms, total = 0.01ms
	ray::rpc::WorkerInfoGcsService.grpc_client.AddWorkerInfo.OnReplyReceived - 1 total (0 active), Execution time: mean = 0.05ms, total = 0.05ms, Queueing time: mean = 0.01ms, max = 0.01ms, min = 0.01ms, total = 0.01ms
	Publisher.PublishFailure.WORKER_OBJECT_LOCATIONS_CHANNEL - 1 total (0 active), Execution time: mean = 0.02ms, total = 0.02ms, Queueing time: mean = 0.01ms, max = 0.01ms, min = 0.01ms, total = 0.01ms
	ray::rpc::WorkerInfoGcsService.grpc_client.AddWorkerInfo - 1 total (0 active), Execution time: mean = 0.99ms, total = 0.99ms, Queueing time: mean = 0.00ms, max = -0.00ms, min = 9223372036854.78ms, total = 0.00ms

-----------------
Task execution event stats:

Global stats: 34572 total (1 active)
Queueing time: mean = 0.49ms, max = 16307.23ms, min = -0.01ms, total = 16844.00ms
Execution time:  mean = 0.48ms, total = 16447.12ms
Event stats:
	CoreWorker.CheckSignal - 34312 total (1 active), Execution time: mean = 0.00ms, total = 76.75ms, Queueing time: mean = 0.49ms, max = 16307.23ms, min = -0.01ms, total = 16836.31ms
	CoreWorker.HandlePushTaskActor - 258 total (0 active), Execution time: mean = 0.21ms, total = 53.22ms, Queueing time: mean = 0.03ms, max = 0.04ms, min = 0.01ms, total = 7.67ms
	CoreWorker.HandlePushTask - 1 total (0 active), Execution time: mean = 16317.13ms, total = 16317.13ms, Queueing time: mean = 0.02ms, max = 0.02ms, min = 0.02ms, total = 0.02ms
	PeriodicalRunner.RunFnPeriodically - 1 total (0 active), Execution time: mean = 0.01ms, total = 0.01ms, Queueing time: mean = 0.00ms, max = 0.00ms, min = 0.00ms, total = 0.00ms

-----------------
Task Event stats:

IO Service Stats:

Global stats: 373 total (1 active)
Queueing time: mean = 0.02ms, max = 0.05ms, min = 0.01ms, total = 8.57ms
Execution time:  mean = 0.04ms, total = 16.52ms
Event stats:
	CoreWorker.deadline_timer.flush_task_events - 360 total (1 active), Execution time: mean = 0.03ms, total = 9.54ms, Queueing time: mean = 0.02ms, max = 0.05ms, min = 0.01ms, total = 8.45ms
	ray::rpc::TaskInfoGcsService.grpc_client.AddTaskEventData - 6 total (0 active), Execution time: mean = 1.07ms, total = 6.41ms, Queueing time: mean = 0.00ms, max = -0.00ms, min = 9223372036854.78ms, total = 0.00ms
	ray::rpc::TaskInfoGcsService.grpc_client.AddTaskEventData.OnReplyReceived - 6 total (0 active), Execution time: mean = 0.09ms, total = 0.52ms, Queueing time: mean = 0.02ms, max = 0.02ms, min = 0.02ms, total = 0.11ms
	PeriodicalRunner.RunFnPeriodically - 1 total (0 active), Execution time: mean = 0.05ms, total = 0.05ms, Queueing time: mean = 0.02ms, max = 0.02ms, min = 0.02ms, total = 0.02ms
Other Stats:
	gcs_grpc_in_progress:0
	event_aggregator_grpc_in_progress:0
	current number of task status events in buffer: 0
	current number of profile events in buffer: 0
	current number of dropped task attempts tracked: 0
	total task events sent: 0.0963516 MiB
	total number of task attempts sent: 260
	total number of task attempts dropped reported: 0
	total number of sent failure: 0
	num status task events dropped: 0
	num profile task events dropped: 0
	num ray task events reported to aggregator: 0
	num ray task events failed to report to aggregator: 0
	num of task attempts dropped reported to aggregator: 0
	num of failed requests to aggregator: 0

[2026-09-04 01:05:08,991 I 1518 1833] core_worker.cc:498: Event stats:


Global stats: 6180 total (8 active)
Queueing time: mean = 0.02ms, max = 0.78ms, min = -0.01ms, total = 103.81ms
Execution time:  mean = 2.66ms, total = 16454.30ms
Event stats:
	CoreWorker.RecoverObjects - 4200 total (1 active), Execution time: mean = 0.00ms, total = 9.32ms, Queueing time: mean = 0.02ms, max = 0.09ms, min = -0.01ms, total = 69.18ms
	CoreWorker.ReportWorkerBacklog - 420 total (1 active), Execution time: mean = 0.00ms, total = 1.58ms, Queueing time: mean = 0.02ms, max = 0.09ms, min = 0.00ms, total = 7.15ms
	CoreWorker.InternalHeartbeat - 420 total (1 active), Execution time: mean = 0.00ms, total = 1.60ms, Queueing time: mean = 0.02ms, max = 0.09ms, min = 0.00ms, total = 7.17ms
	CoreWorker.ExitIfParentRayletDies - 420 total (1 active), Execution time: mean = 0.01ms, total = 3.01ms, Queueing time: mean = 0.02ms, max = 0.07ms, min = 0.00ms, total = 6.53ms
	CoreWorkerService.grpc_server.PushTask - 259 total (0 active), Execution time: mean = 63.39ms, total = 16418.49ms, Queueing time: mean = 0.00ms, max = -0.00ms, min = 9223372036854.78ms, total = 0.00ms
	CoreWorkerService.grpc_server.PushTask.HandleRequestImpl - 259 total (0 active), Execution time: mean = 0.03ms, total = 6.87ms, Queueing time: mean = 0.02ms, max = 0.06ms, min = 0.00ms, total = 6.28ms
	CoreWorker.RecordMetrics - 84 total (1 active), Execution time: mean = 0.04ms, total = 3.46ms, Queueing time: mean = 0.01ms, max = 0.04ms, min = 0.00ms, total = 0.98ms
	CoreWorker.TryDelPendingObjectRefStreams - 42 total (1 active), Execution time: mean = 0.00ms, total = 0.10ms, Queueing time: mean = 0.05ms, max = 0.49ms, min = 0.00ms, total = 2.01ms
	CoreWorkerService.grpc_server.GetCoreWorkerStats.HandleRequestImpl - 28 total (0 active), Execution time: mean = 0.03ms, total = 0.91ms, Queueing time: mean = 0.02ms, max = 0.06ms, min = 0.01ms, total = 0.53ms
	CoreWorkerService.grpc_server.GetCoreWorkerStats - 28 total (0 active), Execution time: mean = 0.18ms, total = 5.16ms, Queueing time: mean = 0.00ms, max = -0.00ms, min = 9223372036854.78ms, total = 0.00ms
	PeriodicalRunner.RunFnPeriodically - 8 total (0 active), Execution time: mean = 0.10ms, total = 0.79ms, Queueing time: mean = 0.48ms, max = 0.78ms, min = 0.02ms, total = 3.86ms
	CoreWorker.PrintEventStats - 7 total (1 active, 1 running), Execution time: mean = 0.28ms, total = 1.97ms, Queueing time: mean = 0.01ms, max = 0.04ms, min = 0.00ms, total = 0.10ms
	Publisher.CheckDeadSubscribers - 2 total (1 active), Execution time: mean = 0.00ms, total = 0.00ms, Queueing time: mean = 0.00ms, max = 0.01ms, min = 0.01ms, total = 0.01ms
	ray::rpc::WorkerInfoGcsService.grpc_client.AddWorkerInfo.OnReplyReceived - 1 total (0 active), Execution time: mean = 0.05ms, total = 0.05ms, Queueing time: mean = 0.01ms, max = 0.01ms, min = 0.01ms, total = 0.01ms
	Publisher.PublishFailure.WORKER_OBJECT_LOCATIONS_CHANNEL - 1 total (0 active), Execution time: mean = 0.02ms, total = 0.02ms, Queueing time: mean = 0.01ms, max = 0.01ms, min = 0.01ms, total = 0.01ms
	ray::rpc::WorkerInfoGcsService.grpc_client.AddWorkerInfo - 1 total (0 active), Execution time: mean = 0.99ms, total = 0.99ms, Queueing time: mean = 0.00ms, max = -0.00ms, min = 9223372036854.78ms, total = 0.00ms

-----------------
Task execution event stats:

Global stats: 40564 total (1 active)
Queueing time: mean = 0.42ms, max = 16307.23ms, min = -0.01ms, total = 16916.67ms
Execution time:  mean = 0.41ms, total = 16457.69ms
Event stats:
	CoreWorker.CheckSignal - 40304 total (1 active), Execution time: mean = 0.00ms, total = 87.33ms, Queueing time: mean = 0.42ms, max = 16307.23ms, min = -0.01ms, total = 16908.99ms
	CoreWorker.HandlePushTaskActor - 258 total (0 active), Execution time: mean = 0.21ms, total = 53.22ms, Queueing time: mean = 0.03ms, max = 0.04ms, min = 0.01ms, total = 7.67ms
	CoreWorker.HandlePushTask - 1 total (0 active), Execution time: mean = 16317.13ms, total = 16317.13ms, Queueing time: mean = 0.02ms, max = 0.02ms, min = 0.02ms, total = 0.02ms
	PeriodicalRunner.RunFnPeriodically - 1 total (0 active), Execution time: mean = 0.01ms, total = 0.01ms, Queueing time: mean = 0.00ms, max = 0.00ms, min = 0.00ms, total = 0.00ms

-----------------
Task Event stats:

IO Service Stats:

Global stats: 433 total (1 active)
Queueing time: mean = 0.02ms, max = 0.05ms, min = 0.01ms, total = 10.00ms
Execution time:  mean = 0.04ms, total = 17.23ms
Event stats:
	CoreWorker.deadline_timer.flush_task_events - 420 total (1 active), Execution time: mean = 0.02ms, total = 10.25ms, Queueing time: mean = 0.02ms, max = 0.05ms, min = 0.01ms, total = 9.88ms
	ray::rpc::TaskInfoGcsService.grpc_client.AddTaskEventData - 6 total (0 active), Execution time: mean = 1.07ms, total = 6.41ms, Queueing time: mean = 0.00ms, max = -0.00ms, min = 9223372036854.78ms, total = 0.00ms
	ray::rpc::TaskInfoGcsService.grpc_client.AddTaskEventData.OnReplyReceived - 6 total (0 active), Execution time: mean = 0.09ms, total = 0.52ms, Queueing time: mean = 0.02ms, max = 0.02ms, min = 0.02ms, total = 0.11ms
	PeriodicalRunner.RunFnPeriodically - 1 total (0 active), Execution time: mean = 0.05ms, total = 0.05ms, Queueing time: mean = 0.02ms, max = 0.02ms, min = 0.02ms, total = 0.02ms
Other Stats:
	gcs_grpc_in_progress:0
	event_aggregator_grpc_in_progress:0
	current number of task status events in buffer: 0
	current number of profile events in buffer: 0
	current number of dropped task attempts tracked: 0
	total task events sent: 0.0963516 MiB
	total number of task attempts sent: 260
	total number of task attempts dropped reported: 0
	total number of sent failure: 0
	num status task events dropped: 0
	num profile task events dropped: 0
	num ray task events reported to aggregator: 0
	num ray task events failed to report to aggregator: 0
	num of task attempts dropped reported to aggregator: 0
	num of failed requests to aggregator: 0

[2026-09-04 01:06:08,991 I 1518 1833] core_worker.cc:498: Event stats:


Global stats: 6987 total (8 active)
Queueing time: mean = 0.02ms, max = 0.78ms, min = -0.01ms, total = 117.27ms
Execution time:  mean = 2.36ms, total = 16457.86ms
Event stats:
	CoreWorker.RecoverObjects - 4800 total (1 active), Execution time: mean = 0.00ms, total = 10.49ms, Queueing time: mean = 0.02ms, max = 0.09ms, min = -0.01ms, total = 79.08ms
	CoreWorker.ReportWorkerBacklog - 480 total (1 active), Execution time: mean = 0.00ms, total = 1.76ms, Queueing time: mean = 0.02ms, max = 0.09ms, min = 0.00ms, total = 8.24ms
	CoreWorker.InternalHeartbeat - 480 total (1 active), Execution time: mean = 0.00ms, total = 1.81ms, Queueing time: mean = 0.02ms, max = 0.09ms, min = 0.00ms, total = 8.24ms
	CoreWorker.ExitIfParentRayletDies - 480 total (1 active), Execution time: mean = 0.01ms, total = 3.38ms, Queueing time: mean = 0.02ms, max = 0.07ms, min = 0.00ms, total = 7.44ms
	CoreWorkerService.grpc_server.PushTask - 259 total (0 active), Execution time: mean = 63.39ms, total = 16418.49ms, Queueing time: mean = 0.00ms, max = -0.00ms, min = 9223372036854.78ms, total = 0.00ms
	CoreWorkerService.grpc_server.PushTask.HandleRequestImpl - 259 total (0 active), Execution time: mean = 0.03ms, total = 6.87ms, Queueing time: mean = 0.02ms, max = 0.06ms, min = 0.00ms, total = 6.28ms
	CoreWorker.RecordMetrics - 96 total (1 active), Execution time: mean = 0.04ms, total = 3.95ms, Queueing time: mean = 0.01ms, max = 0.04ms, min = 0.00ms, total = 1.13ms
	CoreWorker.TryDelPendingObjectRefStreams - 48 total (1 active), Execution time: mean = 0.00ms, total = 0.11ms, Queueing time: mean = 0.05ms, max = 0.49ms, min = 0.00ms, total = 2.25ms
	CoreWorkerService.grpc_server.GetCoreWorkerStats.HandleRequestImpl - 32 total (0 active), Execution time: mean = 0.03ms, total = 1.08ms, Queueing time: mean = 0.02ms, max = 0.06ms, min = 0.01ms, total = 0.61ms
	CoreWorkerService.grpc_server.GetCoreWorkerStats - 32 total (0 active), Execution time: mean = 0.18ms, total = 5.87ms, Queueing time: mean = 0.00ms, max = -0.00ms, min = 9223372036854.78ms, total = 0.00ms
	CoreWorker.PrintEventStats - 8 total (1 active, 1 running), Execution time: mean = 0.28ms, total = 2.22ms, Queueing time: mean = 0.01ms, max = 0.04ms, min = 0.00ms, total = 0.11ms
	PeriodicalRunner.RunFnPeriodically - 8 total (0 active), Execution time: mean = 0.10ms, total = 0.79ms, Queueing time: mean = 0.48ms, max = 0.78ms, min = 0.02ms, total = 3.86ms
	Publisher.CheckDeadSubscribers - 2 total (1 active), Execution time: mean = 0.00ms, total = 0.00ms, Queueing time: mean = 0.00ms, max = 0.01ms, min = 0.01ms, total = 0.01ms
	ray::rpc::WorkerInfoGcsService.grpc_client.AddWorkerInfo.OnReplyReceived - 1 total (0 active), Execution time: mean = 0.05ms, total = 0.05ms, Queueing time: mean = 0.01ms, max = 0.01ms, min = 0.01ms, total = 0.01ms
	Publisher.PublishFailure.WORKER_OBJECT_LOCATIONS_CHANNEL - 1 total (0 active), Execution time: mean = 0.02ms, total = 0.02ms, Queueing time: mean = 0.01ms, max = 0.01ms, min = 0.01ms, total = 0.01ms
	ray::rpc::WorkerInfoGcsService.grpc_client.AddWorkerInfo - 1 total (0 active), Execution time: mean = 0.99ms, total = 0.99ms, Queueing time: mean = 0.00ms, max = -0.00ms, min = 9223372036854.78ms, total = 0.00ms

-----------------
Task execution event stats:

Global stats: 46555 total (1 active)
Queueing time: mean = 0.37ms, max = 16307.23ms, min = -0.01ms, total = 16996.97ms
Execution time:  mean = 0.35ms, total = 16469.01ms
Event stats:
	CoreWorker.CheckSignal - 46295 total (1 active), Execution time: mean = 0.00ms, total = 98.65ms, Queueing time: mean = 0.37ms, max = 16307.23ms, min = -0.01ms, total = 16989.29ms
	CoreWorker.HandlePushTaskActor - 258 total (0 active), Execution time: mean = 0.21ms, total = 53.22ms, Queueing time: mean = 0.03ms, max = 0.04ms, min = 0.01ms, total = 7.67ms
	CoreWorker.HandlePushTask - 1 total (0 active), Execution time: mean = 16317.13ms, total = 16317.13ms, Queueing time: mean = 0.02ms, max = 0.02ms, min = 0.02ms, total = 0.02ms
	PeriodicalRunner.RunFnPeriodically - 1 total (0 active), Execution time: mean = 0.01ms, total = 0.01ms, Queueing time: mean = 0.00ms, max = 0.00ms, min = 0.00ms, total = 0.00ms

-----------------
Task Event stats:

IO Service Stats:

Global stats: 493 total (1 active)
Queueing time: mean = 0.02ms, max = 0.08ms, min = 0.01ms, total = 11.60ms
Execution time:  mean = 0.04ms, total = 17.94ms
Event stats:
	CoreWorker.deadline_timer.flush_task_events - 480 total (1 active), Execution time: mean = 0.02ms, total = 10.96ms, Queueing time: mean = 0.02ms, max = 0.08ms, min = 0.01ms, total = 11.47ms
	ray::rpc::TaskInfoGcsService.grpc_client.AddTaskEventData - 6 total (0 active), Execution time: mean = 1.07ms, total = 6.41ms, Queueing time: mean = 0.00ms, max = -0.00ms, min = 9223372036854.78ms, total = 0.00ms
	ray::rpc::TaskInfoGcsService.grpc_client.AddTaskEventData.OnReplyReceived - 6 total (0 active), Execution time: mean = 0.09ms, total = 0.52ms, Queueing time: mean = 0.02ms, max = 0.02ms, min = 0.02ms, total = 0.11ms
	PeriodicalRunner.RunFnPeriodically - 1 total (0 active), Execution time: mean = 0.05ms, total = 0.05ms, Queueing time: mean = 0.02ms, max = 0.02ms, min = 0.02ms, total = 0.02ms
Other Stats:
	gcs_grpc_in_progress:0
	event_aggregator_grpc_in_progress:0
	current number of task status events in buffer: 0
	current number of profile events in buffer: 0
	current number of dropped task attempts tracked: 0
	total task events sent: 0.0963516 MiB
	total number of task attempts sent: 260
	total number of task attempts dropped reported: 0
	total number of sent failure: 0
	num status task events dropped: 0
	num profile task events dropped: 0
	num ray task events reported to aggregator: 0
	num ray task events failed to report to aggregator: 0
	num of task attempts dropped reported to aggregator: 0
	num of failed requests to aggregator: 0

[2026-09-04 01:07:08,991 I 1518 1833] core_worker.cc:498: Event stats:


Global stats: 8310 total (8 active)
Queueing time: mean = 0.02ms, max = 0.78ms, min = -0.01ms, total = 138.41ms
Execution time:  mean = 1.99ms, total = 16524.11ms
Event stats:
	CoreWorker.RecoverObjects - 5400 total (1 active), Execution time: mean = 0.00ms, total = 11.68ms, Queueing time: mean = 0.02ms, max = 0.10ms, min = -0.01ms, total = 90.03ms
	CoreWorker.ReportWorkerBacklog - 540 total (1 active), Execution time: mean = 0.00ms, total = 1.95ms, Queueing time: mean = 0.02ms, max = 0.09ms, min = 0.00ms, total = 9.47ms
	CoreWorker.InternalHeartbeat - 540 total (1 active), Execution time: mean = 0.00ms, total = 2.00ms, Queueing time: mean = 0.02ms, max = 0.09ms, min = 0.00ms, total = 9.47ms
	CoreWorker.ExitIfParentRayletDies - 540 total (1 active), Execution time: mean = 0.01ms, total = 3.73ms, Queueing time: mean = 0.02ms, max = 0.07ms, min = 0.00ms, total = 8.52ms
	CoreWorkerService.grpc_server.PushTask - 517 total (0 active), Execution time: mean = 31.87ms, total = 16475.38ms, Queueing time: mean = 0.00ms, max = -0.00ms, min = 9223372036854.78ms, total = 0.00ms
	CoreWorkerService.grpc_server.PushTask.HandleRequestImpl - 517 total (0 active), Execution time: mean = 0.02ms, total = 12.61ms, Queueing time: mean = 0.02ms, max = 0.07ms, min = 0.00ms, total = 12.41ms
	CoreWorker.RecordMetrics - 108 total (1 active), Execution time: mean = 0.04ms, total = 4.51ms, Queueing time: mean = 0.01ms, max = 0.04ms, min = 0.00ms, total = 1.26ms
	CoreWorker.TryDelPendingObjectRefStreams - 54 total (1 active), Execution time: mean = 0.00ms, total = 0.12ms, Queueing time: mean = 0.05ms, max = 0.49ms, min = 0.00ms, total = 2.54ms
	CoreWorkerService.grpc_server.GetCoreWorkerStats.HandleRequestImpl - 36 total (0 active), Execution time: mean = 0.03ms, total = 1.22ms, Queueing time: mean = 0.02ms, max = 0.06ms, min = 0.01ms, total = 0.69ms
	CoreWorkerService.grpc_server.GetCoreWorkerStats - 36 total (0 active), Execution time: mean = 0.18ms, total = 6.60ms, Queueing time: mean = 0.00ms, max = -0.00ms, min = 9223372036854.78ms, total = 0.00ms
	CoreWorker.PrintEventStats - 9 total (1 active, 1 running), Execution time: mean = 0.28ms, total = 2.48ms, Queueing time: mean = 0.01ms, max = 0.04ms, min = 0.00ms, total = 0.13ms
	PeriodicalRunner.RunFnPeriodically - 8 total (0 active), Execution time: mean = 0.10ms, total = 0.79ms, Queueing time: mean = 0.48ms, max = 0.78ms, min = 0.02ms, total = 3.86ms
	Publisher.CheckDeadSubscribers - 2 total (1 active), Execution time: mean = 0.00ms, total = 0.00ms, Queueing time: mean = 0.00ms, max = 0.01ms, min = 0.01ms, total = 0.01ms
	ray::rpc::WorkerInfoGcsService.grpc_client.AddWorkerInfo.OnReplyReceived - 1 total (0 active), Execution time: mean = 0.05ms, total = 0.05ms, Queueing time: mean = 0.01ms, max = 0.01ms, min = 0.01ms, total = 0.01ms
	Publisher.PublishFailure.WORKER_OBJECT_LOCATIONS_CHANNEL - 1 total (0 active), Execution time: mean = 0.02ms, total = 0.02ms, Queueing time: mean = 0.01ms, max = 0.01ms, min = 0.01ms, total = 0.01ms
	ray::rpc::WorkerInfoGcsService.grpc_client.AddWorkerInfo - 1 total (0 active), Execution time: mean = 0.99ms, total = 0.99ms, Queueing time: mean = 0.00ms, max = -0.00ms, min = 9223372036854.78ms, total = 0.00ms

-----------------
Task execution event stats:

Global stats: 52804 total (1 active)
Queueing time: mean = 0.32ms, max = 16307.23ms, min = -0.01ms, total = 17082.84ms
Execution time:  mean = 0.31ms, total = 16504.61ms
Event stats:
	CoreWorker.CheckSignal - 52286 total (1 active), Execution time: mean = 0.00ms, total = 112.48ms, Queueing time: mean = 0.33ms, max = 16307.23ms, min = -0.01ms, total = 17071.73ms
	CoreWorker.HandlePushTaskActor - 516 total (0 active), Execution time: mean = 0.15ms, total = 74.99ms, Queueing time: mean = 0.02ms, max = 0.06ms, min = 0.01ms, total = 11.09ms
	CoreWorker.HandlePushTask - 1 total (0 active), Execution time: mean = 16317.13ms, total = 16317.13ms, Queueing time: mean = 0.02ms, max = 0.02ms, min = 0.02ms, total = 0.02ms
	PeriodicalRunner.RunFnPeriodically - 1 total (0 active), Execution time: mean = 0.01ms, total = 0.01ms, Queueing time: mean = 0.00ms, max = 0.00ms, min = 0.00ms, total = 0.00ms

-----------------
Task Event stats:

IO Service Stats:

Global stats: 563 total (1 active)
Queueing time: mean = 0.02ms, max = 0.08ms, min = 0.01ms, total = 13.35ms
Execution time:  mean = 0.05ms, total = 28.43ms
Event stats:
	CoreWorker.deadline_timer.flush_task_events - 540 total (1 active), Execution time: mean = 0.03ms, total = 16.06ms, Queueing time: mean = 0.02ms, max = 0.08ms, min = 0.01ms, total = 13.09ms
	ray::rpc::TaskInfoGcsService.grpc_client.AddTaskEventData - 11 total (0 active), Execution time: mean = 1.03ms, total = 11.38ms, Queueing time: mean = 0.00ms, max = -0.00ms, min = 9223372036854.78ms, total = 0.00ms
	ray::rpc::TaskInfoGcsService.grpc_client.AddTaskEventData.OnReplyReceived - 11 total (0 active), Execution time: mean = 0.08ms, total = 0.93ms, Queueing time: mean = 0.02ms, max = 0.04ms, min = 0.02ms, total = 0.24ms
	PeriodicalRunner.RunFnPeriodically - 1 total (0 active), Execution time: mean = 0.05ms, total = 0.05ms, Queueing time: mean = 0.02ms, max = 0.02ms, min = 0.02ms, total = 0.02ms
Other Stats:
	gcs_grpc_in_progress:0
	event_aggregator_grpc_in_progress:0
	current number of task status events in buffer: 0
	current number of profile events in buffer: 0
	current number of dropped task attempts tracked: 0
	total task events sent: 0.19231 MiB
	total number of task attempts sent: 518
	total number of task attempts dropped reported: 0
	total number of sent failure: 0
	num status task events dropped: 0
	num profile task events dropped: 0
	num ray task events reported to aggregator: 0
	num ray task events failed to report to aggregator: 0
	num of task attempts dropped reported to aggregator: 0
	num of failed requests to aggregator: 0

[2026-09-04 01:08:08,992 I 1518 1833] core_worker.cc:498: Event stats:


Global stats: 9117 total (8 active)
Queueing time: mean = 0.02ms, max = 0.78ms, min = -0.01ms, total = 154.02ms
Execution time:  mean = 1.81ms, total = 16527.80ms
Event stats:
	CoreWorker.RecoverObjects - 5999 total (1 active), Execution time: mean = 0.00ms, total = 13.01ms, Queueing time: mean = 0.02ms, max = 0.10ms, min = -0.01ms, total = 101.82ms
	CoreWorker.ReportWorkerBacklog - 600 total (1 active), Execution time: mean = 0.00ms, total = 2.13ms, Queueing time: mean = 0.02ms, max = 0.09ms, min = 0.00ms, total = 10.58ms
	CoreWorker.InternalHeartbeat - 600 total (1 active), Execution time: mean = 0.00ms, total = 2.15ms, Queueing time: mean = 0.02ms, max = 0.09ms, min = 0.00ms, total = 10.59ms
	CoreWorker.ExitIfParentRayletDies - 600 total (1 active), Execution time: mean = 0.01ms, total = 4.04ms, Queueing time: mean = 0.02ms, max = 0.07ms, min = 0.00ms, total = 9.49ms
	CoreWorkerService.grpc_server.PushTask - 517 total (0 active), Execution time: mean = 31.87ms, total = 16475.38ms, Queueing time: mean = 0.00ms, max = -0.00ms, min = 9223372036854.78ms, total = 0.00ms
	CoreWorkerService.grpc_server.PushTask.HandleRequestImpl - 517 total (0 active), Execution time: mean = 0.02ms, total = 12.61ms, Queueing time: mean = 0.02ms, max = 0.07ms, min = 0.00ms, total = 12.41ms
	CoreWorker.RecordMetrics - 120 total (1 active), Execution time: mean = 0.04ms, total = 5.07ms, Queueing time: mean = 0.01ms, max = 0.04ms, min = 0.00ms, total = 1.48ms
	CoreWorker.TryDelPendingObjectRefStreams - 60 total (1 active), Execution time: mean = 0.00ms, total = 0.13ms, Queueing time: mean = 0.05ms, max = 0.49ms, min = 0.00ms, total = 2.80ms
	CoreWorkerService.grpc_server.GetCoreWorkerStats.HandleRequestImpl - 40 total (0 active), Execution time: mean = 0.03ms, total = 1.36ms, Queueing time: mean = 0.02ms, max = 0.06ms, min = 0.01ms, total = 0.80ms
	CoreWorkerService.grpc_server.GetCoreWorkerStats - 40 total (0 active), Execution time: mean = 0.18ms, total = 7.38ms, Queueing time: mean = 0.00ms, max = -0.00ms, min = 9223372036854.78ms, total = 0.00ms
	CoreWorker.PrintEventStats - 10 total (1 active, 1 running), Execution time: mean = 0.27ms, total = 2.69ms, Queueing time: mean = 0.01ms, max = 0.04ms, min = 0.00ms, total = 0.14ms
	PeriodicalRunner.RunFnPeriodically - 8 total (0 active), Execution time: mean = 0.10ms, total = 0.79ms, Queueing time: mean = 0.48ms, max = 0.78ms, min = 0.02ms, total = 3.86ms
	Publisher.CheckDeadSubscribers - 3 total (1 active), Execution time: mean = 0.00ms, total = 0.01ms, Queueing time: mean = 0.01ms, max = 0.02ms, min = 0.01ms, total = 0.02ms
	ray::rpc::WorkerInfoGcsService.grpc_client.AddWorkerInfo.OnReplyReceived - 1 total (0 active), Execution time: mean = 0.05ms, total = 0.05ms, Queueing time: mean = 0.01ms, max = 0.01ms, min = 0.01ms, total = 0.01ms
	Publisher.PublishFailure.WORKER_OBJECT_LOCATIONS_CHANNEL - 1 total (0 active), Execution time: mean = 0.02ms, total = 0.02ms, Queueing time: mean = 0.01ms, max = 0.01ms, min = 0.01ms, total = 0.01ms
	ray::rpc::WorkerInfoGcsService.grpc_client.AddWorkerInfo - 1 total (0 active), Execution time: mean = 0.99ms, total = 0.99ms, Queueing time: mean = 0.00ms, max = -0.00ms, min = 9223372036854.78ms, total = 0.00ms

-----------------
Task execution event stats:

Global stats: 58792 total (1 active)
Queueing time: mean = 0.29ms, max = 16307.23ms, min = -0.01ms, total = 17189.95ms
Execution time:  mean = 0.28ms, total = 16521.45ms
Event stats:
	CoreWorker.CheckSignal - 58274 total (1 active), Execution time: mean = 0.00ms, total = 129.32ms, Queueing time: mean = 0.29ms, max = 16307.23ms, min = -0.01ms, total = 17178.84ms
	CoreWorker.HandlePushTaskActor - 516 total (0 active), Execution time: mean = 0.15ms, total = 74.99ms, Queueing time: mean = 0.02ms, max = 0.06ms, min = 0.01ms, total = 11.09ms
	CoreWorker.HandlePushTask - 1 total (0 active), Execution time: mean = 16317.13ms, total = 16317.13ms, Queueing time: mean = 0.02ms, max = 0.02ms, min = 0.02ms, total = 0.02ms
	PeriodicalRunner.RunFnPeriodically - 1 total (0 active), Execution time: mean = 0.01ms, total = 0.01ms, Queueing time: mean = 0.00ms, max = 0.00ms, min = 0.00ms, total = 0.00ms

-----------------
Task Event stats:

IO Service Stats:

Global stats: 623 total (1 active)
Queueing time: mean = 0.02ms, max = 0.08ms, min = 0.01ms, total = 14.92ms
Execution time:  mean = 0.05ms, total = 28.97ms
Event stats:
	CoreWorker.deadline_timer.flush_task_events - 600 total (1 active), Execution time: mean = 0.03ms, total = 16.60ms, Queueing time: mean = 0.02ms, max = 0.08ms, min = 0.01ms, total = 14.67ms
	ray::rpc::TaskInfoGcsService.grpc_client.AddTaskEventData - 11 total (0 active), Execution time: mean = 1.03ms, total = 11.38ms, Queueing time: mean = 0.00ms, max = -0.00ms, min = 9223372036854.78ms, total = 0.00ms
	ray::rpc::TaskInfoGcsService.grpc_client.AddTaskEventData.OnReplyReceived - 11 total (0 active), Execution time: mean = 0.08ms, total = 0.93ms, Queueing time: mean = 0.02ms, max = 0.04ms, min = 0.02ms, total = 0.24ms
	PeriodicalRunner.RunFnPeriodically - 1 total (0 active), Execution time: mean = 0.05ms, total = 0.05ms, Queueing time: mean = 0.02ms, max = 0.02ms, min = 0.02ms, total = 0.02ms
Other Stats:
	gcs_grpc_in_progress:0
	event_aggregator_grpc_in_progress:0
	current number of task status events in buffer: 0
	current number of profile events in buffer: 0
	current number of dropped task attempts tracked: 0
	total task events sent: 0.19231 MiB
	total number of task attempts sent: 518
	total number of task attempts dropped reported: 0
	total number of sent failure: 0
	num status task events dropped: 0
	num profile task events dropped: 0
	num ray task events reported to aggregator: 0
	num ray task events failed to report to aggregator: 0
	num of task attempts dropped reported to aggregator: 0
	num of failed requests to aggregator: 0

[2026-09-04 01:09:08,992 I 1518 1833] core_worker.cc:498: Event stats:


Global stats: 9924 total (8 active)
Queueing time: mean = 0.02ms, max = 0.78ms, min = -0.01ms, total = 167.26ms
Execution time:  mean = 1.67ms, total = 16531.70ms
Event stats:
	CoreWorker.RecoverObjects - 6599 total (1 active), Execution time: mean = 0.00ms, total = 14.17ms, Queueing time: mean = 0.02ms, max = 0.14ms, min = -0.01ms, total = 111.88ms
	CoreWorker.ReportWorkerBacklog - 660 total (1 active), Execution time: mean = 0.00ms, total = 2.35ms, Queueing time: mean = 0.02ms, max = 0.20ms, min = 0.00ms, total = 11.50ms
	CoreWorker.InternalHeartbeat - 660 total (1 active), Execution time: mean = 0.00ms, total = 2.43ms, Queueing time: mean = 0.02ms, max = 0.09ms, min = 0.00ms, total = 11.46ms
	CoreWorker.ExitIfParentRayletDies - 660 total (1 active), Execution time: mean = 0.01ms, total = 4.45ms, Queueing time: mean = 0.02ms, max = 0.18ms, min = 0.00ms, total = 10.24ms
	CoreWorkerService.grpc_server.PushTask - 517 total (0 active), Execution time: mean = 31.87ms, total = 16475.38ms, Queueing time: mean = 0.00ms, max = -0.00ms, min = 9223372036854.78ms, total = 0.00ms
	CoreWorkerService.grpc_server.PushTask.HandleRequestImpl - 517 total (0 active), Execution time: mean = 0.02ms, total = 12.61ms, Queueing time: mean = 0.02ms, max = 0.07ms, min = 0.00ms, total = 12.41ms
	CoreWorker.RecordMetrics - 132 total (1 active), Execution time: mean = 0.04ms, total = 5.55ms, Queueing time: mean = 0.01ms, max = 0.04ms, min = 0.00ms, total = 1.67ms
	CoreWorker.TryDelPendingObjectRefStreams - 66 total (1 active), Execution time: mean = 0.00ms, total = 0.14ms, Queueing time: mean = 0.05ms, max = 0.49ms, min = 0.00ms, total = 3.13ms
	CoreWorkerService.grpc_server.GetCoreWorkerStats.HandleRequestImpl - 44 total (0 active), Execution time: mean = 0.03ms, total = 1.51ms, Queueing time: mean = 0.02ms, max = 0.06ms, min = 0.01ms, total = 0.92ms
	CoreWorkerService.grpc_server.GetCoreWorkerStats - 44 total (0 active), Execution time: mean = 0.19ms, total = 8.18ms, Queueing time: mean = 0.00ms, max = -0.00ms, min = 9223372036854.78ms, total = 0.00ms
	CoreWorker.PrintEventStats - 11 total (1 active, 1 running), Execution time: mean = 0.28ms, total = 3.09ms, Queueing time: mean = 0.01ms, max = 0.04ms, min = 0.00ms, total = 0.16ms
	PeriodicalRunner.RunFnPeriodically - 8 total (0 active), Execution time: mean = 0.10ms, total = 0.79ms, Queueing time: mean = 0.48ms, max = 0.78ms, min = 0.02ms, total = 3.86ms
	Publisher.CheckDeadSubscribers - 3 total (1 active), Execution time: mean = 0.00ms, total = 0.01ms, Queueing time: mean = 0.01ms, max = 0.02ms, min = 0.01ms, total = 0.02ms
	ray::rpc::WorkerInfoGcsService.grpc_client.AddWorkerInfo.OnReplyReceived - 1 total (0 active), Execution time: mean = 0.05ms, total = 0.05ms, Queueing time: mean = 0.01ms, max = 0.01ms, min = 0.01ms, total = 0.01ms
	Publisher.PublishFailure.WORKER_OBJECT_LOCATIONS_CHANNEL - 1 total (0 active), Execution time: mean = 0.02ms, total = 0.02ms, Queueing time: mean = 0.01ms, max = 0.01ms, min = 0.01ms, total = 0.01ms
	ray::rpc::WorkerInfoGcsService.grpc_client.AddWorkerInfo - 1 total (0 active), Execution time: mean = 0.99ms, total = 0.99ms, Queueing time: mean = 0.00ms, max = -0.00ms, min = 9223372036854.78ms, total = 0.00ms

-----------------
Task execution event stats:

Global stats: 64784 total (1 active)
Queueing time: mean = 0.27ms, max = 16307.23ms, min = -0.01ms, total = 17266.43ms
Execution time:  mean = 0.26ms, total = 16533.20ms
Event stats:
	CoreWorker.CheckSignal - 64266 total (1 active), Execution time: mean = 0.00ms, total = 141.07ms, Queueing time: mean = 0.27ms, max = 16307.23ms, min = -0.01ms, total = 17255.33ms
	CoreWorker.HandlePushTaskActor - 516 total (0 active), Execution time: mean = 0.15ms, total = 74.99ms, Queueing time: mean = 0.02ms, max = 0.06ms, min = 0.01ms, total = 11.09ms
	CoreWorker.HandlePushTask - 1 total (0 active), Execution time: mean = 16317.13ms, total = 16317.13ms, Queueing time: mean = 0.02ms, max = 0.02ms, min = 0.02ms, total = 0.02ms
	PeriodicalRunner.RunFnPeriodically - 1 total (0 active), Execution time: mean = 0.01ms, total = 0.01ms, Queueing time: mean = 0.00ms, max = 0.00ms, min = 0.00ms, total = 0.00ms

-----------------
Task Event stats:

IO Service Stats:

Global stats: 683 total (1 active)
Queueing time: mean = 0.02ms, max = 0.08ms, min = 0.01ms, total = 16.12ms
Execution time:  mean = 0.04ms, total = 29.63ms
Event stats:
	CoreWorker.deadline_timer.flush_task_events - 660 total (1 active), Execution time: mean = 0.03ms, total = 17.25ms, Queueing time: mean = 0.02ms, max = 0.08ms, min = 0.01ms, total = 15.86ms
	ray::rpc::TaskInfoGcsService.grpc_client.AddTaskEventData - 11 total (0 active), Execution time: mean = 1.03ms, total = 11.38ms, Queueing time: mean = 0.00ms, max = -0.00ms, min = 9223372036854.78ms, total = 0.00ms
	ray::rpc::TaskInfoGcsService.grpc_client.AddTaskEventData.OnReplyReceived - 11 total (0 active), Execution time: mean = 0.08ms, total = 0.93ms, Queueing time: mean = 0.02ms, max = 0.04ms, min = 0.02ms, total = 0.24ms
	PeriodicalRunner.RunFnPeriodically - 1 total (0 active), Execution time: mean = 0.05ms, total = 0.05ms, Queueing time: mean = 0.02ms, max = 0.02ms, min = 0.02ms, total = 0.02ms
Other Stats:
	gcs_grpc_in_progress:0
	event_aggregator_grpc_in_progress:0
	current number of task status events in buffer: 0
	current number of profile events in buffer: 0
	current number of dropped task attempts tracked: 0
	total task events sent: 0.19231 MiB
	total number of task attempts sent: 518
	total number of task attempts dropped reported: 0
	total number of sent failure: 0
	num status task events dropped: 0
	num profile task events dropped: 0
	num ray task events reported to aggregator: 0
	num ray task events failed to report to aggregator: 0
	num of task attempts dropped reported to aggregator: 0
	num of failed requests to aggregator: 0

[2026-09-04 01:10:08,992 I 1518 1833] core_worker.cc:498: Event stats:


Global stats: 10731 total (8 active)
Queueing time: mean = 0.02ms, max = 0.78ms, min = -0.03ms, total = 180.29ms
Execution time:  mean = 1.54ms, total = 16535.42ms
Event stats:
	CoreWorker.RecoverObjects - 7199 total (1 active), Execution time: mean = 0.00ms, total = 15.50ms, Queueing time: mean = 0.02ms, max = 0.14ms, min = -0.03ms, total = 121.71ms
	CoreWorker.ReportWorkerBacklog - 720 total (1 active), Execution time: mean = 0.00ms, total = 2.56ms, Queueing time: mean = 0.02ms, max = 0.20ms, min = 0.00ms, total = 12.46ms
	CoreWorker.InternalHeartbeat - 720 total (1 active), Execution time: mean = 0.00ms, total = 2.70ms, Queueing time: mean = 0.02ms, max = 0.09ms, min = 0.00ms, total = 12.38ms
	CoreWorker.ExitIfParentRayletDies - 720 total (1 active), Execution time: mean = 0.01ms, total = 4.82ms, Queueing time: mean = 0.02ms, max = 0.18ms, min = 0.00ms, total = 11.04ms
	CoreWorkerService.grpc_server.PushTask - 517 total (0 active), Execution time: mean = 31.87ms, total = 16475.38ms, Queueing time: mean = 0.00ms, max = -0.00ms, min = 9223372036854.78ms, total = 0.00ms
	CoreWorkerService.grpc_server.PushTask.HandleRequestImpl - 517 total (0 active), Execution time: mean = 0.02ms, total = 12.61ms, Queueing time: mean = 0.02ms, max = 0.07ms, min = 0.00ms, total = 12.41ms
	CoreWorker.RecordMetrics - 144 total (1 active), Execution time: mean = 0.04ms, total = 6.03ms, Queueing time: mean = 0.01ms, max = 0.04ms, min = 0.00ms, total = 1.80ms
	CoreWorker.TryDelPendingObjectRefStreams - 72 total (1 active), Execution time: mean = 0.00ms, total = 0.16ms, Queueing time: mean = 0.05ms, max = 0.49ms, min = 0.00ms, total = 3.43ms
	CoreWorkerService.grpc_server.GetCoreWorkerStats.HandleRequestImpl - 48 total (0 active), Execution time: mean = 0.03ms, total = 1.64ms, Queueing time: mean = 0.02ms, max = 0.06ms, min = 0.01ms, total = 0.99ms
	CoreWorkerService.grpc_server.GetCoreWorkerStats - 48 total (0 active), Execution time: mean = 0.18ms, total = 8.82ms, Queueing time: mean = 0.00ms, max = -0.00ms, min = 9223372036854.78ms, total = 0.00ms
	CoreWorker.PrintEventStats - 12 total (1 active, 1 running), Execution time: mean = 0.28ms, total = 3.36ms, Queueing time: mean = 0.01ms, max = 0.04ms, min = 0.00ms, total = 0.17ms
	PeriodicalRunner.RunFnPeriodically - 8 total (0 active), Execution time: mean = 0.10ms, total = 0.79ms, Queueing time: mean = 0.48ms, max = 0.78ms, min = 0.02ms, total = 3.86ms
	Publisher.CheckDeadSubscribers - 3 total (1 active), Execution time: mean = 0.00ms, total = 0.01ms, Queueing time: mean = 0.01ms, max = 0.02ms, min = 0.01ms, total = 0.02ms
	ray::rpc::WorkerInfoGcsService.grpc_client.AddWorkerInfo.OnReplyReceived - 1 total (0 active), Execution time: mean = 0.05ms, total = 0.05ms, Queueing time: mean = 0.01ms, max = 0.01ms, min = 0.01ms, total = 0.01ms
	Publisher.PublishFailure.WORKER_OBJECT_LOCATIONS_CHANNEL - 1 total (0 active), Execution time: mean = 0.02ms, total = 0.02ms, Queueing time: mean = 0.01ms, max = 0.01ms, min = 0.01ms, total = 0.01ms
	ray::rpc::WorkerInfoGcsService.grpc_client.AddWorkerInfo - 1 total (0 active), Execution time: mean = 0.99ms, total = 0.99ms, Queueing time: mean = 0.00ms, max = -0.00ms, min = 9223372036854.78ms, total = 0.00ms

-----------------
Task execution event stats:

Global stats: 70777 total (1 active)
Queueing time: mean = 0.24ms, max = 16307.23ms, min = -0.01ms, total = 17327.28ms
Execution time:  mean = 0.23ms, total = 16544.83ms
Event stats:
	CoreWorker.CheckSignal - 70259 total (1 active), Execution time: mean = 0.00ms, total = 152.70ms, Queueing time: mean = 0.25ms, max = 16307.23ms, min = -0.01ms, total = 17316.17ms
	CoreWorker.HandlePushTaskActor - 516 total (0 active), Execution time: mean = 0.15ms, total = 74.99ms, Queueing time: mean = 0.02ms, max = 0.06ms, min = 0.01ms, total = 11.09ms
	CoreWorker.HandlePushTask - 1 total (0 active), Execution time: mean = 16317.13ms, total = 16317.13ms, Queueing time: mean = 0.02ms, max = 0.02ms, min = 0.02ms, total = 0.02ms
	PeriodicalRunner.RunFnPeriodically - 1 total (0 active), Execution time: mean = 0.01ms, total = 0.01ms, Queueing time: mean = 0.00ms, max = 0.00ms, min = 0.00ms, total = 0.00ms

-----------------
Task Event stats:

IO Service Stats:

Global stats: 743 total (1 active)
Queueing time: mean = 0.02ms, max = 0.08ms, min = 0.00ms, total = 17.10ms
Execution time:  mean = 0.04ms, total = 30.14ms
Event stats:
	CoreWorker.deadline_timer.flush_task_events - 720 total (1 active), Execution time: mean = 0.02ms, total = 17.77ms, Queueing time: mean = 0.02ms, max = 0.08ms, min = 0.00ms, total = 16.85ms
	ray::rpc::TaskInfoGcsService.grpc_client.AddTaskEventData - 11 total (0 active), Execution time: mean = 1.03ms, total = 11.38ms, Queueing time: mean = 0.00ms, max = -0.00ms, min = 9223372036854.78ms, total = 0.00ms
	ray::rpc::TaskInfoGcsService.grpc_client.AddTaskEventData.OnReplyReceived - 11 total (0 active), Execution time: mean = 0.08ms, total = 0.93ms, Queueing time: mean = 0.02ms, max = 0.04ms, min = 0.02ms, total = 0.24ms
	PeriodicalRunner.RunFnPeriodically - 1 total (0 active), Execution time: mean = 0.05ms, total = 0.05ms, Queueing time: mean = 0.02ms, max = 0.02ms, min = 0.02ms, total = 0.02ms
Other Stats:
	gcs_grpc_in_progress:0
	event_aggregator_grpc_in_progress:0
	current number of task status events in buffer: 0
	current number of profile events in buffer: 0
	current number of dropped task attempts tracked: 0
	total task events sent: 0.19231 MiB
	total number of task attempts sent: 518
	total number of task attempts dropped reported: 0
	total number of sent failure: 0
	num status task events dropped: 0
	num profile task events dropped: 0
	num ray task events reported to aggregator: 0
	num ray task events failed to report to aggregator: 0
	num of task attempts dropped reported to aggregator: 0
	num of failed requests to aggregator: 0

[2026-09-04 01:11:08,993 I 1518 1833] core_worker.cc:498: Event stats:


Global stats: 11538 total (8 active)
Queueing time: mean = 0.02ms, max = 0.78ms, min = -0.03ms, total = 193.56ms
Execution time:  mean = 1.43ms, total = 16538.93ms
Event stats:
	CoreWorker.RecoverObjects - 7799 total (1 active), Execution time: mean = 0.00ms, total = 16.70ms, Queueing time: mean = 0.02ms, max = 0.14ms, min = -0.03ms, total = 131.33ms
	CoreWorker.ReportWorkerBacklog - 780 total (1 active), Execution time: mean = 0.00ms, total = 2.76ms, Queueing time: mean = 0.02ms, max = 0.20ms, min = 0.00ms, total = 13.58ms
	CoreWorker.InternalHeartbeat - 780 total (1 active), Execution time: mean = 0.00ms, total = 2.95ms, Queueing time: mean = 0.02ms, max = 0.09ms, min = 0.00ms, total = 13.45ms
	CoreWorker.ExitIfParentRayletDies - 780 total (1 active), Execution time: mean = 0.01ms, total = 5.21ms, Queueing time: mean = 0.02ms, max = 0.18ms, min = 0.00ms, total = 11.95ms
	CoreWorkerService.grpc_server.PushTask - 517 total (0 active), Execution time: mean = 31.87ms, total = 16475.38ms, Queueing time: mean = 0.00ms, max = -0.00ms, min = 9223372036854.78ms, total = 0.00ms
	CoreWorkerService.grpc_server.PushTask.HandleRequestImpl - 517 total (0 active), Execution time: mean = 0.02ms, total = 12.61ms, Queueing time: mean = 0.02ms, max = 0.07ms, min = 0.00ms, total = 12.41ms
	CoreWorker.RecordMetrics - 156 total (1 active), Execution time: mean = 0.04ms, total = 6.51ms, Queueing time: mean = 0.01ms, max = 0.04ms, min = 0.00ms, total = 1.99ms
	CoreWorker.TryDelPendingObjectRefStreams - 78 total (1 active), Execution time: mean = 0.00ms, total = 0.17ms, Queueing time: mean = 0.05ms, max = 0.49ms, min = 0.00ms, total = 3.70ms
	CoreWorkerService.grpc_server.GetCoreWorkerStats.HandleRequestImpl - 52 total (0 active), Execution time: mean = 0.03ms, total = 1.77ms, Queueing time: mean = 0.02ms, max = 0.06ms, min = 0.01ms, total = 1.07ms
	CoreWorkerService.grpc_server.GetCoreWorkerStats - 52 total (0 active), Execution time: mean = 0.18ms, total = 9.42ms, Queueing time: mean = 0.00ms, max = -0.00ms, min = 9223372036854.78ms, total = 0.00ms
	CoreWorker.PrintEventStats - 13 total (1 active, 1 running), Execution time: mean = 0.28ms, total = 3.60ms, Queueing time: mean = 0.01ms, max = 0.04ms, min = 0.00ms, total = 0.18ms
	PeriodicalRunner.RunFnPeriodically - 8 total (0 active), Execution time: mean = 0.10ms, total = 0.79ms, Queueing time: mean = 0.48ms, max = 0.78ms, min = 0.02ms, total = 3.86ms
	Publisher.CheckDeadSubscribers - 3 total (1 active), Execution time: mean = 0.00ms, total = 0.01ms, Queueing time: mean = 0.01ms, max = 0.02ms, min = 0.01ms, total = 0.02ms
	ray::rpc::WorkerInfoGcsService.grpc_client.AddWorkerInfo.OnReplyReceived - 1 total (0 active), Execution time: mean = 0.05ms, total = 0.05ms, Queueing time: mean = 0.01ms, max = 0.01ms, min = 0.01ms, total = 0.01ms
	Publisher.PublishFailure.WORKER_OBJECT_LOCATIONS_CHANNEL - 1 total (0 active), Execution time: mean = 0.02ms, total = 0.02ms, Queueing time: mean = 0.01ms, max = 0.01ms, min = 0.01ms, total = 0.01ms
	ray::rpc::WorkerInfoGcsService.grpc_client.AddWorkerInfo - 1 total (0 active), Execution time: mean = 0.99ms, total = 0.99ms, Queueing time: mean = 0.00ms, max = -0.00ms, min = 9223372036854.78ms, total = 0.00ms

-----------------
Task execution event stats:

Global stats: 76770 total (1 active)
Queueing time: mean = 0.23ms, max = 16307.23ms, min = -0.03ms, total = 17391.75ms
Execution time:  mean = 0.22ms, total = 16557.25ms
Event stats:
	CoreWorker.CheckSignal - 76252 total (1 active), Execution time: mean = 0.00ms, total = 165.12ms, Queueing time: mean = 0.23ms, max = 16307.23ms, min = -0.03ms, total = 17380.64ms
	CoreWorker.HandlePushTaskActor - 516 total (0 active), Execution time: mean = 0.15ms, total = 74.99ms, Queueing time: mean = 0.02ms, max = 0.06ms, min = 0.01ms, total = 11.09ms
	CoreWorker.HandlePushTask - 1 total (0 active), Execution time: mean = 16317.13ms, total = 16317.13ms, Queueing time: mean = 0.02ms, max = 0.02ms, min = 0.02ms, total = 0.02ms
	PeriodicalRunner.RunFnPeriodically - 1 total (0 active), Execution time: mean = 0.01ms, total = 0.01ms, Queueing time: mean = 0.00ms, max = 0.00ms, min = 0.00ms, total = 0.00ms

-----------------
Task Event stats:

IO Service Stats:

Global stats: 803 total (1 active)
Queueing time: mean = 0.02ms, max = 0.08ms, min = 0.00ms, total = 18.11ms
Execution time:  mean = 0.04ms, total = 30.69ms
Event stats:
	CoreWorker.deadline_timer.flush_task_events - 780 total (1 active), Execution time: mean = 0.02ms, total = 18.32ms, Queueing time: mean = 0.02ms, max = 0.08ms, min = 0.00ms, total = 17.86ms
	ray::rpc::TaskInfoGcsService.grpc_client.AddTaskEventData - 11 total (0 active), Execution time: mean = 1.03ms, total = 11.38ms, Queueing time: mean = 0.00ms, max = -0.00ms, min = 9223372036854.78ms, total = 0.00ms
	ray::rpc::TaskInfoGcsService.grpc_client.AddTaskEventData.OnReplyReceived - 11 total (0 active), Execution time: mean = 0.08ms, total = 0.93ms, Queueing time: mean = 0.02ms, max = 0.04ms, min = 0.02ms, total = 0.24ms
	PeriodicalRunner.RunFnPeriodically - 1 total (0 active), Execution time: mean = 0.05ms, total = 0.05ms, Queueing time: mean = 0.02ms, max = 0.02ms, min = 0.02ms, total = 0.02ms
Other Stats:
	gcs_grpc_in_progress:0
	event_aggregator_grpc_in_progress:0
	current number of task status events in buffer: 0
	current number of profile events in buffer: 0
	current number of dropped task attempts tracked: 0
	total task events sent: 0.19231 MiB
	total number of task attempts sent: 518
	total number of task attempts dropped reported: 0
	total number of sent failure: 0
	num status task events dropped: 0
	num profile task events dropped: 0
	num ray task events reported to aggregator: 0
	num ray task events failed to report to aggregator: 0
	num of task attempts dropped reported to aggregator: 0
	num of failed requests to aggregator: 0

[2026-09-04 01:12:01,031 I 1518 1833] core_worker.cc:4493: Force kill actor request has received. exiting immediately... The actor is dead because its owner has died. Owner Id: 1f61894151c20b14da0063ae691350a000753e7579d127b187fb3a27 Owner Ip address: 10.244.18.139 Owner worker exit type: INTENDED_SYSTEM_EXIT Worker exit detail: Owner's worker process has crashed.
[2026-09-04 01:12:01,035 I 1518 1833] core_worker_shutdown_executor.cc:303: Try killing all child processes of this worker as it exits. Child process pids: 
[2026-09-04 01:12:01,035 I 1518 1833] core_worker_shutdown_executor.cc:368: Sending disconnect message to the local raylet.
[2026-09-04 01:12:01,035 I 1518 1833] raylet_ipc_client.cc:133: RayletIpcClient::Disconnect, exit_type=INTENDED_SYSTEM_EXIT, exit_detail=Worker exits because the actor is killed. The actor is dead because its owner has died. Owner Id: 1f61894151c20b14da0063ae691350a000753e7579d127b187fb3a27 Owner Ip address: 10.244.18.139 Owner worker exit type: INTENDED_SYSTEM_EXIT Worker exit detail: Owner's worker process has crashed., has creation_task_exception_pb_bytes=0
[2026-09-04 01:12:01,036 I 1518 1833] core_worker_shutdown_executor.cc:384: Disconnected from the local raylet.
[2026-09-04 01:12:01,036 W 1518 1833] core_worker_shutdown_executor.cc:393: Quick exit - terminating process immediately
