[2026-09-04 00:58:38,472 I 5436 5436] core_worker_process.cc:868: Constructing CoreWorkerProcess. pid: 5436
[2026-09-04 00:58:38,474 I 5436 5436] event.cc:499: Ray Event initialized for CORE_WORKER
[2026-09-04 00:58:38,474 I 5436 5436] event.cc:499: Ray Event initialized for EXPORT_TASK
[2026-09-04 00:58:38,474 I 5436 5436] event.cc:332: Set ray event level to warning
[2026-09-04 00:58:38,476 I 5436 5436] grpc_server.cc:144: worker server started, listening on port 20066.
[2026-09-04 00:58:38,476 I 5436 5436] core_worker_process.cc:299: Initializing worker at address: 10.244.18.139:20066 worker_id=9df20b73875545fd1e36bb7f2a3f9ccbf324fa9b2300efdbb241e6a0 node_id=11215b0011fac4845f8eecab7d85f57fc12c4efc1ad3dce06ebdc204
[2026-09-04 00:58:38,476 I 5436 5436] task_event_buffer.cc:535: Reporting task events to GCS every 1000ms.
[2026-09-04 00:58:38,477 I 5436 5436] core_worker.cc:568: Adjusted worker niceness to 15
[2026-09-04 00:58:38,477 I 5436 5647] core_worker.cc:498: Event stats:


Global stats: 11 total (9 active)
Queueing time: mean = 0.00ms, max = 0.01ms, min = 0.00ms, total = 0.01ms
Execution time:  mean = 0.00ms, total = 0.01ms
Event stats:
	PeriodicalRunner.RunFnPeriodically - 8 total (6 active, 1 running), Execution time: mean = 0.00ms, total = 0.01ms, Queueing time: mean = 0.00ms, max = 0.01ms, min = 0.00ms, total = 0.01ms
	CoreWorker.ExitIfParentRayletDies - 1 total (1 active), Execution time: mean = 0.00ms, total = 0.00ms, Queueing time: mean = 0.00ms, max = -0.00ms, min = 9223372036854.78ms, total = 0.00ms
	Publisher.CheckDeadSubscribers - 1 total (1 active), Execution time: mean = 0.00ms, total = 0.00ms, Queueing time: mean = 0.00ms, max = -0.00ms, min = 9223372036854.78ms, total = 0.00ms
	ray::rpc::WorkerInfoGcsService.grpc_client.AddWorkerInfo - 1 total (1 active), Execution time: mean = 0.00ms, total = 0.00ms, Queueing time: mean = 0.00ms, max = -0.00ms, min = 9223372036854.78ms, total = 0.00ms

-----------------
Task execution event stats:

Global stats: 0 total (0 active)
Queueing time: mean = -nanms, max = -0.00ms, min = 9223372036854.78ms, total = 0.00ms
Execution time:  mean = -nanms, total = 0.00ms
Event stats:

-----------------
Task Event stats:

IO Service Stats:

Global stats: 2 total (1 active)
Queueing time: mean = 0.01ms, max = 0.01ms, min = 0.01ms, total = 0.01ms
Execution time:  mean = 0.01ms, total = 0.02ms
Event stats:
	CoreWorker.deadline_timer.flush_task_events - 1 total (1 active), Execution time: mean = 0.00ms, total = 0.00ms, Queueing time: mean = 0.00ms, max = -0.00ms, min = 9223372036854.78ms, total = 0.00ms
	PeriodicalRunner.RunFnPeriodically - 1 total (0 active), Execution time: mean = 0.02ms, total = 0.02ms, Queueing time: mean = 0.01ms, max = 0.01ms, min = 0.01ms, total = 0.01ms
Other Stats:
	gcs_grpc_in_progress:0
	event_aggregator_grpc_in_progress:0
	current number of task status events in buffer: 0
	current number of profile events in buffer: 0
	current number of dropped task attempts tracked: 0
	total task events sent: 0 MiB
	total number of task attempts sent: 0
	total number of task attempts dropped reported: 0
	total number of sent failure: 0
	num status task events dropped: 0
	num profile task events dropped: 0
	num ray task events reported to aggregator: 0
	num ray task events failed to report to aggregator: 0
	num of task attempts dropped reported to aggregator: 0
	num of failed requests to aggregator: 0

[2026-09-04 00:58:38,478 I 5436 5436] actor_task_submitter.cc:75: Set actor max pending calls to -1 actor_id=3853640a5b3ade2cecd4e2ff01000000
[2026-09-04 00:58:38,478 I 5436 5436] core_worker.cc:3112: Creating actor actor_id=3853640a5b3ade2cecd4e2ff01000000
[2026-09-04 00:59:02,113 I 5436 5436] task_receiver.cc:117: Actor creation task finished, task_id: ffffffffffffffff3853640a5b3ade2cecd4e2ff01000000, actor_id: 3853640a5b3ade2cecd4e2ff01000000, actor_repr_name: 
[2026-09-04 00:59:38,477 I 5436 5647] core_worker.cc:498: Event stats:


Global stats: 823 total (9 active)
Queueing time: mean = 0.02ms, max = 0.47ms, min = 0.00ms, total = 12.48ms
Execution time:  mean = 28.72ms, total = 23639.63ms
Event stats:
	CoreWorker.RecoverObjects - 600 total (1 active), Execution time: mean = 0.00ms, total = 1.05ms, Queueing time: mean = 0.01ms, max = 0.04ms, min = 0.00ms, total = 8.99ms
	CoreWorker.ExitIfParentRayletDies - 60 total (1 active), Execution time: mean = 0.01ms, total = 0.37ms, Queueing time: mean = 0.01ms, max = 0.03ms, min = 0.00ms, total = 0.82ms
	CoreWorker.ReportWorkerBacklog - 60 total (1 active), Execution time: mean = 0.00ms, total = 0.17ms, Queueing time: mean = 0.02ms, max = 0.47ms, min = 0.00ms, total = 0.92ms
	CoreWorker.InternalHeartbeat - 60 total (1 active), Execution time: mean = 0.00ms, total = 0.17ms, Queueing time: mean = 0.02ms, max = 0.47ms, min = 0.00ms, total = 0.92ms
	CoreWorker.RecordMetrics - 12 total (1 active), Execution time: mean = 0.08ms, total = 0.98ms, Queueing time: mean = 0.00ms, max = 0.01ms, min = 0.00ms, total = 0.06ms
	PeriodicalRunner.RunFnPeriodically - 8 total (0 active), Execution time: mean = 0.02ms, total = 0.13ms, Queueing time: mean = 0.07ms, max = 0.12ms, min = 0.00ms, total = 0.56ms
	CoreWorker.TryDelPendingObjectRefStreams - 6 total (1 active), Execution time: mean = 0.00ms, total = 0.01ms, Queueing time: mean = 0.01ms, max = 0.02ms, min = 0.01ms, total = 0.07ms
	CoreWorkerService.grpc_server.GetCoreWorkerStats - 4 total (0 active), Execution time: mean = 0.28ms, total = 1.13ms, Queueing time: mean = 0.00ms, max = -0.00ms, min = 9223372036854.78ms, total = 0.00ms
	CoreWorkerService.grpc_server.GetCoreWorkerStats.HandleRequestImpl - 4 total (0 active), Execution time: mean = 0.09ms, total = 0.37ms, Queueing time: mean = 0.02ms, max = 0.02ms, min = 0.01ms, total = 0.08ms
	CoreWorkerService.grpc_server.PushTask - 2 total (1 active), Execution time: mean = 11817.34ms, total = 23634.68ms, Queueing time: mean = 0.00ms, max = -0.00ms, min = 9223372036854.78ms, total = 0.00ms
	CoreWorkerService.grpc_server.PushTask.HandleRequestImpl - 2 total (0 active), Execution time: mean = 0.11ms, total = 0.22ms, Queueing time: mean = 0.02ms, max = 0.02ms, min = 0.01ms, total = 0.03ms
	ray::rpc::WorkerInfoGcsService.grpc_client.AddWorkerInfo.OnReplyReceived - 1 total (0 active), Execution time: mean = 0.03ms, total = 0.03ms, Queueing time: mean = 0.01ms, max = 0.01ms, min = 0.01ms, total = 0.01ms
	Publisher.CheckDeadSubscribers - 1 total (1 active), Execution time: mean = 0.00ms, total = 0.00ms, Queueing time: mean = 0.00ms, max = -0.00ms, min = 9223372036854.78ms, total = 0.00ms
	ray::rpc::WorkerInfoGcsService.grpc_client.AddWorkerInfo - 1 total (0 active), Execution time: mean = 0.32ms, total = 0.32ms, Queueing time: mean = 0.00ms, max = -0.00ms, min = 9223372036854.78ms, total = 0.00ms
	CoreWorker.PrintEventStats - 1 total (1 active, 1 running), Execution time: mean = 0.00ms, total = 0.00ms, Queueing time: mean = 0.00ms, max = -0.00ms, min = 9223372036854.78ms, total = 0.00ms
	Publisher.PublishFailure.WORKER_OBJECT_LOCATIONS_CHANNEL - 1 total (0 active), Execution time: mean = 0.01ms, total = 0.01ms, Queueing time: mean = 0.01ms, max = 0.01ms, min = 0.01ms, total = 0.01ms

-----------------
Task execution event stats:

Global stats: 5 total (2 active)
Queueing time: mean = 4724.96ms, max = 23624.77ms, min = 0.00ms, total = 23624.78ms
Execution time:  mean = 4726.89ms, total = 23634.44ms
Event stats:
	CoreWorker.CheckSignal - 2 total (1 active), Execution time: mean = 0.00ms, total = 0.00ms, Queueing time: mean = 11812.39ms, max = 23624.77ms, min = 23624.77ms, total = 23624.77ms
	PeriodicalRunner.RunFnPeriodically - 1 total (0 active), Execution time: mean = 0.02ms, total = 0.02ms, Queueing time: mean = 0.00ms, max = 0.00ms, min = 0.00ms, total = 0.00ms
	CoreWorker.HandlePushTask - 1 total (0 active), Execution time: mean = 23634.42ms, total = 23634.42ms, Queueing time: mean = 0.01ms, max = 0.01ms, min = 0.01ms, total = 0.01ms
	CoreWorker.HandlePushTaskActor - 1 total (1 active, 1 running), Execution time: mean = 0.00ms, total = 0.00ms, Queueing time: mean = 0.00ms, max = -0.00ms, min = 9223372036854.78ms, total = 0.00ms

-----------------
Task Event stats:

IO Service Stats:

Global stats: 65 total (1 active)
Queueing time: mean = 0.02ms, max = 0.04ms, min = 0.01ms, total = 1.19ms
Execution time:  mean = 0.04ms, total = 2.70ms
Event stats:
	CoreWorker.deadline_timer.flush_task_events - 60 total (1 active), Execution time: mean = 0.02ms, total = 0.99ms, Queueing time: mean = 0.02ms, max = 0.04ms, min = 0.01ms, total = 1.15ms
	ray::rpc::TaskInfoGcsService.grpc_client.AddTaskEventData - 2 total (0 active), Execution time: mean = 0.81ms, total = 1.62ms, Queueing time: mean = 0.00ms, max = -0.00ms, min = 9223372036854.78ms, total = 0.00ms
	ray::rpc::TaskInfoGcsService.grpc_client.AddTaskEventData.OnReplyReceived - 2 total (0 active), Execution time: mean = 0.04ms, total = 0.07ms, Queueing time: mean = 0.02ms, max = 0.02ms, min = 0.01ms, total = 0.03ms
	PeriodicalRunner.RunFnPeriodically - 1 total (0 active), Execution time: mean = 0.02ms, total = 0.02ms, Queueing time: mean = 0.01ms, max = 0.01ms, min = 0.01ms, total = 0.01ms
Other Stats:
	gcs_grpc_in_progress:0
	event_aggregator_grpc_in_progress:0
	current number of task status events in buffer: 0
	current number of profile events in buffer: 0
	current number of dropped task attempts tracked: 0
	total task events sent: 0.00057888 MiB
	total number of task attempts sent: 3
	total number of task attempts dropped reported: 0
	total number of sent failure: 0
	num status task events dropped: 0
	num profile task events dropped: 0
	num ray task events reported to aggregator: 0
	num ray task events failed to report to aggregator: 0
	num of task attempts dropped reported to aggregator: 0
	num of failed requests to aggregator: 0

[2026-09-04 01:00:38,478 I 5436 5647] core_worker.cc:498: Event stats:


Global stats: 1630 total (8 active)
Queueing time: mean = 0.02ms, max = 0.47ms, min = 0.00ms, total = 27.32ms
Execution time:  mean = 40.41ms, total = 65876.03ms
Event stats:
	CoreWorker.RecoverObjects - 1200 total (1 active), Execution time: mean = 0.00ms, total = 2.04ms, Queueing time: mean = 0.02ms, max = 0.06ms, min = 0.00ms, total = 20.07ms
	CoreWorker.ExitIfParentRayletDies - 120 total (1 active), Execution time: mean = 0.01ms, total = 0.71ms, Queueing time: mean = 0.01ms, max = 0.03ms, min = 0.00ms, total = 1.76ms
	CoreWorker.ReportWorkerBacklog - 120 total (1 active), Execution time: mean = 0.00ms, total = 0.32ms, Queueing time: mean = 0.02ms, max = 0.47ms, min = 0.00ms, total = 2.04ms
	CoreWorker.InternalHeartbeat - 120 total (1 active), Execution time: mean = 0.00ms, total = 0.32ms, Queueing time: mean = 0.02ms, max = 0.47ms, min = 0.00ms, total = 2.05ms
	CoreWorker.RecordMetrics - 24 total (1 active), Execution time: mean = 0.06ms, total = 1.43ms, Queueing time: mean = 0.01ms, max = 0.02ms, min = 0.00ms, total = 0.17ms
	CoreWorker.TryDelPendingObjectRefStreams - 12 total (1 active), Execution time: mean = 0.00ms, total = 0.02ms, Queueing time: mean = 0.03ms, max = 0.24ms, min = 0.01ms, total = 0.38ms
	PeriodicalRunner.RunFnPeriodically - 8 total (0 active), Execution time: mean = 0.02ms, total = 0.13ms, Queueing time: mean = 0.07ms, max = 0.12ms, min = 0.00ms, total = 0.56ms
	CoreWorkerService.grpc_server.GetCoreWorkerStats - 8 total (0 active), Execution time: mean = 0.29ms, total = 2.30ms, Queueing time: mean = 0.00ms, max = -0.00ms, min = 9223372036854.78ms, total = 0.00ms
	CoreWorkerService.grpc_server.GetCoreWorkerStats.HandleRequestImpl - 8 total (0 active), Execution time: mean = 0.07ms, total = 0.59ms, Queueing time: mean = 0.03ms, max = 0.05ms, min = 0.01ms, total = 0.21ms
	CoreWorkerService.grpc_server.PushTask - 2 total (0 active), Execution time: mean = 32933.64ms, total = 65867.29ms, Queueing time: mean = 0.00ms, max = -0.00ms, min = 9223372036854.78ms, total = 0.00ms
	CoreWorkerService.grpc_server.PushTask.HandleRequestImpl - 2 total (0 active), Execution time: mean = 0.11ms, total = 0.22ms, Queueing time: mean = 0.02ms, max = 0.02ms, min = 0.01ms, total = 0.03ms
	CoreWorker.PrintEventStats - 2 total (1 active, 1 running), Execution time: mean = 0.16ms, total = 0.32ms, Queueing time: mean = 0.01ms, max = 0.02ms, min = 0.02ms, total = 0.02ms
	ray::rpc::WorkerInfoGcsService.grpc_client.AddWorkerInfo.OnReplyReceived - 1 total (0 active), Execution time: mean = 0.03ms, total = 0.03ms, Queueing time: mean = 0.01ms, max = 0.01ms, min = 0.01ms, total = 0.01ms
	Publisher.CheckDeadSubscribers - 1 total (1 active), Execution time: mean = 0.00ms, total = 0.00ms, Queueing time: mean = 0.00ms, max = -0.00ms, min = 9223372036854.78ms, total = 0.00ms
	ray::rpc::WorkerInfoGcsService.grpc_client.AddWorkerInfo - 1 total (0 active), Execution time: mean = 0.32ms, total = 0.32ms, Queueing time: mean = 0.00ms, max = -0.00ms, min = 9223372036854.78ms, total = 0.00ms
	Publisher.PublishFailure.WORKER_OBJECT_LOCATIONS_CHANNEL - 1 total (0 active), Execution time: mean = 0.01ms, total = 0.01ms, Queueing time: mean = 0.01ms, max = 0.01ms, min = 0.01ms, total = 0.01ms

-----------------
Task execution event stats:

Global stats: 5408 total (1 active)
Queueing time: mean = 12.19ms, max = 42224.14ms, min = -0.00ms, total = 65943.36ms
Execution time:  mean = 12.18ms, total = 65879.10ms
Event stats:
	CoreWorker.CheckSignal - 5405 total (1 active), Execution time: mean = 0.00ms, total = 12.47ms, Queueing time: mean = 12.20ms, max = 42224.14ms, min = -0.00ms, total = 65943.33ms
	PeriodicalRunner.RunFnPeriodically - 1 total (0 active), Execution time: mean = 0.02ms, total = 0.02ms, Queueing time: mean = 0.00ms, max = 0.00ms, min = 0.00ms, total = 0.00ms
	CoreWorker.HandlePushTask - 1 total (0 active), Execution time: mean = 23634.42ms, total = 23634.42ms, Queueing time: mean = 0.01ms, max = 0.01ms, min = 0.01ms, total = 0.01ms
	CoreWorker.HandlePushTaskActor - 1 total (0 active), Execution time: mean = 42232.19ms, total = 42232.19ms, Queueing time: mean = 0.01ms, max = 0.01ms, min = 0.01ms, total = 0.01ms

-----------------
Task Event stats:

IO Service Stats:

Global stats: 127 total (1 active)
Queueing time: mean = 0.02ms, max = 0.04ms, min = 0.00ms, total = 2.21ms
Execution time:  mean = 0.04ms, total = 4.52ms
Event stats:
	CoreWorker.deadline_timer.flush_task_events - 120 total (1 active), Execution time: mean = 0.01ms, total = 1.77ms, Queueing time: mean = 0.02ms, max = 0.04ms, min = 0.00ms, total = 2.16ms
	ray::rpc::TaskInfoGcsService.grpc_client.AddTaskEventData - 3 total (0 active), Execution time: mean = 0.87ms, total = 2.62ms, Queueing time: mean = 0.00ms, max = -0.00ms, min = 9223372036854.78ms, total = 0.00ms
	ray::rpc::TaskInfoGcsService.grpc_client.AddTaskEventData.OnReplyReceived - 3 total (0 active), Execution time: mean = 0.04ms, total = 0.11ms, Queueing time: mean = 0.01ms, max = 0.02ms, min = 0.01ms, total = 0.04ms
	PeriodicalRunner.RunFnPeriodically - 1 total (0 active), Execution time: mean = 0.02ms, total = 0.02ms, Queueing time: mean = 0.01ms, max = 0.01ms, min = 0.01ms, total = 0.01ms
Other Stats:
	gcs_grpc_in_progress:0
	event_aggregator_grpc_in_progress:0
	current number of task status events in buffer: 0
	current number of profile events in buffer: 0
	current number of dropped task attempts tracked: 0
	total task events sent: 0.000879288 MiB
	total number of task attempts sent: 4
	total number of task attempts dropped reported: 0
	total number of sent failure: 0
	num status task events dropped: 0
	num profile task events dropped: 0
	num ray task events reported to aggregator: 0
	num ray task events failed to report to aggregator: 0
	num of task attempts dropped reported to aggregator: 0
	num of failed requests to aggregator: 0

[2026-09-04 01:01:07,023 I 5436 5436] actor_task_submitter.cc:75: Set actor max pending calls to -1 actor_id=d28ba253ea30b119e5f1cd4601000000
[2026-09-04 01:01:09,507 I 5436 5436] actor_task_submitter.cc:75: Set actor max pending calls to -1 actor_id=8dae30371bc91c9a2918000601000000
[2026-09-04 01:01:09,509 I 5436 5436] actor_task_submitter.cc:75: Set actor max pending calls to -1 actor_id=c9d941681c020834fe7847db01000000
[2026-09-04 01:01:38,478 I 5436 5647] core_worker.cc:498: Event stats:


Global stats: 2455 total (10 active)
Queueing time: mean = 0.02ms, max = 0.47ms, min = 0.00ms, total = 40.61ms
Execution time:  mean = 34.77ms, total = 85356.53ms
Event stats:
	CoreWorker.RecoverObjects - 1800 total (1 active), Execution time: mean = 0.00ms, total = 3.38ms, Queueing time: mean = 0.02ms, max = 0.06ms, min = 0.00ms, total = 29.87ms
	CoreWorker.ExitIfParentRayletDies - 180 total (1 active), Execution time: mean = 0.01ms, total = 1.16ms, Queueing time: mean = 0.01ms, max = 0.04ms, min = 0.00ms, total = 2.58ms
	CoreWorker.ReportWorkerBacklog - 180 total (1 active), Execution time: mean = 0.00ms, total = 0.54ms, Queueing time: mean = 0.02ms, max = 0.47ms, min = 0.00ms, total = 3.08ms
	CoreWorker.InternalHeartbeat - 180 total (1 active), Execution time: mean = 0.00ms, total = 0.54ms, Queueing time: mean = 0.02ms, max = 0.47ms, min = 0.00ms, total = 3.09ms
	CoreWorker.RecordMetrics - 36 total (1 active), Execution time: mean = 0.06ms, total = 2.05ms, Queueing time: mean = 0.01ms, max = 0.03ms, min = 0.00ms, total = 0.33ms
	CoreWorker.TryDelPendingObjectRefStreams - 18 total (1 active), Execution time: mean = 0.00ms, total = 0.04ms, Queueing time: mean = 0.03ms, max = 0.24ms, min = 0.01ms, total = 0.59ms
	CoreWorkerService.grpc_server.GetCoreWorkerStats.HandleRequestImpl - 12 total (0 active), Execution time: mean = 0.07ms, total = 0.79ms, Queueing time: mean = 0.02ms, max = 0.05ms, min = 0.01ms, total = 0.30ms
	CoreWorkerService.grpc_server.GetCoreWorkerStats - 12 total (0 active), Execution time: mean = 0.28ms, total = 3.38ms, Queueing time: mean = 0.00ms, max = -0.00ms, min = 9223372036854.78ms, total = 0.00ms
	PeriodicalRunner.RunFnPeriodically - 8 total (0 active), Execution time: mean = 0.02ms, total = 0.13ms, Queueing time: mean = 0.07ms, max = 0.12ms, min = 0.00ms, total = 0.56ms
	CoreWorkerService.grpc_server.PushTask - 6 total (0 active), Execution time: mean = 14223.76ms, total = 85342.56ms, Queueing time: mean = 0.00ms, max = -0.00ms, min = 9223372036854.78ms, total = 0.00ms
	CoreWorkerService.grpc_server.PushTask.HandleRequestImpl - 6 total (0 active), Execution time: mean = 0.07ms, total = 0.41ms, Queueing time: mean = 0.01ms, max = 0.02ms, min = 0.00ms, total = 0.08ms
	CoreWorker.PrintEventStats - 3 total (1 active, 1 running), Execution time: mean = 0.18ms, total = 0.53ms, Queueing time: mean = 0.01ms, max = 0.02ms, min = 0.01ms, total = 0.04ms
	CoreWorkerService.grpc_server.PubsubCommandBatch.HandleRequestImpl - 3 total (0 active), Execution time: mean = 0.03ms, total = 0.08ms, Queueing time: mean = 0.01ms, max = 0.01ms, min = 0.01ms, total = 0.03ms
	CoreWorkerService.grpc_server.PubsubCommandBatch - 3 total (0 active), Execution time: mean = 0.19ms, total = 0.57ms, Queueing time: mean = 0.00ms, max = -0.00ms, min = 9223372036854.78ms, total = 0.00ms
	CoreWorkerService.grpc_server.PubsubLongPolling - 2 total (2 active), Execution time: mean = 0.00ms, total = 0.00ms, Queueing time: mean = 0.00ms, max = -0.00ms, min = 9223372036854.78ms, total = 0.00ms
	CoreWorkerService.grpc_server.PubsubLongPolling.HandleRequestImpl - 2 total (0 active), Execution time: mean = 0.01ms, total = 0.02ms, Queueing time: mean = 0.02ms, max = 0.04ms, min = 0.00ms, total = 0.04ms
	ray::rpc::WorkerInfoGcsService.grpc_client.AddWorkerInfo - 1 total (0 active), Execution time: mean = 0.32ms, total = 0.32ms, Queueing time: mean = 0.00ms, max = -0.00ms, min = 9223372036854.78ms, total = 0.00ms
	Publisher.CheckDeadSubscribers - 1 total (1 active), Execution time: mean = 0.00ms, total = 0.00ms, Queueing time: mean = 0.00ms, max = -0.00ms, min = 9223372036854.78ms, total = 0.00ms
	ray::rpc::WorkerInfoGcsService.grpc_client.AddWorkerInfo.OnReplyReceived - 1 total (0 active), Execution time: mean = 0.03ms, total = 0.03ms, Queueing time: mean = 0.01ms, max = 0.01ms, min = 0.01ms, total = 0.01ms
	Publisher.PublishFailure.WORKER_OBJECT_LOCATIONS_CHANNEL - 1 total (0 active), Execution time: mean = 0.01ms, total = 0.01ms, Queueing time: mean = 0.01ms, max = 0.01ms, min = 0.01ms, total = 0.01ms

-----------------
Task execution event stats:

Global stats: 9461 total (1 active)
Queueing time: mean = 9.03ms, max = 42224.14ms, min = -0.02ms, total = 85454.95ms
Execution time:  mean = 9.02ms, total = 85362.27ms
Event stats:
	CoreWorker.CheckSignal - 9454 total (1 active), Execution time: mean = 0.00ms, total = 21.28ms, Queueing time: mean = 9.04ms, max = 42224.14ms, min = -0.02ms, total = 85454.86ms
	CoreWorker.HandlePushTaskActor - 5 total (0 active), Execution time: mean = 12341.31ms, total = 61706.56ms, Queueing time: mean = 0.01ms, max = 0.02ms, min = 0.01ms, total = 0.07ms
	PeriodicalRunner.RunFnPeriodically - 1 total (0 active), Execution time: mean = 0.02ms, total = 0.02ms, Queueing time: mean = 0.00ms, max = 0.00ms, min = 0.00ms, total = 0.00ms
	CoreWorker.HandlePushTask - 1 total (0 active), Execution time: mean = 23634.42ms, total = 23634.42ms, Queueing time: mean = 0.01ms, max = 0.01ms, min = 0.01ms, total = 0.01ms

-----------------
Task Event stats:

IO Service Stats:

Global stats: 195 total (1 active)
Queueing time: mean = 0.02ms, max = 0.04ms, min = 0.00ms, total = 3.39ms
Execution time:  mean = 0.04ms, total = 7.58ms
Event stats:
	CoreWorker.deadline_timer.flush_task_events - 180 total (1 active), Execution time: mean = 0.02ms, total = 2.84ms, Queueing time: mean = 0.02ms, max = 0.04ms, min = 0.00ms, total = 3.27ms
	ray::rpc::TaskInfoGcsService.grpc_client.AddTaskEventData - 7 total (0 active), Execution time: mean = 0.64ms, total = 4.51ms, Queueing time: mean = 0.00ms, max = -0.00ms, min = 9223372036854.78ms, total = 0.00ms
	ray::rpc::TaskInfoGcsService.grpc_client.AddTaskEventData.OnReplyReceived - 7 total (0 active), Execution time: mean = 0.03ms, total = 0.21ms, Queueing time: mean = 0.02ms, max = 0.03ms, min = 0.01ms, total = 0.11ms
	PeriodicalRunner.RunFnPeriodically - 1 total (0 active), Execution time: mean = 0.02ms, total = 0.02ms, Queueing time: mean = 0.01ms, max = 0.01ms, min = 0.01ms, total = 0.01ms
Other Stats:
	gcs_grpc_in_progress:0
	event_aggregator_grpc_in_progress:0
	current number of task status events in buffer: 0
	current number of profile events in buffer: 0
	current number of dropped task attempts tracked: 0
	total task events sent: 0.0027256 MiB
	total number of task attempts sent: 11
	total number of task attempts dropped reported: 0
	total number of sent failure: 0
	num status task events dropped: 0
	num profile task events dropped: 0
	num ray task events reported to aggregator: 0
	num ray task events failed to report to aggregator: 0
	num of task attempts dropped reported to aggregator: 0
	num of failed requests to aggregator: 0

[2026-09-04 01:02:38,478 I 5436 5647] core_worker.cc:498: Event stats:


Global stats: 3262 total (10 active)
Queueing time: mean = 0.02ms, max = 0.47ms, min = 0.00ms, total = 57.81ms
Execution time:  mean = 26.17ms, total = 85360.68ms
Event stats:
	CoreWorker.RecoverObjects - 2400 total (1 active), Execution time: mean = 0.00ms, total = 4.79ms, Queueing time: mean = 0.02ms, max = 0.06ms, min = 0.00ms, total = 42.62ms
	CoreWorker.ExitIfParentRayletDies - 240 total (1 active), Execution time: mean = 0.01ms, total = 1.48ms, Queueing time: mean = 0.02ms, max = 0.04ms, min = 0.00ms, total = 3.77ms
	CoreWorker.ReportWorkerBacklog - 240 total (1 active), Execution time: mean = 0.00ms, total = 0.73ms, Queueing time: mean = 0.02ms, max = 0.47ms, min = 0.00ms, total = 4.40ms
	CoreWorker.InternalHeartbeat - 240 total (1 active), Execution time: mean = 0.00ms, total = 0.73ms, Queueing time: mean = 0.02ms, max = 0.47ms, min = 0.00ms, total = 4.41ms
	CoreWorker.RecordMetrics - 48 total (1 active), Execution time: mean = 0.05ms, total = 2.61ms, Queueing time: mean = 0.01ms, max = 0.04ms, min = 0.00ms, total = 0.53ms
	CoreWorker.TryDelPendingObjectRefStreams - 24 total (1 active), Execution time: mean = 0.00ms, total = 0.05ms, Queueing time: mean = 0.04ms, max = 0.26ms, min = 0.01ms, total = 0.91ms
	CoreWorkerService.grpc_server.GetCoreWorkerStats.HandleRequestImpl - 16 total (0 active), Execution time: mean = 0.06ms, total = 0.98ms, Queueing time: mean = 0.02ms, max = 0.05ms, min = 0.01ms, total = 0.39ms
	CoreWorkerService.grpc_server.GetCoreWorkerStats - 16 total (0 active), Execution time: mean = 0.27ms, total = 4.32ms, Queueing time: mean = 0.00ms, max = -0.00ms, min = 9223372036854.78ms, total = 0.00ms
	PeriodicalRunner.RunFnPeriodically - 8 total (0 active), Execution time: mean = 0.02ms, total = 0.13ms, Queueing time: mean = 0.07ms, max = 0.12ms, min = 0.00ms, total = 0.56ms
	CoreWorkerService.grpc_server.PushTask - 6 total (0 active), Execution time: mean = 14223.76ms, total = 85342.56ms, Queueing time: mean = 0.00ms, max = -0.00ms, min = 9223372036854.78ms, total = 0.00ms
	CoreWorkerService.grpc_server.PushTask.HandleRequestImpl - 6 total (0 active), Execution time: mean = 0.07ms, total = 0.41ms, Queueing time: mean = 0.01ms, max = 0.02ms, min = 0.00ms, total = 0.08ms
	CoreWorker.PrintEventStats - 4 total (1 active, 1 running), Execution time: mean = 0.21ms, total = 0.86ms, Queueing time: mean = 0.01ms, max = 0.02ms, min = 0.01ms, total = 0.05ms
	CoreWorkerService.grpc_server.PubsubCommandBatch.HandleRequestImpl - 3 total (0 active), Execution time: mean = 0.03ms, total = 0.08ms, Queueing time: mean = 0.01ms, max = 0.01ms, min = 0.01ms, total = 0.03ms
	CoreWorkerService.grpc_server.PubsubCommandBatch - 3 total (0 active), Execution time: mean = 0.19ms, total = 0.57ms, Queueing time: mean = 0.00ms, max = -0.00ms, min = 9223372036854.78ms, total = 0.00ms
	CoreWorkerService.grpc_server.PubsubLongPolling - 2 total (2 active), Execution time: mean = 0.00ms, total = 0.00ms, Queueing time: mean = 0.00ms, max = -0.00ms, min = 9223372036854.78ms, total = 0.00ms
	CoreWorkerService.grpc_server.PubsubLongPolling.HandleRequestImpl - 2 total (0 active), Execution time: mean = 0.01ms, total = 0.02ms, Queueing time: mean = 0.02ms, max = 0.04ms, min = 0.00ms, total = 0.04ms
	ray::rpc::WorkerInfoGcsService.grpc_client.AddWorkerInfo - 1 total (0 active), Execution time: mean = 0.32ms, total = 0.32ms, Queueing time: mean = 0.00ms, max = -0.00ms, min = 9223372036854.78ms, total = 0.00ms
	Publisher.CheckDeadSubscribers - 1 total (1 active), Execution time: mean = 0.00ms, total = 0.00ms, Queueing time: mean = 0.00ms, max = -0.00ms, min = 9223372036854.78ms, total = 0.00ms
	ray::rpc::WorkerInfoGcsService.grpc_client.AddWorkerInfo.OnReplyReceived - 1 total (0 active), Execution time: mean = 0.03ms, total = 0.03ms, Queueing time: mean = 0.01ms, max = 0.01ms, min = 0.01ms, total = 0.01ms
	Publisher.PublishFailure.WORKER_OBJECT_LOCATIONS_CHANNEL - 1 total (0 active), Execution time: mean = 0.01ms, total = 0.01ms, Queueing time: mean = 0.01ms, max = 0.01ms, min = 0.01ms, total = 0.01ms

-----------------
Task execution event stats:

Global stats: 15448 total (1 active)
Queueing time: mean = 5.54ms, max = 42224.14ms, min = -0.02ms, total = 85568.28ms
Execution time:  mean = 5.53ms, total = 85381.99ms
Event stats:
	CoreWorker.CheckSignal - 15441 total (1 active), Execution time: mean = 0.00ms, total = 40.99ms, Queueing time: mean = 5.54ms, max = 42224.14ms, min = -0.02ms, total = 85568.19ms
	CoreWorker.HandlePushTaskActor - 5 total (0 active), Execution time: mean = 12341.31ms, total = 61706.56ms, Queueing time: mean = 0.01ms, max = 0.02ms, min = 0.01ms, total = 0.07ms
	PeriodicalRunner.RunFnPeriodically - 1 total (0 active), Execution time: mean = 0.02ms, total = 0.02ms, Queueing time: mean = 0.00ms, max = 0.00ms, min = 0.00ms, total = 0.00ms
	CoreWorker.HandlePushTask - 1 total (0 active), Execution time: mean = 23634.42ms, total = 23634.42ms, Queueing time: mean = 0.01ms, max = 0.01ms, min = 0.01ms, total = 0.01ms

-----------------
Task Event stats:

IO Service Stats:

Global stats: 255 total (1 active)
Queueing time: mean = 0.02ms, max = 0.07ms, min = 0.00ms, total = 4.90ms
Execution time:  mean = 0.03ms, total = 8.22ms
Event stats:
	CoreWorker.deadline_timer.flush_task_events - 240 total (1 active), Execution time: mean = 0.01ms, total = 3.48ms, Queueing time: mean = 0.02ms, max = 0.07ms, min = 0.00ms, total = 4.78ms
	ray::rpc::TaskInfoGcsService.grpc_client.AddTaskEventData - 7 total (0 active), Execution time: mean = 0.64ms, total = 4.51ms, Queueing time: mean = 0.00ms, max = -0.00ms, min = 9223372036854.78ms, total = 0.00ms
	ray::rpc::TaskInfoGcsService.grpc_client.AddTaskEventData.OnReplyReceived - 7 total (0 active), Execution time: mean = 0.03ms, total = 0.21ms, Queueing time: mean = 0.02ms, max = 0.03ms, min = 0.01ms, total = 0.11ms
	PeriodicalRunner.RunFnPeriodically - 1 total (0 active), Execution time: mean = 0.02ms, total = 0.02ms, Queueing time: mean = 0.01ms, max = 0.01ms, min = 0.01ms, total = 0.01ms
Other Stats:
	gcs_grpc_in_progress:0
	event_aggregator_grpc_in_progress:0
	current number of task status events in buffer: 0
	current number of profile events in buffer: 0
	current number of dropped task attempts tracked: 0
	total task events sent: 0.0027256 MiB
	total number of task attempts sent: 11
	total number of task attempts dropped reported: 0
	total number of sent failure: 0
	num status task events dropped: 0
	num profile task events dropped: 0
	num ray task events reported to aggregator: 0
	num ray task events failed to report to aggregator: 0
	num of task attempts dropped reported to aggregator: 0
	num of failed requests to aggregator: 0

[2026-09-04 01:03:38,478 I 5436 5647] core_worker.cc:498: Event stats:


Global stats: 4070 total (10 active)
Queueing time: mean = 0.02ms, max = 0.47ms, min = 0.00ms, total = 71.25ms
Execution time:  mean = 20.97ms, total = 85364.75ms
Event stats:
	CoreWorker.RecoverObjects - 3000 total (1 active), Execution time: mean = 0.00ms, total = 6.01ms, Queueing time: mean = 0.02ms, max = 0.07ms, min = 0.00ms, total = 52.38ms
	CoreWorker.ExitIfParentRayletDies - 300 total (1 active), Execution time: mean = 0.01ms, total = 1.90ms, Queueing time: mean = 0.02ms, max = 0.06ms, min = 0.00ms, total = 4.71ms
	CoreWorker.ReportWorkerBacklog - 300 total (1 active), Execution time: mean = 0.00ms, total = 0.98ms, Queueing time: mean = 0.02ms, max = 0.47ms, min = 0.00ms, total = 5.49ms
	CoreWorker.InternalHeartbeat - 300 total (1 active), Execution time: mean = 0.00ms, total = 0.99ms, Queueing time: mean = 0.02ms, max = 0.47ms, min = 0.00ms, total = 5.51ms
	CoreWorker.RecordMetrics - 60 total (1 active), Execution time: mean = 0.05ms, total = 3.12ms, Queueing time: mean = 0.01ms, max = 0.04ms, min = 0.00ms, total = 0.70ms
	CoreWorker.TryDelPendingObjectRefStreams - 30 total (1 active), Execution time: mean = 0.00ms, total = 0.07ms, Queueing time: mean = 0.04ms, max = 0.26ms, min = 0.01ms, total = 1.17ms
	CoreWorkerService.grpc_server.GetCoreWorkerStats.HandleRequestImpl - 20 total (0 active), Execution time: mean = 0.06ms, total = 1.16ms, Queueing time: mean = 0.02ms, max = 0.05ms, min = 0.01ms, total = 0.47ms
	CoreWorkerService.grpc_server.GetCoreWorkerStats - 20 total (0 active), Execution time: mean = 0.26ms, total = 5.29ms, Queueing time: mean = 0.00ms, max = -0.00ms, min = 9223372036854.78ms, total = 0.00ms
	PeriodicalRunner.RunFnPeriodically - 8 total (0 active), Execution time: mean = 0.02ms, total = 0.13ms, Queueing time: mean = 0.07ms, max = 0.12ms, min = 0.00ms, total = 0.56ms
	CoreWorkerService.grpc_server.PushTask - 6 total (0 active), Execution time: mean = 14223.76ms, total = 85342.56ms, Queueing time: mean = 0.00ms, max = -0.00ms, min = 9223372036854.78ms, total = 0.00ms
	CoreWorkerService.grpc_server.PushTask.HandleRequestImpl - 6 total (0 active), Execution time: mean = 0.07ms, total = 0.41ms, Queueing time: mean = 0.01ms, max = 0.02ms, min = 0.00ms, total = 0.08ms
	CoreWorker.PrintEventStats - 5 total (1 active, 1 running), Execution time: mean = 0.22ms, total = 1.10ms, Queueing time: mean = 0.01ms, max = 0.02ms, min = 0.01ms, total = 0.06ms
	CoreWorkerService.grpc_server.PubsubCommandBatch.HandleRequestImpl - 3 total (0 active), Execution time: mean = 0.03ms, total = 0.08ms, Queueing time: mean = 0.01ms, max = 0.01ms, min = 0.01ms, total = 0.03ms
	CoreWorkerService.grpc_server.PubsubCommandBatch - 3 total (0 active), Execution time: mean = 0.19ms, total = 0.57ms, Queueing time: mean = 0.00ms, max = -0.00ms, min = 9223372036854.78ms, total = 0.00ms
	Publisher.CheckDeadSubscribers - 2 total (1 active), Execution time: mean = 0.00ms, total = 0.00ms, Queueing time: mean = 0.01ms, max = 0.02ms, min = 0.02ms, total = 0.02ms
	CoreWorkerService.grpc_server.PubsubLongPolling - 2 total (2 active), Execution time: mean = 0.00ms, total = 0.00ms, Queueing time: mean = 0.00ms, max = -0.00ms, min = 9223372036854.78ms, total = 0.00ms
	CoreWorkerService.grpc_server.PubsubLongPolling.HandleRequestImpl - 2 total (0 active), Execution time: mean = 0.01ms, total = 0.02ms, Queueing time: mean = 0.02ms, max = 0.04ms, min = 0.00ms, total = 0.04ms
	ray::rpc::WorkerInfoGcsService.grpc_client.AddWorkerInfo - 1 total (0 active), Execution time: mean = 0.32ms, total = 0.32ms, Queueing time: mean = 0.00ms, max = -0.00ms, min = 9223372036854.78ms, total = 0.00ms
	ray::rpc::WorkerInfoGcsService.grpc_client.AddWorkerInfo.OnReplyReceived - 1 total (0 active), Execution time: mean = 0.03ms, total = 0.03ms, Queueing time: mean = 0.01ms, max = 0.01ms, min = 0.01ms, total = 0.01ms
	Publisher.PublishFailure.WORKER_OBJECT_LOCATIONS_CHANNEL - 1 total (0 active), Execution time: mean = 0.01ms, total = 0.01ms, Queueing time: mean = 0.01ms, max = 0.01ms, min = 0.01ms, total = 0.01ms

-----------------
Task execution event stats:

Global stats: 21441 total (1 active)
Queueing time: mean = 3.99ms, max = 42224.14ms, min = -0.02ms, total = 85630.77ms
Execution time:  mean = 3.98ms, total = 85393.16ms
Event stats:
	CoreWorker.CheckSignal - 21434 total (1 active), Execution time: mean = 0.00ms, total = 52.16ms, Queueing time: mean = 4.00ms, max = 42224.14ms, min = -0.02ms, total = 85630.69ms
	CoreWorker.HandlePushTaskActor - 5 total (0 active), Execution time: mean = 12341.31ms, total = 61706.56ms, Queueing time: mean = 0.01ms, max = 0.02ms, min = 0.01ms, total = 0.07ms
	PeriodicalRunner.RunFnPeriodically - 1 total (0 active), Execution time: mean = 0.02ms, total = 0.02ms, Queueing time: mean = 0.00ms, max = 0.00ms, min = 0.00ms, total = 0.00ms
	CoreWorker.HandlePushTask - 1 total (0 active), Execution time: mean = 23634.42ms, total = 23634.42ms, Queueing time: mean = 0.01ms, max = 0.01ms, min = 0.01ms, total = 0.01ms

-----------------
Task Event stats:

IO Service Stats:

Global stats: 315 total (1 active)
Queueing time: mean = 0.02ms, max = 0.07ms, min = 0.00ms, total = 5.98ms
Execution time:  mean = 0.03ms, total = 8.77ms
Event stats:
	CoreWorker.deadline_timer.flush_task_events - 300 total (1 active), Execution time: mean = 0.01ms, total = 4.04ms, Queueing time: mean = 0.02ms, max = 0.07ms, min = 0.00ms, total = 5.86ms
	ray::rpc::TaskInfoGcsService.grpc_client.AddTaskEventData - 7 total (0 active), Execution time: mean = 0.64ms, total = 4.51ms, Queueing time: mean = 0.00ms, max = -0.00ms, min = 9223372036854.78ms, total = 0.00ms
	ray::rpc::TaskInfoGcsService.grpc_client.AddTaskEventData.OnReplyReceived - 7 total (0 active), Execution time: mean = 0.03ms, total = 0.21ms, Queueing time: mean = 0.02ms, max = 0.03ms, min = 0.01ms, total = 0.11ms
	PeriodicalRunner.RunFnPeriodically - 1 total (0 active), Execution time: mean = 0.02ms, total = 0.02ms, Queueing time: mean = 0.01ms, max = 0.01ms, min = 0.01ms, total = 0.01ms
Other Stats:
	gcs_grpc_in_progress:0
	event_aggregator_grpc_in_progress:0
	current number of task status events in buffer: 0
	current number of profile events in buffer: 0
	current number of dropped task attempts tracked: 0
	total task events sent: 0.0027256 MiB
	total number of task attempts sent: 11
	total number of task attempts dropped reported: 0
	total number of sent failure: 0
	num status task events dropped: 0
	num profile task events dropped: 0
	num ray task events reported to aggregator: 0
	num ray task events failed to report to aggregator: 0
	num of task attempts dropped reported to aggregator: 0
	num of failed requests to aggregator: 0

[2026-09-04 01:04:38,479 I 5436 5647] core_worker.cc:498: Event stats:


Global stats: 4877 total (10 active)
Queueing time: mean = 0.02ms, max = 2.06ms, min = 0.00ms, total = 85.74ms
Execution time:  mean = 17.50ms, total = 85368.60ms
Event stats:
	CoreWorker.RecoverObjects - 3600 total (1 active), Execution time: mean = 0.00ms, total = 7.12ms, Queueing time: mean = 0.02ms, max = 2.06ms, min = 0.00ms, total = 63.49ms
	CoreWorker.ExitIfParentRayletDies - 360 total (1 active), Execution time: mean = 0.01ms, total = 2.30ms, Queueing time: mean = 0.02ms, max = 0.06ms, min = 0.00ms, total = 5.57ms
	CoreWorker.ReportWorkerBacklog - 360 total (1 active), Execution time: mean = 0.00ms, total = 1.20ms, Queueing time: mean = 0.02ms, max = 0.47ms, min = 0.00ms, total = 6.52ms
	CoreWorker.InternalHeartbeat - 360 total (1 active), Execution time: mean = 0.00ms, total = 1.20ms, Queueing time: mean = 0.02ms, max = 0.47ms, min = 0.00ms, total = 6.55ms
	CoreWorker.RecordMetrics - 72 total (1 active), Execution time: mean = 0.05ms, total = 3.55ms, Queueing time: mean = 0.01ms, max = 0.04ms, min = 0.00ms, total = 0.86ms
	CoreWorker.TryDelPendingObjectRefStreams - 36 total (1 active), Execution time: mean = 0.00ms, total = 0.08ms, Queueing time: mean = 0.04ms, max = 0.26ms, min = 0.01ms, total = 1.39ms
	CoreWorkerService.grpc_server.GetCoreWorkerStats.HandleRequestImpl - 24 total (0 active), Execution time: mean = 0.05ms, total = 1.27ms, Queueing time: mean = 0.02ms, max = 0.05ms, min = 0.01ms, total = 0.54ms
	CoreWorkerService.grpc_server.GetCoreWorkerStats - 24 total (0 active), Execution time: mean = 0.27ms, total = 6.42ms, Queueing time: mean = 0.00ms, max = -0.00ms, min = 9223372036854.78ms, total = 0.00ms
	PeriodicalRunner.RunFnPeriodically - 8 total (0 active), Execution time: mean = 0.02ms, total = 0.13ms, Queueing time: mean = 0.07ms, max = 0.12ms, min = 0.00ms, total = 0.56ms
	CoreWorkerService.grpc_server.PushTask - 6 total (0 active), Execution time: mean = 14223.76ms, total = 85342.56ms, Queueing time: mean = 0.00ms, max = -0.00ms, min = 9223372036854.78ms, total = 0.00ms
	CoreWorker.PrintEventStats - 6 total (1 active, 1 running), Execution time: mean = 0.22ms, total = 1.34ms, Queueing time: mean = 0.01ms, max = 0.02ms, min = 0.01ms, total = 0.07ms
	CoreWorkerService.grpc_server.PushTask.HandleRequestImpl - 6 total (0 active), Execution time: mean = 0.07ms, total = 0.41ms, Queueing time: mean = 0.01ms, max = 0.02ms, min = 0.00ms, total = 0.08ms
	CoreWorkerService.grpc_server.PubsubCommandBatch.HandleRequestImpl - 3 total (0 active), Execution time: mean = 0.03ms, total = 0.08ms, Queueing time: mean = 0.01ms, max = 0.01ms, min = 0.01ms, total = 0.03ms
	CoreWorkerService.grpc_server.PubsubCommandBatch - 3 total (0 active), Execution time: mean = 0.19ms, total = 0.57ms, Queueing time: mean = 0.00ms, max = -0.00ms, min = 9223372036854.78ms, total = 0.00ms
	Publisher.CheckDeadSubscribers - 2 total (1 active), Execution time: mean = 0.00ms, total = 0.00ms, Queueing time: mean = 0.01ms, max = 0.02ms, min = 0.02ms, total = 0.02ms
	CoreWorkerService.grpc_server.PubsubLongPolling - 2 total (2 active), Execution time: mean = 0.00ms, total = 0.00ms, Queueing time: mean = 0.00ms, max = -0.00ms, min = 9223372036854.78ms, total = 0.00ms
	CoreWorkerService.grpc_server.PubsubLongPolling.HandleRequestImpl - 2 total (0 active), Execution time: mean = 0.01ms, total = 0.02ms, Queueing time: mean = 0.02ms, max = 0.04ms, min = 0.00ms, total = 0.04ms
	ray::rpc::WorkerInfoGcsService.grpc_client.AddWorkerInfo - 1 total (0 active), Execution time: mean = 0.32ms, total = 0.32ms, Queueing time: mean = 0.00ms, max = -0.00ms, min = 9223372036854.78ms, total = 0.00ms
	ray::rpc::WorkerInfoGcsService.grpc_client.AddWorkerInfo.OnReplyReceived - 1 total (0 active), Execution time: mean = 0.03ms, total = 0.03ms, Queueing time: mean = 0.01ms, max = 0.01ms, min = 0.01ms, total = 0.01ms
	Publisher.PublishFailure.WORKER_OBJECT_LOCATIONS_CHANNEL - 1 total (0 active), Execution time: mean = 0.01ms, total = 0.01ms, Queueing time: mean = 0.01ms, max = 0.01ms, min = 0.01ms, total = 0.01ms

-----------------
Task execution event stats:

Global stats: 27434 total (1 active)
Queueing time: mean = 3.12ms, max = 42224.14ms, min = -0.02ms, total = 85692.44ms
Execution time:  mean = 3.11ms, total = 85401.69ms
Event stats:
	CoreWorker.CheckSignal - 27427 total (1 active), Execution time: mean = 0.00ms, total = 60.69ms, Queueing time: mean = 3.12ms, max = 42224.14ms, min = -0.02ms, total = 85692.35ms
	CoreWorker.HandlePushTaskActor - 5 total (0 active), Execution time: mean = 12341.31ms, total = 61706.56ms, Queueing time: mean = 0.01ms, max = 0.02ms, min = 0.01ms, total = 0.07ms
	PeriodicalRunner.RunFnPeriodically - 1 total (0 active), Execution time: mean = 0.02ms, total = 0.02ms, Queueing time: mean = 0.00ms, max = 0.00ms, min = 0.00ms, total = 0.00ms
	CoreWorker.HandlePushTask - 1 total (0 active), Execution time: mean = 23634.42ms, total = 23634.42ms, Queueing time: mean = 0.01ms, max = 0.01ms, min = 0.01ms, total = 0.01ms

-----------------
Task Event stats:

IO Service Stats:

Global stats: 375 total (1 active)
Queueing time: mean = 0.02ms, max = 0.07ms, min = 0.00ms, total = 7.07ms
Execution time:  mean = 0.03ms, total = 9.42ms
Event stats:
	CoreWorker.deadline_timer.flush_task_events - 360 total (1 active), Execution time: mean = 0.01ms, total = 4.69ms, Queueing time: mean = 0.02ms, max = 0.07ms, min = 0.00ms, total = 6.95ms
	ray::rpc::TaskInfoGcsService.grpc_client.AddTaskEventData - 7 total (0 active), Execution time: mean = 0.64ms, total = 4.51ms, Queueing time: mean = 0.00ms, max = -0.00ms, min = 9223372036854.78ms, total = 0.00ms
	ray::rpc::TaskInfoGcsService.grpc_client.AddTaskEventData.OnReplyReceived - 7 total (0 active), Execution time: mean = 0.03ms, total = 0.21ms, Queueing time: mean = 0.02ms, max = 0.03ms, min = 0.01ms, total = 0.11ms
	PeriodicalRunner.RunFnPeriodically - 1 total (0 active), Execution time: mean = 0.02ms, total = 0.02ms, Queueing time: mean = 0.01ms, max = 0.01ms, min = 0.01ms, total = 0.01ms
Other Stats:
	gcs_grpc_in_progress:0
	event_aggregator_grpc_in_progress:0
	current number of task status events in buffer: 0
	current number of profile events in buffer: 0
	current number of dropped task attempts tracked: 0
	total task events sent: 0.0027256 MiB
	total number of task attempts sent: 11
	total number of task attempts dropped reported: 0
	total number of sent failure: 0
	num status task events dropped: 0
	num profile task events dropped: 0
	num ray task events reported to aggregator: 0
	num ray task events failed to report to aggregator: 0
	num of task attempts dropped reported to aggregator: 0
	num of failed requests to aggregator: 0

[2026-09-04 01:05:38,479 I 5436 5647] core_worker.cc:498: Event stats:


Global stats: 5686 total (11 active)
Queueing time: mean = 0.02ms, max = 2.06ms, min = 0.00ms, total = 98.96ms
Execution time:  mean = 15.01ms, total = 85372.91ms
Event stats:
	CoreWorker.RecoverObjects - 4200 total (1 active), Execution time: mean = 0.00ms, total = 8.43ms, Queueing time: mean = 0.02ms, max = 2.06ms, min = 0.00ms, total = 73.20ms
	CoreWorker.ExitIfParentRayletDies - 420 total (1 active), Execution time: mean = 0.01ms, total = 2.68ms, Queueing time: mean = 0.02ms, max = 0.06ms, min = 0.00ms, total = 6.47ms
	CoreWorker.ReportWorkerBacklog - 420 total (1 active), Execution time: mean = 0.00ms, total = 1.40ms, Queueing time: mean = 0.02ms, max = 0.47ms, min = 0.00ms, total = 7.60ms
	CoreWorker.InternalHeartbeat - 420 total (1 active), Execution time: mean = 0.00ms, total = 1.41ms, Queueing time: mean = 0.02ms, max = 0.47ms, min = 0.00ms, total = 7.62ms
	CoreWorker.RecordMetrics - 84 total (1 active), Execution time: mean = 0.05ms, total = 4.01ms, Queueing time: mean = 0.01ms, max = 0.04ms, min = 0.00ms, total = 1.00ms
	CoreWorker.TryDelPendingObjectRefStreams - 42 total (1 active), Execution time: mean = 0.00ms, total = 0.10ms, Queueing time: mean = 0.04ms, max = 0.26ms, min = 0.00ms, total = 1.58ms
	CoreWorkerService.grpc_server.GetCoreWorkerStats.HandleRequestImpl - 28 total (0 active), Execution time: mean = 0.05ms, total = 1.42ms, Queueing time: mean = 0.02ms, max = 0.05ms, min = 0.01ms, total = 0.63ms
	CoreWorkerService.grpc_server.GetCoreWorkerStats - 28 total (0 active), Execution time: mean = 0.27ms, total = 7.67ms, Queueing time: mean = 0.00ms, max = -0.00ms, min = 9223372036854.78ms, total = 0.00ms
	PeriodicalRunner.RunFnPeriodically - 8 total (0 active), Execution time: mean = 0.02ms, total = 0.13ms, Queueing time: mean = 0.07ms, max = 0.12ms, min = 0.00ms, total = 0.56ms
	CoreWorkerService.grpc_server.PushTask - 7 total (1 active), Execution time: mean = 12191.79ms, total = 85342.56ms, Queueing time: mean = 0.00ms, max = -0.00ms, min = 9223372036854.78ms, total = 0.00ms
	CoreWorker.PrintEventStats - 7 total (1 active, 1 running), Execution time: mean = 0.22ms, total = 1.55ms, Queueing time: mean = 0.01ms, max = 0.02ms, min = 0.01ms, total = 0.08ms
	CoreWorkerService.grpc_server.PushTask.HandleRequestImpl - 7 total (0 active), Execution time: mean = 0.08ms, total = 0.55ms, Queueing time: mean = 0.02ms, max = 0.04ms, min = 0.00ms, total = 0.12ms
	CoreWorkerService.grpc_server.PubsubCommandBatch.HandleRequestImpl - 3 total (0 active), Execution time: mean = 0.03ms, total = 0.08ms, Queueing time: mean = 0.01ms, max = 0.01ms, min = 0.01ms, total = 0.03ms
	CoreWorkerService.grpc_server.PubsubCommandBatch - 3 total (0 active), Execution time: mean = 0.19ms, total = 0.57ms, Queueing time: mean = 0.00ms, max = -0.00ms, min = 9223372036854.78ms, total = 0.00ms
	Publisher.CheckDeadSubscribers - 2 total (1 active), Execution time: mean = 0.00ms, total = 0.00ms, Queueing time: mean = 0.01ms, max = 0.02ms, min = 0.02ms, total = 0.02ms
	CoreWorkerService.grpc_server.PubsubLongPolling - 2 total (2 active), Execution time: mean = 0.00ms, total = 0.00ms, Queueing time: mean = 0.00ms, max = -0.00ms, min = 9223372036854.78ms, total = 0.00ms
	CoreWorkerService.grpc_server.PubsubLongPolling.HandleRequestImpl - 2 total (0 active), Execution time: mean = 0.01ms, total = 0.02ms, Queueing time: mean = 0.02ms, max = 0.04ms, min = 0.00ms, total = 0.04ms
	ray::rpc::WorkerInfoGcsService.grpc_client.AddWorkerInfo - 1 total (0 active), Execution time: mean = 0.32ms, total = 0.32ms, Queueing time: mean = 0.00ms, max = -0.00ms, min = 9223372036854.78ms, total = 0.00ms
	ray::rpc::WorkerInfoGcsService.grpc_client.AddWorkerInfo.OnReplyReceived - 1 total (0 active), Execution time: mean = 0.03ms, total = 0.03ms, Queueing time: mean = 0.01ms, max = 0.01ms, min = 0.01ms, total = 0.01ms
	Publisher.PublishFailure.WORKER_OBJECT_LOCATIONS_CHANNEL - 1 total (0 active), Execution time: mean = 0.01ms, total = 0.01ms, Queueing time: mean = 0.01ms, max = 0.01ms, min = 0.01ms, total = 0.01ms

-----------------
Task execution event stats:

Global stats: 30946 total (2 active)
Queueing time: mean = 2.77ms, max = 42224.14ms, min = -0.02ms, total = 85736.96ms
Execution time:  mean = 2.76ms, total = 85409.31ms
Event stats:
	CoreWorker.CheckSignal - 30938 total (1 active), Execution time: mean = 0.00ms, total = 68.31ms, Queueing time: mean = 2.77ms, max = 42224.14ms, min = -0.02ms, total = 85736.87ms
	CoreWorker.HandlePushTaskActor - 6 total (1 active, 1 running), Execution time: mean = 10284.43ms, total = 61706.56ms, Queueing time: mean = 0.01ms, max = 0.02ms, min = 0.01ms, total = 0.07ms
	PeriodicalRunner.RunFnPeriodically - 1 total (0 active), Execution time: mean = 0.02ms, total = 0.02ms, Queueing time: mean = 0.00ms, max = 0.00ms, min = 0.00ms, total = 0.00ms
	CoreWorker.HandlePushTask - 1 total (0 active), Execution time: mean = 23634.42ms, total = 23634.42ms, Queueing time: mean = 0.01ms, max = 0.01ms, min = 0.01ms, total = 0.01ms

-----------------
Task Event stats:

IO Service Stats:

Global stats: 437 total (1 active)
Queueing time: mean = 0.02ms, max = 0.07ms, min = 0.00ms, total = 8.25ms
Execution time:  mean = 0.03ms, total = 11.04ms
Event stats:
	CoreWorker.deadline_timer.flush_task_events - 420 total (1 active), Execution time: mean = 0.01ms, total = 5.63ms, Queueing time: mean = 0.02ms, max = 0.07ms, min = 0.00ms, total = 8.11ms
	ray::rpc::TaskInfoGcsService.grpc_client.AddTaskEventData - 8 total (0 active), Execution time: mean = 0.64ms, total = 5.15ms, Queueing time: mean = 0.00ms, max = -0.00ms, min = 9223372036854.78ms, total = 0.00ms
	ray::rpc::TaskInfoGcsService.grpc_client.AddTaskEventData.OnReplyReceived - 8 total (0 active), Execution time: mean = 0.03ms, total = 0.24ms, Queueing time: mean = 0.02ms, max = 0.03ms, min = 0.01ms, total = 0.13ms
	PeriodicalRunner.RunFnPeriodically - 1 total (0 active), Execution time: mean = 0.02ms, total = 0.02ms, Queueing time: mean = 0.01ms, max = 0.01ms, min = 0.01ms, total = 0.01ms
Other Stats:
	gcs_grpc_in_progress:0
	event_aggregator_grpc_in_progress:0
	current number of task status events in buffer: 0
	current number of profile events in buffer: 0
	current number of dropped task attempts tracked: 0
	total task events sent: 0.0028944 MiB
	total number of task attempts sent: 12
	total number of task attempts dropped reported: 0
	total number of sent failure: 0
	num status task events dropped: 0
	num profile task events dropped: 0
	num ray task events reported to aggregator: 0
	num ray task events failed to report to aggregator: 0
	num of task attempts dropped reported to aggregator: 0
	num of failed requests to aggregator: 0

[2026-09-04 01:06:38,706 I 5436 5647] core_worker.cc:498: Event stats:


Global stats: 6514 total (11 active)
Queueing time: mean = 0.21ms, max = 226.98ms, min = 0.00ms, total = 1373.01ms
Execution time:  mean = 25.11ms, total = 163537.19ms
Event stats:
	CoreWorker.RecoverObjects - 4800 total (1 active), Execution time: mean = 0.00ms, total = 9.74ms, Queueing time: mean = 0.05ms, max = 150.62ms, min = 0.00ms, total = 233.52ms
	CoreWorker.ExitIfParentRayletDies - 480 total (1 active), Execution time: mean = 0.01ms, total = 3.01ms, Queueing time: mean = 0.47ms, max = 219.79ms, min = 0.00ms, total = 227.10ms
	CoreWorker.ReportWorkerBacklog - 480 total (1 active), Execution time: mean = 0.00ms, total = 1.58ms, Queueing time: mean = 0.48ms, max = 219.79ms, min = 0.00ms, total = 228.37ms
	CoreWorker.InternalHeartbeat - 480 total (1 active), Execution time: mean = 0.00ms, total = 1.60ms, Queueing time: mean = 0.48ms, max = 219.79ms, min = 0.00ms, total = 228.39ms
	CoreWorker.RecordMetrics - 96 total (1 active), Execution time: mean = 0.05ms, total = 4.69ms, Queueing time: mean = 2.34ms, max = 223.67ms, min = 0.00ms, total = 224.79ms
	CoreWorker.TryDelPendingObjectRefStreams - 48 total (1 active), Execution time: mean = 0.00ms, total = 0.12ms, Queueing time: mean = 4.76ms, max = 226.98ms, min = 0.00ms, total = 228.66ms
	CoreWorkerService.grpc_server.GetCoreWorkerStats.HandleRequestImpl - 32 total (0 active), Execution time: mean = 0.05ms, total = 1.53ms, Queueing time: mean = 0.02ms, max = 0.05ms, min = 0.01ms, total = 0.71ms
	CoreWorkerService.grpc_server.GetCoreWorkerStats - 32 total (0 active), Execution time: mean = 0.27ms, total = 8.73ms, Queueing time: mean = 0.00ms, max = -0.00ms, min = 9223372036854.78ms, total = 0.00ms
	Publisher.PublishFailure.WORKER_OBJECT_LOCATIONS_CHANNEL - 18 total (0 active), Execution time: mean = 0.00ms, total = 0.04ms, Queueing time: mean = 0.03ms, max = 0.04ms, min = 0.01ms, total = 0.53ms
	CoreWorkerService.grpc_server.PushTask - 9 total (1 active), Execution time: mean = 18141.76ms, total = 163275.80ms, Queueing time: mean = 0.00ms, max = -0.00ms, min = 9223372036854.78ms, total = 0.00ms
	CoreWorkerService.grpc_server.PushTask.HandleRequestImpl - 9 total (0 active), Execution time: mean = 0.07ms, total = 0.66ms, Queueing time: mean = 0.02ms, max = 0.04ms, min = 0.00ms, total = 0.17ms
	CoreWorker.PrintEventStats - 8 total (1 active, 1 running), Execution time: mean = 28.57ms, total = 228.55ms, Queueing time: mean = 0.01ms, max = 0.02ms, min = 0.01ms, total = 0.11ms
	PeriodicalRunner.RunFnPeriodically - 8 total (0 active), Execution time: mean = 0.02ms, total = 0.13ms, Queueing time: mean = 0.07ms, max = 0.12ms, min = 0.00ms, total = 0.56ms
	CoreWorkerService.grpc_server.PubsubCommandBatch.HandleRequestImpl - 3 total (0 active), Execution time: mean = 0.03ms, total = 0.08ms, Queueing time: mean = 0.01ms, max = 0.01ms, min = 0.01ms, total = 0.03ms
	CoreWorkerService.grpc_server.PubsubCommandBatch - 3 total (0 active), Execution time: mean = 0.19ms, total = 0.57ms, Queueing time: mean = 0.00ms, max = -0.00ms, min = 9223372036854.78ms, total = 0.00ms
	Publisher.CheckDeadSubscribers - 2 total (1 active), Execution time: mean = 0.00ms, total = 0.00ms, Queueing time: mean = 0.01ms, max = 0.02ms, min = 0.02ms, total = 0.02ms
	CoreWorkerService.grpc_server.PubsubLongPolling - 2 total (2 active), Execution time: mean = 0.00ms, total = 0.00ms, Queueing time: mean = 0.00ms, max = -0.00ms, min = 9223372036854.78ms, total = 0.00ms
	CoreWorkerService.grpc_server.PubsubLongPolling.HandleRequestImpl - 2 total (0 active), Execution time: mean = 0.01ms, total = 0.02ms, Queueing time: mean = 0.02ms, max = 0.04ms, min = 0.00ms, total = 0.04ms
	ray::rpc::WorkerInfoGcsService.grpc_client.AddWorkerInfo - 1 total (0 active), Execution time: mean = 0.32ms, total = 0.32ms, Queueing time: mean = 0.00ms, max = -0.00ms, min = 9223372036854.78ms, total = 0.00ms
	ray::rpc::WorkerInfoGcsService.grpc_client.AddWorkerInfo.OnReplyReceived - 1 total (0 active), Execution time: mean = 0.03ms, total = 0.03ms, Queueing time: mean = 0.01ms, max = 0.01ms, min = 0.01ms, total = 0.01ms

-----------------
Task execution event stats:

Global stats: 31307 total (2 active)
Queueing time: mean = 5.23ms, max = 63253.93ms, min = -0.02ms, total = 163668.84ms
Execution time:  mean = 5.22ms, total = 163342.74ms
Event stats:
	CoreWorker.CheckSignal - 31297 total (1 active), Execution time: mean = 0.00ms, total = 69.13ms, Queueing time: mean = 5.23ms, max = 63253.93ms, min = -0.02ms, total = 163668.72ms
	CoreWorker.HandlePushTaskActor - 8 total (1 active, 1 running), Execution time: mean = 17454.90ms, total = 139639.17ms, Queueing time: mean = 0.01ms, max = 0.03ms, min = 0.01ms, total = 0.11ms
	PeriodicalRunner.RunFnPeriodically - 1 total (0 active), Execution time: mean = 0.02ms, total = 0.02ms, Queueing time: mean = 0.00ms, max = 0.00ms, min = 0.00ms, total = 0.00ms
	CoreWorker.HandlePushTask - 1 total (0 active), Execution time: mean = 23634.42ms, total = 23634.42ms, Queueing time: mean = 0.01ms, max = 0.01ms, min = 0.01ms, total = 0.01ms

-----------------
Task Event stats:

IO Service Stats:

Global stats: 504 total (1 active)
Queueing time: mean = 0.02ms, max = 0.07ms, min = 0.00ms, total = 9.72ms
Execution time:  mean = 0.03ms, total = 14.32ms
Event stats:
	CoreWorker.deadline_timer.flush_task_events - 481 total (1 active), Execution time: mean = 0.01ms, total = 7.01ms, Queueing time: mean = 0.02ms, max = 0.07ms, min = 0.00ms, total = 9.53ms
	ray::rpc::TaskInfoGcsService.grpc_client.AddTaskEventData - 11 total (0 active), Execution time: mean = 0.63ms, total = 6.96ms, Queueing time: mean = 0.00ms, max = -0.00ms, min = 9223372036854.78ms, total = 0.00ms
	ray::rpc::TaskInfoGcsService.grpc_client.AddTaskEventData.OnReplyReceived - 11 total (0 active), Execution time: mean = 0.03ms, total = 0.33ms, Queueing time: mean = 0.02ms, max = 0.03ms, min = 0.01ms, total = 0.17ms
	PeriodicalRunner.RunFnPeriodically - 1 total (0 active), Execution time: mean = 0.02ms, total = 0.02ms, Queueing time: mean = 0.01ms, max = 0.01ms, min = 0.01ms, total = 0.01ms
Other Stats:
	gcs_grpc_in_progress:0
	event_aggregator_grpc_in_progress:0
	current number of task status events in buffer: 0
	current number of profile events in buffer: 0
	current number of dropped task attempts tracked: 0
	total task events sent: 0.00383663 MiB
	total number of task attempts sent: 16
	total number of task attempts dropped reported: 0
	total number of sent failure: 0
	num status task events dropped: 0
	num profile task events dropped: 0
	num ray task events reported to aggregator: 0
	num ray task events failed to report to aggregator: 0
	num of task attempts dropped reported to aggregator: 0
	num of failed requests to aggregator: 0

[2026-09-04 01:06:40,666 I 5436 5436] actor_task_submitter.cc:75: Set actor max pending calls to -1 actor_id=8dae30371bc91c9a2918000601000000
[2026-09-04 01:06:40,666 I 5436 5436] actor_task_submitter.cc:75: Set actor max pending calls to -1 actor_id=c9d941681c020834fe7847db01000000
[2026-09-04 01:07:38,706 I 5436 5647] core_worker.cc:498: Event stats:


Global stats: 7325 total (10 active)
Queueing time: mean = 0.19ms, max = 226.98ms, min = 0.00ms, total = 1388.82ms
Execution time:  mean = 24.52ms, total = 179605.71ms
Event stats:
	CoreWorker.RecoverObjects - 5400 total (1 active), Execution time: mean = 0.00ms, total = 11.16ms, Queueing time: mean = 0.05ms, max = 150.62ms, min = 0.00ms, total = 245.33ms
	CoreWorker.ExitIfParentRayletDies - 540 total (1 active), Execution time: mean = 0.01ms, total = 3.32ms, Queueing time: mean = 0.42ms, max = 219.79ms, min = 0.00ms, total = 228.13ms
	CoreWorker.ReportWorkerBacklog - 540 total (1 active), Execution time: mean = 0.00ms, total = 1.77ms, Queueing time: mean = 0.43ms, max = 219.79ms, min = 0.00ms, total = 229.50ms
	CoreWorker.InternalHeartbeat - 540 total (1 active), Execution time: mean = 0.00ms, total = 1.76ms, Queueing time: mean = 0.43ms, max = 219.79ms, min = 0.00ms, total = 229.55ms
	CoreWorker.RecordMetrics - 108 total (1 active), Execution time: mean = 0.05ms, total = 5.27ms, Queueing time: mean = 2.08ms, max = 223.67ms, min = 0.00ms, total = 224.99ms
	CoreWorker.TryDelPendingObjectRefStreams - 54 total (1 active), Execution time: mean = 0.00ms, total = 0.13ms, Queueing time: mean = 4.24ms, max = 226.98ms, min = 0.00ms, total = 228.93ms
	CoreWorkerService.grpc_server.GetCoreWorkerStats.HandleRequestImpl - 36 total (0 active), Execution time: mean = 0.05ms, total = 1.70ms, Queueing time: mean = 0.02ms, max = 0.05ms, min = 0.01ms, total = 0.87ms
	CoreWorkerService.grpc_server.GetCoreWorkerStats - 36 total (0 active), Execution time: mean = 0.28ms, total = 10.08ms, Queueing time: mean = 0.00ms, max = -0.00ms, min = 9223372036854.78ms, total = 0.00ms
	Publisher.PublishFailure.WORKER_OBJECT_LOCATIONS_CHANNEL - 18 total (0 active), Execution time: mean = 0.00ms, total = 0.04ms, Queueing time: mean = 0.03ms, max = 0.04ms, min = 0.01ms, total = 0.53ms
	CoreWorkerService.grpc_server.PushTask - 11 total (0 active), Execution time: mean = 16303.61ms, total = 179339.70ms, Queueing time: mean = 0.00ms, max = -0.00ms, min = 9223372036854.78ms, total = 0.00ms
	CoreWorkerService.grpc_server.PushTask.HandleRequestImpl - 11 total (0 active), Execution time: mean = 0.07ms, total = 0.81ms, Queueing time: mean = 0.02ms, max = 0.04ms, min = 0.00ms, total = 0.21ms
	CoreWorker.PrintEventStats - 9 total (1 active, 1 running), Execution time: mean = 25.42ms, total = 228.81ms, Queueing time: mean = 0.01ms, max = 0.02ms, min = 0.01ms, total = 0.12ms
	PeriodicalRunner.RunFnPeriodically - 8 total (0 active), Execution time: mean = 0.02ms, total = 0.13ms, Queueing time: mean = 0.07ms, max = 0.12ms, min = 0.00ms, total = 0.56ms
	CoreWorkerService.grpc_server.PubsubCommandBatch.HandleRequestImpl - 3 total (0 active), Execution time: mean = 0.03ms, total = 0.08ms, Queueing time: mean = 0.01ms, max = 0.01ms, min = 0.01ms, total = 0.03ms
	CoreWorkerService.grpc_server.PubsubCommandBatch - 3 total (0 active), Execution time: mean = 0.19ms, total = 0.57ms, Queueing time: mean = 0.00ms, max = -0.00ms, min = 9223372036854.78ms, total = 0.00ms
	Publisher.CheckDeadSubscribers - 2 total (1 active), Execution time: mean = 0.00ms, total = 0.00ms, Queueing time: mean = 0.01ms, max = 0.02ms, min = 0.02ms, total = 0.02ms
	CoreWorkerService.grpc_server.PubsubLongPolling - 2 total (2 active), Execution time: mean = 0.00ms, total = 0.00ms, Queueing time: mean = 0.00ms, max = -0.00ms, min = 9223372036854.78ms, total = 0.00ms
	CoreWorkerService.grpc_server.PubsubLongPolling.HandleRequestImpl - 2 total (0 active), Execution time: mean = 0.01ms, total = 0.02ms, Queueing time: mean = 0.02ms, max = 0.04ms, min = 0.00ms, total = 0.04ms
	ray::rpc::WorkerInfoGcsService.grpc_client.AddWorkerInfo - 1 total (0 active), Execution time: mean = 0.32ms, total = 0.32ms, Queueing time: mean = 0.00ms, max = -0.00ms, min = 9223372036854.78ms, total = 0.00ms
	ray::rpc::WorkerInfoGcsService.grpc_client.AddWorkerInfo.OnReplyReceived - 1 total (0 active), Execution time: mean = 0.03ms, total = 0.03ms, Queueing time: mean = 0.01ms, max = 0.01ms, min = 0.01ms, total = 0.01ms

-----------------
Task execution event stats:

Global stats: 36052 total (1 active)
Queueing time: mean = 4.99ms, max = 63253.93ms, min = -0.02ms, total = 179778.96ms
Execution time:  mean = 4.98ms, total = 179418.45ms
Event stats:
	CoreWorker.CheckSignal - 36040 total (1 active), Execution time: mean = 0.00ms, total = 81.63ms, Queueing time: mean = 4.99ms, max = 63253.93ms, min = -0.02ms, total = 179778.77ms
	CoreWorker.HandlePushTaskActor - 10 total (0 active), Execution time: mean = 15570.24ms, total = 155702.38ms, Queueing time: mean = 0.02ms, max = 0.04ms, min = 0.01ms, total = 0.17ms
	PeriodicalRunner.RunFnPeriodically - 1 total (0 active), Execution time: mean = 0.02ms, total = 0.02ms, Queueing time: mean = 0.00ms, max = 0.00ms, min = 0.00ms, total = 0.00ms
	CoreWorker.HandlePushTask - 1 total (0 active), Execution time: mean = 23634.42ms, total = 23634.42ms, Queueing time: mean = 0.01ms, max = 0.01ms, min = 0.01ms, total = 0.01ms

-----------------
Task Event stats:

IO Service Stats:

Global stats: 572 total (1 active)
Queueing time: mean = 0.02ms, max = 0.07ms, min = 0.00ms, total = 11.27ms
Execution time:  mean = 0.03ms, total = 18.31ms
Event stats:
	CoreWorker.deadline_timer.flush_task_events - 541 total (1 active), Execution time: mean = 0.02ms, total = 8.32ms, Queueing time: mean = 0.02ms, max = 0.07ms, min = 0.00ms, total = 11.00ms
	ray::rpc::TaskInfoGcsService.grpc_client.AddTaskEventData - 15 total (0 active), Execution time: mean = 0.63ms, total = 9.52ms, Queueing time: mean = 0.00ms, max = -0.00ms, min = 9223372036854.78ms, total = 0.00ms
	ray::rpc::TaskInfoGcsService.grpc_client.AddTaskEventData.OnReplyReceived - 15 total (0 active), Execution time: mean = 0.03ms, total = 0.45ms, Queueing time: mean = 0.02ms, max = 0.04ms, min = 0.01ms, total = 0.26ms
	PeriodicalRunner.RunFnPeriodically - 1 total (0 active), Execution time: mean = 0.02ms, total = 0.02ms, Queueing time: mean = 0.01ms, max = 0.01ms, min = 0.01ms, total = 0.01ms
Other Stats:
	gcs_grpc_in_progress:0
	event_aggregator_grpc_in_progress:0
	current number of task status events in buffer: 0
	current number of profile events in buffer: 0
	current number of dropped task attempts tracked: 0
	total task events sent: 0.00510216 MiB
	total number of task attempts sent: 21
	total number of task attempts dropped reported: 0
	total number of sent failure: 0
	num status task events dropped: 0
	num profile task events dropped: 0
	num ray task events reported to aggregator: 0
	num ray task events failed to report to aggregator: 0
	num of task attempts dropped reported to aggregator: 0
	num of failed requests to aggregator: 0

[2026-09-04 01:08:38,707 I 5436 5647] core_worker.cc:498: Event stats:


Global stats: 8137 total (10 active)
Queueing time: mean = 0.17ms, max = 226.98ms, min = 0.00ms, total = 1402.83ms
Execution time:  mean = 131.09ms, total = 1066652.49ms
Event stats:
	CoreWorker.RecoverObjects - 6000 total (1 active), Execution time: mean = 0.00ms, total = 12.35ms, Queueing time: mean = 0.04ms, max = 150.62ms, min = 0.00ms, total = 255.75ms
	CoreWorker.ExitIfParentRayletDies - 600 total (1 active), Execution time: mean = 0.01ms, total = 3.61ms, Queueing time: mean = 0.38ms, max = 219.79ms, min = 0.00ms, total = 229.08ms
	CoreWorker.ReportWorkerBacklog - 600 total (1 active), Execution time: mean = 0.00ms, total = 1.93ms, Queueing time: mean = 0.38ms, max = 219.79ms, min = 0.00ms, total = 230.58ms
	CoreWorker.InternalHeartbeat - 600 total (1 active), Execution time: mean = 0.00ms, total = 1.93ms, Queueing time: mean = 0.38ms, max = 219.79ms, min = 0.00ms, total = 230.62ms
	CoreWorker.RecordMetrics - 120 total (1 active), Execution time: mean = 0.05ms, total = 5.73ms, Queueing time: mean = 1.88ms, max = 223.67ms, min = 0.00ms, total = 225.15ms
	CoreWorker.TryDelPendingObjectRefStreams - 60 total (1 active), Execution time: mean = 0.00ms, total = 0.15ms, Queueing time: mean = 3.82ms, max = 226.98ms, min = 0.00ms, total = 229.12ms
	CoreWorkerService.grpc_server.GetCoreWorkerStats.HandleRequestImpl - 40 total (0 active), Execution time: mean = 0.05ms, total = 1.83ms, Queueing time: mean = 0.02ms, max = 0.05ms, min = 0.01ms, total = 0.96ms
	CoreWorkerService.grpc_server.GetCoreWorkerStats - 40 total (0 active), Execution time: mean = 0.28ms, total = 11.10ms, Queueing time: mean = 0.00ms, max = -0.00ms, min = 9223372036854.78ms, total = 0.00ms
	Publisher.PublishFailure.WORKER_OBJECT_LOCATIONS_CHANNEL - 18 total (0 active), Execution time: mean = 0.00ms, total = 0.04ms, Queueing time: mean = 0.03ms, max = 0.04ms, min = 0.01ms, total = 0.53ms
	CoreWorkerService.grpc_server.PushTask - 11 total (0 active), Execution time: mean = 16303.61ms, total = 179339.70ms, Queueing time: mean = 0.00ms, max = -0.00ms, min = 9223372036854.78ms, total = 0.00ms
	CoreWorkerService.grpc_server.PushTask.HandleRequestImpl - 11 total (0 active), Execution time: mean = 0.07ms, total = 0.81ms, Queueing time: mean = 0.02ms, max = 0.04ms, min = 0.00ms, total = 0.21ms
	CoreWorker.PrintEventStats - 10 total (1 active, 1 running), Execution time: mean = 22.90ms, total = 229.04ms, Queueing time: mean = 0.01ms, max = 0.02ms, min = 0.01ms, total = 0.13ms
	PeriodicalRunner.RunFnPeriodically - 8 total (0 active), Execution time: mean = 0.02ms, total = 0.13ms, Queueing time: mean = 0.07ms, max = 0.12ms, min = 0.00ms, total = 0.56ms
	CoreWorkerService.grpc_server.PubsubLongPolling - 4 total (2 active), Execution time: mean = 221760.77ms, total = 887043.08ms, Queueing time: mean = 0.00ms, max = -0.00ms, min = 9223372036854.78ms, total = 0.00ms
	CoreWorkerService.grpc_server.PubsubLongPolling.HandleRequestImpl - 4 total (0 active), Execution time: mean = 0.01ms, total = 0.04ms, Queueing time: mean = 0.01ms, max = 0.04ms, min = 0.00ms, total = 0.06ms
	Publisher.CheckDeadSubscribers - 3 total (1 active), Execution time: mean = 0.01ms, total = 0.04ms, Queueing time: mean = 0.01ms, max = 0.02ms, min = 0.01ms, total = 0.03ms
	CoreWorkerService.grpc_server.PubsubCommandBatch.HandleRequestImpl - 3 total (0 active), Execution time: mean = 0.03ms, total = 0.08ms, Queueing time: mean = 0.01ms, max = 0.01ms, min = 0.01ms, total = 0.03ms
	CoreWorkerService.grpc_server.PubsubCommandBatch - 3 total (0 active), Execution time: mean = 0.19ms, total = 0.57ms, Queueing time: mean = 0.00ms, max = -0.00ms, min = 9223372036854.78ms, total = 0.00ms
	ray::rpc::WorkerInfoGcsService.grpc_client.AddWorkerInfo - 1 total (0 active), Execution time: mean = 0.32ms, total = 0.32ms, Queueing time: mean = 0.00ms, max = -0.00ms, min = 9223372036854.78ms, total = 0.00ms
	ray::rpc::WorkerInfoGcsService.grpc_client.AddWorkerInfo.OnReplyReceived - 1 total (0 active), Execution time: mean = 0.03ms, total = 0.03ms, Queueing time: mean = 0.01ms, max = 0.01ms, min = 0.01ms, total = 0.01ms

-----------------
Task execution event stats:

Global stats: 42044 total (1 active)
Queueing time: mean = 4.28ms, max = 63253.93ms, min = -0.02ms, total = 179854.49ms
Execution time:  mean = 4.27ms, total = 179432.42ms
Event stats:
	CoreWorker.CheckSignal - 42032 total (1 active), Execution time: mean = 0.00ms, total = 95.61ms, Queueing time: mean = 4.28ms, max = 63253.93ms, min = -0.02ms, total = 179854.31ms
	CoreWorker.HandlePushTaskActor - 10 total (0 active), Execution time: mean = 15570.24ms, total = 155702.38ms, Queueing time: mean = 0.02ms, max = 0.04ms, min = 0.01ms, total = 0.17ms
	PeriodicalRunner.RunFnPeriodically - 1 total (0 active), Execution time: mean = 0.02ms, total = 0.02ms, Queueing time: mean = 0.00ms, max = 0.00ms, min = 0.00ms, total = 0.00ms
	CoreWorker.HandlePushTask - 1 total (0 active), Execution time: mean = 23634.42ms, total = 23634.42ms, Queueing time: mean = 0.01ms, max = 0.01ms, min = 0.01ms, total = 0.01ms

-----------------
Task Event stats:

IO Service Stats:

Global stats: 632 total (1 active)
Queueing time: mean = 0.02ms, max = 0.07ms, min = 0.00ms, total = 12.56ms
Execution time:  mean = 0.03ms, total = 18.85ms
Event stats:
	CoreWorker.deadline_timer.flush_task_events - 601 total (1 active), Execution time: mean = 0.01ms, total = 8.86ms, Queueing time: mean = 0.02ms, max = 0.07ms, min = 0.00ms, total = 12.29ms
	ray::rpc::TaskInfoGcsService.grpc_client.AddTaskEventData - 15 total (0 active), Execution time: mean = 0.63ms, total = 9.52ms, Queueing time: mean = 0.00ms, max = -0.00ms, min = 9223372036854.78ms, total = 0.00ms
	ray::rpc::TaskInfoGcsService.grpc_client.AddTaskEventData.OnReplyReceived - 15 total (0 active), Execution time: mean = 0.03ms, total = 0.45ms, Queueing time: mean = 0.02ms, max = 0.04ms, min = 0.01ms, total = 0.26ms
	PeriodicalRunner.RunFnPeriodically - 1 total (0 active), Execution time: mean = 0.02ms, total = 0.02ms, Queueing time: mean = 0.01ms, max = 0.01ms, min = 0.01ms, total = 0.01ms
Other Stats:
	gcs_grpc_in_progress:0
	event_aggregator_grpc_in_progress:0
	current number of task status events in buffer: 0
	current number of profile events in buffer: 0
	current number of dropped task attempts tracked: 0
	total task events sent: 0.00510216 MiB
	total number of task attempts sent: 21
	total number of task attempts dropped reported: 0
	total number of sent failure: 0
	num status task events dropped: 0
	num profile task events dropped: 0
	num ray task events reported to aggregator: 0
	num ray task events failed to report to aggregator: 0
	num of task attempts dropped reported to aggregator: 0
	num of failed requests to aggregator: 0

[2026-09-04 01:09:38,707 I 5436 5647] core_worker.cc:498: Event stats:


Global stats: 8946 total (11 active)
Queueing time: mean = 0.16ms, max = 226.98ms, min = 0.00ms, total = 1416.72ms
Execution time:  mean = 119.23ms, total = 1066656.49ms
Event stats:
	CoreWorker.RecoverObjects - 6600 total (1 active), Execution time: mean = 0.00ms, total = 13.54ms, Queueing time: mean = 0.04ms, max = 150.62ms, min = 0.00ms, total = 265.43ms
	CoreWorker.ExitIfParentRayletDies - 660 total (1 active), Execution time: mean = 0.01ms, total = 3.90ms, Queueing time: mean = 0.35ms, max = 219.79ms, min = 0.00ms, total = 230.13ms
	CoreWorker.ReportWorkerBacklog - 660 total (1 active), Execution time: mean = 0.00ms, total = 2.09ms, Queueing time: mean = 0.35ms, max = 219.79ms, min = 0.00ms, total = 231.75ms
	CoreWorker.InternalHeartbeat - 660 total (1 active), Execution time: mean = 0.00ms, total = 2.08ms, Queueing time: mean = 0.35ms, max = 219.79ms, min = 0.00ms, total = 231.80ms
	CoreWorker.RecordMetrics - 132 total (1 active), Execution time: mean = 0.05ms, total = 6.23ms, Queueing time: mean = 1.71ms, max = 223.67ms, min = 0.00ms, total = 225.31ms
	CoreWorker.TryDelPendingObjectRefStreams - 66 total (1 active), Execution time: mean = 0.00ms, total = 0.16ms, Queueing time: mean = 3.48ms, max = 226.98ms, min = 0.00ms, total = 229.63ms
	CoreWorkerService.grpc_server.GetCoreWorkerStats.HandleRequestImpl - 44 total (0 active), Execution time: mean = 0.05ms, total = 2.00ms, Queueing time: mean = 0.02ms, max = 0.06ms, min = 0.01ms, total = 1.06ms
	CoreWorkerService.grpc_server.GetCoreWorkerStats - 44 total (0 active), Execution time: mean = 0.27ms, total = 12.05ms, Queueing time: mean = 0.00ms, max = -0.00ms, min = 9223372036854.78ms, total = 0.00ms
	Publisher.PublishFailure.WORKER_OBJECT_LOCATIONS_CHANNEL - 18 total (0 active), Execution time: mean = 0.00ms, total = 0.04ms, Queueing time: mean = 0.03ms, max = 0.04ms, min = 0.01ms, total = 0.53ms
	CoreWorkerService.grpc_server.PushTask - 12 total (1 active), Execution time: mean = 14944.98ms, total = 179339.70ms, Queueing time: mean = 0.00ms, max = -0.00ms, min = 9223372036854.78ms, total = 0.00ms
	CoreWorkerService.grpc_server.PushTask.HandleRequestImpl - 12 total (0 active), Execution time: mean = 0.07ms, total = 0.88ms, Queueing time: mean = 0.02ms, max = 0.04ms, min = 0.00ms, total = 0.23ms
	CoreWorker.PrintEventStats - 11 total (1 active, 1 running), Execution time: mean = 20.87ms, total = 229.54ms, Queueing time: mean = 0.02ms, max = 0.03ms, min = 0.01ms, total = 0.17ms
	PeriodicalRunner.RunFnPeriodically - 8 total (0 active), Execution time: mean = 0.02ms, total = 0.13ms, Queueing time: mean = 0.07ms, max = 0.12ms, min = 0.00ms, total = 0.56ms
	CoreWorkerService.grpc_server.PubsubLongPolling - 4 total (2 active), Execution time: mean = 221760.77ms, total = 887043.08ms, Queueing time: mean = 0.00ms, max = -0.00ms, min = 9223372036854.78ms, total = 0.00ms
	CoreWorkerService.grpc_server.PubsubLongPolling.HandleRequestImpl - 4 total (0 active), Execution time: mean = 0.01ms, total = 0.04ms, Queueing time: mean = 0.01ms, max = 0.04ms, min = 0.00ms, total = 0.06ms
	Publisher.CheckDeadSubscribers - 3 total (1 active), Execution time: mean = 0.01ms, total = 0.04ms, Queueing time: mean = 0.01ms, max = 0.02ms, min = 0.01ms, total = 0.03ms
	CoreWorkerService.grpc_server.PubsubCommandBatch.HandleRequestImpl - 3 total (0 active), Execution time: mean = 0.03ms, total = 0.08ms, Queueing time: mean = 0.01ms, max = 0.01ms, min = 0.01ms, total = 0.03ms
	CoreWorkerService.grpc_server.PubsubCommandBatch - 3 total (0 active), Execution time: mean = 0.19ms, total = 0.57ms, Queueing time: mean = 0.00ms, max = -0.00ms, min = 9223372036854.78ms, total = 0.00ms
	ray::rpc::WorkerInfoGcsService.grpc_client.AddWorkerInfo - 1 total (0 active), Execution time: mean = 0.32ms, total = 0.32ms, Queueing time: mean = 0.00ms, max = -0.00ms, min = 9223372036854.78ms, total = 0.00ms
	ray::rpc::WorkerInfoGcsService.grpc_client.AddWorkerInfo.OnReplyReceived - 1 total (0 active), Execution time: mean = 0.03ms, total = 0.03ms, Queueing time: mean = 0.01ms, max = 0.01ms, min = 0.01ms, total = 0.01ms

-----------------
Task execution event stats:

Global stats: 45723 total (2 active)
Queueing time: mean = 3.93ms, max = 63253.93ms, min = -0.02ms, total = 179906.38ms
Execution time:  mean = 3.92ms, total = 179440.26ms
Event stats:
	CoreWorker.CheckSignal - 45710 total (1 active), Execution time: mean = 0.00ms, total = 103.44ms, Queueing time: mean = 3.94ms, max = 63253.93ms, min = -0.02ms, total = 179906.19ms
	CoreWorker.HandlePushTaskActor - 11 total (1 active, 1 running), Execution time: mean = 14154.76ms, total = 155702.38ms, Queueing time: mean = 0.02ms, max = 0.04ms, min = 0.01ms, total = 0.17ms
	PeriodicalRunner.RunFnPeriodically - 1 total (0 active), Execution time: mean = 0.02ms, total = 0.02ms, Queueing time: mean = 0.00ms, max = 0.00ms, min = 0.00ms, total = 0.00ms
	CoreWorker.HandlePushTask - 1 total (0 active), Execution time: mean = 23634.42ms, total = 23634.42ms, Queueing time: mean = 0.01ms, max = 0.01ms, min = 0.01ms, total = 0.01ms

-----------------
Task Event stats:

IO Service Stats:

Global stats: 694 total (1 active)
Queueing time: mean = 0.02ms, max = 0.08ms, min = 0.00ms, total = 13.79ms
Execution time:  mean = 0.03ms, total = 19.98ms
Event stats:
	CoreWorker.deadline_timer.flush_task_events - 661 total (1 active), Execution time: mean = 0.01ms, total = 9.48ms, Queueing time: mean = 0.02ms, max = 0.08ms, min = 0.00ms, total = 13.50ms
	ray::rpc::TaskInfoGcsService.grpc_client.AddTaskEventData - 16 total (0 active), Execution time: mean = 0.63ms, total = 10.01ms, Queueing time: mean = 0.00ms, max = -0.00ms, min = 9223372036854.78ms, total = 0.00ms
	ray::rpc::TaskInfoGcsService.grpc_client.AddTaskEventData.OnReplyReceived - 16 total (0 active), Execution time: mean = 0.03ms, total = 0.47ms, Queueing time: mean = 0.02ms, max = 0.04ms, min = 0.01ms, total = 0.28ms
	PeriodicalRunner.RunFnPeriodically - 1 total (0 active), Execution time: mean = 0.02ms, total = 0.02ms, Queueing time: mean = 0.01ms, max = 0.01ms, min = 0.01ms, total = 0.01ms
Other Stats:
	gcs_grpc_in_progress:0
	event_aggregator_grpc_in_progress:0
	current number of task status events in buffer: 0
	current number of profile events in buffer: 0
	current number of dropped task attempts tracked: 0
	total task events sent: 0.00527096 MiB
	total number of task attempts sent: 22
	total number of task attempts dropped reported: 0
	total number of sent failure: 0
	num status task events dropped: 0
	num profile task events dropped: 0
	num ray task events reported to aggregator: 0
	num ray task events failed to report to aggregator: 0
	num of task attempts dropped reported to aggregator: 0
	num of failed requests to aggregator: 0

[2026-09-04 01:10:38,707 I 5436 5647] core_worker.cc:498: Event stats:


Global stats: 9776 total (11 active)
Queueing time: mean = 0.15ms, max = 226.98ms, min = 0.00ms, total = 1429.75ms
Execution time:  mean = 115.72ms, total = 1131321.09ms
Event stats:
	CoreWorker.RecoverObjects - 7200 total (1 active), Execution time: mean = 0.00ms, total = 14.65ms, Queueing time: mean = 0.04ms, max = 150.62ms, min = 0.00ms, total = 273.91ms
	CoreWorker.ExitIfParentRayletDies - 720 total (1 active), Execution time: mean = 0.01ms, total = 4.21ms, Queueing time: mean = 0.32ms, max = 219.79ms, min = 0.00ms, total = 231.16ms
	CoreWorker.ReportWorkerBacklog - 720 total (1 active), Execution time: mean = 0.00ms, total = 2.26ms, Queueing time: mean = 0.32ms, max = 219.79ms, min = 0.00ms, total = 232.91ms
	CoreWorker.InternalHeartbeat - 720 total (1 active), Execution time: mean = 0.00ms, total = 2.27ms, Queueing time: mean = 0.32ms, max = 219.79ms, min = 0.00ms, total = 232.95ms
	CoreWorker.RecordMetrics - 144 total (1 active), Execution time: mean = 0.05ms, total = 6.93ms, Queueing time: mean = 1.57ms, max = 223.67ms, min = 0.00ms, total = 225.47ms
	CoreWorker.TryDelPendingObjectRefStreams - 72 total (1 active), Execution time: mean = 0.00ms, total = 0.18ms, Queueing time: mean = 3.19ms, max = 226.98ms, min = 0.00ms, total = 229.94ms
	CoreWorkerService.grpc_server.GetCoreWorkerStats.HandleRequestImpl - 48 total (0 active), Execution time: mean = 0.04ms, total = 2.12ms, Queueing time: mean = 0.02ms, max = 0.06ms, min = 0.01ms, total = 1.14ms
	CoreWorkerService.grpc_server.GetCoreWorkerStats - 48 total (0 active), Execution time: mean = 0.27ms, total = 12.87ms, Queueing time: mean = 0.00ms, max = -0.00ms, min = 9223372036854.78ms, total = 0.00ms
	Publisher.PublishFailure.WORKER_OBJECT_LOCATIONS_CHANNEL - 35 total (0 active), Execution time: mean = 0.00ms, total = 0.06ms, Queueing time: mean = 0.03ms, max = 0.04ms, min = 0.01ms, total = 1.09ms
	CoreWorkerService.grpc_server.PushTask - 15 total (1 active), Execution time: mean = 16266.69ms, total = 244000.33ms, Queueing time: mean = 0.00ms, max = -0.00ms, min = 9223372036854.78ms, total = 0.00ms
	CoreWorkerService.grpc_server.PushTask.HandleRequestImpl - 15 total (0 active), Execution time: mean = 0.07ms, total = 1.08ms, Queueing time: mean = 0.02ms, max = 0.04ms, min = 0.00ms, total = 0.32ms
	CoreWorker.PrintEventStats - 12 total (1 active, 1 running), Execution time: mean = 19.15ms, total = 229.86ms, Queueing time: mean = 0.01ms, max = 0.03ms, min = 0.01ms, total = 0.17ms
	PeriodicalRunner.RunFnPeriodically - 8 total (0 active), Execution time: mean = 0.02ms, total = 0.13ms, Queueing time: mean = 0.07ms, max = 0.12ms, min = 0.00ms, total = 0.56ms
	CoreWorkerService.grpc_server.PubsubLongPolling - 4 total (2 active), Execution time: mean = 221760.77ms, total = 887043.08ms, Queueing time: mean = 0.00ms, max = -0.00ms, min = 9223372036854.78ms, total = 0.00ms
	CoreWorkerService.grpc_server.PubsubLongPolling.HandleRequestImpl - 4 total (0 active), Execution time: mean = 0.01ms, total = 0.04ms, Queueing time: mean = 0.01ms, max = 0.04ms, min = 0.00ms, total = 0.06ms
	Publisher.CheckDeadSubscribers - 3 total (1 active), Execution time: mean = 0.01ms, total = 0.04ms, Queueing time: mean = 0.01ms, max = 0.02ms, min = 0.01ms, total = 0.03ms
	CoreWorkerService.grpc_server.PubsubCommandBatch.HandleRequestImpl - 3 total (0 active), Execution time: mean = 0.03ms, total = 0.08ms, Queueing time: mean = 0.01ms, max = 0.01ms, min = 0.01ms, total = 0.03ms
	CoreWorkerService.grpc_server.PubsubCommandBatch - 3 total (0 active), Execution time: mean = 0.19ms, total = 0.57ms, Queueing time: mean = 0.00ms, max = -0.00ms, min = 9223372036854.78ms, total = 0.00ms
	ray::rpc::WorkerInfoGcsService.grpc_client.AddWorkerInfo - 1 total (0 active), Execution time: mean = 0.32ms, total = 0.32ms, Queueing time: mean = 0.00ms, max = -0.00ms, min = 9223372036854.78ms, total = 0.00ms
	ray::rpc::WorkerInfoGcsService.grpc_client.AddWorkerInfo.OnReplyReceived - 1 total (0 active), Execution time: mean = 0.03ms, total = 0.03ms, Queueing time: mean = 0.01ms, max = 0.01ms, min = 0.01ms, total = 0.01ms

-----------------
Task execution event stats:

Global stats: 46240 total (2 active)
Queueing time: mean = 5.29ms, max = 63253.93ms, min = -0.02ms, total = 244564.88ms
Execution time:  mean = 5.28ms, total = 244101.38ms
Event stats:
	CoreWorker.CheckSignal - 46224 total (1 active), Execution time: mean = 0.00ms, total = 104.78ms, Queueing time: mean = 5.29ms, max = 63253.93ms, min = -0.02ms, total = 244564.65ms
	CoreWorker.HandlePushTaskActor - 14 total (1 active, 1 running), Execution time: mean = 15740.15ms, total = 220362.16ms, Queueing time: mean = 0.02ms, max = 0.04ms, min = 0.01ms, total = 0.22ms
	PeriodicalRunner.RunFnPeriodically - 1 total (0 active), Execution time: mean = 0.02ms, total = 0.02ms, Queueing time: mean = 0.00ms, max = 0.00ms, min = 0.00ms, total = 0.00ms
	CoreWorker.HandlePushTask - 1 total (0 active), Execution time: mean = 23634.42ms, total = 23634.42ms, Queueing time: mean = 0.01ms, max = 0.01ms, min = 0.01ms, total = 0.01ms

-----------------
Task Event stats:

IO Service Stats:

Global stats: 764 total (1 active)
Queueing time: mean = 0.02ms, max = 0.08ms, min = -0.00ms, total = 15.24ms
Execution time:  mean = 0.03ms, total = 24.31ms
Event stats:
	CoreWorker.deadline_timer.flush_task_events - 721 total (1 active), Execution time: mean = 0.02ms, total = 11.01ms, Queueing time: mean = 0.02ms, max = 0.08ms, min = -0.00ms, total = 14.86ms
	ray::rpc::TaskInfoGcsService.grpc_client.AddTaskEventData - 21 total (0 active), Execution time: mean = 0.60ms, total = 12.67ms, Queueing time: mean = 0.00ms, max = -0.00ms, min = 9223372036854.78ms, total = 0.00ms
	ray::rpc::TaskInfoGcsService.grpc_client.AddTaskEventData.OnReplyReceived - 21 total (0 active), Execution time: mean = 0.03ms, total = 0.62ms, Queueing time: mean = 0.02ms, max = 0.04ms, min = 0.01ms, total = 0.37ms
	PeriodicalRunner.RunFnPeriodically - 1 total (0 active), Execution time: mean = 0.02ms, total = 0.02ms, Queueing time: mean = 0.01ms, max = 0.01ms, min = 0.01ms, total = 0.01ms
Other Stats:
	gcs_grpc_in_progress:0
	event_aggregator_grpc_in_progress:0
	current number of task status events in buffer: 0
	current number of profile events in buffer: 0
	current number of dropped task attempts tracked: 0
	total task events sent: 0.00668812 MiB
	total number of task attempts sent: 28
	total number of task attempts dropped reported: 0
	total number of sent failure: 0
	num status task events dropped: 0
	num profile task events dropped: 0
	num ray task events reported to aggregator: 0
	num ray task events failed to report to aggregator: 0
	num of task attempts dropped reported to aggregator: 0
	num of failed requests to aggregator: 0

[2026-09-04 01:11:38,708 I 5436 5647] core_worker.cc:498: Event stats:


Global stats: 10587 total (11 active)
Queueing time: mean = 0.14ms, max = 226.98ms, min = -0.01ms, total = 1440.47ms
Execution time:  mean = 109.94ms, total = 1163954.59ms
Event stats:
	CoreWorker.RecoverObjects - 7800 total (1 active), Execution time: mean = 0.00ms, total = 15.76ms, Queueing time: mean = 0.04ms, max = 150.62ms, min = -0.01ms, total = 281.51ms
	CoreWorker.ExitIfParentRayletDies - 780 total (1 active), Execution time: mean = 0.01ms, total = 4.57ms, Queueing time: mean = 0.30ms, max = 219.79ms, min = 0.00ms, total = 231.91ms
	CoreWorker.ReportWorkerBacklog - 780 total (1 active), Execution time: mean = 0.00ms, total = 2.44ms, Queueing time: mean = 0.30ms, max = 219.79ms, min = 0.00ms, total = 233.82ms
	CoreWorker.InternalHeartbeat - 780 total (1 active), Execution time: mean = 0.00ms, total = 2.45ms, Queueing time: mean = 0.30ms, max = 219.79ms, min = 0.00ms, total = 233.86ms
	CoreWorker.RecordMetrics - 156 total (1 active), Execution time: mean = 0.05ms, total = 7.47ms, Queueing time: mean = 1.45ms, max = 223.67ms, min = 0.00ms, total = 225.59ms
	CoreWorker.TryDelPendingObjectRefStreams - 78 total (1 active), Execution time: mean = 0.00ms, total = 0.20ms, Queueing time: mean = 2.95ms, max = 226.98ms, min = 0.00ms, total = 230.24ms
	CoreWorkerService.grpc_server.GetCoreWorkerStats.HandleRequestImpl - 52 total (0 active), Execution time: mean = 0.04ms, total = 2.24ms, Queueing time: mean = 0.02ms, max = 0.07ms, min = 0.01ms, total = 1.24ms
	CoreWorkerService.grpc_server.GetCoreWorkerStats - 52 total (0 active), Execution time: mean = 0.26ms, total = 13.69ms, Queueing time: mean = 0.00ms, max = -0.00ms, min = 9223372036854.78ms, total = 0.00ms
	Publisher.PublishFailure.WORKER_OBJECT_LOCATIONS_CHANNEL - 35 total (0 active), Execution time: mean = 0.00ms, total = 0.06ms, Queueing time: mean = 0.03ms, max = 0.04ms, min = 0.01ms, total = 1.09ms
	CoreWorkerService.grpc_server.PushTask - 17 total (1 active), Execution time: mean = 16272.36ms, total = 276630.06ms, Queueing time: mean = 0.00ms, max = -0.00ms, min = 9223372036854.78ms, total = 0.00ms
	CoreWorkerService.grpc_server.PushTask.HandleRequestImpl - 17 total (0 active), Execution time: mean = 0.07ms, total = 1.19ms, Queueing time: mean = 0.02ms, max = 0.04ms, min = 0.00ms, total = 0.35ms
	CoreWorker.PrintEventStats - 13 total (1 active, 1 running), Execution time: mean = 17.71ms, total = 230.20ms, Queueing time: mean = 0.01ms, max = 0.03ms, min = 0.01ms, total = 0.19ms
	PeriodicalRunner.RunFnPeriodically - 8 total (0 active), Execution time: mean = 0.02ms, total = 0.13ms, Queueing time: mean = 0.07ms, max = 0.12ms, min = 0.00ms, total = 0.56ms
	CoreWorkerService.grpc_server.PubsubLongPolling - 4 total (2 active), Execution time: mean = 221760.77ms, total = 887043.08ms, Queueing time: mean = 0.00ms, max = -0.00ms, min = 9223372036854.78ms, total = 0.00ms
	CoreWorkerService.grpc_server.PubsubLongPolling.HandleRequestImpl - 4 total (0 active), Execution time: mean = 0.01ms, total = 0.04ms, Queueing time: mean = 0.01ms, max = 0.04ms, min = 0.00ms, total = 0.06ms
	Publisher.CheckDeadSubscribers - 3 total (1 active), Execution time: mean = 0.01ms, total = 0.04ms, Queueing time: mean = 0.01ms, max = 0.02ms, min = 0.01ms, total = 0.03ms
	CoreWorkerService.grpc_server.PubsubCommandBatch.HandleRequestImpl - 3 total (0 active), Execution time: mean = 0.03ms, total = 0.08ms, Queueing time: mean = 0.01ms, max = 0.01ms, min = 0.01ms, total = 0.03ms
	CoreWorkerService.grpc_server.PubsubCommandBatch - 3 total (0 active), Execution time: mean = 0.19ms, total = 0.57ms, Queueing time: mean = 0.00ms, max = -0.00ms, min = 9223372036854.78ms, total = 0.00ms
	ray::rpc::WorkerInfoGcsService.grpc_client.AddWorkerInfo - 1 total (0 active), Execution time: mean = 0.32ms, total = 0.32ms, Queueing time: mean = 0.00ms, max = -0.00ms, min = 9223372036854.78ms, total = 0.00ms
	ray::rpc::WorkerInfoGcsService.grpc_client.AddWorkerInfo.OnReplyReceived - 1 total (0 active), Execution time: mean = 0.03ms, total = 0.03ms, Queueing time: mean = 0.01ms, max = 0.01ms, min = 0.01ms, total = 0.01ms

-----------------
Task execution event stats:

Global stats: 50306 total (2 active)
Queueing time: mean = 5.51ms, max = 63253.93ms, min = -0.02ms, total = 277224.76ms
Execution time:  mean = 5.50ms, total = 276738.10ms
Event stats:
	CoreWorker.CheckSignal - 50288 total (1 active), Execution time: mean = 0.00ms, total = 112.23ms, Queueing time: mean = 5.51ms, max = 63253.93ms, min = -0.02ms, total = 277224.51ms
	CoreWorker.HandlePushTaskActor - 16 total (1 active, 1 running), Execution time: mean = 15811.96ms, total = 252991.43ms, Queueing time: mean = 0.01ms, max = 0.04ms, min = 0.01ms, total = 0.24ms
	PeriodicalRunner.RunFnPeriodically - 1 total (0 active), Execution time: mean = 0.02ms, total = 0.02ms, Queueing time: mean = 0.00ms, max = 0.00ms, min = 0.00ms, total = 0.00ms
	CoreWorker.HandlePushTask - 1 total (0 active), Execution time: mean = 23634.42ms, total = 23634.42ms, Queueing time: mean = 0.01ms, max = 0.01ms, min = 0.01ms, total = 0.01ms

-----------------
Task Event stats:

IO Service Stats:

Global stats: 828 total (1 active)
Queueing time: mean = 0.02ms, max = 0.08ms, min = -0.00ms, total = 16.50ms
Execution time:  mean = 0.03ms, total = 26.32ms
Event stats:
	CoreWorker.deadline_timer.flush_task_events - 781 total (1 active), Execution time: mean = 0.02ms, total = 11.98ms, Queueing time: mean = 0.02ms, max = 0.08ms, min = -0.00ms, total = 16.10ms
	ray::rpc::TaskInfoGcsService.grpc_client.AddTaskEventData - 23 total (0 active), Execution time: mean = 0.59ms, total = 13.66ms, Queueing time: mean = 0.00ms, max = -0.00ms, min = 9223372036854.78ms, total = 0.00ms
	ray::rpc::TaskInfoGcsService.grpc_client.AddTaskEventData.OnReplyReceived - 23 total (0 active), Execution time: mean = 0.03ms, total = 0.66ms, Queueing time: mean = 0.02ms, max = 0.04ms, min = 0.01ms, total = 0.39ms
	PeriodicalRunner.RunFnPeriodically - 1 total (0 active), Execution time: mean = 0.02ms, total = 0.02ms, Queueing time: mean = 0.01ms, max = 0.01ms, min = 0.01ms, total = 0.01ms
Other Stats:
	gcs_grpc_in_progress:0
	event_aggregator_grpc_in_progress:0
	current number of task status events in buffer: 2
	current number of profile events in buffer: 1
	current number of dropped task attempts tracked: 0
	total task events sent: 0.00747108 MiB
	total number of task attempts sent: 31
	total number of task attempts dropped reported: 0
	total number of sent failure: 0
	num status task events dropped: 0
	num profile task events dropped: 0
	num ray task events reported to aggregator: 0
	num ray task events failed to report to aggregator: 0
	num of task attempts dropped reported to aggregator: 0
	num of failed requests to aggregator: 0

[2026-09-04 01:11:44,671 I 5436 5436] actor_task_submitter.cc:75: Set actor max pending calls to -1 actor_id=8dae30371bc91c9a2918000601000000
[2026-09-04 01:11:44,672 I 5436 5436] actor_task_submitter.cc:75: Set actor max pending calls to -1 actor_id=c9d941681c020834fe7847db01000000
[2026-09-04 01:12:00,992 I 5436 5647] core_worker_shutdown_executor.cc:141: Executing worker exit: INTENDED_SYSTEM_EXIT - Worker exits because the actor is killed. The actor is dead because all references to the actor were removed including lineage ref count. (timeout: -1ms)
[2026-09-04 01:12:00,992 I 5436 5436] core_worker_shutdown_executor.cc:217: Wait for currently executing tasks in the underlying thread pools to finish.
[2026-09-04 01:12:00,992 I 5436 5436] core_worker_shutdown_executor.cc:255: Not draining reference counter since this is an actor worker.
[2026-09-04 01:12:01,000 I 5436 5436] core_worker_shutdown_executor.cc:303: Try killing all child processes of this worker as it exits. Child process pids: 17048,23805,23807
[2026-09-04 01:12:01,000 I 5436 5436] core_worker_shutdown_executor.cc:312: Kill result for child pid 17048: Success, bool 0
[2026-09-04 01:12:01,000 I 5436 5436] core_worker_shutdown_executor.cc:312: Kill result for child pid 23805: Success, bool 0
[2026-09-04 01:12:01,000 I 5436 5436] core_worker_shutdown_executor.cc:312: Kill result for child pid 23807: Success, bool 0
[2026-09-04 01:12:01,004 I 5436 5436] core_worker_shutdown_executor.cc:368: Sending disconnect message to the local raylet.
[2026-09-04 01:12:01,004 I 5436 5436] raylet_ipc_client.cc:133: RayletIpcClient::Disconnect, exit_type=INTENDED_SYSTEM_EXIT, exit_detail=Worker exits because the actor is killed. The actor is dead because all references to the actor were removed including lineage ref count., has creation_task_exception_pb_bytes=0
[2026-09-04 01:12:01,004 I 5436 5436] core_worker_shutdown_executor.cc:384: Disconnected from the local raylet.
[2026-09-04 01:12:01,004 I 5436 5436] task_event_buffer.cc:548: Shutting down TaskEventBuffer.
[2026-09-04 01:12:01,005 I 5436 5686] task_event_buffer.cc:507: Task event buffer io service stopped.
[2026-09-04 01:12:01,010 I 5436 5436] ray_event_recorder_base.cc:69: Stopping RayEventRecorder and flushing remaining events.
[2026-09-04 01:12:01,010 I 5436 5436] core_worker_shutdown_executor.cc:92: Waiting for joining a core worker io thread. If it hangs here, there might be deadlock or a high load in the core worker io service.
[2026-09-04 01:12:01,010 I 5436 5647] core_worker_process.cc:199: Core worker main io service stopped.
[2026-09-04 01:12:01,010 I 5436 5436] core_worker_shutdown_executor.cc:109: Waiting for joining the object-freed callback thread.
[2026-09-04 01:12:01,010 I 5436 5648] core_worker_process.cc:219: Object-freed callback service stopped.
[2026-09-04 01:12:01,013 I 5436 5436] core_worker_shutdown_executor.cc:118: Disconnecting a GCS client.
[2026-09-04 01:12:01,014 I 5436 5436] core_worker_shutdown_executor.cc:125: Core worker ready to be deallocated.
[2026-09-04 01:12:01,014 I 5436 5436] core_worker_process.cc:1054: Task execution loop terminated. Waiting for shutdown to complete...
[2026-09-04 01:12:01,014 I 5436 5436] core_worker_shutdown_executor.cc:43: Shutdown completed successfully
[2026-09-04 01:12:01,015 I 5436 5436] core_worker_process.cc:1056: Shutdown complete. Removing the global worker.
[2026-09-04 01:12:01,015 I 5436 5436] core_worker_shutdown_executor.cc:43: Shutdown completed successfully
[2026-09-04 01:12:01,015 I 5436 5436] core_worker.cc:584: Core worker is destructed
[2026-09-04 01:12:08,077 I 5436 5436] core_worker_process.cc:950: Destructing CoreWorkerProcessImpl. pid: 5436
[2026-09-04 01:12:08,078 I 5436 5436] stats.h:176: Stats module has shutdown.
