[2026-09-04 01:00:04,534 I 2380 2380] core_worker_process.cc:868: Constructing CoreWorkerProcess. pid: 2380
[2026-09-04 01:00:04,536 I 2380 2380] event.cc:499: Ray Event initialized for CORE_WORKER
[2026-09-04 01:00:04,536 I 2380 2380] event.cc:499: Ray Event initialized for EXPORT_TASK
[2026-09-04 01:00:04,536 I 2380 2380] event.cc:332: Set ray event level to warning
[2026-09-04 01:00:04,537 I 2380 2380] grpc_server.cc:144: worker server started, listening on port 20022.
[2026-09-04 01:00:04,538 I 2380 2380] core_worker_process.cc:299: Initializing worker at address: 10.244.13.18:20022 worker_id=16eb9f2293639e2ecdee98ed62df33583e27614b99fb79a790bee7cf node_id=4296a17b2364b071e4782261814dd77feed7cb4e5a4de14ab32d253a
[2026-09-04 01:00:04,538 I 2380 2380] task_event_buffer.cc:535: Reporting task events to GCS every 1000ms.
[2026-09-04 01:00:04,539 I 2380 2380] core_worker.cc:568: Adjusted worker niceness to 15
[2026-09-04 01:00:04,539 I 2380 2702] core_worker.cc:498: Event stats:


Global stats: 11 total (9 active)
Queueing time: mean = 0.00ms, max = 0.00ms, min = 0.00ms, total = 0.01ms
Execution time:  mean = 0.00ms, total = 0.01ms
Event stats:
	PeriodicalRunner.RunFnPeriodically - 8 total (6 active, 1 running), Execution time: mean = 0.00ms, total = 0.01ms, Queueing time: mean = 0.00ms, max = 0.00ms, min = 0.00ms, total = 0.01ms
	ray::rpc::WorkerInfoGcsService.grpc_client.AddWorkerInfo - 1 total (1 active), Execution time: mean = 0.00ms, total = 0.00ms, Queueing time: mean = 0.00ms, max = -0.00ms, min = 9223372036854.78ms, total = 0.00ms
	CoreWorker.ExitIfParentRayletDies - 1 total (1 active), Execution time: mean = 0.00ms, total = 0.00ms, Queueing time: mean = 0.00ms, max = -0.00ms, min = 9223372036854.78ms, total = 0.00ms
	Publisher.CheckDeadSubscribers - 1 total (1 active), Execution time: mean = 0.00ms, total = 0.00ms, Queueing time: mean = 0.00ms, max = -0.00ms, min = 9223372036854.78ms, total = 0.00ms

-----------------
Task execution event stats:

Global stats: 0 total (0 active)
Queueing time: mean = -nanms, max = -0.00ms, min = 9223372036854.78ms, total = 0.00ms
Execution time:  mean = -nanms, total = 0.00ms
Event stats:

-----------------
Task Event stats:

IO Service Stats:

Global stats: 2 total (1 active)
Queueing time: mean = 0.00ms, max = 0.01ms, min = 0.01ms, total = 0.01ms
Execution time:  mean = 0.01ms, total = 0.02ms
Event stats:
	PeriodicalRunner.RunFnPeriodically - 1 total (0 active), Execution time: mean = 0.02ms, total = 0.02ms, Queueing time: mean = 0.01ms, max = 0.01ms, min = 0.01ms, total = 0.01ms
	CoreWorker.deadline_timer.flush_task_events - 1 total (1 active), Execution time: mean = 0.00ms, total = 0.00ms, Queueing time: mean = 0.00ms, max = -0.00ms, min = 9223372036854.78ms, total = 0.00ms
Other Stats:
	gcs_grpc_in_progress:0
	event_aggregator_grpc_in_progress:0
	current number of task status events in buffer: 0
	current number of profile events in buffer: 0
	current number of dropped task attempts tracked: 0
	total task events sent: 0 MiB
	total number of task attempts sent: 0
	total number of task attempts dropped reported: 0
	total number of sent failure: 0
	num status task events dropped: 0
	num profile task events dropped: 0
	num ray task events reported to aggregator: 0
	num ray task events failed to report to aggregator: 0
	num of task attempts dropped reported to aggregator: 0
	num of failed requests to aggregator: 0

[2026-09-04 01:00:04,540 I 2380 2380] actor_task_submitter.cc:75: Set actor max pending calls to -1 actor_id=0778d82d55aee9a2df14185501000000
[2026-09-04 01:00:04,540 I 2380 2380] core_worker.cc:3112: Creating actor actor_id=0778d82d55aee9a2df14185501000000
[2026-09-04 01:00:24,636 I 2380 2380] task_receiver.cc:117: Actor creation task finished, task_id: ffffffffffffffff0778d82d55aee9a2df14185501000000, actor_id: 0778d82d55aee9a2df14185501000000, actor_repr_name: 
[2026-09-04 01:01:04,539 I 2380 2702] core_worker.cc:498: Event stats:


Global stats: 823 total (9 active)
Queueing time: mean = 0.02ms, max = 0.48ms, min = 0.00ms, total = 12.76ms
Execution time:  mean = 24.42ms, total = 20101.22ms
Event stats:
	CoreWorker.RecoverObjects - 600 total (1 active), Execution time: mean = 0.00ms, total = 1.03ms, Queueing time: mean = 0.02ms, max = 0.09ms, min = 0.00ms, total = 9.02ms
	CoreWorker.ExitIfParentRayletDies - 60 total (1 active), Execution time: mean = 0.00ms, total = 0.29ms, Queueing time: mean = 0.02ms, max = 0.04ms, min = 0.00ms, total = 0.90ms
	CoreWorker.ReportWorkerBacklog - 60 total (1 active), Execution time: mean = 0.00ms, total = 0.16ms, Queueing time: mean = 0.02ms, max = 0.48ms, min = 0.00ms, total = 0.98ms
	CoreWorker.InternalHeartbeat - 60 total (1 active), Execution time: mean = 0.00ms, total = 0.14ms, Queueing time: mean = 0.02ms, max = 0.48ms, min = 0.00ms, total = 1.00ms
	CoreWorker.RecordMetrics - 12 total (1 active), Execution time: mean = 0.08ms, total = 1.02ms, Queueing time: mean = 0.01ms, max = 0.01ms, min = 0.00ms, total = 0.07ms
	PeriodicalRunner.RunFnPeriodically - 8 total (0 active), Execution time: mean = 0.02ms, total = 0.13ms, Queueing time: mean = 0.07ms, max = 0.12ms, min = 0.00ms, total = 0.55ms
	CoreWorker.TryDelPendingObjectRefStreams - 6 total (1 active), Execution time: mean = 0.00ms, total = 0.02ms, Queueing time: mean = 0.01ms, max = 0.03ms, min = 0.01ms, total = 0.08ms
	CoreWorkerService.grpc_server.GetCoreWorkerStats - 4 total (0 active), Execution time: mean = 0.35ms, total = 1.38ms, Queueing time: mean = 0.00ms, max = -0.00ms, min = 9223372036854.78ms, total = 0.00ms
	CoreWorkerService.grpc_server.GetCoreWorkerStats.HandleRequestImpl - 4 total (0 active), Execution time: mean = 0.09ms, total = 0.36ms, Queueing time: mean = 0.03ms, max = 0.05ms, min = 0.01ms, total = 0.12ms
	CoreWorkerService.grpc_server.PushTask - 2 total (1 active), Execution time: mean = 10048.08ms, total = 20096.17ms, Queueing time: mean = 0.00ms, max = -0.00ms, min = 9223372036854.78ms, total = 0.00ms
	CoreWorkerService.grpc_server.PushTask.HandleRequestImpl - 2 total (0 active), Execution time: mean = 0.08ms, total = 0.16ms, Queueing time: mean = 0.02ms, max = 0.02ms, min = 0.01ms, total = 0.03ms
	ray::rpc::WorkerInfoGcsService.grpc_client.AddWorkerInfo.OnReplyReceived - 1 total (0 active), Execution time: mean = 0.02ms, total = 0.02ms, Queueing time: mean = 0.01ms, max = 0.01ms, min = 0.01ms, total = 0.01ms
	Publisher.CheckDeadSubscribers - 1 total (1 active), Execution time: mean = 0.00ms, total = 0.00ms, Queueing time: mean = 0.00ms, max = -0.00ms, min = 9223372036854.78ms, total = 0.00ms
	Publisher.PublishFailure.WORKER_OBJECT_LOCATIONS_CHANNEL - 1 total (0 active), Execution time: mean = 0.01ms, total = 0.01ms, Queueing time: mean = 0.00ms, max = 0.00ms, min = 0.00ms, total = 0.00ms
	CoreWorker.PrintEventStats - 1 total (1 active, 1 running), Execution time: mean = 0.00ms, total = 0.00ms, Queueing time: mean = 0.00ms, max = -0.00ms, min = 9223372036854.78ms, total = 0.00ms
	ray::rpc::WorkerInfoGcsService.grpc_client.AddWorkerInfo - 1 total (0 active), Execution time: mean = 0.34ms, total = 0.34ms, Queueing time: mean = 0.00ms, max = -0.00ms, min = 9223372036854.78ms, total = 0.00ms

-----------------
Task execution event stats:

Global stats: 5 total (2 active)
Queueing time: mean = 4017.29ms, max = 20086.47ms, min = 0.00ms, total = 20086.47ms
Execution time:  mean = 4019.20ms, total = 20095.98ms
Event stats:
	CoreWorker.CheckSignal - 2 total (1 active), Execution time: mean = 0.00ms, total = 0.01ms, Queueing time: mean = 10043.23ms, max = 20086.47ms, min = 20086.47ms, total = 20086.47ms
	PeriodicalRunner.RunFnPeriodically - 1 total (0 active), Execution time: mean = 0.01ms, total = 0.01ms, Queueing time: mean = 0.00ms, max = 0.00ms, min = 0.00ms, total = 0.00ms
	CoreWorker.HandlePushTask - 1 total (0 active), Execution time: mean = 20095.97ms, total = 20095.97ms, Queueing time: mean = 0.00ms, max = 0.00ms, min = 0.00ms, total = 0.00ms
	CoreWorker.HandlePushTaskActor - 1 total (1 active, 1 running), Execution time: mean = 0.00ms, total = 0.00ms, Queueing time: mean = 0.00ms, max = -0.00ms, min = 9223372036854.78ms, total = 0.00ms

-----------------
Task Event stats:

IO Service Stats:

Global stats: 65 total (1 active)
Queueing time: mean = 0.03ms, max = 0.05ms, min = 0.01ms, total = 1.68ms
Execution time:  mean = 0.04ms, total = 2.67ms
Event stats:
	CoreWorker.deadline_timer.flush_task_events - 60 total (1 active), Execution time: mean = 0.02ms, total = 1.29ms, Queueing time: mean = 0.03ms, max = 0.05ms, min = 0.01ms, total = 1.63ms
	ray::rpc::TaskInfoGcsService.grpc_client.AddTaskEventData.OnReplyReceived - 2 total (0 active), Execution time: mean = 0.04ms, total = 0.07ms, Queueing time: mean = 0.02ms, max = 0.02ms, min = 0.01ms, total = 0.03ms
	ray::rpc::TaskInfoGcsService.grpc_client.AddTaskEventData - 2 total (0 active), Execution time: mean = 0.64ms, total = 1.28ms, Queueing time: mean = 0.00ms, max = -0.00ms, min = 9223372036854.78ms, total = 0.00ms
	PeriodicalRunner.RunFnPeriodically - 1 total (0 active), Execution time: mean = 0.02ms, total = 0.02ms, Queueing time: mean = 0.01ms, max = 0.01ms, min = 0.01ms, total = 0.01ms
Other Stats:
	gcs_grpc_in_progress:0
	event_aggregator_grpc_in_progress:0
	current number of task status events in buffer: 0
	current number of profile events in buffer: 0
	current number of dropped task attempts tracked: 0
	total task events sent: 0.000576973 MiB
	total number of task attempts sent: 3
	total number of task attempts dropped reported: 0
	total number of sent failure: 0
	num status task events dropped: 0
	num profile task events dropped: 0
	num ray task events reported to aggregator: 0
	num ray task events failed to report to aggregator: 0
	num of task attempts dropped reported to aggregator: 0
	num of failed requests to aggregator: 0

[2026-09-04 01:02:04,539 I 2380 2702] core_worker.cc:498: Event stats:


Global stats: 1630 total (8 active)
Queueing time: mean = 0.02ms, max = 0.48ms, min = 0.00ms, total = 30.33ms
Execution time:  mean = 37.63ms, total = 61343.13ms
Event stats:
	CoreWorker.RecoverObjects - 1200 total (1 active), Execution time: mean = 0.00ms, total = 2.32ms, Queueing time: mean = 0.02ms, max = 0.22ms, min = 0.00ms, total = 22.08ms
	CoreWorker.ExitIfParentRayletDies - 120 total (1 active), Execution time: mean = 0.00ms, total = 0.55ms, Queueing time: mean = 0.02ms, max = 0.05ms, min = 0.00ms, total = 2.15ms
	CoreWorker.ReportWorkerBacklog - 120 total (1 active), Execution time: mean = 0.00ms, total = 0.30ms, Queueing time: mean = 0.02ms, max = 0.48ms, min = 0.00ms, total = 2.28ms
	CoreWorker.InternalHeartbeat - 120 total (1 active), Execution time: mean = 0.00ms, total = 0.26ms, Queueing time: mean = 0.02ms, max = 0.48ms, min = 0.00ms, total = 2.32ms
	CoreWorker.RecordMetrics - 24 total (1 active), Execution time: mean = 0.06ms, total = 1.44ms, Queueing time: mean = 0.01ms, max = 0.04ms, min = 0.00ms, total = 0.28ms
	CoreWorker.TryDelPendingObjectRefStreams - 12 total (1 active), Execution time: mean = 0.00ms, total = 0.03ms, Queueing time: mean = 0.03ms, max = 0.16ms, min = 0.01ms, total = 0.31ms
	CoreWorkerService.grpc_server.GetCoreWorkerStats - 8 total (0 active), Execution time: mean = 0.33ms, total = 2.67ms, Queueing time: mean = 0.00ms, max = -0.00ms, min = 9223372036854.78ms, total = 0.00ms
	CoreWorkerService.grpc_server.GetCoreWorkerStats.HandleRequestImpl - 8 total (0 active), Execution time: mean = 0.07ms, total = 0.59ms, Queueing time: mean = 0.04ms, max = 0.09ms, min = 0.01ms, total = 0.31ms
	PeriodicalRunner.RunFnPeriodically - 8 total (0 active), Execution time: mean = 0.02ms, total = 0.13ms, Queueing time: mean = 0.07ms, max = 0.12ms, min = 0.00ms, total = 0.55ms
	CoreWorkerService.grpc_server.PushTask - 2 total (0 active), Execution time: mean = 30667.03ms, total = 61334.06ms, Queueing time: mean = 0.00ms, max = -0.00ms, min = 9223372036854.78ms, total = 0.00ms
	CoreWorker.PrintEventStats - 2 total (1 active, 1 running), Execution time: mean = 0.13ms, total = 0.25ms, Queueing time: mean = 0.01ms, max = 0.02ms, min = 0.02ms, total = 0.02ms
	CoreWorkerService.grpc_server.PushTask.HandleRequestImpl - 2 total (0 active), Execution time: mean = 0.08ms, total = 0.16ms, Queueing time: mean = 0.02ms, max = 0.02ms, min = 0.01ms, total = 0.03ms
	ray::rpc::WorkerInfoGcsService.grpc_client.AddWorkerInfo.OnReplyReceived - 1 total (0 active), Execution time: mean = 0.02ms, total = 0.02ms, Queueing time: mean = 0.01ms, max = 0.01ms, min = 0.01ms, total = 0.01ms
	Publisher.CheckDeadSubscribers - 1 total (1 active), Execution time: mean = 0.00ms, total = 0.00ms, Queueing time: mean = 0.00ms, max = -0.00ms, min = 9223372036854.78ms, total = 0.00ms
	Publisher.PublishFailure.WORKER_OBJECT_LOCATIONS_CHANNEL - 1 total (0 active), Execution time: mean = 0.01ms, total = 0.01ms, Queueing time: mean = 0.00ms, max = 0.00ms, min = 0.00ms, total = 0.00ms
	ray::rpc::WorkerInfoGcsService.grpc_client.AddWorkerInfo - 1 total (0 active), Execution time: mean = 0.34ms, total = 0.34ms, Queueing time: mean = 0.00ms, max = -0.00ms, min = 9223372036854.78ms, total = 0.00ms

-----------------
Task execution event stats:

Global stats: 5859 total (1 active)
Queueing time: mean = 10.49ms, max = 41229.79ms, min = -0.02ms, total = 61432.60ms
Execution time:  mean = 10.47ms, total = 61348.62ms
Event stats:
	CoreWorker.CheckSignal - 5856 total (1 active), Execution time: mean = 0.00ms, total = 15.12ms, Queueing time: mean = 10.49ms, max = 41229.79ms, min = -0.02ms, total = 61432.59ms
	PeriodicalRunner.RunFnPeriodically - 1 total (0 active), Execution time: mean = 0.01ms, total = 0.01ms, Queueing time: mean = 0.00ms, max = 0.00ms, min = 0.00ms, total = 0.00ms
	CoreWorker.HandlePushTask - 1 total (0 active), Execution time: mean = 20095.97ms, total = 20095.97ms, Queueing time: mean = 0.00ms, max = 0.00ms, min = 0.00ms, total = 0.00ms
	CoreWorker.HandlePushTaskActor - 1 total (0 active), Execution time: mean = 41237.53ms, total = 41237.53ms, Queueing time: mean = 0.01ms, max = 0.01ms, min = 0.01ms, total = 0.01ms

-----------------
Task Event stats:

IO Service Stats:

Global stats: 127 total (1 active)
Queueing time: mean = 0.03ms, max = 0.05ms, min = 0.01ms, total = 3.29ms
Execution time:  mean = 0.03ms, total = 4.39ms
Event stats:
	CoreWorker.deadline_timer.flush_task_events - 120 total (1 active), Execution time: mean = 0.02ms, total = 2.27ms, Queueing time: mean = 0.03ms, max = 0.05ms, min = 0.01ms, total = 3.23ms
	ray::rpc::TaskInfoGcsService.grpc_client.AddTaskEventData.OnReplyReceived - 3 total (0 active), Execution time: mean = 0.04ms, total = 0.12ms, Queueing time: mean = 0.02ms, max = 0.02ms, min = 0.01ms, total = 0.05ms
	ray::rpc::TaskInfoGcsService.grpc_client.AddTaskEventData - 3 total (0 active), Execution time: mean = 0.66ms, total = 1.98ms, Queueing time: mean = 0.00ms, max = -0.00ms, min = 9223372036854.78ms, total = 0.00ms
	PeriodicalRunner.RunFnPeriodically - 1 total (0 active), Execution time: mean = 0.02ms, total = 0.02ms, Queueing time: mean = 0.01ms, max = 0.01ms, min = 0.01ms, total = 0.01ms
Other Stats:
	gcs_grpc_in_progress:0
	event_aggregator_grpc_in_progress:0
	current number of task status events in buffer: 0
	current number of profile events in buffer: 0
	current number of dropped task attempts tracked: 0
	total task events sent: 0.000876427 MiB
	total number of task attempts sent: 4
	total number of task attempts dropped reported: 0
	total number of sent failure: 0
	num status task events dropped: 0
	num profile task events dropped: 0
	num ray task events reported to aggregator: 0
	num ray task events failed to report to aggregator: 0
	num of task attempts dropped reported to aggregator: 0
	num of failed requests to aggregator: 0

[2026-09-04 01:03:04,539 I 2380 2702] core_worker.cc:498: Event stats:


Global stats: 2439 total (9 active)
Queueing time: mean = 0.02ms, max = 0.48ms, min = 0.00ms, total = 47.31ms
Execution time:  mean = 25.15ms, total = 61347.99ms
Event stats:
	CoreWorker.RecoverObjects - 1800 total (1 active), Execution time: mean = 0.00ms, total = 3.82ms, Queueing time: mean = 0.02ms, max = 0.22ms, min = 0.00ms, total = 34.96ms
	CoreWorker.ExitIfParentRayletDies - 180 total (1 active), Execution time: mean = 0.00ms, total = 0.84ms, Queueing time: mean = 0.02ms, max = 0.06ms, min = 0.00ms, total = 3.23ms
	CoreWorker.ReportWorkerBacklog - 180 total (1 active), Execution time: mean = 0.00ms, total = 0.46ms, Queueing time: mean = 0.02ms, max = 0.48ms, min = 0.00ms, total = 3.48ms
	CoreWorker.InternalHeartbeat - 180 total (1 active), Execution time: mean = 0.00ms, total = 0.41ms, Queueing time: mean = 0.02ms, max = 0.48ms, min = 0.00ms, total = 3.52ms
	CoreWorker.RecordMetrics - 36 total (1 active), Execution time: mean = 0.05ms, total = 1.90ms, Queueing time: mean = 0.01ms, max = 0.04ms, min = 0.00ms, total = 0.53ms
	CoreWorker.TryDelPendingObjectRefStreams - 18 total (1 active), Execution time: mean = 0.00ms, total = 0.04ms, Queueing time: mean = 0.03ms, max = 0.16ms, min = 0.01ms, total = 0.52ms
	CoreWorkerService.grpc_server.GetCoreWorkerStats - 12 total (0 active), Execution time: mean = 0.36ms, total = 4.37ms, Queueing time: mean = 0.00ms, max = -0.00ms, min = 9223372036854.78ms, total = 0.00ms
	CoreWorkerService.grpc_server.GetCoreWorkerStats.HandleRequestImpl - 12 total (0 active), Execution time: mean = 0.07ms, total = 0.89ms, Queueing time: mean = 0.03ms, max = 0.09ms, min = 0.01ms, total = 0.42ms
	PeriodicalRunner.RunFnPeriodically - 8 total (0 active), Execution time: mean = 0.02ms, total = 0.13ms, Queueing time: mean = 0.07ms, max = 0.12ms, min = 0.00ms, total = 0.55ms
	CoreWorkerService.grpc_server.PushTask - 3 total (1 active), Execution time: mean = 20444.69ms, total = 61334.06ms, Queueing time: mean = 0.00ms, max = -0.00ms, min = 9223372036854.78ms, total = 0.00ms
	CoreWorker.PrintEventStats - 3 total (1 active, 1 running), Execution time: mean = 0.15ms, total = 0.44ms, Queueing time: mean = 0.01ms, max = 0.02ms, min = 0.01ms, total = 0.03ms
	CoreWorkerService.grpc_server.PushTask.HandleRequestImpl - 3 total (0 active), Execution time: mean = 0.09ms, total = 0.27ms, Queueing time: mean = 0.02ms, max = 0.04ms, min = 0.01ms, total = 0.07ms
	ray::rpc::WorkerInfoGcsService.grpc_client.AddWorkerInfo.OnReplyReceived - 1 total (0 active), Execution time: mean = 0.02ms, total = 0.02ms, Queueing time: mean = 0.01ms, max = 0.01ms, min = 0.01ms, total = 0.01ms
	Publisher.CheckDeadSubscribers - 1 total (1 active), Execution time: mean = 0.00ms, total = 0.00ms, Queueing time: mean = 0.00ms, max = -0.00ms, min = 9223372036854.78ms, total = 0.00ms
	Publisher.PublishFailure.WORKER_OBJECT_LOCATIONS_CHANNEL - 1 total (0 active), Execution time: mean = 0.01ms, total = 0.01ms, Queueing time: mean = 0.00ms, max = 0.00ms, min = 0.00ms, total = 0.00ms
	ray::rpc::WorkerInfoGcsService.grpc_client.AddWorkerInfo - 1 total (0 active), Execution time: mean = 0.34ms, total = 0.34ms, Queueing time: mean = 0.00ms, max = -0.00ms, min = 9223372036854.78ms, total = 0.00ms

-----------------
Task execution event stats:

Global stats: 10264 total (2 active)
Queueing time: mean = 5.99ms, max = 41229.79ms, min = -0.02ms, total = 61531.09ms
Execution time:  mean = 5.98ms, total = 61361.36ms
Event stats:
	CoreWorker.CheckSignal - 10260 total (1 active), Execution time: mean = 0.00ms, total = 27.87ms, Queueing time: mean = 6.00ms, max = 41229.79ms, min = -0.02ms, total = 61531.07ms
	CoreWorker.HandlePushTaskActor - 2 total (1 active, 1 running), Execution time: mean = 20618.76ms, total = 41237.53ms, Queueing time: mean = 0.01ms, max = 0.01ms, min = 0.01ms, total = 0.01ms
	PeriodicalRunner.RunFnPeriodically - 1 total (0 active), Execution time: mean = 0.01ms, total = 0.01ms, Queueing time: mean = 0.00ms, max = 0.00ms, min = 0.00ms, total = 0.00ms
	CoreWorker.HandlePushTask - 1 total (0 active), Execution time: mean = 20095.97ms, total = 20095.97ms, Queueing time: mean = 0.00ms, max = 0.00ms, min = 0.00ms, total = 0.00ms

-----------------
Task Event stats:

IO Service Stats:

Global stats: 189 total (1 active)
Queueing time: mean = 0.03ms, max = 0.06ms, min = 0.01ms, total = 5.03ms
Execution time:  mean = 0.03ms, total = 5.93ms
Event stats:
	CoreWorker.deadline_timer.flush_task_events - 180 total (1 active), Execution time: mean = 0.02ms, total = 3.13ms, Queueing time: mean = 0.03ms, max = 0.06ms, min = 0.01ms, total = 4.95ms
	ray::rpc::TaskInfoGcsService.grpc_client.AddTaskEventData.OnReplyReceived - 4 total (0 active), Execution time: mean = 0.04ms, total = 0.15ms, Queueing time: mean = 0.02ms, max = 0.02ms, min = 0.01ms, total = 0.07ms
	ray::rpc::TaskInfoGcsService.grpc_client.AddTaskEventData - 4 total (0 active), Execution time: mean = 0.66ms, total = 2.63ms, Queueing time: mean = 0.00ms, max = -0.00ms, min = 9223372036854.78ms, total = 0.00ms
	PeriodicalRunner.RunFnPeriodically - 1 total (0 active), Execution time: mean = 0.02ms, total = 0.02ms, Queueing time: mean = 0.01ms, max = 0.01ms, min = 0.01ms, total = 0.01ms
Other Stats:
	gcs_grpc_in_progress:0
	event_aggregator_grpc_in_progress:0
	current number of task status events in buffer: 0
	current number of profile events in buffer: 0
	current number of dropped task attempts tracked: 0
	total task events sent: 0.00104427 MiB
	total number of task attempts sent: 5
	total number of task attempts dropped reported: 0
	total number of sent failure: 0
	num status task events dropped: 0
	num profile task events dropped: 0
	num ray task events reported to aggregator: 0
	num ray task events failed to report to aggregator: 0
	num of task attempts dropped reported to aggregator: 0
	num of failed requests to aggregator: 0

[2026-09-04 01:04:04,540 I 2380 2702] core_worker.cc:498: Event stats:


Global stats: 3246 total (9 active)
Queueing time: mean = 0.02ms, max = 0.48ms, min = 0.00ms, total = 61.34ms
Execution time:  mean = 18.90ms, total = 61352.43ms
Event stats:
	CoreWorker.RecoverObjects - 2400 total (1 active), Execution time: mean = 0.00ms, total = 5.60ms, Queueing time: mean = 0.02ms, max = 0.22ms, min = 0.00ms, total = 45.29ms
	CoreWorker.ExitIfParentRayletDies - 240 total (1 active), Execution time: mean = 0.00ms, total = 1.16ms, Queueing time: mean = 0.02ms, max = 0.06ms, min = 0.00ms, total = 4.21ms
	CoreWorker.ReportWorkerBacklog - 240 total (1 active), Execution time: mean = 0.00ms, total = 0.65ms, Queueing time: mean = 0.02ms, max = 0.48ms, min = 0.00ms, total = 4.59ms
	CoreWorker.InternalHeartbeat - 240 total (1 active), Execution time: mean = 0.00ms, total = 0.58ms, Queueing time: mean = 0.02ms, max = 0.48ms, min = 0.00ms, total = 4.64ms
	CoreWorker.RecordMetrics - 48 total (1 active), Execution time: mean = 0.05ms, total = 2.49ms, Queueing time: mean = 0.01ms, max = 0.04ms, min = 0.00ms, total = 0.70ms
	CoreWorker.TryDelPendingObjectRefStreams - 24 total (1 active), Execution time: mean = 0.00ms, total = 0.06ms, Queueing time: mean = 0.03ms, max = 0.16ms, min = 0.01ms, total = 0.70ms
	CoreWorkerService.grpc_server.GetCoreWorkerStats - 16 total (0 active), Execution time: mean = 0.33ms, total = 5.32ms, Queueing time: mean = 0.00ms, max = -0.00ms, min = 9223372036854.78ms, total = 0.00ms
	CoreWorkerService.grpc_server.GetCoreWorkerStats.HandleRequestImpl - 16 total (0 active), Execution time: mean = 0.07ms, total = 1.10ms, Queueing time: mean = 0.03ms, max = 0.09ms, min = 0.01ms, total = 0.54ms
	PeriodicalRunner.RunFnPeriodically - 8 total (0 active), Execution time: mean = 0.02ms, total = 0.13ms, Queueing time: mean = 0.07ms, max = 0.12ms, min = 0.00ms, total = 0.55ms
	CoreWorker.PrintEventStats - 4 total (1 active, 1 running), Execution time: mean = 0.16ms, total = 0.64ms, Queueing time: mean = 0.01ms, max = 0.02ms, min = 0.01ms, total = 0.04ms
	CoreWorkerService.grpc_server.PushTask - 3 total (1 active), Execution time: mean = 20444.69ms, total = 61334.06ms, Queueing time: mean = 0.00ms, max = -0.00ms, min = 9223372036854.78ms, total = 0.00ms
	CoreWorkerService.grpc_server.PushTask.HandleRequestImpl - 3 total (0 active), Execution time: mean = 0.09ms, total = 0.27ms, Queueing time: mean = 0.02ms, max = 0.04ms, min = 0.01ms, total = 0.07ms
	ray::rpc::WorkerInfoGcsService.grpc_client.AddWorkerInfo.OnReplyReceived - 1 total (0 active), Execution time: mean = 0.02ms, total = 0.02ms, Queueing time: mean = 0.01ms, max = 0.01ms, min = 0.01ms, total = 0.01ms
	Publisher.CheckDeadSubscribers - 1 total (1 active), Execution time: mean = 0.00ms, total = 0.00ms, Queueing time: mean = 0.00ms, max = -0.00ms, min = 9223372036854.78ms, total = 0.00ms
	Publisher.PublishFailure.WORKER_OBJECT_LOCATIONS_CHANNEL - 1 total (0 active), Execution time: mean = 0.01ms, total = 0.01ms, Queueing time: mean = 0.00ms, max = 0.00ms, min = 0.00ms, total = 0.00ms
	ray::rpc::WorkerInfoGcsService.grpc_client.AddWorkerInfo - 1 total (0 active), Execution time: mean = 0.34ms, total = 0.34ms, Queueing time: mean = 0.00ms, max = -0.00ms, min = 9223372036854.78ms, total = 0.00ms

-----------------
Task execution event stats:

Global stats: 10264 total (2 active)
Queueing time: mean = 5.99ms, max = 41229.79ms, min = -0.02ms, total = 61531.09ms
Execution time:  mean = 5.98ms, total = 61361.36ms
Event stats:
	CoreWorker.CheckSignal - 10260 total (1 active), Execution time: mean = 0.00ms, total = 27.87ms, Queueing time: mean = 6.00ms, max = 41229.79ms, min = -0.02ms, total = 61531.07ms
	CoreWorker.HandlePushTaskActor - 2 total (1 active, 1 running), Execution time: mean = 20618.76ms, total = 41237.53ms, Queueing time: mean = 0.01ms, max = 0.01ms, min = 0.01ms, total = 0.01ms
	PeriodicalRunner.RunFnPeriodically - 1 total (0 active), Execution time: mean = 0.01ms, total = 0.01ms, Queueing time: mean = 0.00ms, max = 0.00ms, min = 0.00ms, total = 0.00ms
	CoreWorker.HandlePushTask - 1 total (0 active), Execution time: mean = 20095.97ms, total = 20095.97ms, Queueing time: mean = 0.00ms, max = 0.00ms, min = 0.00ms, total = 0.00ms

-----------------
Task Event stats:

IO Service Stats:

Global stats: 249 total (1 active)
Queueing time: mean = 0.03ms, max = 0.06ms, min = 0.01ms, total = 6.64ms
Execution time:  mean = 0.03ms, total = 6.80ms
Event stats:
	CoreWorker.deadline_timer.flush_task_events - 240 total (1 active), Execution time: mean = 0.02ms, total = 4.00ms, Queueing time: mean = 0.03ms, max = 0.06ms, min = 0.01ms, total = 6.56ms
	ray::rpc::TaskInfoGcsService.grpc_client.AddTaskEventData.OnReplyReceived - 4 total (0 active), Execution time: mean = 0.04ms, total = 0.15ms, Queueing time: mean = 0.02ms, max = 0.02ms, min = 0.01ms, total = 0.07ms
	ray::rpc::TaskInfoGcsService.grpc_client.AddTaskEventData - 4 total (0 active), Execution time: mean = 0.66ms, total = 2.63ms, Queueing time: mean = 0.00ms, max = -0.00ms, min = 9223372036854.78ms, total = 0.00ms
	PeriodicalRunner.RunFnPeriodically - 1 total (0 active), Execution time: mean = 0.02ms, total = 0.02ms, Queueing time: mean = 0.01ms, max = 0.01ms, min = 0.01ms, total = 0.01ms
Other Stats:
	gcs_grpc_in_progress:0
	event_aggregator_grpc_in_progress:0
	current number of task status events in buffer: 0
	current number of profile events in buffer: 0
	current number of dropped task attempts tracked: 0
	total task events sent: 0.00104427 MiB
	total number of task attempts sent: 5
	total number of task attempts dropped reported: 0
	total number of sent failure: 0
	num status task events dropped: 0
	num profile task events dropped: 0
	num ray task events reported to aggregator: 0
	num ray task events failed to report to aggregator: 0
	num of task attempts dropped reported to aggregator: 0
	num of failed requests to aggregator: 0

[2026-09-04 01:05:02,331 I 2380 2702] accessor.cc:453: Received address and liveness notification for node, IsAlive = 1 node_id=11215b0011fac4845f8eecab7d85f57fc12c4efc1ad3dce06ebdc204
[2026-09-04 01:05:02,331 I 2380 2702] normal_task_submitter.cc:855: Number of alive nodes:1
[2026-09-04 01:05:02,331 I 2380 2702] accessor.cc:453: Received address and liveness notification for node, IsAlive = 1 node_id=82dfc8c23c51709b77aaa7de2deacf9d421699bfcaad6b6cc4f66c59
[2026-09-04 01:05:02,331 I 2380 2702] accessor.cc:453: Received address and liveness notification for node, IsAlive = 1 node_id=4296a17b2364b071e4782261814dd77feed7cb4e5a4de14ab32d253a
[2026-09-04 01:05:02,331 I 2380 2702] accessor.cc:453: Received address and liveness notification for node, IsAlive = 1 node_id=90dc8450878fe5de358e116e0b8657e06554d0d69bbf5603e4880a55
[2026-09-04 01:05:04,540 I 2380 2702] core_worker.cc:498: Event stats:


Global stats: 4085 total (11 active)
Queueing time: mean = 0.02ms, max = 0.48ms, min = 0.00ms, total = 75.85ms
Execution time:  mean = 47.74ms, total = 195015.97ms
Event stats:
	CoreWorker.RecoverObjects - 3000 total (1 active), Execution time: mean = 0.00ms, total = 7.70ms, Queueing time: mean = 0.02ms, max = 0.22ms, min = 0.00ms, total = 55.61ms
	CoreWorker.ExitIfParentRayletDies - 300 total (1 active), Execution time: mean = 0.01ms, total = 1.56ms, Queueing time: mean = 0.02ms, max = 0.06ms, min = 0.00ms, total = 5.20ms
	CoreWorker.ReportWorkerBacklog - 300 total (1 active), Execution time: mean = 0.00ms, total = 0.83ms, Queueing time: mean = 0.02ms, max = 0.48ms, min = 0.00ms, total = 5.76ms
	CoreWorker.InternalHeartbeat - 300 total (1 active), Execution time: mean = 0.00ms, total = 0.73ms, Queueing time: mean = 0.02ms, max = 0.48ms, min = 0.00ms, total = 5.83ms
	CoreWorker.RecordMetrics - 60 total (1 active), Execution time: mean = 0.05ms, total = 3.04ms, Queueing time: mean = 0.01ms, max = 0.04ms, min = 0.00ms, total = 0.86ms
	CoreWorker.TryDelPendingObjectRefStreams - 30 total (1 active), Execution time: mean = 0.00ms, total = 0.08ms, Queueing time: mean = 0.03ms, max = 0.16ms, min = 0.01ms, total = 0.89ms
	CoreWorkerService.grpc_server.GetCoreWorkerStats - 20 total (0 active), Execution time: mean = 0.32ms, total = 6.31ms, Queueing time: mean = 0.00ms, max = -0.00ms, min = 9223372036854.78ms, total = 0.00ms
	CoreWorkerService.grpc_server.GetCoreWorkerStats.HandleRequestImpl - 20 total (0 active), Execution time: mean = 0.06ms, total = 1.29ms, Queueing time: mean = 0.03ms, max = 0.09ms, min = 0.01ms, total = 0.61ms
	Publisher.PublishFailure.WORKER_OBJECT_LOCATIONS_CHANNEL - 17 total (0 active), Execution time: mean = 0.00ms, total = 0.03ms, Queueing time: mean = 0.02ms, max = 0.03ms, min = 0.00ms, total = 0.32ms
	PeriodicalRunner.RunFnPeriodically - 8 total (0 active), Execution time: mean = 0.02ms, total = 0.13ms, Queueing time: mean = 0.07ms, max = 0.12ms, min = 0.00ms, total = 0.55ms
	CoreWorker.PrintEventStats - 5 total (1 active, 1 running), Execution time: mean = 0.17ms, total = 0.83ms, Queueing time: mean = 0.01ms, max = 0.02ms, min = 0.01ms, total = 0.05ms
	CoreWorkerService.grpc_server.PushTask.HandleRequestImpl - 4 total (0 active), Execution time: mean = 0.08ms, total = 0.32ms, Queueing time: mean = 0.02ms, max = 0.04ms, min = 0.01ms, total = 0.07ms
	CoreWorkerService.grpc_server.PushTask - 4 total (1 active), Execution time: mean = 48746.77ms, total = 194987.06ms, Queueing time: mean = 0.00ms, max = -0.00ms, min = 9223372036854.78ms, total = 0.00ms
	Publisher.CheckDeadSubscribers - 2 total (1 active), Execution time: mean = 0.00ms, total = 0.00ms, Queueing time: mean = 0.01ms, max = 0.01ms, min = 0.01ms, total = 0.01ms
	CoreWorkerService.grpc_client.PubsubLongPolling - 1 total (1 active), Execution time: mean = 0.00ms, total = 0.00ms, Queueing time: mean = 0.00ms, max = -0.00ms, min = 9223372036854.78ms, total = 0.00ms
	CoreWorkerService.grpc_client.PubsubCommandBatch - 1 total (0 active), Execution time: mean = 1.94ms, total = 1.94ms, Queueing time: mean = 0.00ms, max = -0.00ms, min = 9223372036854.78ms, total = 0.00ms
	ray::rpc::ControlPlanePubSubGcsService.grpc_client.GcsSubscriberCommandBatch - 1 total (0 active), Execution time: mean = 1.39ms, total = 1.39ms, Queueing time: mean = 0.00ms, max = -0.00ms, min = 9223372036854.78ms, total = 0.00ms
	NodeManagerService.grpc_client.PinObjectIDs - 1 total (0 active), Execution time: mean = 1.34ms, total = 1.34ms, Queueing time: mean = 0.00ms, max = -0.00ms, min = 9223372036854.78ms, total = 0.00ms
	Publisher.Publish.WORKER_OBJECT_LOCATIONS_CHANNEL - 1 total (0 active), Execution time: mean = 0.01ms, total = 0.01ms, Queueing time: mean = 0.03ms, max = 0.03ms, min = 0.03ms, total = 0.03ms
	ray::rpc::WorkerInfoGcsService.grpc_client.AddWorkerInfo - 1 total (0 active), Execution time: mean = 0.34ms, total = 0.34ms, Queueing time: mean = 0.00ms, max = -0.00ms, min = 9223372036854.78ms, total = 0.00ms
	CoreWorkerService.grpc_server.UpdateObjectLocationBatch.HandleRequestImpl - 1 total (0 active), Execution time: mean = 0.03ms, total = 0.03ms, Queueing time: mean = 0.01ms, max = 0.01ms, min = 0.01ms, total = 0.01ms
	CoreWorkerService.grpc_server.UpdateObjectLocationBatch - 1 total (0 active), Execution time: mean = 0.17ms, total = 0.17ms, Queueing time: mean = 0.00ms, max = -0.00ms, min = 9223372036854.78ms, total = 0.00ms
	CoreWorkerService.grpc_client.PubsubCommandBatch.OnReplyReceived - 1 total (0 active), Execution time: mean = 0.04ms, total = 0.04ms, Queueing time: mean = 0.01ms, max = 0.01ms, min = 0.01ms, total = 0.01ms
	ray::rpc::NodeInfoGcsService.grpc_client.GetAllNodeAddressAndLiveness - 1 total (0 active), Execution time: mean = 0.41ms, total = 0.41ms, Queueing time: mean = 0.00ms, max = -0.00ms, min = 9223372036854.78ms, total = 0.00ms
	ray::rpc::ControlPlanePubSubGcsService.grpc_client.GcsSubscriberCommandBatch.OnReplyReceived - 1 total (0 active), Execution time: mean = 0.14ms, total = 0.14ms, Queueing time: mean = 0.01ms, max = 0.01ms, min = 0.01ms, total = 0.01ms
	ray::rpc::ControlPlanePubSubGcsService.grpc_client.GcsSubscriberPoll - 1 total (1 active), Execution time: mean = 0.00ms, total = 0.00ms, Queueing time: mean = 0.00ms, max = -0.00ms, min = 9223372036854.78ms, total = 0.00ms
	ray::rpc::WorkerInfoGcsService.grpc_client.AddWorkerInfo.OnReplyReceived - 1 total (0 active), Execution time: mean = 0.02ms, total = 0.02ms, Queueing time: mean = 0.01ms, max = 0.01ms, min = 0.01ms, total = 0.01ms
	ray::rpc::NodeInfoGcsService.grpc_client.GetAllNodeAddressAndLiveness.OnReplyReceived - 1 total (0 active), Execution time: mean = 0.16ms, total = 0.16ms, Queueing time: mean = 0.01ms, max = 0.01ms, min = 0.01ms, total = 0.01ms
	NodeManagerService.grpc_client.PinObjectIDs.OnReplyReceived - 1 total (0 active), Execution time: mean = 0.05ms, total = 0.05ms, Queueing time: mean = 0.01ms, max = 0.01ms, min = 0.01ms, total = 0.01ms

-----------------
Task execution event stats:

Global stats: 10266 total (2 active)
Queueing time: mean = 19.01ms, max = 133643.77ms, min = -0.02ms, total = 195174.90ms
Execution time:  mean = 19.00ms, total = 195014.11ms
Event stats:
	CoreWorker.CheckSignal - 10261 total (1 active), Execution time: mean = 0.00ms, total = 27.87ms, Queueing time: mean = 19.02ms, max = 133643.77ms, min = -0.02ms, total = 195174.84ms
	CoreWorker.HandlePushTaskActor - 3 total (1 active, 1 running), Execution time: mean = 58296.75ms, total = 174890.26ms, Queueing time: mean = 0.02ms, max = 0.04ms, min = 0.01ms, total = 0.05ms
	PeriodicalRunner.RunFnPeriodically - 1 total (0 active), Execution time: mean = 0.01ms, total = 0.01ms, Queueing time: mean = 0.00ms, max = 0.00ms, min = 0.00ms, total = 0.00ms
	CoreWorker.HandlePushTask - 1 total (0 active), Execution time: mean = 20095.97ms, total = 20095.97ms, Queueing time: mean = 0.00ms, max = 0.00ms, min = 0.00ms, total = 0.00ms

-----------------
Task Event stats:

IO Service Stats:

Global stats: 311 total (1 active)
Queueing time: mean = 0.03ms, max = 0.06ms, min = 0.01ms, total = 8.20ms
Execution time:  mean = 0.03ms, total = 8.40ms
Event stats:
	CoreWorker.deadline_timer.flush_task_events - 300 total (1 active), Execution time: mean = 0.02ms, total = 5.00ms, Queueing time: mean = 0.03ms, max = 0.06ms, min = 0.01ms, total = 8.11ms
	ray::rpc::TaskInfoGcsService.grpc_client.AddTaskEventData.OnReplyReceived - 5 total (0 active), Execution time: mean = 0.04ms, total = 0.18ms, Queueing time: mean = 0.02ms, max = 0.02ms, min = 0.01ms, total = 0.08ms
	ray::rpc::TaskInfoGcsService.grpc_client.AddTaskEventData - 5 total (0 active), Execution time: mean = 0.64ms, total = 3.20ms, Queueing time: mean = 0.00ms, max = -0.00ms, min = 9223372036854.78ms, total = 0.00ms
	PeriodicalRunner.RunFnPeriodically - 1 total (0 active), Execution time: mean = 0.02ms, total = 0.02ms, Queueing time: mean = 0.01ms, max = 0.01ms, min = 0.01ms, total = 0.01ms
Other Stats:
	gcs_grpc_in_progress:0
	event_aggregator_grpc_in_progress:0
	current number of task status events in buffer: 0
	current number of profile events in buffer: 0
	current number of dropped task attempts tracked: 0
	total task events sent: 0.00151348 MiB
	total number of task attempts sent: 7
	total number of task attempts dropped reported: 0
	total number of sent failure: 0
	num status task events dropped: 0
	num profile task events dropped: 0
	num ray task events reported to aggregator: 0
	num ray task events failed to report to aggregator: 0
	num of task attempts dropped reported to aggregator: 0
	num of failed requests to aggregator: 0

[2026-09-04 01:06:04,540 I 2380 2702] core_worker.cc:498: Event stats:


Global stats: 4892 total (10 active)
Queueing time: mean = 0.02ms, max = 0.48ms, min = 0.00ms, total = 88.49ms
Execution time:  mean = 41.83ms, total = 204655.11ms
Event stats:
	CoreWorker.RecoverObjects - 3600 total (1 active), Execution time: mean = 0.00ms, total = 8.89ms, Queueing time: mean = 0.02ms, max = 0.22ms, min = 0.00ms, total = 65.03ms
	CoreWorker.ExitIfParentRayletDies - 360 total (1 active), Execution time: mean = 0.01ms, total = 1.80ms, Queueing time: mean = 0.02ms, max = 0.06ms, min = 0.00ms, total = 6.06ms
	CoreWorker.ReportWorkerBacklog - 360 total (1 active), Execution time: mean = 0.00ms, total = 0.96ms, Queueing time: mean = 0.02ms, max = 0.48ms, min = 0.00ms, total = 6.73ms
	CoreWorker.InternalHeartbeat - 360 total (1 active), Execution time: mean = 0.00ms, total = 0.87ms, Queueing time: mean = 0.02ms, max = 0.48ms, min = 0.00ms, total = 6.80ms
	CoreWorker.RecordMetrics - 72 total (1 active), Execution time: mean = 0.05ms, total = 3.57ms, Queueing time: mean = 0.01ms, max = 0.04ms, min = 0.00ms, total = 1.00ms
	CoreWorker.TryDelPendingObjectRefStreams - 36 total (1 active), Execution time: mean = 0.00ms, total = 0.09ms, Queueing time: mean = 0.03ms, max = 0.16ms, min = 0.01ms, total = 1.09ms
	CoreWorkerService.grpc_server.GetCoreWorkerStats - 24 total (0 active), Execution time: mean = 0.30ms, total = 7.14ms, Queueing time: mean = 0.00ms, max = -0.00ms, min = 9223372036854.78ms, total = 0.00ms
	CoreWorkerService.grpc_server.GetCoreWorkerStats.HandleRequestImpl - 24 total (0 active), Execution time: mean = 0.06ms, total = 1.47ms, Queueing time: mean = 0.03ms, max = 0.09ms, min = 0.01ms, total = 0.67ms
	Publisher.PublishFailure.WORKER_OBJECT_LOCATIONS_CHANNEL - 17 total (0 active), Execution time: mean = 0.00ms, total = 0.03ms, Queueing time: mean = 0.02ms, max = 0.03ms, min = 0.00ms, total = 0.32ms
	PeriodicalRunner.RunFnPeriodically - 8 total (0 active), Execution time: mean = 0.02ms, total = 0.13ms, Queueing time: mean = 0.07ms, max = 0.12ms, min = 0.00ms, total = 0.55ms
	CoreWorker.PrintEventStats - 6 total (1 active, 1 running), Execution time: mean = 0.17ms, total = 1.05ms, Queueing time: mean = 0.01ms, max = 0.02ms, min = 0.01ms, total = 0.07ms
	CoreWorkerService.grpc_server.PushTask.HandleRequestImpl - 4 total (0 active), Execution time: mean = 0.08ms, total = 0.32ms, Queueing time: mean = 0.02ms, max = 0.04ms, min = 0.01ms, total = 0.07ms
	CoreWorkerService.grpc_server.PushTask - 4 total (0 active), Execution time: mean = 51155.69ms, total = 204622.75ms, Queueing time: mean = 0.00ms, max = -0.00ms, min = 9223372036854.78ms, total = 0.00ms
	Publisher.CheckDeadSubscribers - 2 total (1 active), Execution time: mean = 0.00ms, total = 0.00ms, Queueing time: mean = 0.01ms, max = 0.01ms, min = 0.01ms, total = 0.01ms
	CoreWorkerService.grpc_client.PubsubLongPolling - 1 total (1 active), Execution time: mean = 0.00ms, total = 0.00ms, Queueing time: mean = 0.00ms, max = -0.00ms, min = 9223372036854.78ms, total = 0.00ms
	CoreWorkerService.grpc_client.PubsubCommandBatch - 1 total (0 active), Execution time: mean = 1.94ms, total = 1.94ms, Queueing time: mean = 0.00ms, max = -0.00ms, min = 9223372036854.78ms, total = 0.00ms
	ray::rpc::ControlPlanePubSubGcsService.grpc_client.GcsSubscriberCommandBatch - 1 total (0 active), Execution time: mean = 1.39ms, total = 1.39ms, Queueing time: mean = 0.00ms, max = -0.00ms, min = 9223372036854.78ms, total = 0.00ms
	NodeManagerService.grpc_client.PinObjectIDs - 1 total (0 active), Execution time: mean = 1.34ms, total = 1.34ms, Queueing time: mean = 0.00ms, max = -0.00ms, min = 9223372036854.78ms, total = 0.00ms
	Publisher.Publish.WORKER_OBJECT_LOCATIONS_CHANNEL - 1 total (0 active), Execution time: mean = 0.01ms, total = 0.01ms, Queueing time: mean = 0.03ms, max = 0.03ms, min = 0.03ms, total = 0.03ms
	ray::rpc::WorkerInfoGcsService.grpc_client.AddWorkerInfo - 1 total (0 active), Execution time: mean = 0.34ms, total = 0.34ms, Queueing time: mean = 0.00ms, max = -0.00ms, min = 9223372036854.78ms, total = 0.00ms
	CoreWorkerService.grpc_server.UpdateObjectLocationBatch.HandleRequestImpl - 1 total (0 active), Execution time: mean = 0.03ms, total = 0.03ms, Queueing time: mean = 0.01ms, max = 0.01ms, min = 0.01ms, total = 0.01ms
	CoreWorkerService.grpc_server.UpdateObjectLocationBatch - 1 total (0 active), Execution time: mean = 0.17ms, total = 0.17ms, Queueing time: mean = 0.00ms, max = -0.00ms, min = 9223372036854.78ms, total = 0.00ms
	CoreWorkerService.grpc_client.PubsubCommandBatch.OnReplyReceived - 1 total (0 active), Execution time: mean = 0.04ms, total = 0.04ms, Queueing time: mean = 0.01ms, max = 0.01ms, min = 0.01ms, total = 0.01ms
	ray::rpc::NodeInfoGcsService.grpc_client.GetAllNodeAddressAndLiveness - 1 total (0 active), Execution time: mean = 0.41ms, total = 0.41ms, Queueing time: mean = 0.00ms, max = -0.00ms, min = 9223372036854.78ms, total = 0.00ms
	ray::rpc::ControlPlanePubSubGcsService.grpc_client.GcsSubscriberCommandBatch.OnReplyReceived - 1 total (0 active), Execution time: mean = 0.14ms, total = 0.14ms, Queueing time: mean = 0.01ms, max = 0.01ms, min = 0.01ms, total = 0.01ms
	ray::rpc::ControlPlanePubSubGcsService.grpc_client.GcsSubscriberPoll - 1 total (1 active), Execution time: mean = 0.00ms, total = 0.00ms, Queueing time: mean = 0.00ms, max = -0.00ms, min = 9223372036854.78ms, total = 0.00ms
	ray::rpc::WorkerInfoGcsService.grpc_client.AddWorkerInfo.OnReplyReceived - 1 total (0 active), Execution time: mean = 0.02ms, total = 0.02ms, Queueing time: mean = 0.01ms, max = 0.01ms, min = 0.01ms, total = 0.01ms
	ray::rpc::NodeInfoGcsService.grpc_client.GetAllNodeAddressAndLiveness.OnReplyReceived - 1 total (0 active), Execution time: mean = 0.16ms, total = 0.16ms, Queueing time: mean = 0.01ms, max = 0.01ms, min = 0.01ms, total = 0.01ms
	NodeManagerService.grpc_client.PinObjectIDs.OnReplyReceived - 1 total (0 active), Execution time: mean = 0.05ms, total = 0.05ms, Queueing time: mean = 0.01ms, max = 0.01ms, min = 0.01ms, total = 0.01ms

-----------------
Task execution event stats:

Global stats: 15515 total (1 active)
Queueing time: mean = 13.21ms, max = 133643.77ms, min = -0.02ms, total = 204885.56ms
Execution time:  mean = 13.19ms, total = 204657.45ms
Event stats:
	CoreWorker.CheckSignal - 15510 total (1 active), Execution time: mean = 0.00ms, total = 35.78ms, Queueing time: mean = 13.21ms, max = 133643.77ms, min = -0.02ms, total = 204885.49ms
	CoreWorker.HandlePushTaskActor - 3 total (0 active), Execution time: mean = 61508.57ms, total = 184525.71ms, Queueing time: mean = 0.02ms, max = 0.04ms, min = 0.01ms, total = 0.06ms
	PeriodicalRunner.RunFnPeriodically - 1 total (0 active), Execution time: mean = 0.01ms, total = 0.01ms, Queueing time: mean = 0.00ms, max = 0.00ms, min = 0.00ms, total = 0.00ms
	CoreWorker.HandlePushTask - 1 total (0 active), Execution time: mean = 20095.97ms, total = 20095.97ms, Queueing time: mean = 0.00ms, max = 0.00ms, min = 0.00ms, total = 0.00ms

-----------------
Task Event stats:

IO Service Stats:

Global stats: 373 total (1 active)
Queueing time: mean = 0.03ms, max = 0.06ms, min = 0.01ms, total = 9.69ms
Execution time:  mean = 0.03ms, total = 10.08ms
Event stats:
	CoreWorker.deadline_timer.flush_task_events - 360 total (1 active), Execution time: mean = 0.02ms, total = 5.89ms, Queueing time: mean = 0.03ms, max = 0.06ms, min = 0.01ms, total = 9.59ms
	ray::rpc::TaskInfoGcsService.grpc_client.AddTaskEventData.OnReplyReceived - 6 total (0 active), Execution time: mean = 0.04ms, total = 0.22ms, Queueing time: mean = 0.02ms, max = 0.02ms, min = 0.01ms, total = 0.09ms
	ray::rpc::TaskInfoGcsService.grpc_client.AddTaskEventData - 6 total (0 active), Execution time: mean = 0.66ms, total = 3.95ms, Queueing time: mean = 0.00ms, max = -0.00ms, min = 9223372036854.78ms, total = 0.00ms
	PeriodicalRunner.RunFnPeriodically - 1 total (0 active), Execution time: mean = 0.02ms, total = 0.02ms, Queueing time: mean = 0.01ms, max = 0.01ms, min = 0.01ms, total = 0.01ms
Other Stats:
	gcs_grpc_in_progress:0
	event_aggregator_grpc_in_progress:0
	current number of task status events in buffer: 0
	current number of profile events in buffer: 0
	current number of dropped task attempts tracked: 0
	total task events sent: 0.00181484 MiB
	total number of task attempts sent: 8
	total number of task attempts dropped reported: 0
	total number of sent failure: 0
	num status task events dropped: 0
	num profile task events dropped: 0
	num ray task events reported to aggregator: 0
	num ray task events failed to report to aggregator: 0
	num of task attempts dropped reported to aggregator: 0
	num of failed requests to aggregator: 0

[2026-09-04 01:07:04,540 I 2380 2702] core_worker.cc:498: Event stats:


Global stats: 5699 total (10 active)
Queueing time: mean = 0.02ms, max = 0.48ms, min = 0.00ms, total = 101.46ms
Execution time:  mean = 35.91ms, total = 204658.64ms
Event stats:
	CoreWorker.RecoverObjects - 4200 total (1 active), Execution time: mean = 0.00ms, total = 10.01ms, Queueing time: mean = 0.02ms, max = 0.22ms, min = 0.00ms, total = 74.40ms
	CoreWorker.ExitIfParentRayletDies - 420 total (1 active), Execution time: mean = 0.00ms, total = 2.07ms, Queueing time: mean = 0.02ms, max = 0.06ms, min = 0.00ms, total = 7.01ms
	CoreWorker.ReportWorkerBacklog - 420 total (1 active), Execution time: mean = 0.00ms, total = 1.10ms, Queueing time: mean = 0.02ms, max = 0.48ms, min = 0.00ms, total = 7.80ms
	CoreWorker.InternalHeartbeat - 420 total (1 active), Execution time: mean = 0.00ms, total = 1.00ms, Queueing time: mean = 0.02ms, max = 0.48ms, min = 0.00ms, total = 7.87ms
	CoreWorker.RecordMetrics - 84 total (1 active), Execution time: mean = 0.05ms, total = 4.06ms, Queueing time: mean = 0.01ms, max = 0.04ms, min = 0.00ms, total = 1.17ms
	CoreWorker.TryDelPendingObjectRefStreams - 42 total (1 active), Execution time: mean = 0.00ms, total = 0.11ms, Queueing time: mean = 0.03ms, max = 0.16ms, min = 0.01ms, total = 1.33ms
	CoreWorkerService.grpc_server.GetCoreWorkerStats - 28 total (0 active), Execution time: mean = 0.29ms, total = 8.03ms, Queueing time: mean = 0.00ms, max = -0.00ms, min = 9223372036854.78ms, total = 0.00ms
	CoreWorkerService.grpc_server.GetCoreWorkerStats.HandleRequestImpl - 28 total (0 active), Execution time: mean = 0.06ms, total = 1.72ms, Queueing time: mean = 0.03ms, max = 0.09ms, min = 0.01ms, total = 0.76ms
	Publisher.PublishFailure.WORKER_OBJECT_LOCATIONS_CHANNEL - 17 total (0 active), Execution time: mean = 0.00ms, total = 0.03ms, Queueing time: mean = 0.02ms, max = 0.03ms, min = 0.00ms, total = 0.32ms
	PeriodicalRunner.RunFnPeriodically - 8 total (0 active), Execution time: mean = 0.02ms, total = 0.13ms, Queueing time: mean = 0.07ms, max = 0.12ms, min = 0.00ms, total = 0.55ms
	CoreWorker.PrintEventStats - 7 total (1 active, 1 running), Execution time: mean = 0.18ms, total = 1.28ms, Queueing time: mean = 0.01ms, max = 0.02ms, min = 0.01ms, total = 0.07ms
	CoreWorkerService.grpc_server.PushTask.HandleRequestImpl - 4 total (0 active), Execution time: mean = 0.08ms, total = 0.32ms, Queueing time: mean = 0.02ms, max = 0.04ms, min = 0.01ms, total = 0.07ms
	CoreWorkerService.grpc_server.PushTask - 4 total (0 active), Execution time: mean = 51155.69ms, total = 204622.75ms, Queueing time: mean = 0.00ms, max = -0.00ms, min = 9223372036854.78ms, total = 0.00ms
	Publisher.CheckDeadSubscribers - 2 total (1 active), Execution time: mean = 0.00ms, total = 0.00ms, Queueing time: mean = 0.01ms, max = 0.01ms, min = 0.01ms, total = 0.01ms
	CoreWorkerService.grpc_client.PubsubLongPolling - 1 total (1 active), Execution time: mean = 0.00ms, total = 0.00ms, Queueing time: mean = 0.00ms, max = -0.00ms, min = 9223372036854.78ms, total = 0.00ms
	CoreWorkerService.grpc_client.PubsubCommandBatch - 1 total (0 active), Execution time: mean = 1.94ms, total = 1.94ms, Queueing time: mean = 0.00ms, max = -0.00ms, min = 9223372036854.78ms, total = 0.00ms
	ray::rpc::ControlPlanePubSubGcsService.grpc_client.GcsSubscriberCommandBatch - 1 total (0 active), Execution time: mean = 1.39ms, total = 1.39ms, Queueing time: mean = 0.00ms, max = -0.00ms, min = 9223372036854.78ms, total = 0.00ms
	NodeManagerService.grpc_client.PinObjectIDs - 1 total (0 active), Execution time: mean = 1.34ms, total = 1.34ms, Queueing time: mean = 0.00ms, max = -0.00ms, min = 9223372036854.78ms, total = 0.00ms
	Publisher.Publish.WORKER_OBJECT_LOCATIONS_CHANNEL - 1 total (0 active), Execution time: mean = 0.01ms, total = 0.01ms, Queueing time: mean = 0.03ms, max = 0.03ms, min = 0.03ms, total = 0.03ms
	ray::rpc::WorkerInfoGcsService.grpc_client.AddWorkerInfo - 1 total (0 active), Execution time: mean = 0.34ms, total = 0.34ms, Queueing time: mean = 0.00ms, max = -0.00ms, min = 9223372036854.78ms, total = 0.00ms
	CoreWorkerService.grpc_server.UpdateObjectLocationBatch.HandleRequestImpl - 1 total (0 active), Execution time: mean = 0.03ms, total = 0.03ms, Queueing time: mean = 0.01ms, max = 0.01ms, min = 0.01ms, total = 0.01ms
	CoreWorkerService.grpc_server.UpdateObjectLocationBatch - 1 total (0 active), Execution time: mean = 0.17ms, total = 0.17ms, Queueing time: mean = 0.00ms, max = -0.00ms, min = 9223372036854.78ms, total = 0.00ms
	CoreWorkerService.grpc_client.PubsubCommandBatch.OnReplyReceived - 1 total (0 active), Execution time: mean = 0.04ms, total = 0.04ms, Queueing time: mean = 0.01ms, max = 0.01ms, min = 0.01ms, total = 0.01ms
	ray::rpc::NodeInfoGcsService.grpc_client.GetAllNodeAddressAndLiveness - 1 total (0 active), Execution time: mean = 0.41ms, total = 0.41ms, Queueing time: mean = 0.00ms, max = -0.00ms, min = 9223372036854.78ms, total = 0.00ms
	ray::rpc::ControlPlanePubSubGcsService.grpc_client.GcsSubscriberCommandBatch.OnReplyReceived - 1 total (0 active), Execution time: mean = 0.14ms, total = 0.14ms, Queueing time: mean = 0.01ms, max = 0.01ms, min = 0.01ms, total = 0.01ms
	ray::rpc::ControlPlanePubSubGcsService.grpc_client.GcsSubscriberPoll - 1 total (1 active), Execution time: mean = 0.00ms, total = 0.00ms, Queueing time: mean = 0.00ms, max = -0.00ms, min = 9223372036854.78ms, total = 0.00ms
	ray::rpc::WorkerInfoGcsService.grpc_client.AddWorkerInfo.OnReplyReceived - 1 total (0 active), Execution time: mean = 0.02ms, total = 0.02ms, Queueing time: mean = 0.01ms, max = 0.01ms, min = 0.01ms, total = 0.01ms
	ray::rpc::NodeInfoGcsService.grpc_client.GetAllNodeAddressAndLiveness.OnReplyReceived - 1 total (0 active), Execution time: mean = 0.16ms, total = 0.16ms, Queueing time: mean = 0.01ms, max = 0.01ms, min = 0.01ms, total = 0.01ms
	NodeManagerService.grpc_client.PinObjectIDs.OnReplyReceived - 1 total (0 active), Execution time: mean = 0.05ms, total = 0.05ms, Queueing time: mean = 0.01ms, max = 0.01ms, min = 0.01ms, total = 0.01ms

-----------------
Task execution event stats:

Global stats: 21504 total (1 active)
Queueing time: mean = 9.53ms, max = 133643.77ms, min = -0.02ms, total = 204988.20ms
Execution time:  mean = 9.52ms, total = 204669.77ms
Event stats:
	CoreWorker.CheckSignal - 21499 total (1 active), Execution time: mean = 0.00ms, total = 48.09ms, Queueing time: mean = 9.53ms, max = 133643.77ms, min = -0.02ms, total = 204988.13ms
	CoreWorker.HandlePushTaskActor - 3 total (0 active), Execution time: mean = 61508.57ms, total = 184525.71ms, Queueing time: mean = 0.02ms, max = 0.04ms, min = 0.01ms, total = 0.06ms
	PeriodicalRunner.RunFnPeriodically - 1 total (0 active), Execution time: mean = 0.01ms, total = 0.01ms, Queueing time: mean = 0.00ms, max = 0.00ms, min = 0.00ms, total = 0.00ms
	CoreWorker.HandlePushTask - 1 total (0 active), Execution time: mean = 20095.97ms, total = 20095.97ms, Queueing time: mean = 0.00ms, max = 0.00ms, min = 0.00ms, total = 0.00ms

-----------------
Task Event stats:

IO Service Stats:

Global stats: 433 total (1 active)
Queueing time: mean = 0.03ms, max = 0.06ms, min = 0.01ms, total = 11.23ms
Execution time:  mean = 0.02ms, total = 10.67ms
Event stats:
	CoreWorker.deadline_timer.flush_task_events - 420 total (1 active), Execution time: mean = 0.02ms, total = 6.47ms, Queueing time: mean = 0.03ms, max = 0.06ms, min = 0.01ms, total = 11.13ms
	ray::rpc::TaskInfoGcsService.grpc_client.AddTaskEventData.OnReplyReceived - 6 total (0 active), Execution time: mean = 0.04ms, total = 0.22ms, Queueing time: mean = 0.02ms, max = 0.02ms, min = 0.01ms, total = 0.09ms
	ray::rpc::TaskInfoGcsService.grpc_client.AddTaskEventData - 6 total (0 active), Execution time: mean = 0.66ms, total = 3.95ms, Queueing time: mean = 0.00ms, max = -0.00ms, min = 9223372036854.78ms, total = 0.00ms
	PeriodicalRunner.RunFnPeriodically - 1 total (0 active), Execution time: mean = 0.02ms, total = 0.02ms, Queueing time: mean = 0.01ms, max = 0.01ms, min = 0.01ms, total = 0.01ms
Other Stats:
	gcs_grpc_in_progress:0
	event_aggregator_grpc_in_progress:0
	current number of task status events in buffer: 0
	current number of profile events in buffer: 0
	current number of dropped task attempts tracked: 0
	total task events sent: 0.00181484 MiB
	total number of task attempts sent: 8
	total number of task attempts dropped reported: 0
	total number of sent failure: 0
	num status task events dropped: 0
	num profile task events dropped: 0
	num ray task events reported to aggregator: 0
	num ray task events failed to report to aggregator: 0
	num of task attempts dropped reported to aggregator: 0
	num of failed requests to aggregator: 0

[2026-09-04 01:08:04,541 I 2380 2702] core_worker.cc:498: Event stats:


Global stats: 6506 total (10 active)
Queueing time: mean = 0.02ms, max = 0.48ms, min = 0.00ms, total = 120.25ms
Execution time:  mean = 31.46ms, total = 204663.01ms
Event stats:
	CoreWorker.RecoverObjects - 4800 total (1 active), Execution time: mean = 0.00ms, total = 11.36ms, Queueing time: mean = 0.02ms, max = 0.22ms, min = 0.00ms, total = 87.83ms
	CoreWorker.ExitIfParentRayletDies - 480 total (1 active), Execution time: mean = 0.00ms, total = 2.33ms, Queueing time: mean = 0.02ms, max = 0.07ms, min = 0.00ms, total = 8.43ms
	CoreWorker.ReportWorkerBacklog - 480 total (1 active), Execution time: mean = 0.00ms, total = 1.24ms, Queueing time: mean = 0.02ms, max = 0.48ms, min = 0.00ms, total = 9.33ms
	CoreWorker.InternalHeartbeat - 480 total (1 active), Execution time: mean = 0.00ms, total = 1.12ms, Queueing time: mean = 0.02ms, max = 0.48ms, min = 0.00ms, total = 9.41ms
	CoreWorker.RecordMetrics - 96 total (1 active), Execution time: mean = 0.05ms, total = 4.64ms, Queueing time: mean = 0.01ms, max = 0.04ms, min = 0.00ms, total = 1.44ms
	CoreWorker.TryDelPendingObjectRefStreams - 48 total (1 active), Execution time: mean = 0.00ms, total = 0.12ms, Queueing time: mean = 0.04ms, max = 0.34ms, min = 0.01ms, total = 1.76ms
	CoreWorkerService.grpc_server.GetCoreWorkerStats - 32 total (0 active), Execution time: mean = 0.29ms, total = 9.28ms, Queueing time: mean = 0.00ms, max = -0.00ms, min = 9223372036854.78ms, total = 0.00ms
	CoreWorkerService.grpc_server.GetCoreWorkerStats.HandleRequestImpl - 32 total (0 active), Execution time: mean = 0.06ms, total = 1.96ms, Queueing time: mean = 0.03ms, max = 0.09ms, min = 0.01ms, total = 0.92ms
	Publisher.PublishFailure.WORKER_OBJECT_LOCATIONS_CHANNEL - 17 total (0 active), Execution time: mean = 0.00ms, total = 0.03ms, Queueing time: mean = 0.02ms, max = 0.03ms, min = 0.00ms, total = 0.32ms
	PeriodicalRunner.RunFnPeriodically - 8 total (0 active), Execution time: mean = 0.02ms, total = 0.13ms, Queueing time: mean = 0.07ms, max = 0.12ms, min = 0.00ms, total = 0.55ms
	CoreWorker.PrintEventStats - 8 total (1 active, 1 running), Execution time: mean = 0.21ms, total = 1.69ms, Queueing time: mean = 0.01ms, max = 0.02ms, min = 0.01ms, total = 0.10ms
	CoreWorkerService.grpc_server.PushTask.HandleRequestImpl - 4 total (0 active), Execution time: mean = 0.08ms, total = 0.32ms, Queueing time: mean = 0.02ms, max = 0.04ms, min = 0.01ms, total = 0.07ms
	CoreWorkerService.grpc_server.PushTask - 4 total (0 active), Execution time: mean = 51155.69ms, total = 204622.75ms, Queueing time: mean = 0.00ms, max = -0.00ms, min = 9223372036854.78ms, total = 0.00ms
	Publisher.CheckDeadSubscribers - 2 total (1 active), Execution time: mean = 0.00ms, total = 0.00ms, Queueing time: mean = 0.01ms, max = 0.01ms, min = 0.01ms, total = 0.01ms
	CoreWorkerService.grpc_client.PubsubLongPolling - 1 total (1 active), Execution time: mean = 0.00ms, total = 0.00ms, Queueing time: mean = 0.00ms, max = -0.00ms, min = 9223372036854.78ms, total = 0.00ms
	CoreWorkerService.grpc_client.PubsubCommandBatch - 1 total (0 active), Execution time: mean = 1.94ms, total = 1.94ms, Queueing time: mean = 0.00ms, max = -0.00ms, min = 9223372036854.78ms, total = 0.00ms
	ray::rpc::ControlPlanePubSubGcsService.grpc_client.GcsSubscriberCommandBatch - 1 total (0 active), Execution time: mean = 1.39ms, total = 1.39ms, Queueing time: mean = 0.00ms, max = -0.00ms, min = 9223372036854.78ms, total = 0.00ms
	NodeManagerService.grpc_client.PinObjectIDs - 1 total (0 active), Execution time: mean = 1.34ms, total = 1.34ms, Queueing time: mean = 0.00ms, max = -0.00ms, min = 9223372036854.78ms, total = 0.00ms
	Publisher.Publish.WORKER_OBJECT_LOCATIONS_CHANNEL - 1 total (0 active), Execution time: mean = 0.01ms, total = 0.01ms, Queueing time: mean = 0.03ms, max = 0.03ms, min = 0.03ms, total = 0.03ms
	ray::rpc::WorkerInfoGcsService.grpc_client.AddWorkerInfo - 1 total (0 active), Execution time: mean = 0.34ms, total = 0.34ms, Queueing time: mean = 0.00ms, max = -0.00ms, min = 9223372036854.78ms, total = 0.00ms
	CoreWorkerService.grpc_server.UpdateObjectLocationBatch.HandleRequestImpl - 1 total (0 active), Execution time: mean = 0.03ms, total = 0.03ms, Queueing time: mean = 0.01ms, max = 0.01ms, min = 0.01ms, total = 0.01ms
	CoreWorkerService.grpc_server.UpdateObjectLocationBatch - 1 total (0 active), Execution time: mean = 0.17ms, total = 0.17ms, Queueing time: mean = 0.00ms, max = -0.00ms, min = 9223372036854.78ms, total = 0.00ms
	CoreWorkerService.grpc_client.PubsubCommandBatch.OnReplyReceived - 1 total (0 active), Execution time: mean = 0.04ms, total = 0.04ms, Queueing time: mean = 0.01ms, max = 0.01ms, min = 0.01ms, total = 0.01ms
	ray::rpc::NodeInfoGcsService.grpc_client.GetAllNodeAddressAndLiveness - 1 total (0 active), Execution time: mean = 0.41ms, total = 0.41ms, Queueing time: mean = 0.00ms, max = -0.00ms, min = 9223372036854.78ms, total = 0.00ms
	ray::rpc::ControlPlanePubSubGcsService.grpc_client.GcsSubscriberCommandBatch.OnReplyReceived - 1 total (0 active), Execution time: mean = 0.14ms, total = 0.14ms, Queueing time: mean = 0.01ms, max = 0.01ms, min = 0.01ms, total = 0.01ms
	ray::rpc::ControlPlanePubSubGcsService.grpc_client.GcsSubscriberPoll - 1 total (1 active), Execution time: mean = 0.00ms, total = 0.00ms, Queueing time: mean = 0.00ms, max = -0.00ms, min = 9223372036854.78ms, total = 0.00ms
	ray::rpc::WorkerInfoGcsService.grpc_client.AddWorkerInfo.OnReplyReceived - 1 total (0 active), Execution time: mean = 0.02ms, total = 0.02ms, Queueing time: mean = 0.01ms, max = 0.01ms, min = 0.01ms, total = 0.01ms
	ray::rpc::NodeInfoGcsService.grpc_client.GetAllNodeAddressAndLiveness.OnReplyReceived - 1 total (0 active), Execution time: mean = 0.16ms, total = 0.16ms, Queueing time: mean = 0.01ms, max = 0.01ms, min = 0.01ms, total = 0.01ms
	NodeManagerService.grpc_client.PinObjectIDs.OnReplyReceived - 1 total (0 active), Execution time: mean = 0.05ms, total = 0.05ms, Queueing time: mean = 0.01ms, max = 0.01ms, min = 0.01ms, total = 0.01ms

-----------------
Task execution event stats:

Global stats: 27491 total (1 active)
Queueing time: mean = 7.46ms, max = 133643.77ms, min = -0.02ms, total = 205108.15ms
Execution time:  mean = 7.45ms, total = 204686.25ms
Event stats:
	CoreWorker.CheckSignal - 27486 total (1 active), Execution time: mean = 0.00ms, total = 64.57ms, Queueing time: mean = 7.46ms, max = 133643.77ms, min = -0.02ms, total = 205108.08ms
	CoreWorker.HandlePushTaskActor - 3 total (0 active), Execution time: mean = 61508.57ms, total = 184525.71ms, Queueing time: mean = 0.02ms, max = 0.04ms, min = 0.01ms, total = 0.06ms
	PeriodicalRunner.RunFnPeriodically - 1 total (0 active), Execution time: mean = 0.01ms, total = 0.01ms, Queueing time: mean = 0.00ms, max = 0.00ms, min = 0.00ms, total = 0.00ms
	CoreWorker.HandlePushTask - 1 total (0 active), Execution time: mean = 20095.97ms, total = 20095.97ms, Queueing time: mean = 0.00ms, max = 0.00ms, min = 0.00ms, total = 0.00ms

-----------------
Task Event stats:

IO Service Stats:

Global stats: 493 total (1 active)
Queueing time: mean = 0.03ms, max = 0.06ms, min = 0.01ms, total = 12.74ms
Execution time:  mean = 0.02ms, total = 11.16ms
Event stats:
	CoreWorker.deadline_timer.flush_task_events - 480 total (1 active), Execution time: mean = 0.01ms, total = 6.96ms, Queueing time: mean = 0.03ms, max = 0.06ms, min = 0.01ms, total = 12.64ms
	ray::rpc::TaskInfoGcsService.grpc_client.AddTaskEventData.OnReplyReceived - 6 total (0 active), Execution time: mean = 0.04ms, total = 0.22ms, Queueing time: mean = 0.02ms, max = 0.02ms, min = 0.01ms, total = 0.09ms
	ray::rpc::TaskInfoGcsService.grpc_client.AddTaskEventData - 6 total (0 active), Execution time: mean = 0.66ms, total = 3.95ms, Queueing time: mean = 0.00ms, max = -0.00ms, min = 9223372036854.78ms, total = 0.00ms
	PeriodicalRunner.RunFnPeriodically - 1 total (0 active), Execution time: mean = 0.02ms, total = 0.02ms, Queueing time: mean = 0.01ms, max = 0.01ms, min = 0.01ms, total = 0.01ms
Other Stats:
	gcs_grpc_in_progress:0
	event_aggregator_grpc_in_progress:0
	current number of task status events in buffer: 0
	current number of profile events in buffer: 0
	current number of dropped task attempts tracked: 0
	total task events sent: 0.00181484 MiB
	total number of task attempts sent: 8
	total number of task attempts dropped reported: 0
	total number of sent failure: 0
	num status task events dropped: 0
	num profile task events dropped: 0
	num ray task events reported to aggregator: 0
	num ray task events failed to report to aggregator: 0
	num of task attempts dropped reported to aggregator: 0
	num of failed requests to aggregator: 0

[2026-09-04 01:09:04,541 I 2380 2702] core_worker.cc:498: Event stats:


Global stats: 7349 total (11 active)
Queueing time: mean = 0.02ms, max = 0.48ms, min = 0.00ms, total = 133.17ms
Execution time:  mean = 65.79ms, total = 483502.42ms
Event stats:
	CoreWorker.RecoverObjects - 5399 total (1 active), Execution time: mean = 0.00ms, total = 12.32ms, Queueing time: mean = 0.02ms, max = 0.22ms, min = 0.00ms, total = 96.26ms
	CoreWorker.ExitIfParentRayletDies - 540 total (1 active), Execution time: mean = 0.00ms, total = 2.56ms, Queueing time: mean = 0.02ms, max = 0.07ms, min = 0.00ms, total = 9.36ms
	CoreWorker.ReportWorkerBacklog - 540 total (1 active), Execution time: mean = 0.00ms, total = 1.37ms, Queueing time: mean = 0.02ms, max = 0.48ms, min = 0.00ms, total = 10.37ms
	CoreWorker.InternalHeartbeat - 540 total (1 active), Execution time: mean = 0.00ms, total = 1.24ms, Queueing time: mean = 0.02ms, max = 0.48ms, min = 0.00ms, total = 10.45ms
	CoreWorker.RecordMetrics - 108 total (1 active), Execution time: mean = 0.05ms, total = 5.32ms, Queueing time: mean = 0.02ms, max = 0.04ms, min = 0.00ms, total = 1.66ms
	CoreWorker.TryDelPendingObjectRefStreams - 54 total (1 active), Execution time: mean = 0.00ms, total = 0.14ms, Queueing time: mean = 0.04ms, max = 0.34ms, min = 0.01ms, total = 1.99ms
	CoreWorkerService.grpc_server.GetCoreWorkerStats.HandleRequestImpl - 36 total (0 active), Execution time: mean = 0.06ms, total = 2.18ms, Queueing time: mean = 0.03ms, max = 0.09ms, min = 0.01ms, total = 1.02ms
	CoreWorkerService.grpc_server.GetCoreWorkerStats - 36 total (0 active), Execution time: mean = 0.29ms, total = 10.44ms, Queueing time: mean = 0.00ms, max = -0.00ms, min = 9223372036854.78ms, total = 0.00ms
	Publisher.PublishFailure.WORKER_OBJECT_LOCATIONS_CHANNEL - 34 total (0 active), Execution time: mean = 0.00ms, total = 0.06ms, Queueing time: mean = 0.03ms, max = 0.09ms, min = 0.00ms, total = 0.89ms
	CoreWorker.PrintEventStats - 9 total (1 active, 1 running), Execution time: mean = 0.22ms, total = 1.94ms, Queueing time: mean = 0.01ms, max = 0.02ms, min = 0.01ms, total = 0.11ms
	PeriodicalRunner.RunFnPeriodically - 8 total (0 active), Execution time: mean = 0.02ms, total = 0.13ms, Queueing time: mean = 0.07ms, max = 0.12ms, min = 0.00ms, total = 0.55ms
	CoreWorkerService.grpc_server.PushTask.HandleRequestImpl - 6 total (0 active), Execution time: mean = 0.08ms, total = 0.46ms, Queueing time: mean = 0.02ms, max = 0.04ms, min = 0.01ms, total = 0.12ms
	CoreWorkerService.grpc_server.PushTask - 6 total (1 active), Execution time: mean = 41721.74ms, total = 250330.46ms, Queueing time: mean = 0.00ms, max = -0.00ms, min = 9223372036854.78ms, total = 0.00ms
	CoreWorkerService.grpc_server.UpdateObjectLocationBatch.HandleRequestImpl - 3 total (0 active), Execution time: mean = 0.03ms, total = 0.09ms, Queueing time: mean = 0.02ms, max = 0.02ms, min = 0.01ms, total = 0.05ms
	CoreWorkerService.grpc_server.UpdateObjectLocationBatch - 3 total (0 active), Execution time: mean = 0.16ms, total = 0.47ms, Queueing time: mean = 0.00ms, max = -0.00ms, min = 9223372036854.78ms, total = 0.00ms
	CoreWorkerService.grpc_client.PubsubCommandBatch.OnReplyReceived - 3 total (0 active), Execution time: mean = 0.03ms, total = 0.09ms, Queueing time: mean = 0.01ms, max = 0.01ms, min = 0.01ms, total = 0.03ms
	CoreWorkerService.grpc_client.PubsubCommandBatch - 3 total (0 active), Execution time: mean = 0.98ms, total = 2.95ms, Queueing time: mean = 0.00ms, max = -0.00ms, min = 9223372036854.78ms, total = 0.00ms
	Publisher.CheckDeadSubscribers - 2 total (1 active), Execution time: mean = 0.00ms, total = 0.00ms, Queueing time: mean = 0.01ms, max = 0.01ms, min = 0.01ms, total = 0.01ms
	CoreWorkerService.grpc_client.PubsubLongPolling - 2 total (1 active), Execution time: mean = 116562.29ms, total = 233124.58ms, Queueing time: mean = 0.00ms, max = -0.00ms, min = 9223372036854.78ms, total = 0.00ms
	Publisher.Publish.WORKER_OBJECT_LOCATIONS_CHANNEL - 2 total (0 active), Execution time: mean = 0.01ms, total = 0.02ms, Queueing time: mean = 0.03ms, max = 0.03ms, min = 0.03ms, total = 0.05ms
	NodeManagerService.grpc_client.PinObjectIDs - 2 total (0 active), Execution time: mean = 1.03ms, total = 2.07ms, Queueing time: mean = 0.00ms, max = -0.00ms, min = 9223372036854.78ms, total = 0.00ms
	NodeManagerService.grpc_client.PinObjectIDs.OnReplyReceived - 2 total (0 active), Execution time: mean = 0.07ms, total = 0.15ms, Queueing time: mean = 0.01ms, max = 0.02ms, min = 0.01ms, total = 0.02ms
	Subscriber.HandlePublishedMessage_WORKER_REF_REMOVED_CHANNEL - 1 total (0 active), Execution time: mean = 0.38ms, total = 0.38ms, Queueing time: mean = 0.17ms, max = 0.17ms, min = 0.17ms, total = 0.17ms
	CoreWorkerService.grpc_client.PubsubLongPolling.OnReplyReceived - 1 total (0 active), Execution time: mean = 0.18ms, total = 0.18ms, Queueing time: mean = 0.01ms, max = 0.01ms, min = 0.01ms, total = 0.01ms
	ray::rpc::WorkerInfoGcsService.grpc_client.AddWorkerInfo - 1 total (0 active), Execution time: mean = 0.34ms, total = 0.34ms, Queueing time: mean = 0.00ms, max = -0.00ms, min = 9223372036854.78ms, total = 0.00ms
	ray::rpc::NodeInfoGcsService.grpc_client.GetAllNodeAddressAndLiveness - 1 total (0 active), Execution time: mean = 0.41ms, total = 0.41ms, Queueing time: mean = 0.00ms, max = -0.00ms, min = 9223372036854.78ms, total = 0.00ms
	ray::rpc::ControlPlanePubSubGcsService.grpc_client.GcsSubscriberCommandBatch.OnReplyReceived - 1 total (0 active), Execution time: mean = 0.14ms, total = 0.14ms, Queueing time: mean = 0.01ms, max = 0.01ms, min = 0.01ms, total = 0.01ms
	ray::rpc::ControlPlanePubSubGcsService.grpc_client.GcsSubscriberPoll - 1 total (1 active), Execution time: mean = 0.00ms, total = 0.00ms, Queueing time: mean = 0.00ms, max = -0.00ms, min = 9223372036854.78ms, total = 0.00ms
	ray::rpc::ControlPlanePubSubGcsService.grpc_client.GcsSubscriberCommandBatch - 1 total (0 active), Execution time: mean = 1.39ms, total = 1.39ms, Queueing time: mean = 0.00ms, max = -0.00ms, min = 9223372036854.78ms, total = 0.00ms
	ray::rpc::WorkerInfoGcsService.grpc_client.AddWorkerInfo.OnReplyReceived - 1 total (0 active), Execution time: mean = 0.02ms, total = 0.02ms, Queueing time: mean = 0.01ms, max = 0.01ms, min = 0.01ms, total = 0.01ms
	NodeManagerService.grpc_client.FreeLocalObjects.OnReplyReceived - 1 total (0 active), Execution time: mean = 0.01ms, total = 0.01ms, Queueing time: mean = 0.01ms, max = 0.01ms, min = 0.01ms, total = 0.01ms
	ray::rpc::NodeInfoGcsService.grpc_client.GetAllNodeAddressAndLiveness.OnReplyReceived - 1 total (0 active), Execution time: mean = 0.16ms, total = 0.16ms, Queueing time: mean = 0.01ms, max = 0.01ms, min = 0.01ms, total = 0.01ms
	NodeManagerService.grpc_client.FreeLocalObjects - 1 total (0 active), Execution time: mean = 0.33ms, total = 0.33ms, Queueing time: mean = 0.00ms, max = -0.00ms, min = 9223372036854.78ms, total = 0.00ms

-----------------
Task execution event stats:

Global stats: 28013 total (2 active)
Queueing time: mean = 8.95ms, max = 133643.77ms, min = -0.02ms, total = 250821.86ms
Execution time:  mean = 8.94ms, total = 250394.72ms
Event stats:
	CoreWorker.CheckSignal - 28006 total (1 active), Execution time: mean = 0.00ms, total = 65.72ms, Queueing time: mean = 8.96ms, max = 133643.77ms, min = -0.02ms, total = 250821.76ms
	CoreWorker.HandlePushTaskActor - 5 total (1 active, 1 running), Execution time: mean = 46046.61ms, total = 230233.03ms, Queueing time: mean = 0.02ms, max = 0.04ms, min = 0.01ms, total = 0.10ms
	PeriodicalRunner.RunFnPeriodically - 1 total (0 active), Execution time: mean = 0.01ms, total = 0.01ms, Queueing time: mean = 0.00ms, max = 0.00ms, min = 0.00ms, total = 0.00ms
	CoreWorker.HandlePushTask - 1 total (0 active), Execution time: mean = 20095.97ms, total = 20095.97ms, Queueing time: mean = 0.00ms, max = 0.00ms, min = 0.00ms, total = 0.00ms

-----------------
Task Event stats:

IO Service Stats:

Global stats: 557 total (1 active)
Queueing time: mean = 0.03ms, max = 0.06ms, min = 0.01ms, total = 14.30ms
Execution time:  mean = 0.02ms, total = 13.20ms
Event stats:
	CoreWorker.deadline_timer.flush_task_events - 540 total (1 active), Execution time: mean = 0.01ms, total = 7.92ms, Queueing time: mean = 0.03ms, max = 0.06ms, min = 0.01ms, total = 14.17ms
	ray::rpc::TaskInfoGcsService.grpc_client.AddTaskEventData.OnReplyReceived - 8 total (0 active), Execution time: mean = 0.04ms, total = 0.28ms, Queueing time: mean = 0.01ms, max = 0.02ms, min = 0.01ms, total = 0.12ms
	ray::rpc::TaskInfoGcsService.grpc_client.AddTaskEventData - 8 total (0 active), Execution time: mean = 0.62ms, total = 4.97ms, Queueing time: mean = 0.00ms, max = -0.00ms, min = 9223372036854.78ms, total = 0.00ms
	PeriodicalRunner.RunFnPeriodically - 1 total (0 active), Execution time: mean = 0.02ms, total = 0.02ms, Queueing time: mean = 0.01ms, max = 0.01ms, min = 0.01ms, total = 0.01ms
Other Stats:
	gcs_grpc_in_progress:0
	event_aggregator_grpc_in_progress:0
	current number of task status events in buffer: 0
	current number of profile events in buffer: 0
	current number of dropped task attempts tracked: 0
	total task events sent: 0.0024519 MiB
	total number of task attempts sent: 11
	total number of task attempts dropped reported: 0
	total number of sent failure: 0
	num status task events dropped: 0
	num profile task events dropped: 0
	num ray task events reported to aggregator: 0
	num ray task events failed to report to aggregator: 0
	num of task attempts dropped reported to aggregator: 0
	num of failed requests to aggregator: 0

[2026-09-04 01:10:04,541 I 2380 2702] core_worker.cc:498: Event stats:


Global stats: 8157 total (10 active)
Queueing time: mean = 0.02ms, max = 0.48ms, min = 0.00ms, total = 146.00ms
Execution time:  mean = 61.69ms, total = 503224.32ms
Event stats:
	CoreWorker.RecoverObjects - 5999 total (1 active), Execution time: mean = 0.00ms, total = 13.38ms, Queueing time: mean = 0.02ms, max = 0.22ms, min = 0.00ms, total = 105.56ms
	CoreWorker.ExitIfParentRayletDies - 600 total (1 active), Execution time: mean = 0.00ms, total = 2.80ms, Queueing time: mean = 0.02ms, max = 0.07ms, min = 0.00ms, total = 10.27ms
	CoreWorker.ReportWorkerBacklog - 600 total (1 active), Execution time: mean = 0.00ms, total = 1.50ms, Queueing time: mean = 0.02ms, max = 0.48ms, min = 0.00ms, total = 11.38ms
	CoreWorker.InternalHeartbeat - 600 total (1 active), Execution time: mean = 0.00ms, total = 1.38ms, Queueing time: mean = 0.02ms, max = 0.48ms, min = 0.00ms, total = 11.46ms
	CoreWorker.RecordMetrics - 120 total (1 active), Execution time: mean = 0.05ms, total = 5.88ms, Queueing time: mean = 0.02ms, max = 0.04ms, min = 0.00ms, total = 1.81ms
	CoreWorker.TryDelPendingObjectRefStreams - 60 total (1 active), Execution time: mean = 0.00ms, total = 0.16ms, Queueing time: mean = 0.04ms, max = 0.34ms, min = 0.01ms, total = 2.30ms
	CoreWorkerService.grpc_server.GetCoreWorkerStats.HandleRequestImpl - 40 total (0 active), Execution time: mean = 0.06ms, total = 2.40ms, Queueing time: mean = 0.03ms, max = 0.09ms, min = 0.01ms, total = 1.12ms
	CoreWorkerService.grpc_server.GetCoreWorkerStats - 40 total (0 active), Execution time: mean = 0.29ms, total = 11.52ms, Queueing time: mean = 0.00ms, max = -0.00ms, min = 9223372036854.78ms, total = 0.00ms
	Publisher.PublishFailure.WORKER_OBJECT_LOCATIONS_CHANNEL - 34 total (0 active), Execution time: mean = 0.00ms, total = 0.06ms, Queueing time: mean = 0.03ms, max = 0.09ms, min = 0.00ms, total = 0.89ms
	CoreWorker.PrintEventStats - 10 total (1 active, 1 running), Execution time: mean = 0.22ms, total = 2.23ms, Queueing time: mean = 0.01ms, max = 0.02ms, min = 0.01ms, total = 0.12ms
	PeriodicalRunner.RunFnPeriodically - 8 total (0 active), Execution time: mean = 0.02ms, total = 0.13ms, Queueing time: mean = 0.07ms, max = 0.12ms, min = 0.00ms, total = 0.55ms
	CoreWorkerService.grpc_server.PushTask.HandleRequestImpl - 6 total (0 active), Execution time: mean = 0.08ms, total = 0.46ms, Queueing time: mean = 0.02ms, max = 0.04ms, min = 0.01ms, total = 0.12ms
	CoreWorkerService.grpc_server.PushTask - 6 total (0 active), Execution time: mean = 45008.10ms, total = 270048.62ms, Queueing time: mean = 0.00ms, max = -0.00ms, min = 9223372036854.78ms, total = 0.00ms
	CoreWorkerService.grpc_server.UpdateObjectLocationBatch.HandleRequestImpl - 3 total (0 active), Execution time: mean = 0.03ms, total = 0.09ms, Queueing time: mean = 0.02ms, max = 0.02ms, min = 0.01ms, total = 0.05ms
	CoreWorkerService.grpc_server.UpdateObjectLocationBatch - 3 total (0 active), Execution time: mean = 0.16ms, total = 0.47ms, Queueing time: mean = 0.00ms, max = -0.00ms, min = 9223372036854.78ms, total = 0.00ms
	CoreWorkerService.grpc_client.PubsubCommandBatch.OnReplyReceived - 3 total (0 active), Execution time: mean = 0.03ms, total = 0.09ms, Queueing time: mean = 0.01ms, max = 0.01ms, min = 0.01ms, total = 0.03ms
	Publisher.CheckDeadSubscribers - 3 total (1 active), Execution time: mean = 0.00ms, total = 0.01ms, Queueing time: mean = 0.01ms, max = 0.02ms, min = 0.01ms, total = 0.03ms
	CoreWorkerService.grpc_client.PubsubCommandBatch - 3 total (0 active), Execution time: mean = 0.98ms, total = 2.95ms, Queueing time: mean = 0.00ms, max = -0.00ms, min = 9223372036854.78ms, total = 0.00ms
	CoreWorkerService.grpc_client.PubsubLongPolling - 2 total (1 active), Execution time: mean = 116562.29ms, total = 233124.58ms, Queueing time: mean = 0.00ms, max = -0.00ms, min = 9223372036854.78ms, total = 0.00ms
	Publisher.Publish.WORKER_OBJECT_LOCATIONS_CHANNEL - 2 total (0 active), Execution time: mean = 0.01ms, total = 0.02ms, Queueing time: mean = 0.03ms, max = 0.03ms, min = 0.03ms, total = 0.05ms
	NodeManagerService.grpc_client.PinObjectIDs - 2 total (0 active), Execution time: mean = 1.03ms, total = 2.07ms, Queueing time: mean = 0.00ms, max = -0.00ms, min = 9223372036854.78ms, total = 0.00ms
	NodeManagerService.grpc_client.PinObjectIDs.OnReplyReceived - 2 total (0 active), Execution time: mean = 0.07ms, total = 0.15ms, Queueing time: mean = 0.01ms, max = 0.02ms, min = 0.01ms, total = 0.02ms
	Subscriber.HandlePublishedMessage_WORKER_REF_REMOVED_CHANNEL - 1 total (0 active), Execution time: mean = 0.38ms, total = 0.38ms, Queueing time: mean = 0.17ms, max = 0.17ms, min = 0.17ms, total = 0.17ms
	CoreWorkerService.grpc_client.PubsubLongPolling.OnReplyReceived - 1 total (0 active), Execution time: mean = 0.18ms, total = 0.18ms, Queueing time: mean = 0.01ms, max = 0.01ms, min = 0.01ms, total = 0.01ms
	ray::rpc::WorkerInfoGcsService.grpc_client.AddWorkerInfo - 1 total (0 active), Execution time: mean = 0.34ms, total = 0.34ms, Queueing time: mean = 0.00ms, max = -0.00ms, min = 9223372036854.78ms, total = 0.00ms
	ray::rpc::NodeInfoGcsService.grpc_client.GetAllNodeAddressAndLiveness - 1 total (0 active), Execution time: mean = 0.41ms, total = 0.41ms, Queueing time: mean = 0.00ms, max = -0.00ms, min = 9223372036854.78ms, total = 0.00ms
	ray::rpc::ControlPlanePubSubGcsService.grpc_client.GcsSubscriberCommandBatch.OnReplyReceived - 1 total (0 active), Execution time: mean = 0.14ms, total = 0.14ms, Queueing time: mean = 0.01ms, max = 0.01ms, min = 0.01ms, total = 0.01ms
	ray::rpc::ControlPlanePubSubGcsService.grpc_client.GcsSubscriberPoll - 1 total (1 active), Execution time: mean = 0.00ms, total = 0.00ms, Queueing time: mean = 0.00ms, max = -0.00ms, min = 9223372036854.78ms, total = 0.00ms
	ray::rpc::ControlPlanePubSubGcsService.grpc_client.GcsSubscriberCommandBatch - 1 total (0 active), Execution time: mean = 1.39ms, total = 1.39ms, Queueing time: mean = 0.00ms, max = -0.00ms, min = 9223372036854.78ms, total = 0.00ms
	ray::rpc::WorkerInfoGcsService.grpc_client.AddWorkerInfo.OnReplyReceived - 1 total (0 active), Execution time: mean = 0.02ms, total = 0.02ms, Queueing time: mean = 0.01ms, max = 0.01ms, min = 0.01ms, total = 0.01ms
	NodeManagerService.grpc_client.FreeLocalObjects.OnReplyReceived - 1 total (0 active), Execution time: mean = 0.01ms, total = 0.01ms, Queueing time: mean = 0.01ms, max = 0.01ms, min = 0.01ms, total = 0.01ms
	ray::rpc::NodeInfoGcsService.grpc_client.GetAllNodeAddressAndLiveness.OnReplyReceived - 1 total (0 active), Execution time: mean = 0.16ms, total = 0.16ms, Queueing time: mean = 0.01ms, max = 0.01ms, min = 0.01ms, total = 0.01ms
	NodeManagerService.grpc_client.FreeLocalObjects - 1 total (0 active), Execution time: mean = 0.33ms, total = 0.33ms, Queueing time: mean = 0.00ms, max = -0.00ms, min = 9223372036854.78ms, total = 0.00ms

-----------------
Task execution event stats:

Global stats: 32943 total (1 active)
Queueing time: mean = 8.21ms, max = 133643.77ms, min = -0.02ms, total = 270596.07ms
Execution time:  mean = 8.20ms, total = 270121.01ms
Event stats:
	CoreWorker.CheckSignal - 32936 total (1 active), Execution time: mean = 0.00ms, total = 74.04ms, Queueing time: mean = 8.22ms, max = 133643.77ms, min = -0.02ms, total = 270595.95ms
	CoreWorker.HandlePushTaskActor - 5 total (0 active), Execution time: mean = 49990.20ms, total = 249950.99ms, Queueing time: mean = 0.02ms, max = 0.04ms, min = 0.01ms, total = 0.11ms
	PeriodicalRunner.RunFnPeriodically - 1 total (0 active), Execution time: mean = 0.01ms, total = 0.01ms, Queueing time: mean = 0.00ms, max = 0.00ms, min = 0.00ms, total = 0.00ms
	CoreWorker.HandlePushTask - 1 total (0 active), Execution time: mean = 20095.97ms, total = 20095.97ms, Queueing time: mean = 0.00ms, max = 0.00ms, min = 0.00ms, total = 0.00ms

-----------------
Task Event stats:

IO Service Stats:

Global stats: 619 total (1 active)
Queueing time: mean = 0.03ms, max = 0.06ms, min = 0.01ms, total = 15.53ms
Execution time:  mean = 0.02ms, total = 14.55ms
Event stats:
	CoreWorker.deadline_timer.flush_task_events - 600 total (1 active), Execution time: mean = 0.01ms, total = 8.58ms, Queueing time: mean = 0.03ms, max = 0.06ms, min = 0.01ms, total = 15.39ms
	ray::rpc::TaskInfoGcsService.grpc_client.AddTaskEventData.OnReplyReceived - 9 total (0 active), Execution time: mean = 0.03ms, total = 0.31ms, Queueing time: mean = 0.01ms, max = 0.02ms, min = 0.01ms, total = 0.13ms
	ray::rpc::TaskInfoGcsService.grpc_client.AddTaskEventData - 9 total (0 active), Execution time: mean = 0.63ms, total = 5.63ms, Queueing time: mean = 0.00ms, max = -0.00ms, min = 9223372036854.78ms, total = 0.00ms
	PeriodicalRunner.RunFnPeriodically - 1 total (0 active), Execution time: mean = 0.02ms, total = 0.02ms, Queueing time: mean = 0.01ms, max = 0.01ms, min = 0.01ms, total = 0.01ms
Other Stats:
	gcs_grpc_in_progress:0
	event_aggregator_grpc_in_progress:0
	current number of task status events in buffer: 0
	current number of profile events in buffer: 0
	current number of dropped task attempts tracked: 0
	total task events sent: 0.00275326 MiB
	total number of task attempts sent: 12
	total number of task attempts dropped reported: 0
	total number of sent failure: 0
	num status task events dropped: 0
	num profile task events dropped: 0
	num ray task events reported to aggregator: 0
	num ray task events failed to report to aggregator: 0
	num of task attempts dropped reported to aggregator: 0
	num of failed requests to aggregator: 0

[2026-09-04 01:11:04,542 I 2380 2702] core_worker.cc:498: Event stats:


Global stats: 8968 total (11 active)
Queueing time: mean = 0.02ms, max = 0.48ms, min = 0.00ms, total = 160.50ms
Execution time:  mean = 56.57ms, total = 507326.33ms
Event stats:
	CoreWorker.RecoverObjects - 6599 total (1 active), Execution time: mean = 0.00ms, total = 14.87ms, Queueing time: mean = 0.02ms, max = 0.22ms, min = 0.00ms, total = 115.69ms
	CoreWorker.ExitIfParentRayletDies - 660 total (1 active), Execution time: mean = 0.00ms, total = 3.23ms, Queueing time: mean = 0.02ms, max = 0.07ms, min = 0.00ms, total = 11.33ms
	CoreWorker.ReportWorkerBacklog - 660 total (1 active), Execution time: mean = 0.00ms, total = 1.71ms, Queueing time: mean = 0.02ms, max = 0.48ms, min = 0.00ms, total = 12.64ms
	CoreWorker.InternalHeartbeat - 660 total (1 active), Execution time: mean = 0.00ms, total = 1.57ms, Queueing time: mean = 0.02ms, max = 0.48ms, min = 0.00ms, total = 12.74ms
	CoreWorker.RecordMetrics - 132 total (1 active), Execution time: mean = 0.05ms, total = 6.49ms, Queueing time: mean = 0.02ms, max = 0.04ms, min = 0.00ms, total = 2.07ms
	CoreWorker.TryDelPendingObjectRefStreams - 66 total (1 active), Execution time: mean = 0.00ms, total = 0.18ms, Queueing time: mean = 0.04ms, max = 0.34ms, min = 0.01ms, total = 2.66ms
	CoreWorkerService.grpc_server.GetCoreWorkerStats.HandleRequestImpl - 44 total (0 active), Execution time: mean = 0.06ms, total = 2.63ms, Queueing time: mean = 0.03ms, max = 0.09ms, min = 0.01ms, total = 1.21ms
	CoreWorkerService.grpc_server.GetCoreWorkerStats - 44 total (0 active), Execution time: mean = 0.29ms, total = 12.54ms, Queueing time: mean = 0.00ms, max = -0.00ms, min = 9223372036854.78ms, total = 0.00ms
	Publisher.PublishFailure.WORKER_OBJECT_LOCATIONS_CHANNEL - 34 total (0 active), Execution time: mean = 0.00ms, total = 0.06ms, Queueing time: mean = 0.03ms, max = 0.09ms, min = 0.00ms, total = 0.89ms
	CoreWorker.PrintEventStats - 11 total (1 active, 1 running), Execution time: mean = 0.24ms, total = 2.59ms, Queueing time: mean = 0.01ms, max = 0.02ms, min = 0.01ms, total = 0.13ms
	PeriodicalRunner.RunFnPeriodically - 8 total (0 active), Execution time: mean = 0.02ms, total = 0.13ms, Queueing time: mean = 0.07ms, max = 0.12ms, min = 0.00ms, total = 0.55ms
	CoreWorkerService.grpc_server.PushTask.HandleRequestImpl - 8 total (0 active), Execution time: mean = 0.07ms, total = 0.57ms, Queueing time: mean = 0.02ms, max = 0.04ms, min = 0.01ms, total = 0.18ms
	CoreWorkerService.grpc_server.PushTask - 8 total (1 active), Execution time: mean = 34268.25ms, total = 274145.98ms, Queueing time: mean = 0.00ms, max = -0.00ms, min = 9223372036854.78ms, total = 0.00ms
	CoreWorkerService.grpc_server.UpdateObjectLocationBatch.HandleRequestImpl - 3 total (0 active), Execution time: mean = 0.03ms, total = 0.09ms, Queueing time: mean = 0.02ms, max = 0.02ms, min = 0.01ms, total = 0.05ms
	CoreWorkerService.grpc_server.UpdateObjectLocationBatch - 3 total (0 active), Execution time: mean = 0.16ms, total = 0.47ms, Queueing time: mean = 0.00ms, max = -0.00ms, min = 9223372036854.78ms, total = 0.00ms
	CoreWorkerService.grpc_client.PubsubCommandBatch.OnReplyReceived - 3 total (0 active), Execution time: mean = 0.03ms, total = 0.09ms, Queueing time: mean = 0.01ms, max = 0.01ms, min = 0.01ms, total = 0.03ms
	Publisher.CheckDeadSubscribers - 3 total (1 active), Execution time: mean = 0.00ms, total = 0.01ms, Queueing time: mean = 0.01ms, max = 0.02ms, min = 0.01ms, total = 0.03ms
	CoreWorkerService.grpc_client.PubsubCommandBatch - 3 total (0 active), Execution time: mean = 0.98ms, total = 2.95ms, Queueing time: mean = 0.00ms, max = -0.00ms, min = 9223372036854.78ms, total = 0.00ms
	CoreWorkerService.grpc_client.PubsubLongPolling - 2 total (1 active), Execution time: mean = 116562.29ms, total = 233124.58ms, Queueing time: mean = 0.00ms, max = -0.00ms, min = 9223372036854.78ms, total = 0.00ms
	Publisher.Publish.WORKER_OBJECT_LOCATIONS_CHANNEL - 2 total (0 active), Execution time: mean = 0.01ms, total = 0.02ms, Queueing time: mean = 0.03ms, max = 0.03ms, min = 0.03ms, total = 0.05ms
	NodeManagerService.grpc_client.PinObjectIDs - 2 total (0 active), Execution time: mean = 1.03ms, total = 2.07ms, Queueing time: mean = 0.00ms, max = -0.00ms, min = 9223372036854.78ms, total = 0.00ms
	NodeManagerService.grpc_client.PinObjectIDs.OnReplyReceived - 2 total (0 active), Execution time: mean = 0.07ms, total = 0.15ms, Queueing time: mean = 0.01ms, max = 0.02ms, min = 0.01ms, total = 0.02ms
	Subscriber.HandlePublishedMessage_WORKER_REF_REMOVED_CHANNEL - 1 total (0 active), Execution time: mean = 0.38ms, total = 0.38ms, Queueing time: mean = 0.17ms, max = 0.17ms, min = 0.17ms, total = 0.17ms
	CoreWorkerService.grpc_client.PubsubLongPolling.OnReplyReceived - 1 total (0 active), Execution time: mean = 0.18ms, total = 0.18ms, Queueing time: mean = 0.01ms, max = 0.01ms, min = 0.01ms, total = 0.01ms
	ray::rpc::WorkerInfoGcsService.grpc_client.AddWorkerInfo - 1 total (0 active), Execution time: mean = 0.34ms, total = 0.34ms, Queueing time: mean = 0.00ms, max = -0.00ms, min = 9223372036854.78ms, total = 0.00ms
	ray::rpc::NodeInfoGcsService.grpc_client.GetAllNodeAddressAndLiveness - 1 total (0 active), Execution time: mean = 0.41ms, total = 0.41ms, Queueing time: mean = 0.00ms, max = -0.00ms, min = 9223372036854.78ms, total = 0.00ms
	ray::rpc::ControlPlanePubSubGcsService.grpc_client.GcsSubscriberCommandBatch.OnReplyReceived - 1 total (0 active), Execution time: mean = 0.14ms, total = 0.14ms, Queueing time: mean = 0.01ms, max = 0.01ms, min = 0.01ms, total = 0.01ms
	ray::rpc::ControlPlanePubSubGcsService.grpc_client.GcsSubscriberPoll - 1 total (1 active), Execution time: mean = 0.00ms, total = 0.00ms, Queueing time: mean = 0.00ms, max = -0.00ms, min = 9223372036854.78ms, total = 0.00ms
	ray::rpc::ControlPlanePubSubGcsService.grpc_client.GcsSubscriberCommandBatch - 1 total (0 active), Execution time: mean = 1.39ms, total = 1.39ms, Queueing time: mean = 0.00ms, max = -0.00ms, min = 9223372036854.78ms, total = 0.00ms
	ray::rpc::WorkerInfoGcsService.grpc_client.AddWorkerInfo.OnReplyReceived - 1 total (0 active), Execution time: mean = 0.02ms, total = 0.02ms, Queueing time: mean = 0.01ms, max = 0.01ms, min = 0.01ms, total = 0.01ms
	NodeManagerService.grpc_client.FreeLocalObjects.OnReplyReceived - 1 total (0 active), Execution time: mean = 0.01ms, total = 0.01ms, Queueing time: mean = 0.01ms, max = 0.01ms, min = 0.01ms, total = 0.01ms
	ray::rpc::NodeInfoGcsService.grpc_client.GetAllNodeAddressAndLiveness.OnReplyReceived - 1 total (0 active), Execution time: mean = 0.16ms, total = 0.16ms, Queueing time: mean = 0.01ms, max = 0.01ms, min = 0.01ms, total = 0.01ms
	NodeManagerService.grpc_client.FreeLocalObjects - 1 total (0 active), Execution time: mean = 0.33ms, total = 0.33ms, Queueing time: mean = 0.00ms, max = -0.00ms, min = 9223372036854.78ms, total = 0.00ms

-----------------
Task execution event stats:

Global stats: 38307 total (2 active)
Queueing time: mean = 7.17ms, max = 133643.77ms, min = -0.02ms, total = 274758.87ms
Execution time:  mean = 7.16ms, total = 274227.69ms
Event stats:
	CoreWorker.CheckSignal - 38298 total (1 active), Execution time: mean = 0.00ms, total = 83.62ms, Queueing time: mean = 7.17ms, max = 133643.77ms, min = -0.02ms, total = 274758.73ms
	CoreWorker.HandlePushTaskActor - 7 total (1 active, 1 running), Execution time: mean = 36292.59ms, total = 254048.10ms, Queueing time: mean = 0.02ms, max = 0.04ms, min = 0.01ms, total = 0.13ms
	PeriodicalRunner.RunFnPeriodically - 1 total (0 active), Execution time: mean = 0.01ms, total = 0.01ms, Queueing time: mean = 0.00ms, max = 0.00ms, min = 0.00ms, total = 0.00ms
	CoreWorker.HandlePushTask - 1 total (0 active), Execution time: mean = 20095.97ms, total = 20095.97ms, Queueing time: mean = 0.00ms, max = 0.00ms, min = 0.00ms, total = 0.00ms

-----------------
Task Event stats:

IO Service Stats:

Global stats: 683 total (1 active)
Queueing time: mean = 0.02ms, max = 0.06ms, min = 0.01ms, total = 16.75ms
Execution time:  mean = 0.02ms, total = 16.99ms
Event stats:
	CoreWorker.deadline_timer.flush_task_events - 660 total (1 active), Execution time: mean = 0.01ms, total = 9.68ms, Queueing time: mean = 0.03ms, max = 0.06ms, min = 0.01ms, total = 16.58ms
	ray::rpc::TaskInfoGcsService.grpc_client.AddTaskEventData.OnReplyReceived - 11 total (0 active), Execution time: mean = 0.03ms, total = 0.38ms, Queueing time: mean = 0.01ms, max = 0.02ms, min = 0.01ms, total = 0.16ms
	ray::rpc::TaskInfoGcsService.grpc_client.AddTaskEventData - 11 total (0 active), Execution time: mean = 0.63ms, total = 6.91ms, Queueing time: mean = 0.00ms, max = -0.00ms, min = 9223372036854.78ms, total = 0.00ms
	PeriodicalRunner.RunFnPeriodically - 1 total (0 active), Execution time: mean = 0.02ms, total = 0.02ms, Queueing time: mean = 0.01ms, max = 0.01ms, min = 0.01ms, total = 0.01ms
Other Stats:
	gcs_grpc_in_progress:0
	event_aggregator_grpc_in_progress:0
	current number of task status events in buffer: 0
	current number of profile events in buffer: 0
	current number of dropped task attempts tracked: 0
	total task events sent: 0.00339413 MiB
	total number of task attempts sent: 15
	total number of task attempts dropped reported: 0
	total number of sent failure: 0
	num status task events dropped: 0
	num profile task events dropped: 0
	num ray task events reported to aggregator: 0
	num ray task events failed to report to aggregator: 0
	num of task attempts dropped reported to aggregator: 0
	num of failed requests to aggregator: 0

[2026-09-04 01:12:01,000 I 2380 2702] core_worker_shutdown_executor.cc:141: Executing worker exit: INTENDED_SYSTEM_EXIT - Worker exits because the actor is killed. The actor is dead because all references to the actor were removed including lineage ref count. (timeout: -1ms)
[2026-09-04 01:12:01,000 I 2380 2380] core_worker_shutdown_executor.cc:217: Wait for currently executing tasks in the underlying thread pools to finish.
[2026-09-04 01:12:01,000 I 2380 2380] core_worker_shutdown_executor.cc:255: Not draining reference counter since this is an actor worker.
[2026-09-04 01:12:01,006 I 2380 2380] core_worker_shutdown_executor.cc:303: Try killing all child processes of this worker as it exits. Child process pids: 4468,14885,14893
[2026-09-04 01:12:01,006 I 2380 2380] core_worker_shutdown_executor.cc:312: Kill result for child pid 4468: Success, bool 0
[2026-09-04 01:12:01,006 I 2380 2380] core_worker_shutdown_executor.cc:312: Kill result for child pid 14885: Success, bool 0
[2026-09-04 01:12:01,006 I 2380 2380] core_worker_shutdown_executor.cc:312: Kill result for child pid 14893: Success, bool 0
[2026-09-04 01:12:01,010 I 2380 2380] core_worker_shutdown_executor.cc:368: Sending disconnect message to the local raylet.
[2026-09-04 01:12:01,010 I 2380 2380] raylet_ipc_client.cc:133: RayletIpcClient::Disconnect, exit_type=INTENDED_SYSTEM_EXIT, exit_detail=Worker exits because the actor is killed. The actor is dead because all references to the actor were removed including lineage ref count., has creation_task_exception_pb_bytes=0
[2026-09-04 01:12:01,011 I 2380 2380] core_worker_shutdown_executor.cc:384: Disconnected from the local raylet.
[2026-09-04 01:12:01,011 I 2380 2380] task_event_buffer.cc:548: Shutting down TaskEventBuffer.
[2026-09-04 01:12:01,011 I 2380 2743] task_event_buffer.cc:507: Task event buffer io service stopped.
[2026-09-04 01:12:01,011 I 2380 2380] ray_event_recorder_base.cc:69: Stopping RayEventRecorder and flushing remaining events.
[2026-09-04 01:12:01,011 I 2380 2380] core_worker_shutdown_executor.cc:92: Waiting for joining a core worker io thread. If it hangs here, there might be deadlock or a high load in the core worker io service.
[2026-09-04 01:12:01,011 I 2380 2702] core_worker_process.cc:199: Core worker main io service stopped.
[2026-09-04 01:12:01,012 I 2380 2380] core_worker_shutdown_executor.cc:109: Waiting for joining the object-freed callback thread.
[2026-09-04 01:12:01,012 I 2380 2703] core_worker_process.cc:219: Object-freed callback service stopped.
[2026-09-04 01:12:01,015 I 2380 2380] core_worker_shutdown_executor.cc:118: Disconnecting a GCS client.
[2026-09-04 01:12:01,016 I 2380 2380] core_worker_shutdown_executor.cc:125: Core worker ready to be deallocated.
[2026-09-04 01:12:01,016 I 2380 2380] core_worker_process.cc:1054: Task execution loop terminated. Waiting for shutdown to complete...
[2026-09-04 01:12:01,016 I 2380 2380] core_worker_shutdown_executor.cc:43: Shutdown completed successfully
[2026-09-04 01:12:01,016 I 2380 2380] core_worker_process.cc:1056: Shutdown complete. Removing the global worker.
[2026-09-04 01:12:01,016 I 2380 2380] core_worker_shutdown_executor.cc:43: Shutdown completed successfully
[2026-09-04 01:12:01,017 I 2380 2380] core_worker.cc:584: Core worker is destructed
[2026-09-04 01:12:07,675 I 2380 2380] core_worker_process.cc:950: Destructing CoreWorkerProcessImpl. pid: 2380
[2026-09-04 01:12:07,676 I 2380 2380] stats.h:176: Stats module has shutdown.
