:job_id:01000000
:actor_name:MegatronTrainRayActor
[2026-09-04 00:59:00.882 actor_cell0_rank7] structured_log.py:23 - ft cls=MegatronTrainRayActor fn=init phase=start
[2026-09-04 00:59:00.882 actor_cell0_rank7] reloadable_process_group.py:21 - Applying monkey patch to torch.distributed
[2026-09-04 00:59:02.967 actor_cell0_rank7] train_actor.py:132 - Set NUMA affinity for GPU 7
[2026-09-04 00:59:13.659 actor_cell0_rank7] actor.py:162 - Set torch_memory_saver.memory_margin_bytes to 1073741824
/root/Megatron-LM/megatron/core/transformer/transformer_config.py:2278: UserWarning: If you are using transformer_engine as the transformer implementation, the core_attn is from transformer_engine and may be the fused version. For fused attention, you have no need to set 'core_attn' to recompute. Please check that the core_attn recompute is really needed.
  warnings.warn(
/root/Megatron-LM/megatron/core/models/mimo/config/base_configs.py:12: UserWarning: MimoModelConfig is experimental and still under active development. The API may change without notice in future releases.
  class MimoModelConfig:
/usr/local/lib/python3.12/dist-packages/torch/distributed/checkpoint/utils.py:485: UserWarning: torch.distributed is disabled, unavailable or uninitialized, assuming the intent is to load in a single process.
  return func(*args, **kwargs)
[2026-09-04 00:59:29.925 actor_cell0_rank7] utils.py:996 - make_tp_sharded_tensor_for_checkpoint received extra kwargs: ['allow_shape_mismatch']
/usr/local/lib/python3.12/dist-packages/torch/distributed/checkpoint/logger.py:90: UserWarning: The argument order of load has been changed. Please check the document to avoid future breakages.
  result = func(*args, **kwargs)
/usr/local/lib/python3.12/dist-packages/torch/distributed/checkpoint/utils.py:483: UserWarning: torch.distributed is disabled, unavailable or uninitialized, assuming the intent is to load in a single process.
  return func(args[0], **kwargs)
/usr/local/lib/python3.12/dist-packages/torch/distributed/checkpoint/planner_helpers.py:489: FutureWarning: Please use DTensor instead and we are deprecating ShardedTensor.
  device = getattr(value, "device", None)
/usr/local/lib/python3.12/dist-packages/torch/distributed/checkpoint/default_planner.py:503: FutureWarning: Please use DTensor instead and we are deprecating ShardedTensor.
  and md.size != obj.size()
[2026-09-04 00:59:40.800 actor_cell0_rank7] structured_log.py:23 - ft cls=MegatronTrainRayActor fn=sleep phase=start
[2026-09-04 00:59:41.796 actor_cell0_rank7] memory_utils.py:41 - [Rank 7] Memory-Usage before offload model: {'gpu': '7', 'total_GB': 178.34, 'free_GB': 139.31, 'used_GB': 39.03, 'allocated_GB': 36.18, 'reserved_GB': 36.19}
[2026-09-04 00:59:44.528 actor_cell0_rank7] memory_utils.py:41 - [Rank 7] Memory-Usage after offload model: {'gpu': '7', 'total_GB': 178.34, 'free_GB': 175.48, 'used_GB': 2.87, 'allocated_GB': 36.18, 'reserved_GB': 36.19}
[2026-09-04 00:59:44.528 actor_cell0_rank7] structured_log.py:27 - ft cls=MegatronTrainRayActor fn=sleep phase=end ok=true elapsed_s=3.7
[2026-09-04 00:59:44.528 actor_cell0_rank7] structured_log.py:27 - ft cls=MegatronTrainRayActor fn=init phase=end ok=true elapsed_s=43.6
[2026-09-04 01:01:07.192 actor_cell0_rank7] structured_log.py:23 - ft cls=MegatronTrainRayActor fn=wake_up phase=start
[2026-09-04 01:01:07.192 actor_cell0_rank7] memory_utils.py:41 - [Rank 7] Memory-Usage before wake_up model: {'gpu': '7', 'total_GB': 178.34, 'free_GB': 172.62, 'used_GB': 5.72, 'allocated_GB': 36.18, 'reserved_GB': 36.19}
[2026-09-04 01:01:09.358 actor_cell0_rank7] reloadable_process_group.py:151 - Reloading 19 process groups in pid 961
[2026-09-04 01:01:09.360 actor_cell0_rank7] memory_utils.py:41 - [Rank 7] Memory-Usage after wake_up model: {'gpu': '7', 'total_GB': 178.34, 'free_GB': 136.45, 'used_GB': 41.89, 'allocated_GB': 36.18, 'reserved_GB': 36.19}
[2026-09-04 01:01:09.360 actor_cell0_rank7] structured_log.py:27 - ft cls=MegatronTrainRayActor fn=wake_up phase=end ok=true elapsed_s=2.2
[2026-09-04 01:01:09.513 actor_cell0_rank7] structured_log.py:23 - ft cls=MegatronTrainRayActor fn=update_weights phase=start
[2026-09-04 01:01:09.540 actor_cell0_rank7] memory_utils.py:41 - [Rank 7] Memory-Usage before update_weights: {'gpu': '7', 'total_GB': 178.34, 'free_GB': 136.45, 'used_GB': 41.89, 'allocated_GB': 36.18, 'reserved_GB': 36.19}
[2026-09-04 01:01:22.715 actor_cell0_rank7] memory_utils.py:41 - [Rank 7] Memory-Usage after update_weights: {'gpu': '7', 'total_GB': 178.34, 'free_GB': 134.38, 'used_GB': 43.97, 'allocated_GB': 36.18, 'reserved_GB': 37.2}
[2026-09-04 01:01:22.751 actor_cell0_rank7] structured_log.py:27 - ft cls=MegatronTrainRayActor fn=update_weights phase=end ok=true elapsed_s=13.2
[2026-09-04 01:01:22.775 actor_cell0_rank7] structured_log.py:23 - ft cls=MegatronTrainRayActor fn=sleep phase=start
[2026-09-04 01:01:23.709 actor_cell0_rank7] memory_utils.py:41 - [Rank 7] Memory-Usage before offload model: {'gpu': '7', 'total_GB': 178.34, 'free_GB': 135.39, 'used_GB': 42.96, 'allocated_GB': 36.18, 'reserved_GB': 36.19}
[2026-09-04 01:01:26.432 actor_cell0_rank7] memory_utils.py:41 - [Rank 7] Memory-Usage after offload model: {'gpu': '7', 'total_GB': 178.34, 'free_GB': 172.62, 'used_GB': 5.72, 'allocated_GB': 36.18, 'reserved_GB': 36.19}
[2026-09-04 01:01:26.432 actor_cell0_rank7] structured_log.py:27 - ft cls=MegatronTrainRayActor fn=sleep phase=end ok=true elapsed_s=3.7
[2026-09-04 01:05:13.633 actor_cell0_rank7] structured_log.py:23 - ft cls=MegatronTrainRayActor fn=train phase=start
[2026-09-04 01:05:13.633 actor_cell0_rank7] structured_log.py:23 - ft cls=MegatronTrainRayActor fn=wake_up phase=start
[2026-09-04 01:05:13.636 actor_cell0_rank7] memory_utils.py:41 - [Rank 7] Memory-Usage before wake_up model: {'gpu': '7', 'total_GB': 178.34, 'free_GB': 171.92, 'used_GB': 6.42, 'allocated_GB': 36.18, 'reserved_GB': 36.19}
[2026-09-04 01:05:15.816 actor_cell0_rank7] reloadable_process_group.py:151 - Reloading 19 process groups in pid 961
[2026-09-04 01:05:15.819 actor_cell0_rank7] memory_utils.py:41 - [Rank 7] Memory-Usage after wake_up model: {'gpu': '7', 'total_GB': 178.34, 'free_GB': 135.75, 'used_GB': 42.59, 'allocated_GB': 36.18, 'reserved_GB': 36.19}
[2026-09-04 01:05:15.819 actor_cell0_rank7] structured_log.py:27 - ft cls=MegatronTrainRayActor fn=wake_up phase=end ok=true elapsed_s=2.2
[2026-09-04 01:05:15.820 actor_cell0_rank7] structured_log.py:23 - ft cls=MegatronTrainRayActor fn=train_actor phase=start
[2026-09-04 01:05:18.295 actor_cell0_rank7] log_utils.py:100 - ft op=cross_cell phase=start kind=log_gather rank=7
[2026-09-04 01:05:18.299 actor_cell0_rank7] log_utils.py:106 - ft op=cross_cell phase=end kind=log_gather rank=7 success=true
[WARNING] Field "span" in type "ir.TupleType" duplicates an ancestor field in "ir.Type". Child types should not re-register inherited fields.
[WARNING] Field "span" in type "ir.FuncType" duplicates an ancestor field in "ir.Type". Child types should not re-register inherited fields.
[WARNING] Field "span" in type "ir.TensorMapType" duplicates an ancestor field in "ir.Type". Child types should not re-register inherited fields.
[WARNING] Field "binding_blocks" in type "script.ir_builder.relax.FunctionFrame" duplicates an ancestor field in "script.ir_builder.relax.SeqExprFrame". Child types should not re-register inherited fields.
[WARNING] Field "output" in type "script.ir_builder.relax.FunctionFrame" duplicates an ancestor field in "script.ir_builder.relax.SeqExprFrame". Child types should not re-register inherited fields.
/usr/local/lib/python3.12/dist-packages/tvm_ffi/registry.py:85: UserWarning: Field 'span' in 'ir.TupleType' duplicates an ancestor field. Child types should not re-register inherited fields.
  info = core._register_object_by_index(type_index, cls)
/usr/local/lib/python3.12/dist-packages/tvm_ffi/registry.py:85: UserWarning: Field 'span' in 'ir.FuncType' duplicates an ancestor field. Child types should not re-register inherited fields.
  info = core._register_object_by_index(type_index, cls)
/usr/local/lib/python3.12/dist-packages/tvm_ffi/registry.py:85: UserWarning: Field 'span' in 'ir.TensorMapType' duplicates an ancestor field. Child types should not re-register inherited fields.
  info = core._register_object_by_index(type_index, cls)
/usr/local/lib/python3.12/dist-packages/tvm_ffi/registry.py:85: UserWarning: Field 'name' in 'relax.TEPlaceholderOp' duplicates an ancestor field. Child types should not re-register inherited fields.
  info = core._register_object_by_index(type_index, cls)
/usr/local/lib/python3.12/dist-packages/tvm_ffi/registry.py:85: UserWarning: Field 'tag' in 'relax.TEPlaceholderOp' duplicates an ancestor field. Child types should not re-register inherited fields.
  info = core._register_object_by_index(type_index, cls)
/usr/local/lib/python3.12/dist-packages/tvm_ffi/registry.py:85: UserWarning: Field 'attrs' in 'relax.TEPlaceholderOp' duplicates an ancestor field. Child types should not re-register inherited fields.
  info = core._register_object_by_index(type_index, cls)
/usr/local/lib/python3.12/dist-packages/tvm_ffi/registry.py:85: UserWarning: Field 'shape' in 'relax.TEPlaceholderOp' duplicates an ancestor field. Child types should not re-register inherited fields.
  info = core._register_object_by_index(type_index, cls)
/usr/local/lib/python3.12/dist-packages/tvm_ffi/registry.py:85: UserWarning: Field 'dtype' in 'relax.TEPlaceholderOp' duplicates an ancestor field. Child types should not re-register inherited fields.
  info = core._register_object_by_index(type_index, cls)
[WARNING] Field "policy_type" in type "tl.GemmSPWarpPolicy" duplicates an ancestor field in "tl.GemmWarpPolicy". Child types should not re-register inherited fields.
[WARNING] Field "m_warp" in type "tl.GemmSPWarpPolicy" duplicates an ancestor field in "tl.GemmWarpPolicy". Child types should not re-register inherited fields.
[WARNING] Field "n_warp" in type "tl.GemmSPWarpPolicy" duplicates an ancestor field in "tl.GemmWarpPolicy". Child types should not re-register inherited fields.
/usr/local/lib/python3.12/dist-packages/tvm_ffi/registry.py:85: UserWarning: Field 'policy_type' in 'tl.GemmSPWarpPolicy' duplicates an ancestor field. Child types should not re-register inherited fields.
  info = core._register_object_by_index(type_index, cls)
/usr/local/lib/python3.12/dist-packages/tvm_ffi/registry.py:85: UserWarning: Field 'm_warp' in 'tl.GemmSPWarpPolicy' duplicates an ancestor field. Child types should not re-register inherited fields.
  info = core._register_object_by_index(type_index, cls)
/usr/local/lib/python3.12/dist-packages/tvm_ffi/registry.py:85: UserWarning: Field 'n_warp' in 'tl.GemmSPWarpPolicy' duplicates an ancestor field. Child types should not re-register inherited fields.
  info = core._register_object_by_index(type_index, cls)
[2026-09-04 01:05:21.243 actor_cell0_rank7] __init__.py:209 - [FLA Backend] gated_delta_rule.chunk_gated_delta_rule -> flash_qla
/usr/local/lib/python3.12/dist-packages/torch/distributed/c10d_logger.py:83: FutureWarning: `torch.distributed.all_gather_into_tensor` is deprecated. Please use `torch.distributed.all_gather_single` instead.
  return func(*args, **kwargs)
/usr/local/lib/python3.12/dist-packages/torch/distributed/c10d_logger.py:83: FutureWarning: `torch.distributed.all_gather_into_tensor` is deprecated. Please use `torch.distributed.all_gather_single` instead.
  return func(*args, **kwargs)
/usr/local/lib/python3.12/dist-packages/nvidia_cutlass_dsl/dsl_packages/cutlass/base_dsl/dsl.py:2309: UserWarning: Argument aux_data (position 18) cannot be converted to a JitArgument for function 'cutlass___call___flash_attncutesm100_hd256_2cta_fmha_forwardBlackwellFusedMultiHeadAttentionForward_object_at__Tensorgmemoi64i641_Tensorgmemoi64i641_Tensorgmemoi64i641_Tensorgmemoi'. Its type `<class 'flash_attn.cute.utils.AuxData'>` is not supported. If the value is known at compile time, annotate it: `aux_data: Constexpr`. Otherwise, implement the `JitArgument` or `DynamicExpression` protocol for type `<class 'flash_attn.cute.utils.AuxData'>`, or register a custom argument adapter.
  exe_args, func_types, adapted_args = self.generate_mlir_function_types(
/campaign/miles/miles/backends/training_utils/loss.py:218: UserWarning: To copy construct from a tensor, it is recommended to use sourceTensor.detach().clone() or sourceTensor.detach().clone().requires_grad_(True), rather than torch.tensor(sourceTensor).
  torch.tensor(num_tokens if args.calculate_per_token_loss else 1, device=logits.device),
/usr/local/lib/python3.12/dist-packages/nvidia_cutlass_dsl/dsl_packages/cutlass/base_dsl/dsl.py:2309: UserWarning: Argument aux_data (position 21) cannot be converted to a JitArgument for function 'cutlass___call___flash_attncutesm100_hd256_2cta_fmha_backwardBlackwellFusedMultiHeadAttentionBackward_object_at__Tensorgmemoi64i641_Tensorgmemoi64i641_Tensorgmemoi64i641_Tensorgmem'. Its type `<class 'flash_attn.cute.utils.AuxData'>` is not supported. If the value is known at compile time, annotate it: `aux_data: Constexpr`. Otherwise, implement the `JitArgument` or `DynamicExpression` protocol for type `<class 'flash_attn.cute.utils.AuxData'>`, or register a custom argument adapter.
  exe_args, func_types, adapted_args = self.generate_mlir_function_types(
/root/Megatron-LM/megatron/core/pipeline_parallel/schedules.py:220: UserWarning: The AccumulateGrad node's stream does not match the stream of the node that produced the incoming gradient. This may incur unnecessary synchronization and break CUDA graph capture if the AccumulateGrad node's stream is the default stream. This mismatch is caused by an AccumulateGrad node created prior to the current iteration being kept alive. This can happen if the autograd graph is still being kept alive by tensors such as the loss, or if you are using DDP, which will stash a reference to the node. To resolve the mismatch, delete all references to the autograd graph or ensure that DDP initialization is performed under the same stream as subsequent forwards. If the mismatch is intentional, you can use torch.autograd.graph.set_warn_on_accumulate_grad_stream_mismatch(False) to suppress this warning. (Triggered internally at /__w/pytorch/pytorch/torch/csrc/autograd/input_buffer.cpp:310.)
  Variable._execution_engine.run_backward(
/usr/local/lib/python3.12/dist-packages/torch/distributed/c10d_logger.py:83: FutureWarning: `torch.distributed.reduce_scatter_tensor` is deprecated. Please use `torch.distributed.reduce_scatter_single` instead.
  return func(*args, **kwargs)
/usr/local/lib/python3.12/dist-packages/torch/distributed/c10d_logger.py:83: FutureWarning: `torch.distributed.all_gather_into_tensor` is deprecated. Please use `torch.distributed.all_gather_single` instead.
  return func(*args, **kwargs)
[2026-09-04 01:06:16.690 actor_cell0_rank7] model.py:642 - ft op=train_step rollout=0 step=0 attempt=0 outcome=NORMAL valid_step=true
[2026-09-04 01:06:16.893 actor_cell0_rank7] structured_log.py:27 - ft cls=MegatronTrainRayActor fn=train_actor phase=end ok=true elapsed_s=61.1
[2026-09-04 01:06:16.893 actor_cell0_rank7] structured_log.py:27 - ft cls=MegatronTrainRayActor fn=train phase=end ok=true elapsed_s=63.3
[2026-09-04 01:06:16.904 actor_cell0_rank7] structured_log.py:23 - ft cls=MegatronTrainRayActor fn=sleep phase=start
[2026-09-04 01:06:18.997 actor_cell0_rank7] memory_utils.py:41 - [Rank 7] Memory-Usage before offload model: {'gpu': '7', 'total_GB': 178.34, 'free_GB': 112.54, 'used_GB': 65.8, 'allocated_GB': 37.71, 'reserved_GB': 48.08}
[2026-09-04 01:06:32.089 actor_cell0_rank7] memory_utils.py:41 - [Rank 7] Memory-Usage after offload model: {'gpu': '7', 'total_GB': 178.34, 'free_GB': 170.72, 'used_GB': 7.62, 'allocated_GB': 37.71, 'reserved_GB': 48.08}
[2026-09-04 01:06:32.090 actor_cell0_rank7] structured_log.py:27 - ft cls=MegatronTrainRayActor fn=sleep phase=end ok=true elapsed_s=15.2
[2026-09-04 01:06:35.160 actor_cell0_rank7] structured_log.py:23 - ft cls=MegatronTrainRayActor fn=wake_up phase=start
[2026-09-04 01:06:35.161 actor_cell0_rank7] memory_utils.py:41 - [Rank 7] Memory-Usage before wake_up model: {'gpu': '7', 'total_GB': 178.34, 'free_GB': 170.72, 'used_GB': 7.62, 'allocated_GB': 37.71, 'reserved_GB': 48.08}
[2026-09-04 01:06:39.521 actor_cell0_rank7] reloadable_process_group.py:151 - Reloading 19 process groups in pid 961
[2026-09-04 01:06:39.523 actor_cell0_rank7] memory_utils.py:41 - [Rank 7] Memory-Usage after wake_up model: {'gpu': '7', 'total_GB': 178.34, 'free_GB': 122.68, 'used_GB': 55.66, 'allocated_GB': 37.71, 'reserved_GB': 48.08}
[2026-09-04 01:06:39.523 actor_cell0_rank7] structured_log.py:27 - ft cls=MegatronTrainRayActor fn=wake_up phase=end ok=true elapsed_s=4.4
[2026-09-04 01:06:40.667 actor_cell0_rank7] structured_log.py:23 - ft cls=MegatronTrainRayActor fn=update_weights phase=start
[2026-09-04 01:06:40.668 actor_cell0_rank7] memory_utils.py:41 - [Rank 7] Memory-Usage before update_weights: {'gpu': '7', 'total_GB': 178.34, 'free_GB': 122.68, 'used_GB': 55.66, 'allocated_GB': 37.71, 'reserved_GB': 48.08}
[2026-09-04 01:06:46.432 actor_cell0_rank7] memory_utils.py:41 - [Rank 7] Memory-Usage after update_weights: {'gpu': '7', 'total_GB': 178.34, 'free_GB': 120.61, 'used_GB': 57.74, 'allocated_GB': 37.71, 'reserved_GB': 49.09}
[2026-09-04 01:06:46.558 actor_cell0_rank7] structured_log.py:27 - ft cls=MegatronTrainRayActor fn=update_weights phase=end ok=true elapsed_s=5.9
[2026-09-04 01:06:46.567 actor_cell0_rank7] structured_log.py:23 - ft cls=MegatronTrainRayActor fn=sleep phase=start
[2026-09-04 01:06:47.599 actor_cell0_rank7] memory_utils.py:41 - [Rank 7] Memory-Usage before offload model: {'gpu': '7', 'total_GB': 178.34, 'free_GB': 121.62, 'used_GB': 56.73, 'allocated_GB': 37.71, 'reserved_GB': 48.08}
[2026-09-04 01:06:55.924 actor_cell0_rank7] memory_utils.py:41 - [Rank 7] Memory-Usage after offload model: {'gpu': '7', 'total_GB': 178.34, 'free_GB': 170.72, 'used_GB': 7.62, 'allocated_GB': 37.71, 'reserved_GB': 48.08}
[2026-09-04 01:06:55.925 actor_cell0_rank7] structured_log.py:27 - ft cls=MegatronTrainRayActor fn=sleep phase=end ok=true elapsed_s=9.4
[2026-09-04 01:09:15.546 actor_cell0_rank7] structured_log.py:23 - ft cls=MegatronTrainRayActor fn=train phase=start
[2026-09-04 01:09:15.546 actor_cell0_rank7] structured_log.py:23 - ft cls=MegatronTrainRayActor fn=wake_up phase=start
[2026-09-04 01:09:15.548 actor_cell0_rank7] memory_utils.py:41 - [Rank 7] Memory-Usage before wake_up model: {'gpu': '7', 'total_GB': 178.34, 'free_GB': 170.72, 'used_GB': 7.62, 'allocated_GB': 37.71, 'reserved_GB': 48.08}
[2026-09-04 01:09:20.030 actor_cell0_rank7] reloadable_process_group.py:151 - Reloading 19 process groups in pid 961
[2026-09-04 01:09:20.041 actor_cell0_rank7] memory_utils.py:41 - [Rank 7] Memory-Usage after wake_up model: {'gpu': '7', 'total_GB': 178.34, 'free_GB': 122.68, 'used_GB': 55.66, 'allocated_GB': 37.71, 'reserved_GB': 48.08}
[2026-09-04 01:09:20.041 actor_cell0_rank7] structured_log.py:27 - ft cls=MegatronTrainRayActor fn=wake_up phase=end ok=true elapsed_s=4.5
[2026-09-04 01:09:20.043 actor_cell0_rank7] structured_log.py:23 - ft cls=MegatronTrainRayActor fn=train_actor phase=start
[2026-09-04 01:09:24.459 actor_cell0_rank7] log_utils.py:100 - ft op=cross_cell phase=start kind=log_gather rank=7
[2026-09-04 01:09:24.462 actor_cell0_rank7] log_utils.py:106 - ft op=cross_cell phase=end kind=log_gather rank=7 success=true
/usr/local/lib/python3.12/dist-packages/torch/distributed/c10d_logger.py:83: FutureWarning: `torch.distributed.all_gather_into_tensor` is deprecated. Please use `torch.distributed.all_gather_single` instead.
  return func(*args, **kwargs)
/usr/local/lib/python3.12/dist-packages/torch/distributed/c10d_logger.py:83: FutureWarning: `torch.distributed.all_gather_into_tensor` is deprecated. Please use `torch.distributed.all_gather_single` instead.
  return func(*args, **kwargs)
/campaign/miles/miles/backends/training_utils/loss.py:218: UserWarning: To copy construct from a tensor, it is recommended to use sourceTensor.detach().clone() or sourceTensor.detach().clone().requires_grad_(True), rather than torch.tensor(sourceTensor).
  torch.tensor(num_tokens if args.calculate_per_token_loss else 1, device=logits.device),
/usr/local/lib/python3.12/dist-packages/torch/distributed/c10d_logger.py:83: FutureWarning: `torch.distributed.reduce_scatter_tensor` is deprecated. Please use `torch.distributed.reduce_scatter_single` instead.
  return func(*args, **kwargs)
/usr/local/lib/python3.12/dist-packages/torch/distributed/c10d_logger.py:83: FutureWarning: `torch.distributed.all_gather_into_tensor` is deprecated. Please use `torch.distributed.all_gather_single` instead.
  return func(*args, **kwargs)
[2026-09-04 01:10:01.069 actor_cell0_rank7] model.py:642 - ft op=train_step rollout=1 step=0 attempt=0 outcome=NORMAL valid_step=true
[2026-09-04 01:10:01.207 actor_cell0_rank7] structured_log.py:27 - ft cls=MegatronTrainRayActor fn=train_actor phase=end ok=true elapsed_s=41.2
[2026-09-04 01:10:01.207 actor_cell0_rank7] structured_log.py:27 - ft cls=MegatronTrainRayActor fn=train phase=end ok=true elapsed_s=45.7
[2026-09-04 01:10:01.218 actor_cell0_rank7] structured_log.py:23 - ft cls=MegatronTrainRayActor fn=sleep phase=start
[2026-09-04 01:10:03.533 actor_cell0_rank7] memory_utils.py:41 - [Rank 7] Memory-Usage before offload model: {'gpu': '7', 'total_GB': 178.34, 'free_GB': 112.76, 'used_GB': 65.58, 'allocated_GB': 37.92, 'reserved_GB': 47.85}
[2026-09-04 01:10:16.774 actor_cell0_rank7] memory_utils.py:41 - [Rank 7] Memory-Usage after offload model: {'gpu': '7', 'total_GB': 178.34, 'free_GB': 170.72, 'used_GB': 7.63, 'allocated_GB': 37.92, 'reserved_GB': 47.85}
[2026-09-04 01:10:16.774 actor_cell0_rank7] structured_log.py:27 - ft cls=MegatronTrainRayActor fn=sleep phase=end ok=true elapsed_s=15.6
[2026-09-04 01:10:19.231 actor_cell0_rank7] structured_log.py:23 - ft cls=MegatronTrainRayActor fn=wake_up phase=start
[2026-09-04 01:10:19.236 actor_cell0_rank7] memory_utils.py:41 - [Rank 7] Memory-Usage before wake_up model: {'gpu': '7', 'total_GB': 178.34, 'free_GB': 170.72, 'used_GB': 7.63, 'allocated_GB': 37.92, 'reserved_GB': 47.85}
[2026-09-04 01:10:24.802 actor_cell0_rank7] reloadable_process_group.py:151 - Reloading 19 process groups in pid 961
[2026-09-04 01:10:24.804 actor_cell0_rank7] memory_utils.py:41 - [Rank 7] Memory-Usage after wake_up model: {'gpu': '7', 'total_GB': 178.34, 'free_GB': 122.9, 'used_GB': 55.45, 'allocated_GB': 37.92, 'reserved_GB': 47.85}
[2026-09-04 01:10:24.804 actor_cell0_rank7] structured_log.py:27 - ft cls=MegatronTrainRayActor fn=wake_up phase=end ok=true elapsed_s=5.6
[2026-09-04 01:10:25.346 actor_cell0_rank7] utils.py:996 - make_tp_sharded_tensor_for_checkpoint received extra kwargs: ['allow_shape_mismatch']
[2026-09-04 01:10:25.565 actor_cell0_rank7] validation.py:361 - Rank 7 common state dict differs from rank 0 common state dict. Keys only on rank 0: [], Keys only on 7: [], Mismatched keys: [(('args',), <class 'argparse.Namespace'>, <class 'argparse.Namespace'>)]
[2026-09-04 01:10:31.952 actor_cell0_rank7] torch.py:763 - MCore's async save is deprecated and will be removed in the future releases. Please, use NVRx async solution by setting `async_strategy` to `nvrx`.
[2026-09-04 01:10:45.456 actor_cell0_rank7] structured_log.py:23 - ft cls=MegatronTrainRayActor fn=sleep phase=start
[2026-09-04 01:10:48.243 actor_cell0_rank7] memory_utils.py:41 - [Rank 7] Memory-Usage before offload model: {'gpu': '7', 'total_GB': 178.34, 'free_GB': 121.12, 'used_GB': 57.22, 'allocated_GB': 37.92, 'reserved_GB': 47.85}
[2026-09-04 01:10:54.117 actor_cell0_rank7] memory_utils.py:41 - [Rank 7] Memory-Usage after offload model: {'gpu': '7', 'total_GB': 178.34, 'free_GB': 170.71, 'used_GB': 7.63, 'allocated_GB': 37.92, 'reserved_GB': 47.85}
[2026-09-04 01:10:54.118 actor_cell0_rank7] structured_log.py:27 - ft cls=MegatronTrainRayActor fn=sleep phase=end ok=true elapsed_s=8.7
[2026-09-04 01:11:38.648 actor_cell0_rank7] structured_log.py:23 - ft cls=MegatronTrainRayActor fn=wake_up phase=start
[2026-09-04 01:11:38.655 actor_cell0_rank7] memory_utils.py:41 - [Rank 7] Memory-Usage before wake_up model: {'gpu': '7', 'total_GB': 178.34, 'free_GB': 170.7, 'used_GB': 7.64, 'allocated_GB': 37.92, 'reserved_GB': 47.85}
[2026-09-04 01:11:43.525 actor_cell0_rank7] reloadable_process_group.py:151 - Reloading 19 process groups in pid 961
[2026-09-04 01:11:43.527 actor_cell0_rank7] memory_utils.py:41 - [Rank 7] Memory-Usage after wake_up model: {'gpu': '7', 'total_GB': 178.34, 'free_GB': 122.88, 'used_GB': 55.47, 'allocated_GB': 37.92, 'reserved_GB': 47.85}
[2026-09-04 01:11:43.527 actor_cell0_rank7] structured_log.py:27 - ft cls=MegatronTrainRayActor fn=wake_up phase=end ok=true elapsed_s=4.9
[2026-09-04 01:11:44.672 actor_cell0_rank7] structured_log.py:23 - ft cls=MegatronTrainRayActor fn=update_weights phase=start
[2026-09-04 01:11:44.676 actor_cell0_rank7] memory_utils.py:41 - [Rank 7] Memory-Usage before update_weights: {'gpu': '7', 'total_GB': 178.34, 'free_GB': 122.88, 'used_GB': 55.47, 'allocated_GB': 37.92, 'reserved_GB': 47.85}
[2026-09-04 01:11:49.962 actor_cell0_rank7] memory_utils.py:41 - [Rank 7] Memory-Usage after update_weights: {'gpu': '7', 'total_GB': 178.34, 'free_GB': 120.8, 'used_GB': 57.54, 'allocated_GB': 37.92, 'reserved_GB': 48.86}
[2026-09-04 01:11:50.270 actor_cell0_rank7] structured_log.py:27 - ft cls=MegatronTrainRayActor fn=update_weights phase=end ok=true elapsed_s=5.6
[2026-09-04 01:11:50.300 actor_cell0_rank7] structured_log.py:23 - ft cls=MegatronTrainRayActor fn=sleep phase=start
[2026-09-04 01:11:51.355 actor_cell0_rank7] memory_utils.py:41 - [Rank 7] Memory-Usage before offload model: {'gpu': '7', 'total_GB': 178.34, 'free_GB': 121.81, 'used_GB': 56.53, 'allocated_GB': 37.92, 'reserved_GB': 47.85}
[2026-09-04 01:11:57.992 actor_cell0_rank7] memory_utils.py:41 - [Rank 7] Memory-Usage after offload model: {'gpu': '7', 'total_GB': 178.34, 'free_GB': 170.7, 'used_GB': 7.64, 'allocated_GB': 37.92, 'reserved_GB': 47.85}
[2026-09-04 01:11:57.992 actor_cell0_rank7] structured_log.py:27 - ft cls=MegatronTrainRayActor fn=sleep phase=end ok=true elapsed_s=7.7
