[2026-09-04 01:16:41,670 I 1592 1592] core_worker_process.cc:868: Constructing CoreWorkerProcess. pid: 1592
[2026-09-04 01:16:41,671 I 1592 1592] event.cc:499: Ray Event initialized for CORE_WORKER
[2026-09-04 01:16:41,671 I 1592 1592] event.cc:499: Ray Event initialized for EXPORT_TASK
[2026-09-04 01:16:41,671 I 1592 1592] event.cc:332: Set ray event level to warning
[2026-09-04 01:16:41,673 I 1592 1592] grpc_server.cc:144: worker server started, listening on port 20048.
[2026-09-04 01:16:41,673 I 1592 1592] core_worker_process.cc:299: Initializing worker at address: 10.244.18.139:20048 worker_id=9ab5c126e765a3cfe5b6522f007039f542329abdaf058b557404a730 node_id=7ec92c2f54084c82224aaf290ba4b064a6946ba02865d6eabbdaa50f
[2026-09-04 01:16:41,674 I 1592 1592] task_event_buffer.cc:535: Reporting task events to GCS every 1000ms.
[2026-09-04 01:16:41,675 I 1592 1592] core_worker.cc:568: Adjusted worker niceness to 15
[2026-09-04 01:16:41,675 I 1592 4518] core_worker.cc:498: Event stats:


Global stats: 11 total (9 active)
Queueing time: mean = 0.00ms, max = 0.03ms, min = 0.01ms, total = 0.04ms
Execution time:  mean = 0.00ms, total = 0.02ms
Event stats:
	PeriodicalRunner.RunFnPeriodically - 8 total (6 active, 1 running), Execution time: mean = 0.00ms, total = 0.02ms, Queueing time: mean = 0.00ms, max = 0.03ms, min = 0.01ms, total = 0.04ms
	CoreWorker.ExitIfParentRayletDies - 1 total (1 active), Execution time: mean = 0.00ms, total = 0.00ms, Queueing time: mean = 0.00ms, max = -0.00ms, min = 9223372036854.78ms, total = 0.00ms
	Publisher.CheckDeadSubscribers - 1 total (1 active), Execution time: mean = 0.00ms, total = 0.00ms, Queueing time: mean = 0.00ms, max = -0.00ms, min = 9223372036854.78ms, total = 0.00ms
	ray::rpc::WorkerInfoGcsService.grpc_client.AddWorkerInfo - 1 total (1 active), Execution time: mean = 0.00ms, total = 0.00ms, Queueing time: mean = 0.00ms, max = -0.00ms, min = 9223372036854.78ms, total = 0.00ms

-----------------
Task execution event stats:

Global stats: 0 total (0 active)
Queueing time: mean = -nanms, max = -0.00ms, min = 9223372036854.78ms, total = 0.00ms
Execution time:  mean = -nanms, total = 0.00ms
Event stats:

-----------------
Task Event stats:

IO Service Stats:

Global stats: 2 total (1 active)
Queueing time: mean = 0.00ms, max = 0.01ms, min = 0.01ms, total = 0.01ms
Execution time:  mean = 0.01ms, total = 0.03ms
Event stats:
	PeriodicalRunner.RunFnPeriodically - 1 total (0 active), Execution time: mean = 0.03ms, total = 0.03ms, Queueing time: mean = 0.01ms, max = 0.01ms, min = 0.01ms, total = 0.01ms
	CoreWorker.deadline_timer.flush_task_events - 1 total (1 active), Execution time: mean = 0.00ms, total = 0.00ms, Queueing time: mean = 0.00ms, max = -0.00ms, min = 9223372036854.78ms, total = 0.00ms
Other Stats:
	gcs_grpc_in_progress:0
	event_aggregator_grpc_in_progress:0
	current number of task status events in buffer: 0
	current number of profile events in buffer: 0
	current number of dropped task attempts tracked: 0
	total task events sent: 0 MiB
	total number of task attempts sent: 0
	total number of task attempts dropped reported: 0
	total number of sent failure: 0
	num status task events dropped: 0
	num profile task events dropped: 0
	num ray task events reported to aggregator: 0
	num ray task events failed to report to aggregator: 0
	num of task attempts dropped reported to aggregator: 0
	num of failed requests to aggregator: 0

[2026-09-04 01:17:41,675 I 1592 4518] core_worker.cc:498: Event stats:


Global stats: 818 total (8 active)
Queueing time: mean = 0.02ms, max = 0.15ms, min = 0.00ms, total = 15.13ms
Execution time:  mean = 0.00ms, total = 3.74ms
Event stats:
	CoreWorker.RecoverObjects - 600 total (1 active), Execution time: mean = 0.00ms, total = 1.35ms, Queueing time: mean = 0.02ms, max = 0.07ms, min = 0.00ms, total = 10.79ms
	CoreWorker.InternalHeartbeat - 60 total (1 active), Execution time: mean = 0.00ms, total = 0.18ms, Queueing time: mean = 0.02ms, max = 0.07ms, min = 0.00ms, total = 1.12ms
	CoreWorker.ExitIfParentRayletDies - 60 total (1 active), Execution time: mean = 0.01ms, total = 0.35ms, Queueing time: mean = 0.02ms, max = 0.06ms, min = 0.00ms, total = 1.07ms
	CoreWorker.ReportWorkerBacklog - 60 total (1 active), Execution time: mean = 0.00ms, total = 0.22ms, Queueing time: mean = 0.02ms, max = 0.06ms, min = 0.00ms, total = 1.09ms
	CoreWorker.RecordMetrics - 12 total (1 active), Execution time: mean = 0.02ms, total = 0.27ms, Queueing time: mean = 0.01ms, max = 0.04ms, min = 0.00ms, total = 0.15ms
	PeriodicalRunner.RunFnPeriodically - 8 total (0 active), Execution time: mean = 0.02ms, total = 0.14ms, Queueing time: mean = 0.09ms, max = 0.15ms, min = 0.01ms, total = 0.75ms
	CoreWorker.TryDelPendingObjectRefStreams - 6 total (1 active), Execution time: mean = 0.00ms, total = 0.01ms, Queueing time: mean = 0.01ms, max = 0.03ms, min = 0.01ms, total = 0.08ms
	CoreWorkerService.grpc_server.GetCoreWorkerStats - 4 total (0 active), Execution time: mean = 0.17ms, total = 0.68ms, Queueing time: mean = 0.00ms, max = -0.00ms, min = 9223372036854.78ms, total = 0.00ms
	CoreWorkerService.grpc_server.GetCoreWorkerStats.HandleRequestImpl - 4 total (0 active), Execution time: mean = 0.05ms, total = 0.20ms, Queueing time: mean = 0.01ms, max = 0.02ms, min = 0.01ms, total = 0.06ms
	CoreWorker.PrintEventStats - 1 total (1 active, 1 running), Execution time: mean = 0.00ms, total = 0.00ms, Queueing time: mean = 0.00ms, max = -0.00ms, min = 9223372036854.78ms, total = 0.00ms
	ray::rpc::WorkerInfoGcsService.grpc_client.AddWorkerInfo - 1 total (0 active), Execution time: mean = 0.31ms, total = 0.31ms, Queueing time: mean = 0.00ms, max = -0.00ms, min = 9223372036854.78ms, total = 0.00ms
	Publisher.CheckDeadSubscribers - 1 total (1 active), Execution time: mean = 0.00ms, total = 0.00ms, Queueing time: mean = 0.00ms, max = -0.00ms, min = 9223372036854.78ms, total = 0.00ms
	ray::rpc::WorkerInfoGcsService.grpc_client.AddWorkerInfo.OnReplyReceived - 1 total (0 active), Execution time: mean = 0.03ms, total = 0.03ms, Queueing time: mean = 0.01ms, max = 0.01ms, min = 0.01ms, total = 0.01ms

-----------------
Task execution event stats:

Global stats: 5992 total (1 active)
Queueing time: mean = 0.01ms, max = 0.08ms, min = 0.00ms, total = 82.66ms
Execution time:  mean = 0.00ms, total = 11.51ms
Event stats:
	CoreWorker.CheckSignal - 5991 total (1 active), Execution time: mean = 0.00ms, total = 11.51ms, Queueing time: mean = 0.01ms, max = 0.08ms, min = 0.00ms, total = 82.66ms
	PeriodicalRunner.RunFnPeriodically - 1 total (0 active), Execution time: mean = 0.01ms, total = 0.01ms, Queueing time: mean = 0.00ms, max = 0.00ms, min = 0.00ms, total = 0.00ms

-----------------
Task Event stats:

IO Service Stats:

Global stats: 61 total (1 active)
Queueing time: mean = 0.02ms, max = 0.04ms, min = 0.01ms, total = 1.22ms
Execution time:  mean = 0.01ms, total = 0.59ms
Event stats:
	CoreWorker.deadline_timer.flush_task_events - 60 total (1 active), Execution time: mean = 0.01ms, total = 0.57ms, Queueing time: mean = 0.02ms, max = 0.04ms, min = 0.01ms, total = 1.21ms
	PeriodicalRunner.RunFnPeriodically - 1 total (0 active), Execution time: mean = 0.03ms, total = 0.03ms, Queueing time: mean = 0.01ms, max = 0.01ms, min = 0.01ms, total = 0.01ms
Other Stats:
	gcs_grpc_in_progress:0
	event_aggregator_grpc_in_progress:0
	current number of task status events in buffer: 0
	current number of profile events in buffer: 0
	current number of dropped task attempts tracked: 0
	total task events sent: 0 MiB
	total number of task attempts sent: 0
	total number of task attempts dropped reported: 0
	total number of sent failure: 0
	num status task events dropped: 0
	num profile task events dropped: 0
	num ray task events reported to aggregator: 0
	num ray task events failed to report to aggregator: 0
	num of task attempts dropped reported to aggregator: 0
	num of failed requests to aggregator: 0

[2026-09-04 01:18:41,675 I 1592 4518] core_worker.cc:498: Event stats:


Global stats: 1625 total (8 active)
Queueing time: mean = 0.02ms, max = 0.15ms, min = 0.00ms, total = 33.84ms
Execution time:  mean = 0.00ms, total = 7.86ms
Event stats:
	CoreWorker.RecoverObjects - 1200 total (1 active), Execution time: mean = 0.00ms, total = 3.31ms, Queueing time: mean = 0.02ms, max = 0.10ms, min = 0.00ms, total = 24.43ms
	CoreWorker.InternalHeartbeat - 120 total (1 active), Execution time: mean = 0.00ms, total = 0.40ms, Queueing time: mean = 0.02ms, max = 0.07ms, min = 0.00ms, total = 2.75ms
	CoreWorker.ExitIfParentRayletDies - 120 total (1 active), Execution time: mean = 0.01ms, total = 0.82ms, Queueing time: mean = 0.02ms, max = 0.06ms, min = 0.00ms, total = 2.47ms
	CoreWorker.ReportWorkerBacklog - 120 total (1 active), Execution time: mean = 0.00ms, total = 0.47ms, Queueing time: mean = 0.02ms, max = 0.07ms, min = 0.00ms, total = 2.68ms
	CoreWorker.RecordMetrics - 24 total (1 active), Execution time: mean = 0.02ms, total = 0.57ms, Queueing time: mean = 0.02ms, max = 0.08ms, min = 0.00ms, total = 0.39ms
	CoreWorker.TryDelPendingObjectRefStreams - 12 total (1 active), Execution time: mean = 0.00ms, total = 0.02ms, Queueing time: mean = 0.02ms, max = 0.05ms, min = 0.01ms, total = 0.21ms
	CoreWorkerService.grpc_server.GetCoreWorkerStats - 8 total (0 active), Execution time: mean = 0.17ms, total = 1.34ms, Queueing time: mean = 0.00ms, max = -0.00ms, min = 9223372036854.78ms, total = 0.00ms
	CoreWorkerService.grpc_server.GetCoreWorkerStats.HandleRequestImpl - 8 total (0 active), Execution time: mean = 0.04ms, total = 0.31ms, Queueing time: mean = 0.02ms, max = 0.03ms, min = 0.01ms, total = 0.13ms
	PeriodicalRunner.RunFnPeriodically - 8 total (0 active), Execution time: mean = 0.02ms, total = 0.14ms, Queueing time: mean = 0.09ms, max = 0.15ms, min = 0.01ms, total = 0.75ms
	CoreWorker.PrintEventStats - 2 total (1 active, 1 running), Execution time: mean = 0.07ms, total = 0.14ms, Queueing time: mean = 0.01ms, max = 0.02ms, min = 0.02ms, total = 0.02ms
	ray::rpc::WorkerInfoGcsService.grpc_client.AddWorkerInfo - 1 total (0 active), Execution time: mean = 0.31ms, total = 0.31ms, Queueing time: mean = 0.00ms, max = -0.00ms, min = 9223372036854.78ms, total = 0.00ms
	Publisher.CheckDeadSubscribers - 1 total (1 active), Execution time: mean = 0.00ms, total = 0.00ms, Queueing time: mean = 0.00ms, max = -0.00ms, min = 9223372036854.78ms, total = 0.00ms
	ray::rpc::WorkerInfoGcsService.grpc_client.AddWorkerInfo.OnReplyReceived - 1 total (0 active), Execution time: mean = 0.03ms, total = 0.03ms, Queueing time: mean = 0.01ms, max = 0.01ms, min = 0.01ms, total = 0.01ms

-----------------
Task execution event stats:

Global stats: 11982 total (1 active)
Queueing time: mean = 0.01ms, max = 0.08ms, min = -0.01ms, total = 177.73ms
Execution time:  mean = 0.00ms, total = 27.59ms
Event stats:
	CoreWorker.CheckSignal - 11981 total (1 active), Execution time: mean = 0.00ms, total = 27.58ms, Queueing time: mean = 0.01ms, max = 0.08ms, min = -0.01ms, total = 177.72ms
	PeriodicalRunner.RunFnPeriodically - 1 total (0 active), Execution time: mean = 0.01ms, total = 0.01ms, Queueing time: mean = 0.00ms, max = 0.00ms, min = 0.00ms, total = 0.00ms

-----------------
Task Event stats:

IO Service Stats:

Global stats: 121 total (1 active)
Queueing time: mean = 0.02ms, max = 0.07ms, min = 0.01ms, total = 2.67ms
Execution time:  mean = 0.01ms, total = 1.29ms
Event stats:
	CoreWorker.deadline_timer.flush_task_events - 120 total (1 active), Execution time: mean = 0.01ms, total = 1.26ms, Queueing time: mean = 0.02ms, max = 0.07ms, min = 0.01ms, total = 2.66ms
	PeriodicalRunner.RunFnPeriodically - 1 total (0 active), Execution time: mean = 0.03ms, total = 0.03ms, Queueing time: mean = 0.01ms, max = 0.01ms, min = 0.01ms, total = 0.01ms
Other Stats:
	gcs_grpc_in_progress:0
	event_aggregator_grpc_in_progress:0
	current number of task status events in buffer: 0
	current number of profile events in buffer: 0
	current number of dropped task attempts tracked: 0
	total task events sent: 0 MiB
	total number of task attempts sent: 0
	total number of task attempts dropped reported: 0
	total number of sent failure: 0
	num status task events dropped: 0
	num profile task events dropped: 0
	num ray task events reported to aggregator: 0
	num ray task events failed to report to aggregator: 0
	num of task attempts dropped reported to aggregator: 0
	num of failed requests to aggregator: 0

[2026-09-04 01:19:41,675 I 1592 4518] core_worker.cc:498: Event stats:


Global stats: 2432 total (8 active)
Queueing time: mean = 0.02ms, max = 0.15ms, min = 0.00ms, total = 47.41ms
Execution time:  mean = 0.00ms, total = 11.26ms
Event stats:
	CoreWorker.RecoverObjects - 1800 total (1 active), Execution time: mean = 0.00ms, total = 4.71ms, Queueing time: mean = 0.02ms, max = 0.10ms, min = 0.00ms, total = 34.76ms
	CoreWorker.InternalHeartbeat - 180 total (1 active), Execution time: mean = 0.00ms, total = 0.62ms, Queueing time: mean = 0.02ms, max = 0.07ms, min = 0.00ms, total = 3.72ms
	CoreWorker.ExitIfParentRayletDies - 180 total (1 active), Execution time: mean = 0.01ms, total = 1.11ms, Queueing time: mean = 0.02ms, max = 0.06ms, min = 0.00ms, total = 3.37ms
	CoreWorker.ReportWorkerBacklog - 180 total (1 active), Execution time: mean = 0.00ms, total = 0.70ms, Queueing time: mean = 0.02ms, max = 0.07ms, min = 0.00ms, total = 3.64ms
	CoreWorker.RecordMetrics - 36 total (1 active), Execution time: mean = 0.02ms, total = 0.87ms, Queueing time: mean = 0.01ms, max = 0.08ms, min = 0.00ms, total = 0.50ms
	CoreWorker.TryDelPendingObjectRefStreams - 18 total (1 active), Execution time: mean = 0.00ms, total = 0.04ms, Queueing time: mean = 0.02ms, max = 0.08ms, min = 0.01ms, total = 0.36ms
	CoreWorkerService.grpc_server.GetCoreWorkerStats - 12 total (0 active), Execution time: mean = 0.17ms, total = 2.00ms, Queueing time: mean = 0.00ms, max = -0.00ms, min = 9223372036854.78ms, total = 0.00ms
	CoreWorkerService.grpc_server.GetCoreWorkerStats.HandleRequestImpl - 12 total (0 active), Execution time: mean = 0.04ms, total = 0.43ms, Queueing time: mean = 0.02ms, max = 0.04ms, min = 0.01ms, total = 0.25ms
	PeriodicalRunner.RunFnPeriodically - 8 total (0 active), Execution time: mean = 0.02ms, total = 0.14ms, Queueing time: mean = 0.09ms, max = 0.15ms, min = 0.01ms, total = 0.75ms
	CoreWorker.PrintEventStats - 3 total (1 active, 1 running), Execution time: mean = 0.10ms, total = 0.29ms, Queueing time: mean = 0.01ms, max = 0.02ms, min = 0.02ms, total = 0.04ms
	ray::rpc::WorkerInfoGcsService.grpc_client.AddWorkerInfo - 1 total (0 active), Execution time: mean = 0.31ms, total = 0.31ms, Queueing time: mean = 0.00ms, max = -0.00ms, min = 9223372036854.78ms, total = 0.00ms
	Publisher.CheckDeadSubscribers - 1 total (1 active), Execution time: mean = 0.00ms, total = 0.00ms, Queueing time: mean = 0.00ms, max = -0.00ms, min = 9223372036854.78ms, total = 0.00ms
	ray::rpc::WorkerInfoGcsService.grpc_client.AddWorkerInfo.OnReplyReceived - 1 total (0 active), Execution time: mean = 0.03ms, total = 0.03ms, Queueing time: mean = 0.01ms, max = 0.01ms, min = 0.01ms, total = 0.01ms

-----------------
Task execution event stats:

Global stats: 17973 total (1 active)
Queueing time: mean = 0.01ms, max = 0.08ms, min = -0.01ms, total = 259.81ms
Execution time:  mean = 0.00ms, total = 41.29ms
Event stats:
	CoreWorker.CheckSignal - 17972 total (1 active), Execution time: mean = 0.00ms, total = 41.29ms, Queueing time: mean = 0.01ms, max = 0.08ms, min = -0.01ms, total = 259.81ms
	PeriodicalRunner.RunFnPeriodically - 1 total (0 active), Execution time: mean = 0.01ms, total = 0.01ms, Queueing time: mean = 0.00ms, max = 0.00ms, min = 0.00ms, total = 0.00ms

-----------------
Task Event stats:

IO Service Stats:

Global stats: 181 total (1 active)
Queueing time: mean = 0.02ms, max = 0.07ms, min = 0.01ms, total = 3.81ms
Execution time:  mean = 0.01ms, total = 1.81ms
Event stats:
	CoreWorker.deadline_timer.flush_task_events - 180 total (1 active), Execution time: mean = 0.01ms, total = 1.78ms, Queueing time: mean = 0.02ms, max = 0.07ms, min = 0.01ms, total = 3.81ms
	PeriodicalRunner.RunFnPeriodically - 1 total (0 active), Execution time: mean = 0.03ms, total = 0.03ms, Queueing time: mean = 0.01ms, max = 0.01ms, min = 0.01ms, total = 0.01ms
Other Stats:
	gcs_grpc_in_progress:0
	event_aggregator_grpc_in_progress:0
	current number of task status events in buffer: 0
	current number of profile events in buffer: 0
	current number of dropped task attempts tracked: 0
	total task events sent: 0 MiB
	total number of task attempts sent: 0
	total number of task attempts dropped reported: 0
	total number of sent failure: 0
	num status task events dropped: 0
	num profile task events dropped: 0
	num ray task events reported to aggregator: 0
	num ray task events failed to report to aggregator: 0
	num of task attempts dropped reported to aggregator: 0
	num of failed requests to aggregator: 0

[2026-09-04 01:20:41,675 I 1592 4518] core_worker.cc:498: Event stats:


Global stats: 3239 total (8 active)
Queueing time: mean = 0.02ms, max = 0.15ms, min = 0.00ms, total = 65.09ms
Execution time:  mean = 0.00ms, total = 14.91ms
Event stats:
	CoreWorker.RecoverObjects - 2400 total (1 active), Execution time: mean = 0.00ms, total = 6.21ms, Queueing time: mean = 0.02ms, max = 0.10ms, min = 0.00ms, total = 48.05ms
	CoreWorker.InternalHeartbeat - 240 total (1 active), Execution time: mean = 0.00ms, total = 0.85ms, Queueing time: mean = 0.02ms, max = 0.07ms, min = 0.00ms, total = 5.06ms
	CoreWorker.ExitIfParentRayletDies - 240 total (1 active), Execution time: mean = 0.01ms, total = 1.42ms, Queueing time: mean = 0.02ms, max = 0.07ms, min = 0.00ms, total = 4.61ms
	CoreWorker.ReportWorkerBacklog - 240 total (1 active), Execution time: mean = 0.00ms, total = 0.93ms, Queueing time: mean = 0.02ms, max = 0.07ms, min = 0.00ms, total = 4.97ms
	CoreWorker.RecordMetrics - 48 total (1 active), Execution time: mean = 0.02ms, total = 1.20ms, Queueing time: mean = 0.01ms, max = 0.08ms, min = 0.00ms, total = 0.72ms
	CoreWorker.TryDelPendingObjectRefStreams - 24 total (1 active), Execution time: mean = 0.00ms, total = 0.05ms, Queueing time: mean = 0.02ms, max = 0.08ms, min = 0.01ms, total = 0.52ms
	CoreWorkerService.grpc_server.GetCoreWorkerStats - 16 total (0 active), Execution time: mean = 0.18ms, total = 2.81ms, Queueing time: mean = 0.00ms, max = -0.00ms, min = 9223372036854.78ms, total = 0.00ms
	CoreWorkerService.grpc_server.GetCoreWorkerStats.HandleRequestImpl - 16 total (0 active), Execution time: mean = 0.03ms, total = 0.54ms, Queueing time: mean = 0.02ms, max = 0.04ms, min = 0.01ms, total = 0.34ms
	PeriodicalRunner.RunFnPeriodically - 8 total (0 active), Execution time: mean = 0.02ms, total = 0.14ms, Queueing time: mean = 0.09ms, max = 0.15ms, min = 0.01ms, total = 0.75ms
	CoreWorker.PrintEventStats - 4 total (1 active, 1 running), Execution time: mean = 0.11ms, total = 0.44ms, Queueing time: mean = 0.01ms, max = 0.02ms, min = 0.02ms, total = 0.05ms
	ray::rpc::WorkerInfoGcsService.grpc_client.AddWorkerInfo - 1 total (0 active), Execution time: mean = 0.31ms, total = 0.31ms, Queueing time: mean = 0.00ms, max = -0.00ms, min = 9223372036854.78ms, total = 0.00ms
	Publisher.CheckDeadSubscribers - 1 total (1 active), Execution time: mean = 0.00ms, total = 0.00ms, Queueing time: mean = 0.00ms, max = -0.00ms, min = 9223372036854.78ms, total = 0.00ms
	ray::rpc::WorkerInfoGcsService.grpc_client.AddWorkerInfo.OnReplyReceived - 1 total (0 active), Execution time: mean = 0.03ms, total = 0.03ms, Queueing time: mean = 0.01ms, max = 0.01ms, min = 0.01ms, total = 0.01ms

-----------------
Task execution event stats:

Global stats: 23959 total (1 active)
Queueing time: mean = 0.02ms, max = 0.08ms, min = -0.01ms, total = 378.52ms
Execution time:  mean = 0.00ms, total = 62.64ms
Event stats:
	CoreWorker.CheckSignal - 23958 total (1 active), Execution time: mean = 0.00ms, total = 62.63ms, Queueing time: mean = 0.02ms, max = 0.08ms, min = -0.01ms, total = 378.51ms
	PeriodicalRunner.RunFnPeriodically - 1 total (0 active), Execution time: mean = 0.01ms, total = 0.01ms, Queueing time: mean = 0.00ms, max = 0.00ms, min = 0.00ms, total = 0.00ms

-----------------
Task Event stats:

IO Service Stats:

Global stats: 241 total (1 active)
Queueing time: mean = 0.02ms, max = 0.07ms, min = 0.01ms, total = 5.03ms
Execution time:  mean = 0.01ms, total = 2.34ms
Event stats:
	CoreWorker.deadline_timer.flush_task_events - 240 total (1 active), Execution time: mean = 0.01ms, total = 2.31ms, Queueing time: mean = 0.02ms, max = 0.07ms, min = 0.01ms, total = 5.02ms
	PeriodicalRunner.RunFnPeriodically - 1 total (0 active), Execution time: mean = 0.03ms, total = 0.03ms, Queueing time: mean = 0.01ms, max = 0.01ms, min = 0.01ms, total = 0.01ms
Other Stats:
	gcs_grpc_in_progress:0
	event_aggregator_grpc_in_progress:0
	current number of task status events in buffer: 0
	current number of profile events in buffer: 0
	current number of dropped task attempts tracked: 0
	total task events sent: 0 MiB
	total number of task attempts sent: 0
	total number of task attempts dropped reported: 0
	total number of sent failure: 0
	num status task events dropped: 0
	num profile task events dropped: 0
	num ray task events reported to aggregator: 0
	num ray task events failed to report to aggregator: 0
	num of task attempts dropped reported to aggregator: 0
	num of failed requests to aggregator: 0

[2026-09-04 01:21:41,675 I 1592 4518] core_worker.cc:498: Event stats:


Global stats: 4047 total (8 active)
Queueing time: mean = 0.02ms, max = 0.15ms, min = 0.00ms, total = 82.38ms
Execution time:  mean = 0.00ms, total = 18.62ms
Event stats:
	CoreWorker.RecoverObjects - 3000 total (1 active), Execution time: mean = 0.00ms, total = 7.81ms, Queueing time: mean = 0.02ms, max = 0.10ms, min = 0.00ms, total = 61.51ms
	CoreWorker.InternalHeartbeat - 300 total (1 active), Execution time: mean = 0.00ms, total = 1.07ms, Queueing time: mean = 0.02ms, max = 0.07ms, min = 0.00ms, total = 6.22ms
	CoreWorker.ExitIfParentRayletDies - 300 total (1 active), Execution time: mean = 0.01ms, total = 1.73ms, Queueing time: mean = 0.02ms, max = 0.07ms, min = 0.00ms, total = 5.67ms
	CoreWorker.ReportWorkerBacklog - 300 total (1 active), Execution time: mean = 0.00ms, total = 1.15ms, Queueing time: mean = 0.02ms, max = 0.07ms, min = 0.00ms, total = 6.11ms
	CoreWorker.RecordMetrics - 60 total (1 active), Execution time: mean = 0.02ms, total = 1.49ms, Queueing time: mean = 0.01ms, max = 0.08ms, min = 0.00ms, total = 0.90ms
	CoreWorker.TryDelPendingObjectRefStreams - 30 total (1 active), Execution time: mean = 0.00ms, total = 0.05ms, Queueing time: mean = 0.02ms, max = 0.09ms, min = 0.00ms, total = 0.69ms
	CoreWorkerService.grpc_server.GetCoreWorkerStats - 20 total (0 active), Execution time: mean = 0.18ms, total = 3.54ms, Queueing time: mean = 0.00ms, max = -0.00ms, min = 9223372036854.78ms, total = 0.00ms
	CoreWorkerService.grpc_server.GetCoreWorkerStats.HandleRequestImpl - 20 total (0 active), Execution time: mean = 0.03ms, total = 0.69ms, Queueing time: mean = 0.02ms, max = 0.04ms, min = 0.01ms, total = 0.45ms
	PeriodicalRunner.RunFnPeriodically - 8 total (0 active), Execution time: mean = 0.02ms, total = 0.14ms, Queueing time: mean = 0.09ms, max = 0.15ms, min = 0.01ms, total = 0.75ms
	CoreWorker.PrintEventStats - 5 total (1 active, 1 running), Execution time: mean = 0.12ms, total = 0.61ms, Queueing time: mean = 0.01ms, max = 0.02ms, min = 0.01ms, total = 0.07ms
	Publisher.CheckDeadSubscribers - 2 total (1 active), Execution time: mean = 0.00ms, total = 0.00ms, Queueing time: mean = 0.00ms, max = 0.00ms, min = 0.00ms, total = 0.00ms
	ray::rpc::WorkerInfoGcsService.grpc_client.AddWorkerInfo - 1 total (0 active), Execution time: mean = 0.31ms, total = 0.31ms, Queueing time: mean = 0.00ms, max = -0.00ms, min = 9223372036854.78ms, total = 0.00ms
	ray::rpc::WorkerInfoGcsService.grpc_client.AddWorkerInfo.OnReplyReceived - 1 total (0 active), Execution time: mean = 0.03ms, total = 0.03ms, Queueing time: mean = 0.01ms, max = 0.01ms, min = 0.01ms, total = 0.01ms

-----------------
Task execution event stats:

Global stats: 29949 total (1 active)
Queueing time: mean = 0.02ms, max = 0.31ms, min = -0.01ms, total = 472.40ms
Execution time:  mean = 0.00ms, total = 78.70ms
Event stats:
	CoreWorker.CheckSignal - 29948 total (1 active), Execution time: mean = 0.00ms, total = 78.69ms, Queueing time: mean = 0.02ms, max = 0.31ms, min = -0.01ms, total = 472.40ms
	PeriodicalRunner.RunFnPeriodically - 1 total (0 active), Execution time: mean = 0.01ms, total = 0.01ms, Queueing time: mean = 0.00ms, max = 0.00ms, min = 0.00ms, total = 0.00ms

-----------------
Task Event stats:

IO Service Stats:

Global stats: 301 total (1 active)
Queueing time: mean = 0.02ms, max = 0.07ms, min = 0.01ms, total = 6.25ms
Execution time:  mean = 0.01ms, total = 2.85ms
Event stats:
	CoreWorker.deadline_timer.flush_task_events - 300 total (1 active), Execution time: mean = 0.01ms, total = 2.82ms, Queueing time: mean = 0.02ms, max = 0.07ms, min = 0.01ms, total = 6.24ms
	PeriodicalRunner.RunFnPeriodically - 1 total (0 active), Execution time: mean = 0.03ms, total = 0.03ms, Queueing time: mean = 0.01ms, max = 0.01ms, min = 0.01ms, total = 0.01ms
Other Stats:
	gcs_grpc_in_progress:0
	event_aggregator_grpc_in_progress:0
	current number of task status events in buffer: 0
	current number of profile events in buffer: 0
	current number of dropped task attempts tracked: 0
	total task events sent: 0 MiB
	total number of task attempts sent: 0
	total number of task attempts dropped reported: 0
	total number of sent failure: 0
	num status task events dropped: 0
	num profile task events dropped: 0
	num ray task events reported to aggregator: 0
	num ray task events failed to report to aggregator: 0
	num of task attempts dropped reported to aggregator: 0
	num of failed requests to aggregator: 0

[2026-09-04 01:22:41,676 I 1592 4518] core_worker.cc:498: Event stats:


Global stats: 4854 total (8 active)
Queueing time: mean = 0.02ms, max = 0.15ms, min = -0.01ms, total = 96.06ms
Execution time:  mean = 0.00ms, total = 22.40ms
Event stats:
	CoreWorker.RecoverObjects - 3600 total (1 active), Execution time: mean = 0.00ms, total = 9.46ms, Queueing time: mean = 0.02ms, max = 0.10ms, min = -0.01ms, total = 72.20ms
	CoreWorker.InternalHeartbeat - 360 total (1 active), Execution time: mean = 0.00ms, total = 1.35ms, Queueing time: mean = 0.02ms, max = 0.07ms, min = -0.01ms, total = 7.08ms
	CoreWorker.ExitIfParentRayletDies - 360 total (1 active), Execution time: mean = 0.01ms, total = 2.05ms, Queueing time: mean = 0.02ms, max = 0.07ms, min = 0.00ms, total = 6.47ms
	CoreWorker.ReportWorkerBacklog - 360 total (1 active), Execution time: mean = 0.00ms, total = 1.42ms, Queueing time: mean = 0.02ms, max = 0.07ms, min = 0.00ms, total = 6.97ms
	CoreWorker.RecordMetrics - 72 total (1 active), Execution time: mean = 0.03ms, total = 1.81ms, Queueing time: mean = 0.01ms, max = 0.08ms, min = 0.00ms, total = 1.05ms
	CoreWorker.TryDelPendingObjectRefStreams - 36 total (1 active), Execution time: mean = 0.00ms, total = 0.07ms, Queueing time: mean = 0.03ms, max = 0.15ms, min = 0.00ms, total = 0.92ms
	CoreWorkerService.grpc_server.GetCoreWorkerStats - 24 total (0 active), Execution time: mean = 0.17ms, total = 4.14ms, Queueing time: mean = 0.00ms, max = -0.00ms, min = 9223372036854.78ms, total = 0.00ms
	CoreWorkerService.grpc_server.GetCoreWorkerStats.HandleRequestImpl - 24 total (0 active), Execution time: mean = 0.03ms, total = 0.80ms, Queueing time: mean = 0.02ms, max = 0.04ms, min = 0.01ms, total = 0.53ms
	PeriodicalRunner.RunFnPeriodically - 8 total (0 active), Execution time: mean = 0.02ms, total = 0.14ms, Queueing time: mean = 0.09ms, max = 0.15ms, min = 0.01ms, total = 0.75ms
	CoreWorker.PrintEventStats - 6 total (1 active, 1 running), Execution time: mean = 0.14ms, total = 0.84ms, Queueing time: mean = 0.01ms, max = 0.02ms, min = 0.01ms, total = 0.07ms
	Publisher.CheckDeadSubscribers - 2 total (1 active), Execution time: mean = 0.00ms, total = 0.00ms, Queueing time: mean = 0.00ms, max = 0.00ms, min = 0.00ms, total = 0.00ms
	ray::rpc::WorkerInfoGcsService.grpc_client.AddWorkerInfo - 1 total (0 active), Execution time: mean = 0.31ms, total = 0.31ms, Queueing time: mean = 0.00ms, max = -0.00ms, min = 9223372036854.78ms, total = 0.00ms
	ray::rpc::WorkerInfoGcsService.grpc_client.AddWorkerInfo.OnReplyReceived - 1 total (0 active), Execution time: mean = 0.03ms, total = 0.03ms, Queueing time: mean = 0.01ms, max = 0.01ms, min = 0.01ms, total = 0.01ms

-----------------
Task execution event stats:

Global stats: 35941 total (1 active)
Queueing time: mean = 0.02ms, max = 0.31ms, min = -0.01ms, total = 543.26ms
Execution time:  mean = 0.00ms, total = 87.34ms
Event stats:
	CoreWorker.CheckSignal - 35940 total (1 active), Execution time: mean = 0.00ms, total = 87.34ms, Queueing time: mean = 0.02ms, max = 0.31ms, min = -0.01ms, total = 543.26ms
	PeriodicalRunner.RunFnPeriodically - 1 total (0 active), Execution time: mean = 0.01ms, total = 0.01ms, Queueing time: mean = 0.00ms, max = 0.00ms, min = 0.00ms, total = 0.00ms

-----------------
Task Event stats:

IO Service Stats:

Global stats: 361 total (1 active)
Queueing time: mean = 0.02ms, max = 0.07ms, min = 0.01ms, total = 7.50ms
Execution time:  mean = 0.01ms, total = 3.46ms
Event stats:
	CoreWorker.deadline_timer.flush_task_events - 360 total (1 active), Execution time: mean = 0.01ms, total = 3.43ms, Queueing time: mean = 0.02ms, max = 0.07ms, min = 0.01ms, total = 7.49ms
	PeriodicalRunner.RunFnPeriodically - 1 total (0 active), Execution time: mean = 0.03ms, total = 0.03ms, Queueing time: mean = 0.01ms, max = 0.01ms, min = 0.01ms, total = 0.01ms
Other Stats:
	gcs_grpc_in_progress:0
	event_aggregator_grpc_in_progress:0
	current number of task status events in buffer: 0
	current number of profile events in buffer: 0
	current number of dropped task attempts tracked: 0
	total task events sent: 0 MiB
	total number of task attempts sent: 0
	total number of task attempts dropped reported: 0
	total number of sent failure: 0
	num status task events dropped: 0
	num profile task events dropped: 0
	num ray task events reported to aggregator: 0
	num ray task events failed to report to aggregator: 0
	num of task attempts dropped reported to aggregator: 0
	num of failed requests to aggregator: 0

[2026-09-04 01:23:41,676 I 1592 4518] core_worker.cc:498: Event stats:


Global stats: 5661 total (8 active)
Queueing time: mean = 0.02ms, max = 0.15ms, min = -0.01ms, total = 107.01ms
Execution time:  mean = 0.00ms, total = 25.60ms
Event stats:
	CoreWorker.RecoverObjects - 4200 total (1 active), Execution time: mean = 0.00ms, total = 10.58ms, Queueing time: mean = 0.02ms, max = 0.10ms, min = -0.01ms, total = 80.61ms
	CoreWorker.InternalHeartbeat - 420 total (1 active), Execution time: mean = 0.00ms, total = 1.57ms, Queueing time: mean = 0.02ms, max = 0.07ms, min = -0.01ms, total = 7.86ms
	CoreWorker.ExitIfParentRayletDies - 420 total (1 active), Execution time: mean = 0.01ms, total = 2.39ms, Queueing time: mean = 0.02ms, max = 0.07ms, min = 0.00ms, total = 7.14ms
	CoreWorker.ReportWorkerBacklog - 420 total (1 active), Execution time: mean = 0.00ms, total = 1.66ms, Queueing time: mean = 0.02ms, max = 0.07ms, min = 0.00ms, total = 7.73ms
	CoreWorker.RecordMetrics - 84 total (1 active), Execution time: mean = 0.02ms, total = 2.10ms, Queueing time: mean = 0.01ms, max = 0.08ms, min = 0.00ms, total = 1.16ms
	CoreWorker.TryDelPendingObjectRefStreams - 42 total (1 active), Execution time: mean = 0.00ms, total = 0.07ms, Queueing time: mean = 0.02ms, max = 0.15ms, min = 0.00ms, total = 1.04ms
	CoreWorkerService.grpc_server.GetCoreWorkerStats - 28 total (0 active), Execution time: mean = 0.17ms, total = 4.84ms, Queueing time: mean = 0.00ms, max = -0.00ms, min = 9223372036854.78ms, total = 0.00ms
	CoreWorkerService.grpc_server.GetCoreWorkerStats.HandleRequestImpl - 28 total (0 active), Execution time: mean = 0.03ms, total = 0.91ms, Queueing time: mean = 0.02ms, max = 0.04ms, min = 0.01ms, total = 0.62ms
	PeriodicalRunner.RunFnPeriodically - 8 total (0 active), Execution time: mean = 0.02ms, total = 0.14ms, Queueing time: mean = 0.09ms, max = 0.15ms, min = 0.01ms, total = 0.75ms
	CoreWorker.PrintEventStats - 7 total (1 active, 1 running), Execution time: mean = 0.14ms, total = 1.00ms, Queueing time: mean = 0.01ms, max = 0.02ms, min = 0.01ms, total = 0.08ms
	Publisher.CheckDeadSubscribers - 2 total (1 active), Execution time: mean = 0.00ms, total = 0.00ms, Queueing time: mean = 0.00ms, max = 0.00ms, min = 0.00ms, total = 0.00ms
	ray::rpc::WorkerInfoGcsService.grpc_client.AddWorkerInfo - 1 total (0 active), Execution time: mean = 0.31ms, total = 0.31ms, Queueing time: mean = 0.00ms, max = -0.00ms, min = 9223372036854.78ms, total = 0.00ms
	ray::rpc::WorkerInfoGcsService.grpc_client.AddWorkerInfo.OnReplyReceived - 1 total (0 active), Execution time: mean = 0.03ms, total = 0.03ms, Queueing time: mean = 0.01ms, max = 0.01ms, min = 0.01ms, total = 0.01ms

-----------------
Task execution event stats:

Global stats: 41934 total (1 active)
Queueing time: mean = 0.01ms, max = 0.31ms, min = -0.02ms, total = 612.55ms
Execution time:  mean = 0.00ms, total = 97.82ms
Event stats:
	CoreWorker.CheckSignal - 41933 total (1 active), Execution time: mean = 0.00ms, total = 97.82ms, Queueing time: mean = 0.01ms, max = 0.31ms, min = -0.02ms, total = 612.55ms
	PeriodicalRunner.RunFnPeriodically - 1 total (0 active), Execution time: mean = 0.01ms, total = 0.01ms, Queueing time: mean = 0.00ms, max = 0.00ms, min = 0.00ms, total = 0.00ms

-----------------
Task Event stats:

IO Service Stats:

Global stats: 421 total (1 active)
Queueing time: mean = 0.02ms, max = 0.07ms, min = 0.01ms, total = 8.74ms
Execution time:  mean = 0.01ms, total = 4.00ms
Event stats:
	CoreWorker.deadline_timer.flush_task_events - 420 total (1 active), Execution time: mean = 0.01ms, total = 3.97ms, Queueing time: mean = 0.02ms, max = 0.07ms, min = 0.01ms, total = 8.73ms
	PeriodicalRunner.RunFnPeriodically - 1 total (0 active), Execution time: mean = 0.03ms, total = 0.03ms, Queueing time: mean = 0.01ms, max = 0.01ms, min = 0.01ms, total = 0.01ms
Other Stats:
	gcs_grpc_in_progress:0
	event_aggregator_grpc_in_progress:0
	current number of task status events in buffer: 0
	current number of profile events in buffer: 0
	current number of dropped task attempts tracked: 0
	total task events sent: 0 MiB
	total number of task attempts sent: 0
	total number of task attempts dropped reported: 0
	total number of sent failure: 0
	num status task events dropped: 0
	num profile task events dropped: 0
	num ray task events reported to aggregator: 0
	num ray task events failed to report to aggregator: 0
	num of task attempts dropped reported to aggregator: 0
	num of failed requests to aggregator: 0

[2026-09-04 01:24:41,676 I 1592 4518] core_worker.cc:498: Event stats:


Global stats: 6468 total (8 active)
Queueing time: mean = 0.02ms, max = 0.22ms, min = -0.01ms, total = 121.11ms
Execution time:  mean = 0.00ms, total = 29.06ms
Event stats:
	CoreWorker.RecoverObjects - 4800 total (1 active), Execution time: mean = 0.00ms, total = 11.92ms, Queueing time: mean = 0.02ms, max = 0.10ms, min = -0.01ms, total = 91.32ms
	CoreWorker.InternalHeartbeat - 480 total (1 active), Execution time: mean = 0.00ms, total = 1.79ms, Queueing time: mean = 0.02ms, max = 0.07ms, min = -0.01ms, total = 8.87ms
	CoreWorker.ExitIfParentRayletDies - 480 total (1 active), Execution time: mean = 0.01ms, total = 2.74ms, Queueing time: mean = 0.02ms, max = 0.07ms, min = 0.00ms, total = 8.01ms
	CoreWorker.ReportWorkerBacklog - 480 total (1 active), Execution time: mean = 0.00ms, total = 1.90ms, Queueing time: mean = 0.02ms, max = 0.07ms, min = 0.00ms, total = 8.71ms
	CoreWorker.RecordMetrics - 96 total (1 active), Execution time: mean = 0.03ms, total = 2.41ms, Queueing time: mean = 0.01ms, max = 0.08ms, min = 0.00ms, total = 1.30ms
	CoreWorker.TryDelPendingObjectRefStreams - 48 total (1 active), Execution time: mean = 0.00ms, total = 0.08ms, Queueing time: mean = 0.03ms, max = 0.22ms, min = 0.00ms, total = 1.32ms
	CoreWorkerService.grpc_server.GetCoreWorkerStats - 32 total (0 active), Execution time: mean = 0.17ms, total = 5.50ms, Queueing time: mean = 0.00ms, max = -0.00ms, min = 9223372036854.78ms, total = 0.00ms
	CoreWorkerService.grpc_server.GetCoreWorkerStats.HandleRequestImpl - 32 total (0 active), Execution time: mean = 0.03ms, total = 1.02ms, Queueing time: mean = 0.02ms, max = 0.04ms, min = 0.01ms, total = 0.69ms
	CoreWorker.PrintEventStats - 8 total (1 active, 1 running), Execution time: mean = 0.15ms, total = 1.23ms, Queueing time: mean = 0.01ms, max = 0.03ms, min = 0.01ms, total = 0.12ms
	PeriodicalRunner.RunFnPeriodically - 8 total (0 active), Execution time: mean = 0.02ms, total = 0.14ms, Queueing time: mean = 0.09ms, max = 0.15ms, min = 0.01ms, total = 0.75ms
	Publisher.CheckDeadSubscribers - 2 total (1 active), Execution time: mean = 0.00ms, total = 0.00ms, Queueing time: mean = 0.00ms, max = 0.00ms, min = 0.00ms, total = 0.00ms
	ray::rpc::WorkerInfoGcsService.grpc_client.AddWorkerInfo - 1 total (0 active), Execution time: mean = 0.31ms, total = 0.31ms, Queueing time: mean = 0.00ms, max = -0.00ms, min = 9223372036854.78ms, total = 0.00ms
	ray::rpc::WorkerInfoGcsService.grpc_client.AddWorkerInfo.OnReplyReceived - 1 total (0 active), Execution time: mean = 0.03ms, total = 0.03ms, Queueing time: mean = 0.01ms, max = 0.01ms, min = 0.01ms, total = 0.01ms

-----------------
Task execution event stats:

Global stats: 47926 total (1 active)
Queueing time: mean = 0.01ms, max = 0.31ms, min = -0.02ms, total = 679.01ms
Execution time:  mean = 0.00ms, total = 107.77ms
Event stats:
	CoreWorker.CheckSignal - 47925 total (1 active), Execution time: mean = 0.00ms, total = 107.77ms, Queueing time: mean = 0.01ms, max = 0.31ms, min = -0.02ms, total = 679.01ms
	PeriodicalRunner.RunFnPeriodically - 1 total (0 active), Execution time: mean = 0.01ms, total = 0.01ms, Queueing time: mean = 0.00ms, max = 0.00ms, min = 0.00ms, total = 0.00ms

-----------------
Task Event stats:

IO Service Stats:

Global stats: 481 total (1 active)
Queueing time: mean = 0.02ms, max = 0.07ms, min = 0.00ms, total = 10.11ms
Execution time:  mean = 0.01ms, total = 4.48ms
Event stats:
	CoreWorker.deadline_timer.flush_task_events - 480 total (1 active), Execution time: mean = 0.01ms, total = 4.45ms, Queueing time: mean = 0.02ms, max = 0.07ms, min = 0.00ms, total = 10.11ms
	PeriodicalRunner.RunFnPeriodically - 1 total (0 active), Execution time: mean = 0.03ms, total = 0.03ms, Queueing time: mean = 0.01ms, max = 0.01ms, min = 0.01ms, total = 0.01ms
Other Stats:
	gcs_grpc_in_progress:0
	event_aggregator_grpc_in_progress:0
	current number of task status events in buffer: 0
	current number of profile events in buffer: 0
	current number of dropped task attempts tracked: 0
	total task events sent: 0 MiB
	total number of task attempts sent: 0
	total number of task attempts dropped reported: 0
	total number of sent failure: 0
	num status task events dropped: 0
	num profile task events dropped: 0
	num ray task events reported to aggregator: 0
	num ray task events failed to report to aggregator: 0
	num of task attempts dropped reported to aggregator: 0
	num of failed requests to aggregator: 0

[2026-09-04 01:25:41,676 I 1592 4518] core_worker.cc:498: Event stats:


Global stats: 7274 total (8 active)
Queueing time: mean = 0.02ms, max = 0.22ms, min = -0.01ms, total = 135.26ms
Execution time:  mean = 0.00ms, total = 32.57ms
Event stats:
	CoreWorker.RecoverObjects - 5399 total (1 active), Execution time: mean = 0.00ms, total = 13.22ms, Queueing time: mean = 0.02ms, max = 0.10ms, min = -0.01ms, total = 102.12ms
	CoreWorker.InternalHeartbeat - 540 total (1 active), Execution time: mean = 0.00ms, total = 2.01ms, Queueing time: mean = 0.02ms, max = 0.07ms, min = -0.01ms, total = 9.85ms
	CoreWorker.ExitIfParentRayletDies - 540 total (1 active), Execution time: mean = 0.01ms, total = 3.08ms, Queueing time: mean = 0.02ms, max = 0.07ms, min = 0.00ms, total = 8.87ms
	CoreWorker.ReportWorkerBacklog - 540 total (1 active), Execution time: mean = 0.00ms, total = 2.14ms, Queueing time: mean = 0.02ms, max = 0.07ms, min = 0.00ms, total = 9.66ms
	CoreWorker.RecordMetrics - 108 total (1 active), Execution time: mean = 0.03ms, total = 2.72ms, Queueing time: mean = 0.01ms, max = 0.08ms, min = 0.00ms, total = 1.46ms
	CoreWorker.TryDelPendingObjectRefStreams - 54 total (1 active), Execution time: mean = 0.00ms, total = 0.10ms, Queueing time: mean = 0.03ms, max = 0.22ms, min = 0.00ms, total = 1.61ms
	CoreWorkerService.grpc_server.GetCoreWorkerStats - 36 total (0 active), Execution time: mean = 0.17ms, total = 6.23ms, Queueing time: mean = 0.00ms, max = -0.00ms, min = 9223372036854.78ms, total = 0.00ms
	CoreWorkerService.grpc_server.GetCoreWorkerStats.HandleRequestImpl - 36 total (0 active), Execution time: mean = 0.03ms, total = 1.13ms, Queueing time: mean = 0.02ms, max = 0.04ms, min = 0.01ms, total = 0.79ms
	CoreWorker.PrintEventStats - 9 total (1 active, 1 running), Execution time: mean = 0.16ms, total = 1.47ms, Queueing time: mean = 0.02ms, max = 0.03ms, min = 0.01ms, total = 0.14ms
	PeriodicalRunner.RunFnPeriodically - 8 total (0 active), Execution time: mean = 0.02ms, total = 0.14ms, Queueing time: mean = 0.09ms, max = 0.15ms, min = 0.01ms, total = 0.75ms
	Publisher.CheckDeadSubscribers - 2 total (1 active), Execution time: mean = 0.00ms, total = 0.00ms, Queueing time: mean = 0.00ms, max = 0.00ms, min = 0.00ms, total = 0.00ms
	ray::rpc::WorkerInfoGcsService.grpc_client.AddWorkerInfo - 1 total (0 active), Execution time: mean = 0.31ms, total = 0.31ms, Queueing time: mean = 0.00ms, max = -0.00ms, min = 9223372036854.78ms, total = 0.00ms
	ray::rpc::WorkerInfoGcsService.grpc_client.AddWorkerInfo.OnReplyReceived - 1 total (0 active), Execution time: mean = 0.03ms, total = 0.03ms, Queueing time: mean = 0.01ms, max = 0.01ms, min = 0.01ms, total = 0.01ms

-----------------
Task execution event stats:

Global stats: 53921 total (1 active)
Queueing time: mean = 0.01ms, max = 0.31ms, min = -0.02ms, total = 730.31ms
Execution time:  mean = 0.00ms, total = 118.64ms
Event stats:
	CoreWorker.CheckSignal - 53920 total (1 active), Execution time: mean = 0.00ms, total = 118.64ms, Queueing time: mean = 0.01ms, max = 0.31ms, min = -0.02ms, total = 730.30ms
	PeriodicalRunner.RunFnPeriodically - 1 total (0 active), Execution time: mean = 0.01ms, total = 0.01ms, Queueing time: mean = 0.00ms, max = 0.00ms, min = 0.00ms, total = 0.00ms

-----------------
Task Event stats:

IO Service Stats:

Global stats: 541 total (1 active)
Queueing time: mean = 0.02ms, max = 0.07ms, min = 0.00ms, total = 11.39ms
Execution time:  mean = 0.01ms, total = 4.92ms
Event stats:
	CoreWorker.deadline_timer.flush_task_events - 540 total (1 active), Execution time: mean = 0.01ms, total = 4.89ms, Queueing time: mean = 0.02ms, max = 0.07ms, min = 0.00ms, total = 11.38ms
	PeriodicalRunner.RunFnPeriodically - 1 total (0 active), Execution time: mean = 0.03ms, total = 0.03ms, Queueing time: mean = 0.01ms, max = 0.01ms, min = 0.01ms, total = 0.01ms
Other Stats:
	gcs_grpc_in_progress:0
	event_aggregator_grpc_in_progress:0
	current number of task status events in buffer: 0
	current number of profile events in buffer: 0
	current number of dropped task attempts tracked: 0
	total task events sent: 0 MiB
	total number of task attempts sent: 0
	total number of task attempts dropped reported: 0
	total number of sent failure: 0
	num status task events dropped: 0
	num profile task events dropped: 0
	num ray task events reported to aggregator: 0
	num ray task events failed to report to aggregator: 0
	num of task attempts dropped reported to aggregator: 0
	num of failed requests to aggregator: 0

[2026-09-04 01:26:41,676 I 1592 4518] core_worker.cc:498: Event stats:


Global stats: 8082 total (8 active)
Queueing time: mean = 0.02ms, max = 0.22ms, min = -0.01ms, total = 148.24ms
Execution time:  mean = 0.00ms, total = 35.85ms
Event stats:
	CoreWorker.RecoverObjects - 5999 total (1 active), Execution time: mean = 0.00ms, total = 14.36ms, Queueing time: mean = 0.02ms, max = 0.10ms, min = -0.01ms, total = 112.02ms
	CoreWorker.InternalHeartbeat - 600 total (1 active), Execution time: mean = 0.00ms, total = 2.27ms, Queueing time: mean = 0.02ms, max = 0.07ms, min = -0.01ms, total = 10.75ms
	CoreWorker.ExitIfParentRayletDies - 600 total (1 active), Execution time: mean = 0.01ms, total = 3.38ms, Queueing time: mean = 0.02ms, max = 0.07ms, min = 0.00ms, total = 9.71ms
	CoreWorker.ReportWorkerBacklog - 600 total (1 active), Execution time: mean = 0.00ms, total = 2.39ms, Queueing time: mean = 0.02ms, max = 0.07ms, min = 0.00ms, total = 10.57ms
	CoreWorker.RecordMetrics - 120 total (1 active), Execution time: mean = 0.03ms, total = 3.01ms, Queueing time: mean = 0.01ms, max = 0.08ms, min = 0.00ms, total = 1.65ms
	CoreWorker.TryDelPendingObjectRefStreams - 60 total (1 active), Execution time: mean = 0.00ms, total = 0.12ms, Queueing time: mean = 0.03ms, max = 0.22ms, min = 0.00ms, total = 1.76ms
	CoreWorkerService.grpc_server.GetCoreWorkerStats - 40 total (0 active), Execution time: mean = 0.17ms, total = 6.98ms, Queueing time: mean = 0.00ms, max = -0.00ms, min = 9223372036854.78ms, total = 0.00ms
	CoreWorkerService.grpc_server.GetCoreWorkerStats.HandleRequestImpl - 40 total (0 active), Execution time: mean = 0.03ms, total = 1.24ms, Queueing time: mean = 0.02ms, max = 0.04ms, min = 0.01ms, total = 0.87ms
	CoreWorker.PrintEventStats - 10 total (1 active, 1 running), Execution time: mean = 0.16ms, total = 1.63ms, Queueing time: mean = 0.02ms, max = 0.03ms, min = 0.01ms, total = 0.16ms
	PeriodicalRunner.RunFnPeriodically - 8 total (0 active), Execution time: mean = 0.02ms, total = 0.14ms, Queueing time: mean = 0.09ms, max = 0.15ms, min = 0.01ms, total = 0.75ms
	Publisher.CheckDeadSubscribers - 3 total (1 active), Execution time: mean = 0.00ms, total = 0.00ms, Queueing time: mean = 0.00ms, max = 0.01ms, min = 0.00ms, total = 0.01ms
	ray::rpc::WorkerInfoGcsService.grpc_client.AddWorkerInfo - 1 total (0 active), Execution time: mean = 0.31ms, total = 0.31ms, Queueing time: mean = 0.00ms, max = -0.00ms, min = 9223372036854.78ms, total = 0.00ms
	ray::rpc::WorkerInfoGcsService.grpc_client.AddWorkerInfo.OnReplyReceived - 1 total (0 active), Execution time: mean = 0.03ms, total = 0.03ms, Queueing time: mean = 0.01ms, max = 0.01ms, min = 0.01ms, total = 0.01ms

-----------------
Task execution event stats:

Global stats: 59916 total (1 active)
Queueing time: mean = 0.01ms, max = 0.31ms, min = -0.02ms, total = 768.27ms
Execution time:  mean = 0.00ms, total = 127.92ms
Event stats:
	CoreWorker.CheckSignal - 59915 total (1 active), Execution time: mean = 0.00ms, total = 127.92ms, Queueing time: mean = 0.01ms, max = 0.31ms, min = -0.02ms, total = 768.27ms
	PeriodicalRunner.RunFnPeriodically - 1 total (0 active), Execution time: mean = 0.01ms, total = 0.01ms, Queueing time: mean = 0.00ms, max = 0.00ms, min = 0.00ms, total = 0.00ms

-----------------
Task Event stats:

IO Service Stats:

Global stats: 601 total (1 active)
Queueing time: mean = 0.02ms, max = 0.07ms, min = 0.00ms, total = 12.64ms
Execution time:  mean = 0.01ms, total = 5.41ms
Event stats:
	CoreWorker.deadline_timer.flush_task_events - 600 total (1 active), Execution time: mean = 0.01ms, total = 5.38ms, Queueing time: mean = 0.02ms, max = 0.07ms, min = 0.00ms, total = 12.64ms
	PeriodicalRunner.RunFnPeriodically - 1 total (0 active), Execution time: mean = 0.03ms, total = 0.03ms, Queueing time: mean = 0.01ms, max = 0.01ms, min = 0.01ms, total = 0.01ms
Other Stats:
	gcs_grpc_in_progress:0
	event_aggregator_grpc_in_progress:0
	current number of task status events in buffer: 0
	current number of profile events in buffer: 0
	current number of dropped task attempts tracked: 0
	total task events sent: 0 MiB
	total number of task attempts sent: 0
	total number of task attempts dropped reported: 0
	total number of sent failure: 0
	num status task events dropped: 0
	num profile task events dropped: 0
	num ray task events reported to aggregator: 0
	num ray task events failed to report to aggregator: 0
	num of task attempts dropped reported to aggregator: 0
	num of failed requests to aggregator: 0

[2026-09-04 01:27:41,677 I 1592 4518] core_worker.cc:498: Event stats:


Global stats: 8889 total (8 active)
Queueing time: mean = 0.02ms, max = 0.22ms, min = -0.01ms, total = 161.91ms
Execution time:  mean = 0.00ms, total = 38.85ms
Event stats:
	CoreWorker.RecoverObjects - 6599 total (1 active), Execution time: mean = 0.00ms, total = 15.53ms, Queueing time: mean = 0.02ms, max = 0.10ms, min = -0.01ms, total = 122.39ms
	CoreWorker.InternalHeartbeat - 660 total (1 active), Execution time: mean = 0.00ms, total = 2.52ms, Queueing time: mean = 0.02ms, max = 0.07ms, min = -0.01ms, total = 11.76ms
	CoreWorker.ExitIfParentRayletDies - 660 total (1 active), Execution time: mean = 0.01ms, total = 3.67ms, Queueing time: mean = 0.02ms, max = 0.07ms, min = 0.00ms, total = 10.66ms
	CoreWorker.ReportWorkerBacklog - 660 total (1 active), Execution time: mean = 0.00ms, total = 2.62ms, Queueing time: mean = 0.02ms, max = 0.09ms, min = 0.00ms, total = 11.58ms
	CoreWorker.RecordMetrics - 132 total (1 active), Execution time: mean = 0.02ms, total = 3.28ms, Queueing time: mean = 0.01ms, max = 0.08ms, min = 0.00ms, total = 1.77ms
	CoreWorker.TryDelPendingObjectRefStreams - 66 total (1 active), Execution time: mean = 0.00ms, total = 0.13ms, Queueing time: mean = 0.03ms, max = 0.22ms, min = 0.00ms, total = 1.89ms
	CoreWorkerService.grpc_server.GetCoreWorkerStats - 44 total (0 active), Execution time: mean = 0.17ms, total = 7.55ms, Queueing time: mean = 0.00ms, max = -0.00ms, min = 9223372036854.78ms, total = 0.00ms
	CoreWorkerService.grpc_server.GetCoreWorkerStats.HandleRequestImpl - 44 total (0 active), Execution time: mean = 0.03ms, total = 1.31ms, Queueing time: mean = 0.02ms, max = 0.04ms, min = 0.01ms, total = 0.92ms
	CoreWorker.PrintEventStats - 11 total (1 active, 1 running), Execution time: mean = 0.16ms, total = 1.77ms, Queueing time: mean = 0.01ms, max = 0.03ms, min = 0.01ms, total = 0.16ms
	PeriodicalRunner.RunFnPeriodically - 8 total (0 active), Execution time: mean = 0.02ms, total = 0.14ms, Queueing time: mean = 0.09ms, max = 0.15ms, min = 0.01ms, total = 0.75ms
	Publisher.CheckDeadSubscribers - 3 total (1 active), Execution time: mean = 0.00ms, total = 0.00ms, Queueing time: mean = 0.00ms, max = 0.01ms, min = 0.00ms, total = 0.01ms
	ray::rpc::WorkerInfoGcsService.grpc_client.AddWorkerInfo - 1 total (0 active), Execution time: mean = 0.31ms, total = 0.31ms, Queueing time: mean = 0.00ms, max = -0.00ms, min = 9223372036854.78ms, total = 0.00ms
	ray::rpc::WorkerInfoGcsService.grpc_client.AddWorkerInfo.OnReplyReceived - 1 total (0 active), Execution time: mean = 0.03ms, total = 0.03ms, Queueing time: mean = 0.01ms, max = 0.01ms, min = 0.01ms, total = 0.01ms

-----------------
Task execution event stats:

Global stats: 65910 total (1 active)
Queueing time: mean = 0.01ms, max = 0.31ms, min = -0.02ms, total = 819.25ms
Execution time:  mean = 0.00ms, total = 138.39ms
Event stats:
	CoreWorker.CheckSignal - 65909 total (1 active), Execution time: mean = 0.00ms, total = 138.39ms, Queueing time: mean = 0.01ms, max = 0.31ms, min = -0.02ms, total = 819.25ms
	PeriodicalRunner.RunFnPeriodically - 1 total (0 active), Execution time: mean = 0.01ms, total = 0.01ms, Queueing time: mean = 0.00ms, max = 0.00ms, min = 0.00ms, total = 0.00ms

-----------------
Task Event stats:

IO Service Stats:

Global stats: 661 total (1 active)
Queueing time: mean = 0.02ms, max = 0.07ms, min = 0.00ms, total = 13.90ms
Execution time:  mean = 0.01ms, total = 5.84ms
Event stats:
	CoreWorker.deadline_timer.flush_task_events - 660 total (1 active), Execution time: mean = 0.01ms, total = 5.81ms, Queueing time: mean = 0.02ms, max = 0.07ms, min = 0.00ms, total = 13.89ms
	PeriodicalRunner.RunFnPeriodically - 1 total (0 active), Execution time: mean = 0.03ms, total = 0.03ms, Queueing time: mean = 0.01ms, max = 0.01ms, min = 0.01ms, total = 0.01ms
Other Stats:
	gcs_grpc_in_progress:0
	event_aggregator_grpc_in_progress:0
	current number of task status events in buffer: 0
	current number of profile events in buffer: 0
	current number of dropped task attempts tracked: 0
	total task events sent: 0 MiB
	total number of task attempts sent: 0
	total number of task attempts dropped reported: 0
	total number of sent failure: 0
	num status task events dropped: 0
	num profile task events dropped: 0
	num ray task events reported to aggregator: 0
	num ray task events failed to report to aggregator: 0
	num of task attempts dropped reported to aggregator: 0
	num of failed requests to aggregator: 0

[2026-09-04 01:28:41,677 I 1592 4518] core_worker.cc:498: Event stats:


Global stats: 9696 total (8 active)
Queueing time: mean = 0.02ms, max = 0.22ms, min = -0.01ms, total = 175.08ms
Execution time:  mean = 0.00ms, total = 41.97ms
Event stats:
	CoreWorker.RecoverObjects - 7199 total (1 active), Execution time: mean = 0.00ms, total = 16.76ms, Queueing time: mean = 0.02ms, max = 0.10ms, min = -0.01ms, total = 132.33ms
	CoreWorker.InternalHeartbeat - 720 total (1 active), Execution time: mean = 0.00ms, total = 2.77ms, Queueing time: mean = 0.02ms, max = 0.07ms, min = -0.01ms, total = 12.72ms
	CoreWorker.ExitIfParentRayletDies - 720 total (1 active), Execution time: mean = 0.01ms, total = 3.95ms, Queueing time: mean = 0.02ms, max = 0.07ms, min = 0.00ms, total = 11.59ms
	CoreWorker.ReportWorkerBacklog - 720 total (1 active), Execution time: mean = 0.00ms, total = 2.86ms, Queueing time: mean = 0.02ms, max = 0.09ms, min = 0.00ms, total = 12.55ms
	CoreWorker.RecordMetrics - 144 total (1 active), Execution time: mean = 0.02ms, total = 3.56ms, Queueing time: mean = 0.01ms, max = 0.08ms, min = 0.00ms, total = 1.90ms
	CoreWorker.TryDelPendingObjectRefStreams - 72 total (1 active), Execution time: mean = 0.00ms, total = 0.15ms, Queueing time: mean = 0.03ms, max = 0.22ms, min = 0.00ms, total = 2.08ms
	CoreWorkerService.grpc_server.GetCoreWorkerStats - 48 total (0 active), Execution time: mean = 0.17ms, total = 8.12ms, Queueing time: mean = 0.00ms, max = -0.00ms, min = 9223372036854.78ms, total = 0.00ms
	CoreWorkerService.grpc_server.GetCoreWorkerStats.HandleRequestImpl - 48 total (0 active), Execution time: mean = 0.03ms, total = 1.39ms, Queueing time: mean = 0.02ms, max = 0.04ms, min = 0.01ms, total = 0.95ms
	CoreWorker.PrintEventStats - 12 total (1 active, 1 running), Execution time: mean = 0.16ms, total = 1.94ms, Queueing time: mean = 0.01ms, max = 0.03ms, min = 0.01ms, total = 0.18ms
	PeriodicalRunner.RunFnPeriodically - 8 total (0 active), Execution time: mean = 0.02ms, total = 0.14ms, Queueing time: mean = 0.09ms, max = 0.15ms, min = 0.01ms, total = 0.75ms
	Publisher.CheckDeadSubscribers - 3 total (1 active), Execution time: mean = 0.00ms, total = 0.00ms, Queueing time: mean = 0.00ms, max = 0.01ms, min = 0.00ms, total = 0.01ms
	ray::rpc::WorkerInfoGcsService.grpc_client.AddWorkerInfo - 1 total (0 active), Execution time: mean = 0.31ms, total = 0.31ms, Queueing time: mean = 0.00ms, max = -0.00ms, min = 9223372036854.78ms, total = 0.00ms
	ray::rpc::WorkerInfoGcsService.grpc_client.AddWorkerInfo.OnReplyReceived - 1 total (0 active), Execution time: mean = 0.03ms, total = 0.03ms, Queueing time: mean = 0.01ms, max = 0.01ms, min = 0.01ms, total = 0.01ms

-----------------
Task execution event stats:

Global stats: 71906 total (1 active)
Queueing time: mean = 0.01ms, max = 0.31ms, min = -0.02ms, total = 858.79ms
Execution time:  mean = 0.00ms, total = 147.40ms
Event stats:
	CoreWorker.CheckSignal - 71905 total (1 active), Execution time: mean = 0.00ms, total = 147.39ms, Queueing time: mean = 0.01ms, max = 0.31ms, min = -0.02ms, total = 858.79ms
	PeriodicalRunner.RunFnPeriodically - 1 total (0 active), Execution time: mean = 0.01ms, total = 0.01ms, Queueing time: mean = 0.00ms, max = 0.00ms, min = 0.00ms, total = 0.00ms

-----------------
Task Event stats:

IO Service Stats:

Global stats: 721 total (1 active)
Queueing time: mean = 0.02ms, max = 0.07ms, min = 0.00ms, total = 15.23ms
Execution time:  mean = 0.01ms, total = 6.30ms
Event stats:
	CoreWorker.deadline_timer.flush_task_events - 720 total (1 active), Execution time: mean = 0.01ms, total = 6.27ms, Queueing time: mean = 0.02ms, max = 0.07ms, min = 0.00ms, total = 15.22ms
	PeriodicalRunner.RunFnPeriodically - 1 total (0 active), Execution time: mean = 0.03ms, total = 0.03ms, Queueing time: mean = 0.01ms, max = 0.01ms, min = 0.01ms, total = 0.01ms
Other Stats:
	gcs_grpc_in_progress:0
	event_aggregator_grpc_in_progress:0
	current number of task status events in buffer: 0
	current number of profile events in buffer: 0
	current number of dropped task attempts tracked: 0
	total task events sent: 0 MiB
	total number of task attempts sent: 0
	total number of task attempts dropped reported: 0
	total number of sent failure: 0
	num status task events dropped: 0
	num profile task events dropped: 0
	num ray task events reported to aggregator: 0
	num ray task events failed to report to aggregator: 0
	num of task attempts dropped reported to aggregator: 0
	num of failed requests to aggregator: 0

[2026-09-04 01:29:41,677 I 1592 4518] core_worker.cc:498: Event stats:


Global stats: 10503 total (8 active)
Queueing time: mean = 0.02ms, max = 0.22ms, min = -0.02ms, total = 188.84ms
Execution time:  mean = 0.00ms, total = 45.48ms
Event stats:
	CoreWorker.RecoverObjects - 7799 total (1 active), Execution time: mean = 0.00ms, total = 18.30ms, Queueing time: mean = 0.02ms, max = 0.10ms, min = -0.02ms, total = 143.01ms
	CoreWorker.InternalHeartbeat - 780 total (1 active), Execution time: mean = 0.00ms, total = 3.05ms, Queueing time: mean = 0.02ms, max = 0.07ms, min = -0.01ms, total = 13.65ms
	CoreWorker.ExitIfParentRayletDies - 780 total (1 active), Execution time: mean = 0.01ms, total = 4.32ms, Queueing time: mean = 0.02ms, max = 0.07ms, min = 0.00ms, total = 12.41ms
	CoreWorker.ReportWorkerBacklog - 780 total (1 active), Execution time: mean = 0.00ms, total = 3.12ms, Queueing time: mean = 0.02ms, max = 0.09ms, min = 0.00ms, total = 13.48ms
	CoreWorker.RecordMetrics - 156 total (1 active), Execution time: mean = 0.02ms, total = 3.88ms, Queueing time: mean = 0.01ms, max = 0.08ms, min = 0.00ms, total = 2.08ms
	CoreWorker.TryDelPendingObjectRefStreams - 78 total (1 active), Execution time: mean = 0.00ms, total = 0.16ms, Queueing time: mean = 0.03ms, max = 0.22ms, min = 0.00ms, total = 2.23ms
	CoreWorkerService.grpc_server.GetCoreWorkerStats - 52 total (0 active), Execution time: mean = 0.17ms, total = 8.59ms, Queueing time: mean = 0.00ms, max = -0.00ms, min = 9223372036854.78ms, total = 0.00ms
	CoreWorkerService.grpc_server.GetCoreWorkerStats.HandleRequestImpl - 52 total (0 active), Execution time: mean = 0.03ms, total = 1.50ms, Queueing time: mean = 0.02ms, max = 0.04ms, min = 0.01ms, total = 1.02ms
	CoreWorker.PrintEventStats - 13 total (1 active, 1 running), Execution time: mean = 0.16ms, total = 2.09ms, Queueing time: mean = 0.02ms, max = 0.03ms, min = 0.01ms, total = 0.20ms
	PeriodicalRunner.RunFnPeriodically - 8 total (0 active), Execution time: mean = 0.02ms, total = 0.14ms, Queueing time: mean = 0.09ms, max = 0.15ms, min = 0.01ms, total = 0.75ms
	Publisher.CheckDeadSubscribers - 3 total (1 active), Execution time: mean = 0.00ms, total = 0.00ms, Queueing time: mean = 0.00ms, max = 0.01ms, min = 0.00ms, total = 0.01ms
	ray::rpc::WorkerInfoGcsService.grpc_client.AddWorkerInfo - 1 total (0 active), Execution time: mean = 0.31ms, total = 0.31ms, Queueing time: mean = 0.00ms, max = -0.00ms, min = 9223372036854.78ms, total = 0.00ms
	ray::rpc::WorkerInfoGcsService.grpc_client.AddWorkerInfo.OnReplyReceived - 1 total (0 active), Execution time: mean = 0.03ms, total = 0.03ms, Queueing time: mean = 0.01ms, max = 0.01ms, min = 0.01ms, total = 0.01ms

-----------------
Task execution event stats:

Global stats: 77900 total (1 active)
Queueing time: mean = 0.01ms, max = 0.71ms, min = -0.02ms, total = 908.12ms
Execution time:  mean = 0.00ms, total = 156.60ms
Event stats:
	CoreWorker.CheckSignal - 77899 total (1 active), Execution time: mean = 0.00ms, total = 156.59ms, Queueing time: mean = 0.01ms, max = 0.71ms, min = -0.02ms, total = 908.12ms
	PeriodicalRunner.RunFnPeriodically - 1 total (0 active), Execution time: mean = 0.01ms, total = 0.01ms, Queueing time: mean = 0.00ms, max = 0.00ms, min = 0.00ms, total = 0.00ms

-----------------
Task Event stats:

IO Service Stats:

Global stats: 781 total (1 active)
Queueing time: mean = 0.02ms, max = 0.07ms, min = 0.00ms, total = 16.61ms
Execution time:  mean = 0.01ms, total = 6.78ms
Event stats:
	CoreWorker.deadline_timer.flush_task_events - 780 total (1 active), Execution time: mean = 0.01ms, total = 6.75ms, Queueing time: mean = 0.02ms, max = 0.07ms, min = 0.00ms, total = 16.61ms
	PeriodicalRunner.RunFnPeriodically - 1 total (0 active), Execution time: mean = 0.03ms, total = 0.03ms, Queueing time: mean = 0.01ms, max = 0.01ms, min = 0.01ms, total = 0.01ms
Other Stats:
	gcs_grpc_in_progress:0
	event_aggregator_grpc_in_progress:0
	current number of task status events in buffer: 0
	current number of profile events in buffer: 0
	current number of dropped task attempts tracked: 0
	total task events sent: 0 MiB
	total number of task attempts sent: 0
	total number of task attempts dropped reported: 0
	total number of sent failure: 0
	num status task events dropped: 0
	num profile task events dropped: 0
	num ray task events reported to aggregator: 0
	num ray task events failed to report to aggregator: 0
	num of task attempts dropped reported to aggregator: 0
	num of failed requests to aggregator: 0

[2026-09-04 01:30:41,677 I 1592 4518] core_worker.cc:498: Event stats:


Global stats: 11310 total (8 active)
Queueing time: mean = 0.02ms, max = 0.22ms, min = -0.02ms, total = 202.74ms
Execution time:  mean = 0.00ms, total = 48.74ms
Event stats:
	CoreWorker.RecoverObjects - 8399 total (1 active), Execution time: mean = 0.00ms, total = 19.62ms, Queueing time: mean = 0.02ms, max = 0.10ms, min = -0.02ms, total = 153.37ms
	CoreWorker.InternalHeartbeat - 840 total (1 active), Execution time: mean = 0.00ms, total = 3.31ms, Queueing time: mean = 0.02ms, max = 0.07ms, min = -0.01ms, total = 14.70ms
	CoreWorker.ExitIfParentRayletDies - 840 total (1 active), Execution time: mean = 0.01ms, total = 4.64ms, Queueing time: mean = 0.02ms, max = 0.07ms, min = 0.00ms, total = 13.39ms
	CoreWorker.ReportWorkerBacklog - 840 total (1 active), Execution time: mean = 0.00ms, total = 3.36ms, Queueing time: mean = 0.02ms, max = 0.09ms, min = 0.00ms, total = 14.54ms
	CoreWorker.RecordMetrics - 168 total (1 active), Execution time: mean = 0.02ms, total = 4.18ms, Queueing time: mean = 0.01ms, max = 0.08ms, min = 0.00ms, total = 2.28ms
	CoreWorker.TryDelPendingObjectRefStreams - 84 total (1 active), Execution time: mean = 0.00ms, total = 0.17ms, Queueing time: mean = 0.03ms, max = 0.22ms, min = 0.00ms, total = 2.37ms
	CoreWorkerService.grpc_server.GetCoreWorkerStats - 56 total (0 active), Execution time: mean = 0.16ms, total = 9.13ms, Queueing time: mean = 0.00ms, max = -0.00ms, min = 9223372036854.78ms, total = 0.00ms
	CoreWorkerService.grpc_server.GetCoreWorkerStats.HandleRequestImpl - 56 total (0 active), Execution time: mean = 0.03ms, total = 1.60ms, Queueing time: mean = 0.02ms, max = 0.04ms, min = 0.01ms, total = 1.09ms
	CoreWorker.PrintEventStats - 14 total (1 active, 1 running), Execution time: mean = 0.16ms, total = 2.25ms, Queueing time: mean = 0.02ms, max = 0.03ms, min = 0.01ms, total = 0.21ms
	PeriodicalRunner.RunFnPeriodically - 8 total (0 active), Execution time: mean = 0.02ms, total = 0.14ms, Queueing time: mean = 0.09ms, max = 0.15ms, min = 0.01ms, total = 0.75ms
	Publisher.CheckDeadSubscribers - 3 total (1 active), Execution time: mean = 0.00ms, total = 0.00ms, Queueing time: mean = 0.00ms, max = 0.01ms, min = 0.00ms, total = 0.01ms
	ray::rpc::WorkerInfoGcsService.grpc_client.AddWorkerInfo - 1 total (0 active), Execution time: mean = 0.31ms, total = 0.31ms, Queueing time: mean = 0.00ms, max = -0.00ms, min = 9223372036854.78ms, total = 0.00ms
	ray::rpc::WorkerInfoGcsService.grpc_client.AddWorkerInfo.OnReplyReceived - 1 total (0 active), Execution time: mean = 0.03ms, total = 0.03ms, Queueing time: mean = 0.01ms, max = 0.01ms, min = 0.01ms, total = 0.01ms

-----------------
Task execution event stats:

Global stats: 83896 total (1 active)
Queueing time: mean = 0.01ms, max = 0.71ms, min = -0.02ms, total = 950.26ms
Execution time:  mean = 0.00ms, total = 167.03ms
Event stats:
	CoreWorker.CheckSignal - 83895 total (1 active), Execution time: mean = 0.00ms, total = 167.03ms, Queueing time: mean = 0.01ms, max = 0.71ms, min = -0.02ms, total = 950.26ms
	PeriodicalRunner.RunFnPeriodically - 1 total (0 active), Execution time: mean = 0.01ms, total = 0.01ms, Queueing time: mean = 0.00ms, max = 0.00ms, min = 0.00ms, total = 0.00ms

-----------------
Task Event stats:

IO Service Stats:

Global stats: 841 total (1 active)
Queueing time: mean = 0.02ms, max = 0.08ms, min = 0.00ms, total = 17.94ms
Execution time:  mean = 0.01ms, total = 7.24ms
Event stats:
	CoreWorker.deadline_timer.flush_task_events - 840 total (1 active), Execution time: mean = 0.01ms, total = 7.21ms, Queueing time: mean = 0.02ms, max = 0.08ms, min = 0.00ms, total = 17.94ms
	PeriodicalRunner.RunFnPeriodically - 1 total (0 active), Execution time: mean = 0.03ms, total = 0.03ms, Queueing time: mean = 0.01ms, max = 0.01ms, min = 0.01ms, total = 0.01ms
Other Stats:
	gcs_grpc_in_progress:0
	event_aggregator_grpc_in_progress:0
	current number of task status events in buffer: 0
	current number of profile events in buffer: 0
	current number of dropped task attempts tracked: 0
	total task events sent: 0 MiB
	total number of task attempts sent: 0
	total number of task attempts dropped reported: 0
	total number of sent failure: 0
	num status task events dropped: 0
	num profile task events dropped: 0
	num ray task events reported to aggregator: 0
	num ray task events failed to report to aggregator: 0
	num of task attempts dropped reported to aggregator: 0
	num of failed requests to aggregator: 0

[2026-09-04 01:31:41,677 I 1592 4518] core_worker.cc:498: Event stats:


Global stats: 12118 total (8 active)
Queueing time: mean = 0.02ms, max = 1.28ms, min = -0.02ms, total = 218.36ms
Execution time:  mean = 0.00ms, total = 52.18ms
Event stats:
	CoreWorker.RecoverObjects - 8999 total (1 active), Execution time: mean = 0.00ms, total = 21.08ms, Queueing time: mean = 0.02ms, max = 1.28ms, min = -0.02ms, total = 165.70ms
	CoreWorker.InternalHeartbeat - 900 total (1 active), Execution time: mean = 0.00ms, total = 3.53ms, Queueing time: mean = 0.02ms, max = 0.07ms, min = -0.01ms, total = 15.69ms
	CoreWorker.ExitIfParentRayletDies - 900 total (1 active), Execution time: mean = 0.01ms, total = 4.91ms, Queueing time: mean = 0.02ms, max = 0.07ms, min = 0.00ms, total = 14.31ms
	CoreWorker.ReportWorkerBacklog - 900 total (1 active), Execution time: mean = 0.00ms, total = 3.60ms, Queueing time: mean = 0.02ms, max = 0.09ms, min = 0.00ms, total = 15.49ms
	CoreWorker.RecordMetrics - 180 total (1 active), Execution time: mean = 0.02ms, total = 4.45ms, Queueing time: mean = 0.01ms, max = 0.08ms, min = 0.00ms, total = 2.43ms
	CoreWorker.TryDelPendingObjectRefStreams - 90 total (1 active), Execution time: mean = 0.00ms, total = 0.18ms, Queueing time: mean = 0.03ms, max = 0.22ms, min = 0.00ms, total = 2.52ms
	CoreWorkerService.grpc_server.GetCoreWorkerStats - 60 total (0 active), Execution time: mean = 0.16ms, total = 9.82ms, Queueing time: mean = 0.00ms, max = -0.00ms, min = 9223372036854.78ms, total = 0.00ms
	CoreWorkerService.grpc_server.GetCoreWorkerStats.HandleRequestImpl - 60 total (0 active), Execution time: mean = 0.03ms, total = 1.71ms, Queueing time: mean = 0.02ms, max = 0.04ms, min = 0.01ms, total = 1.20ms
	CoreWorker.PrintEventStats - 15 total (1 active, 1 running), Execution time: mean = 0.16ms, total = 2.41ms, Queueing time: mean = 0.01ms, max = 0.03ms, min = 0.01ms, total = 0.22ms
	PeriodicalRunner.RunFnPeriodically - 8 total (0 active), Execution time: mean = 0.02ms, total = 0.14ms, Queueing time: mean = 0.09ms, max = 0.15ms, min = 0.01ms, total = 0.75ms
	Publisher.CheckDeadSubscribers - 4 total (1 active), Execution time: mean = 0.00ms, total = 0.01ms, Queueing time: mean = 0.01ms, max = 0.02ms, min = 0.00ms, total = 0.03ms
	ray::rpc::WorkerInfoGcsService.grpc_client.AddWorkerInfo - 1 total (0 active), Execution time: mean = 0.31ms, total = 0.31ms, Queueing time: mean = 0.00ms, max = -0.00ms, min = 9223372036854.78ms, total = 0.00ms
	ray::rpc::WorkerInfoGcsService.grpc_client.AddWorkerInfo.OnReplyReceived - 1 total (0 active), Execution time: mean = 0.03ms, total = 0.03ms, Queueing time: mean = 0.01ms, max = 0.01ms, min = 0.01ms, total = 0.01ms

-----------------
Task execution event stats:

Global stats: 89888 total (1 active)
Queueing time: mean = 0.01ms, max = 3.77ms, min = -0.02ms, total = 1017.22ms
Execution time:  mean = 0.00ms, total = 178.05ms
Event stats:
	CoreWorker.CheckSignal - 89887 total (1 active), Execution time: mean = 0.00ms, total = 178.04ms, Queueing time: mean = 0.01ms, max = 3.77ms, min = -0.02ms, total = 1017.22ms
	PeriodicalRunner.RunFnPeriodically - 1 total (0 active), Execution time: mean = 0.01ms, total = 0.01ms, Queueing time: mean = 0.00ms, max = 0.00ms, min = 0.00ms, total = 0.00ms

-----------------
Task Event stats:

IO Service Stats:

Global stats: 901 total (1 active)
Queueing time: mean = 0.02ms, max = 1.06ms, min = 0.00ms, total = 20.04ms
Execution time:  mean = 0.01ms, total = 7.65ms
Event stats:
	CoreWorker.deadline_timer.flush_task_events - 900 total (1 active), Execution time: mean = 0.01ms, total = 7.62ms, Queueing time: mean = 0.02ms, max = 1.06ms, min = 0.00ms, total = 20.04ms
	PeriodicalRunner.RunFnPeriodically - 1 total (0 active), Execution time: mean = 0.03ms, total = 0.03ms, Queueing time: mean = 0.01ms, max = 0.01ms, min = 0.01ms, total = 0.01ms
Other Stats:
	gcs_grpc_in_progress:0
	event_aggregator_grpc_in_progress:0
	current number of task status events in buffer: 0
	current number of profile events in buffer: 0
	current number of dropped task attempts tracked: 0
	total task events sent: 0 MiB
	total number of task attempts sent: 0
	total number of task attempts dropped reported: 0
	total number of sent failure: 0
	num status task events dropped: 0
	num profile task events dropped: 0
	num ray task events reported to aggregator: 0
	num ray task events failed to report to aggregator: 0
	num of task attempts dropped reported to aggregator: 0
	num of failed requests to aggregator: 0

