[2026-09-04 01:16:41,670 I 1593 1593] core_worker_process.cc:868: Constructing CoreWorkerProcess. pid: 1593
[2026-09-04 01:16:41,672 I 1593 1593] event.cc:499: Ray Event initialized for CORE_WORKER
[2026-09-04 01:16:41,672 I 1593 1593] event.cc:499: Ray Event initialized for EXPORT_TASK
[2026-09-04 01:16:41,672 I 1593 1593] event.cc:332: Set ray event level to warning
[2026-09-04 01:16:41,673 I 1593 1593] grpc_server.cc:144: worker server started, listening on port 20051.
[2026-09-04 01:16:41,674 I 1593 1593] core_worker_process.cc:299: Initializing worker at address: 10.244.18.139:20051 worker_id=a392a2b5f978c49f094f4e4d2f0815a70300372c111aee605b2fc889 node_id=7ec92c2f54084c82224aaf290ba4b064a6946ba02865d6eabbdaa50f
[2026-09-04 01:16:41,674 I 1593 1593] task_event_buffer.cc:535: Reporting task events to GCS every 1000ms.
[2026-09-04 01:16:41,675 I 1593 1593] core_worker.cc:568: Adjusted worker niceness to 15
[2026-09-04 01:16:41,675 I 1593 4548] core_worker.cc:498: Event stats:


Global stats: 11 total (9 active)
Queueing time: mean = 0.00ms, max = 0.01ms, min = 0.01ms, total = 0.02ms
Execution time:  mean = 0.00ms, total = 0.02ms
Event stats:
	PeriodicalRunner.RunFnPeriodically - 8 total (6 active, 1 running), Execution time: mean = 0.00ms, total = 0.02ms, Queueing time: mean = 0.00ms, max = 0.01ms, min = 0.01ms, total = 0.02ms
	ray::rpc::WorkerInfoGcsService.grpc_client.AddWorkerInfo - 1 total (1 active), Execution time: mean = 0.00ms, total = 0.00ms, Queueing time: mean = 0.00ms, max = -0.00ms, min = 9223372036854.78ms, total = 0.00ms
	Publisher.CheckDeadSubscribers - 1 total (1 active), Execution time: mean = 0.00ms, total = 0.00ms, Queueing time: mean = 0.00ms, max = -0.00ms, min = 9223372036854.78ms, total = 0.00ms
	CoreWorker.ExitIfParentRayletDies - 1 total (1 active), Execution time: mean = 0.00ms, total = 0.00ms, Queueing time: mean = 0.00ms, max = -0.00ms, min = 9223372036854.78ms, total = 0.00ms

-----------------
Task execution event stats:

Global stats: 0 total (0 active)
Queueing time: mean = -nanms, max = -0.00ms, min = 9223372036854.78ms, total = 0.00ms
Execution time:  mean = -nanms, total = 0.00ms
Event stats:

-----------------
Task Event stats:

IO Service Stats:

Global stats: 2 total (1 active)
Queueing time: mean = 0.00ms, max = 0.01ms, min = 0.01ms, total = 0.01ms
Execution time:  mean = 0.02ms, total = 0.03ms
Event stats:
	PeriodicalRunner.RunFnPeriodically - 1 total (0 active), Execution time: mean = 0.03ms, total = 0.03ms, Queueing time: mean = 0.01ms, max = 0.01ms, min = 0.01ms, total = 0.01ms
	CoreWorker.deadline_timer.flush_task_events - 1 total (1 active), Execution time: mean = 0.00ms, total = 0.00ms, Queueing time: mean = 0.00ms, max = -0.00ms, min = 9223372036854.78ms, total = 0.00ms
Other Stats:
	gcs_grpc_in_progress:0
	event_aggregator_grpc_in_progress:0
	current number of task status events in buffer: 0
	current number of profile events in buffer: 0
	current number of dropped task attempts tracked: 0
	total task events sent: 0 MiB
	total number of task attempts sent: 0
	total number of task attempts dropped reported: 0
	total number of sent failure: 0
	num status task events dropped: 0
	num profile task events dropped: 0
	num ray task events reported to aggregator: 0
	num ray task events failed to report to aggregator: 0
	num of task attempts dropped reported to aggregator: 0
	num of failed requests to aggregator: 0

[2026-09-04 01:17:41,675 I 1593 4548] core_worker.cc:498: Event stats:


Global stats: 818 total (8 active)
Queueing time: mean = 0.01ms, max = 0.14ms, min = 0.00ms, total = 10.77ms
Execution time:  mean = 0.00ms, total = 3.04ms
Event stats:
	CoreWorker.RecoverObjects - 600 total (1 active), Execution time: mean = 0.00ms, total = 0.96ms, Queueing time: mean = 0.01ms, max = 0.04ms, min = 0.00ms, total = 7.71ms
	CoreWorker.InternalHeartbeat - 60 total (1 active), Execution time: mean = 0.00ms, total = 0.11ms, Queueing time: mean = 0.01ms, max = 0.04ms, min = 0.00ms, total = 0.73ms
	CoreWorker.ExitIfParentRayletDies - 60 total (1 active), Execution time: mean = 0.00ms, total = 0.23ms, Queueing time: mean = 0.01ms, max = 0.04ms, min = 0.00ms, total = 0.74ms
	CoreWorker.ReportWorkerBacklog - 60 total (1 active), Execution time: mean = 0.00ms, total = 0.14ms, Queueing time: mean = 0.01ms, max = 0.04ms, min = 0.00ms, total = 0.70ms
	CoreWorker.RecordMetrics - 12 total (1 active), Execution time: mean = 0.02ms, total = 0.19ms, Queueing time: mean = 0.01ms, max = 0.02ms, min = 0.00ms, total = 0.08ms
	PeriodicalRunner.RunFnPeriodically - 8 total (0 active), Execution time: mean = 0.02ms, total = 0.15ms, Queueing time: mean = 0.09ms, max = 0.14ms, min = 0.01ms, total = 0.68ms
	CoreWorker.TryDelPendingObjectRefStreams - 6 total (1 active), Execution time: mean = 0.00ms, total = 0.01ms, Queueing time: mean = 0.01ms, max = 0.01ms, min = 0.01ms, total = 0.05ms
	CoreWorkerService.grpc_server.GetCoreWorkerStats.HandleRequestImpl - 4 total (0 active), Execution time: mean = 0.04ms, total = 0.16ms, Queueing time: mean = 0.02ms, max = 0.02ms, min = 0.01ms, total = 0.07ms
	CoreWorkerService.grpc_server.GetCoreWorkerStats - 4 total (0 active), Execution time: mean = 0.19ms, total = 0.77ms, Queueing time: mean = 0.00ms, max = -0.00ms, min = 9223372036854.78ms, total = 0.00ms
	ray::rpc::WorkerInfoGcsService.grpc_client.AddWorkerInfo.OnReplyReceived - 1 total (0 active), Execution time: mean = 0.02ms, total = 0.02ms, Queueing time: mean = 0.01ms, max = 0.01ms, min = 0.01ms, total = 0.01ms
	Publisher.CheckDeadSubscribers - 1 total (1 active), Execution time: mean = 0.00ms, total = 0.00ms, Queueing time: mean = 0.00ms, max = -0.00ms, min = 9223372036854.78ms, total = 0.00ms
	CoreWorker.PrintEventStats - 1 total (1 active, 1 running), Execution time: mean = 0.00ms, total = 0.00ms, Queueing time: mean = 0.00ms, max = -0.00ms, min = 9223372036854.78ms, total = 0.00ms
	ray::rpc::WorkerInfoGcsService.grpc_client.AddWorkerInfo - 1 total (0 active), Execution time: mean = 0.30ms, total = 0.30ms, Queueing time: mean = 0.00ms, max = -0.00ms, min = 9223372036854.78ms, total = 0.00ms

-----------------
Task execution event stats:

Global stats: 5993 total (1 active)
Queueing time: mean = 0.01ms, max = 0.07ms, min = -0.01ms, total = 73.09ms
Execution time:  mean = 0.00ms, total = 11.34ms
Event stats:
	CoreWorker.CheckSignal - 5992 total (1 active), Execution time: mean = 0.00ms, total = 11.34ms, Queueing time: mean = 0.01ms, max = 0.07ms, min = -0.01ms, total = 73.09ms
	PeriodicalRunner.RunFnPeriodically - 1 total (0 active), Execution time: mean = 0.00ms, total = 0.00ms, Queueing time: mean = 0.00ms, max = 0.00ms, min = 0.00ms, total = 0.00ms

-----------------
Task Event stats:

IO Service Stats:

Global stats: 61 total (1 active)
Queueing time: mean = 0.02ms, max = 0.04ms, min = 0.01ms, total = 1.27ms
Execution time:  mean = 0.01ms, total = 0.49ms
Event stats:
	CoreWorker.deadline_timer.flush_task_events - 60 total (1 active), Execution time: mean = 0.01ms, total = 0.46ms, Queueing time: mean = 0.02ms, max = 0.04ms, min = 0.01ms, total = 1.27ms
	PeriodicalRunner.RunFnPeriodically - 1 total (0 active), Execution time: mean = 0.03ms, total = 0.03ms, Queueing time: mean = 0.01ms, max = 0.01ms, min = 0.01ms, total = 0.01ms
Other Stats:
	gcs_grpc_in_progress:0
	event_aggregator_grpc_in_progress:0
	current number of task status events in buffer: 0
	current number of profile events in buffer: 0
	current number of dropped task attempts tracked: 0
	total task events sent: 0 MiB
	total number of task attempts sent: 0
	total number of task attempts dropped reported: 0
	total number of sent failure: 0
	num status task events dropped: 0
	num profile task events dropped: 0
	num ray task events reported to aggregator: 0
	num ray task events failed to report to aggregator: 0
	num of task attempts dropped reported to aggregator: 0
	num of failed requests to aggregator: 0

[2026-09-04 01:18:41,675 I 1593 4548] core_worker.cc:498: Event stats:


Global stats: 1625 total (8 active)
Queueing time: mean = 0.01ms, max = 0.26ms, min = 0.00ms, total = 23.38ms
Execution time:  mean = 0.00ms, total = 6.09ms
Event stats:
	CoreWorker.RecoverObjects - 1200 total (1 active), Execution time: mean = 0.00ms, total = 2.14ms, Queueing time: mean = 0.01ms, max = 0.06ms, min = 0.00ms, total = 16.92ms
	CoreWorker.InternalHeartbeat - 120 total (1 active), Execution time: mean = 0.00ms, total = 0.23ms, Queueing time: mean = 0.01ms, max = 0.04ms, min = 0.00ms, total = 1.73ms
	CoreWorker.ExitIfParentRayletDies - 120 total (1 active), Execution time: mean = 0.00ms, total = 0.50ms, Queueing time: mean = 0.01ms, max = 0.04ms, min = 0.00ms, total = 1.61ms
	CoreWorker.ReportWorkerBacklog - 120 total (1 active), Execution time: mean = 0.00ms, total = 0.33ms, Queueing time: mean = 0.01ms, max = 0.04ms, min = 0.00ms, total = 1.64ms
	CoreWorker.RecordMetrics - 24 total (1 active), Execution time: mean = 0.02ms, total = 0.41ms, Queueing time: mean = 0.01ms, max = 0.06ms, min = 0.00ms, total = 0.21ms
	CoreWorker.TryDelPendingObjectRefStreams - 12 total (1 active), Execution time: mean = 0.00ms, total = 0.02ms, Queueing time: mean = 0.03ms, max = 0.26ms, min = 0.01ms, total = 0.39ms
	CoreWorkerService.grpc_server.GetCoreWorkerStats.HandleRequestImpl - 8 total (0 active), Execution time: mean = 0.03ms, total = 0.24ms, Queueing time: mean = 0.02ms, max = 0.03ms, min = 0.01ms, total = 0.15ms
	PeriodicalRunner.RunFnPeriodically - 8 total (0 active), Execution time: mean = 0.02ms, total = 0.15ms, Queueing time: mean = 0.09ms, max = 0.14ms, min = 0.01ms, total = 0.68ms
	CoreWorkerService.grpc_server.GetCoreWorkerStats - 8 total (0 active), Execution time: mean = 0.18ms, total = 1.44ms, Queueing time: mean = 0.00ms, max = -0.00ms, min = 9223372036854.78ms, total = 0.00ms
	CoreWorker.PrintEventStats - 2 total (1 active, 1 running), Execution time: mean = 0.15ms, total = 0.30ms, Queueing time: mean = 0.02ms, max = 0.04ms, min = 0.04ms, total = 0.04ms
	ray::rpc::WorkerInfoGcsService.grpc_client.AddWorkerInfo.OnReplyReceived - 1 total (0 active), Execution time: mean = 0.02ms, total = 0.02ms, Queueing time: mean = 0.01ms, max = 0.01ms, min = 0.01ms, total = 0.01ms
	Publisher.CheckDeadSubscribers - 1 total (1 active), Execution time: mean = 0.00ms, total = 0.00ms, Queueing time: mean = 0.00ms, max = -0.00ms, min = 9223372036854.78ms, total = 0.00ms
	ray::rpc::WorkerInfoGcsService.grpc_client.AddWorkerInfo - 1 total (0 active), Execution time: mean = 0.30ms, total = 0.30ms, Queueing time: mean = 0.00ms, max = -0.00ms, min = 9223372036854.78ms, total = 0.00ms

-----------------
Task execution event stats:

Global stats: 11983 total (1 active)
Queueing time: mean = 0.01ms, max = 0.18ms, min = -0.01ms, total = 168.03ms
Execution time:  mean = 0.00ms, total = 27.06ms
Event stats:
	CoreWorker.CheckSignal - 11982 total (1 active), Execution time: mean = 0.00ms, total = 27.05ms, Queueing time: mean = 0.01ms, max = 0.18ms, min = -0.01ms, total = 168.03ms
	PeriodicalRunner.RunFnPeriodically - 1 total (0 active), Execution time: mean = 0.00ms, total = 0.00ms, Queueing time: mean = 0.00ms, max = 0.00ms, min = 0.00ms, total = 0.00ms

-----------------
Task Event stats:

IO Service Stats:

Global stats: 121 total (1 active)
Queueing time: mean = 0.02ms, max = 0.05ms, min = 0.01ms, total = 2.85ms
Execution time:  mean = 0.01ms, total = 1.13ms
Event stats:
	CoreWorker.deadline_timer.flush_task_events - 120 total (1 active), Execution time: mean = 0.01ms, total = 1.10ms, Queueing time: mean = 0.02ms, max = 0.05ms, min = 0.01ms, total = 2.84ms
	PeriodicalRunner.RunFnPeriodically - 1 total (0 active), Execution time: mean = 0.03ms, total = 0.03ms, Queueing time: mean = 0.01ms, max = 0.01ms, min = 0.01ms, total = 0.01ms
Other Stats:
	gcs_grpc_in_progress:0
	event_aggregator_grpc_in_progress:0
	current number of task status events in buffer: 0
	current number of profile events in buffer: 0
	current number of dropped task attempts tracked: 0
	total task events sent: 0 MiB
	total number of task attempts sent: 0
	total number of task attempts dropped reported: 0
	total number of sent failure: 0
	num status task events dropped: 0
	num profile task events dropped: 0
	num ray task events reported to aggregator: 0
	num ray task events failed to report to aggregator: 0
	num of task attempts dropped reported to aggregator: 0
	num of failed requests to aggregator: 0

[2026-09-04 01:19:41,675 I 1593 4548] core_worker.cc:498: Event stats:


Global stats: 2432 total (8 active)
Queueing time: mean = 0.01ms, max = 0.26ms, min = 0.00ms, total = 33.49ms
Execution time:  mean = 0.00ms, total = 8.74ms
Event stats:
	CoreWorker.RecoverObjects - 1800 total (1 active), Execution time: mean = 0.00ms, total = 3.18ms, Queueing time: mean = 0.01ms, max = 0.07ms, min = 0.00ms, total = 24.61ms
	CoreWorker.InternalHeartbeat - 180 total (1 active), Execution time: mean = 0.00ms, total = 0.34ms, Queueing time: mean = 0.01ms, max = 0.05ms, min = 0.00ms, total = 2.51ms
	CoreWorker.ExitIfParentRayletDies - 180 total (1 active), Execution time: mean = 0.00ms, total = 0.73ms, Queueing time: mean = 0.01ms, max = 0.04ms, min = 0.00ms, total = 2.28ms
	CoreWorker.ReportWorkerBacklog - 180 total (1 active), Execution time: mean = 0.00ms, total = 0.48ms, Queueing time: mean = 0.01ms, max = 0.04ms, min = 0.00ms, total = 2.38ms
	CoreWorker.RecordMetrics - 36 total (1 active), Execution time: mean = 0.02ms, total = 0.60ms, Queueing time: mean = 0.01ms, max = 0.06ms, min = 0.00ms, total = 0.28ms
	CoreWorker.TryDelPendingObjectRefStreams - 18 total (1 active), Execution time: mean = 0.00ms, total = 0.03ms, Queueing time: mean = 0.03ms, max = 0.26ms, min = 0.01ms, total = 0.50ms
	CoreWorkerService.grpc_server.GetCoreWorkerStats.HandleRequestImpl - 12 total (0 active), Execution time: mean = 0.03ms, total = 0.30ms, Queueing time: mean = 0.02ms, max = 0.03ms, min = 0.01ms, total = 0.21ms
	CoreWorkerService.grpc_server.GetCoreWorkerStats - 12 total (0 active), Execution time: mean = 0.18ms, total = 2.16ms, Queueing time: mean = 0.00ms, max = -0.00ms, min = 9223372036854.78ms, total = 0.00ms
	PeriodicalRunner.RunFnPeriodically - 8 total (0 active), Execution time: mean = 0.02ms, total = 0.15ms, Queueing time: mean = 0.09ms, max = 0.14ms, min = 0.01ms, total = 0.68ms
	CoreWorker.PrintEventStats - 3 total (1 active, 1 running), Execution time: mean = 0.15ms, total = 0.45ms, Queueing time: mean = 0.01ms, max = 0.04ms, min = 0.01ms, total = 0.04ms
	ray::rpc::WorkerInfoGcsService.grpc_client.AddWorkerInfo.OnReplyReceived - 1 total (0 active), Execution time: mean = 0.02ms, total = 0.02ms, Queueing time: mean = 0.01ms, max = 0.01ms, min = 0.01ms, total = 0.01ms
	Publisher.CheckDeadSubscribers - 1 total (1 active), Execution time: mean = 0.00ms, total = 0.00ms, Queueing time: mean = 0.00ms, max = -0.00ms, min = 9223372036854.78ms, total = 0.00ms
	ray::rpc::WorkerInfoGcsService.grpc_client.AddWorkerInfo - 1 total (0 active), Execution time: mean = 0.30ms, total = 0.30ms, Queueing time: mean = 0.00ms, max = -0.00ms, min = 9223372036854.78ms, total = 0.00ms

-----------------
Task execution event stats:

Global stats: 17975 total (1 active)
Queueing time: mean = 0.01ms, max = 0.18ms, min = -0.01ms, total = 241.22ms
Execution time:  mean = 0.00ms, total = 39.26ms
Event stats:
	CoreWorker.CheckSignal - 17974 total (1 active), Execution time: mean = 0.00ms, total = 39.26ms, Queueing time: mean = 0.01ms, max = 0.18ms, min = -0.01ms, total = 241.22ms
	PeriodicalRunner.RunFnPeriodically - 1 total (0 active), Execution time: mean = 0.00ms, total = 0.00ms, Queueing time: mean = 0.00ms, max = 0.00ms, min = 0.00ms, total = 0.00ms

-----------------
Task Event stats:

IO Service Stats:

Global stats: 181 total (1 active)
Queueing time: mean = 0.02ms, max = 0.05ms, min = 0.01ms, total = 4.20ms
Execution time:  mean = 0.01ms, total = 1.64ms
Event stats:
	CoreWorker.deadline_timer.flush_task_events - 180 total (1 active), Execution time: mean = 0.01ms, total = 1.61ms, Queueing time: mean = 0.02ms, max = 0.05ms, min = 0.01ms, total = 4.19ms
	PeriodicalRunner.RunFnPeriodically - 1 total (0 active), Execution time: mean = 0.03ms, total = 0.03ms, Queueing time: mean = 0.01ms, max = 0.01ms, min = 0.01ms, total = 0.01ms
Other Stats:
	gcs_grpc_in_progress:0
	event_aggregator_grpc_in_progress:0
	current number of task status events in buffer: 0
	current number of profile events in buffer: 0
	current number of dropped task attempts tracked: 0
	total task events sent: 0 MiB
	total number of task attempts sent: 0
	total number of task attempts dropped reported: 0
	total number of sent failure: 0
	num status task events dropped: 0
	num profile task events dropped: 0
	num ray task events reported to aggregator: 0
	num ray task events failed to report to aggregator: 0
	num of task attempts dropped reported to aggregator: 0
	num of failed requests to aggregator: 0

[2026-09-04 01:20:41,676 I 1593 4548] core_worker.cc:498: Event stats:


Global stats: 3239 total (8 active)
Queueing time: mean = 0.02ms, max = 0.26ms, min = 0.00ms, total = 51.12ms
Execution time:  mean = 0.00ms, total = 12.15ms
Event stats:
	CoreWorker.RecoverObjects - 2400 total (1 active), Execution time: mean = 0.00ms, total = 4.69ms, Queueing time: mean = 0.02ms, max = 0.07ms, min = 0.00ms, total = 37.59ms
	CoreWorker.InternalHeartbeat - 240 total (1 active), Execution time: mean = 0.00ms, total = 0.46ms, Queueing time: mean = 0.02ms, max = 0.07ms, min = 0.00ms, total = 3.99ms
	CoreWorker.ExitIfParentRayletDies - 240 total (1 active), Execution time: mean = 0.00ms, total = 1.01ms, Queueing time: mean = 0.02ms, max = 0.07ms, min = 0.00ms, total = 3.61ms
	CoreWorker.ReportWorkerBacklog - 240 total (1 active), Execution time: mean = 0.00ms, total = 0.66ms, Queueing time: mean = 0.02ms, max = 0.07ms, min = 0.00ms, total = 3.80ms
	CoreWorker.RecordMetrics - 48 total (1 active), Execution time: mean = 0.02ms, total = 0.79ms, Queueing time: mean = 0.01ms, max = 0.06ms, min = 0.00ms, total = 0.43ms
	CoreWorker.TryDelPendingObjectRefStreams - 24 total (1 active), Execution time: mean = 0.00ms, total = 0.03ms, Queueing time: mean = 0.03ms, max = 0.26ms, min = 0.00ms, total = 0.66ms
	CoreWorkerService.grpc_server.GetCoreWorkerStats.HandleRequestImpl - 16 total (0 active), Execution time: mean = 0.02ms, total = 0.38ms, Queueing time: mean = 0.02ms, max = 0.03ms, min = 0.01ms, total = 0.28ms
	CoreWorkerService.grpc_server.GetCoreWorkerStats - 16 total (0 active), Execution time: mean = 0.19ms, total = 3.05ms, Queueing time: mean = 0.00ms, max = -0.00ms, min = 9223372036854.78ms, total = 0.00ms
	PeriodicalRunner.RunFnPeriodically - 8 total (0 active), Execution time: mean = 0.02ms, total = 0.15ms, Queueing time: mean = 0.09ms, max = 0.14ms, min = 0.01ms, total = 0.68ms
	CoreWorker.PrintEventStats - 4 total (1 active, 1 running), Execution time: mean = 0.15ms, total = 0.59ms, Queueing time: mean = 0.01ms, max = 0.04ms, min = 0.01ms, total = 0.05ms
	ray::rpc::WorkerInfoGcsService.grpc_client.AddWorkerInfo.OnReplyReceived - 1 total (0 active), Execution time: mean = 0.02ms, total = 0.02ms, Queueing time: mean = 0.01ms, max = 0.01ms, min = 0.01ms, total = 0.01ms
	Publisher.CheckDeadSubscribers - 1 total (1 active), Execution time: mean = 0.00ms, total = 0.00ms, Queueing time: mean = 0.00ms, max = -0.00ms, min = 9223372036854.78ms, total = 0.00ms
	ray::rpc::WorkerInfoGcsService.grpc_client.AddWorkerInfo - 1 total (0 active), Execution time: mean = 0.30ms, total = 0.30ms, Queueing time: mean = 0.00ms, max = -0.00ms, min = 9223372036854.78ms, total = 0.00ms

-----------------
Task execution event stats:

Global stats: 23964 total (1 active)
Queueing time: mean = 0.01ms, max = 0.60ms, min = -0.01ms, total = 337.26ms
Execution time:  mean = 0.00ms, total = 56.78ms
Event stats:
	CoreWorker.CheckSignal - 23963 total (1 active), Execution time: mean = 0.00ms, total = 56.78ms, Queueing time: mean = 0.01ms, max = 0.60ms, min = -0.01ms, total = 337.26ms
	PeriodicalRunner.RunFnPeriodically - 1 total (0 active), Execution time: mean = 0.00ms, total = 0.00ms, Queueing time: mean = 0.00ms, max = 0.00ms, min = 0.00ms, total = 0.00ms

-----------------
Task Event stats:

IO Service Stats:

Global stats: 241 total (1 active)
Queueing time: mean = 0.02ms, max = 0.05ms, min = 0.01ms, total = 5.82ms
Execution time:  mean = 0.01ms, total = 2.25ms
Event stats:
	CoreWorker.deadline_timer.flush_task_events - 240 total (1 active), Execution time: mean = 0.01ms, total = 2.21ms, Queueing time: mean = 0.02ms, max = 0.05ms, min = 0.01ms, total = 5.82ms
	PeriodicalRunner.RunFnPeriodically - 1 total (0 active), Execution time: mean = 0.03ms, total = 0.03ms, Queueing time: mean = 0.01ms, max = 0.01ms, min = 0.01ms, total = 0.01ms
Other Stats:
	gcs_grpc_in_progress:0
	event_aggregator_grpc_in_progress:0
	current number of task status events in buffer: 0
	current number of profile events in buffer: 0
	current number of dropped task attempts tracked: 0
	total task events sent: 0 MiB
	total number of task attempts sent: 0
	total number of task attempts dropped reported: 0
	total number of sent failure: 0
	num status task events dropped: 0
	num profile task events dropped: 0
	num ray task events reported to aggregator: 0
	num ray task events failed to report to aggregator: 0
	num of task attempts dropped reported to aggregator: 0
	num of failed requests to aggregator: 0

[2026-09-04 01:21:41,676 I 1593 4548] core_worker.cc:498: Event stats:


Global stats: 4047 total (8 active)
Queueing time: mean = 0.02ms, max = 0.26ms, min = 0.00ms, total = 65.54ms
Execution time:  mean = 0.00ms, total = 15.11ms
Event stats:
	CoreWorker.RecoverObjects - 3000 total (1 active), Execution time: mean = 0.00ms, total = 5.95ms, Queueing time: mean = 0.02ms, max = 0.11ms, min = 0.00ms, total = 48.42ms
	CoreWorker.InternalHeartbeat - 300 total (1 active), Execution time: mean = 0.00ms, total = 0.58ms, Queueing time: mean = 0.02ms, max = 0.07ms, min = 0.00ms, total = 5.14ms
	CoreWorker.ExitIfParentRayletDies - 300 total (1 active), Execution time: mean = 0.00ms, total = 1.28ms, Queueing time: mean = 0.02ms, max = 0.07ms, min = 0.00ms, total = 4.62ms
	CoreWorker.ReportWorkerBacklog - 300 total (1 active), Execution time: mean = 0.00ms, total = 0.85ms, Queueing time: mean = 0.02ms, max = 0.07ms, min = 0.00ms, total = 4.89ms
	CoreWorker.RecordMetrics - 60 total (1 active), Execution time: mean = 0.02ms, total = 1.00ms, Queueing time: mean = 0.01ms, max = 0.06ms, min = 0.00ms, total = 0.58ms
	CoreWorker.TryDelPendingObjectRefStreams - 30 total (1 active), Execution time: mean = 0.00ms, total = 0.04ms, Queueing time: mean = 0.03ms, max = 0.26ms, min = 0.00ms, total = 0.79ms
	CoreWorkerService.grpc_server.GetCoreWorkerStats.HandleRequestImpl - 20 total (0 active), Execution time: mean = 0.02ms, total = 0.48ms, Queueing time: mean = 0.02ms, max = 0.03ms, min = 0.01ms, total = 0.36ms
	CoreWorkerService.grpc_server.GetCoreWorkerStats - 20 total (0 active), Execution time: mean = 0.19ms, total = 3.75ms, Queueing time: mean = 0.00ms, max = -0.00ms, min = 9223372036854.78ms, total = 0.00ms
	PeriodicalRunner.RunFnPeriodically - 8 total (0 active), Execution time: mean = 0.02ms, total = 0.15ms, Queueing time: mean = 0.09ms, max = 0.14ms, min = 0.01ms, total = 0.68ms
	CoreWorker.PrintEventStats - 5 total (1 active, 1 running), Execution time: mean = 0.14ms, total = 0.72ms, Queueing time: mean = 0.01ms, max = 0.04ms, min = 0.01ms, total = 0.06ms
	Publisher.CheckDeadSubscribers - 2 total (1 active), Execution time: mean = 0.00ms, total = 0.00ms, Queueing time: mean = 0.00ms, max = 0.00ms, min = 0.00ms, total = 0.00ms
	ray::rpc::WorkerInfoGcsService.grpc_client.AddWorkerInfo.OnReplyReceived - 1 total (0 active), Execution time: mean = 0.02ms, total = 0.02ms, Queueing time: mean = 0.01ms, max = 0.01ms, min = 0.01ms, total = 0.01ms
	ray::rpc::WorkerInfoGcsService.grpc_client.AddWorkerInfo - 1 total (0 active), Execution time: mean = 0.30ms, total = 0.30ms, Queueing time: mean = 0.00ms, max = -0.00ms, min = 9223372036854.78ms, total = 0.00ms

-----------------
Task execution event stats:

Global stats: 29954 total (1 active)
Queueing time: mean = 0.01ms, max = 0.60ms, min = -0.01ms, total = 428.80ms
Execution time:  mean = 0.00ms, total = 71.72ms
Event stats:
	CoreWorker.CheckSignal - 29953 total (1 active), Execution time: mean = 0.00ms, total = 71.72ms, Queueing time: mean = 0.01ms, max = 0.60ms, min = -0.01ms, total = 428.80ms
	PeriodicalRunner.RunFnPeriodically - 1 total (0 active), Execution time: mean = 0.00ms, total = 0.00ms, Queueing time: mean = 0.00ms, max = 0.00ms, min = 0.00ms, total = 0.00ms

-----------------
Task Event stats:

IO Service Stats:

Global stats: 301 total (1 active)
Queueing time: mean = 0.02ms, max = 0.05ms, min = 0.01ms, total = 7.31ms
Execution time:  mean = 0.01ms, total = 2.82ms
Event stats:
	CoreWorker.deadline_timer.flush_task_events - 300 total (1 active), Execution time: mean = 0.01ms, total = 2.79ms, Queueing time: mean = 0.02ms, max = 0.05ms, min = 0.01ms, total = 7.30ms
	PeriodicalRunner.RunFnPeriodically - 1 total (0 active), Execution time: mean = 0.03ms, total = 0.03ms, Queueing time: mean = 0.01ms, max = 0.01ms, min = 0.01ms, total = 0.01ms
Other Stats:
	gcs_grpc_in_progress:0
	event_aggregator_grpc_in_progress:0
	current number of task status events in buffer: 0
	current number of profile events in buffer: 0
	current number of dropped task attempts tracked: 0
	total task events sent: 0 MiB
	total number of task attempts sent: 0
	total number of task attempts dropped reported: 0
	total number of sent failure: 0
	num status task events dropped: 0
	num profile task events dropped: 0
	num ray task events reported to aggregator: 0
	num ray task events failed to report to aggregator: 0
	num of task attempts dropped reported to aggregator: 0
	num of failed requests to aggregator: 0

[2026-09-04 01:22:41,676 I 1593 4548] core_worker.cc:498: Event stats:


Global stats: 4854 total (8 active)
Queueing time: mean = 0.02ms, max = 0.26ms, min = 0.00ms, total = 77.49ms
Execution time:  mean = 0.00ms, total = 18.32ms
Event stats:
	CoreWorker.RecoverObjects - 3600 total (1 active), Execution time: mean = 0.00ms, total = 7.24ms, Queueing time: mean = 0.02ms, max = 0.11ms, min = 0.00ms, total = 57.29ms
	CoreWorker.InternalHeartbeat - 360 total (1 active), Execution time: mean = 0.00ms, total = 0.76ms, Queueing time: mean = 0.02ms, max = 0.07ms, min = 0.00ms, total = 6.11ms
	CoreWorker.ExitIfParentRayletDies - 360 total (1 active), Execution time: mean = 0.00ms, total = 1.64ms, Queueing time: mean = 0.02ms, max = 0.07ms, min = 0.00ms, total = 5.42ms
	CoreWorker.ReportWorkerBacklog - 360 total (1 active), Execution time: mean = 0.00ms, total = 1.08ms, Queueing time: mean = 0.02ms, max = 0.07ms, min = 0.00ms, total = 5.81ms
	CoreWorker.RecordMetrics - 72 total (1 active), Execution time: mean = 0.02ms, total = 1.24ms, Queueing time: mean = 0.01ms, max = 0.06ms, min = 0.00ms, total = 0.68ms
	CoreWorker.TryDelPendingObjectRefStreams - 36 total (1 active), Execution time: mean = 0.00ms, total = 0.05ms, Queueing time: mean = 0.03ms, max = 0.26ms, min = 0.00ms, total = 0.98ms
	CoreWorkerService.grpc_server.GetCoreWorkerStats.HandleRequestImpl - 24 total (0 active), Execution time: mean = 0.02ms, total = 0.57ms, Queueing time: mean = 0.02ms, max = 0.03ms, min = 0.01ms, total = 0.42ms
	CoreWorkerService.grpc_server.GetCoreWorkerStats - 24 total (0 active), Execution time: mean = 0.18ms, total = 4.35ms, Queueing time: mean = 0.00ms, max = -0.00ms, min = 9223372036854.78ms, total = 0.00ms
	PeriodicalRunner.RunFnPeriodically - 8 total (0 active), Execution time: mean = 0.02ms, total = 0.15ms, Queueing time: mean = 0.09ms, max = 0.14ms, min = 0.01ms, total = 0.68ms
	CoreWorker.PrintEventStats - 6 total (1 active, 1 running), Execution time: mean = 0.15ms, total = 0.92ms, Queueing time: mean = 0.01ms, max = 0.04ms, min = 0.01ms, total = 0.07ms
	Publisher.CheckDeadSubscribers - 2 total (1 active), Execution time: mean = 0.00ms, total = 0.00ms, Queueing time: mean = 0.00ms, max = 0.00ms, min = 0.00ms, total = 0.00ms
	ray::rpc::WorkerInfoGcsService.grpc_client.AddWorkerInfo.OnReplyReceived - 1 total (0 active), Execution time: mean = 0.02ms, total = 0.02ms, Queueing time: mean = 0.01ms, max = 0.01ms, min = 0.01ms, total = 0.01ms
	ray::rpc::WorkerInfoGcsService.grpc_client.AddWorkerInfo - 1 total (0 active), Execution time: mean = 0.30ms, total = 0.30ms, Queueing time: mean = 0.00ms, max = -0.00ms, min = 9223372036854.78ms, total = 0.00ms

-----------------
Task execution event stats:

Global stats: 35946 total (1 active)
Queueing time: mean = 0.01ms, max = 0.60ms, min = -0.01ms, total = 498.70ms
Execution time:  mean = 0.00ms, total = 80.92ms
Event stats:
	CoreWorker.CheckSignal - 35945 total (1 active), Execution time: mean = 0.00ms, total = 80.92ms, Queueing time: mean = 0.01ms, max = 0.60ms, min = -0.01ms, total = 498.70ms
	PeriodicalRunner.RunFnPeriodically - 1 total (0 active), Execution time: mean = 0.00ms, total = 0.00ms, Queueing time: mean = 0.00ms, max = 0.00ms, min = 0.00ms, total = 0.00ms

-----------------
Task Event stats:

IO Service Stats:

Global stats: 361 total (1 active)
Queueing time: mean = 0.02ms, max = 0.05ms, min = 0.01ms, total = 8.64ms
Execution time:  mean = 0.01ms, total = 3.44ms
Event stats:
	CoreWorker.deadline_timer.flush_task_events - 360 total (1 active), Execution time: mean = 0.01ms, total = 3.41ms, Queueing time: mean = 0.02ms, max = 0.05ms, min = 0.01ms, total = 8.63ms
	PeriodicalRunner.RunFnPeriodically - 1 total (0 active), Execution time: mean = 0.03ms, total = 0.03ms, Queueing time: mean = 0.01ms, max = 0.01ms, min = 0.01ms, total = 0.01ms
Other Stats:
	gcs_grpc_in_progress:0
	event_aggregator_grpc_in_progress:0
	current number of task status events in buffer: 0
	current number of profile events in buffer: 0
	current number of dropped task attempts tracked: 0
	total task events sent: 0 MiB
	total number of task attempts sent: 0
	total number of task attempts dropped reported: 0
	total number of sent failure: 0
	num status task events dropped: 0
	num profile task events dropped: 0
	num ray task events reported to aggregator: 0
	num ray task events failed to report to aggregator: 0
	num of task attempts dropped reported to aggregator: 0
	num of failed requests to aggregator: 0

[2026-09-04 01:23:41,676 I 1593 4548] core_worker.cc:498: Event stats:


Global stats: 5661 total (8 active)
Queueing time: mean = 0.02ms, max = 0.26ms, min = -0.01ms, total = 88.42ms
Execution time:  mean = 0.00ms, total = 21.78ms
Event stats:
	CoreWorker.RecoverObjects - 4200 total (1 active), Execution time: mean = 0.00ms, total = 8.37ms, Queueing time: mean = 0.02ms, max = 0.11ms, min = -0.01ms, total = 65.73ms
	CoreWorker.InternalHeartbeat - 420 total (1 active), Execution time: mean = 0.00ms, total = 0.95ms, Queueing time: mean = 0.02ms, max = 0.07ms, min = 0.00ms, total = 6.91ms
	CoreWorker.ExitIfParentRayletDies - 420 total (1 active), Execution time: mean = 0.00ms, total = 2.01ms, Queueing time: mean = 0.01ms, max = 0.07ms, min = 0.00ms, total = 6.04ms
	CoreWorker.ReportWorkerBacklog - 420 total (1 active), Execution time: mean = 0.00ms, total = 1.30ms, Queueing time: mean = 0.02ms, max = 0.07ms, min = 0.00ms, total = 6.58ms
	CoreWorker.RecordMetrics - 84 total (1 active), Execution time: mean = 0.02ms, total = 1.52ms, Queueing time: mean = 0.01ms, max = 0.06ms, min = 0.00ms, total = 0.78ms
	CoreWorker.TryDelPendingObjectRefStreams - 42 total (1 active), Execution time: mean = 0.00ms, total = 0.06ms, Queueing time: mean = 0.03ms, max = 0.26ms, min = 0.00ms, total = 1.12ms
	CoreWorkerService.grpc_server.GetCoreWorkerStats.HandleRequestImpl - 28 total (0 active), Execution time: mean = 0.02ms, total = 0.68ms, Queueing time: mean = 0.02ms, max = 0.03ms, min = 0.01ms, total = 0.49ms
	CoreWorkerService.grpc_server.GetCoreWorkerStats - 28 total (0 active), Execution time: mean = 0.19ms, total = 5.34ms, Queueing time: mean = 0.00ms, max = -0.00ms, min = 9223372036854.78ms, total = 0.00ms
	PeriodicalRunner.RunFnPeriodically - 8 total (0 active), Execution time: mean = 0.02ms, total = 0.15ms, Queueing time: mean = 0.09ms, max = 0.14ms, min = 0.01ms, total = 0.68ms
	CoreWorker.PrintEventStats - 7 total (1 active, 1 running), Execution time: mean = 0.15ms, total = 1.07ms, Queueing time: mean = 0.01ms, max = 0.04ms, min = 0.01ms, total = 0.08ms
	Publisher.CheckDeadSubscribers - 2 total (1 active), Execution time: mean = 0.00ms, total = 0.00ms, Queueing time: mean = 0.00ms, max = 0.00ms, min = 0.00ms, total = 0.00ms
	ray::rpc::WorkerInfoGcsService.grpc_client.AddWorkerInfo.OnReplyReceived - 1 total (0 active), Execution time: mean = 0.02ms, total = 0.02ms, Queueing time: mean = 0.01ms, max = 0.01ms, min = 0.01ms, total = 0.01ms
	ray::rpc::WorkerInfoGcsService.grpc_client.AddWorkerInfo - 1 total (0 active), Execution time: mean = 0.30ms, total = 0.30ms, Queueing time: mean = 0.00ms, max = -0.00ms, min = 9223372036854.78ms, total = 0.00ms

-----------------
Task execution event stats:

Global stats: 41938 total (1 active)
Queueing time: mean = 0.01ms, max = 0.60ms, min = -0.05ms, total = 575.30ms
Execution time:  mean = 0.00ms, total = 91.79ms
Event stats:
	CoreWorker.CheckSignal - 41937 total (1 active), Execution time: mean = 0.00ms, total = 91.78ms, Queueing time: mean = 0.01ms, max = 0.60ms, min = -0.05ms, total = 575.29ms
	PeriodicalRunner.RunFnPeriodically - 1 total (0 active), Execution time: mean = 0.00ms, total = 0.00ms, Queueing time: mean = 0.00ms, max = 0.00ms, min = 0.00ms, total = 0.00ms

-----------------
Task Event stats:

IO Service Stats:

Global stats: 421 total (1 active)
Queueing time: mean = 0.02ms, max = 0.05ms, min = 0.01ms, total = 9.88ms
Execution time:  mean = 0.01ms, total = 4.00ms
Event stats:
	CoreWorker.deadline_timer.flush_task_events - 420 total (1 active), Execution time: mean = 0.01ms, total = 3.97ms, Queueing time: mean = 0.02ms, max = 0.05ms, min = 0.01ms, total = 9.87ms
	PeriodicalRunner.RunFnPeriodically - 1 total (0 active), Execution time: mean = 0.03ms, total = 0.03ms, Queueing time: mean = 0.01ms, max = 0.01ms, min = 0.01ms, total = 0.01ms
Other Stats:
	gcs_grpc_in_progress:0
	event_aggregator_grpc_in_progress:0
	current number of task status events in buffer: 0
	current number of profile events in buffer: 0
	current number of dropped task attempts tracked: 0
	total task events sent: 0 MiB
	total number of task attempts sent: 0
	total number of task attempts dropped reported: 0
	total number of sent failure: 0
	num status task events dropped: 0
	num profile task events dropped: 0
	num ray task events reported to aggregator: 0
	num ray task events failed to report to aggregator: 0
	num of task attempts dropped reported to aggregator: 0
	num of failed requests to aggregator: 0

[2026-09-04 01:24:41,676 I 1593 4548] core_worker.cc:498: Event stats:


Global stats: 6468 total (8 active)
Queueing time: mean = 0.02ms, max = 0.26ms, min = -0.01ms, total = 101.23ms
Execution time:  mean = 0.00ms, total = 25.13ms
Event stats:
	CoreWorker.RecoverObjects - 4800 total (1 active), Execution time: mean = 0.00ms, total = 9.59ms, Queueing time: mean = 0.02ms, max = 0.11ms, min = -0.01ms, total = 75.36ms
	CoreWorker.InternalHeartbeat - 480 total (1 active), Execution time: mean = 0.00ms, total = 1.12ms, Queueing time: mean = 0.02ms, max = 0.07ms, min = 0.00ms, total = 7.90ms
	CoreWorker.ExitIfParentRayletDies - 480 total (1 active), Execution time: mean = 0.00ms, total = 2.40ms, Queueing time: mean = 0.01ms, max = 0.07ms, min = 0.00ms, total = 6.84ms
	CoreWorker.ReportWorkerBacklog - 480 total (1 active), Execution time: mean = 0.00ms, total = 1.52ms, Queueing time: mean = 0.02ms, max = 0.07ms, min = 0.00ms, total = 7.53ms
	CoreWorker.RecordMetrics - 96 total (1 active), Execution time: mean = 0.02ms, total = 1.83ms, Queueing time: mean = 0.01ms, max = 0.06ms, min = 0.00ms, total = 0.88ms
	CoreWorker.TryDelPendingObjectRefStreams - 48 total (1 active), Execution time: mean = 0.00ms, total = 0.07ms, Queueing time: mean = 0.03ms, max = 0.26ms, min = 0.00ms, total = 1.39ms
	CoreWorkerService.grpc_server.GetCoreWorkerStats.HandleRequestImpl - 32 total (0 active), Execution time: mean = 0.02ms, total = 0.79ms, Queueing time: mean = 0.02ms, max = 0.03ms, min = 0.01ms, total = 0.55ms
	CoreWorkerService.grpc_server.GetCoreWorkerStats - 32 total (0 active), Execution time: mean = 0.19ms, total = 6.00ms, Queueing time: mean = 0.00ms, max = -0.00ms, min = 9223372036854.78ms, total = 0.00ms
	PeriodicalRunner.RunFnPeriodically - 8 total (0 active), Execution time: mean = 0.02ms, total = 0.15ms, Queueing time: mean = 0.09ms, max = 0.14ms, min = 0.01ms, total = 0.68ms
	CoreWorker.PrintEventStats - 8 total (1 active, 1 running), Execution time: mean = 0.17ms, total = 1.33ms, Queueing time: mean = 0.01ms, max = 0.04ms, min = 0.01ms, total = 0.09ms
	Publisher.CheckDeadSubscribers - 2 total (1 active), Execution time: mean = 0.00ms, total = 0.00ms, Queueing time: mean = 0.00ms, max = 0.00ms, min = 0.00ms, total = 0.00ms
	ray::rpc::WorkerInfoGcsService.grpc_client.AddWorkerInfo.OnReplyReceived - 1 total (0 active), Execution time: mean = 0.02ms, total = 0.02ms, Queueing time: mean = 0.01ms, max = 0.01ms, min = 0.01ms, total = 0.01ms
	ray::rpc::WorkerInfoGcsService.grpc_client.AddWorkerInfo - 1 total (0 active), Execution time: mean = 0.30ms, total = 0.30ms, Queueing time: mean = 0.00ms, max = -0.00ms, min = 9223372036854.78ms, total = 0.00ms

-----------------
Task execution event stats:

Global stats: 47929 total (1 active)
Queueing time: mean = 0.01ms, max = 1.09ms, min = -0.05ms, total = 655.51ms
Execution time:  mean = 0.00ms, total = 103.12ms
Event stats:
	CoreWorker.CheckSignal - 47928 total (1 active), Execution time: mean = 0.00ms, total = 103.11ms, Queueing time: mean = 0.01ms, max = 1.09ms, min = -0.05ms, total = 655.51ms
	PeriodicalRunner.RunFnPeriodically - 1 total (0 active), Execution time: mean = 0.00ms, total = 0.00ms, Queueing time: mean = 0.00ms, max = 0.00ms, min = 0.00ms, total = 0.00ms

-----------------
Task Event stats:

IO Service Stats:

Global stats: 481 total (1 active)
Queueing time: mean = 0.02ms, max = 0.05ms, min = -0.00ms, total = 11.25ms
Execution time:  mean = 0.01ms, total = 4.58ms
Event stats:
	CoreWorker.deadline_timer.flush_task_events - 480 total (1 active), Execution time: mean = 0.01ms, total = 4.55ms, Queueing time: mean = 0.02ms, max = 0.05ms, min = -0.00ms, total = 11.24ms
	PeriodicalRunner.RunFnPeriodically - 1 total (0 active), Execution time: mean = 0.03ms, total = 0.03ms, Queueing time: mean = 0.01ms, max = 0.01ms, min = 0.01ms, total = 0.01ms
Other Stats:
	gcs_grpc_in_progress:0
	event_aggregator_grpc_in_progress:0
	current number of task status events in buffer: 0
	current number of profile events in buffer: 0
	current number of dropped task attempts tracked: 0
	total task events sent: 0 MiB
	total number of task attempts sent: 0
	total number of task attempts dropped reported: 0
	total number of sent failure: 0
	num status task events dropped: 0
	num profile task events dropped: 0
	num ray task events reported to aggregator: 0
	num ray task events failed to report to aggregator: 0
	num of task attempts dropped reported to aggregator: 0
	num of failed requests to aggregator: 0

[2026-09-04 01:25:41,677 I 1593 4548] core_worker.cc:498: Event stats:


Global stats: 7275 total (8 active)
Queueing time: mean = 0.02ms, max = 0.26ms, min = -0.01ms, total = 114.41ms
Execution time:  mean = 0.00ms, total = 28.85ms
Event stats:
	CoreWorker.RecoverObjects - 5400 total (1 active), Execution time: mean = 0.00ms, total = 11.13ms, Queueing time: mean = 0.02ms, max = 0.14ms, min = -0.01ms, total = 85.43ms
	CoreWorker.InternalHeartbeat - 540 total (1 active), Execution time: mean = 0.00ms, total = 1.33ms, Queueing time: mean = 0.02ms, max = 0.07ms, min = 0.00ms, total = 8.86ms
	CoreWorker.ExitIfParentRayletDies - 540 total (1 active), Execution time: mean = 0.01ms, total = 2.76ms, Queueing time: mean = 0.01ms, max = 0.07ms, min = 0.00ms, total = 7.65ms
	CoreWorker.ReportWorkerBacklog - 540 total (1 active), Execution time: mean = 0.00ms, total = 1.74ms, Queueing time: mean = 0.02ms, max = 0.07ms, min = 0.00ms, total = 8.47ms
	CoreWorker.RecordMetrics - 108 total (1 active), Execution time: mean = 0.02ms, total = 2.13ms, Queueing time: mean = 0.01ms, max = 0.06ms, min = 0.00ms, total = 0.97ms
	CoreWorker.TryDelPendingObjectRefStreams - 54 total (1 active), Execution time: mean = 0.00ms, total = 0.08ms, Queueing time: mean = 0.03ms, max = 0.26ms, min = 0.00ms, total = 1.61ms
	CoreWorkerService.grpc_server.GetCoreWorkerStats.HandleRequestImpl - 36 total (0 active), Execution time: mean = 0.02ms, total = 0.90ms, Queueing time: mean = 0.02ms, max = 0.03ms, min = 0.01ms, total = 0.62ms
	CoreWorkerService.grpc_server.GetCoreWorkerStats - 36 total (0 active), Execution time: mean = 0.19ms, total = 6.76ms, Queueing time: mean = 0.00ms, max = -0.00ms, min = 9223372036854.78ms, total = 0.00ms
	CoreWorker.PrintEventStats - 9 total (1 active, 1 running), Execution time: mean = 0.17ms, total = 1.54ms, Queueing time: mean = 0.01ms, max = 0.04ms, min = 0.01ms, total = 0.11ms
	PeriodicalRunner.RunFnPeriodically - 8 total (0 active), Execution time: mean = 0.02ms, total = 0.15ms, Queueing time: mean = 0.09ms, max = 0.14ms, min = 0.01ms, total = 0.68ms
	Publisher.CheckDeadSubscribers - 2 total (1 active), Execution time: mean = 0.00ms, total = 0.00ms, Queueing time: mean = 0.00ms, max = 0.00ms, min = 0.00ms, total = 0.00ms
	ray::rpc::WorkerInfoGcsService.grpc_client.AddWorkerInfo.OnReplyReceived - 1 total (0 active), Execution time: mean = 0.02ms, total = 0.02ms, Queueing time: mean = 0.01ms, max = 0.01ms, min = 0.01ms, total = 0.01ms
	ray::rpc::WorkerInfoGcsService.grpc_client.AddWorkerInfo - 1 total (0 active), Execution time: mean = 0.30ms, total = 0.30ms, Queueing time: mean = 0.00ms, max = -0.00ms, min = 9223372036854.78ms, total = 0.00ms

-----------------
Task execution event stats:

Global stats: 53921 total (1 active)
Queueing time: mean = 0.01ms, max = 1.09ms, min = -0.05ms, total = 731.49ms
Execution time:  mean = 0.00ms, total = 114.44ms
Event stats:
	CoreWorker.CheckSignal - 53920 total (1 active), Execution time: mean = 0.00ms, total = 114.43ms, Queueing time: mean = 0.01ms, max = 1.09ms, min = -0.05ms, total = 731.48ms
	PeriodicalRunner.RunFnPeriodically - 1 total (0 active), Execution time: mean = 0.00ms, total = 0.00ms, Queueing time: mean = 0.00ms, max = 0.00ms, min = 0.00ms, total = 0.00ms

-----------------
Task Event stats:

IO Service Stats:

Global stats: 541 total (1 active)
Queueing time: mean = 0.02ms, max = 0.06ms, min = -0.00ms, total = 12.46ms
Execution time:  mean = 0.01ms, total = 5.06ms
Event stats:
	CoreWorker.deadline_timer.flush_task_events - 540 total (1 active), Execution time: mean = 0.01ms, total = 5.03ms, Queueing time: mean = 0.02ms, max = 0.06ms, min = -0.00ms, total = 12.46ms
	PeriodicalRunner.RunFnPeriodically - 1 total (0 active), Execution time: mean = 0.03ms, total = 0.03ms, Queueing time: mean = 0.01ms, max = 0.01ms, min = 0.01ms, total = 0.01ms
Other Stats:
	gcs_grpc_in_progress:0
	event_aggregator_grpc_in_progress:0
	current number of task status events in buffer: 0
	current number of profile events in buffer: 0
	current number of dropped task attempts tracked: 0
	total task events sent: 0 MiB
	total number of task attempts sent: 0
	total number of task attempts dropped reported: 0
	total number of sent failure: 0
	num status task events dropped: 0
	num profile task events dropped: 0
	num ray task events reported to aggregator: 0
	num ray task events failed to report to aggregator: 0
	num of task attempts dropped reported to aggregator: 0
	num of failed requests to aggregator: 0

[2026-09-04 01:26:41,677 I 1593 4548] core_worker.cc:498: Event stats:


Global stats: 8082 total (8 active)
Queueing time: mean = 0.02ms, max = 0.26ms, min = -0.01ms, total = 127.86ms
Execution time:  mean = 0.00ms, total = 32.53ms
Event stats:
	CoreWorker.RecoverObjects - 5999 total (1 active), Execution time: mean = 0.00ms, total = 12.50ms, Queueing time: mean = 0.02ms, max = 0.14ms, min = -0.01ms, total = 95.73ms
	CoreWorker.InternalHeartbeat - 600 total (1 active), Execution time: mean = 0.00ms, total = 1.54ms, Queueing time: mean = 0.02ms, max = 0.07ms, min = 0.00ms, total = 9.82ms
	CoreWorker.ExitIfParentRayletDies - 600 total (1 active), Execution time: mean = 0.01ms, total = 3.15ms, Queueing time: mean = 0.01ms, max = 0.07ms, min = 0.00ms, total = 8.44ms
	CoreWorker.ReportWorkerBacklog - 600 total (1 active), Execution time: mean = 0.00ms, total = 1.99ms, Queueing time: mean = 0.02ms, max = 0.07ms, min = 0.00ms, total = 9.40ms
	CoreWorker.RecordMetrics - 120 total (1 active), Execution time: mean = 0.02ms, total = 2.45ms, Queueing time: mean = 0.01ms, max = 0.06ms, min = 0.00ms, total = 1.10ms
	CoreWorker.TryDelPendingObjectRefStreams - 60 total (1 active), Execution time: mean = 0.00ms, total = 0.09ms, Queueing time: mean = 0.03ms, max = 0.26ms, min = 0.00ms, total = 1.84ms
	CoreWorkerService.grpc_server.GetCoreWorkerStats.HandleRequestImpl - 40 total (0 active), Execution time: mean = 0.03ms, total = 1.02ms, Queueing time: mean = 0.02ms, max = 0.03ms, min = 0.01ms, total = 0.70ms
	CoreWorkerService.grpc_server.GetCoreWorkerStats - 40 total (0 active), Execution time: mean = 0.19ms, total = 7.53ms, Queueing time: mean = 0.00ms, max = -0.00ms, min = 9223372036854.78ms, total = 0.00ms
	CoreWorker.PrintEventStats - 10 total (1 active, 1 running), Execution time: mean = 0.18ms, total = 1.77ms, Queueing time: mean = 0.01ms, max = 0.04ms, min = 0.01ms, total = 0.13ms
	PeriodicalRunner.RunFnPeriodically - 8 total (0 active), Execution time: mean = 0.02ms, total = 0.15ms, Queueing time: mean = 0.09ms, max = 0.14ms, min = 0.01ms, total = 0.68ms
	Publisher.CheckDeadSubscribers - 3 total (1 active), Execution time: mean = 0.00ms, total = 0.00ms, Queueing time: mean = 0.00ms, max = 0.01ms, min = 0.00ms, total = 0.01ms
	ray::rpc::WorkerInfoGcsService.grpc_client.AddWorkerInfo.OnReplyReceived - 1 total (0 active), Execution time: mean = 0.02ms, total = 0.02ms, Queueing time: mean = 0.01ms, max = 0.01ms, min = 0.01ms, total = 0.01ms
	ray::rpc::WorkerInfoGcsService.grpc_client.AddWorkerInfo - 1 total (0 active), Execution time: mean = 0.30ms, total = 0.30ms, Queueing time: mean = 0.00ms, max = -0.00ms, min = 9223372036854.78ms, total = 0.00ms

-----------------
Task execution event stats:

Global stats: 59913 total (1 active)
Queueing time: mean = 0.01ms, max = 1.09ms, min = -0.05ms, total = 802.39ms
Execution time:  mean = 0.00ms, total = 125.00ms
Event stats:
	CoreWorker.CheckSignal - 59912 total (1 active), Execution time: mean = 0.00ms, total = 125.00ms, Queueing time: mean = 0.01ms, max = 1.09ms, min = -0.05ms, total = 802.39ms
	PeriodicalRunner.RunFnPeriodically - 1 total (0 active), Execution time: mean = 0.00ms, total = 0.00ms, Queueing time: mean = 0.00ms, max = 0.00ms, min = 0.00ms, total = 0.00ms

-----------------
Task Event stats:

IO Service Stats:

Global stats: 601 total (1 active)
Queueing time: mean = 0.02ms, max = 0.07ms, min = -0.00ms, total = 13.79ms
Execution time:  mean = 0.01ms, total = 5.56ms
Event stats:
	CoreWorker.deadline_timer.flush_task_events - 600 total (1 active), Execution time: mean = 0.01ms, total = 5.53ms, Queueing time: mean = 0.02ms, max = 0.07ms, min = -0.00ms, total = 13.78ms
	PeriodicalRunner.RunFnPeriodically - 1 total (0 active), Execution time: mean = 0.03ms, total = 0.03ms, Queueing time: mean = 0.01ms, max = 0.01ms, min = 0.01ms, total = 0.01ms
Other Stats:
	gcs_grpc_in_progress:0
	event_aggregator_grpc_in_progress:0
	current number of task status events in buffer: 0
	current number of profile events in buffer: 0
	current number of dropped task attempts tracked: 0
	total task events sent: 0 MiB
	total number of task attempts sent: 0
	total number of task attempts dropped reported: 0
	total number of sent failure: 0
	num status task events dropped: 0
	num profile task events dropped: 0
	num ray task events reported to aggregator: 0
	num ray task events failed to report to aggregator: 0
	num of task attempts dropped reported to aggregator: 0
	num of failed requests to aggregator: 0

[2026-09-04 01:27:41,677 I 1593 4548] core_worker.cc:498: Event stats:


Global stats: 8889 total (8 active)
Queueing time: mean = 0.02ms, max = 0.26ms, min = -0.01ms, total = 140.65ms
Execution time:  mean = 0.00ms, total = 35.47ms
Event stats:
	CoreWorker.RecoverObjects - 6599 total (1 active), Execution time: mean = 0.00ms, total = 13.60ms, Queueing time: mean = 0.02ms, max = 0.14ms, min = -0.01ms, total = 105.36ms
	CoreWorker.InternalHeartbeat - 660 total (1 active), Execution time: mean = 0.00ms, total = 1.73ms, Queueing time: mean = 0.02ms, max = 0.07ms, min = 0.00ms, total = 10.80ms
	CoreWorker.ExitIfParentRayletDies - 660 total (1 active), Execution time: mean = 0.01ms, total = 3.47ms, Queueing time: mean = 0.01ms, max = 0.07ms, min = 0.00ms, total = 9.30ms
	CoreWorker.ReportWorkerBacklog - 660 total (1 active), Execution time: mean = 0.00ms, total = 2.21ms, Queueing time: mean = 0.02ms, max = 0.07ms, min = 0.00ms, total = 10.36ms
	CoreWorker.RecordMetrics - 132 total (1 active), Execution time: mean = 0.02ms, total = 2.73ms, Queueing time: mean = 0.01ms, max = 0.06ms, min = 0.00ms, total = 1.21ms
	CoreWorker.TryDelPendingObjectRefStreams - 66 total (1 active), Execution time: mean = 0.00ms, total = 0.11ms, Queueing time: mean = 0.03ms, max = 0.26ms, min = 0.00ms, total = 2.02ms
	CoreWorkerService.grpc_server.GetCoreWorkerStats.HandleRequestImpl - 44 total (0 active), Execution time: mean = 0.03ms, total = 1.11ms, Queueing time: mean = 0.02ms, max = 0.03ms, min = 0.01ms, total = 0.76ms
	CoreWorkerService.grpc_server.GetCoreWorkerStats - 44 total (0 active), Execution time: mean = 0.18ms, total = 8.12ms, Queueing time: mean = 0.00ms, max = -0.00ms, min = 9223372036854.78ms, total = 0.00ms
	CoreWorker.PrintEventStats - 11 total (1 active, 1 running), Execution time: mean = 0.17ms, total = 1.91ms, Queueing time: mean = 0.01ms, max = 0.04ms, min = 0.01ms, total = 0.14ms
	PeriodicalRunner.RunFnPeriodically - 8 total (0 active), Execution time: mean = 0.02ms, total = 0.15ms, Queueing time: mean = 0.09ms, max = 0.14ms, min = 0.01ms, total = 0.68ms
	Publisher.CheckDeadSubscribers - 3 total (1 active), Execution time: mean = 0.00ms, total = 0.00ms, Queueing time: mean = 0.00ms, max = 0.01ms, min = 0.00ms, total = 0.01ms
	ray::rpc::WorkerInfoGcsService.grpc_client.AddWorkerInfo.OnReplyReceived - 1 total (0 active), Execution time: mean = 0.02ms, total = 0.02ms, Queueing time: mean = 0.01ms, max = 0.01ms, min = 0.01ms, total = 0.01ms
	ray::rpc::WorkerInfoGcsService.grpc_client.AddWorkerInfo - 1 total (0 active), Execution time: mean = 0.30ms, total = 0.30ms, Queueing time: mean = 0.00ms, max = -0.00ms, min = 9223372036854.78ms, total = 0.00ms

-----------------
Task execution event stats:

Global stats: 65905 total (1 active)
Queueing time: mean = 0.01ms, max = 1.09ms, min = -0.05ms, total = 869.85ms
Execution time:  mean = 0.00ms, total = 135.18ms
Event stats:
	CoreWorker.CheckSignal - 65904 total (1 active), Execution time: mean = 0.00ms, total = 135.18ms, Queueing time: mean = 0.01ms, max = 1.09ms, min = -0.05ms, total = 869.85ms
	PeriodicalRunner.RunFnPeriodically - 1 total (0 active), Execution time: mean = 0.00ms, total = 0.00ms, Queueing time: mean = 0.00ms, max = 0.00ms, min = 0.00ms, total = 0.00ms

-----------------
Task Event stats:

IO Service Stats:

Global stats: 661 total (1 active)
Queueing time: mean = 0.02ms, max = 0.07ms, min = -0.00ms, total = 15.10ms
Execution time:  mean = 0.01ms, total = 6.02ms
Event stats:
	CoreWorker.deadline_timer.flush_task_events - 660 total (1 active), Execution time: mean = 0.01ms, total = 5.99ms, Queueing time: mean = 0.02ms, max = 0.07ms, min = -0.00ms, total = 15.09ms
	PeriodicalRunner.RunFnPeriodically - 1 total (0 active), Execution time: mean = 0.03ms, total = 0.03ms, Queueing time: mean = 0.01ms, max = 0.01ms, min = 0.01ms, total = 0.01ms
Other Stats:
	gcs_grpc_in_progress:0
	event_aggregator_grpc_in_progress:0
	current number of task status events in buffer: 0
	current number of profile events in buffer: 0
	current number of dropped task attempts tracked: 0
	total task events sent: 0 MiB
	total number of task attempts sent: 0
	total number of task attempts dropped reported: 0
	total number of sent failure: 0
	num status task events dropped: 0
	num profile task events dropped: 0
	num ray task events reported to aggregator: 0
	num ray task events failed to report to aggregator: 0
	num of task attempts dropped reported to aggregator: 0
	num of failed requests to aggregator: 0

[2026-09-04 01:28:41,677 I 1593 4548] core_worker.cc:498: Event stats:


Global stats: 9696 total (8 active)
Queueing time: mean = 0.02ms, max = 0.26ms, min = -0.01ms, total = 153.41ms
Execution time:  mean = 0.00ms, total = 38.58ms
Event stats:
	CoreWorker.RecoverObjects - 7199 total (1 active), Execution time: mean = 0.00ms, total = 14.76ms, Queueing time: mean = 0.02ms, max = 0.14ms, min = -0.01ms, total = 114.59ms
	CoreWorker.InternalHeartbeat - 720 total (1 active), Execution time: mean = 0.00ms, total = 1.92ms, Queueing time: mean = 0.02ms, max = 0.07ms, min = 0.00ms, total = 11.91ms
	CoreWorker.ExitIfParentRayletDies - 720 total (1 active), Execution time: mean = 0.01ms, total = 3.82ms, Queueing time: mean = 0.01ms, max = 0.07ms, min = 0.00ms, total = 10.25ms
	CoreWorker.ReportWorkerBacklog - 720 total (1 active), Execution time: mean = 0.00ms, total = 2.46ms, Queueing time: mean = 0.02ms, max = 0.07ms, min = 0.00ms, total = 11.40ms
	CoreWorker.RecordMetrics - 144 total (1 active), Execution time: mean = 0.02ms, total = 3.04ms, Queueing time: mean = 0.01ms, max = 0.06ms, min = 0.00ms, total = 1.38ms
	CoreWorker.TryDelPendingObjectRefStreams - 72 total (1 active), Execution time: mean = 0.00ms, total = 0.13ms, Queueing time: mean = 0.03ms, max = 0.26ms, min = 0.00ms, total = 2.19ms
	CoreWorkerService.grpc_server.GetCoreWorkerStats.HandleRequestImpl - 48 total (0 active), Execution time: mean = 0.03ms, total = 1.22ms, Queueing time: mean = 0.02ms, max = 0.03ms, min = 0.01ms, total = 0.83ms
	CoreWorkerService.grpc_server.GetCoreWorkerStats - 48 total (0 active), Execution time: mean = 0.18ms, total = 8.70ms, Queueing time: mean = 0.00ms, max = -0.00ms, min = 9223372036854.78ms, total = 0.00ms
	CoreWorker.PrintEventStats - 12 total (1 active, 1 running), Execution time: mean = 0.17ms, total = 2.05ms, Queueing time: mean = 0.01ms, max = 0.04ms, min = 0.01ms, total = 0.15ms
	PeriodicalRunner.RunFnPeriodically - 8 total (0 active), Execution time: mean = 0.02ms, total = 0.15ms, Queueing time: mean = 0.09ms, max = 0.14ms, min = 0.01ms, total = 0.68ms
	Publisher.CheckDeadSubscribers - 3 total (1 active), Execution time: mean = 0.00ms, total = 0.00ms, Queueing time: mean = 0.00ms, max = 0.01ms, min = 0.00ms, total = 0.01ms
	ray::rpc::WorkerInfoGcsService.grpc_client.AddWorkerInfo.OnReplyReceived - 1 total (0 active), Execution time: mean = 0.02ms, total = 0.02ms, Queueing time: mean = 0.01ms, max = 0.01ms, min = 0.01ms, total = 0.01ms
	ray::rpc::WorkerInfoGcsService.grpc_client.AddWorkerInfo - 1 total (0 active), Execution time: mean = 0.30ms, total = 0.30ms, Queueing time: mean = 0.00ms, max = -0.00ms, min = 9223372036854.78ms, total = 0.00ms

-----------------
Task execution event stats:

Global stats: 71898 total (1 active)
Queueing time: mean = 0.01ms, max = 1.09ms, min = -0.05ms, total = 933.93ms
Execution time:  mean = 0.00ms, total = 144.63ms
Event stats:
	CoreWorker.CheckSignal - 71897 total (1 active), Execution time: mean = 0.00ms, total = 144.63ms, Queueing time: mean = 0.01ms, max = 1.09ms, min = -0.05ms, total = 933.93ms
	PeriodicalRunner.RunFnPeriodically - 1 total (0 active), Execution time: mean = 0.00ms, total = 0.00ms, Queueing time: mean = 0.00ms, max = 0.00ms, min = 0.00ms, total = 0.00ms

-----------------
Task Event stats:

IO Service Stats:

Global stats: 721 total (1 active)
Queueing time: mean = 0.02ms, max = 0.07ms, min = -0.00ms, total = 16.48ms
Execution time:  mean = 0.01ms, total = 6.57ms
Event stats:
	CoreWorker.deadline_timer.flush_task_events - 720 total (1 active), Execution time: mean = 0.01ms, total = 6.54ms, Queueing time: mean = 0.02ms, max = 0.07ms, min = -0.00ms, total = 16.47ms
	PeriodicalRunner.RunFnPeriodically - 1 total (0 active), Execution time: mean = 0.03ms, total = 0.03ms, Queueing time: mean = 0.01ms, max = 0.01ms, min = 0.01ms, total = 0.01ms
Other Stats:
	gcs_grpc_in_progress:0
	event_aggregator_grpc_in_progress:0
	current number of task status events in buffer: 0
	current number of profile events in buffer: 0
	current number of dropped task attempts tracked: 0
	total task events sent: 0 MiB
	total number of task attempts sent: 0
	total number of task attempts dropped reported: 0
	total number of sent failure: 0
	num status task events dropped: 0
	num profile task events dropped: 0
	num ray task events reported to aggregator: 0
	num ray task events failed to report to aggregator: 0
	num of task attempts dropped reported to aggregator: 0
	num of failed requests to aggregator: 0

[2026-09-04 01:29:41,677 I 1593 4548] core_worker.cc:498: Event stats:


Global stats: 10503 total (8 active)
Queueing time: mean = 0.02ms, max = 0.26ms, min = -0.01ms, total = 166.48ms
Execution time:  mean = 0.00ms, total = 41.77ms
Event stats:
	CoreWorker.RecoverObjects - 7799 total (1 active), Execution time: mean = 0.00ms, total = 16.00ms, Queueing time: mean = 0.02ms, max = 0.14ms, min = -0.01ms, total = 124.16ms
	CoreWorker.InternalHeartbeat - 780 total (1 active), Execution time: mean = 0.00ms, total = 2.13ms, Queueing time: mean = 0.02ms, max = 0.07ms, min = -0.01ms, total = 12.98ms
	CoreWorker.ExitIfParentRayletDies - 780 total (1 active), Execution time: mean = 0.01ms, total = 4.18ms, Queueing time: mean = 0.01ms, max = 0.07ms, min = 0.00ms, total = 11.20ms
	CoreWorker.ReportWorkerBacklog - 780 total (1 active), Execution time: mean = 0.00ms, total = 2.67ms, Queueing time: mean = 0.02ms, max = 0.07ms, min = 0.00ms, total = 12.48ms
	CoreWorker.RecordMetrics - 156 total (1 active), Execution time: mean = 0.02ms, total = 3.34ms, Queueing time: mean = 0.01ms, max = 0.06ms, min = 0.00ms, total = 1.55ms
	CoreWorker.TryDelPendingObjectRefStreams - 78 total (1 active), Execution time: mean = 0.00ms, total = 0.14ms, Queueing time: mean = 0.03ms, max = 0.26ms, min = 0.00ms, total = 2.33ms
	CoreWorkerService.grpc_server.GetCoreWorkerStats.HandleRequestImpl - 52 total (0 active), Execution time: mean = 0.03ms, total = 1.33ms, Queueing time: mean = 0.02ms, max = 0.03ms, min = 0.01ms, total = 0.91ms
	CoreWorkerService.grpc_server.GetCoreWorkerStats - 52 total (0 active), Execution time: mean = 0.18ms, total = 9.30ms, Queueing time: mean = 0.00ms, max = -0.00ms, min = 9223372036854.78ms, total = 0.00ms
	CoreWorker.PrintEventStats - 13 total (1 active, 1 running), Execution time: mean = 0.17ms, total = 2.20ms, Queueing time: mean = 0.01ms, max = 0.04ms, min = 0.01ms, total = 0.16ms
	PeriodicalRunner.RunFnPeriodically - 8 total (0 active), Execution time: mean = 0.02ms, total = 0.15ms, Queueing time: mean = 0.09ms, max = 0.14ms, min = 0.01ms, total = 0.68ms
	Publisher.CheckDeadSubscribers - 3 total (1 active), Execution time: mean = 0.00ms, total = 0.00ms, Queueing time: mean = 0.00ms, max = 0.01ms, min = 0.00ms, total = 0.01ms
	ray::rpc::WorkerInfoGcsService.grpc_client.AddWorkerInfo.OnReplyReceived - 1 total (0 active), Execution time: mean = 0.02ms, total = 0.02ms, Queueing time: mean = 0.01ms, max = 0.01ms, min = 0.01ms, total = 0.01ms
	ray::rpc::WorkerInfoGcsService.grpc_client.AddWorkerInfo - 1 total (0 active), Execution time: mean = 0.30ms, total = 0.30ms, Queueing time: mean = 0.00ms, max = -0.00ms, min = 9223372036854.78ms, total = 0.00ms

-----------------
Task execution event stats:

Global stats: 77892 total (1 active)
Queueing time: mean = 0.01ms, max = 1.12ms, min = -0.05ms, total = 992.05ms
Execution time:  mean = 0.00ms, total = 154.06ms
Event stats:
	CoreWorker.CheckSignal - 77891 total (1 active), Execution time: mean = 0.00ms, total = 154.06ms, Queueing time: mean = 0.01ms, max = 1.12ms, min = -0.05ms, total = 992.04ms
	PeriodicalRunner.RunFnPeriodically - 1 total (0 active), Execution time: mean = 0.00ms, total = 0.00ms, Queueing time: mean = 0.00ms, max = 0.00ms, min = 0.00ms, total = 0.00ms

-----------------
Task Event stats:

IO Service Stats:

Global stats: 781 total (1 active)
Queueing time: mean = 0.02ms, max = 0.07ms, min = -0.00ms, total = 17.70ms
Execution time:  mean = 0.01ms, total = 7.03ms
Event stats:
	CoreWorker.deadline_timer.flush_task_events - 780 total (1 active), Execution time: mean = 0.01ms, total = 7.00ms, Queueing time: mean = 0.02ms, max = 0.07ms, min = -0.00ms, total = 17.69ms
	PeriodicalRunner.RunFnPeriodically - 1 total (0 active), Execution time: mean = 0.03ms, total = 0.03ms, Queueing time: mean = 0.01ms, max = 0.01ms, min = 0.01ms, total = 0.01ms
Other Stats:
	gcs_grpc_in_progress:0
	event_aggregator_grpc_in_progress:0
	current number of task status events in buffer: 0
	current number of profile events in buffer: 0
	current number of dropped task attempts tracked: 0
	total task events sent: 0 MiB
	total number of task attempts sent: 0
	total number of task attempts dropped reported: 0
	total number of sent failure: 0
	num status task events dropped: 0
	num profile task events dropped: 0
	num ray task events reported to aggregator: 0
	num ray task events failed to report to aggregator: 0
	num of task attempts dropped reported to aggregator: 0
	num of failed requests to aggregator: 0

[2026-09-04 01:30:41,677 I 1593 4548] core_worker.cc:498: Event stats:


Global stats: 11310 total (8 active)
Queueing time: mean = 0.02ms, max = 0.26ms, min = -0.01ms, total = 180.81ms
Execution time:  mean = 0.00ms, total = 45.37ms
Event stats:
	CoreWorker.RecoverObjects - 8399 total (1 active), Execution time: mean = 0.00ms, total = 17.63ms, Queueing time: mean = 0.02ms, max = 0.14ms, min = -0.01ms, total = 134.62ms
	CoreWorker.InternalHeartbeat - 840 total (1 active), Execution time: mean = 0.00ms, total = 2.38ms, Queueing time: mean = 0.02ms, max = 0.07ms, min = -0.01ms, total = 14.16ms
	CoreWorker.ExitIfParentRayletDies - 840 total (1 active), Execution time: mean = 0.01ms, total = 4.57ms, Queueing time: mean = 0.01ms, max = 0.07ms, min = 0.00ms, total = 12.26ms
	CoreWorker.ReportWorkerBacklog - 840 total (1 active), Execution time: mean = 0.00ms, total = 2.92ms, Queueing time: mean = 0.02ms, max = 0.07ms, min = 0.00ms, total = 13.67ms
	CoreWorker.RecordMetrics - 168 total (1 active), Execution time: mean = 0.02ms, total = 3.66ms, Queueing time: mean = 0.01ms, max = 0.06ms, min = 0.00ms, total = 1.77ms
	CoreWorker.TryDelPendingObjectRefStreams - 84 total (1 active), Execution time: mean = 0.00ms, total = 0.15ms, Queueing time: mean = 0.03ms, max = 0.26ms, min = 0.00ms, total = 2.46ms
	CoreWorkerService.grpc_server.GetCoreWorkerStats.HandleRequestImpl - 56 total (0 active), Execution time: mean = 0.03ms, total = 1.43ms, Queueing time: mean = 0.02ms, max = 0.03ms, min = 0.01ms, total = 0.97ms
	CoreWorkerService.grpc_server.GetCoreWorkerStats - 56 total (0 active), Execution time: mean = 0.18ms, total = 9.81ms, Queueing time: mean = 0.00ms, max = -0.00ms, min = 9223372036854.78ms, total = 0.00ms
	CoreWorker.PrintEventStats - 14 total (1 active, 1 running), Execution time: mean = 0.17ms, total = 2.34ms, Queueing time: mean = 0.01ms, max = 0.04ms, min = 0.01ms, total = 0.19ms
	PeriodicalRunner.RunFnPeriodically - 8 total (0 active), Execution time: mean = 0.02ms, total = 0.15ms, Queueing time: mean = 0.09ms, max = 0.14ms, min = 0.01ms, total = 0.68ms
	Publisher.CheckDeadSubscribers - 3 total (1 active), Execution time: mean = 0.00ms, total = 0.00ms, Queueing time: mean = 0.00ms, max = 0.01ms, min = 0.00ms, total = 0.01ms
	ray::rpc::WorkerInfoGcsService.grpc_client.AddWorkerInfo.OnReplyReceived - 1 total (0 active), Execution time: mean = 0.02ms, total = 0.02ms, Queueing time: mean = 0.01ms, max = 0.01ms, min = 0.01ms, total = 0.01ms
	ray::rpc::WorkerInfoGcsService.grpc_client.AddWorkerInfo - 1 total (0 active), Execution time: mean = 0.30ms, total = 0.30ms, Queueing time: mean = 0.00ms, max = -0.00ms, min = 9223372036854.78ms, total = 0.00ms

-----------------
Task execution event stats:

Global stats: 83885 total (1 active)
Queueing time: mean = 0.01ms, max = 1.12ms, min = -0.05ms, total = 1053.40ms
Execution time:  mean = 0.00ms, total = 163.15ms
Event stats:
	CoreWorker.CheckSignal - 83884 total (1 active), Execution time: mean = 0.00ms, total = 163.14ms, Queueing time: mean = 0.01ms, max = 1.12ms, min = -0.05ms, total = 1053.39ms
	PeriodicalRunner.RunFnPeriodically - 1 total (0 active), Execution time: mean = 0.00ms, total = 0.00ms, Queueing time: mean = 0.00ms, max = 0.00ms, min = 0.00ms, total = 0.00ms

-----------------
Task Event stats:

IO Service Stats:

Global stats: 841 total (1 active)
Queueing time: mean = 0.02ms, max = 0.07ms, min = -0.00ms, total = 18.98ms
Execution time:  mean = 0.01ms, total = 7.47ms
Event stats:
	CoreWorker.deadline_timer.flush_task_events - 840 total (1 active), Execution time: mean = 0.01ms, total = 7.43ms, Queueing time: mean = 0.02ms, max = 0.07ms, min = -0.00ms, total = 18.97ms
	PeriodicalRunner.RunFnPeriodically - 1 total (0 active), Execution time: mean = 0.03ms, total = 0.03ms, Queueing time: mean = 0.01ms, max = 0.01ms, min = 0.01ms, total = 0.01ms
Other Stats:
	gcs_grpc_in_progress:0
	event_aggregator_grpc_in_progress:0
	current number of task status events in buffer: 0
	current number of profile events in buffer: 0
	current number of dropped task attempts tracked: 0
	total task events sent: 0 MiB
	total number of task attempts sent: 0
	total number of task attempts dropped reported: 0
	total number of sent failure: 0
	num status task events dropped: 0
	num profile task events dropped: 0
	num ray task events reported to aggregator: 0
	num ray task events failed to report to aggregator: 0
	num of task attempts dropped reported to aggregator: 0
	num of failed requests to aggregator: 0

[2026-09-04 01:31:41,678 I 1593 4548] core_worker.cc:498: Event stats:


Global stats: 12118 total (8 active)
Queueing time: mean = 0.02ms, max = 0.26ms, min = -0.02ms, total = 196.82ms
Execution time:  mean = 0.00ms, total = 48.87ms
Event stats:
	CoreWorker.RecoverObjects - 8999 total (1 active), Execution time: mean = 0.00ms, total = 19.35ms, Queueing time: mean = 0.02ms, max = 0.14ms, min = -0.02ms, total = 146.81ms
	CoreWorker.InternalHeartbeat - 900 total (1 active), Execution time: mean = 0.00ms, total = 2.58ms, Queueing time: mean = 0.02ms, max = 0.07ms, min = -0.01ms, total = 15.34ms
	CoreWorker.ExitIfParentRayletDies - 900 total (1 active), Execution time: mean = 0.01ms, total = 4.92ms, Queueing time: mean = 0.01ms, max = 0.07ms, min = 0.00ms, total = 13.30ms
	CoreWorker.ReportWorkerBacklog - 900 total (1 active), Execution time: mean = 0.00ms, total = 3.13ms, Queueing time: mean = 0.02ms, max = 0.07ms, min = 0.00ms, total = 14.84ms
	CoreWorker.RecordMetrics - 180 total (1 active), Execution time: mean = 0.02ms, total = 3.96ms, Queueing time: mean = 0.01ms, max = 0.06ms, min = 0.00ms, total = 1.96ms
	CoreWorker.TryDelPendingObjectRefStreams - 90 total (1 active), Execution time: mean = 0.00ms, total = 0.16ms, Queueing time: mean = 0.03ms, max = 0.26ms, min = 0.00ms, total = 2.61ms
	CoreWorkerService.grpc_server.GetCoreWorkerStats.HandleRequestImpl - 60 total (0 active), Execution time: mean = 0.03ms, total = 1.53ms, Queueing time: mean = 0.02ms, max = 0.03ms, min = 0.01ms, total = 1.02ms
	CoreWorkerService.grpc_server.GetCoreWorkerStats - 60 total (0 active), Execution time: mean = 0.17ms, total = 10.27ms, Queueing time: mean = 0.00ms, max = -0.00ms, min = 9223372036854.78ms, total = 0.00ms
	CoreWorker.PrintEventStats - 15 total (1 active, 1 running), Execution time: mean = 0.17ms, total = 2.49ms, Queueing time: mean = 0.01ms, max = 0.04ms, min = 0.01ms, total = 0.22ms
	PeriodicalRunner.RunFnPeriodically - 8 total (0 active), Execution time: mean = 0.02ms, total = 0.15ms, Queueing time: mean = 0.09ms, max = 0.14ms, min = 0.01ms, total = 0.68ms
	Publisher.CheckDeadSubscribers - 4 total (1 active), Execution time: mean = 0.00ms, total = 0.01ms, Queueing time: mean = 0.01ms, max = 0.01ms, min = 0.00ms, total = 0.03ms
	ray::rpc::WorkerInfoGcsService.grpc_client.AddWorkerInfo.OnReplyReceived - 1 total (0 active), Execution time: mean = 0.02ms, total = 0.02ms, Queueing time: mean = 0.01ms, max = 0.01ms, min = 0.01ms, total = 0.01ms
	ray::rpc::WorkerInfoGcsService.grpc_client.AddWorkerInfo - 1 total (0 active), Execution time: mean = 0.30ms, total = 0.30ms, Queueing time: mean = 0.00ms, max = -0.00ms, min = 9223372036854.78ms, total = 0.00ms

-----------------
Task execution event stats:

Global stats: 89878 total (1 active)
Queueing time: mean = 0.01ms, max = 1.12ms, min = -0.05ms, total = 1123.96ms
Execution time:  mean = 0.00ms, total = 173.27ms
Event stats:
	CoreWorker.CheckSignal - 89877 total (1 active), Execution time: mean = 0.00ms, total = 173.27ms, Queueing time: mean = 0.01ms, max = 1.12ms, min = -0.05ms, total = 1123.96ms
	PeriodicalRunner.RunFnPeriodically - 1 total (0 active), Execution time: mean = 0.00ms, total = 0.00ms, Queueing time: mean = 0.00ms, max = 0.00ms, min = 0.00ms, total = 0.00ms

-----------------
Task Event stats:

IO Service Stats:

Global stats: 901 total (1 active)
Queueing time: mean = 0.02ms, max = 0.07ms, min = -0.00ms, total = 20.24ms
Execution time:  mean = 0.01ms, total = 7.99ms
Event stats:
	CoreWorker.deadline_timer.flush_task_events - 900 total (1 active), Execution time: mean = 0.01ms, total = 7.96ms, Queueing time: mean = 0.02ms, max = 0.07ms, min = -0.00ms, total = 20.23ms
	PeriodicalRunner.RunFnPeriodically - 1 total (0 active), Execution time: mean = 0.03ms, total = 0.03ms, Queueing time: mean = 0.01ms, max = 0.01ms, min = 0.01ms, total = 0.01ms
Other Stats:
	gcs_grpc_in_progress:0
	event_aggregator_grpc_in_progress:0
	current number of task status events in buffer: 0
	current number of profile events in buffer: 0
	current number of dropped task attempts tracked: 0
	total task events sent: 0 MiB
	total number of task attempts sent: 0
	total number of task attempts dropped reported: 0
	total number of sent failure: 0
	num status task events dropped: 0
	num profile task events dropped: 0
	num ray task events reported to aggregator: 0
	num ray task events failed to report to aggregator: 0
	num of task attempts dropped reported to aggregator: 0
	num of failed requests to aggregator: 0

