[2026-09-04 01:16:41,543 I 1557 1557] core_worker_process.cc:868: Constructing CoreWorkerProcess. pid: 1557
[2026-09-04 01:16:41,545 I 1557 1557] event.cc:499: Ray Event initialized for CORE_WORKER
[2026-09-04 01:16:41,546 I 1557 1557] event.cc:499: Ray Event initialized for EXPORT_TASK
[2026-09-04 01:16:41,546 I 1557 1557] event.cc:332: Set ray event level to warning
[2026-09-04 01:16:41,547 I 1557 1557] grpc_server.cc:144: worker server started, listening on port 20013.
[2026-09-04 01:16:41,548 I 1557 1557] core_worker_process.cc:299: Initializing worker at address: 10.244.18.139:20013 worker_id=e1fa8e507910c6b87e6e73a0267a77b7007c96cdb81b92a7ce71e399 node_id=7ec92c2f54084c82224aaf290ba4b064a6946ba02865d6eabbdaa50f
[2026-09-04 01:16:41,548 I 1557 1557] task_event_buffer.cc:535: Reporting task events to GCS every 1000ms.
[2026-09-04 01:16:41,549 I 1557 1557] core_worker.cc:568: Adjusted worker niceness to 15
[2026-09-04 01:16:41,549 I 1557 2275] core_worker.cc:498: Event stats:


Global stats: 11 total (9 active)
Queueing time: mean = 0.00ms, max = 0.01ms, min = 0.00ms, total = 0.02ms
Execution time:  mean = 0.00ms, total = 0.02ms
Event stats:
	PeriodicalRunner.RunFnPeriodically - 8 total (6 active, 1 running), Execution time: mean = 0.00ms, total = 0.02ms, Queueing time: mean = 0.00ms, max = 0.01ms, min = 0.00ms, total = 0.02ms
	CoreWorker.ExitIfParentRayletDies - 1 total (1 active), Execution time: mean = 0.00ms, total = 0.00ms, Queueing time: mean = 0.00ms, max = -0.00ms, min = 9223372036854.78ms, total = 0.00ms
	ray::rpc::WorkerInfoGcsService.grpc_client.AddWorkerInfo - 1 total (1 active), Execution time: mean = 0.00ms, total = 0.00ms, Queueing time: mean = 0.00ms, max = -0.00ms, min = 9223372036854.78ms, total = 0.00ms
	Publisher.CheckDeadSubscribers - 1 total (1 active), Execution time: mean = 0.00ms, total = 0.00ms, Queueing time: mean = 0.00ms, max = -0.00ms, min = 9223372036854.78ms, total = 0.00ms

-----------------
Task execution event stats:

Global stats: 0 total (0 active)
Queueing time: mean = -nanms, max = -0.00ms, min = 9223372036854.78ms, total = 0.00ms
Execution time:  mean = -nanms, total = 0.00ms
Event stats:

-----------------
Task Event stats:

IO Service Stats:

Global stats: 2 total (1 active)
Queueing time: mean = 0.00ms, max = 0.01ms, min = 0.01ms, total = 0.01ms
Execution time:  mean = 0.01ms, total = 0.03ms
Event stats:
	PeriodicalRunner.RunFnPeriodically - 1 total (0 active), Execution time: mean = 0.03ms, total = 0.03ms, Queueing time: mean = 0.01ms, max = 0.01ms, min = 0.01ms, total = 0.01ms
	CoreWorker.deadline_timer.flush_task_events - 1 total (1 active), Execution time: mean = 0.00ms, total = 0.00ms, Queueing time: mean = 0.00ms, max = -0.00ms, min = 9223372036854.78ms, total = 0.00ms
Other Stats:
	gcs_grpc_in_progress:0
	event_aggregator_grpc_in_progress:0
	current number of task status events in buffer: 0
	current number of profile events in buffer: 0
	current number of dropped task attempts tracked: 0
	total task events sent: 0 MiB
	total number of task attempts sent: 0
	total number of task attempts dropped reported: 0
	total number of sent failure: 0
	num status task events dropped: 0
	num profile task events dropped: 0
	num ray task events reported to aggregator: 0
	num ray task events failed to report to aggregator: 0
	num of task attempts dropped reported to aggregator: 0
	num of failed requests to aggregator: 0

[2026-09-04 01:17:41,549 I 1557 2275] core_worker.cc:498: Event stats:


Global stats: 818 total (8 active)
Queueing time: mean = 0.01ms, max = 0.18ms, min = 0.00ms, total = 12.01ms
Execution time:  mean = 0.00ms, total = 3.48ms
Event stats:
	CoreWorker.RecoverObjects - 600 total (1 active), Execution time: mean = 0.00ms, total = 0.96ms, Queueing time: mean = 0.01ms, max = 0.06ms, min = 0.00ms, total = 8.34ms
	CoreWorker.InternalHeartbeat - 60 total (1 active), Execution time: mean = 0.00ms, total = 0.14ms, Queueing time: mean = 0.02ms, max = 0.05ms, min = 0.00ms, total = 0.91ms
	CoreWorker.ExitIfParentRayletDies - 60 total (1 active), Execution time: mean = 0.01ms, total = 0.38ms, Queueing time: mean = 0.01ms, max = 0.04ms, min = 0.00ms, total = 0.84ms
	CoreWorker.ReportWorkerBacklog - 60 total (1 active), Execution time: mean = 0.00ms, total = 0.20ms, Queueing time: mean = 0.01ms, max = 0.05ms, min = 0.00ms, total = 0.85ms
	CoreWorker.RecordMetrics - 12 total (1 active), Execution time: mean = 0.02ms, total = 0.25ms, Queueing time: mean = 0.01ms, max = 0.02ms, min = 0.00ms, total = 0.08ms
	PeriodicalRunner.RunFnPeriodically - 8 total (0 active), Execution time: mean = 0.02ms, total = 0.19ms, Queueing time: mean = 0.11ms, max = 0.18ms, min = 0.00ms, total = 0.85ms
	CoreWorker.TryDelPendingObjectRefStreams - 6 total (1 active), Execution time: mean = 0.00ms, total = 0.01ms, Queueing time: mean = 0.01ms, max = 0.02ms, min = 0.01ms, total = 0.06ms
	CoreWorkerService.grpc_server.GetCoreWorkerStats.HandleRequestImpl - 4 total (0 active), Execution time: mean = 0.04ms, total = 0.16ms, Queueing time: mean = 0.02ms, max = 0.02ms, min = 0.01ms, total = 0.07ms
	CoreWorkerService.grpc_server.GetCoreWorkerStats - 4 total (0 active), Execution time: mean = 0.18ms, total = 0.71ms, Queueing time: mean = 0.00ms, max = -0.00ms, min = 9223372036854.78ms, total = 0.00ms
	ray::rpc::WorkerInfoGcsService.grpc_client.AddWorkerInfo - 1 total (0 active), Execution time: mean = 0.45ms, total = 0.45ms, Queueing time: mean = 0.00ms, max = -0.00ms, min = 9223372036854.78ms, total = 0.00ms
	Publisher.CheckDeadSubscribers - 1 total (1 active), Execution time: mean = 0.00ms, total = 0.00ms, Queueing time: mean = 0.00ms, max = -0.00ms, min = 9223372036854.78ms, total = 0.00ms
	CoreWorker.PrintEventStats - 1 total (1 active, 1 running), Execution time: mean = 0.00ms, total = 0.00ms, Queueing time: mean = 0.00ms, max = -0.00ms, min = 9223372036854.78ms, total = 0.00ms
	ray::rpc::WorkerInfoGcsService.grpc_client.AddWorkerInfo.OnReplyReceived - 1 total (0 active), Execution time: mean = 0.04ms, total = 0.04ms, Queueing time: mean = 0.01ms, max = 0.01ms, min = 0.01ms, total = 0.01ms

-----------------
Task execution event stats:

Global stats: 5992 total (1 active)
Queueing time: mean = 0.01ms, max = 0.50ms, min = -0.01ms, total = 85.14ms
Execution time:  mean = 0.00ms, total = 10.79ms
Event stats:
	CoreWorker.CheckSignal - 5991 total (1 active), Execution time: mean = 0.00ms, total = 10.78ms, Queueing time: mean = 0.01ms, max = 0.50ms, min = -0.01ms, total = 85.13ms
	PeriodicalRunner.RunFnPeriodically - 1 total (0 active), Execution time: mean = 0.01ms, total = 0.01ms, Queueing time: mean = 0.00ms, max = 0.00ms, min = 0.00ms, total = 0.00ms

-----------------
Task Event stats:

IO Service Stats:

Global stats: 61 total (1 active)
Queueing time: mean = 0.02ms, max = 0.05ms, min = 0.01ms, total = 1.23ms
Execution time:  mean = 0.01ms, total = 0.58ms
Event stats:
	CoreWorker.deadline_timer.flush_task_events - 60 total (1 active), Execution time: mean = 0.01ms, total = 0.55ms, Queueing time: mean = 0.02ms, max = 0.05ms, min = 0.01ms, total = 1.22ms
	PeriodicalRunner.RunFnPeriodically - 1 total (0 active), Execution time: mean = 0.03ms, total = 0.03ms, Queueing time: mean = 0.01ms, max = 0.01ms, min = 0.01ms, total = 0.01ms
Other Stats:
	gcs_grpc_in_progress:0
	event_aggregator_grpc_in_progress:0
	current number of task status events in buffer: 0
	current number of profile events in buffer: 0
	current number of dropped task attempts tracked: 0
	total task events sent: 0 MiB
	total number of task attempts sent: 0
	total number of task attempts dropped reported: 0
	total number of sent failure: 0
	num status task events dropped: 0
	num profile task events dropped: 0
	num ray task events reported to aggregator: 0
	num ray task events failed to report to aggregator: 0
	num of task attempts dropped reported to aggregator: 0
	num of failed requests to aggregator: 0

[2026-09-04 01:18:41,549 I 1557 2275] core_worker.cc:498: Event stats:


Global stats: 1625 total (8 active)
Queueing time: mean = 0.02ms, max = 0.19ms, min = -0.01ms, total = 30.46ms
Execution time:  mean = 0.01ms, total = 8.14ms
Event stats:
	CoreWorker.RecoverObjects - 1200 total (1 active), Execution time: mean = 0.00ms, total = 2.96ms, Queueing time: mean = 0.02ms, max = 0.07ms, min = -0.01ms, total = 21.30ms
	CoreWorker.InternalHeartbeat - 120 total (1 active), Execution time: mean = 0.00ms, total = 0.41ms, Queueing time: mean = 0.02ms, max = 0.06ms, min = 0.00ms, total = 2.68ms
	CoreWorker.ExitIfParentRayletDies - 120 total (1 active), Execution time: mean = 0.01ms, total = 1.06ms, Queueing time: mean = 0.02ms, max = 0.04ms, min = 0.00ms, total = 2.21ms
	CoreWorker.ReportWorkerBacklog - 120 total (1 active), Execution time: mean = 0.00ms, total = 0.53ms, Queueing time: mean = 0.02ms, max = 0.06ms, min = 0.00ms, total = 2.57ms
	CoreWorker.RecordMetrics - 24 total (1 active), Execution time: mean = 0.03ms, total = 0.66ms, Queueing time: mean = 0.01ms, max = 0.03ms, min = 0.00ms, total = 0.30ms
	CoreWorker.TryDelPendingObjectRefStreams - 12 total (1 active), Execution time: mean = 0.00ms, total = 0.04ms, Queueing time: mean = 0.03ms, max = 0.19ms, min = 0.01ms, total = 0.39ms
	CoreWorkerService.grpc_server.GetCoreWorkerStats.HandleRequestImpl - 8 total (0 active), Execution time: mean = 0.03ms, total = 0.25ms, Queueing time: mean = 0.02ms, max = 0.03ms, min = 0.01ms, total = 0.13ms
	CoreWorkerService.grpc_server.GetCoreWorkerStats - 8 total (0 active), Execution time: mean = 0.16ms, total = 1.31ms, Queueing time: mean = 0.00ms, max = -0.00ms, min = 9223372036854.78ms, total = 0.00ms
	PeriodicalRunner.RunFnPeriodically - 8 total (0 active), Execution time: mean = 0.02ms, total = 0.19ms, Queueing time: mean = 0.11ms, max = 0.18ms, min = 0.00ms, total = 0.85ms
	CoreWorker.PrintEventStats - 2 total (1 active, 1 running), Execution time: mean = 0.12ms, total = 0.24ms, Queueing time: mean = 0.01ms, max = 0.02ms, min = 0.02ms, total = 0.02ms
	ray::rpc::WorkerInfoGcsService.grpc_client.AddWorkerInfo - 1 total (0 active), Execution time: mean = 0.45ms, total = 0.45ms, Queueing time: mean = 0.00ms, max = -0.00ms, min = 9223372036854.78ms, total = 0.00ms
	Publisher.CheckDeadSubscribers - 1 total (1 active), Execution time: mean = 0.00ms, total = 0.00ms, Queueing time: mean = 0.00ms, max = -0.00ms, min = 9223372036854.78ms, total = 0.00ms
	ray::rpc::WorkerInfoGcsService.grpc_client.AddWorkerInfo.OnReplyReceived - 1 total (0 active), Execution time: mean = 0.04ms, total = 0.04ms, Queueing time: mean = 0.01ms, max = 0.01ms, min = 0.01ms, total = 0.01ms

-----------------
Task execution event stats:

Global stats: 11982 total (1 active)
Queueing time: mean = 0.01ms, max = 0.50ms, min = -0.01ms, total = 177.46ms
Execution time:  mean = 0.00ms, total = 24.80ms
Event stats:
	CoreWorker.CheckSignal - 11981 total (1 active), Execution time: mean = 0.00ms, total = 24.80ms, Queueing time: mean = 0.01ms, max = 0.50ms, min = -0.01ms, total = 177.46ms
	PeriodicalRunner.RunFnPeriodically - 1 total (0 active), Execution time: mean = 0.01ms, total = 0.01ms, Queueing time: mean = 0.00ms, max = 0.00ms, min = 0.00ms, total = 0.00ms

-----------------
Task Event stats:

IO Service Stats:

Global stats: 121 total (1 active)
Queueing time: mean = 0.02ms, max = 0.05ms, min = 0.01ms, total = 2.90ms
Execution time:  mean = 0.01ms, total = 1.38ms
Event stats:
	CoreWorker.deadline_timer.flush_task_events - 120 total (1 active), Execution time: mean = 0.01ms, total = 1.35ms, Queueing time: mean = 0.02ms, max = 0.05ms, min = 0.01ms, total = 2.89ms
	PeriodicalRunner.RunFnPeriodically - 1 total (0 active), Execution time: mean = 0.03ms, total = 0.03ms, Queueing time: mean = 0.01ms, max = 0.01ms, min = 0.01ms, total = 0.01ms
Other Stats:
	gcs_grpc_in_progress:0
	event_aggregator_grpc_in_progress:0
	current number of task status events in buffer: 0
	current number of profile events in buffer: 0
	current number of dropped task attempts tracked: 0
	total task events sent: 0 MiB
	total number of task attempts sent: 0
	total number of task attempts dropped reported: 0
	total number of sent failure: 0
	num status task events dropped: 0
	num profile task events dropped: 0
	num ray task events reported to aggregator: 0
	num ray task events failed to report to aggregator: 0
	num of task attempts dropped reported to aggregator: 0
	num of failed requests to aggregator: 0

[2026-09-04 01:19:41,550 I 1557 2275] core_worker.cc:498: Event stats:


Global stats: 2432 total (8 active)
Queueing time: mean = 0.02ms, max = 0.19ms, min = -0.01ms, total = 45.09ms
Execution time:  mean = 0.01ms, total = 12.43ms
Event stats:
	CoreWorker.RecoverObjects - 1800 total (1 active), Execution time: mean = 0.00ms, total = 4.50ms, Queueing time: mean = 0.02ms, max = 0.07ms, min = -0.01ms, total = 31.95ms
	CoreWorker.InternalHeartbeat - 180 total (1 active), Execution time: mean = 0.00ms, total = 0.68ms, Queueing time: mean = 0.02ms, max = 0.06ms, min = 0.00ms, total = 4.00ms
	CoreWorker.ExitIfParentRayletDies - 180 total (1 active), Execution time: mean = 0.01ms, total = 1.66ms, Queueing time: mean = 0.02ms, max = 0.04ms, min = 0.00ms, total = 3.24ms
	CoreWorker.ReportWorkerBacklog - 180 total (1 active), Execution time: mean = 0.00ms, total = 0.90ms, Queueing time: mean = 0.02ms, max = 0.06ms, min = 0.00ms, total = 3.80ms
	CoreWorker.RecordMetrics - 36 total (1 active), Execution time: mean = 0.03ms, total = 1.07ms, Queueing time: mean = 0.01ms, max = 0.04ms, min = 0.00ms, total = 0.43ms
	CoreWorker.TryDelPendingObjectRefStreams - 18 total (1 active), Execution time: mean = 0.00ms, total = 0.05ms, Queueing time: mean = 0.03ms, max = 0.19ms, min = 0.01ms, total = 0.53ms
	CoreWorkerService.grpc_server.GetCoreWorkerStats.HandleRequestImpl - 12 total (0 active), Execution time: mean = 0.03ms, total = 0.36ms, Queueing time: mean = 0.02ms, max = 0.04ms, min = 0.01ms, total = 0.23ms
	CoreWorkerService.grpc_server.GetCoreWorkerStats - 12 total (0 active), Execution time: mean = 0.17ms, total = 2.07ms, Queueing time: mean = 0.00ms, max = -0.00ms, min = 9223372036854.78ms, total = 0.00ms
	PeriodicalRunner.RunFnPeriodically - 8 total (0 active), Execution time: mean = 0.02ms, total = 0.19ms, Queueing time: mean = 0.11ms, max = 0.18ms, min = 0.00ms, total = 0.85ms
	CoreWorker.PrintEventStats - 3 total (1 active, 1 running), Execution time: mean = 0.15ms, total = 0.44ms, Queueing time: mean = 0.01ms, max = 0.02ms, min = 0.02ms, total = 0.04ms
	ray::rpc::WorkerInfoGcsService.grpc_client.AddWorkerInfo - 1 total (0 active), Execution time: mean = 0.45ms, total = 0.45ms, Queueing time: mean = 0.00ms, max = -0.00ms, min = 9223372036854.78ms, total = 0.00ms
	Publisher.CheckDeadSubscribers - 1 total (1 active), Execution time: mean = 0.00ms, total = 0.00ms, Queueing time: mean = 0.00ms, max = -0.00ms, min = 9223372036854.78ms, total = 0.00ms
	ray::rpc::WorkerInfoGcsService.grpc_client.AddWorkerInfo.OnReplyReceived - 1 total (0 active), Execution time: mean = 0.04ms, total = 0.04ms, Queueing time: mean = 0.01ms, max = 0.01ms, min = 0.01ms, total = 0.01ms

-----------------
Task execution event stats:

Global stats: 17974 total (1 active)
Queueing time: mean = 0.01ms, max = 0.50ms, min = -0.01ms, total = 253.56ms
Execution time:  mean = 0.00ms, total = 36.28ms
Event stats:
	CoreWorker.CheckSignal - 17973 total (1 active), Execution time: mean = 0.00ms, total = 36.27ms, Queueing time: mean = 0.01ms, max = 0.50ms, min = -0.01ms, total = 253.56ms
	PeriodicalRunner.RunFnPeriodically - 1 total (0 active), Execution time: mean = 0.01ms, total = 0.01ms, Queueing time: mean = 0.00ms, max = 0.00ms, min = 0.00ms, total = 0.00ms

-----------------
Task Event stats:

IO Service Stats:

Global stats: 181 total (1 active)
Queueing time: mean = 0.03ms, max = 0.05ms, min = 0.01ms, total = 4.55ms
Execution time:  mean = 0.01ms, total = 2.17ms
Event stats:
	CoreWorker.deadline_timer.flush_task_events - 180 total (1 active), Execution time: mean = 0.01ms, total = 2.14ms, Queueing time: mean = 0.03ms, max = 0.05ms, min = 0.01ms, total = 4.54ms
	PeriodicalRunner.RunFnPeriodically - 1 total (0 active), Execution time: mean = 0.03ms, total = 0.03ms, Queueing time: mean = 0.01ms, max = 0.01ms, min = 0.01ms, total = 0.01ms
Other Stats:
	gcs_grpc_in_progress:0
	event_aggregator_grpc_in_progress:0
	current number of task status events in buffer: 0
	current number of profile events in buffer: 0
	current number of dropped task attempts tracked: 0
	total task events sent: 0 MiB
	total number of task attempts sent: 0
	total number of task attempts dropped reported: 0
	total number of sent failure: 0
	num status task events dropped: 0
	num profile task events dropped: 0
	num ray task events reported to aggregator: 0
	num ray task events failed to report to aggregator: 0
	num of task attempts dropped reported to aggregator: 0
	num of failed requests to aggregator: 0

[2026-09-04 01:20:41,550 I 1557 2275] core_worker.cc:498: Event stats:


Global stats: 3239 total (8 active)
Queueing time: mean = 0.02ms, max = 0.19ms, min = -0.01ms, total = 64.49ms
Execution time:  mean = 0.01ms, total = 16.48ms
Event stats:
	CoreWorker.RecoverObjects - 2400 total (1 active), Execution time: mean = 0.00ms, total = 5.95ms, Queueing time: mean = 0.02ms, max = 0.07ms, min = -0.01ms, total = 45.79ms
	CoreWorker.InternalHeartbeat - 240 total (1 active), Execution time: mean = 0.00ms, total = 0.90ms, Queueing time: mean = 0.02ms, max = 0.07ms, min = 0.00ms, total = 5.74ms
	CoreWorker.ExitIfParentRayletDies - 240 total (1 active), Execution time: mean = 0.01ms, total = 2.12ms, Queueing time: mean = 0.02ms, max = 0.07ms, min = 0.00ms, total = 4.76ms
	CoreWorker.ReportWorkerBacklog - 240 total (1 active), Execution time: mean = 0.00ms, total = 1.16ms, Queueing time: mean = 0.02ms, max = 0.07ms, min = 0.00ms, total = 5.49ms
	CoreWorker.RecordMetrics - 48 total (1 active), Execution time: mean = 0.03ms, total = 1.51ms, Queueing time: mean = 0.01ms, max = 0.04ms, min = 0.00ms, total = 0.67ms
	CoreWorker.TryDelPendingObjectRefStreams - 24 total (1 active), Execution time: mean = 0.00ms, total = 0.07ms, Queueing time: mean = 0.03ms, max = 0.19ms, min = 0.01ms, total = 0.80ms
	CoreWorkerService.grpc_server.GetCoreWorkerStats.HandleRequestImpl - 16 total (0 active), Execution time: mean = 0.03ms, total = 0.47ms, Queueing time: mean = 0.02ms, max = 0.04ms, min = 0.01ms, total = 0.32ms
	CoreWorkerService.grpc_server.GetCoreWorkerStats - 16 total (0 active), Execution time: mean = 0.19ms, total = 2.96ms, Queueing time: mean = 0.00ms, max = -0.00ms, min = 9223372036854.78ms, total = 0.00ms
	PeriodicalRunner.RunFnPeriodically - 8 total (0 active), Execution time: mean = 0.02ms, total = 0.19ms, Queueing time: mean = 0.11ms, max = 0.18ms, min = 0.00ms, total = 0.85ms
	CoreWorker.PrintEventStats - 4 total (1 active, 1 running), Execution time: mean = 0.16ms, total = 0.66ms, Queueing time: mean = 0.01ms, max = 0.02ms, min = 0.01ms, total = 0.05ms
	ray::rpc::WorkerInfoGcsService.grpc_client.AddWorkerInfo - 1 total (0 active), Execution time: mean = 0.45ms, total = 0.45ms, Queueing time: mean = 0.00ms, max = -0.00ms, min = 9223372036854.78ms, total = 0.00ms
	Publisher.CheckDeadSubscribers - 1 total (1 active), Execution time: mean = 0.00ms, total = 0.00ms, Queueing time: mean = 0.00ms, max = -0.00ms, min = 9223372036854.78ms, total = 0.00ms
	ray::rpc::WorkerInfoGcsService.grpc_client.AddWorkerInfo.OnReplyReceived - 1 total (0 active), Execution time: mean = 0.04ms, total = 0.04ms, Queueing time: mean = 0.01ms, max = 0.01ms, min = 0.01ms, total = 0.01ms

-----------------
Task execution event stats:

Global stats: 23962 total (1 active)
Queueing time: mean = 0.02ms, max = 0.55ms, min = -0.02ms, total = 363.39ms
Execution time:  mean = 0.00ms, total = 53.11ms
Event stats:
	CoreWorker.CheckSignal - 23961 total (1 active), Execution time: mean = 0.00ms, total = 53.10ms, Queueing time: mean = 0.02ms, max = 0.55ms, min = -0.02ms, total = 363.39ms
	PeriodicalRunner.RunFnPeriodically - 1 total (0 active), Execution time: mean = 0.01ms, total = 0.01ms, Queueing time: mean = 0.00ms, max = 0.00ms, min = 0.00ms, total = 0.00ms

-----------------
Task Event stats:

IO Service Stats:

Global stats: 241 total (1 active)
Queueing time: mean = 0.03ms, max = 0.05ms, min = 0.01ms, total = 6.30ms
Execution time:  mean = 0.01ms, total = 2.95ms
Event stats:
	CoreWorker.deadline_timer.flush_task_events - 240 total (1 active), Execution time: mean = 0.01ms, total = 2.92ms, Queueing time: mean = 0.03ms, max = 0.05ms, min = 0.01ms, total = 6.29ms
	PeriodicalRunner.RunFnPeriodically - 1 total (0 active), Execution time: mean = 0.03ms, total = 0.03ms, Queueing time: mean = 0.01ms, max = 0.01ms, min = 0.01ms, total = 0.01ms
Other Stats:
	gcs_grpc_in_progress:0
	event_aggregator_grpc_in_progress:0
	current number of task status events in buffer: 0
	current number of profile events in buffer: 0
	current number of dropped task attempts tracked: 0
	total task events sent: 0 MiB
	total number of task attempts sent: 0
	total number of task attempts dropped reported: 0
	total number of sent failure: 0
	num status task events dropped: 0
	num profile task events dropped: 0
	num ray task events reported to aggregator: 0
	num ray task events failed to report to aggregator: 0
	num of task attempts dropped reported to aggregator: 0
	num of failed requests to aggregator: 0

[2026-09-04 01:21:41,550 I 1557 2275] core_worker.cc:498: Event stats:


Global stats: 4047 total (8 active)
Queueing time: mean = 0.02ms, max = 0.23ms, min = -0.01ms, total = 80.87ms
Execution time:  mean = 0.01ms, total = 20.50ms
Event stats:
	CoreWorker.RecoverObjects - 3000 total (1 active), Execution time: mean = 0.00ms, total = 7.28ms, Queueing time: mean = 0.02ms, max = 0.07ms, min = -0.01ms, total = 57.21ms
	CoreWorker.InternalHeartbeat - 300 total (1 active), Execution time: mean = 0.00ms, total = 1.14ms, Queueing time: mean = 0.02ms, max = 0.09ms, min = 0.00ms, total = 7.28ms
	CoreWorker.ExitIfParentRayletDies - 300 total (1 active), Execution time: mean = 0.01ms, total = 2.64ms, Queueing time: mean = 0.02ms, max = 0.08ms, min = 0.00ms, total = 6.03ms
	CoreWorker.ReportWorkerBacklog - 300 total (1 active), Execution time: mean = 0.00ms, total = 1.45ms, Queueing time: mean = 0.02ms, max = 0.08ms, min = 0.00ms, total = 6.98ms
	CoreWorker.RecordMetrics - 60 total (1 active), Execution time: mean = 0.03ms, total = 1.97ms, Queueing time: mean = 0.01ms, max = 0.04ms, min = 0.00ms, total = 0.84ms
	CoreWorker.TryDelPendingObjectRefStreams - 30 total (1 active), Execution time: mean = 0.00ms, total = 0.09ms, Queueing time: mean = 0.04ms, max = 0.23ms, min = 0.01ms, total = 1.15ms
	CoreWorkerService.grpc_server.GetCoreWorkerStats.HandleRequestImpl - 20 total (0 active), Execution time: mean = 0.03ms, total = 0.59ms, Queueing time: mean = 0.02ms, max = 0.04ms, min = 0.01ms, total = 0.42ms
	CoreWorkerService.grpc_server.GetCoreWorkerStats - 20 total (0 active), Execution time: mean = 0.18ms, total = 3.63ms, Queueing time: mean = 0.00ms, max = -0.00ms, min = 9223372036854.78ms, total = 0.00ms
	PeriodicalRunner.RunFnPeriodically - 8 total (0 active), Execution time: mean = 0.02ms, total = 0.19ms, Queueing time: mean = 0.11ms, max = 0.18ms, min = 0.00ms, total = 0.85ms
	CoreWorker.PrintEventStats - 5 total (1 active, 1 running), Execution time: mean = 0.21ms, total = 1.03ms, Queueing time: mean = 0.02ms, max = 0.03ms, min = 0.01ms, total = 0.08ms
	Publisher.CheckDeadSubscribers - 2 total (1 active), Execution time: mean = 0.00ms, total = 0.00ms, Queueing time: mean = 0.01ms, max = 0.01ms, min = 0.01ms, total = 0.01ms
	ray::rpc::WorkerInfoGcsService.grpc_client.AddWorkerInfo - 1 total (0 active), Execution time: mean = 0.45ms, total = 0.45ms, Queueing time: mean = 0.00ms, max = -0.00ms, min = 9223372036854.78ms, total = 0.00ms
	ray::rpc::WorkerInfoGcsService.grpc_client.AddWorkerInfo.OnReplyReceived - 1 total (0 active), Execution time: mean = 0.04ms, total = 0.04ms, Queueing time: mean = 0.01ms, max = 0.01ms, min = 0.01ms, total = 0.01ms

-----------------
Task execution event stats:

Global stats: 29952 total (1 active)
Queueing time: mean = 0.02ms, max = 0.55ms, min = -0.02ms, total = 453.11ms
Execution time:  mean = 0.00ms, total = 65.19ms
Event stats:
	CoreWorker.CheckSignal - 29951 total (1 active), Execution time: mean = 0.00ms, total = 65.19ms, Queueing time: mean = 0.02ms, max = 0.55ms, min = -0.02ms, total = 453.11ms
	PeriodicalRunner.RunFnPeriodically - 1 total (0 active), Execution time: mean = 0.01ms, total = 0.01ms, Queueing time: mean = 0.00ms, max = 0.00ms, min = 0.00ms, total = 0.00ms

-----------------
Task Event stats:

IO Service Stats:

Global stats: 301 total (1 active)
Queueing time: mean = 0.03ms, max = 0.05ms, min = 0.01ms, total = 7.73ms
Execution time:  mean = 0.01ms, total = 3.56ms
Event stats:
	CoreWorker.deadline_timer.flush_task_events - 300 total (1 active), Execution time: mean = 0.01ms, total = 3.53ms, Queueing time: mean = 0.03ms, max = 0.05ms, min = 0.01ms, total = 7.72ms
	PeriodicalRunner.RunFnPeriodically - 1 total (0 active), Execution time: mean = 0.03ms, total = 0.03ms, Queueing time: mean = 0.01ms, max = 0.01ms, min = 0.01ms, total = 0.01ms
Other Stats:
	gcs_grpc_in_progress:0
	event_aggregator_grpc_in_progress:0
	current number of task status events in buffer: 0
	current number of profile events in buffer: 0
	current number of dropped task attempts tracked: 0
	total task events sent: 0 MiB
	total number of task attempts sent: 0
	total number of task attempts dropped reported: 0
	total number of sent failure: 0
	num status task events dropped: 0
	num profile task events dropped: 0
	num ray task events reported to aggregator: 0
	num ray task events failed to report to aggregator: 0
	num of task attempts dropped reported to aggregator: 0
	num of failed requests to aggregator: 0

[2026-09-04 01:22:41,550 I 1557 2275] core_worker.cc:498: Event stats:


Global stats: 4854 total (8 active)
Queueing time: mean = 0.02ms, max = 0.23ms, min = -0.01ms, total = 94.81ms
Execution time:  mean = 0.01ms, total = 24.53ms
Event stats:
	CoreWorker.RecoverObjects - 3600 total (1 active), Execution time: mean = 0.00ms, total = 8.75ms, Queueing time: mean = 0.02ms, max = 0.07ms, min = -0.01ms, total = 67.41ms
	CoreWorker.InternalHeartbeat - 360 total (1 active), Execution time: mean = 0.00ms, total = 1.42ms, Queueing time: mean = 0.02ms, max = 0.09ms, min = 0.00ms, total = 8.51ms
	CoreWorker.ExitIfParentRayletDies - 360 total (1 active), Execution time: mean = 0.01ms, total = 3.24ms, Queueing time: mean = 0.02ms, max = 0.08ms, min = 0.00ms, total = 6.96ms
	CoreWorker.ReportWorkerBacklog - 360 total (1 active), Execution time: mean = 0.00ms, total = 1.80ms, Queueing time: mean = 0.02ms, max = 0.08ms, min = 0.00ms, total = 8.16ms
	CoreWorker.RecordMetrics - 72 total (1 active), Execution time: mean = 0.03ms, total = 2.38ms, Queueing time: mean = 0.01ms, max = 0.04ms, min = 0.00ms, total = 1.00ms
	CoreWorker.TryDelPendingObjectRefStreams - 36 total (1 active), Execution time: mean = 0.00ms, total = 0.11ms, Queueing time: mean = 0.04ms, max = 0.23ms, min = 0.01ms, total = 1.30ms
	CoreWorkerService.grpc_server.GetCoreWorkerStats.HandleRequestImpl - 24 total (0 active), Execution time: mean = 0.03ms, total = 0.70ms, Queueing time: mean = 0.02ms, max = 0.04ms, min = 0.01ms, total = 0.50ms
	CoreWorkerService.grpc_server.GetCoreWorkerStats - 24 total (0 active), Execution time: mean = 0.18ms, total = 4.22ms, Queueing time: mean = 0.00ms, max = -0.00ms, min = 9223372036854.78ms, total = 0.00ms
	PeriodicalRunner.RunFnPeriodically - 8 total (0 active), Execution time: mean = 0.02ms, total = 0.19ms, Queueing time: mean = 0.11ms, max = 0.18ms, min = 0.00ms, total = 0.85ms
	CoreWorker.PrintEventStats - 6 total (1 active, 1 running), Execution time: mean = 0.21ms, total = 1.23ms, Queueing time: mean = 0.02ms, max = 0.03ms, min = 0.01ms, total = 0.10ms
	Publisher.CheckDeadSubscribers - 2 total (1 active), Execution time: mean = 0.00ms, total = 0.00ms, Queueing time: mean = 0.01ms, max = 0.01ms, min = 0.01ms, total = 0.01ms
	ray::rpc::WorkerInfoGcsService.grpc_client.AddWorkerInfo - 1 total (0 active), Execution time: mean = 0.45ms, total = 0.45ms, Queueing time: mean = 0.00ms, max = -0.00ms, min = 9223372036854.78ms, total = 0.00ms
	ray::rpc::WorkerInfoGcsService.grpc_client.AddWorkerInfo.OnReplyReceived - 1 total (0 active), Execution time: mean = 0.04ms, total = 0.04ms, Queueing time: mean = 0.01ms, max = 0.01ms, min = 0.01ms, total = 0.01ms

-----------------
Task execution event stats:

Global stats: 35944 total (1 active)
Queueing time: mean = 0.01ms, max = 1.20ms, min = -0.02ms, total = 524.11ms
Execution time:  mean = 0.00ms, total = 73.65ms
Event stats:
	CoreWorker.CheckSignal - 35943 total (1 active), Execution time: mean = 0.00ms, total = 73.65ms, Queueing time: mean = 0.01ms, max = 1.20ms, min = -0.02ms, total = 524.11ms
	PeriodicalRunner.RunFnPeriodically - 1 total (0 active), Execution time: mean = 0.01ms, total = 0.01ms, Queueing time: mean = 0.00ms, max = 0.00ms, min = 0.00ms, total = 0.00ms

-----------------
Task Event stats:

IO Service Stats:

Global stats: 361 total (1 active)
Queueing time: mean = 0.03ms, max = 0.05ms, min = 0.01ms, total = 9.12ms
Execution time:  mean = 0.01ms, total = 4.21ms
Event stats:
	CoreWorker.deadline_timer.flush_task_events - 360 total (1 active), Execution time: mean = 0.01ms, total = 4.18ms, Queueing time: mean = 0.03ms, max = 0.05ms, min = 0.01ms, total = 9.11ms
	PeriodicalRunner.RunFnPeriodically - 1 total (0 active), Execution time: mean = 0.03ms, total = 0.03ms, Queueing time: mean = 0.01ms, max = 0.01ms, min = 0.01ms, total = 0.01ms
Other Stats:
	gcs_grpc_in_progress:0
	event_aggregator_grpc_in_progress:0
	current number of task status events in buffer: 0
	current number of profile events in buffer: 0
	current number of dropped task attempts tracked: 0
	total task events sent: 0 MiB
	total number of task attempts sent: 0
	total number of task attempts dropped reported: 0
	total number of sent failure: 0
	num status task events dropped: 0
	num profile task events dropped: 0
	num ray task events reported to aggregator: 0
	num ray task events failed to report to aggregator: 0
	num of task attempts dropped reported to aggregator: 0
	num of failed requests to aggregator: 0

[2026-09-04 01:23:41,551 I 1557 2275] core_worker.cc:498: Event stats:


Global stats: 5661 total (8 active)
Queueing time: mean = 0.02ms, max = 0.23ms, min = -0.01ms, total = 108.65ms
Execution time:  mean = 0.01ms, total = 28.52ms
Event stats:
	CoreWorker.RecoverObjects - 4200 total (1 active), Execution time: mean = 0.00ms, total = 9.95ms, Queueing time: mean = 0.02ms, max = 0.07ms, min = -0.01ms, total = 77.43ms
	CoreWorker.InternalHeartbeat - 420 total (1 active), Execution time: mean = 0.00ms, total = 1.68ms, Queueing time: mean = 0.02ms, max = 0.09ms, min = 0.00ms, total = 9.75ms
	CoreWorker.ExitIfParentRayletDies - 420 total (1 active), Execution time: mean = 0.01ms, total = 3.79ms, Queueing time: mean = 0.02ms, max = 0.08ms, min = 0.00ms, total = 7.93ms
	CoreWorker.ReportWorkerBacklog - 420 total (1 active), Execution time: mean = 0.01ms, total = 2.12ms, Queueing time: mean = 0.02ms, max = 0.08ms, min = 0.00ms, total = 9.35ms
	CoreWorker.RecordMetrics - 84 total (1 active), Execution time: mean = 0.03ms, total = 2.77ms, Queueing time: mean = 0.01ms, max = 0.04ms, min = 0.00ms, total = 1.13ms
	CoreWorker.TryDelPendingObjectRefStreams - 42 total (1 active), Execution time: mean = 0.00ms, total = 0.13ms, Queueing time: mean = 0.04ms, max = 0.23ms, min = 0.01ms, total = 1.49ms
	CoreWorkerService.grpc_server.GetCoreWorkerStats.HandleRequestImpl - 28 total (0 active), Execution time: mean = 0.03ms, total = 0.89ms, Queueing time: mean = 0.02ms, max = 0.04ms, min = 0.01ms, total = 0.59ms
	CoreWorkerService.grpc_server.GetCoreWorkerStats - 28 total (0 active), Execution time: mean = 0.18ms, total = 5.08ms, Queueing time: mean = 0.00ms, max = -0.00ms, min = 9223372036854.78ms, total = 0.00ms
	PeriodicalRunner.RunFnPeriodically - 8 total (0 active), Execution time: mean = 0.02ms, total = 0.19ms, Queueing time: mean = 0.11ms, max = 0.18ms, min = 0.00ms, total = 0.85ms
	CoreWorker.PrintEventStats - 7 total (1 active, 1 running), Execution time: mean = 0.21ms, total = 1.44ms, Queueing time: mean = 0.01ms, max = 0.03ms, min = 0.01ms, total = 0.10ms
	Publisher.CheckDeadSubscribers - 2 total (1 active), Execution time: mean = 0.00ms, total = 0.00ms, Queueing time: mean = 0.01ms, max = 0.01ms, min = 0.01ms, total = 0.01ms
	ray::rpc::WorkerInfoGcsService.grpc_client.AddWorkerInfo - 1 total (0 active), Execution time: mean = 0.45ms, total = 0.45ms, Queueing time: mean = 0.00ms, max = -0.00ms, min = 9223372036854.78ms, total = 0.00ms
	ray::rpc::WorkerInfoGcsService.grpc_client.AddWorkerInfo.OnReplyReceived - 1 total (0 active), Execution time: mean = 0.04ms, total = 0.04ms, Queueing time: mean = 0.01ms, max = 0.01ms, min = 0.01ms, total = 0.01ms

-----------------
Task execution event stats:

Global stats: 41937 total (1 active)
Queueing time: mean = 0.01ms, max = 1.20ms, min = -0.02ms, total = 593.76ms
Execution time:  mean = 0.00ms, total = 83.76ms
Event stats:
	CoreWorker.CheckSignal - 41936 total (1 active), Execution time: mean = 0.00ms, total = 83.75ms, Queueing time: mean = 0.01ms, max = 1.20ms, min = -0.02ms, total = 593.76ms
	PeriodicalRunner.RunFnPeriodically - 1 total (0 active), Execution time: mean = 0.01ms, total = 0.01ms, Queueing time: mean = 0.00ms, max = 0.00ms, min = 0.00ms, total = 0.00ms

-----------------
Task Event stats:

IO Service Stats:

Global stats: 421 total (1 active)
Queueing time: mean = 0.02ms, max = 0.05ms, min = 0.01ms, total = 10.33ms
Execution time:  mean = 0.01ms, total = 4.83ms
Event stats:
	CoreWorker.deadline_timer.flush_task_events - 420 total (1 active), Execution time: mean = 0.01ms, total = 4.80ms, Queueing time: mean = 0.02ms, max = 0.05ms, min = 0.01ms, total = 10.32ms
	PeriodicalRunner.RunFnPeriodically - 1 total (0 active), Execution time: mean = 0.03ms, total = 0.03ms, Queueing time: mean = 0.01ms, max = 0.01ms, min = 0.01ms, total = 0.01ms
Other Stats:
	gcs_grpc_in_progress:0
	event_aggregator_grpc_in_progress:0
	current number of task status events in buffer: 0
	current number of profile events in buffer: 0
	current number of dropped task attempts tracked: 0
	total task events sent: 0 MiB
	total number of task attempts sent: 0
	total number of task attempts dropped reported: 0
	total number of sent failure: 0
	num status task events dropped: 0
	num profile task events dropped: 0
	num ray task events reported to aggregator: 0
	num ray task events failed to report to aggregator: 0
	num of task attempts dropped reported to aggregator: 0
	num of failed requests to aggregator: 0

[2026-09-04 01:24:41,551 I 1557 2275] core_worker.cc:498: Event stats:


Global stats: 6468 total (8 active)
Queueing time: mean = 0.02ms, max = 0.23ms, min = -0.01ms, total = 122.96ms
Execution time:  mean = 0.00ms, total = 31.74ms
Event stats:
	CoreWorker.RecoverObjects - 4800 total (1 active), Execution time: mean = 0.00ms, total = 11.08ms, Queueing time: mean = 0.02ms, max = 0.07ms, min = -0.01ms, total = 87.76ms
	CoreWorker.InternalHeartbeat - 480 total (1 active), Execution time: mean = 0.00ms, total = 1.88ms, Queueing time: mean = 0.02ms, max = 0.09ms, min = 0.00ms, total = 11.01ms
	CoreWorker.ExitIfParentRayletDies - 480 total (1 active), Execution time: mean = 0.01ms, total = 4.24ms, Queueing time: mean = 0.02ms, max = 0.08ms, min = 0.00ms, total = 8.94ms
	CoreWorker.ReportWorkerBacklog - 480 total (1 active), Execution time: mean = 0.00ms, total = 2.38ms, Queueing time: mean = 0.02ms, max = 0.08ms, min = 0.00ms, total = 10.54ms
	CoreWorker.RecordMetrics - 96 total (1 active), Execution time: mean = 0.03ms, total = 3.12ms, Queueing time: mean = 0.01ms, max = 0.04ms, min = 0.00ms, total = 1.33ms
	CoreWorker.TryDelPendingObjectRefStreams - 48 total (1 active), Execution time: mean = 0.00ms, total = 0.14ms, Queueing time: mean = 0.04ms, max = 0.23ms, min = 0.00ms, total = 1.74ms
	CoreWorkerService.grpc_server.GetCoreWorkerStats.HandleRequestImpl - 32 total (0 active), Execution time: mean = 0.03ms, total = 0.97ms, Queueing time: mean = 0.02ms, max = 0.04ms, min = 0.01ms, total = 0.64ms
	CoreWorkerService.grpc_server.GetCoreWorkerStats - 32 total (0 active), Execution time: mean = 0.17ms, total = 5.57ms, Queueing time: mean = 0.00ms, max = -0.00ms, min = 9223372036854.78ms, total = 0.00ms
	CoreWorker.PrintEventStats - 8 total (1 active, 1 running), Execution time: mean = 0.21ms, total = 1.66ms, Queueing time: mean = 0.02ms, max = 0.03ms, min = 0.01ms, total = 0.12ms
	PeriodicalRunner.RunFnPeriodically - 8 total (0 active), Execution time: mean = 0.02ms, total = 0.19ms, Queueing time: mean = 0.11ms, max = 0.18ms, min = 0.00ms, total = 0.85ms
	Publisher.CheckDeadSubscribers - 2 total (1 active), Execution time: mean = 0.00ms, total = 0.00ms, Queueing time: mean = 0.01ms, max = 0.01ms, min = 0.01ms, total = 0.01ms
	ray::rpc::WorkerInfoGcsService.grpc_client.AddWorkerInfo - 1 total (0 active), Execution time: mean = 0.45ms, total = 0.45ms, Queueing time: mean = 0.00ms, max = -0.00ms, min = 9223372036854.78ms, total = 0.00ms
	ray::rpc::WorkerInfoGcsService.grpc_client.AddWorkerInfo.OnReplyReceived - 1 total (0 active), Execution time: mean = 0.04ms, total = 0.04ms, Queueing time: mean = 0.01ms, max = 0.01ms, min = 0.01ms, total = 0.01ms

-----------------
Task execution event stats:

Global stats: 47929 total (1 active)
Queueing time: mean = 0.01ms, max = 1.20ms, min = -0.02ms, total = 665.73ms
Execution time:  mean = 0.00ms, total = 93.94ms
Event stats:
	CoreWorker.CheckSignal - 47928 total (1 active), Execution time: mean = 0.00ms, total = 93.93ms, Queueing time: mean = 0.01ms, max = 1.20ms, min = -0.02ms, total = 665.73ms
	PeriodicalRunner.RunFnPeriodically - 1 total (0 active), Execution time: mean = 0.01ms, total = 0.01ms, Queueing time: mean = 0.00ms, max = 0.00ms, min = 0.00ms, total = 0.00ms

-----------------
Task Event stats:

IO Service Stats:

Global stats: 481 total (1 active)
Queueing time: mean = 0.02ms, max = 0.05ms, min = 0.01ms, total = 11.60ms
Execution time:  mean = 0.01ms, total = 5.45ms
Event stats:
	CoreWorker.deadline_timer.flush_task_events - 480 total (1 active), Execution time: mean = 0.01ms, total = 5.42ms, Queueing time: mean = 0.02ms, max = 0.05ms, min = 0.01ms, total = 11.59ms
	PeriodicalRunner.RunFnPeriodically - 1 total (0 active), Execution time: mean = 0.03ms, total = 0.03ms, Queueing time: mean = 0.01ms, max = 0.01ms, min = 0.01ms, total = 0.01ms
Other Stats:
	gcs_grpc_in_progress:0
	event_aggregator_grpc_in_progress:0
	current number of task status events in buffer: 0
	current number of profile events in buffer: 0
	current number of dropped task attempts tracked: 0
	total task events sent: 0 MiB
	total number of task attempts sent: 0
	total number of task attempts dropped reported: 0
	total number of sent failure: 0
	num status task events dropped: 0
	num profile task events dropped: 0
	num ray task events reported to aggregator: 0
	num ray task events failed to report to aggregator: 0
	num of task attempts dropped reported to aggregator: 0
	num of failed requests to aggregator: 0

[2026-09-04 01:25:41,551 I 1557 2275] core_worker.cc:498: Event stats:


Global stats: 7274 total (8 active)
Queueing time: mean = 0.02ms, max = 0.23ms, min = -0.01ms, total = 136.55ms
Execution time:  mean = 0.00ms, total = 35.08ms
Event stats:
	CoreWorker.RecoverObjects - 5399 total (1 active), Execution time: mean = 0.00ms, total = 12.23ms, Queueing time: mean = 0.02ms, max = 0.07ms, min = -0.01ms, total = 97.51ms
	CoreWorker.InternalHeartbeat - 540 total (1 active), Execution time: mean = 0.00ms, total = 2.08ms, Queueing time: mean = 0.02ms, max = 0.09ms, min = 0.00ms, total = 12.25ms
	CoreWorker.ExitIfParentRayletDies - 540 total (1 active), Execution time: mean = 0.01ms, total = 4.69ms, Queueing time: mean = 0.02ms, max = 0.08ms, min = 0.00ms, total = 9.95ms
	CoreWorker.ReportWorkerBacklog - 540 total (1 active), Execution time: mean = 0.00ms, total = 2.68ms, Queueing time: mean = 0.02ms, max = 0.08ms, min = 0.00ms, total = 11.70ms
	CoreWorker.RecordMetrics - 108 total (1 active), Execution time: mean = 0.03ms, total = 3.44ms, Queueing time: mean = 0.01ms, max = 0.04ms, min = 0.00ms, total = 1.50ms
	CoreWorker.TryDelPendingObjectRefStreams - 54 total (1 active), Execution time: mean = 0.00ms, total = 0.16ms, Queueing time: mean = 0.04ms, max = 0.23ms, min = 0.00ms, total = 1.91ms
	CoreWorkerService.grpc_server.GetCoreWorkerStats.HandleRequestImpl - 36 total (0 active), Execution time: mean = 0.03ms, total = 1.05ms, Queueing time: mean = 0.02ms, max = 0.04ms, min = 0.01ms, total = 0.72ms
	CoreWorkerService.grpc_server.GetCoreWorkerStats - 36 total (0 active), Execution time: mean = 0.17ms, total = 6.23ms, Queueing time: mean = 0.00ms, max = -0.00ms, min = 9223372036854.78ms, total = 0.00ms
	CoreWorker.PrintEventStats - 9 total (1 active, 1 running), Execution time: mean = 0.20ms, total = 1.83ms, Queueing time: mean = 0.02ms, max = 0.03ms, min = 0.01ms, total = 0.14ms
	PeriodicalRunner.RunFnPeriodically - 8 total (0 active), Execution time: mean = 0.02ms, total = 0.19ms, Queueing time: mean = 0.11ms, max = 0.18ms, min = 0.00ms, total = 0.85ms
	Publisher.CheckDeadSubscribers - 2 total (1 active), Execution time: mean = 0.00ms, total = 0.00ms, Queueing time: mean = 0.01ms, max = 0.01ms, min = 0.01ms, total = 0.01ms
	ray::rpc::WorkerInfoGcsService.grpc_client.AddWorkerInfo - 1 total (0 active), Execution time: mean = 0.45ms, total = 0.45ms, Queueing time: mean = 0.00ms, max = -0.00ms, min = 9223372036854.78ms, total = 0.00ms
	ray::rpc::WorkerInfoGcsService.grpc_client.AddWorkerInfo.OnReplyReceived - 1 total (0 active), Execution time: mean = 0.04ms, total = 0.04ms, Queueing time: mean = 0.01ms, max = 0.01ms, min = 0.01ms, total = 0.01ms

-----------------
Task execution event stats:

Global stats: 53921 total (1 active)
Queueing time: mean = 0.01ms, max = 1.20ms, min = -0.02ms, total = 742.91ms
Execution time:  mean = 0.00ms, total = 104.58ms
Event stats:
	CoreWorker.CheckSignal - 53920 total (1 active), Execution time: mean = 0.00ms, total = 104.58ms, Queueing time: mean = 0.01ms, max = 1.20ms, min = -0.02ms, total = 742.91ms
	PeriodicalRunner.RunFnPeriodically - 1 total (0 active), Execution time: mean = 0.01ms, total = 0.01ms, Queueing time: mean = 0.00ms, max = 0.00ms, min = 0.00ms, total = 0.00ms

-----------------
Task Event stats:

IO Service Stats:

Global stats: 541 total (1 active)
Queueing time: mean = 0.02ms, max = 0.06ms, min = 0.01ms, total = 13.02ms
Execution time:  mean = 0.01ms, total = 6.05ms
Event stats:
	CoreWorker.deadline_timer.flush_task_events - 540 total (1 active), Execution time: mean = 0.01ms, total = 6.02ms, Queueing time: mean = 0.02ms, max = 0.06ms, min = 0.01ms, total = 13.01ms
	PeriodicalRunner.RunFnPeriodically - 1 total (0 active), Execution time: mean = 0.03ms, total = 0.03ms, Queueing time: mean = 0.01ms, max = 0.01ms, min = 0.01ms, total = 0.01ms
Other Stats:
	gcs_grpc_in_progress:0
	event_aggregator_grpc_in_progress:0
	current number of task status events in buffer: 0
	current number of profile events in buffer: 0
	current number of dropped task attempts tracked: 0
	total task events sent: 0 MiB
	total number of task attempts sent: 0
	total number of task attempts dropped reported: 0
	total number of sent failure: 0
	num status task events dropped: 0
	num profile task events dropped: 0
	num ray task events reported to aggregator: 0
	num ray task events failed to report to aggregator: 0
	num of task attempts dropped reported to aggregator: 0
	num of failed requests to aggregator: 0

[2026-09-04 01:26:41,551 I 1557 2275] core_worker.cc:498: Event stats:


Global stats: 8082 total (8 active)
Queueing time: mean = 0.02ms, max = 0.23ms, min = -0.01ms, total = 149.15ms
Execution time:  mean = 0.00ms, total = 38.31ms
Event stats:
	CoreWorker.RecoverObjects - 5999 total (1 active), Execution time: mean = 0.00ms, total = 13.19ms, Queueing time: mean = 0.02ms, max = 0.07ms, min = -0.01ms, total = 106.03ms
	CoreWorker.InternalHeartbeat - 600 total (1 active), Execution time: mean = 0.00ms, total = 2.25ms, Queueing time: mean = 0.02ms, max = 0.09ms, min = 0.00ms, total = 13.51ms
	CoreWorker.ExitIfParentRayletDies - 600 total (1 active), Execution time: mean = 0.01ms, total = 5.12ms, Queueing time: mean = 0.02ms, max = 0.08ms, min = 0.00ms, total = 10.95ms
	CoreWorker.ReportWorkerBacklog - 600 total (1 active), Execution time: mean = 0.00ms, total = 2.92ms, Queueing time: mean = 0.02ms, max = 0.08ms, min = 0.00ms, total = 12.88ms
	CoreWorker.RecordMetrics - 120 total (1 active), Execution time: mean = 0.03ms, total = 3.75ms, Queueing time: mean = 0.01ms, max = 0.06ms, min = 0.00ms, total = 1.76ms
	CoreWorker.TryDelPendingObjectRefStreams - 60 total (1 active), Execution time: mean = 0.00ms, total = 0.17ms, Queueing time: mean = 0.04ms, max = 0.23ms, min = 0.00ms, total = 2.18ms
	CoreWorkerService.grpc_server.GetCoreWorkerStats.HandleRequestImpl - 40 total (0 active), Execution time: mean = 0.03ms, total = 1.14ms, Queueing time: mean = 0.02ms, max = 0.04ms, min = 0.01ms, total = 0.80ms
	CoreWorkerService.grpc_server.GetCoreWorkerStats - 40 total (0 active), Execution time: mean = 0.17ms, total = 6.99ms, Queueing time: mean = 0.00ms, max = -0.00ms, min = 9223372036854.78ms, total = 0.00ms
	CoreWorker.PrintEventStats - 10 total (1 active, 1 running), Execution time: mean = 0.21ms, total = 2.10ms, Queueing time: mean = 0.02ms, max = 0.03ms, min = 0.01ms, total = 0.15ms
	PeriodicalRunner.RunFnPeriodically - 8 total (0 active), Execution time: mean = 0.02ms, total = 0.19ms, Queueing time: mean = 0.11ms, max = 0.18ms, min = 0.00ms, total = 0.85ms
	Publisher.CheckDeadSubscribers - 3 total (1 active), Execution time: mean = 0.00ms, total = 0.00ms, Queueing time: mean = 0.01ms, max = 0.01ms, min = 0.01ms, total = 0.02ms
	ray::rpc::WorkerInfoGcsService.grpc_client.AddWorkerInfo - 1 total (0 active), Execution time: mean = 0.45ms, total = 0.45ms, Queueing time: mean = 0.00ms, max = -0.00ms, min = 9223372036854.78ms, total = 0.00ms
	ray::rpc::WorkerInfoGcsService.grpc_client.AddWorkerInfo.OnReplyReceived - 1 total (0 active), Execution time: mean = 0.04ms, total = 0.04ms, Queueing time: mean = 0.01ms, max = 0.01ms, min = 0.01ms, total = 0.01ms

-----------------
Task execution event stats:

Global stats: 59912 total (1 active)
Queueing time: mean = 0.01ms, max = 1.20ms, min = -0.02ms, total = 821.62ms
Execution time:  mean = 0.00ms, total = 114.89ms
Event stats:
	CoreWorker.CheckSignal - 59911 total (1 active), Execution time: mean = 0.00ms, total = 114.88ms, Queueing time: mean = 0.01ms, max = 1.20ms, min = -0.02ms, total = 821.62ms
	PeriodicalRunner.RunFnPeriodically - 1 total (0 active), Execution time: mean = 0.01ms, total = 0.01ms, Queueing time: mean = 0.00ms, max = 0.00ms, min = 0.00ms, total = 0.00ms

-----------------
Task Event stats:

IO Service Stats:

Global stats: 601 total (1 active)
Queueing time: mean = 0.02ms, max = 0.06ms, min = 0.01ms, total = 14.24ms
Execution time:  mean = 0.01ms, total = 6.62ms
Event stats:
	CoreWorker.deadline_timer.flush_task_events - 600 total (1 active), Execution time: mean = 0.01ms, total = 6.59ms, Queueing time: mean = 0.02ms, max = 0.06ms, min = 0.01ms, total = 14.23ms
	PeriodicalRunner.RunFnPeriodically - 1 total (0 active), Execution time: mean = 0.03ms, total = 0.03ms, Queueing time: mean = 0.01ms, max = 0.01ms, min = 0.01ms, total = 0.01ms
Other Stats:
	gcs_grpc_in_progress:0
	event_aggregator_grpc_in_progress:0
	current number of task status events in buffer: 0
	current number of profile events in buffer: 0
	current number of dropped task attempts tracked: 0
	total task events sent: 0 MiB
	total number of task attempts sent: 0
	total number of task attempts dropped reported: 0
	total number of sent failure: 0
	num status task events dropped: 0
	num profile task events dropped: 0
	num ray task events reported to aggregator: 0
	num ray task events failed to report to aggregator: 0
	num of task attempts dropped reported to aggregator: 0
	num of failed requests to aggregator: 0

[2026-09-04 01:27:41,551 I 1557 2275] core_worker.cc:498: Event stats:


Global stats: 8889 total (8 active)
Queueing time: mean = 0.02ms, max = 0.23ms, min = -0.01ms, total = 161.30ms
Execution time:  mean = 0.00ms, total = 41.44ms
Event stats:
	CoreWorker.RecoverObjects - 6599 total (1 active), Execution time: mean = 0.00ms, total = 14.23ms, Queueing time: mean = 0.02ms, max = 0.07ms, min = -0.01ms, total = 114.95ms
	CoreWorker.InternalHeartbeat - 660 total (1 active), Execution time: mean = 0.00ms, total = 2.42ms, Queueing time: mean = 0.02ms, max = 0.09ms, min = 0.00ms, total = 14.57ms
	CoreWorker.ExitIfParentRayletDies - 660 total (1 active), Execution time: mean = 0.01ms, total = 5.57ms, Queueing time: mean = 0.02ms, max = 0.08ms, min = 0.00ms, total = 11.74ms
	CoreWorker.ReportWorkerBacklog - 660 total (1 active), Execution time: mean = 0.00ms, total = 3.16ms, Queueing time: mean = 0.02ms, max = 0.08ms, min = 0.00ms, total = 13.87ms
	CoreWorker.RecordMetrics - 132 total (1 active), Execution time: mean = 0.03ms, total = 4.04ms, Queueing time: mean = 0.01ms, max = 0.06ms, min = 0.00ms, total = 1.91ms
	CoreWorker.TryDelPendingObjectRefStreams - 66 total (1 active), Execution time: mean = 0.00ms, total = 0.19ms, Queueing time: mean = 0.04ms, max = 0.23ms, min = 0.00ms, total = 2.35ms
	CoreWorkerService.grpc_server.GetCoreWorkerStats.HandleRequestImpl - 44 total (0 active), Execution time: mean = 0.03ms, total = 1.22ms, Queueing time: mean = 0.02ms, max = 0.04ms, min = 0.01ms, total = 0.88ms
	CoreWorkerService.grpc_server.GetCoreWorkerStats - 44 total (0 active), Execution time: mean = 0.17ms, total = 7.65ms, Queueing time: mean = 0.00ms, max = -0.00ms, min = 9223372036854.78ms, total = 0.00ms
	CoreWorker.PrintEventStats - 11 total (1 active, 1 running), Execution time: mean = 0.21ms, total = 2.29ms, Queueing time: mean = 0.01ms, max = 0.03ms, min = 0.01ms, total = 0.16ms
	PeriodicalRunner.RunFnPeriodically - 8 total (0 active), Execution time: mean = 0.02ms, total = 0.19ms, Queueing time: mean = 0.11ms, max = 0.18ms, min = 0.00ms, total = 0.85ms
	Publisher.CheckDeadSubscribers - 3 total (1 active), Execution time: mean = 0.00ms, total = 0.00ms, Queueing time: mean = 0.01ms, max = 0.01ms, min = 0.01ms, total = 0.02ms
	ray::rpc::WorkerInfoGcsService.grpc_client.AddWorkerInfo - 1 total (0 active), Execution time: mean = 0.45ms, total = 0.45ms, Queueing time: mean = 0.00ms, max = -0.00ms, min = 9223372036854.78ms, total = 0.00ms
	ray::rpc::WorkerInfoGcsService.grpc_client.AddWorkerInfo.OnReplyReceived - 1 total (0 active), Execution time: mean = 0.04ms, total = 0.04ms, Queueing time: mean = 0.01ms, max = 0.01ms, min = 0.01ms, total = 0.01ms

-----------------
Task execution event stats:

Global stats: 65904 total (1 active)
Queueing time: mean = 0.01ms, max = 1.20ms, min = -0.02ms, total = 894.20ms
Execution time:  mean = 0.00ms, total = 124.41ms
Event stats:
	CoreWorker.CheckSignal - 65903 total (1 active), Execution time: mean = 0.00ms, total = 124.41ms, Queueing time: mean = 0.01ms, max = 1.20ms, min = -0.02ms, total = 894.20ms
	PeriodicalRunner.RunFnPeriodically - 1 total (0 active), Execution time: mean = 0.01ms, total = 0.01ms, Queueing time: mean = 0.00ms, max = 0.00ms, min = 0.00ms, total = 0.00ms

-----------------
Task Event stats:

IO Service Stats:

Global stats: 661 total (1 active)
Queueing time: mean = 0.02ms, max = 0.06ms, min = 0.01ms, total = 15.45ms
Execution time:  mean = 0.01ms, total = 7.21ms
Event stats:
	CoreWorker.deadline_timer.flush_task_events - 660 total (1 active), Execution time: mean = 0.01ms, total = 7.18ms, Queueing time: mean = 0.02ms, max = 0.06ms, min = 0.01ms, total = 15.44ms
	PeriodicalRunner.RunFnPeriodically - 1 total (0 active), Execution time: mean = 0.03ms, total = 0.03ms, Queueing time: mean = 0.01ms, max = 0.01ms, min = 0.01ms, total = 0.01ms
Other Stats:
	gcs_grpc_in_progress:0
	event_aggregator_grpc_in_progress:0
	current number of task status events in buffer: 0
	current number of profile events in buffer: 0
	current number of dropped task attempts tracked: 0
	total task events sent: 0 MiB
	total number of task attempts sent: 0
	total number of task attempts dropped reported: 0
	total number of sent failure: 0
	num status task events dropped: 0
	num profile task events dropped: 0
	num ray task events reported to aggregator: 0
	num ray task events failed to report to aggregator: 0
	num of task attempts dropped reported to aggregator: 0
	num of failed requests to aggregator: 0

[2026-09-04 01:28:41,552 I 1557 2275] core_worker.cc:498: Event stats:


Global stats: 9696 total (8 active)
Queueing time: mean = 0.02ms, max = 0.23ms, min = -0.01ms, total = 175.07ms
Execution time:  mean = 0.00ms, total = 44.84ms
Event stats:
	CoreWorker.RecoverObjects - 7199 total (1 active), Execution time: mean = 0.00ms, total = 15.40ms, Queueing time: mean = 0.02ms, max = 0.11ms, min = -0.01ms, total = 124.61ms
	CoreWorker.InternalHeartbeat - 720 total (1 active), Execution time: mean = 0.00ms, total = 2.63ms, Queueing time: mean = 0.02ms, max = 0.09ms, min = 0.00ms, total = 15.88ms
	CoreWorker.ExitIfParentRayletDies - 720 total (1 active), Execution time: mean = 0.01ms, total = 6.08ms, Queueing time: mean = 0.02ms, max = 0.08ms, min = 0.00ms, total = 12.76ms
	CoreWorker.ReportWorkerBacklog - 720 total (1 active), Execution time: mean = 0.00ms, total = 3.44ms, Queueing time: mean = 0.02ms, max = 0.08ms, min = 0.00ms, total = 15.10ms
	CoreWorker.RecordMetrics - 144 total (1 active), Execution time: mean = 0.03ms, total = 4.40ms, Queueing time: mean = 0.01ms, max = 0.06ms, min = 0.00ms, total = 2.12ms
	CoreWorker.TryDelPendingObjectRefStreams - 72 total (1 active), Execution time: mean = 0.00ms, total = 0.21ms, Queueing time: mean = 0.04ms, max = 0.23ms, min = 0.00ms, total = 2.58ms
	CoreWorkerService.grpc_server.GetCoreWorkerStats.HandleRequestImpl - 48 total (0 active), Execution time: mean = 0.03ms, total = 1.30ms, Queueing time: mean = 0.02ms, max = 0.04ms, min = 0.01ms, total = 0.96ms
	CoreWorkerService.grpc_server.GetCoreWorkerStats - 48 total (0 active), Execution time: mean = 0.17ms, total = 8.21ms, Queueing time: mean = 0.00ms, max = -0.00ms, min = 9223372036854.78ms, total = 0.00ms
	CoreWorker.PrintEventStats - 12 total (1 active, 1 running), Execution time: mean = 0.21ms, total = 2.48ms, Queueing time: mean = 0.01ms, max = 0.03ms, min = 0.01ms, total = 0.18ms
	PeriodicalRunner.RunFnPeriodically - 8 total (0 active), Execution time: mean = 0.02ms, total = 0.19ms, Queueing time: mean = 0.11ms, max = 0.18ms, min = 0.00ms, total = 0.85ms
	Publisher.CheckDeadSubscribers - 3 total (1 active), Execution time: mean = 0.00ms, total = 0.00ms, Queueing time: mean = 0.01ms, max = 0.01ms, min = 0.01ms, total = 0.02ms
	ray::rpc::WorkerInfoGcsService.grpc_client.AddWorkerInfo - 1 total (0 active), Execution time: mean = 0.45ms, total = 0.45ms, Queueing time: mean = 0.00ms, max = -0.00ms, min = 9223372036854.78ms, total = 0.00ms
	ray::rpc::WorkerInfoGcsService.grpc_client.AddWorkerInfo.OnReplyReceived - 1 total (0 active), Execution time: mean = 0.04ms, total = 0.04ms, Queueing time: mean = 0.01ms, max = 0.01ms, min = 0.01ms, total = 0.01ms

-----------------
Task execution event stats:

Global stats: 71896 total (1 active)
Queueing time: mean = 0.01ms, max = 1.20ms, min = -0.03ms, total = 966.61ms
Execution time:  mean = 0.00ms, total = 133.84ms
Event stats:
	CoreWorker.CheckSignal - 71895 total (1 active), Execution time: mean = 0.00ms, total = 133.84ms, Queueing time: mean = 0.01ms, max = 1.20ms, min = -0.03ms, total = 966.61ms
	PeriodicalRunner.RunFnPeriodically - 1 total (0 active), Execution time: mean = 0.01ms, total = 0.01ms, Queueing time: mean = 0.00ms, max = 0.00ms, min = 0.00ms, total = 0.00ms

-----------------
Task Event stats:

IO Service Stats:

Global stats: 721 total (1 active)
Queueing time: mean = 0.02ms, max = 0.06ms, min = 0.01ms, total = 16.82ms
Execution time:  mean = 0.01ms, total = 7.87ms
Event stats:
	CoreWorker.deadline_timer.flush_task_events - 720 total (1 active), Execution time: mean = 0.01ms, total = 7.84ms, Queueing time: mean = 0.02ms, max = 0.06ms, min = 0.01ms, total = 16.81ms
	PeriodicalRunner.RunFnPeriodically - 1 total (0 active), Execution time: mean = 0.03ms, total = 0.03ms, Queueing time: mean = 0.01ms, max = 0.01ms, min = 0.01ms, total = 0.01ms
Other Stats:
	gcs_grpc_in_progress:0
	event_aggregator_grpc_in_progress:0
	current number of task status events in buffer: 0
	current number of profile events in buffer: 0
	current number of dropped task attempts tracked: 0
	total task events sent: 0 MiB
	total number of task attempts sent: 0
	total number of task attempts dropped reported: 0
	total number of sent failure: 0
	num status task events dropped: 0
	num profile task events dropped: 0
	num ray task events reported to aggregator: 0
	num ray task events failed to report to aggregator: 0
	num of task attempts dropped reported to aggregator: 0
	num of failed requests to aggregator: 0

[2026-09-04 01:29:41,552 I 1557 2275] core_worker.cc:498: Event stats:


Global stats: 10503 total (8 active)
Queueing time: mean = 0.02ms, max = 0.23ms, min = -0.01ms, total = 189.94ms
Execution time:  mean = 0.00ms, total = 48.41ms
Event stats:
	CoreWorker.RecoverObjects - 7799 total (1 active), Execution time: mean = 0.00ms, total = 16.68ms, Queueing time: mean = 0.02ms, max = 0.11ms, min = -0.01ms, total = 135.18ms
	CoreWorker.InternalHeartbeat - 780 total (1 active), Execution time: mean = 0.00ms, total = 2.86ms, Queueing time: mean = 0.02ms, max = 0.09ms, min = 0.00ms, total = 17.27ms
	CoreWorker.ExitIfParentRayletDies - 780 total (1 active), Execution time: mean = 0.01ms, total = 6.56ms, Queueing time: mean = 0.02ms, max = 0.08ms, min = 0.00ms, total = 13.91ms
	CoreWorker.ReportWorkerBacklog - 780 total (1 active), Execution time: mean = 0.00ms, total = 3.74ms, Queueing time: mean = 0.02ms, max = 0.08ms, min = 0.00ms, total = 16.43ms
	CoreWorker.RecordMetrics - 156 total (1 active), Execution time: mean = 0.03ms, total = 4.80ms, Queueing time: mean = 0.01ms, max = 0.06ms, min = 0.00ms, total = 2.29ms
	CoreWorker.TryDelPendingObjectRefStreams - 78 total (1 active), Execution time: mean = 0.00ms, total = 0.23ms, Queueing time: mean = 0.04ms, max = 0.23ms, min = 0.00ms, total = 2.75ms
	CoreWorkerService.grpc_server.GetCoreWorkerStats.HandleRequestImpl - 52 total (0 active), Execution time: mean = 0.03ms, total = 1.41ms, Queueing time: mean = 0.02ms, max = 0.04ms, min = 0.01ms, total = 1.04ms
	CoreWorkerService.grpc_server.GetCoreWorkerStats - 52 total (0 active), Execution time: mean = 0.17ms, total = 8.77ms, Queueing time: mean = 0.00ms, max = -0.00ms, min = 9223372036854.78ms, total = 0.00ms
	CoreWorker.PrintEventStats - 13 total (1 active, 1 running), Execution time: mean = 0.21ms, total = 2.68ms, Queueing time: mean = 0.01ms, max = 0.03ms, min = 0.01ms, total = 0.19ms
	PeriodicalRunner.RunFnPeriodically - 8 total (0 active), Execution time: mean = 0.02ms, total = 0.19ms, Queueing time: mean = 0.11ms, max = 0.18ms, min = 0.00ms, total = 0.85ms
	Publisher.CheckDeadSubscribers - 3 total (1 active), Execution time: mean = 0.00ms, total = 0.00ms, Queueing time: mean = 0.01ms, max = 0.01ms, min = 0.01ms, total = 0.02ms
	ray::rpc::WorkerInfoGcsService.grpc_client.AddWorkerInfo - 1 total (0 active), Execution time: mean = 0.45ms, total = 0.45ms, Queueing time: mean = 0.00ms, max = -0.00ms, min = 9223372036854.78ms, total = 0.00ms
	ray::rpc::WorkerInfoGcsService.grpc_client.AddWorkerInfo.OnReplyReceived - 1 total (0 active), Execution time: mean = 0.04ms, total = 0.04ms, Queueing time: mean = 0.01ms, max = 0.01ms, min = 0.01ms, total = 0.01ms

-----------------
Task execution event stats:

Global stats: 77888 total (1 active)
Queueing time: mean = 0.01ms, max = 1.20ms, min = -0.03ms, total = 1038.27ms
Execution time:  mean = 0.00ms, total = 144.21ms
Event stats:
	CoreWorker.CheckSignal - 77887 total (1 active), Execution time: mean = 0.00ms, total = 144.20ms, Queueing time: mean = 0.01ms, max = 1.20ms, min = -0.03ms, total = 1038.27ms
	PeriodicalRunner.RunFnPeriodically - 1 total (0 active), Execution time: mean = 0.01ms, total = 0.01ms, Queueing time: mean = 0.00ms, max = 0.00ms, min = 0.00ms, total = 0.00ms

-----------------
Task Event stats:

IO Service Stats:

Global stats: 781 total (1 active)
Queueing time: mean = 0.02ms, max = 0.06ms, min = 0.01ms, total = 18.00ms
Execution time:  mean = 0.01ms, total = 8.54ms
Event stats:
	CoreWorker.deadline_timer.flush_task_events - 780 total (1 active), Execution time: mean = 0.01ms, total = 8.51ms, Queueing time: mean = 0.02ms, max = 0.06ms, min = 0.01ms, total = 17.99ms
	PeriodicalRunner.RunFnPeriodically - 1 total (0 active), Execution time: mean = 0.03ms, total = 0.03ms, Queueing time: mean = 0.01ms, max = 0.01ms, min = 0.01ms, total = 0.01ms
Other Stats:
	gcs_grpc_in_progress:0
	event_aggregator_grpc_in_progress:0
	current number of task status events in buffer: 0
	current number of profile events in buffer: 0
	current number of dropped task attempts tracked: 0
	total task events sent: 0 MiB
	total number of task attempts sent: 0
	total number of task attempts dropped reported: 0
	total number of sent failure: 0
	num status task events dropped: 0
	num profile task events dropped: 0
	num ray task events reported to aggregator: 0
	num ray task events failed to report to aggregator: 0
	num of task attempts dropped reported to aggregator: 0
	num of failed requests to aggregator: 0

[2026-09-04 01:30:41,552 I 1557 2275] core_worker.cc:498: Event stats:


Global stats: 11310 total (8 active)
Queueing time: mean = 0.02ms, max = 0.23ms, min = -0.01ms, total = 205.13ms
Execution time:  mean = 0.00ms, total = 52.16ms
Event stats:
	CoreWorker.RecoverObjects - 8399 total (1 active), Execution time: mean = 0.00ms, total = 17.95ms, Queueing time: mean = 0.02ms, max = 0.11ms, min = -0.01ms, total = 146.17ms
	CoreWorker.InternalHeartbeat - 840 total (1 active), Execution time: mean = 0.00ms, total = 3.12ms, Queueing time: mean = 0.02ms, max = 0.09ms, min = 0.00ms, total = 18.57ms
	CoreWorker.ExitIfParentRayletDies - 840 total (1 active), Execution time: mean = 0.01ms, total = 7.01ms, Queueing time: mean = 0.02ms, max = 0.08ms, min = 0.00ms, total = 15.03ms
	CoreWorker.ReportWorkerBacklog - 840 total (1 active), Execution time: mean = 0.00ms, total = 4.04ms, Queueing time: mean = 0.02ms, max = 0.08ms, min = 0.00ms, total = 17.70ms
	CoreWorker.RecordMetrics - 168 total (1 active), Execution time: mean = 0.03ms, total = 5.20ms, Queueing time: mean = 0.01ms, max = 0.06ms, min = 0.00ms, total = 2.47ms
	CoreWorker.TryDelPendingObjectRefStreams - 84 total (1 active), Execution time: mean = 0.00ms, total = 0.24ms, Queueing time: mean = 0.04ms, max = 0.23ms, min = 0.00ms, total = 2.96ms
	CoreWorkerService.grpc_server.GetCoreWorkerStats.HandleRequestImpl - 56 total (0 active), Execution time: mean = 0.03ms, total = 1.55ms, Queueing time: mean = 0.02ms, max = 0.04ms, min = 0.01ms, total = 1.15ms
	CoreWorkerService.grpc_server.GetCoreWorkerStats - 56 total (0 active), Execution time: mean = 0.17ms, total = 9.47ms, Queueing time: mean = 0.00ms, max = -0.00ms, min = 9223372036854.78ms, total = 0.00ms
	CoreWorker.PrintEventStats - 14 total (1 active, 1 running), Execution time: mean = 0.21ms, total = 2.90ms, Queueing time: mean = 0.01ms, max = 0.03ms, min = 0.01ms, total = 0.20ms
	PeriodicalRunner.RunFnPeriodically - 8 total (0 active), Execution time: mean = 0.02ms, total = 0.19ms, Queueing time: mean = 0.11ms, max = 0.18ms, min = 0.00ms, total = 0.85ms
	Publisher.CheckDeadSubscribers - 3 total (1 active), Execution time: mean = 0.00ms, total = 0.00ms, Queueing time: mean = 0.01ms, max = 0.01ms, min = 0.01ms, total = 0.02ms
	ray::rpc::WorkerInfoGcsService.grpc_client.AddWorkerInfo - 1 total (0 active), Execution time: mean = 0.45ms, total = 0.45ms, Queueing time: mean = 0.00ms, max = -0.00ms, min = 9223372036854.78ms, total = 0.00ms
	ray::rpc::WorkerInfoGcsService.grpc_client.AddWorkerInfo.OnReplyReceived - 1 total (0 active), Execution time: mean = 0.04ms, total = 0.04ms, Queueing time: mean = 0.01ms, max = 0.01ms, min = 0.01ms, total = 0.01ms

-----------------
Task execution event stats:

Global stats: 83880 total (1 active)
Queueing time: mean = 0.01ms, max = 1.20ms, min = -0.03ms, total = 1121.58ms
Execution time:  mean = 0.00ms, total = 154.17ms
Event stats:
	CoreWorker.CheckSignal - 83879 total (1 active), Execution time: mean = 0.00ms, total = 154.17ms, Queueing time: mean = 0.01ms, max = 1.20ms, min = -0.03ms, total = 1121.58ms
	PeriodicalRunner.RunFnPeriodically - 1 total (0 active), Execution time: mean = 0.01ms, total = 0.01ms, Queueing time: mean = 0.00ms, max = 0.00ms, min = 0.00ms, total = 0.00ms

-----------------
Task Event stats:

IO Service Stats:

Global stats: 841 total (1 active)
Queueing time: mean = 0.02ms, max = 0.06ms, min = 0.01ms, total = 19.09ms
Execution time:  mean = 0.01ms, total = 9.02ms
Event stats:
	CoreWorker.deadline_timer.flush_task_events - 840 total (1 active), Execution time: mean = 0.01ms, total = 8.99ms, Queueing time: mean = 0.02ms, max = 0.06ms, min = 0.01ms, total = 19.09ms
	PeriodicalRunner.RunFnPeriodically - 1 total (0 active), Execution time: mean = 0.03ms, total = 0.03ms, Queueing time: mean = 0.01ms, max = 0.01ms, min = 0.01ms, total = 0.01ms
Other Stats:
	gcs_grpc_in_progress:0
	event_aggregator_grpc_in_progress:0
	current number of task status events in buffer: 0
	current number of profile events in buffer: 0
	current number of dropped task attempts tracked: 0
	total task events sent: 0 MiB
	total number of task attempts sent: 0
	total number of task attempts dropped reported: 0
	total number of sent failure: 0
	num status task events dropped: 0
	num profile task events dropped: 0
	num ray task events reported to aggregator: 0
	num ray task events failed to report to aggregator: 0
	num of task attempts dropped reported to aggregator: 0
	num of failed requests to aggregator: 0

[2026-09-04 01:31:41,552 I 1557 2275] core_worker.cc:498: Event stats:


Global stats: 12118 total (8 active)
Queueing time: mean = 0.02ms, max = 0.23ms, min = -0.01ms, total = 221.23ms
Execution time:  mean = 0.00ms, total = 56.32ms
Event stats:
	CoreWorker.RecoverObjects - 8999 total (1 active), Execution time: mean = 0.00ms, total = 19.47ms, Queueing time: mean = 0.02ms, max = 0.11ms, min = -0.01ms, total = 157.94ms
	CoreWorker.InternalHeartbeat - 900 total (1 active), Execution time: mean = 0.00ms, total = 3.36ms, Queueing time: mean = 0.02ms, max = 0.09ms, min = 0.00ms, total = 19.91ms
	CoreWorker.ExitIfParentRayletDies - 900 total (1 active), Execution time: mean = 0.01ms, total = 7.53ms, Queueing time: mean = 0.02ms, max = 0.08ms, min = 0.00ms, total = 16.11ms
	CoreWorker.ReportWorkerBacklog - 900 total (1 active), Execution time: mean = 0.00ms, total = 4.33ms, Queueing time: mean = 0.02ms, max = 0.08ms, min = 0.00ms, total = 18.99ms
	CoreWorker.RecordMetrics - 180 total (1 active), Execution time: mean = 0.03ms, total = 5.59ms, Queueing time: mean = 0.01ms, max = 0.06ms, min = 0.00ms, total = 2.64ms
	CoreWorker.TryDelPendingObjectRefStreams - 90 total (1 active), Execution time: mean = 0.00ms, total = 0.26ms, Queueing time: mean = 0.04ms, max = 0.23ms, min = 0.00ms, total = 3.25ms
	CoreWorkerService.grpc_server.GetCoreWorkerStats.HandleRequestImpl - 60 total (0 active), Execution time: mean = 0.03ms, total = 1.69ms, Queueing time: mean = 0.02ms, max = 0.04ms, min = 0.01ms, total = 1.24ms
	CoreWorkerService.grpc_server.GetCoreWorkerStats - 60 total (0 active), Execution time: mean = 0.17ms, total = 10.23ms, Queueing time: mean = 0.00ms, max = -0.00ms, min = 9223372036854.78ms, total = 0.00ms
	CoreWorker.PrintEventStats - 15 total (1 active, 1 running), Execution time: mean = 0.21ms, total = 3.17ms, Queueing time: mean = 0.02ms, max = 0.04ms, min = 0.01ms, total = 0.24ms
	PeriodicalRunner.RunFnPeriodically - 8 total (0 active), Execution time: mean = 0.02ms, total = 0.19ms, Queueing time: mean = 0.11ms, max = 0.18ms, min = 0.00ms, total = 0.85ms
	Publisher.CheckDeadSubscribers - 4 total (1 active), Execution time: mean = 0.00ms, total = 0.01ms, Queueing time: mean = 0.01ms, max = 0.03ms, min = 0.01ms, total = 0.05ms
	ray::rpc::WorkerInfoGcsService.grpc_client.AddWorkerInfo - 1 total (0 active), Execution time: mean = 0.45ms, total = 0.45ms, Queueing time: mean = 0.00ms, max = -0.00ms, min = 9223372036854.78ms, total = 0.00ms
	ray::rpc::WorkerInfoGcsService.grpc_client.AddWorkerInfo.OnReplyReceived - 1 total (0 active), Execution time: mean = 0.04ms, total = 0.04ms, Queueing time: mean = 0.01ms, max = 0.01ms, min = 0.01ms, total = 0.01ms

-----------------
Task execution event stats:

Global stats: 89871 total (1 active)
Queueing time: mean = 0.01ms, max = 4.68ms, min = -0.03ms, total = 1198.56ms
Execution time:  mean = 0.00ms, total = 164.15ms
Event stats:
	CoreWorker.CheckSignal - 89870 total (1 active), Execution time: mean = 0.00ms, total = 164.14ms, Queueing time: mean = 0.01ms, max = 4.68ms, min = -0.03ms, total = 1198.56ms
	PeriodicalRunner.RunFnPeriodically - 1 total (0 active), Execution time: mean = 0.01ms, total = 0.01ms, Queueing time: mean = 0.00ms, max = 0.00ms, min = 0.00ms, total = 0.00ms

-----------------
Task Event stats:

IO Service Stats:

Global stats: 901 total (1 active)
Queueing time: mean = 0.02ms, max = 0.06ms, min = 0.01ms, total = 20.42ms
Execution time:  mean = 0.01ms, total = 9.60ms
Event stats:
	CoreWorker.deadline_timer.flush_task_events - 900 total (1 active), Execution time: mean = 0.01ms, total = 9.57ms, Queueing time: mean = 0.02ms, max = 0.06ms, min = 0.01ms, total = 20.41ms
	PeriodicalRunner.RunFnPeriodically - 1 total (0 active), Execution time: mean = 0.03ms, total = 0.03ms, Queueing time: mean = 0.01ms, max = 0.01ms, min = 0.01ms, total = 0.01ms
Other Stats:
	gcs_grpc_in_progress:0
	event_aggregator_grpc_in_progress:0
	current number of task status events in buffer: 0
	current number of profile events in buffer: 0
	current number of dropped task attempts tracked: 0
	total task events sent: 0 MiB
	total number of task attempts sent: 0
	total number of task attempts dropped reported: 0
	total number of sent failure: 0
	num status task events dropped: 0
	num profile task events dropped: 0
	num ray task events reported to aggregator: 0
	num ray task events failed to report to aggregator: 0
	num of task attempts dropped reported to aggregator: 0
	num of failed requests to aggregator: 0

