[2026-09-04 01:16:41,671 I 1596 1596] core_worker_process.cc:868: Constructing CoreWorkerProcess. pid: 1596
[2026-09-04 01:16:41,673 I 1596 1596] event.cc:499: Ray Event initialized for CORE_WORKER
[2026-09-04 01:16:41,673 I 1596 1596] event.cc:499: Ray Event initialized for EXPORT_TASK
[2026-09-04 01:16:41,673 I 1596 1596] event.cc:332: Set ray event level to warning
[2026-09-04 01:16:41,675 I 1596 1596] grpc_server.cc:144: worker server started, listening on port 20058.
[2026-09-04 01:16:41,675 I 1596 1596] core_worker_process.cc:299: Initializing worker at address: 10.244.18.139:20058 worker_id=b56fcb43757cfd01e71caea3856c9dc2789d1f3863e536bfcdac01c7 node_id=7ec92c2f54084c82224aaf290ba4b064a6946ba02865d6eabbdaa50f
[2026-09-04 01:16:41,675 I 1596 1596] task_event_buffer.cc:535: Reporting task events to GCS every 1000ms.
[2026-09-04 01:16:41,676 I 1596 1596] core_worker.cc:568: Adjusted worker niceness to 15
[2026-09-04 01:16:41,676 I 1596 4615] core_worker.cc:498: Event stats:


Global stats: 11 total (9 active)
Queueing time: mean = 0.00ms, max = 0.01ms, min = 0.01ms, total = 0.02ms
Execution time:  mean = 0.00ms, total = 0.02ms
Event stats:
	PeriodicalRunner.RunFnPeriodically - 8 total (6 active, 1 running), Execution time: mean = 0.00ms, total = 0.02ms, Queueing time: mean = 0.00ms, max = 0.01ms, min = 0.01ms, total = 0.02ms
	Publisher.CheckDeadSubscribers - 1 total (1 active), Execution time: mean = 0.00ms, total = 0.00ms, Queueing time: mean = 0.00ms, max = -0.00ms, min = 9223372036854.78ms, total = 0.00ms
	CoreWorker.ExitIfParentRayletDies - 1 total (1 active), Execution time: mean = 0.00ms, total = 0.00ms, Queueing time: mean = 0.00ms, max = -0.00ms, min = 9223372036854.78ms, total = 0.00ms
	ray::rpc::WorkerInfoGcsService.grpc_client.AddWorkerInfo - 1 total (1 active), Execution time: mean = 0.00ms, total = 0.00ms, Queueing time: mean = 0.00ms, max = -0.00ms, min = 9223372036854.78ms, total = 0.00ms

-----------------
Task execution event stats:

Global stats: 0 total (0 active)
Queueing time: mean = -nanms, max = -0.00ms, min = 9223372036854.78ms, total = 0.00ms
Execution time:  mean = -nanms, total = 0.00ms
Event stats:

-----------------
Task Event stats:

IO Service Stats:

Global stats: 2 total (1 active)
Queueing time: mean = 0.00ms, max = 0.01ms, min = 0.01ms, total = 0.01ms
Execution time:  mean = 0.02ms, total = 0.03ms
Event stats:
	PeriodicalRunner.RunFnPeriodically - 1 total (0 active), Execution time: mean = 0.03ms, total = 0.03ms, Queueing time: mean = 0.01ms, max = 0.01ms, min = 0.01ms, total = 0.01ms
	CoreWorker.deadline_timer.flush_task_events - 1 total (1 active), Execution time: mean = 0.00ms, total = 0.00ms, Queueing time: mean = 0.00ms, max = -0.00ms, min = 9223372036854.78ms, total = 0.00ms
Other Stats:
	gcs_grpc_in_progress:0
	event_aggregator_grpc_in_progress:0
	current number of task status events in buffer: 0
	current number of profile events in buffer: 0
	current number of dropped task attempts tracked: 0
	total task events sent: 0 MiB
	total number of task attempts sent: 0
	total number of task attempts dropped reported: 0
	total number of sent failure: 0
	num status task events dropped: 0
	num profile task events dropped: 0
	num ray task events reported to aggregator: 0
	num ray task events failed to report to aggregator: 0
	num of task attempts dropped reported to aggregator: 0
	num of failed requests to aggregator: 0

[2026-09-04 01:17:41,676 I 1596 4615] core_worker.cc:498: Event stats:


Global stats: 818 total (8 active)
Queueing time: mean = 0.01ms, max = 0.10ms, min = 0.00ms, total = 12.00ms
Execution time:  mean = 0.00ms, total = 3.62ms
Event stats:
	CoreWorker.RecoverObjects - 600 total (1 active), Execution time: mean = 0.00ms, total = 1.22ms, Queueing time: mean = 0.02ms, max = 0.06ms, min = 0.00ms, total = 9.02ms
	CoreWorker.InternalHeartbeat - 60 total (1 active), Execution time: mean = 0.00ms, total = 0.19ms, Queueing time: mean = 0.01ms, max = 0.04ms, min = 0.00ms, total = 0.78ms
	CoreWorker.ExitIfParentRayletDies - 60 total (1 active), Execution time: mean = 0.01ms, total = 0.31ms, Queueing time: mean = 0.01ms, max = 0.03ms, min = 0.00ms, total = 0.73ms
	CoreWorker.ReportWorkerBacklog - 60 total (1 active), Execution time: mean = 0.00ms, total = 0.19ms, Queueing time: mean = 0.01ms, max = 0.04ms, min = 0.00ms, total = 0.77ms
	CoreWorker.RecordMetrics - 12 total (1 active), Execution time: mean = 0.02ms, total = 0.27ms, Queueing time: mean = 0.01ms, max = 0.02ms, min = 0.00ms, total = 0.10ms
	PeriodicalRunner.RunFnPeriodically - 8 total (0 active), Execution time: mean = 0.01ms, total = 0.11ms, Queueing time: mean = 0.06ms, max = 0.10ms, min = 0.01ms, total = 0.48ms
	CoreWorker.TryDelPendingObjectRefStreams - 6 total (1 active), Execution time: mean = 0.00ms, total = 0.01ms, Queueing time: mean = 0.01ms, max = 0.02ms, min = 0.01ms, total = 0.06ms
	CoreWorkerService.grpc_server.GetCoreWorkerStats - 4 total (0 active), Execution time: mean = 0.16ms, total = 0.64ms, Queueing time: mean = 0.00ms, max = -0.00ms, min = 9223372036854.78ms, total = 0.00ms
	CoreWorkerService.grpc_server.GetCoreWorkerStats.HandleRequestImpl - 4 total (0 active), Execution time: mean = 0.06ms, total = 0.23ms, Queueing time: mean = 0.01ms, max = 0.02ms, min = 0.01ms, total = 0.06ms
	CoreWorker.PrintEventStats - 1 total (1 active, 1 running), Execution time: mean = 0.00ms, total = 0.00ms, Queueing time: mean = 0.00ms, max = -0.00ms, min = 9223372036854.78ms, total = 0.00ms
	ray::rpc::WorkerInfoGcsService.grpc_client.AddWorkerInfo.OnReplyReceived - 1 total (0 active), Execution time: mean = 0.04ms, total = 0.04ms, Queueing time: mean = 0.01ms, max = 0.01ms, min = 0.01ms, total = 0.01ms
	ray::rpc::WorkerInfoGcsService.grpc_client.AddWorkerInfo - 1 total (0 active), Execution time: mean = 0.41ms, total = 0.41ms, Queueing time: mean = 0.00ms, max = -0.00ms, min = 9223372036854.78ms, total = 0.00ms
	Publisher.CheckDeadSubscribers - 1 total (1 active), Execution time: mean = 0.00ms, total = 0.00ms, Queueing time: mean = 0.00ms, max = -0.00ms, min = 9223372036854.78ms, total = 0.00ms

-----------------
Task execution event stats:

Global stats: 5993 total (1 active)
Queueing time: mean = 0.01ms, max = 0.44ms, min = 0.00ms, total = 75.29ms
Execution time:  mean = 0.00ms, total = 11.99ms
Event stats:
	CoreWorker.CheckSignal - 5992 total (1 active), Execution time: mean = 0.00ms, total = 11.98ms, Queueing time: mean = 0.01ms, max = 0.44ms, min = 0.00ms, total = 75.29ms
	PeriodicalRunner.RunFnPeriodically - 1 total (0 active), Execution time: mean = 0.01ms, total = 0.01ms, Queueing time: mean = 0.00ms, max = 0.00ms, min = 0.00ms, total = 0.00ms

-----------------
Task Event stats:

IO Service Stats:

Global stats: 61 total (1 active)
Queueing time: mean = 0.02ms, max = 0.04ms, min = -0.01ms, total = 1.29ms
Execution time:  mean = 0.01ms, total = 0.63ms
Event stats:
	CoreWorker.deadline_timer.flush_task_events - 60 total (1 active), Execution time: mean = 0.01ms, total = 0.60ms, Queueing time: mean = 0.02ms, max = 0.04ms, min = -0.01ms, total = 1.29ms
	PeriodicalRunner.RunFnPeriodically - 1 total (0 active), Execution time: mean = 0.03ms, total = 0.03ms, Queueing time: mean = 0.01ms, max = 0.01ms, min = 0.01ms, total = 0.01ms
Other Stats:
	gcs_grpc_in_progress:0
	event_aggregator_grpc_in_progress:0
	current number of task status events in buffer: 0
	current number of profile events in buffer: 0
	current number of dropped task attempts tracked: 0
	total task events sent: 0 MiB
	total number of task attempts sent: 0
	total number of task attempts dropped reported: 0
	total number of sent failure: 0
	num status task events dropped: 0
	num profile task events dropped: 0
	num ray task events reported to aggregator: 0
	num ray task events failed to report to aggregator: 0
	num of task attempts dropped reported to aggregator: 0
	num of failed requests to aggregator: 0

[2026-09-04 01:18:41,677 I 1596 4615] core_worker.cc:498: Event stats:


Global stats: 1625 total (8 active)
Queueing time: mean = 0.02ms, max = 0.25ms, min = 0.00ms, total = 27.82ms
Execution time:  mean = 0.00ms, total = 7.56ms
Event stats:
	CoreWorker.RecoverObjects - 1200 total (1 active), Execution time: mean = 0.00ms, total = 2.87ms, Queueing time: mean = 0.02ms, max = 0.08ms, min = 0.00ms, total = 20.53ms
	CoreWorker.InternalHeartbeat - 120 total (1 active), Execution time: mean = 0.00ms, total = 0.39ms, Queueing time: mean = 0.02ms, max = 0.07ms, min = 0.00ms, total = 2.10ms
	CoreWorker.ExitIfParentRayletDies - 120 total (1 active), Execution time: mean = 0.01ms, total = 0.74ms, Queueing time: mean = 0.02ms, max = 0.04ms, min = 0.00ms, total = 1.88ms
	CoreWorker.ReportWorkerBacklog - 120 total (1 active), Execution time: mean = 0.00ms, total = 0.44ms, Queueing time: mean = 0.02ms, max = 0.07ms, min = 0.00ms, total = 2.05ms
	CoreWorker.RecordMetrics - 24 total (1 active), Execution time: mean = 0.02ms, total = 0.60ms, Queueing time: mean = 0.01ms, max = 0.03ms, min = 0.00ms, total = 0.26ms
	CoreWorker.TryDelPendingObjectRefStreams - 12 total (1 active), Execution time: mean = 0.00ms, total = 0.02ms, Queueing time: mean = 0.03ms, max = 0.25ms, min = 0.01ms, total = 0.36ms
	PeriodicalRunner.RunFnPeriodically - 8 total (0 active), Execution time: mean = 0.01ms, total = 0.11ms, Queueing time: mean = 0.06ms, max = 0.10ms, min = 0.01ms, total = 0.48ms
	CoreWorkerService.grpc_server.GetCoreWorkerStats - 8 total (0 active), Execution time: mean = 0.16ms, total = 1.27ms, Queueing time: mean = 0.00ms, max = -0.00ms, min = 9223372036854.78ms, total = 0.00ms
	CoreWorkerService.grpc_server.GetCoreWorkerStats.HandleRequestImpl - 8 total (0 active), Execution time: mean = 0.04ms, total = 0.35ms, Queueing time: mean = 0.02ms, max = 0.02ms, min = 0.01ms, total = 0.13ms
	CoreWorker.PrintEventStats - 2 total (1 active, 1 running), Execution time: mean = 0.16ms, total = 0.32ms, Queueing time: mean = 0.01ms, max = 0.02ms, min = 0.02ms, total = 0.02ms
	ray::rpc::WorkerInfoGcsService.grpc_client.AddWorkerInfo.OnReplyReceived - 1 total (0 active), Execution time: mean = 0.04ms, total = 0.04ms, Queueing time: mean = 0.01ms, max = 0.01ms, min = 0.01ms, total = 0.01ms
	ray::rpc::WorkerInfoGcsService.grpc_client.AddWorkerInfo - 1 total (0 active), Execution time: mean = 0.41ms, total = 0.41ms, Queueing time: mean = 0.00ms, max = -0.00ms, min = 9223372036854.78ms, total = 0.00ms
	Publisher.CheckDeadSubscribers - 1 total (1 active), Execution time: mean = 0.00ms, total = 0.00ms, Queueing time: mean = 0.00ms, max = -0.00ms, min = 9223372036854.78ms, total = 0.00ms

-----------------
Task execution event stats:

Global stats: 11982 total (1 active)
Queueing time: mean = 0.01ms, max = 0.65ms, min = -0.02ms, total = 177.83ms
Execution time:  mean = 0.00ms, total = 27.29ms
Event stats:
	CoreWorker.CheckSignal - 11981 total (1 active), Execution time: mean = 0.00ms, total = 27.29ms, Queueing time: mean = 0.01ms, max = 0.65ms, min = -0.02ms, total = 177.83ms
	PeriodicalRunner.RunFnPeriodically - 1 total (0 active), Execution time: mean = 0.01ms, total = 0.01ms, Queueing time: mean = 0.00ms, max = 0.00ms, min = 0.00ms, total = 0.00ms

-----------------
Task Event stats:

IO Service Stats:

Global stats: 121 total (1 active)
Queueing time: mean = 0.02ms, max = 0.05ms, min = -0.01ms, total = 2.86ms
Execution time:  mean = 0.01ms, total = 1.34ms
Event stats:
	CoreWorker.deadline_timer.flush_task_events - 120 total (1 active), Execution time: mean = 0.01ms, total = 1.31ms, Queueing time: mean = 0.02ms, max = 0.05ms, min = -0.01ms, total = 2.85ms
	PeriodicalRunner.RunFnPeriodically - 1 total (0 active), Execution time: mean = 0.03ms, total = 0.03ms, Queueing time: mean = 0.01ms, max = 0.01ms, min = 0.01ms, total = 0.01ms
Other Stats:
	gcs_grpc_in_progress:0
	event_aggregator_grpc_in_progress:0
	current number of task status events in buffer: 0
	current number of profile events in buffer: 0
	current number of dropped task attempts tracked: 0
	total task events sent: 0 MiB
	total number of task attempts sent: 0
	total number of task attempts dropped reported: 0
	total number of sent failure: 0
	num status task events dropped: 0
	num profile task events dropped: 0
	num ray task events reported to aggregator: 0
	num ray task events failed to report to aggregator: 0
	num of task attempts dropped reported to aggregator: 0
	num of failed requests to aggregator: 0

[2026-09-04 01:19:41,677 I 1596 4615] core_worker.cc:498: Event stats:


Global stats: 2432 total (8 active)
Queueing time: mean = 0.02ms, max = 0.25ms, min = 0.00ms, total = 42.22ms
Execution time:  mean = 0.00ms, total = 11.19ms
Event stats:
	CoreWorker.RecoverObjects - 1800 total (1 active), Execution time: mean = 0.00ms, total = 4.48ms, Queueing time: mean = 0.02ms, max = 0.08ms, min = 0.00ms, total = 31.31ms
	CoreWorker.InternalHeartbeat - 180 total (1 active), Execution time: mean = 0.00ms, total = 0.58ms, Queueing time: mean = 0.02ms, max = 0.07ms, min = 0.00ms, total = 3.25ms
	CoreWorker.ExitIfParentRayletDies - 180 total (1 active), Execution time: mean = 0.01ms, total = 1.12ms, Queueing time: mean = 0.02ms, max = 0.06ms, min = 0.00ms, total = 2.85ms
	CoreWorker.ReportWorkerBacklog - 180 total (1 active), Execution time: mean = 0.00ms, total = 0.68ms, Queueing time: mean = 0.02ms, max = 0.07ms, min = 0.00ms, total = 3.14ms
	CoreWorker.RecordMetrics - 36 total (1 active), Execution time: mean = 0.03ms, total = 0.94ms, Queueing time: mean = 0.01ms, max = 0.03ms, min = 0.00ms, total = 0.38ms
	CoreWorker.TryDelPendingObjectRefStreams - 18 total (1 active), Execution time: mean = 0.00ms, total = 0.04ms, Queueing time: mean = 0.03ms, max = 0.25ms, min = 0.01ms, total = 0.58ms
	CoreWorkerService.grpc_server.GetCoreWorkerStats - 12 total (0 active), Execution time: mean = 0.15ms, total = 1.83ms, Queueing time: mean = 0.00ms, max = -0.00ms, min = 9223372036854.78ms, total = 0.00ms
	CoreWorkerService.grpc_server.GetCoreWorkerStats.HandleRequestImpl - 12 total (0 active), Execution time: mean = 0.04ms, total = 0.46ms, Queueing time: mean = 0.02ms, max = 0.02ms, min = 0.01ms, total = 0.19ms
	PeriodicalRunner.RunFnPeriodically - 8 total (0 active), Execution time: mean = 0.01ms, total = 0.11ms, Queueing time: mean = 0.06ms, max = 0.10ms, min = 0.01ms, total = 0.48ms
	CoreWorker.PrintEventStats - 3 total (1 active, 1 running), Execution time: mean = 0.17ms, total = 0.51ms, Queueing time: mean = 0.01ms, max = 0.02ms, min = 0.01ms, total = 0.03ms
	ray::rpc::WorkerInfoGcsService.grpc_client.AddWorkerInfo.OnReplyReceived - 1 total (0 active), Execution time: mean = 0.04ms, total = 0.04ms, Queueing time: mean = 0.01ms, max = 0.01ms, min = 0.01ms, total = 0.01ms
	ray::rpc::WorkerInfoGcsService.grpc_client.AddWorkerInfo - 1 total (0 active), Execution time: mean = 0.41ms, total = 0.41ms, Queueing time: mean = 0.00ms, max = -0.00ms, min = 9223372036854.78ms, total = 0.00ms
	Publisher.CheckDeadSubscribers - 1 total (1 active), Execution time: mean = 0.00ms, total = 0.00ms, Queueing time: mean = 0.00ms, max = -0.00ms, min = 9223372036854.78ms, total = 0.00ms

-----------------
Task execution event stats:

Global stats: 17973 total (1 active)
Queueing time: mean = 0.01ms, max = 0.65ms, min = -0.02ms, total = 260.68ms
Execution time:  mean = 0.00ms, total = 38.63ms
Event stats:
	CoreWorker.CheckSignal - 17972 total (1 active), Execution time: mean = 0.00ms, total = 38.62ms, Queueing time: mean = 0.01ms, max = 0.65ms, min = -0.02ms, total = 260.67ms
	PeriodicalRunner.RunFnPeriodically - 1 total (0 active), Execution time: mean = 0.01ms, total = 0.01ms, Queueing time: mean = 0.00ms, max = 0.00ms, min = 0.00ms, total = 0.00ms

-----------------
Task Event stats:

IO Service Stats:

Global stats: 181 total (1 active)
Queueing time: mean = 0.02ms, max = 0.06ms, min = -0.01ms, total = 4.27ms
Execution time:  mean = 0.01ms, total = 1.86ms
Event stats:
	CoreWorker.deadline_timer.flush_task_events - 180 total (1 active), Execution time: mean = 0.01ms, total = 1.83ms, Queueing time: mean = 0.02ms, max = 0.06ms, min = -0.01ms, total = 4.26ms
	PeriodicalRunner.RunFnPeriodically - 1 total (0 active), Execution time: mean = 0.03ms, total = 0.03ms, Queueing time: mean = 0.01ms, max = 0.01ms, min = 0.01ms, total = 0.01ms
Other Stats:
	gcs_grpc_in_progress:0
	event_aggregator_grpc_in_progress:0
	current number of task status events in buffer: 0
	current number of profile events in buffer: 0
	current number of dropped task attempts tracked: 0
	total task events sent: 0 MiB
	total number of task attempts sent: 0
	total number of task attempts dropped reported: 0
	total number of sent failure: 0
	num status task events dropped: 0
	num profile task events dropped: 0
	num ray task events reported to aggregator: 0
	num ray task events failed to report to aggregator: 0
	num of task attempts dropped reported to aggregator: 0
	num of failed requests to aggregator: 0

[2026-09-04 01:20:41,677 I 1596 4615] core_worker.cc:498: Event stats:


Global stats: 3239 total (8 active)
Queueing time: mean = 0.02ms, max = 0.25ms, min = 0.00ms, total = 57.85ms
Execution time:  mean = 0.00ms, total = 14.62ms
Event stats:
	CoreWorker.RecoverObjects - 2400 total (1 active), Execution time: mean = 0.00ms, total = 5.80ms, Queueing time: mean = 0.02ms, max = 0.08ms, min = 0.00ms, total = 42.87ms
	CoreWorker.InternalHeartbeat - 240 total (1 active), Execution time: mean = 0.00ms, total = 0.75ms, Queueing time: mean = 0.02ms, max = 0.07ms, min = 0.00ms, total = 4.58ms
	CoreWorker.ExitIfParentRayletDies - 240 total (1 active), Execution time: mean = 0.01ms, total = 1.45ms, Queueing time: mean = 0.02ms, max = 0.06ms, min = 0.00ms, total = 4.03ms
	CoreWorker.ReportWorkerBacklog - 240 total (1 active), Execution time: mean = 0.00ms, total = 0.93ms, Queueing time: mean = 0.02ms, max = 0.07ms, min = 0.00ms, total = 4.39ms
	CoreWorker.RecordMetrics - 48 total (1 active), Execution time: mean = 0.03ms, total = 1.21ms, Queueing time: mean = 0.01ms, max = 0.03ms, min = 0.00ms, total = 0.49ms
	CoreWorker.TryDelPendingObjectRefStreams - 24 total (1 active), Execution time: mean = 0.00ms, total = 0.05ms, Queueing time: mean = 0.03ms, max = 0.25ms, min = 0.01ms, total = 0.69ms
	CoreWorkerService.grpc_server.GetCoreWorkerStats - 16 total (0 active), Execution time: mean = 0.17ms, total = 2.65ms, Queueing time: mean = 0.00ms, max = -0.00ms, min = 9223372036854.78ms, total = 0.00ms
	CoreWorkerService.grpc_server.GetCoreWorkerStats.HandleRequestImpl - 16 total (0 active), Execution time: mean = 0.04ms, total = 0.57ms, Queueing time: mean = 0.02ms, max = 0.02ms, min = 0.01ms, total = 0.27ms
	PeriodicalRunner.RunFnPeriodically - 8 total (0 active), Execution time: mean = 0.01ms, total = 0.11ms, Queueing time: mean = 0.06ms, max = 0.10ms, min = 0.01ms, total = 0.48ms
	CoreWorker.PrintEventStats - 4 total (1 active, 1 running), Execution time: mean = 0.16ms, total = 0.65ms, Queueing time: mean = 0.01ms, max = 0.02ms, min = 0.01ms, total = 0.04ms
	ray::rpc::WorkerInfoGcsService.grpc_client.AddWorkerInfo.OnReplyReceived - 1 total (0 active), Execution time: mean = 0.04ms, total = 0.04ms, Queueing time: mean = 0.01ms, max = 0.01ms, min = 0.01ms, total = 0.01ms
	ray::rpc::WorkerInfoGcsService.grpc_client.AddWorkerInfo - 1 total (0 active), Execution time: mean = 0.41ms, total = 0.41ms, Queueing time: mean = 0.00ms, max = -0.00ms, min = 9223372036854.78ms, total = 0.00ms
	Publisher.CheckDeadSubscribers - 1 total (1 active), Execution time: mean = 0.00ms, total = 0.00ms, Queueing time: mean = 0.00ms, max = -0.00ms, min = 9223372036854.78ms, total = 0.00ms

-----------------
Task execution event stats:

Global stats: 23959 total (1 active)
Queueing time: mean = 0.02ms, max = 0.65ms, min = -0.02ms, total = 382.67ms
Execution time:  mean = 0.00ms, total = 58.66ms
Event stats:
	CoreWorker.CheckSignal - 23958 total (1 active), Execution time: mean = 0.00ms, total = 58.65ms, Queueing time: mean = 0.02ms, max = 0.65ms, min = -0.02ms, total = 382.67ms
	PeriodicalRunner.RunFnPeriodically - 1 total (0 active), Execution time: mean = 0.01ms, total = 0.01ms, Queueing time: mean = 0.00ms, max = 0.00ms, min = 0.00ms, total = 0.00ms

-----------------
Task Event stats:

IO Service Stats:

Global stats: 241 total (1 active)
Queueing time: mean = 0.02ms, max = 0.08ms, min = -0.01ms, total = 6.01ms
Execution time:  mean = 0.01ms, total = 2.54ms
Event stats:
	CoreWorker.deadline_timer.flush_task_events - 240 total (1 active), Execution time: mean = 0.01ms, total = 2.51ms, Queueing time: mean = 0.03ms, max = 0.08ms, min = -0.01ms, total = 6.01ms
	PeriodicalRunner.RunFnPeriodically - 1 total (0 active), Execution time: mean = 0.03ms, total = 0.03ms, Queueing time: mean = 0.01ms, max = 0.01ms, min = 0.01ms, total = 0.01ms
Other Stats:
	gcs_grpc_in_progress:0
	event_aggregator_grpc_in_progress:0
	current number of task status events in buffer: 0
	current number of profile events in buffer: 0
	current number of dropped task attempts tracked: 0
	total task events sent: 0 MiB
	total number of task attempts sent: 0
	total number of task attempts dropped reported: 0
	total number of sent failure: 0
	num status task events dropped: 0
	num profile task events dropped: 0
	num ray task events reported to aggregator: 0
	num ray task events failed to report to aggregator: 0
	num of task attempts dropped reported to aggregator: 0
	num of failed requests to aggregator: 0

[2026-09-04 01:21:41,677 I 1596 4615] core_worker.cc:498: Event stats:


Global stats: 4047 total (8 active)
Queueing time: mean = 0.02ms, max = 0.25ms, min = 0.00ms, total = 73.44ms
Execution time:  mean = 0.00ms, total = 18.18ms
Event stats:
	CoreWorker.RecoverObjects - 3000 total (1 active), Execution time: mean = 0.00ms, total = 7.31ms, Queueing time: mean = 0.02ms, max = 0.08ms, min = 0.00ms, total = 54.87ms
	CoreWorker.InternalHeartbeat - 300 total (1 active), Execution time: mean = 0.00ms, total = 0.94ms, Queueing time: mean = 0.02ms, max = 0.07ms, min = 0.00ms, total = 5.73ms
	CoreWorker.ExitIfParentRayletDies - 300 total (1 active), Execution time: mean = 0.01ms, total = 1.81ms, Queueing time: mean = 0.02ms, max = 0.06ms, min = 0.00ms, total = 5.02ms
	CoreWorker.ReportWorkerBacklog - 300 total (1 active), Execution time: mean = 0.00ms, total = 1.19ms, Queueing time: mean = 0.02ms, max = 0.07ms, min = 0.00ms, total = 5.47ms
	CoreWorker.RecordMetrics - 60 total (1 active), Execution time: mean = 0.02ms, total = 1.49ms, Queueing time: mean = 0.01ms, max = 0.03ms, min = 0.00ms, total = 0.61ms
	CoreWorker.TryDelPendingObjectRefStreams - 30 total (1 active), Execution time: mean = 0.00ms, total = 0.06ms, Queueing time: mean = 0.03ms, max = 0.25ms, min = 0.01ms, total = 0.84ms
	CoreWorkerService.grpc_server.GetCoreWorkerStats - 20 total (0 active), Execution time: mean = 0.17ms, total = 3.31ms, Queueing time: mean = 0.00ms, max = -0.00ms, min = 9223372036854.78ms, total = 0.00ms
	CoreWorkerService.grpc_server.GetCoreWorkerStats.HandleRequestImpl - 20 total (0 active), Execution time: mean = 0.04ms, total = 0.70ms, Queueing time: mean = 0.02ms, max = 0.03ms, min = 0.01ms, total = 0.35ms
	PeriodicalRunner.RunFnPeriodically - 8 total (0 active), Execution time: mean = 0.01ms, total = 0.11ms, Queueing time: mean = 0.06ms, max = 0.10ms, min = 0.01ms, total = 0.48ms
	CoreWorker.PrintEventStats - 5 total (1 active, 1 running), Execution time: mean = 0.16ms, total = 0.80ms, Queueing time: mean = 0.01ms, max = 0.02ms, min = 0.01ms, total = 0.05ms
	Publisher.CheckDeadSubscribers - 2 total (1 active), Execution time: mean = 0.00ms, total = 0.00ms, Queueing time: mean = 0.00ms, max = 0.00ms, min = 0.00ms, total = 0.00ms
	ray::rpc::WorkerInfoGcsService.grpc_client.AddWorkerInfo.OnReplyReceived - 1 total (0 active), Execution time: mean = 0.04ms, total = 0.04ms, Queueing time: mean = 0.01ms, max = 0.01ms, min = 0.01ms, total = 0.01ms
	ray::rpc::WorkerInfoGcsService.grpc_client.AddWorkerInfo - 1 total (0 active), Execution time: mean = 0.41ms, total = 0.41ms, Queueing time: mean = 0.00ms, max = -0.00ms, min = 9223372036854.78ms, total = 0.00ms

-----------------
Task execution event stats:

Global stats: 29948 total (1 active)
Queueing time: mean = 0.02ms, max = 0.65ms, min = -0.02ms, total = 485.33ms
Execution time:  mean = 0.00ms, total = 73.25ms
Event stats:
	CoreWorker.CheckSignal - 29947 total (1 active), Execution time: mean = 0.00ms, total = 73.24ms, Queueing time: mean = 0.02ms, max = 0.65ms, min = -0.02ms, total = 485.32ms
	PeriodicalRunner.RunFnPeriodically - 1 total (0 active), Execution time: mean = 0.01ms, total = 0.01ms, Queueing time: mean = 0.00ms, max = 0.00ms, min = 0.00ms, total = 0.00ms

-----------------
Task Event stats:

IO Service Stats:

Global stats: 301 total (1 active)
Queueing time: mean = 0.02ms, max = 0.08ms, min = -0.01ms, total = 7.52ms
Execution time:  mean = 0.01ms, total = 3.09ms
Event stats:
	CoreWorker.deadline_timer.flush_task_events - 300 total (1 active), Execution time: mean = 0.01ms, total = 3.06ms, Queueing time: mean = 0.03ms, max = 0.08ms, min = -0.01ms, total = 7.52ms
	PeriodicalRunner.RunFnPeriodically - 1 total (0 active), Execution time: mean = 0.03ms, total = 0.03ms, Queueing time: mean = 0.01ms, max = 0.01ms, min = 0.01ms, total = 0.01ms
Other Stats:
	gcs_grpc_in_progress:0
	event_aggregator_grpc_in_progress:0
	current number of task status events in buffer: 0
	current number of profile events in buffer: 0
	current number of dropped task attempts tracked: 0
	total task events sent: 0 MiB
	total number of task attempts sent: 0
	total number of task attempts dropped reported: 0
	total number of sent failure: 0
	num status task events dropped: 0
	num profile task events dropped: 0
	num ray task events reported to aggregator: 0
	num ray task events failed to report to aggregator: 0
	num of task attempts dropped reported to aggregator: 0
	num of failed requests to aggregator: 0

[2026-09-04 01:22:41,677 I 1596 4615] core_worker.cc:498: Event stats:


Global stats: 4854 total (8 active)
Queueing time: mean = 0.02ms, max = 0.25ms, min = 0.00ms, total = 85.39ms
Execution time:  mean = 0.00ms, total = 21.12ms
Event stats:
	CoreWorker.RecoverObjects - 3600 total (1 active), Execution time: mean = 0.00ms, total = 8.54ms, Queueing time: mean = 0.02ms, max = 0.08ms, min = 0.00ms, total = 63.99ms
	CoreWorker.InternalHeartbeat - 360 total (1 active), Execution time: mean = 0.00ms, total = 1.11ms, Queueing time: mean = 0.02ms, max = 0.07ms, min = 0.00ms, total = 6.62ms
	CoreWorker.ExitIfParentRayletDies - 360 total (1 active), Execution time: mean = 0.01ms, total = 2.09ms, Queueing time: mean = 0.02ms, max = 0.06ms, min = 0.00ms, total = 5.81ms
	CoreWorker.ReportWorkerBacklog - 360 total (1 active), Execution time: mean = 0.00ms, total = 1.43ms, Queueing time: mean = 0.02ms, max = 0.07ms, min = 0.00ms, total = 6.28ms
	CoreWorker.RecordMetrics - 72 total (1 active), Execution time: mean = 0.02ms, total = 1.75ms, Queueing time: mean = 0.01ms, max = 0.03ms, min = 0.00ms, total = 0.76ms
	CoreWorker.TryDelPendingObjectRefStreams - 36 total (1 active), Execution time: mean = 0.00ms, total = 0.07ms, Queueing time: mean = 0.03ms, max = 0.25ms, min = 0.00ms, total = 0.98ms
	CoreWorkerService.grpc_server.GetCoreWorkerStats - 24 total (0 active), Execution time: mean = 0.16ms, total = 3.84ms, Queueing time: mean = 0.00ms, max = -0.00ms, min = 9223372036854.78ms, total = 0.00ms
	CoreWorkerService.grpc_server.GetCoreWorkerStats.HandleRequestImpl - 24 total (0 active), Execution time: mean = 0.03ms, total = 0.80ms, Queueing time: mean = 0.02ms, max = 0.03ms, min = 0.01ms, total = 0.41ms
	PeriodicalRunner.RunFnPeriodically - 8 total (0 active), Execution time: mean = 0.01ms, total = 0.11ms, Queueing time: mean = 0.06ms, max = 0.10ms, min = 0.01ms, total = 0.48ms
	CoreWorker.PrintEventStats - 6 total (1 active, 1 running), Execution time: mean = 0.16ms, total = 0.94ms, Queueing time: mean = 0.01ms, max = 0.02ms, min = 0.01ms, total = 0.06ms
	Publisher.CheckDeadSubscribers - 2 total (1 active), Execution time: mean = 0.00ms, total = 0.00ms, Queueing time: mean = 0.00ms, max = 0.00ms, min = 0.00ms, total = 0.00ms
	ray::rpc::WorkerInfoGcsService.grpc_client.AddWorkerInfo.OnReplyReceived - 1 total (0 active), Execution time: mean = 0.04ms, total = 0.04ms, Queueing time: mean = 0.01ms, max = 0.01ms, min = 0.01ms, total = 0.01ms
	ray::rpc::WorkerInfoGcsService.grpc_client.AddWorkerInfo - 1 total (0 active), Execution time: mean = 0.41ms, total = 0.41ms, Queueing time: mean = 0.00ms, max = -0.00ms, min = 9223372036854.78ms, total = 0.00ms

-----------------
Task execution event stats:

Global stats: 35941 total (1 active)
Queueing time: mean = 0.02ms, max = 0.65ms, min = -0.02ms, total = 546.87ms
Execution time:  mean = 0.00ms, total = 81.15ms
Event stats:
	CoreWorker.CheckSignal - 35940 total (1 active), Execution time: mean = 0.00ms, total = 81.14ms, Queueing time: mean = 0.02ms, max = 0.65ms, min = -0.02ms, total = 546.87ms
	PeriodicalRunner.RunFnPeriodically - 1 total (0 active), Execution time: mean = 0.01ms, total = 0.01ms, Queueing time: mean = 0.00ms, max = 0.00ms, min = 0.00ms, total = 0.00ms

-----------------
Task Event stats:

IO Service Stats:

Global stats: 361 total (1 active)
Queueing time: mean = 0.02ms, max = 0.08ms, min = -0.01ms, total = 9.00ms
Execution time:  mean = 0.01ms, total = 3.63ms
Event stats:
	CoreWorker.deadline_timer.flush_task_events - 360 total (1 active), Execution time: mean = 0.01ms, total = 3.60ms, Queueing time: mean = 0.02ms, max = 0.08ms, min = -0.01ms, total = 8.99ms
	PeriodicalRunner.RunFnPeriodically - 1 total (0 active), Execution time: mean = 0.03ms, total = 0.03ms, Queueing time: mean = 0.01ms, max = 0.01ms, min = 0.01ms, total = 0.01ms
Other Stats:
	gcs_grpc_in_progress:0
	event_aggregator_grpc_in_progress:0
	current number of task status events in buffer: 0
	current number of profile events in buffer: 0
	current number of dropped task attempts tracked: 0
	total task events sent: 0 MiB
	total number of task attempts sent: 0
	total number of task attempts dropped reported: 0
	total number of sent failure: 0
	num status task events dropped: 0
	num profile task events dropped: 0
	num ray task events reported to aggregator: 0
	num ray task events failed to report to aggregator: 0
	num of task attempts dropped reported to aggregator: 0
	num of failed requests to aggregator: 0

[2026-09-04 01:23:41,677 I 1596 4615] core_worker.cc:498: Event stats:


Global stats: 5661 total (8 active)
Queueing time: mean = 0.02ms, max = 0.25ms, min = 0.00ms, total = 98.86ms
Execution time:  mean = 0.00ms, total = 24.22ms
Event stats:
	CoreWorker.RecoverObjects - 4200 total (1 active), Execution time: mean = 0.00ms, total = 9.65ms, Queueing time: mean = 0.02ms, max = 0.08ms, min = 0.00ms, total = 73.81ms
	CoreWorker.InternalHeartbeat - 420 total (1 active), Execution time: mean = 0.00ms, total = 1.30ms, Queueing time: mean = 0.02ms, max = 0.07ms, min = 0.00ms, total = 7.72ms
	CoreWorker.ExitIfParentRayletDies - 420 total (1 active), Execution time: mean = 0.01ms, total = 2.43ms, Queueing time: mean = 0.02ms, max = 0.06ms, min = 0.00ms, total = 6.76ms
	CoreWorker.ReportWorkerBacklog - 420 total (1 active), Execution time: mean = 0.00ms, total = 1.65ms, Queueing time: mean = 0.02ms, max = 0.07ms, min = 0.00ms, total = 7.36ms
	CoreWorker.RecordMetrics - 84 total (1 active), Execution time: mean = 0.02ms, total = 2.02ms, Queueing time: mean = 0.01ms, max = 0.03ms, min = 0.00ms, total = 0.91ms
	CoreWorker.TryDelPendingObjectRefStreams - 42 total (1 active), Execution time: mean = 0.00ms, total = 0.08ms, Queueing time: mean = 0.03ms, max = 0.25ms, min = 0.00ms, total = 1.24ms
	CoreWorkerService.grpc_server.GetCoreWorkerStats - 28 total (0 active), Execution time: mean = 0.16ms, total = 4.48ms, Queueing time: mean = 0.00ms, max = -0.00ms, min = 9223372036854.78ms, total = 0.00ms
	CoreWorkerService.grpc_server.GetCoreWorkerStats.HandleRequestImpl - 28 total (0 active), Execution time: mean = 0.03ms, total = 0.89ms, Queueing time: mean = 0.02ms, max = 0.03ms, min = 0.01ms, total = 0.49ms
	PeriodicalRunner.RunFnPeriodically - 8 total (0 active), Execution time: mean = 0.01ms, total = 0.11ms, Queueing time: mean = 0.06ms, max = 0.10ms, min = 0.01ms, total = 0.48ms
	CoreWorker.PrintEventStats - 7 total (1 active, 1 running), Execution time: mean = 0.17ms, total = 1.18ms, Queueing time: mean = 0.01ms, max = 0.03ms, min = 0.01ms, total = 0.09ms
	Publisher.CheckDeadSubscribers - 2 total (1 active), Execution time: mean = 0.00ms, total = 0.00ms, Queueing time: mean = 0.00ms, max = 0.00ms, min = 0.00ms, total = 0.00ms
	ray::rpc::WorkerInfoGcsService.grpc_client.AddWorkerInfo.OnReplyReceived - 1 total (0 active), Execution time: mean = 0.04ms, total = 0.04ms, Queueing time: mean = 0.01ms, max = 0.01ms, min = 0.01ms, total = 0.01ms
	ray::rpc::WorkerInfoGcsService.grpc_client.AddWorkerInfo - 1 total (0 active), Execution time: mean = 0.41ms, total = 0.41ms, Queueing time: mean = 0.00ms, max = -0.00ms, min = 9223372036854.78ms, total = 0.00ms

-----------------
Task execution event stats:

Global stats: 41934 total (1 active)
Queueing time: mean = 0.01ms, max = 0.65ms, min = -0.02ms, total = 614.81ms
Execution time:  mean = 0.00ms, total = 90.09ms
Event stats:
	CoreWorker.CheckSignal - 41933 total (1 active), Execution time: mean = 0.00ms, total = 90.08ms, Queueing time: mean = 0.01ms, max = 0.65ms, min = -0.02ms, total = 614.81ms
	PeriodicalRunner.RunFnPeriodically - 1 total (0 active), Execution time: mean = 0.01ms, total = 0.01ms, Queueing time: mean = 0.00ms, max = 0.00ms, min = 0.00ms, total = 0.00ms

-----------------
Task Event stats:

IO Service Stats:

Global stats: 421 total (1 active)
Queueing time: mean = 0.02ms, max = 0.08ms, min = -0.01ms, total = 10.43ms
Execution time:  mean = 0.01ms, total = 4.16ms
Event stats:
	CoreWorker.deadline_timer.flush_task_events - 420 total (1 active), Execution time: mean = 0.01ms, total = 4.13ms, Queueing time: mean = 0.02ms, max = 0.08ms, min = -0.01ms, total = 10.42ms
	PeriodicalRunner.RunFnPeriodically - 1 total (0 active), Execution time: mean = 0.03ms, total = 0.03ms, Queueing time: mean = 0.01ms, max = 0.01ms, min = 0.01ms, total = 0.01ms
Other Stats:
	gcs_grpc_in_progress:0
	event_aggregator_grpc_in_progress:0
	current number of task status events in buffer: 0
	current number of profile events in buffer: 0
	current number of dropped task attempts tracked: 0
	total task events sent: 0 MiB
	total number of task attempts sent: 0
	total number of task attempts dropped reported: 0
	total number of sent failure: 0
	num status task events dropped: 0
	num profile task events dropped: 0
	num ray task events reported to aggregator: 0
	num ray task events failed to report to aggregator: 0
	num of task attempts dropped reported to aggregator: 0
	num of failed requests to aggregator: 0

[2026-09-04 01:24:41,678 I 1596 4615] core_worker.cc:498: Event stats:


Global stats: 6468 total (8 active)
Queueing time: mean = 0.02ms, max = 0.25ms, min = 0.00ms, total = 112.19ms
Execution time:  mean = 0.00ms, total = 27.08ms
Event stats:
	CoreWorker.RecoverObjects - 4800 total (1 active), Execution time: mean = 0.00ms, total = 10.69ms, Queueing time: mean = 0.02ms, max = 0.08ms, min = 0.00ms, total = 83.58ms
	CoreWorker.InternalHeartbeat - 480 total (1 active), Execution time: mean = 0.00ms, total = 1.45ms, Queueing time: mean = 0.02ms, max = 0.07ms, min = 0.00ms, total = 8.85ms
	CoreWorker.ExitIfParentRayletDies - 480 total (1 active), Execution time: mean = 0.01ms, total = 2.78ms, Queueing time: mean = 0.02ms, max = 0.06ms, min = 0.00ms, total = 7.68ms
	CoreWorker.ReportWorkerBacklog - 480 total (1 active), Execution time: mean = 0.00ms, total = 1.84ms, Queueing time: mean = 0.02ms, max = 0.07ms, min = 0.00ms, total = 8.42ms
	CoreWorker.RecordMetrics - 96 total (1 active), Execution time: mean = 0.02ms, total = 2.28ms, Queueing time: mean = 0.01ms, max = 0.03ms, min = 0.00ms, total = 1.05ms
	CoreWorker.TryDelPendingObjectRefStreams - 48 total (1 active), Execution time: mean = 0.00ms, total = 0.09ms, Queueing time: mean = 0.03ms, max = 0.25ms, min = 0.00ms, total = 1.43ms
	CoreWorkerService.grpc_server.GetCoreWorkerStats - 32 total (0 active), Execution time: mean = 0.16ms, total = 5.03ms, Queueing time: mean = 0.00ms, max = -0.00ms, min = 9223372036854.78ms, total = 0.00ms
	CoreWorkerService.grpc_server.GetCoreWorkerStats.HandleRequestImpl - 32 total (0 active), Execution time: mean = 0.03ms, total = 0.98ms, Queueing time: mean = 0.02ms, max = 0.05ms, min = 0.01ms, total = 0.58ms
	PeriodicalRunner.RunFnPeriodically - 8 total (0 active), Execution time: mean = 0.01ms, total = 0.11ms, Queueing time: mean = 0.06ms, max = 0.10ms, min = 0.01ms, total = 0.48ms
	CoreWorker.PrintEventStats - 8 total (1 active, 1 running), Execution time: mean = 0.17ms, total = 1.37ms, Queueing time: mean = 0.01ms, max = 0.03ms, min = 0.01ms, total = 0.09ms
	Publisher.CheckDeadSubscribers - 2 total (1 active), Execution time: mean = 0.00ms, total = 0.00ms, Queueing time: mean = 0.00ms, max = 0.00ms, min = 0.00ms, total = 0.00ms
	ray::rpc::WorkerInfoGcsService.grpc_client.AddWorkerInfo.OnReplyReceived - 1 total (0 active), Execution time: mean = 0.04ms, total = 0.04ms, Queueing time: mean = 0.01ms, max = 0.01ms, min = 0.01ms, total = 0.01ms
	ray::rpc::WorkerInfoGcsService.grpc_client.AddWorkerInfo - 1 total (0 active), Execution time: mean = 0.41ms, total = 0.41ms, Queueing time: mean = 0.00ms, max = -0.00ms, min = 9223372036854.78ms, total = 0.00ms

-----------------
Task execution event stats:

Global stats: 47926 total (1 active)
Queueing time: mean = 0.01ms, max = 0.65ms, min = -0.02ms, total = 687.59ms
Execution time:  mean = 0.00ms, total = 99.63ms
Event stats:
	CoreWorker.CheckSignal - 47925 total (1 active), Execution time: mean = 0.00ms, total = 99.62ms, Queueing time: mean = 0.01ms, max = 0.65ms, min = -0.02ms, total = 687.59ms
	PeriodicalRunner.RunFnPeriodically - 1 total (0 active), Execution time: mean = 0.01ms, total = 0.01ms, Queueing time: mean = 0.00ms, max = 0.00ms, min = 0.00ms, total = 0.00ms

-----------------
Task Event stats:

IO Service Stats:

Global stats: 481 total (1 active)
Queueing time: mean = 0.02ms, max = 0.08ms, min = -0.01ms, total = 11.92ms
Execution time:  mean = 0.01ms, total = 4.67ms
Event stats:
	CoreWorker.deadline_timer.flush_task_events - 480 total (1 active), Execution time: mean = 0.01ms, total = 4.64ms, Queueing time: mean = 0.02ms, max = 0.08ms, min = -0.01ms, total = 11.92ms
	PeriodicalRunner.RunFnPeriodically - 1 total (0 active), Execution time: mean = 0.03ms, total = 0.03ms, Queueing time: mean = 0.01ms, max = 0.01ms, min = 0.01ms, total = 0.01ms
Other Stats:
	gcs_grpc_in_progress:0
	event_aggregator_grpc_in_progress:0
	current number of task status events in buffer: 0
	current number of profile events in buffer: 0
	current number of dropped task attempts tracked: 0
	total task events sent: 0 MiB
	total number of task attempts sent: 0
	total number of task attempts dropped reported: 0
	total number of sent failure: 0
	num status task events dropped: 0
	num profile task events dropped: 0
	num ray task events reported to aggregator: 0
	num ray task events failed to report to aggregator: 0
	num of task attempts dropped reported to aggregator: 0
	num of failed requests to aggregator: 0

[2026-09-04 01:25:41,678 I 1596 4615] core_worker.cc:498: Event stats:


Global stats: 7275 total (8 active)
Queueing time: mean = 0.02ms, max = 0.25ms, min = 0.00ms, total = 125.78ms
Execution time:  mean = 0.00ms, total = 30.11ms
Event stats:
	CoreWorker.RecoverObjects - 5400 total (1 active), Execution time: mean = 0.00ms, total = 11.87ms, Queueing time: mean = 0.02ms, max = 0.08ms, min = 0.00ms, total = 93.81ms
	CoreWorker.InternalHeartbeat - 540 total (1 active), Execution time: mean = 0.00ms, total = 1.60ms, Queueing time: mean = 0.02ms, max = 0.07ms, min = 0.00ms, total = 9.91ms
	CoreWorker.ExitIfParentRayletDies - 540 total (1 active), Execution time: mean = 0.01ms, total = 3.07ms, Queueing time: mean = 0.02ms, max = 0.06ms, min = 0.00ms, total = 8.60ms
	CoreWorker.ReportWorkerBacklog - 540 total (1 active), Execution time: mean = 0.00ms, total = 2.02ms, Queueing time: mean = 0.02ms, max = 0.07ms, min = 0.00ms, total = 9.44ms
	CoreWorker.RecordMetrics - 108 total (1 active), Execution time: mean = 0.02ms, total = 2.54ms, Queueing time: mean = 0.01ms, max = 0.03ms, min = 0.00ms, total = 1.18ms
	CoreWorker.TryDelPendingObjectRefStreams - 54 total (1 active), Execution time: mean = 0.00ms, total = 0.11ms, Queueing time: mean = 0.03ms, max = 0.25ms, min = 0.00ms, total = 1.59ms
	CoreWorkerService.grpc_server.GetCoreWorkerStats - 36 total (0 active), Execution time: mean = 0.16ms, total = 5.73ms, Queueing time: mean = 0.00ms, max = -0.00ms, min = 9223372036854.78ms, total = 0.00ms
	CoreWorkerService.grpc_server.GetCoreWorkerStats.HandleRequestImpl - 36 total (0 active), Execution time: mean = 0.03ms, total = 1.07ms, Queueing time: mean = 0.02ms, max = 0.05ms, min = 0.01ms, total = 0.65ms
	CoreWorker.PrintEventStats - 9 total (1 active, 1 running), Execution time: mean = 0.17ms, total = 1.54ms, Queueing time: mean = 0.01ms, max = 0.03ms, min = 0.01ms, total = 0.10ms
	PeriodicalRunner.RunFnPeriodically - 8 total (0 active), Execution time: mean = 0.01ms, total = 0.11ms, Queueing time: mean = 0.06ms, max = 0.10ms, min = 0.01ms, total = 0.48ms
	Publisher.CheckDeadSubscribers - 2 total (1 active), Execution time: mean = 0.00ms, total = 0.00ms, Queueing time: mean = 0.00ms, max = 0.00ms, min = 0.00ms, total = 0.00ms
	ray::rpc::WorkerInfoGcsService.grpc_client.AddWorkerInfo.OnReplyReceived - 1 total (0 active), Execution time: mean = 0.04ms, total = 0.04ms, Queueing time: mean = 0.01ms, max = 0.01ms, min = 0.01ms, total = 0.01ms
	ray::rpc::WorkerInfoGcsService.grpc_client.AddWorkerInfo - 1 total (0 active), Execution time: mean = 0.41ms, total = 0.41ms, Queueing time: mean = 0.00ms, max = -0.00ms, min = 9223372036854.78ms, total = 0.00ms

-----------------
Task execution event stats:

Global stats: 53919 total (1 active)
Queueing time: mean = 0.01ms, max = 0.65ms, min = -0.02ms, total = 749.64ms
Execution time:  mean = 0.00ms, total = 113.13ms
Event stats:
	CoreWorker.CheckSignal - 53918 total (1 active), Execution time: mean = 0.00ms, total = 113.12ms, Queueing time: mean = 0.01ms, max = 0.65ms, min = -0.02ms, total = 749.64ms
	PeriodicalRunner.RunFnPeriodically - 1 total (0 active), Execution time: mean = 0.01ms, total = 0.01ms, Queueing time: mean = 0.00ms, max = 0.00ms, min = 0.00ms, total = 0.00ms

-----------------
Task Event stats:

IO Service Stats:

Global stats: 541 total (1 active)
Queueing time: mean = 0.03ms, max = 0.08ms, min = -0.01ms, total = 13.54ms
Execution time:  mean = 0.01ms, total = 5.24ms
Event stats:
	CoreWorker.deadline_timer.flush_task_events - 540 total (1 active), Execution time: mean = 0.01ms, total = 5.21ms, Queueing time: mean = 0.03ms, max = 0.08ms, min = -0.01ms, total = 13.53ms
	PeriodicalRunner.RunFnPeriodically - 1 total (0 active), Execution time: mean = 0.03ms, total = 0.03ms, Queueing time: mean = 0.01ms, max = 0.01ms, min = 0.01ms, total = 0.01ms
Other Stats:
	gcs_grpc_in_progress:0
	event_aggregator_grpc_in_progress:0
	current number of task status events in buffer: 0
	current number of profile events in buffer: 0
	current number of dropped task attempts tracked: 0
	total task events sent: 0 MiB
	total number of task attempts sent: 0
	total number of task attempts dropped reported: 0
	total number of sent failure: 0
	num status task events dropped: 0
	num profile task events dropped: 0
	num ray task events reported to aggregator: 0
	num ray task events failed to report to aggregator: 0
	num of task attempts dropped reported to aggregator: 0
	num of failed requests to aggregator: 0

[2026-09-04 01:26:41,678 I 1596 4615] core_worker.cc:498: Event stats:


Global stats: 8082 total (8 active)
Queueing time: mean = 0.02ms, max = 0.25ms, min = 0.00ms, total = 138.01ms
Execution time:  mean = 0.00ms, total = 32.98ms
Event stats:
	CoreWorker.RecoverObjects - 5999 total (1 active), Execution time: mean = 0.00ms, total = 12.84ms, Queueing time: mean = 0.02ms, max = 0.08ms, min = 0.00ms, total = 103.13ms
	CoreWorker.InternalHeartbeat - 600 total (1 active), Execution time: mean = 0.00ms, total = 1.76ms, Queueing time: mean = 0.02ms, max = 0.07ms, min = 0.00ms, total = 10.79ms
	CoreWorker.ExitIfParentRayletDies - 600 total (1 active), Execution time: mean = 0.01ms, total = 3.33ms, Queueing time: mean = 0.02ms, max = 0.06ms, min = 0.00ms, total = 9.39ms
	CoreWorker.ReportWorkerBacklog - 600 total (1 active), Execution time: mean = 0.00ms, total = 2.19ms, Queueing time: mean = 0.02ms, max = 0.07ms, min = 0.00ms, total = 10.31ms
	CoreWorker.RecordMetrics - 120 total (1 active), Execution time: mean = 0.02ms, total = 2.80ms, Queueing time: mean = 0.01ms, max = 0.03ms, min = 0.00ms, total = 1.28ms
	CoreWorker.TryDelPendingObjectRefStreams - 60 total (1 active), Execution time: mean = 0.00ms, total = 0.12ms, Queueing time: mean = 0.03ms, max = 0.25ms, min = 0.00ms, total = 1.78ms
	CoreWorkerService.grpc_server.GetCoreWorkerStats - 40 total (0 active), Execution time: mean = 0.16ms, total = 6.46ms, Queueing time: mean = 0.00ms, max = -0.00ms, min = 9223372036854.78ms, total = 0.00ms
	CoreWorkerService.grpc_server.GetCoreWorkerStats.HandleRequestImpl - 40 total (0 active), Execution time: mean = 0.03ms, total = 1.18ms, Queueing time: mean = 0.02ms, max = 0.05ms, min = 0.01ms, total = 0.73ms
	CoreWorker.PrintEventStats - 10 total (1 active, 1 running), Execution time: mean = 0.17ms, total = 1.73ms, Queueing time: mean = 0.01ms, max = 0.03ms, min = 0.01ms, total = 0.11ms
	PeriodicalRunner.RunFnPeriodically - 8 total (0 active), Execution time: mean = 0.01ms, total = 0.11ms, Queueing time: mean = 0.06ms, max = 0.10ms, min = 0.01ms, total = 0.48ms
	Publisher.CheckDeadSubscribers - 3 total (1 active), Execution time: mean = 0.00ms, total = 0.01ms, Queueing time: mean = 0.01ms, max = 0.01ms, min = 0.00ms, total = 0.02ms
	ray::rpc::WorkerInfoGcsService.grpc_client.AddWorkerInfo.OnReplyReceived - 1 total (0 active), Execution time: mean = 0.04ms, total = 0.04ms, Queueing time: mean = 0.01ms, max = 0.01ms, min = 0.01ms, total = 0.01ms
	ray::rpc::WorkerInfoGcsService.grpc_client.AddWorkerInfo - 1 total (0 active), Execution time: mean = 0.41ms, total = 0.41ms, Queueing time: mean = 0.00ms, max = -0.00ms, min = 9223372036854.78ms, total = 0.00ms

-----------------
Task execution event stats:

Global stats: 59914 total (1 active)
Queueing time: mean = 0.01ms, max = 0.65ms, min = -0.02ms, total = 796.54ms
Execution time:  mean = 0.00ms, total = 122.93ms
Event stats:
	CoreWorker.CheckSignal - 59913 total (1 active), Execution time: mean = 0.00ms, total = 122.92ms, Queueing time: mean = 0.01ms, max = 0.65ms, min = -0.02ms, total = 796.54ms
	PeriodicalRunner.RunFnPeriodically - 1 total (0 active), Execution time: mean = 0.01ms, total = 0.01ms, Queueing time: mean = 0.00ms, max = 0.00ms, min = 0.00ms, total = 0.00ms

-----------------
Task Event stats:

IO Service Stats:

Global stats: 601 total (1 active)
Queueing time: mean = 0.03ms, max = 0.08ms, min = -0.01ms, total = 15.08ms
Execution time:  mean = 0.01ms, total = 5.75ms
Event stats:
	CoreWorker.deadline_timer.flush_task_events - 600 total (1 active), Execution time: mean = 0.01ms, total = 5.72ms, Queueing time: mean = 0.03ms, max = 0.08ms, min = -0.01ms, total = 15.08ms
	PeriodicalRunner.RunFnPeriodically - 1 total (0 active), Execution time: mean = 0.03ms, total = 0.03ms, Queueing time: mean = 0.01ms, max = 0.01ms, min = 0.01ms, total = 0.01ms
Other Stats:
	gcs_grpc_in_progress:0
	event_aggregator_grpc_in_progress:0
	current number of task status events in buffer: 0
	current number of profile events in buffer: 0
	current number of dropped task attempts tracked: 0
	total task events sent: 0 MiB
	total number of task attempts sent: 0
	total number of task attempts dropped reported: 0
	total number of sent failure: 0
	num status task events dropped: 0
	num profile task events dropped: 0
	num ray task events reported to aggregator: 0
	num ray task events failed to report to aggregator: 0
	num of task attempts dropped reported to aggregator: 0
	num of failed requests to aggregator: 0

[2026-09-04 01:27:41,678 I 1596 4615] core_worker.cc:498: Event stats:


Global stats: 8889 total (8 active)
Queueing time: mean = 0.02ms, max = 0.25ms, min = 0.00ms, total = 150.12ms
Execution time:  mean = 0.00ms, total = 35.61ms
Event stats:
	CoreWorker.RecoverObjects - 6599 total (1 active), Execution time: mean = 0.00ms, total = 13.85ms, Queueing time: mean = 0.02ms, max = 0.11ms, min = 0.00ms, total = 112.19ms
	CoreWorker.InternalHeartbeat - 660 total (1 active), Execution time: mean = 0.00ms, total = 1.91ms, Queueing time: mean = 0.02ms, max = 0.13ms, min = 0.00ms, total = 11.74ms
	CoreWorker.ExitIfParentRayletDies - 660 total (1 active), Execution time: mean = 0.01ms, total = 3.65ms, Queueing time: mean = 0.02ms, max = 0.09ms, min = 0.00ms, total = 10.18ms
	CoreWorker.ReportWorkerBacklog - 660 total (1 active), Execution time: mean = 0.00ms, total = 2.38ms, Queueing time: mean = 0.02ms, max = 0.13ms, min = 0.00ms, total = 11.22ms
	CoreWorker.RecordMetrics - 132 total (1 active), Execution time: mean = 0.02ms, total = 3.06ms, Queueing time: mean = 0.01ms, max = 0.03ms, min = 0.00ms, total = 1.45ms
	CoreWorker.TryDelPendingObjectRefStreams - 66 total (1 active), Execution time: mean = 0.00ms, total = 0.13ms, Queueing time: mean = 0.03ms, max = 0.25ms, min = 0.00ms, total = 1.93ms
	CoreWorkerService.grpc_server.GetCoreWorkerStats - 44 total (0 active), Execution time: mean = 0.16ms, total = 6.93ms, Queueing time: mean = 0.00ms, max = -0.00ms, min = 9223372036854.78ms, total = 0.00ms
	CoreWorkerService.grpc_server.GetCoreWorkerStats.HandleRequestImpl - 44 total (0 active), Execution time: mean = 0.03ms, total = 1.26ms, Queueing time: mean = 0.02ms, max = 0.05ms, min = 0.01ms, total = 0.79ms
	CoreWorker.PrintEventStats - 11 total (1 active, 1 running), Execution time: mean = 0.17ms, total = 1.88ms, Queueing time: mean = 0.01ms, max = 0.03ms, min = 0.01ms, total = 0.12ms
	PeriodicalRunner.RunFnPeriodically - 8 total (0 active), Execution time: mean = 0.01ms, total = 0.11ms, Queueing time: mean = 0.06ms, max = 0.10ms, min = 0.01ms, total = 0.48ms
	Publisher.CheckDeadSubscribers - 3 total (1 active), Execution time: mean = 0.00ms, total = 0.01ms, Queueing time: mean = 0.01ms, max = 0.01ms, min = 0.00ms, total = 0.02ms
	ray::rpc::WorkerInfoGcsService.grpc_client.AddWorkerInfo.OnReplyReceived - 1 total (0 active), Execution time: mean = 0.04ms, total = 0.04ms, Queueing time: mean = 0.01ms, max = 0.01ms, min = 0.01ms, total = 0.01ms
	ray::rpc::WorkerInfoGcsService.grpc_client.AddWorkerInfo - 1 total (0 active), Execution time: mean = 0.41ms, total = 0.41ms, Queueing time: mean = 0.00ms, max = -0.00ms, min = 9223372036854.78ms, total = 0.00ms

-----------------
Task execution event stats:

Global stats: 65909 total (1 active)
Queueing time: mean = 0.01ms, max = 0.65ms, min = -0.02ms, total = 841.22ms
Execution time:  mean = 0.00ms, total = 133.34ms
Event stats:
	CoreWorker.CheckSignal - 65908 total (1 active), Execution time: mean = 0.00ms, total = 133.33ms, Queueing time: mean = 0.01ms, max = 0.65ms, min = -0.02ms, total = 841.21ms
	PeriodicalRunner.RunFnPeriodically - 1 total (0 active), Execution time: mean = 0.01ms, total = 0.01ms, Queueing time: mean = 0.00ms, max = 0.00ms, min = 0.00ms, total = 0.00ms

-----------------
Task Event stats:

IO Service Stats:

Global stats: 661 total (1 active)
Queueing time: mean = 0.03ms, max = 0.08ms, min = -0.01ms, total = 16.66ms
Execution time:  mean = 0.01ms, total = 6.29ms
Event stats:
	CoreWorker.deadline_timer.flush_task_events - 660 total (1 active), Execution time: mean = 0.01ms, total = 6.26ms, Queueing time: mean = 0.03ms, max = 0.08ms, min = -0.01ms, total = 16.65ms
	PeriodicalRunner.RunFnPeriodically - 1 total (0 active), Execution time: mean = 0.03ms, total = 0.03ms, Queueing time: mean = 0.01ms, max = 0.01ms, min = 0.01ms, total = 0.01ms
Other Stats:
	gcs_grpc_in_progress:0
	event_aggregator_grpc_in_progress:0
	current number of task status events in buffer: 0
	current number of profile events in buffer: 0
	current number of dropped task attempts tracked: 0
	total task events sent: 0 MiB
	total number of task attempts sent: 0
	total number of task attempts dropped reported: 0
	total number of sent failure: 0
	num status task events dropped: 0
	num profile task events dropped: 0
	num ray task events reported to aggregator: 0
	num ray task events failed to report to aggregator: 0
	num of task attempts dropped reported to aggregator: 0
	num of failed requests to aggregator: 0

[2026-09-04 01:28:41,678 I 1596 4615] core_worker.cc:498: Event stats:


Global stats: 9696 total (8 active)
Queueing time: mean = 0.02ms, max = 0.25ms, min = 0.00ms, total = 162.85ms
Execution time:  mean = 0.00ms, total = 38.42ms
Event stats:
	CoreWorker.RecoverObjects - 7199 total (1 active), Execution time: mean = 0.00ms, total = 14.88ms, Queueing time: mean = 0.02ms, max = 0.14ms, min = 0.00ms, total = 121.35ms
	CoreWorker.InternalHeartbeat - 720 total (1 active), Execution time: mean = 0.00ms, total = 2.09ms, Queueing time: mean = 0.02ms, max = 0.13ms, min = 0.00ms, total = 12.88ms
	CoreWorker.ExitIfParentRayletDies - 720 total (1 active), Execution time: mean = 0.01ms, total = 4.02ms, Queueing time: mean = 0.02ms, max = 0.09ms, min = 0.00ms, total = 11.11ms
	CoreWorker.ReportWorkerBacklog - 720 total (1 active), Execution time: mean = 0.00ms, total = 2.60ms, Queueing time: mean = 0.02ms, max = 0.13ms, min = 0.00ms, total = 12.30ms
	CoreWorker.RecordMetrics - 144 total (1 active), Execution time: mean = 0.02ms, total = 3.33ms, Queueing time: mean = 0.01ms, max = 0.03ms, min = 0.00ms, total = 1.61ms
	CoreWorker.TryDelPendingObjectRefStreams - 72 total (1 active), Execution time: mean = 0.00ms, total = 0.15ms, Queueing time: mean = 0.03ms, max = 0.25ms, min = 0.00ms, total = 2.13ms
	CoreWorkerService.grpc_server.GetCoreWorkerStats - 48 total (0 active), Execution time: mean = 0.15ms, total = 7.41ms, Queueing time: mean = 0.00ms, max = -0.00ms, min = 9223372036854.78ms, total = 0.00ms
	CoreWorkerService.grpc_server.GetCoreWorkerStats.HandleRequestImpl - 48 total (0 active), Execution time: mean = 0.03ms, total = 1.34ms, Queueing time: mean = 0.02ms, max = 0.05ms, min = 0.01ms, total = 0.84ms
	CoreWorker.PrintEventStats - 12 total (1 active, 1 running), Execution time: mean = 0.17ms, total = 2.04ms, Queueing time: mean = 0.01ms, max = 0.03ms, min = 0.01ms, total = 0.13ms
	PeriodicalRunner.RunFnPeriodically - 8 total (0 active), Execution time: mean = 0.01ms, total = 0.11ms, Queueing time: mean = 0.06ms, max = 0.10ms, min = 0.01ms, total = 0.48ms
	Publisher.CheckDeadSubscribers - 3 total (1 active), Execution time: mean = 0.00ms, total = 0.01ms, Queueing time: mean = 0.01ms, max = 0.01ms, min = 0.00ms, total = 0.02ms
	ray::rpc::WorkerInfoGcsService.grpc_client.AddWorkerInfo.OnReplyReceived - 1 total (0 active), Execution time: mean = 0.04ms, total = 0.04ms, Queueing time: mean = 0.01ms, max = 0.01ms, min = 0.01ms, total = 0.01ms
	ray::rpc::WorkerInfoGcsService.grpc_client.AddWorkerInfo - 1 total (0 active), Execution time: mean = 0.41ms, total = 0.41ms, Queueing time: mean = 0.00ms, max = -0.00ms, min = 9223372036854.78ms, total = 0.00ms

-----------------
Task execution event stats:

Global stats: 71904 total (1 active)
Queueing time: mean = 0.01ms, max = 0.65ms, min = -0.02ms, total = 886.95ms
Execution time:  mean = 0.00ms, total = 144.16ms
Event stats:
	CoreWorker.CheckSignal - 71903 total (1 active), Execution time: mean = 0.00ms, total = 144.15ms, Queueing time: mean = 0.01ms, max = 0.65ms, min = -0.02ms, total = 886.94ms
	PeriodicalRunner.RunFnPeriodically - 1 total (0 active), Execution time: mean = 0.01ms, total = 0.01ms, Queueing time: mean = 0.00ms, max = 0.00ms, min = 0.00ms, total = 0.00ms

-----------------
Task Event stats:

IO Service Stats:

Global stats: 721 total (1 active)
Queueing time: mean = 0.03ms, max = 0.08ms, min = -0.01ms, total = 18.03ms
Execution time:  mean = 0.01ms, total = 6.79ms
Event stats:
	CoreWorker.deadline_timer.flush_task_events - 720 total (1 active), Execution time: mean = 0.01ms, total = 6.76ms, Queueing time: mean = 0.03ms, max = 0.08ms, min = -0.01ms, total = 18.03ms
	PeriodicalRunner.RunFnPeriodically - 1 total (0 active), Execution time: mean = 0.03ms, total = 0.03ms, Queueing time: mean = 0.01ms, max = 0.01ms, min = 0.01ms, total = 0.01ms
Other Stats:
	gcs_grpc_in_progress:0
	event_aggregator_grpc_in_progress:0
	current number of task status events in buffer: 0
	current number of profile events in buffer: 0
	current number of dropped task attempts tracked: 0
	total task events sent: 0 MiB
	total number of task attempts sent: 0
	total number of task attempts dropped reported: 0
	total number of sent failure: 0
	num status task events dropped: 0
	num profile task events dropped: 0
	num ray task events reported to aggregator: 0
	num ray task events failed to report to aggregator: 0
	num of task attempts dropped reported to aggregator: 0
	num of failed requests to aggregator: 0

[2026-09-04 01:29:41,678 I 1596 4615] core_worker.cc:498: Event stats:


Global stats: 10503 total (8 active)
Queueing time: mean = 0.02ms, max = 0.25ms, min = 0.00ms, total = 174.09ms
Execution time:  mean = 0.00ms, total = 41.16ms
Event stats:
	CoreWorker.RecoverObjects - 7799 total (1 active), Execution time: mean = 0.00ms, total = 16.02ms, Queueing time: mean = 0.02ms, max = 0.14ms, min = 0.00ms, total = 129.36ms
	CoreWorker.InternalHeartbeat - 780 total (1 active), Execution time: mean = 0.00ms, total = 2.24ms, Queueing time: mean = 0.02ms, max = 0.13ms, min = 0.00ms, total = 13.91ms
	CoreWorker.ExitIfParentRayletDies - 780 total (1 active), Execution time: mean = 0.01ms, total = 4.35ms, Queueing time: mean = 0.02ms, max = 0.09ms, min = 0.00ms, total = 12.00ms
	CoreWorker.ReportWorkerBacklog - 780 total (1 active), Execution time: mean = 0.00ms, total = 2.78ms, Queueing time: mean = 0.02ms, max = 0.13ms, min = 0.00ms, total = 13.30ms
	CoreWorker.RecordMetrics - 156 total (1 active), Execution time: mean = 0.02ms, total = 3.55ms, Queueing time: mean = 0.01ms, max = 0.04ms, min = 0.00ms, total = 1.75ms
	CoreWorker.TryDelPendingObjectRefStreams - 78 total (1 active), Execution time: mean = 0.00ms, total = 0.16ms, Queueing time: mean = 0.03ms, max = 0.25ms, min = 0.00ms, total = 2.22ms
	CoreWorkerService.grpc_server.GetCoreWorkerStats - 52 total (0 active), Execution time: mean = 0.15ms, total = 7.91ms, Queueing time: mean = 0.00ms, max = -0.00ms, min = 9223372036854.78ms, total = 0.00ms
	CoreWorkerService.grpc_server.GetCoreWorkerStats.HandleRequestImpl - 52 total (0 active), Execution time: mean = 0.03ms, total = 1.42ms, Queueing time: mean = 0.02ms, max = 0.05ms, min = 0.01ms, total = 0.90ms
	CoreWorker.PrintEventStats - 13 total (1 active, 1 running), Execution time: mean = 0.17ms, total = 2.17ms, Queueing time: mean = 0.01ms, max = 0.03ms, min = 0.01ms, total = 0.14ms
	PeriodicalRunner.RunFnPeriodically - 8 total (0 active), Execution time: mean = 0.01ms, total = 0.11ms, Queueing time: mean = 0.06ms, max = 0.10ms, min = 0.01ms, total = 0.48ms
	Publisher.CheckDeadSubscribers - 3 total (1 active), Execution time: mean = 0.00ms, total = 0.01ms, Queueing time: mean = 0.01ms, max = 0.01ms, min = 0.00ms, total = 0.02ms
	ray::rpc::WorkerInfoGcsService.grpc_client.AddWorkerInfo.OnReplyReceived - 1 total (0 active), Execution time: mean = 0.04ms, total = 0.04ms, Queueing time: mean = 0.01ms, max = 0.01ms, min = 0.01ms, total = 0.01ms
	ray::rpc::WorkerInfoGcsService.grpc_client.AddWorkerInfo - 1 total (0 active), Execution time: mean = 0.41ms, total = 0.41ms, Queueing time: mean = 0.00ms, max = -0.00ms, min = 9223372036854.78ms, total = 0.00ms

-----------------
Task execution event stats:

Global stats: 77898 total (1 active)
Queueing time: mean = 0.01ms, max = 1.39ms, min = -0.02ms, total = 931.18ms
Execution time:  mean = 0.00ms, total = 154.13ms
Event stats:
	CoreWorker.CheckSignal - 77897 total (1 active), Execution time: mean = 0.00ms, total = 154.12ms, Queueing time: mean = 0.01ms, max = 1.39ms, min = -0.02ms, total = 931.18ms
	PeriodicalRunner.RunFnPeriodically - 1 total (0 active), Execution time: mean = 0.01ms, total = 0.01ms, Queueing time: mean = 0.00ms, max = 0.00ms, min = 0.00ms, total = 0.00ms

-----------------
Task Event stats:

IO Service Stats:

Global stats: 781 total (1 active)
Queueing time: mean = 0.02ms, max = 0.08ms, min = -0.01ms, total = 19.48ms
Execution time:  mean = 0.01ms, total = 7.33ms
Event stats:
	CoreWorker.deadline_timer.flush_task_events - 780 total (1 active), Execution time: mean = 0.01ms, total = 7.30ms, Queueing time: mean = 0.02ms, max = 0.08ms, min = -0.01ms, total = 19.48ms
	PeriodicalRunner.RunFnPeriodically - 1 total (0 active), Execution time: mean = 0.03ms, total = 0.03ms, Queueing time: mean = 0.01ms, max = 0.01ms, min = 0.01ms, total = 0.01ms
Other Stats:
	gcs_grpc_in_progress:0
	event_aggregator_grpc_in_progress:0
	current number of task status events in buffer: 0
	current number of profile events in buffer: 0
	current number of dropped task attempts tracked: 0
	total task events sent: 0 MiB
	total number of task attempts sent: 0
	total number of task attempts dropped reported: 0
	total number of sent failure: 0
	num status task events dropped: 0
	num profile task events dropped: 0
	num ray task events reported to aggregator: 0
	num ray task events failed to report to aggregator: 0
	num of task attempts dropped reported to aggregator: 0
	num of failed requests to aggregator: 0

[2026-09-04 01:30:41,679 I 1596 4615] core_worker.cc:498: Event stats:


Global stats: 11310 total (8 active)
Queueing time: mean = 0.02ms, max = 0.25ms, min = 0.00ms, total = 187.73ms
Execution time:  mean = 0.00ms, total = 44.01ms
Event stats:
	CoreWorker.RecoverObjects - 8399 total (1 active), Execution time: mean = 0.00ms, total = 17.16ms, Queueing time: mean = 0.02ms, max = 0.14ms, min = 0.00ms, total = 139.64ms
	CoreWorker.InternalHeartbeat - 840 total (1 active), Execution time: mean = 0.00ms, total = 2.44ms, Queueing time: mean = 0.02ms, max = 0.13ms, min = 0.00ms, total = 14.94ms
	CoreWorker.ExitIfParentRayletDies - 840 total (1 active), Execution time: mean = 0.01ms, total = 4.68ms, Queueing time: mean = 0.02ms, max = 0.09ms, min = 0.00ms, total = 12.89ms
	CoreWorker.ReportWorkerBacklog - 840 total (1 active), Execution time: mean = 0.00ms, total = 2.97ms, Queueing time: mean = 0.02ms, max = 0.13ms, min = 0.00ms, total = 14.33ms
	CoreWorker.RecordMetrics - 168 total (1 active), Execution time: mean = 0.02ms, total = 3.82ms, Queueing time: mean = 0.01ms, max = 0.04ms, min = 0.00ms, total = 1.92ms
	CoreWorker.TryDelPendingObjectRefStreams - 84 total (1 active), Execution time: mean = 0.00ms, total = 0.17ms, Queueing time: mean = 0.03ms, max = 0.25ms, min = 0.00ms, total = 2.39ms
	CoreWorkerService.grpc_server.GetCoreWorkerStats - 56 total (0 active), Execution time: mean = 0.15ms, total = 8.37ms, Queueing time: mean = 0.00ms, max = -0.00ms, min = 9223372036854.78ms, total = 0.00ms
	CoreWorkerService.grpc_server.GetCoreWorkerStats.HandleRequestImpl - 56 total (0 active), Execution time: mean = 0.03ms, total = 1.50ms, Queueing time: mean = 0.02ms, max = 0.05ms, min = 0.01ms, total = 0.96ms
	CoreWorker.PrintEventStats - 14 total (1 active, 1 running), Execution time: mean = 0.17ms, total = 2.32ms, Queueing time: mean = 0.01ms, max = 0.03ms, min = 0.01ms, total = 0.16ms
	PeriodicalRunner.RunFnPeriodically - 8 total (0 active), Execution time: mean = 0.01ms, total = 0.11ms, Queueing time: mean = 0.06ms, max = 0.10ms, min = 0.01ms, total = 0.48ms
	Publisher.CheckDeadSubscribers - 3 total (1 active), Execution time: mean = 0.00ms, total = 0.01ms, Queueing time: mean = 0.01ms, max = 0.01ms, min = 0.00ms, total = 0.02ms
	ray::rpc::WorkerInfoGcsService.grpc_client.AddWorkerInfo.OnReplyReceived - 1 total (0 active), Execution time: mean = 0.04ms, total = 0.04ms, Queueing time: mean = 0.01ms, max = 0.01ms, min = 0.01ms, total = 0.01ms
	ray::rpc::WorkerInfoGcsService.grpc_client.AddWorkerInfo - 1 total (0 active), Execution time: mean = 0.41ms, total = 0.41ms, Queueing time: mean = 0.00ms, max = -0.00ms, min = 9223372036854.78ms, total = 0.00ms

-----------------
Task execution event stats:

Global stats: 83892 total (1 active)
Queueing time: mean = 0.01ms, max = 1.39ms, min = -0.02ms, total = 987.48ms
Execution time:  mean = 0.00ms, total = 166.60ms
Event stats:
	CoreWorker.CheckSignal - 83891 total (1 active), Execution time: mean = 0.00ms, total = 166.59ms, Queueing time: mean = 0.01ms, max = 1.39ms, min = -0.02ms, total = 987.48ms
	PeriodicalRunner.RunFnPeriodically - 1 total (0 active), Execution time: mean = 0.01ms, total = 0.01ms, Queueing time: mean = 0.00ms, max = 0.00ms, min = 0.00ms, total = 0.00ms

-----------------
Task Event stats:

IO Service Stats:

Global stats: 841 total (1 active)
Queueing time: mean = 0.03ms, max = 0.08ms, min = -0.01ms, total = 21.10ms
Execution time:  mean = 0.01ms, total = 7.95ms
Event stats:
	CoreWorker.deadline_timer.flush_task_events - 840 total (1 active), Execution time: mean = 0.01ms, total = 7.91ms, Queueing time: mean = 0.03ms, max = 0.08ms, min = -0.01ms, total = 21.10ms
	PeriodicalRunner.RunFnPeriodically - 1 total (0 active), Execution time: mean = 0.03ms, total = 0.03ms, Queueing time: mean = 0.01ms, max = 0.01ms, min = 0.01ms, total = 0.01ms
Other Stats:
	gcs_grpc_in_progress:0
	event_aggregator_grpc_in_progress:0
	current number of task status events in buffer: 0
	current number of profile events in buffer: 0
	current number of dropped task attempts tracked: 0
	total task events sent: 0 MiB
	total number of task attempts sent: 0
	total number of task attempts dropped reported: 0
	total number of sent failure: 0
	num status task events dropped: 0
	num profile task events dropped: 0
	num ray task events reported to aggregator: 0
	num ray task events failed to report to aggregator: 0
	num of task attempts dropped reported to aggregator: 0
	num of failed requests to aggregator: 0

[2026-09-04 01:31:41,679 I 1596 4615] core_worker.cc:498: Event stats:


Global stats: 12118 total (8 active)
Queueing time: mean = 0.02ms, max = 0.25ms, min = -0.00ms, total = 199.56ms
Execution time:  mean = 0.00ms, total = 46.52ms
Event stats:
	CoreWorker.RecoverObjects - 8999 total (1 active), Execution time: mean = 0.00ms, total = 18.16ms, Queueing time: mean = 0.02ms, max = 0.14ms, min = -0.00ms, total = 148.37ms
	CoreWorker.InternalHeartbeat - 900 total (1 active), Execution time: mean = 0.00ms, total = 2.61ms, Queueing time: mean = 0.02ms, max = 0.13ms, min = 0.00ms, total = 15.87ms
	CoreWorker.ExitIfParentRayletDies - 900 total (1 active), Execution time: mean = 0.01ms, total = 4.90ms, Queueing time: mean = 0.02ms, max = 0.09ms, min = 0.00ms, total = 13.76ms
	CoreWorker.ReportWorkerBacklog - 900 total (1 active), Execution time: mean = 0.00ms, total = 3.14ms, Queueing time: mean = 0.02ms, max = 0.13ms, min = 0.00ms, total = 15.26ms
	CoreWorker.RecordMetrics - 180 total (1 active), Execution time: mean = 0.02ms, total = 4.02ms, Queueing time: mean = 0.01ms, max = 0.04ms, min = 0.00ms, total = 2.08ms
	CoreWorker.TryDelPendingObjectRefStreams - 90 total (1 active), Execution time: mean = 0.00ms, total = 0.18ms, Queueing time: mean = 0.03ms, max = 0.25ms, min = 0.00ms, total = 2.51ms
	CoreWorkerService.grpc_server.GetCoreWorkerStats - 60 total (0 active), Execution time: mean = 0.15ms, total = 8.89ms, Queueing time: mean = 0.00ms, max = -0.00ms, min = 9223372036854.78ms, total = 0.00ms
	CoreWorkerService.grpc_server.GetCoreWorkerStats.HandleRequestImpl - 60 total (0 active), Execution time: mean = 0.03ms, total = 1.58ms, Queueing time: mean = 0.02ms, max = 0.05ms, min = 0.01ms, total = 1.02ms
	CoreWorker.PrintEventStats - 15 total (1 active, 1 running), Execution time: mean = 0.16ms, total = 2.47ms, Queueing time: mean = 0.01ms, max = 0.03ms, min = 0.01ms, total = 0.17ms
	PeriodicalRunner.RunFnPeriodically - 8 total (0 active), Execution time: mean = 0.01ms, total = 0.11ms, Queueing time: mean = 0.06ms, max = 0.10ms, min = 0.01ms, total = 0.48ms
	Publisher.CheckDeadSubscribers - 4 total (1 active), Execution time: mean = 0.00ms, total = 0.01ms, Queueing time: mean = 0.01ms, max = 0.01ms, min = 0.00ms, total = 0.03ms
	ray::rpc::WorkerInfoGcsService.grpc_client.AddWorkerInfo.OnReplyReceived - 1 total (0 active), Execution time: mean = 0.04ms, total = 0.04ms, Queueing time: mean = 0.01ms, max = 0.01ms, min = 0.01ms, total = 0.01ms
	ray::rpc::WorkerInfoGcsService.grpc_client.AddWorkerInfo - 1 total (0 active), Execution time: mean = 0.41ms, total = 0.41ms, Queueing time: mean = 0.00ms, max = -0.00ms, min = 9223372036854.78ms, total = 0.00ms

-----------------
Task execution event stats:

Global stats: 89885 total (1 active)
Queueing time: mean = 0.01ms, max = 1.39ms, min = -0.02ms, total = 1046.15ms
Execution time:  mean = 0.00ms, total = 179.82ms
Event stats:
	CoreWorker.CheckSignal - 89884 total (1 active), Execution time: mean = 0.00ms, total = 179.81ms, Queueing time: mean = 0.01ms, max = 1.39ms, min = -0.02ms, total = 1046.15ms
	PeriodicalRunner.RunFnPeriodically - 1 total (0 active), Execution time: mean = 0.01ms, total = 0.01ms, Queueing time: mean = 0.00ms, max = 0.00ms, min = 0.00ms, total = 0.00ms

-----------------
Task Event stats:

IO Service Stats:

Global stats: 901 total (1 active)
Queueing time: mean = 0.03ms, max = 0.08ms, min = -0.01ms, total = 22.59ms
Execution time:  mean = 0.01ms, total = 8.47ms
Event stats:
	CoreWorker.deadline_timer.flush_task_events - 900 total (1 active), Execution time: mean = 0.01ms, total = 8.44ms, Queueing time: mean = 0.03ms, max = 0.08ms, min = -0.01ms, total = 22.58ms
	PeriodicalRunner.RunFnPeriodically - 1 total (0 active), Execution time: mean = 0.03ms, total = 0.03ms, Queueing time: mean = 0.01ms, max = 0.01ms, min = 0.01ms, total = 0.01ms
Other Stats:
	gcs_grpc_in_progress:0
	event_aggregator_grpc_in_progress:0
	current number of task status events in buffer: 0
	current number of profile events in buffer: 0
	current number of dropped task attempts tracked: 0
	total task events sent: 0 MiB
	total number of task attempts sent: 0
	total number of task attempts dropped reported: 0
	total number of sent failure: 0
	num status task events dropped: 0
	num profile task events dropped: 0
	num ray task events reported to aggregator: 0
	num ray task events failed to report to aggregator: 0
	num of task attempts dropped reported to aggregator: 0
	num of failed requests to aggregator: 0

