[2026-09-04 01:16:41,609 I 1576 1576] core_worker_process.cc:868: Constructing CoreWorkerProcess. pid: 1576
[2026-09-04 01:16:41,611 I 1576 1576] event.cc:499: Ray Event initialized for CORE_WORKER
[2026-09-04 01:16:41,611 I 1576 1576] event.cc:499: Ray Event initialized for EXPORT_TASK
[2026-09-04 01:16:41,611 I 1576 1576] event.cc:332: Set ray event level to warning
[2026-09-04 01:16:41,612 I 1576 1576] grpc_server.cc:144: worker server started, listening on port 20027.
[2026-09-04 01:16:41,613 I 1576 1576] core_worker_process.cc:299: Initializing worker at address: 10.244.18.139:20027 worker_id=6f1e91de7a5d5ebeed49d795af19ec8c807c57dcaa431500cc648ae4 node_id=7ec92c2f54084c82224aaf290ba4b064a6946ba02865d6eabbdaa50f
[2026-09-04 01:16:41,613 I 1576 1576] task_event_buffer.cc:535: Reporting task events to GCS every 1000ms.
[2026-09-04 01:16:41,613 I 1576 1576] core_worker.cc:568: Adjusted worker niceness to 15
[2026-09-04 01:16:41,613 I 1576 3084] core_worker.cc:498: Event stats:


Global stats: 11 total (9 active)
Queueing time: mean = 0.00ms, max = 0.01ms, min = 0.01ms, total = 0.02ms
Execution time:  mean = 0.00ms, total = 0.02ms
Event stats:
	PeriodicalRunner.RunFnPeriodically - 8 total (6 active, 1 running), Execution time: mean = 0.00ms, total = 0.02ms, Queueing time: mean = 0.00ms, max = 0.01ms, min = 0.01ms, total = 0.02ms
	ray::rpc::WorkerInfoGcsService.grpc_client.AddWorkerInfo - 1 total (1 active), Execution time: mean = 0.00ms, total = 0.00ms, Queueing time: mean = 0.00ms, max = -0.00ms, min = 9223372036854.78ms, total = 0.00ms
	Publisher.CheckDeadSubscribers - 1 total (1 active), Execution time: mean = 0.00ms, total = 0.00ms, Queueing time: mean = 0.00ms, max = -0.00ms, min = 9223372036854.78ms, total = 0.00ms
	CoreWorker.ExitIfParentRayletDies - 1 total (1 active), Execution time: mean = 0.00ms, total = 0.00ms, Queueing time: mean = 0.00ms, max = -0.00ms, min = 9223372036854.78ms, total = 0.00ms

-----------------
Task execution event stats:

Global stats: 0 total (0 active)
Queueing time: mean = -nanms, max = -0.00ms, min = 9223372036854.78ms, total = 0.00ms
Execution time:  mean = -nanms, total = 0.00ms
Event stats:

-----------------
Task Event stats:

IO Service Stats:

Global stats: 2 total (1 active)
Queueing time: mean = 0.00ms, max = 0.01ms, min = 0.01ms, total = 0.01ms
Execution time:  mean = 0.01ms, total = 0.02ms
Event stats:
	PeriodicalRunner.RunFnPeriodically - 1 total (0 active), Execution time: mean = 0.02ms, total = 0.02ms, Queueing time: mean = 0.01ms, max = 0.01ms, min = 0.01ms, total = 0.01ms
	CoreWorker.deadline_timer.flush_task_events - 1 total (1 active), Execution time: mean = 0.00ms, total = 0.00ms, Queueing time: mean = 0.00ms, max = -0.00ms, min = 9223372036854.78ms, total = 0.00ms
Other Stats:
	gcs_grpc_in_progress:0
	event_aggregator_grpc_in_progress:0
	current number of task status events in buffer: 0
	current number of profile events in buffer: 0
	current number of dropped task attempts tracked: 0
	total task events sent: 0 MiB
	total number of task attempts sent: 0
	total number of task attempts dropped reported: 0
	total number of sent failure: 0
	num status task events dropped: 0
	num profile task events dropped: 0
	num ray task events reported to aggregator: 0
	num ray task events failed to report to aggregator: 0
	num of task attempts dropped reported to aggregator: 0
	num of failed requests to aggregator: 0

[2026-09-04 01:17:41,614 I 1576 3084] core_worker.cc:498: Event stats:


Global stats: 818 total (8 active)
Queueing time: mean = 0.02ms, max = 0.71ms, min = 0.00ms, total = 13.61ms
Execution time:  mean = 0.00ms, total = 3.27ms
Event stats:
	CoreWorker.RecoverObjects - 600 total (1 active), Execution time: mean = 0.00ms, total = 0.93ms, Queueing time: mean = 0.02ms, max = 0.71ms, min = 0.00ms, total = 9.90ms
	CoreWorker.ReportWorkerBacklog - 60 total (1 active), Execution time: mean = 0.00ms, total = 0.19ms, Queueing time: mean = 0.02ms, max = 0.05ms, min = 0.00ms, total = 1.02ms
	CoreWorker.ExitIfParentRayletDies - 60 total (1 active), Execution time: mean = 0.01ms, total = 0.40ms, Queueing time: mean = 0.01ms, max = 0.04ms, min = 0.00ms, total = 0.90ms
	CoreWorker.InternalHeartbeat - 60 total (1 active), Execution time: mean = 0.00ms, total = 0.14ms, Queueing time: mean = 0.02ms, max = 0.05ms, min = 0.00ms, total = 1.06ms
	CoreWorker.RecordMetrics - 12 total (1 active), Execution time: mean = 0.02ms, total = 0.23ms, Queueing time: mean = 0.01ms, max = 0.02ms, min = 0.00ms, total = 0.10ms
	PeriodicalRunner.RunFnPeriodically - 8 total (0 active), Execution time: mean = 0.01ms, total = 0.12ms, Queueing time: mean = 0.06ms, max = 0.10ms, min = 0.01ms, total = 0.49ms
	CoreWorker.TryDelPendingObjectRefStreams - 6 total (1 active), Execution time: mean = 0.00ms, total = 0.01ms, Queueing time: mean = 0.01ms, max = 0.02ms, min = 0.01ms, total = 0.07ms
	CoreWorkerService.grpc_server.GetCoreWorkerStats - 4 total (0 active), Execution time: mean = 0.19ms, total = 0.77ms, Queueing time: mean = 0.00ms, max = -0.00ms, min = 9223372036854.78ms, total = 0.00ms
	CoreWorkerService.grpc_server.GetCoreWorkerStats.HandleRequestImpl - 4 total (0 active), Execution time: mean = 0.04ms, total = 0.17ms, Queueing time: mean = 0.01ms, max = 0.02ms, min = 0.01ms, total = 0.06ms
	ray::rpc::WorkerInfoGcsService.grpc_client.AddWorkerInfo - 1 total (0 active), Execution time: mean = 0.29ms, total = 0.29ms, Queueing time: mean = 0.00ms, max = -0.00ms, min = 9223372036854.78ms, total = 0.00ms
	ray::rpc::WorkerInfoGcsService.grpc_client.AddWorkerInfo.OnReplyReceived - 1 total (0 active), Execution time: mean = 0.02ms, total = 0.02ms, Queueing time: mean = 0.01ms, max = 0.01ms, min = 0.01ms, total = 0.01ms
	Publisher.CheckDeadSubscribers - 1 total (1 active), Execution time: mean = 0.00ms, total = 0.00ms, Queueing time: mean = 0.00ms, max = -0.00ms, min = 9223372036854.78ms, total = 0.00ms
	CoreWorker.PrintEventStats - 1 total (1 active, 1 running), Execution time: mean = 0.00ms, total = 0.00ms, Queueing time: mean = 0.00ms, max = -0.00ms, min = 9223372036854.78ms, total = 0.00ms

-----------------
Task execution event stats:

Global stats: 5991 total (1 active)
Queueing time: mean = 0.02ms, max = 2.54ms, min = 0.00ms, total = 92.38ms
Execution time:  mean = 0.00ms, total = 12.22ms
Event stats:
	CoreWorker.CheckSignal - 5990 total (1 active), Execution time: mean = 0.00ms, total = 12.21ms, Queueing time: mean = 0.02ms, max = 2.54ms, min = 0.00ms, total = 92.37ms
	PeriodicalRunner.RunFnPeriodically - 1 total (0 active), Execution time: mean = 0.01ms, total = 0.01ms, Queueing time: mean = 0.00ms, max = 0.00ms, min = 0.00ms, total = 0.00ms

-----------------
Task Event stats:

IO Service Stats:

Global stats: 61 total (1 active)
Queueing time: mean = 0.02ms, max = 0.04ms, min = 0.01ms, total = 1.13ms
Execution time:  mean = 0.01ms, total = 0.35ms
Event stats:
	CoreWorker.deadline_timer.flush_task_events - 60 total (1 active), Execution time: mean = 0.01ms, total = 0.34ms, Queueing time: mean = 0.02ms, max = 0.04ms, min = 0.01ms, total = 1.13ms
	PeriodicalRunner.RunFnPeriodically - 1 total (0 active), Execution time: mean = 0.02ms, total = 0.02ms, Queueing time: mean = 0.01ms, max = 0.01ms, min = 0.01ms, total = 0.01ms
Other Stats:
	gcs_grpc_in_progress:0
	event_aggregator_grpc_in_progress:0
	current number of task status events in buffer: 0
	current number of profile events in buffer: 0
	current number of dropped task attempts tracked: 0
	total task events sent: 0 MiB
	total number of task attempts sent: 0
	total number of task attempts dropped reported: 0
	total number of sent failure: 0
	num status task events dropped: 0
	num profile task events dropped: 0
	num ray task events reported to aggregator: 0
	num ray task events failed to report to aggregator: 0
	num of task attempts dropped reported to aggregator: 0
	num of failed requests to aggregator: 0

[2026-09-04 01:18:41,614 I 1576 3084] core_worker.cc:498: Event stats:


Global stats: 1625 total (8 active)
Queueing time: mean = 0.02ms, max = 0.71ms, min = -0.01ms, total = 26.70ms
Execution time:  mean = 0.00ms, total = 6.62ms
Event stats:
	CoreWorker.RecoverObjects - 1200 total (1 active), Execution time: mean = 0.00ms, total = 2.18ms, Queueing time: mean = 0.02ms, max = 0.71ms, min = 0.00ms, total = 19.30ms
	CoreWorker.ReportWorkerBacklog - 120 total (1 active), Execution time: mean = 0.00ms, total = 0.45ms, Queueing time: mean = 0.02ms, max = 0.05ms, min = -0.01ms, total = 2.17ms
	CoreWorker.ExitIfParentRayletDies - 120 total (1 active), Execution time: mean = 0.01ms, total = 0.89ms, Queueing time: mean = 0.02ms, max = 0.04ms, min = 0.00ms, total = 1.83ms
	CoreWorker.InternalHeartbeat - 120 total (1 active), Execution time: mean = 0.00ms, total = 0.31ms, Queueing time: mean = 0.02ms, max = 0.05ms, min = 0.00ms, total = 2.31ms
	CoreWorker.RecordMetrics - 24 total (1 active), Execution time: mean = 0.02ms, total = 0.55ms, Queueing time: mean = 0.01ms, max = 0.02ms, min = 0.00ms, total = 0.24ms
	CoreWorker.TryDelPendingObjectRefStreams - 12 total (1 active), Execution time: mean = 0.00ms, total = 0.02ms, Queueing time: mean = 0.02ms, max = 0.07ms, min = 0.01ms, total = 0.23ms
	CoreWorkerService.grpc_server.GetCoreWorkerStats - 8 total (0 active), Execution time: mean = 0.17ms, total = 1.36ms, Queueing time: mean = 0.00ms, max = -0.00ms, min = 9223372036854.78ms, total = 0.00ms
	CoreWorkerService.grpc_server.GetCoreWorkerStats.HandleRequestImpl - 8 total (0 active), Execution time: mean = 0.03ms, total = 0.26ms, Queueing time: mean = 0.01ms, max = 0.02ms, min = 0.01ms, total = 0.11ms
	PeriodicalRunner.RunFnPeriodically - 8 total (0 active), Execution time: mean = 0.01ms, total = 0.12ms, Queueing time: mean = 0.06ms, max = 0.10ms, min = 0.01ms, total = 0.49ms
	CoreWorker.PrintEventStats - 2 total (1 active, 1 running), Execution time: mean = 0.08ms, total = 0.16ms, Queueing time: mean = 0.00ms, max = 0.01ms, min = 0.01ms, total = 0.01ms
	ray::rpc::WorkerInfoGcsService.grpc_client.AddWorkerInfo - 1 total (0 active), Execution time: mean = 0.29ms, total = 0.29ms, Queueing time: mean = 0.00ms, max = -0.00ms, min = 9223372036854.78ms, total = 0.00ms
	ray::rpc::WorkerInfoGcsService.grpc_client.AddWorkerInfo.OnReplyReceived - 1 total (0 active), Execution time: mean = 0.02ms, total = 0.02ms, Queueing time: mean = 0.01ms, max = 0.01ms, min = 0.01ms, total = 0.01ms
	Publisher.CheckDeadSubscribers - 1 total (1 active), Execution time: mean = 0.00ms, total = 0.00ms, Queueing time: mean = 0.00ms, max = -0.00ms, min = 9223372036854.78ms, total = 0.00ms

-----------------
Task execution event stats:

Global stats: 11979 total (1 active)
Queueing time: mean = 0.02ms, max = 2.54ms, min = -0.02ms, total = 196.81ms
Execution time:  mean = 0.00ms, total = 33.47ms
Event stats:
	CoreWorker.CheckSignal - 11978 total (1 active), Execution time: mean = 0.00ms, total = 33.47ms, Queueing time: mean = 0.02ms, max = 2.54ms, min = -0.02ms, total = 196.81ms
	PeriodicalRunner.RunFnPeriodically - 1 total (0 active), Execution time: mean = 0.01ms, total = 0.01ms, Queueing time: mean = 0.00ms, max = 0.00ms, min = 0.00ms, total = 0.00ms

-----------------
Task Event stats:

IO Service Stats:

Global stats: 121 total (1 active)
Queueing time: mean = 0.02ms, max = 0.04ms, min = -0.02ms, total = 2.38ms
Execution time:  mean = 0.01ms, total = 0.80ms
Event stats:
	CoreWorker.deadline_timer.flush_task_events - 120 total (1 active), Execution time: mean = 0.01ms, total = 0.78ms, Queueing time: mean = 0.02ms, max = 0.04ms, min = -0.02ms, total = 2.38ms
	PeriodicalRunner.RunFnPeriodically - 1 total (0 active), Execution time: mean = 0.02ms, total = 0.02ms, Queueing time: mean = 0.01ms, max = 0.01ms, min = 0.01ms, total = 0.01ms
Other Stats:
	gcs_grpc_in_progress:0
	event_aggregator_grpc_in_progress:0
	current number of task status events in buffer: 0
	current number of profile events in buffer: 0
	current number of dropped task attempts tracked: 0
	total task events sent: 0 MiB
	total number of task attempts sent: 0
	total number of task attempts dropped reported: 0
	total number of sent failure: 0
	num status task events dropped: 0
	num profile task events dropped: 0
	num ray task events reported to aggregator: 0
	num ray task events failed to report to aggregator: 0
	num of task attempts dropped reported to aggregator: 0
	num of failed requests to aggregator: 0

[2026-09-04 01:19:41,614 I 1576 3084] core_worker.cc:498: Event stats:


Global stats: 2432 total (8 active)
Queueing time: mean = 0.02ms, max = 0.71ms, min = -0.01ms, total = 40.35ms
Execution time:  mean = 0.00ms, total = 10.22ms
Event stats:
	CoreWorker.RecoverObjects - 1800 total (1 active), Execution time: mean = 0.00ms, total = 3.65ms, Queueing time: mean = 0.02ms, max = 0.71ms, min = -0.01ms, total = 29.17ms
	CoreWorker.ReportWorkerBacklog - 180 total (1 active), Execution time: mean = 0.00ms, total = 0.69ms, Queueing time: mean = 0.02ms, max = 0.05ms, min = -0.01ms, total = 3.32ms
	CoreWorker.ExitIfParentRayletDies - 180 total (1 active), Execution time: mean = 0.01ms, total = 1.31ms, Queueing time: mean = 0.02ms, max = 0.04ms, min = 0.00ms, total = 2.82ms
	CoreWorker.InternalHeartbeat - 180 total (1 active), Execution time: mean = 0.00ms, total = 0.49ms, Queueing time: mean = 0.02ms, max = 0.05ms, min = 0.00ms, total = 3.51ms
	CoreWorker.RecordMetrics - 36 total (1 active), Execution time: mean = 0.02ms, total = 0.81ms, Queueing time: mean = 0.01ms, max = 0.04ms, min = 0.00ms, total = 0.39ms
	CoreWorker.TryDelPendingObjectRefStreams - 18 total (1 active), Execution time: mean = 0.00ms, total = 0.04ms, Queueing time: mean = 0.02ms, max = 0.10ms, min = 0.01ms, total = 0.42ms
	CoreWorkerService.grpc_server.GetCoreWorkerStats - 12 total (0 active), Execution time: mean = 0.18ms, total = 2.11ms, Queueing time: mean = 0.00ms, max = -0.00ms, min = 9223372036854.78ms, total = 0.00ms
	CoreWorkerService.grpc_server.GetCoreWorkerStats.HandleRequestImpl - 12 total (0 active), Execution time: mean = 0.03ms, total = 0.35ms, Queueing time: mean = 0.02ms, max = 0.05ms, min = 0.01ms, total = 0.19ms
	PeriodicalRunner.RunFnPeriodically - 8 total (0 active), Execution time: mean = 0.01ms, total = 0.12ms, Queueing time: mean = 0.06ms, max = 0.10ms, min = 0.01ms, total = 0.49ms
	CoreWorker.PrintEventStats - 3 total (1 active, 1 running), Execution time: mean = 0.12ms, total = 0.36ms, Queueing time: mean = 0.01ms, max = 0.01ms, min = 0.01ms, total = 0.02ms
	ray::rpc::WorkerInfoGcsService.grpc_client.AddWorkerInfo - 1 total (0 active), Execution time: mean = 0.29ms, total = 0.29ms, Queueing time: mean = 0.00ms, max = -0.00ms, min = 9223372036854.78ms, total = 0.00ms
	ray::rpc::WorkerInfoGcsService.grpc_client.AddWorkerInfo.OnReplyReceived - 1 total (0 active), Execution time: mean = 0.02ms, total = 0.02ms, Queueing time: mean = 0.01ms, max = 0.01ms, min = 0.01ms, total = 0.01ms
	Publisher.CheckDeadSubscribers - 1 total (1 active), Execution time: mean = 0.00ms, total = 0.00ms, Queueing time: mean = 0.00ms, max = -0.00ms, min = 9223372036854.78ms, total = 0.00ms

-----------------
Task execution event stats:

Global stats: 17968 total (1 active)
Queueing time: mean = 0.02ms, max = 2.54ms, min = -0.02ms, total = 294.92ms
Execution time:  mean = 0.00ms, total = 49.60ms
Event stats:
	CoreWorker.CheckSignal - 17967 total (1 active), Execution time: mean = 0.00ms, total = 49.60ms, Queueing time: mean = 0.02ms, max = 2.54ms, min = -0.02ms, total = 294.92ms
	PeriodicalRunner.RunFnPeriodically - 1 total (0 active), Execution time: mean = 0.01ms, total = 0.01ms, Queueing time: mean = 0.00ms, max = 0.00ms, min = 0.00ms, total = 0.00ms

-----------------
Task Event stats:

IO Service Stats:

Global stats: 181 total (1 active)
Queueing time: mean = 0.02ms, max = 0.05ms, min = -0.02ms, total = 3.73ms
Execution time:  mean = 0.01ms, total = 1.25ms
Event stats:
	CoreWorker.deadline_timer.flush_task_events - 180 total (1 active), Execution time: mean = 0.01ms, total = 1.24ms, Queueing time: mean = 0.02ms, max = 0.05ms, min = -0.02ms, total = 3.72ms
	PeriodicalRunner.RunFnPeriodically - 1 total (0 active), Execution time: mean = 0.02ms, total = 0.02ms, Queueing time: mean = 0.01ms, max = 0.01ms, min = 0.01ms, total = 0.01ms
Other Stats:
	gcs_grpc_in_progress:0
	event_aggregator_grpc_in_progress:0
	current number of task status events in buffer: 0
	current number of profile events in buffer: 0
	current number of dropped task attempts tracked: 0
	total task events sent: 0 MiB
	total number of task attempts sent: 0
	total number of task attempts dropped reported: 0
	total number of sent failure: 0
	num status task events dropped: 0
	num profile task events dropped: 0
	num ray task events reported to aggregator: 0
	num ray task events failed to report to aggregator: 0
	num of task attempts dropped reported to aggregator: 0
	num of failed requests to aggregator: 0

[2026-09-04 01:20:41,614 I 1576 3084] core_worker.cc:498: Event stats:


Global stats: 3239 total (8 active)
Queueing time: mean = 0.02ms, max = 0.71ms, min = -0.01ms, total = 56.54ms
Execution time:  mean = 0.00ms, total = 13.86ms
Event stats:
	CoreWorker.RecoverObjects - 2400 total (1 active), Execution time: mean = 0.00ms, total = 5.09ms, Queueing time: mean = 0.02ms, max = 0.71ms, min = -0.01ms, total = 40.71ms
	CoreWorker.ReportWorkerBacklog - 240 total (1 active), Execution time: mean = 0.00ms, total = 0.88ms, Queueing time: mean = 0.02ms, max = 0.09ms, min = -0.01ms, total = 4.77ms
	CoreWorker.ExitIfParentRayletDies - 240 total (1 active), Execution time: mean = 0.01ms, total = 1.67ms, Queueing time: mean = 0.02ms, max = 0.04ms, min = 0.00ms, total = 4.11ms
	CoreWorker.InternalHeartbeat - 240 total (1 active), Execution time: mean = 0.00ms, total = 0.64ms, Queueing time: mean = 0.02ms, max = 0.05ms, min = 0.00ms, total = 5.00ms
	CoreWorker.RecordMetrics - 48 total (1 active), Execution time: mean = 0.02ms, total = 1.07ms, Queueing time: mean = 0.01ms, max = 0.04ms, min = 0.00ms, total = 0.59ms
	CoreWorker.TryDelPendingObjectRefStreams - 24 total (1 active), Execution time: mean = 0.00ms, total = 0.05ms, Queueing time: mean = 0.02ms, max = 0.10ms, min = 0.01ms, total = 0.55ms
	CoreWorkerService.grpc_server.GetCoreWorkerStats - 16 total (0 active), Execution time: mean = 0.19ms, total = 3.10ms, Queueing time: mean = 0.00ms, max = -0.00ms, min = 9223372036854.78ms, total = 0.00ms
	CoreWorkerService.grpc_server.GetCoreWorkerStats.HandleRequestImpl - 16 total (0 active), Execution time: mean = 0.03ms, total = 0.45ms, Queueing time: mean = 0.02ms, max = 0.05ms, min = 0.01ms, total = 0.30ms
	PeriodicalRunner.RunFnPeriodically - 8 total (0 active), Execution time: mean = 0.01ms, total = 0.12ms, Queueing time: mean = 0.06ms, max = 0.10ms, min = 0.01ms, total = 0.49ms
	CoreWorker.PrintEventStats - 4 total (1 active, 1 running), Execution time: mean = 0.12ms, total = 0.49ms, Queueing time: mean = 0.01ms, max = 0.01ms, min = 0.01ms, total = 0.03ms
	ray::rpc::WorkerInfoGcsService.grpc_client.AddWorkerInfo - 1 total (0 active), Execution time: mean = 0.29ms, total = 0.29ms, Queueing time: mean = 0.00ms, max = -0.00ms, min = 9223372036854.78ms, total = 0.00ms
	ray::rpc::WorkerInfoGcsService.grpc_client.AddWorkerInfo.OnReplyReceived - 1 total (0 active), Execution time: mean = 0.02ms, total = 0.02ms, Queueing time: mean = 0.01ms, max = 0.01ms, min = 0.01ms, total = 0.01ms
	Publisher.CheckDeadSubscribers - 1 total (1 active), Execution time: mean = 0.00ms, total = 0.00ms, Queueing time: mean = 0.00ms, max = -0.00ms, min = 9223372036854.78ms, total = 0.00ms

-----------------
Task execution event stats:

Global stats: 23954 total (1 active)
Queueing time: mean = 0.02ms, max = 2.54ms, min = -0.02ms, total = 426.05ms
Execution time:  mean = 0.00ms, total = 67.38ms
Event stats:
	CoreWorker.CheckSignal - 23953 total (1 active), Execution time: mean = 0.00ms, total = 67.37ms, Queueing time: mean = 0.02ms, max = 2.54ms, min = -0.02ms, total = 426.05ms
	PeriodicalRunner.RunFnPeriodically - 1 total (0 active), Execution time: mean = 0.01ms, total = 0.01ms, Queueing time: mean = 0.00ms, max = 0.00ms, min = 0.00ms, total = 0.00ms

-----------------
Task Event stats:

IO Service Stats:

Global stats: 241 total (1 active)
Queueing time: mean = 0.02ms, max = 0.05ms, min = -0.02ms, total = 5.14ms
Execution time:  mean = 0.01ms, total = 1.84ms
Event stats:
	CoreWorker.deadline_timer.flush_task_events - 240 total (1 active), Execution time: mean = 0.01ms, total = 1.82ms, Queueing time: mean = 0.02ms, max = 0.05ms, min = -0.02ms, total = 5.13ms
	PeriodicalRunner.RunFnPeriodically - 1 total (0 active), Execution time: mean = 0.02ms, total = 0.02ms, Queueing time: mean = 0.01ms, max = 0.01ms, min = 0.01ms, total = 0.01ms
Other Stats:
	gcs_grpc_in_progress:0
	event_aggregator_grpc_in_progress:0
	current number of task status events in buffer: 0
	current number of profile events in buffer: 0
	current number of dropped task attempts tracked: 0
	total task events sent: 0 MiB
	total number of task attempts sent: 0
	total number of task attempts dropped reported: 0
	total number of sent failure: 0
	num status task events dropped: 0
	num profile task events dropped: 0
	num ray task events reported to aggregator: 0
	num ray task events failed to report to aggregator: 0
	num of task attempts dropped reported to aggregator: 0
	num of failed requests to aggregator: 0

[2026-09-04 01:21:41,614 I 1576 3084] core_worker.cc:498: Event stats:


Global stats: 4047 total (8 active)
Queueing time: mean = 0.02ms, max = 0.71ms, min = -0.01ms, total = 69.96ms
Execution time:  mean = 0.00ms, total = 16.76ms
Event stats:
	CoreWorker.RecoverObjects - 3000 total (1 active), Execution time: mean = 0.00ms, total = 6.32ms, Queueing time: mean = 0.02ms, max = 0.71ms, min = -0.01ms, total = 50.69ms
	CoreWorker.ReportWorkerBacklog - 300 total (1 active), Execution time: mean = 0.00ms, total = 1.07ms, Queueing time: mean = 0.02ms, max = 0.09ms, min = -0.01ms, total = 5.82ms
	CoreWorker.ExitIfParentRayletDies - 300 total (1 active), Execution time: mean = 0.01ms, total = 1.97ms, Queueing time: mean = 0.02ms, max = 0.04ms, min = 0.00ms, total = 5.06ms
	CoreWorker.InternalHeartbeat - 300 total (1 active), Execution time: mean = 0.00ms, total = 0.77ms, Queueing time: mean = 0.02ms, max = 0.05ms, min = 0.00ms, total = 6.10ms
	CoreWorker.RecordMetrics - 60 total (1 active), Execution time: mean = 0.02ms, total = 1.30ms, Queueing time: mean = 0.01ms, max = 0.04ms, min = 0.00ms, total = 0.72ms
	CoreWorker.TryDelPendingObjectRefStreams - 30 total (1 active), Execution time: mean = 0.00ms, total = 0.06ms, Queueing time: mean = 0.02ms, max = 0.10ms, min = 0.01ms, total = 0.68ms
	CoreWorkerService.grpc_server.GetCoreWorkerStats - 20 total (0 active), Execution time: mean = 0.19ms, total = 3.71ms, Queueing time: mean = 0.00ms, max = -0.00ms, min = 9223372036854.78ms, total = 0.00ms
	CoreWorkerService.grpc_server.GetCoreWorkerStats.HandleRequestImpl - 20 total (0 active), Execution time: mean = 0.03ms, total = 0.52ms, Queueing time: mean = 0.02ms, max = 0.05ms, min = 0.01ms, total = 0.35ms
	PeriodicalRunner.RunFnPeriodically - 8 total (0 active), Execution time: mean = 0.01ms, total = 0.12ms, Queueing time: mean = 0.06ms, max = 0.10ms, min = 0.01ms, total = 0.49ms
	CoreWorker.PrintEventStats - 5 total (1 active, 1 running), Execution time: mean = 0.12ms, total = 0.61ms, Queueing time: mean = 0.01ms, max = 0.01ms, min = 0.00ms, total = 0.03ms
	Publisher.CheckDeadSubscribers - 2 total (1 active), Execution time: mean = 0.00ms, total = 0.00ms, Queueing time: mean = 0.00ms, max = 0.00ms, min = 0.00ms, total = 0.00ms
	ray::rpc::WorkerInfoGcsService.grpc_client.AddWorkerInfo - 1 total (0 active), Execution time: mean = 0.29ms, total = 0.29ms, Queueing time: mean = 0.00ms, max = -0.00ms, min = 9223372036854.78ms, total = 0.00ms
	ray::rpc::WorkerInfoGcsService.grpc_client.AddWorkerInfo.OnReplyReceived - 1 total (0 active), Execution time: mean = 0.02ms, total = 0.02ms, Queueing time: mean = 0.01ms, max = 0.01ms, min = 0.01ms, total = 0.01ms

-----------------
Task execution event stats:

Global stats: 29942 total (1 active)
Queueing time: mean = 0.02ms, max = 2.54ms, min = -0.02ms, total = 534.79ms
Execution time:  mean = 0.00ms, total = 83.08ms
Event stats:
	CoreWorker.CheckSignal - 29941 total (1 active), Execution time: mean = 0.00ms, total = 83.07ms, Queueing time: mean = 0.02ms, max = 2.54ms, min = -0.02ms, total = 534.79ms
	PeriodicalRunner.RunFnPeriodically - 1 total (0 active), Execution time: mean = 0.01ms, total = 0.01ms, Queueing time: mean = 0.00ms, max = 0.00ms, min = 0.00ms, total = 0.00ms

-----------------
Task Event stats:

IO Service Stats:

Global stats: 301 total (1 active)
Queueing time: mean = 0.02ms, max = 0.05ms, min = -0.02ms, total = 6.45ms
Execution time:  mean = 0.01ms, total = 2.34ms
Event stats:
	CoreWorker.deadline_timer.flush_task_events - 300 total (1 active), Execution time: mean = 0.01ms, total = 2.32ms, Queueing time: mean = 0.02ms, max = 0.05ms, min = -0.02ms, total = 6.44ms
	PeriodicalRunner.RunFnPeriodically - 1 total (0 active), Execution time: mean = 0.02ms, total = 0.02ms, Queueing time: mean = 0.01ms, max = 0.01ms, min = 0.01ms, total = 0.01ms
Other Stats:
	gcs_grpc_in_progress:0
	event_aggregator_grpc_in_progress:0
	current number of task status events in buffer: 0
	current number of profile events in buffer: 0
	current number of dropped task attempts tracked: 0
	total task events sent: 0 MiB
	total number of task attempts sent: 0
	total number of task attempts dropped reported: 0
	total number of sent failure: 0
	num status task events dropped: 0
	num profile task events dropped: 0
	num ray task events reported to aggregator: 0
	num ray task events failed to report to aggregator: 0
	num of task attempts dropped reported to aggregator: 0
	num of failed requests to aggregator: 0

[2026-09-04 01:22:41,614 I 1576 3084] core_worker.cc:498: Event stats:


Global stats: 4854 total (8 active)
Queueing time: mean = 0.02ms, max = 0.71ms, min = -0.01ms, total = 81.70ms
Execution time:  mean = 0.00ms, total = 19.48ms
Event stats:
	CoreWorker.RecoverObjects - 3600 total (1 active), Execution time: mean = 0.00ms, total = 7.48ms, Queueing time: mean = 0.02ms, max = 0.71ms, min = -0.01ms, total = 59.54ms
	CoreWorker.ReportWorkerBacklog - 360 total (1 active), Execution time: mean = 0.00ms, total = 1.24ms, Queueing time: mean = 0.02ms, max = 0.09ms, min = -0.01ms, total = 6.69ms
	CoreWorker.ExitIfParentRayletDies - 360 total (1 active), Execution time: mean = 0.01ms, total = 2.23ms, Queueing time: mean = 0.02ms, max = 0.04ms, min = 0.00ms, total = 5.85ms
	CoreWorker.InternalHeartbeat - 360 total (1 active), Execution time: mean = 0.00ms, total = 0.91ms, Queueing time: mean = 0.02ms, max = 0.05ms, min = 0.00ms, total = 7.00ms
	CoreWorker.RecordMetrics - 72 total (1 active), Execution time: mean = 0.02ms, total = 1.51ms, Queueing time: mean = 0.01ms, max = 0.04ms, min = 0.00ms, total = 0.85ms
	CoreWorker.TryDelPendingObjectRefStreams - 36 total (1 active), Execution time: mean = 0.00ms, total = 0.07ms, Queueing time: mean = 0.02ms, max = 0.10ms, min = 0.01ms, total = 0.82ms
	CoreWorkerService.grpc_server.GetCoreWorkerStats - 24 total (0 active), Execution time: mean = 0.18ms, total = 4.25ms, Queueing time: mean = 0.00ms, max = -0.00ms, min = 9223372036854.78ms, total = 0.00ms
	CoreWorkerService.grpc_server.GetCoreWorkerStats.HandleRequestImpl - 24 total (0 active), Execution time: mean = 0.03ms, total = 0.60ms, Queueing time: mean = 0.02ms, max = 0.05ms, min = 0.01ms, total = 0.40ms
	PeriodicalRunner.RunFnPeriodically - 8 total (0 active), Execution time: mean = 0.01ms, total = 0.12ms, Queueing time: mean = 0.06ms, max = 0.10ms, min = 0.01ms, total = 0.49ms
	CoreWorker.PrintEventStats - 6 total (1 active, 1 running), Execution time: mean = 0.13ms, total = 0.77ms, Queueing time: mean = 0.01ms, max = 0.01ms, min = 0.00ms, total = 0.04ms
	Publisher.CheckDeadSubscribers - 2 total (1 active), Execution time: mean = 0.00ms, total = 0.00ms, Queueing time: mean = 0.00ms, max = 0.00ms, min = 0.00ms, total = 0.00ms
	ray::rpc::WorkerInfoGcsService.grpc_client.AddWorkerInfo - 1 total (0 active), Execution time: mean = 0.29ms, total = 0.29ms, Queueing time: mean = 0.00ms, max = -0.00ms, min = 9223372036854.78ms, total = 0.00ms
	ray::rpc::WorkerInfoGcsService.grpc_client.AddWorkerInfo.OnReplyReceived - 1 total (0 active), Execution time: mean = 0.02ms, total = 0.02ms, Queueing time: mean = 0.01ms, max = 0.01ms, min = 0.01ms, total = 0.01ms

-----------------
Task execution event stats:

Global stats: 35934 total (1 active)
Queueing time: mean = 0.02ms, max = 2.54ms, min = -0.02ms, total = 605.42ms
Execution time:  mean = 0.00ms, total = 93.09ms
Event stats:
	CoreWorker.CheckSignal - 35933 total (1 active), Execution time: mean = 0.00ms, total = 93.09ms, Queueing time: mean = 0.02ms, max = 2.54ms, min = -0.02ms, total = 605.41ms
	PeriodicalRunner.RunFnPeriodically - 1 total (0 active), Execution time: mean = 0.01ms, total = 0.01ms, Queueing time: mean = 0.00ms, max = 0.00ms, min = 0.00ms, total = 0.00ms

-----------------
Task Event stats:

IO Service Stats:

Global stats: 361 total (1 active)
Queueing time: mean = 0.02ms, max = 0.05ms, min = -0.02ms, total = 7.47ms
Execution time:  mean = 0.01ms, total = 2.71ms
Event stats:
	CoreWorker.deadline_timer.flush_task_events - 360 total (1 active), Execution time: mean = 0.01ms, total = 2.69ms, Queueing time: mean = 0.02ms, max = 0.05ms, min = -0.02ms, total = 7.46ms
	PeriodicalRunner.RunFnPeriodically - 1 total (0 active), Execution time: mean = 0.02ms, total = 0.02ms, Queueing time: mean = 0.01ms, max = 0.01ms, min = 0.01ms, total = 0.01ms
Other Stats:
	gcs_grpc_in_progress:0
	event_aggregator_grpc_in_progress:0
	current number of task status events in buffer: 0
	current number of profile events in buffer: 0
	current number of dropped task attempts tracked: 0
	total task events sent: 0 MiB
	total number of task attempts sent: 0
	total number of task attempts dropped reported: 0
	total number of sent failure: 0
	num status task events dropped: 0
	num profile task events dropped: 0
	num ray task events reported to aggregator: 0
	num ray task events failed to report to aggregator: 0
	num of task attempts dropped reported to aggregator: 0
	num of failed requests to aggregator: 0

[2026-09-04 01:23:41,615 I 1576 3084] core_worker.cc:498: Event stats:


Global stats: 5661 total (8 active)
Queueing time: mean = 0.02ms, max = 0.71ms, min = -0.01ms, total = 95.17ms
Execution time:  mean = 0.00ms, total = 22.71ms
Event stats:
	CoreWorker.RecoverObjects - 4200 total (1 active), Execution time: mean = 0.00ms, total = 8.91ms, Queueing time: mean = 0.02ms, max = 0.71ms, min = -0.01ms, total = 69.74ms
	CoreWorker.ReportWorkerBacklog - 420 total (1 active), Execution time: mean = 0.00ms, total = 1.42ms, Queueing time: mean = 0.02ms, max = 0.09ms, min = -0.01ms, total = 7.69ms
	CoreWorker.ExitIfParentRayletDies - 420 total (1 active), Execution time: mean = 0.01ms, total = 2.50ms, Queueing time: mean = 0.02ms, max = 0.05ms, min = 0.00ms, total = 6.76ms
	CoreWorker.InternalHeartbeat - 420 total (1 active), Execution time: mean = 0.00ms, total = 1.09ms, Queueing time: mean = 0.02ms, max = 0.06ms, min = 0.00ms, total = 8.00ms
	CoreWorker.RecordMetrics - 84 total (1 active), Execution time: mean = 0.02ms, total = 1.71ms, Queueing time: mean = 0.01ms, max = 0.04ms, min = 0.00ms, total = 0.97ms
	CoreWorker.TryDelPendingObjectRefStreams - 42 total (1 active), Execution time: mean = 0.00ms, total = 0.08ms, Queueing time: mean = 0.02ms, max = 0.10ms, min = 0.01ms, total = 0.95ms
	CoreWorkerService.grpc_server.GetCoreWorkerStats - 28 total (0 active), Execution time: mean = 0.18ms, total = 4.99ms, Queueing time: mean = 0.00ms, max = -0.00ms, min = 9223372036854.78ms, total = 0.00ms
	CoreWorkerService.grpc_server.GetCoreWorkerStats.HandleRequestImpl - 28 total (0 active), Execution time: mean = 0.02ms, total = 0.69ms, Queueing time: mean = 0.02ms, max = 0.05ms, min = 0.01ms, total = 0.49ms
	PeriodicalRunner.RunFnPeriodically - 8 total (0 active), Execution time: mean = 0.01ms, total = 0.12ms, Queueing time: mean = 0.06ms, max = 0.10ms, min = 0.01ms, total = 0.49ms
	CoreWorker.PrintEventStats - 7 total (1 active, 1 running), Execution time: mean = 0.13ms, total = 0.91ms, Queueing time: mean = 0.01ms, max = 0.03ms, min = 0.00ms, total = 0.06ms
	Publisher.CheckDeadSubscribers - 2 total (1 active), Execution time: mean = 0.00ms, total = 0.00ms, Queueing time: mean = 0.00ms, max = 0.00ms, min = 0.00ms, total = 0.00ms
	ray::rpc::WorkerInfoGcsService.grpc_client.AddWorkerInfo - 1 total (0 active), Execution time: mean = 0.29ms, total = 0.29ms, Queueing time: mean = 0.00ms, max = -0.00ms, min = 9223372036854.78ms, total = 0.00ms
	ray::rpc::WorkerInfoGcsService.grpc_client.AddWorkerInfo.OnReplyReceived - 1 total (0 active), Execution time: mean = 0.02ms, total = 0.02ms, Queueing time: mean = 0.01ms, max = 0.01ms, min = 0.01ms, total = 0.01ms

-----------------
Task execution event stats:

Global stats: 41926 total (1 active)
Queueing time: mean = 0.02ms, max = 2.54ms, min = -0.02ms, total = 684.77ms
Execution time:  mean = 0.00ms, total = 104.15ms
Event stats:
	CoreWorker.CheckSignal - 41925 total (1 active), Execution time: mean = 0.00ms, total = 104.14ms, Queueing time: mean = 0.02ms, max = 2.54ms, min = -0.02ms, total = 684.77ms
	PeriodicalRunner.RunFnPeriodically - 1 total (0 active), Execution time: mean = 0.01ms, total = 0.01ms, Queueing time: mean = 0.00ms, max = 0.00ms, min = 0.00ms, total = 0.00ms

-----------------
Task Event stats:

IO Service Stats:

Global stats: 421 total (1 active)
Queueing time: mean = 0.02ms, max = 0.05ms, min = -0.02ms, total = 8.52ms
Execution time:  mean = 0.01ms, total = 3.09ms
Event stats:
	CoreWorker.deadline_timer.flush_task_events - 420 total (1 active), Execution time: mean = 0.01ms, total = 3.08ms, Queueing time: mean = 0.02ms, max = 0.05ms, min = -0.02ms, total = 8.51ms
	PeriodicalRunner.RunFnPeriodically - 1 total (0 active), Execution time: mean = 0.02ms, total = 0.02ms, Queueing time: mean = 0.01ms, max = 0.01ms, min = 0.01ms, total = 0.01ms
Other Stats:
	gcs_grpc_in_progress:0
	event_aggregator_grpc_in_progress:0
	current number of task status events in buffer: 0
	current number of profile events in buffer: 0
	current number of dropped task attempts tracked: 0
	total task events sent: 0 MiB
	total number of task attempts sent: 0
	total number of task attempts dropped reported: 0
	total number of sent failure: 0
	num status task events dropped: 0
	num profile task events dropped: 0
	num ray task events reported to aggregator: 0
	num ray task events failed to report to aggregator: 0
	num of task attempts dropped reported to aggregator: 0
	num of failed requests to aggregator: 0

[2026-09-04 01:24:41,615 I 1576 3084] core_worker.cc:498: Event stats:


Global stats: 6468 total (8 active)
Queueing time: mean = 0.02ms, max = 0.71ms, min = -0.01ms, total = 107.01ms
Execution time:  mean = 0.00ms, total = 25.60ms
Event stats:
	CoreWorker.RecoverObjects - 4800 total (1 active), Execution time: mean = 0.00ms, total = 10.18ms, Queueing time: mean = 0.02ms, max = 0.71ms, min = -0.01ms, total = 78.78ms
	CoreWorker.ReportWorkerBacklog - 480 total (1 active), Execution time: mean = 0.00ms, total = 1.58ms, Queueing time: mean = 0.02ms, max = 0.09ms, min = -0.01ms, total = 8.54ms
	CoreWorker.ExitIfParentRayletDies - 480 total (1 active), Execution time: mean = 0.01ms, total = 2.75ms, Queueing time: mean = 0.02ms, max = 0.05ms, min = 0.00ms, total = 7.52ms
	CoreWorker.InternalHeartbeat - 480 total (1 active), Execution time: mean = 0.00ms, total = 1.24ms, Queueing time: mean = 0.02ms, max = 0.06ms, min = 0.00ms, total = 8.85ms
	CoreWorker.RecordMetrics - 96 total (1 active), Execution time: mean = 0.02ms, total = 1.91ms, Queueing time: mean = 0.01ms, max = 0.04ms, min = 0.00ms, total = 1.06ms
	CoreWorker.TryDelPendingObjectRefStreams - 48 total (1 active), Execution time: mean = 0.00ms, total = 0.09ms, Queueing time: mean = 0.02ms, max = 0.11ms, min = 0.01ms, total = 1.13ms
	CoreWorkerService.grpc_server.GetCoreWorkerStats - 32 total (0 active), Execution time: mean = 0.17ms, total = 5.57ms, Queueing time: mean = 0.00ms, max = -0.00ms, min = 9223372036854.78ms, total = 0.00ms
	CoreWorkerService.grpc_server.GetCoreWorkerStats.HandleRequestImpl - 32 total (0 active), Execution time: mean = 0.02ms, total = 0.77ms, Queueing time: mean = 0.02ms, max = 0.05ms, min = 0.01ms, total = 0.54ms
	PeriodicalRunner.RunFnPeriodically - 8 total (0 active), Execution time: mean = 0.01ms, total = 0.12ms, Queueing time: mean = 0.06ms, max = 0.10ms, min = 0.01ms, total = 0.49ms
	CoreWorker.PrintEventStats - 8 total (1 active, 1 running), Execution time: mean = 0.13ms, total = 1.07ms, Queueing time: mean = 0.01ms, max = 0.03ms, min = 0.00ms, total = 0.07ms
	Publisher.CheckDeadSubscribers - 2 total (1 active), Execution time: mean = 0.00ms, total = 0.00ms, Queueing time: mean = 0.00ms, max = 0.00ms, min = 0.00ms, total = 0.00ms
	ray::rpc::WorkerInfoGcsService.grpc_client.AddWorkerInfo - 1 total (0 active), Execution time: mean = 0.29ms, total = 0.29ms, Queueing time: mean = 0.00ms, max = -0.00ms, min = 9223372036854.78ms, total = 0.00ms
	ray::rpc::WorkerInfoGcsService.grpc_client.AddWorkerInfo.OnReplyReceived - 1 total (0 active), Execution time: mean = 0.02ms, total = 0.02ms, Queueing time: mean = 0.01ms, max = 0.01ms, min = 0.01ms, total = 0.01ms

-----------------
Task execution event stats:

Global stats: 47918 total (1 active)
Queueing time: mean = 0.02ms, max = 2.54ms, min = -0.02ms, total = 760.26ms
Execution time:  mean = 0.00ms, total = 114.28ms
Event stats:
	CoreWorker.CheckSignal - 47917 total (1 active), Execution time: mean = 0.00ms, total = 114.28ms, Queueing time: mean = 0.02ms, max = 2.54ms, min = -0.02ms, total = 760.26ms
	PeriodicalRunner.RunFnPeriodically - 1 total (0 active), Execution time: mean = 0.01ms, total = 0.01ms, Queueing time: mean = 0.00ms, max = 0.00ms, min = 0.00ms, total = 0.00ms

-----------------
Task Event stats:

IO Service Stats:

Global stats: 481 total (1 active)
Queueing time: mean = 0.02ms, max = 0.05ms, min = -0.02ms, total = 9.68ms
Execution time:  mean = 0.01ms, total = 3.60ms
Event stats:
	CoreWorker.deadline_timer.flush_task_events - 480 total (1 active), Execution time: mean = 0.01ms, total = 3.58ms, Queueing time: mean = 0.02ms, max = 0.05ms, min = -0.02ms, total = 9.67ms
	PeriodicalRunner.RunFnPeriodically - 1 total (0 active), Execution time: mean = 0.02ms, total = 0.02ms, Queueing time: mean = 0.01ms, max = 0.01ms, min = 0.01ms, total = 0.01ms
Other Stats:
	gcs_grpc_in_progress:0
	event_aggregator_grpc_in_progress:0
	current number of task status events in buffer: 0
	current number of profile events in buffer: 0
	current number of dropped task attempts tracked: 0
	total task events sent: 0 MiB
	total number of task attempts sent: 0
	total number of task attempts dropped reported: 0
	total number of sent failure: 0
	num status task events dropped: 0
	num profile task events dropped: 0
	num ray task events reported to aggregator: 0
	num ray task events failed to report to aggregator: 0
	num of task attempts dropped reported to aggregator: 0
	num of failed requests to aggregator: 0

[2026-09-04 01:25:41,615 I 1576 3084] core_worker.cc:498: Event stats:


Global stats: 7275 total (8 active)
Queueing time: mean = 0.02ms, max = 0.71ms, min = -0.01ms, total = 118.53ms
Execution time:  mean = 0.00ms, total = 28.57ms
Event stats:
	CoreWorker.RecoverObjects - 5400 total (1 active), Execution time: mean = 0.00ms, total = 11.35ms, Queueing time: mean = 0.02ms, max = 0.71ms, min = -0.01ms, total = 87.34ms
	CoreWorker.ReportWorkerBacklog - 540 total (1 active), Execution time: mean = 0.00ms, total = 1.74ms, Queueing time: mean = 0.02ms, max = 0.10ms, min = -0.01ms, total = 9.43ms
	CoreWorker.ExitIfParentRayletDies - 540 total (1 active), Execution time: mean = 0.01ms, total = 2.99ms, Queueing time: mean = 0.02ms, max = 0.08ms, min = 0.00ms, total = 8.34ms
	CoreWorker.InternalHeartbeat - 540 total (1 active), Execution time: mean = 0.00ms, total = 1.37ms, Queueing time: mean = 0.02ms, max = 0.09ms, min = 0.00ms, total = 9.77ms
	CoreWorker.RecordMetrics - 108 total (1 active), Execution time: mean = 0.02ms, total = 2.11ms, Queueing time: mean = 0.01ms, max = 0.04ms, min = 0.00ms, total = 1.17ms
	CoreWorker.TryDelPendingObjectRefStreams - 54 total (1 active), Execution time: mean = 0.00ms, total = 0.10ms, Queueing time: mean = 0.02ms, max = 0.11ms, min = 0.01ms, total = 1.27ms
	CoreWorkerService.grpc_server.GetCoreWorkerStats - 36 total (0 active), Execution time: mean = 0.18ms, total = 6.43ms, Queueing time: mean = 0.00ms, max = -0.00ms, min = 9223372036854.78ms, total = 0.00ms
	CoreWorkerService.grpc_server.GetCoreWorkerStats.HandleRequestImpl - 36 total (0 active), Execution time: mean = 0.02ms, total = 0.86ms, Queueing time: mean = 0.02ms, max = 0.05ms, min = 0.01ms, total = 0.62ms
	CoreWorker.PrintEventStats - 9 total (1 active, 1 running), Execution time: mean = 0.13ms, total = 1.20ms, Queueing time: mean = 0.01ms, max = 0.03ms, min = 0.00ms, total = 0.08ms
	PeriodicalRunner.RunFnPeriodically - 8 total (0 active), Execution time: mean = 0.01ms, total = 0.12ms, Queueing time: mean = 0.06ms, max = 0.10ms, min = 0.01ms, total = 0.49ms
	Publisher.CheckDeadSubscribers - 2 total (1 active), Execution time: mean = 0.00ms, total = 0.00ms, Queueing time: mean = 0.00ms, max = 0.00ms, min = 0.00ms, total = 0.00ms
	ray::rpc::WorkerInfoGcsService.grpc_client.AddWorkerInfo - 1 total (0 active), Execution time: mean = 0.29ms, total = 0.29ms, Queueing time: mean = 0.00ms, max = -0.00ms, min = 9223372036854.78ms, total = 0.00ms
	ray::rpc::WorkerInfoGcsService.grpc_client.AddWorkerInfo.OnReplyReceived - 1 total (0 active), Execution time: mean = 0.02ms, total = 0.02ms, Queueing time: mean = 0.01ms, max = 0.01ms, min = 0.01ms, total = 0.01ms

-----------------
Task execution event stats:

Global stats: 53908 total (1 active)
Queueing time: mean = 0.02ms, max = 2.54ms, min = -0.02ms, total = 847.75ms
Execution time:  mean = 0.00ms, total = 126.91ms
Event stats:
	CoreWorker.CheckSignal - 53907 total (1 active), Execution time: mean = 0.00ms, total = 126.90ms, Queueing time: mean = 0.02ms, max = 2.54ms, min = -0.02ms, total = 847.74ms
	PeriodicalRunner.RunFnPeriodically - 1 total (0 active), Execution time: mean = 0.01ms, total = 0.01ms, Queueing time: mean = 0.00ms, max = 0.00ms, min = 0.00ms, total = 0.00ms

-----------------
Task Event stats:

IO Service Stats:

Global stats: 541 total (1 active)
Queueing time: mean = 0.02ms, max = 0.05ms, min = -0.02ms, total = 11.00ms
Execution time:  mean = 0.01ms, total = 4.09ms
Event stats:
	CoreWorker.deadline_timer.flush_task_events - 540 total (1 active), Execution time: mean = 0.01ms, total = 4.08ms, Queueing time: mean = 0.02ms, max = 0.05ms, min = -0.02ms, total = 11.00ms
	PeriodicalRunner.RunFnPeriodically - 1 total (0 active), Execution time: mean = 0.02ms, total = 0.02ms, Queueing time: mean = 0.01ms, max = 0.01ms, min = 0.01ms, total = 0.01ms
Other Stats:
	gcs_grpc_in_progress:0
	event_aggregator_grpc_in_progress:0
	current number of task status events in buffer: 0
	current number of profile events in buffer: 0
	current number of dropped task attempts tracked: 0
	total task events sent: 0 MiB
	total number of task attempts sent: 0
	total number of task attempts dropped reported: 0
	total number of sent failure: 0
	num status task events dropped: 0
	num profile task events dropped: 0
	num ray task events reported to aggregator: 0
	num ray task events failed to report to aggregator: 0
	num of task attempts dropped reported to aggregator: 0
	num of failed requests to aggregator: 0

[2026-09-04 01:26:41,615 I 1576 3084] core_worker.cc:498: Event stats:


Global stats: 8082 total (8 active)
Queueing time: mean = 0.02ms, max = 0.71ms, min = -0.01ms, total = 130.73ms
Execution time:  mean = 0.00ms, total = 31.35ms
Event stats:
	CoreWorker.RecoverObjects - 5999 total (1 active), Execution time: mean = 0.00ms, total = 12.42ms, Queueing time: mean = 0.02ms, max = 0.71ms, min = -0.01ms, total = 96.49ms
	CoreWorker.ReportWorkerBacklog - 600 total (1 active), Execution time: mean = 0.00ms, total = 1.90ms, Queueing time: mean = 0.02ms, max = 0.10ms, min = -0.01ms, total = 10.35ms
	CoreWorker.ExitIfParentRayletDies - 600 total (1 active), Execution time: mean = 0.01ms, total = 3.21ms, Queueing time: mean = 0.02ms, max = 0.08ms, min = 0.00ms, total = 9.21ms
	CoreWorker.InternalHeartbeat - 600 total (1 active), Execution time: mean = 0.00ms, total = 1.50ms, Queueing time: mean = 0.02ms, max = 0.09ms, min = 0.00ms, total = 10.73ms
	CoreWorker.RecordMetrics - 120 total (1 active), Execution time: mean = 0.02ms, total = 2.30ms, Queueing time: mean = 0.01ms, max = 0.04ms, min = 0.00ms, total = 1.29ms
	CoreWorker.TryDelPendingObjectRefStreams - 60 total (1 active), Execution time: mean = 0.00ms, total = 0.10ms, Queueing time: mean = 0.02ms, max = 0.11ms, min = 0.01ms, total = 1.39ms
	CoreWorkerService.grpc_server.GetCoreWorkerStats - 40 total (0 active), Execution time: mean = 0.18ms, total = 7.20ms, Queueing time: mean = 0.00ms, max = -0.00ms, min = 9223372036854.78ms, total = 0.00ms
	CoreWorkerService.grpc_server.GetCoreWorkerStats.HandleRequestImpl - 40 total (0 active), Execution time: mean = 0.02ms, total = 0.95ms, Queueing time: mean = 0.02ms, max = 0.05ms, min = 0.01ms, total = 0.67ms
	CoreWorker.PrintEventStats - 10 total (1 active, 1 running), Execution time: mean = 0.13ms, total = 1.33ms, Queueing time: mean = 0.01ms, max = 0.03ms, min = 0.00ms, total = 0.09ms
	PeriodicalRunner.RunFnPeriodically - 8 total (0 active), Execution time: mean = 0.01ms, total = 0.12ms, Queueing time: mean = 0.06ms, max = 0.10ms, min = 0.01ms, total = 0.49ms
	Publisher.CheckDeadSubscribers - 3 total (1 active), Execution time: mean = 0.00ms, total = 0.00ms, Queueing time: mean = 0.00ms, max = 0.01ms, min = 0.00ms, total = 0.01ms
	ray::rpc::WorkerInfoGcsService.grpc_client.AddWorkerInfo - 1 total (0 active), Execution time: mean = 0.29ms, total = 0.29ms, Queueing time: mean = 0.00ms, max = -0.00ms, min = 9223372036854.78ms, total = 0.00ms
	ray::rpc::WorkerInfoGcsService.grpc_client.AddWorkerInfo.OnReplyReceived - 1 total (0 active), Execution time: mean = 0.02ms, total = 0.02ms, Queueing time: mean = 0.01ms, max = 0.01ms, min = 0.01ms, total = 0.01ms

-----------------
Task execution event stats:

Global stats: 59899 total (1 active)
Queueing time: mean = 0.02ms, max = 2.54ms, min = -0.02ms, total = 927.27ms
Execution time:  mean = 0.00ms, total = 138.61ms
Event stats:
	CoreWorker.CheckSignal - 59898 total (1 active), Execution time: mean = 0.00ms, total = 138.60ms, Queueing time: mean = 0.02ms, max = 2.54ms, min = -0.02ms, total = 927.27ms
	PeriodicalRunner.RunFnPeriodically - 1 total (0 active), Execution time: mean = 0.01ms, total = 0.01ms, Queueing time: mean = 0.00ms, max = 0.00ms, min = 0.00ms, total = 0.00ms

-----------------
Task Event stats:

IO Service Stats:

Global stats: 601 total (1 active)
Queueing time: mean = 0.02ms, max = 0.05ms, min = -0.02ms, total = 12.37ms
Execution time:  mean = 0.01ms, total = 4.59ms
Event stats:
	CoreWorker.deadline_timer.flush_task_events - 600 total (1 active), Execution time: mean = 0.01ms, total = 4.57ms, Queueing time: mean = 0.02ms, max = 0.05ms, min = -0.02ms, total = 12.37ms
	PeriodicalRunner.RunFnPeriodically - 1 total (0 active), Execution time: mean = 0.02ms, total = 0.02ms, Queueing time: mean = 0.01ms, max = 0.01ms, min = 0.01ms, total = 0.01ms
Other Stats:
	gcs_grpc_in_progress:0
	event_aggregator_grpc_in_progress:0
	current number of task status events in buffer: 0
	current number of profile events in buffer: 0
	current number of dropped task attempts tracked: 0
	total task events sent: 0 MiB
	total number of task attempts sent: 0
	total number of task attempts dropped reported: 0
	total number of sent failure: 0
	num status task events dropped: 0
	num profile task events dropped: 0
	num ray task events reported to aggregator: 0
	num ray task events failed to report to aggregator: 0
	num of task attempts dropped reported to aggregator: 0
	num of failed requests to aggregator: 0

[2026-09-04 01:27:41,615 I 1576 3084] core_worker.cc:498: Event stats:


Global stats: 8889 total (8 active)
Queueing time: mean = 0.02ms, max = 0.71ms, min = -0.01ms, total = 143.04ms
Execution time:  mean = 0.00ms, total = 34.49ms
Event stats:
	CoreWorker.RecoverObjects - 6599 total (1 active), Execution time: mean = 0.00ms, total = 13.53ms, Queueing time: mean = 0.02ms, max = 0.71ms, min = -0.01ms, total = 105.97ms
	CoreWorker.ReportWorkerBacklog - 660 total (1 active), Execution time: mean = 0.00ms, total = 2.11ms, Queueing time: mean = 0.02ms, max = 0.10ms, min = -0.01ms, total = 11.21ms
	CoreWorker.ExitIfParentRayletDies - 660 total (1 active), Execution time: mean = 0.01ms, total = 3.54ms, Queueing time: mean = 0.02ms, max = 0.08ms, min = 0.00ms, total = 9.95ms
	CoreWorker.InternalHeartbeat - 660 total (1 active), Execution time: mean = 0.00ms, total = 1.70ms, Queueing time: mean = 0.02ms, max = 0.09ms, min = 0.00ms, total = 11.59ms
	CoreWorker.RecordMetrics - 132 total (1 active), Execution time: mean = 0.02ms, total = 2.60ms, Queueing time: mean = 0.01ms, max = 0.04ms, min = 0.00ms, total = 1.43ms
	CoreWorker.TryDelPendingObjectRefStreams - 66 total (1 active), Execution time: mean = 0.00ms, total = 0.12ms, Queueing time: mean = 0.02ms, max = 0.11ms, min = 0.01ms, total = 1.54ms
	CoreWorkerService.grpc_server.GetCoreWorkerStats - 44 total (0 active), Execution time: mean = 0.18ms, total = 7.94ms, Queueing time: mean = 0.00ms, max = -0.00ms, min = 9223372036854.78ms, total = 0.00ms
	CoreWorkerService.grpc_server.GetCoreWorkerStats.HandleRequestImpl - 44 total (0 active), Execution time: mean = 0.02ms, total = 1.06ms, Queueing time: mean = 0.02ms, max = 0.05ms, min = 0.01ms, total = 0.73ms
	CoreWorker.PrintEventStats - 11 total (1 active, 1 running), Execution time: mean = 0.13ms, total = 1.46ms, Queueing time: mean = 0.01ms, max = 0.03ms, min = 0.00ms, total = 0.10ms
	PeriodicalRunner.RunFnPeriodically - 8 total (0 active), Execution time: mean = 0.01ms, total = 0.12ms, Queueing time: mean = 0.06ms, max = 0.10ms, min = 0.01ms, total = 0.49ms
	Publisher.CheckDeadSubscribers - 3 total (1 active), Execution time: mean = 0.00ms, total = 0.00ms, Queueing time: mean = 0.00ms, max = 0.01ms, min = 0.00ms, total = 0.01ms
	ray::rpc::WorkerInfoGcsService.grpc_client.AddWorkerInfo - 1 total (0 active), Execution time: mean = 0.29ms, total = 0.29ms, Queueing time: mean = 0.00ms, max = -0.00ms, min = 9223372036854.78ms, total = 0.00ms
	ray::rpc::WorkerInfoGcsService.grpc_client.AddWorkerInfo.OnReplyReceived - 1 total (0 active), Execution time: mean = 0.02ms, total = 0.02ms, Queueing time: mean = 0.01ms, max = 0.01ms, min = 0.01ms, total = 0.01ms

-----------------
Task execution event stats:

Global stats: 65890 total (1 active)
Queueing time: mean = 0.02ms, max = 2.54ms, min = -0.02ms, total = 1014.05ms
Execution time:  mean = 0.00ms, total = 153.27ms
Event stats:
	CoreWorker.CheckSignal - 65889 total (1 active), Execution time: mean = 0.00ms, total = 153.26ms, Queueing time: mean = 0.02ms, max = 2.54ms, min = -0.02ms, total = 1014.05ms
	PeriodicalRunner.RunFnPeriodically - 1 total (0 active), Execution time: mean = 0.01ms, total = 0.01ms, Queueing time: mean = 0.00ms, max = 0.00ms, min = 0.00ms, total = 0.00ms

-----------------
Task Event stats:

IO Service Stats:

Global stats: 661 total (1 active)
Queueing time: mean = 0.02ms, max = 0.05ms, min = -0.02ms, total = 13.79ms
Execution time:  mean = 0.01ms, total = 5.06ms
Event stats:
	CoreWorker.deadline_timer.flush_task_events - 660 total (1 active), Execution time: mean = 0.01ms, total = 5.04ms, Queueing time: mean = 0.02ms, max = 0.05ms, min = -0.02ms, total = 13.79ms
	PeriodicalRunner.RunFnPeriodically - 1 total (0 active), Execution time: mean = 0.02ms, total = 0.02ms, Queueing time: mean = 0.01ms, max = 0.01ms, min = 0.01ms, total = 0.01ms
Other Stats:
	gcs_grpc_in_progress:0
	event_aggregator_grpc_in_progress:0
	current number of task status events in buffer: 0
	current number of profile events in buffer: 0
	current number of dropped task attempts tracked: 0
	total task events sent: 0 MiB
	total number of task attempts sent: 0
	total number of task attempts dropped reported: 0
	total number of sent failure: 0
	num status task events dropped: 0
	num profile task events dropped: 0
	num ray task events reported to aggregator: 0
	num ray task events failed to report to aggregator: 0
	num of task attempts dropped reported to aggregator: 0
	num of failed requests to aggregator: 0

[2026-09-04 01:28:41,615 I 1576 3084] core_worker.cc:498: Event stats:


Global stats: 9696 total (8 active)
Queueing time: mean = 0.02ms, max = 0.71ms, min = -0.01ms, total = 155.86ms
Execution time:  mean = 0.00ms, total = 38.03ms
Event stats:
	CoreWorker.RecoverObjects - 7199 total (1 active), Execution time: mean = 0.00ms, total = 14.65ms, Queueing time: mean = 0.02ms, max = 0.71ms, min = -0.01ms, total = 115.40ms
	CoreWorker.ReportWorkerBacklog - 720 total (1 active), Execution time: mean = 0.00ms, total = 2.38ms, Queueing time: mean = 0.02ms, max = 0.10ms, min = -0.01ms, total = 12.23ms
	CoreWorker.ExitIfParentRayletDies - 720 total (1 active), Execution time: mean = 0.01ms, total = 3.99ms, Queueing time: mean = 0.02ms, max = 0.08ms, min = 0.00ms, total = 10.81ms
	CoreWorker.InternalHeartbeat - 720 total (1 active), Execution time: mean = 0.00ms, total = 1.92ms, Queueing time: mean = 0.02ms, max = 0.09ms, min = 0.00ms, total = 12.66ms
	CoreWorker.RecordMetrics - 144 total (1 active), Execution time: mean = 0.02ms, total = 3.02ms, Queueing time: mean = 0.01ms, max = 0.04ms, min = 0.00ms, total = 1.57ms
	CoreWorker.TryDelPendingObjectRefStreams - 72 total (1 active), Execution time: mean = 0.00ms, total = 0.14ms, Queueing time: mean = 0.02ms, max = 0.11ms, min = 0.01ms, total = 1.74ms
	CoreWorkerService.grpc_server.GetCoreWorkerStats - 48 total (0 active), Execution time: mean = 0.18ms, total = 8.66ms, Queueing time: mean = 0.00ms, max = -0.00ms, min = 9223372036854.78ms, total = 0.00ms
	CoreWorkerService.grpc_server.GetCoreWorkerStats.HandleRequestImpl - 48 total (0 active), Execution time: mean = 0.02ms, total = 1.20ms, Queueing time: mean = 0.02ms, max = 0.05ms, min = 0.01ms, total = 0.82ms
	CoreWorker.PrintEventStats - 12 total (1 active, 1 running), Execution time: mean = 0.14ms, total = 1.64ms, Queueing time: mean = 0.01ms, max = 0.03ms, min = 0.00ms, total = 0.11ms
	PeriodicalRunner.RunFnPeriodically - 8 total (0 active), Execution time: mean = 0.01ms, total = 0.12ms, Queueing time: mean = 0.06ms, max = 0.10ms, min = 0.01ms, total = 0.49ms
	Publisher.CheckDeadSubscribers - 3 total (1 active), Execution time: mean = 0.00ms, total = 0.00ms, Queueing time: mean = 0.00ms, max = 0.01ms, min = 0.00ms, total = 0.01ms
	ray::rpc::WorkerInfoGcsService.grpc_client.AddWorkerInfo - 1 total (0 active), Execution time: mean = 0.29ms, total = 0.29ms, Queueing time: mean = 0.00ms, max = -0.00ms, min = 9223372036854.78ms, total = 0.00ms
	ray::rpc::WorkerInfoGcsService.grpc_client.AddWorkerInfo.OnReplyReceived - 1 total (0 active), Execution time: mean = 0.02ms, total = 0.02ms, Queueing time: mean = 0.01ms, max = 0.01ms, min = 0.01ms, total = 0.01ms

-----------------
Task execution event stats:

Global stats: 71881 total (1 active)
Queueing time: mean = 0.02ms, max = 2.54ms, min = -0.02ms, total = 1089.66ms
Execution time:  mean = 0.00ms, total = 164.25ms
Event stats:
	CoreWorker.CheckSignal - 71880 total (1 active), Execution time: mean = 0.00ms, total = 164.25ms, Queueing time: mean = 0.02ms, max = 2.54ms, min = -0.02ms, total = 1089.65ms
	PeriodicalRunner.RunFnPeriodically - 1 total (0 active), Execution time: mean = 0.01ms, total = 0.01ms, Queueing time: mean = 0.00ms, max = 0.00ms, min = 0.00ms, total = 0.00ms

-----------------
Task Event stats:

IO Service Stats:

Global stats: 721 total (1 active)
Queueing time: mean = 0.02ms, max = 0.05ms, min = -0.02ms, total = 15.26ms
Execution time:  mean = 0.01ms, total = 5.53ms
Event stats:
	CoreWorker.deadline_timer.flush_task_events - 720 total (1 active), Execution time: mean = 0.01ms, total = 5.51ms, Queueing time: mean = 0.02ms, max = 0.05ms, min = -0.02ms, total = 15.25ms
	PeriodicalRunner.RunFnPeriodically - 1 total (0 active), Execution time: mean = 0.02ms, total = 0.02ms, Queueing time: mean = 0.01ms, max = 0.01ms, min = 0.01ms, total = 0.01ms
Other Stats:
	gcs_grpc_in_progress:0
	event_aggregator_grpc_in_progress:0
	current number of task status events in buffer: 0
	current number of profile events in buffer: 0
	current number of dropped task attempts tracked: 0
	total task events sent: 0 MiB
	total number of task attempts sent: 0
	total number of task attempts dropped reported: 0
	total number of sent failure: 0
	num status task events dropped: 0
	num profile task events dropped: 0
	num ray task events reported to aggregator: 0
	num ray task events failed to report to aggregator: 0
	num of task attempts dropped reported to aggregator: 0
	num of failed requests to aggregator: 0

[2026-09-04 01:29:41,616 I 1576 3084] core_worker.cc:498: Event stats:


Global stats: 10503 total (8 active)
Queueing time: mean = 0.02ms, max = 2.31ms, min = -0.01ms, total = 171.36ms
Execution time:  mean = 0.00ms, total = 41.53ms
Event stats:
	CoreWorker.RecoverObjects - 7799 total (1 active), Execution time: mean = 0.00ms, total = 15.83ms, Queueing time: mean = 0.02ms, max = 2.31ms, min = -0.01ms, total = 127.16ms
	CoreWorker.ReportWorkerBacklog - 780 total (1 active), Execution time: mean = 0.00ms, total = 2.62ms, Queueing time: mean = 0.02ms, max = 0.10ms, min = -0.01ms, total = 13.37ms
	CoreWorker.ExitIfParentRayletDies - 780 total (1 active), Execution time: mean = 0.01ms, total = 4.40ms, Queueing time: mean = 0.02ms, max = 0.08ms, min = 0.00ms, total = 11.79ms
	CoreWorker.InternalHeartbeat - 780 total (1 active), Execution time: mean = 0.00ms, total = 2.11ms, Queueing time: mean = 0.02ms, max = 0.09ms, min = 0.00ms, total = 13.85ms
	CoreWorker.RecordMetrics - 156 total (1 active), Execution time: mean = 0.02ms, total = 3.42ms, Queueing time: mean = 0.01ms, max = 0.04ms, min = 0.00ms, total = 1.73ms
	CoreWorker.TryDelPendingObjectRefStreams - 78 total (1 active), Execution time: mean = 0.00ms, total = 0.16ms, Queueing time: mean = 0.02ms, max = 0.12ms, min = 0.01ms, total = 1.95ms
	CoreWorkerService.grpc_server.GetCoreWorkerStats - 52 total (0 active), Execution time: mean = 0.18ms, total = 9.32ms, Queueing time: mean = 0.00ms, max = -0.00ms, min = 9223372036854.78ms, total = 0.00ms
	CoreWorkerService.grpc_server.GetCoreWorkerStats.HandleRequestImpl - 52 total (0 active), Execution time: mean = 0.03ms, total = 1.35ms, Queueing time: mean = 0.02ms, max = 0.05ms, min = 0.01ms, total = 0.87ms
	CoreWorker.PrintEventStats - 13 total (1 active, 1 running), Execution time: mean = 0.14ms, total = 1.88ms, Queueing time: mean = 0.01ms, max = 0.03ms, min = 0.00ms, total = 0.12ms
	PeriodicalRunner.RunFnPeriodically - 8 total (0 active), Execution time: mean = 0.01ms, total = 0.12ms, Queueing time: mean = 0.06ms, max = 0.10ms, min = 0.01ms, total = 0.49ms
	Publisher.CheckDeadSubscribers - 3 total (1 active), Execution time: mean = 0.00ms, total = 0.00ms, Queueing time: mean = 0.00ms, max = 0.01ms, min = 0.00ms, total = 0.01ms
	ray::rpc::WorkerInfoGcsService.grpc_client.AddWorkerInfo - 1 total (0 active), Execution time: mean = 0.29ms, total = 0.29ms, Queueing time: mean = 0.00ms, max = -0.00ms, min = 9223372036854.78ms, total = 0.00ms
	ray::rpc::WorkerInfoGcsService.grpc_client.AddWorkerInfo.OnReplyReceived - 1 total (0 active), Execution time: mean = 0.02ms, total = 0.02ms, Queueing time: mean = 0.01ms, max = 0.01ms, min = 0.01ms, total = 0.01ms

-----------------
Task execution event stats:

Global stats: 77872 total (1 active)
Queueing time: mean = 0.02ms, max = 2.54ms, min = -0.02ms, total = 1169.85ms
Execution time:  mean = 0.00ms, total = 176.49ms
Event stats:
	CoreWorker.CheckSignal - 77871 total (1 active), Execution time: mean = 0.00ms, total = 176.49ms, Queueing time: mean = 0.02ms, max = 2.54ms, min = -0.02ms, total = 1169.85ms
	PeriodicalRunner.RunFnPeriodically - 1 total (0 active), Execution time: mean = 0.01ms, total = 0.01ms, Queueing time: mean = 0.00ms, max = 0.00ms, min = 0.00ms, total = 0.00ms

-----------------
Task Event stats:

IO Service Stats:

Global stats: 781 total (1 active)
Queueing time: mean = 0.02ms, max = 0.05ms, min = -0.02ms, total = 16.47ms
Execution time:  mean = 0.01ms, total = 5.90ms
Event stats:
	CoreWorker.deadline_timer.flush_task_events - 780 total (1 active), Execution time: mean = 0.01ms, total = 5.88ms, Queueing time: mean = 0.02ms, max = 0.05ms, min = -0.02ms, total = 16.46ms
	PeriodicalRunner.RunFnPeriodically - 1 total (0 active), Execution time: mean = 0.02ms, total = 0.02ms, Queueing time: mean = 0.01ms, max = 0.01ms, min = 0.01ms, total = 0.01ms
Other Stats:
	gcs_grpc_in_progress:0
	event_aggregator_grpc_in_progress:0
	current number of task status events in buffer: 0
	current number of profile events in buffer: 0
	current number of dropped task attempts tracked: 0
	total task events sent: 0 MiB
	total number of task attempts sent: 0
	total number of task attempts dropped reported: 0
	total number of sent failure: 0
	num status task events dropped: 0
	num profile task events dropped: 0
	num ray task events reported to aggregator: 0
	num ray task events failed to report to aggregator: 0
	num of task attempts dropped reported to aggregator: 0
	num of failed requests to aggregator: 0

[2026-09-04 01:30:41,616 I 1576 3084] core_worker.cc:498: Event stats:


Global stats: 11310 total (8 active)
Queueing time: mean = 0.02ms, max = 2.31ms, min = -0.01ms, total = 184.41ms
Execution time:  mean = 0.00ms, total = 44.82ms
Event stats:
	CoreWorker.RecoverObjects - 8399 total (1 active), Execution time: mean = 0.00ms, total = 17.00ms, Queueing time: mean = 0.02ms, max = 2.31ms, min = -0.01ms, total = 136.85ms
	CoreWorker.ReportWorkerBacklog - 840 total (1 active), Execution time: mean = 0.00ms, total = 2.81ms, Queueing time: mean = 0.02ms, max = 0.10ms, min = -0.01ms, total = 14.40ms
	CoreWorker.ExitIfParentRayletDies - 840 total (1 active), Execution time: mean = 0.01ms, total = 4.72ms, Queueing time: mean = 0.02ms, max = 0.08ms, min = 0.00ms, total = 12.70ms
	CoreWorker.InternalHeartbeat - 840 total (1 active), Execution time: mean = 0.00ms, total = 2.27ms, Queueing time: mean = 0.02ms, max = 0.09ms, min = 0.00ms, total = 14.90ms
	CoreWorker.RecordMetrics - 168 total (1 active), Execution time: mean = 0.02ms, total = 3.67ms, Queueing time: mean = 0.01ms, max = 0.04ms, min = 0.00ms, total = 1.85ms
	CoreWorker.TryDelPendingObjectRefStreams - 84 total (1 active), Execution time: mean = 0.00ms, total = 0.17ms, Queueing time: mean = 0.03ms, max = 0.12ms, min = 0.01ms, total = 2.11ms
	CoreWorkerService.grpc_server.GetCoreWorkerStats - 56 total (0 active), Execution time: mean = 0.18ms, total = 10.19ms, Queueing time: mean = 0.00ms, max = -0.00ms, min = 9223372036854.78ms, total = 0.00ms
	CoreWorkerService.grpc_server.GetCoreWorkerStats.HandleRequestImpl - 56 total (0 active), Execution time: mean = 0.03ms, total = 1.48ms, Queueing time: mean = 0.02ms, max = 0.05ms, min = 0.01ms, total = 0.95ms
	CoreWorker.PrintEventStats - 14 total (1 active, 1 running), Execution time: mean = 0.15ms, total = 2.08ms, Queueing time: mean = 0.01ms, max = 0.03ms, min = 0.00ms, total = 0.14ms
	PeriodicalRunner.RunFnPeriodically - 8 total (0 active), Execution time: mean = 0.01ms, total = 0.12ms, Queueing time: mean = 0.06ms, max = 0.10ms, min = 0.01ms, total = 0.49ms
	Publisher.CheckDeadSubscribers - 3 total (1 active), Execution time: mean = 0.00ms, total = 0.00ms, Queueing time: mean = 0.00ms, max = 0.01ms, min = 0.00ms, total = 0.01ms
	ray::rpc::WorkerInfoGcsService.grpc_client.AddWorkerInfo - 1 total (0 active), Execution time: mean = 0.29ms, total = 0.29ms, Queueing time: mean = 0.00ms, max = -0.00ms, min = 9223372036854.78ms, total = 0.00ms
	ray::rpc::WorkerInfoGcsService.grpc_client.AddWorkerInfo.OnReplyReceived - 1 total (0 active), Execution time: mean = 0.02ms, total = 0.02ms, Queueing time: mean = 0.01ms, max = 0.01ms, min = 0.01ms, total = 0.01ms

-----------------
Task execution event stats:

Global stats: 83863 total (1 active)
Queueing time: mean = 0.01ms, max = 2.54ms, min = -0.02ms, total = 1255.31ms
Execution time:  mean = 0.00ms, total = 189.09ms
Event stats:
	CoreWorker.CheckSignal - 83862 total (1 active), Execution time: mean = 0.00ms, total = 189.09ms, Queueing time: mean = 0.01ms, max = 2.54ms, min = -0.02ms, total = 1255.30ms
	PeriodicalRunner.RunFnPeriodically - 1 total (0 active), Execution time: mean = 0.01ms, total = 0.01ms, Queueing time: mean = 0.00ms, max = 0.00ms, min = 0.00ms, total = 0.00ms

-----------------
Task Event stats:

IO Service Stats:

Global stats: 841 total (1 active)
Queueing time: mean = 0.02ms, max = 0.05ms, min = -0.02ms, total = 17.64ms
Execution time:  mean = 0.01ms, total = 6.32ms
Event stats:
	CoreWorker.deadline_timer.flush_task_events - 840 total (1 active), Execution time: mean = 0.01ms, total = 6.30ms, Queueing time: mean = 0.02ms, max = 0.05ms, min = -0.02ms, total = 17.64ms
	PeriodicalRunner.RunFnPeriodically - 1 total (0 active), Execution time: mean = 0.02ms, total = 0.02ms, Queueing time: mean = 0.01ms, max = 0.01ms, min = 0.01ms, total = 0.01ms
Other Stats:
	gcs_grpc_in_progress:0
	event_aggregator_grpc_in_progress:0
	current number of task status events in buffer: 0
	current number of profile events in buffer: 0
	current number of dropped task attempts tracked: 0
	total task events sent: 0 MiB
	total number of task attempts sent: 0
	total number of task attempts dropped reported: 0
	total number of sent failure: 0
	num status task events dropped: 0
	num profile task events dropped: 0
	num ray task events reported to aggregator: 0
	num ray task events failed to report to aggregator: 0
	num of task attempts dropped reported to aggregator: 0
	num of failed requests to aggregator: 0

[2026-09-04 01:31:41,616 I 1576 3084] core_worker.cc:498: Event stats:


Global stats: 12118 total (8 active)
Queueing time: mean = 0.02ms, max = 2.31ms, min = -0.01ms, total = 195.98ms
Execution time:  mean = 0.00ms, total = 47.83ms
Event stats:
	CoreWorker.RecoverObjects - 8999 total (1 active), Execution time: mean = 0.00ms, total = 18.12ms, Queueing time: mean = 0.02ms, max = 2.31ms, min = -0.01ms, total = 145.37ms
	CoreWorker.ReportWorkerBacklog - 900 total (1 active), Execution time: mean = 0.00ms, total = 2.98ms, Queueing time: mean = 0.02ms, max = 0.10ms, min = -0.01ms, total = 15.31ms
	CoreWorker.ExitIfParentRayletDies - 900 total (1 active), Execution time: mean = 0.01ms, total = 5.01ms, Queueing time: mean = 0.01ms, max = 0.08ms, min = 0.00ms, total = 13.49ms
	CoreWorker.InternalHeartbeat - 900 total (1 active), Execution time: mean = 0.00ms, total = 2.41ms, Queueing time: mean = 0.02ms, max = 0.09ms, min = 0.00ms, total = 15.85ms
	CoreWorker.RecordMetrics - 180 total (1 active), Execution time: mean = 0.02ms, total = 3.90ms, Queueing time: mean = 0.01ms, max = 0.04ms, min = 0.00ms, total = 1.98ms
	CoreWorker.TryDelPendingObjectRefStreams - 90 total (1 active), Execution time: mean = 0.00ms, total = 0.18ms, Queueing time: mean = 0.03ms, max = 0.12ms, min = 0.01ms, total = 2.26ms
	CoreWorkerService.grpc_server.GetCoreWorkerStats - 60 total (0 active), Execution time: mean = 0.18ms, total = 10.98ms, Queueing time: mean = 0.00ms, max = -0.00ms, min = 9223372036854.78ms, total = 0.00ms
	CoreWorkerService.grpc_server.GetCoreWorkerStats.HandleRequestImpl - 60 total (0 active), Execution time: mean = 0.03ms, total = 1.60ms, Queueing time: mean = 0.02ms, max = 0.05ms, min = 0.01ms, total = 1.04ms
	CoreWorker.PrintEventStats - 15 total (1 active, 1 running), Execution time: mean = 0.15ms, total = 2.22ms, Queueing time: mean = 0.01ms, max = 0.03ms, min = 0.00ms, total = 0.15ms
	PeriodicalRunner.RunFnPeriodically - 8 total (0 active), Execution time: mean = 0.01ms, total = 0.12ms, Queueing time: mean = 0.06ms, max = 0.10ms, min = 0.01ms, total = 0.49ms
	Publisher.CheckDeadSubscribers - 4 total (1 active), Execution time: mean = 0.00ms, total = 0.00ms, Queueing time: mean = 0.01ms, max = 0.01ms, min = 0.00ms, total = 0.03ms
	ray::rpc::WorkerInfoGcsService.grpc_client.AddWorkerInfo - 1 total (0 active), Execution time: mean = 0.29ms, total = 0.29ms, Queueing time: mean = 0.00ms, max = -0.00ms, min = 9223372036854.78ms, total = 0.00ms
	ray::rpc::WorkerInfoGcsService.grpc_client.AddWorkerInfo.OnReplyReceived - 1 total (0 active), Execution time: mean = 0.02ms, total = 0.02ms, Queueing time: mean = 0.01ms, max = 0.01ms, min = 0.01ms, total = 0.01ms

-----------------
Task execution event stats:

Global stats: 89854 total (1 active)
Queueing time: mean = 0.01ms, max = 2.54ms, min = -0.02ms, total = 1336.36ms
Execution time:  mean = 0.00ms, total = 200.41ms
Event stats:
	CoreWorker.CheckSignal - 89853 total (1 active), Execution time: mean = 0.00ms, total = 200.40ms, Queueing time: mean = 0.01ms, max = 2.54ms, min = -0.02ms, total = 1336.35ms
	PeriodicalRunner.RunFnPeriodically - 1 total (0 active), Execution time: mean = 0.01ms, total = 0.01ms, Queueing time: mean = 0.00ms, max = 0.00ms, min = 0.00ms, total = 0.00ms

-----------------
Task Event stats:

IO Service Stats:

Global stats: 901 total (1 active)
Queueing time: mean = 0.02ms, max = 0.05ms, min = -0.02ms, total = 18.86ms
Execution time:  mean = 0.01ms, total = 6.78ms
Event stats:
	CoreWorker.deadline_timer.flush_task_events - 900 total (1 active), Execution time: mean = 0.01ms, total = 6.76ms, Queueing time: mean = 0.02ms, max = 0.05ms, min = -0.02ms, total = 18.86ms
	PeriodicalRunner.RunFnPeriodically - 1 total (0 active), Execution time: mean = 0.02ms, total = 0.02ms, Queueing time: mean = 0.01ms, max = 0.01ms, min = 0.01ms, total = 0.01ms
Other Stats:
	gcs_grpc_in_progress:0
	event_aggregator_grpc_in_progress:0
	current number of task status events in buffer: 0
	current number of profile events in buffer: 0
	current number of dropped task attempts tracked: 0
	total task events sent: 0 MiB
	total number of task attempts sent: 0
	total number of task attempts dropped reported: 0
	total number of sent failure: 0
	num status task events dropped: 0
	num profile task events dropped: 0
	num ray task events reported to aggregator: 0
	num ray task events failed to report to aggregator: 0
	num of task attempts dropped reported to aggregator: 0
	num of failed requests to aggregator: 0

