[2026-09-04 00:58:47,412 I 858 858] core_worker_process.cc:868: Constructing CoreWorkerProcess. pid: 858
[2026-09-04 00:58:47,413 I 858 858] event.cc:499: Ray Event initialized for CORE_WORKER
[2026-09-04 00:58:47,414 I 858 858] event.cc:499: Ray Event initialized for EXPORT_TASK
[2026-09-04 00:58:47,414 I 858 858] event.cc:332: Set ray event level to warning
[2026-09-04 00:58:47,415 I 858 858] grpc_server.cc:144: worker server started, listening on port 20008.
[2026-09-04 00:58:47,415 I 858 858] core_worker_process.cc:299: Initializing worker at address: 10.244.180.242:20008 worker_id=650a17a0e0c4cd2270b368052022e6d017baf108cd0e6d39cfd281fe node_id=82dfc8c23c51709b77aaa7de2deacf9d421699bfcaad6b6cc4f66c59
[2026-09-04 00:58:47,415 I 858 858] task_event_buffer.cc:535: Reporting task events to GCS every 1000ms.
[2026-09-04 00:58:47,416 I 858 858] core_worker.cc:568: Adjusted worker niceness to 15
[2026-09-04 00:58:47,416 I 858 886] core_worker.cc:498: Event stats:


Global stats: 11 total (9 active)
Queueing time: mean = 0.00ms, max = 0.02ms, min = 0.00ms, total = 0.02ms
Execution time:  mean = 0.00ms, total = 0.02ms
Event stats:
	PeriodicalRunner.RunFnPeriodically - 8 total (6 active, 1 running), Execution time: mean = 0.00ms, total = 0.02ms, Queueing time: mean = 0.00ms, max = 0.02ms, min = 0.00ms, total = 0.02ms
	ray::rpc::WorkerInfoGcsService.grpc_client.AddWorkerInfo - 1 total (1 active), Execution time: mean = 0.00ms, total = 0.00ms, Queueing time: mean = 0.00ms, max = -0.00ms, min = 9223372036854.78ms, total = 0.00ms
	Publisher.CheckDeadSubscribers - 1 total (1 active), Execution time: mean = 0.00ms, total = 0.00ms, Queueing time: mean = 0.00ms, max = -0.00ms, min = 9223372036854.78ms, total = 0.00ms
	CoreWorker.ExitIfParentRayletDies - 1 total (1 active), Execution time: mean = 0.00ms, total = 0.00ms, Queueing time: mean = 0.00ms, max = -0.00ms, min = 9223372036854.78ms, total = 0.00ms

-----------------
Task execution event stats:

Global stats: 0 total (0 active)
Queueing time: mean = -nanms, max = -0.00ms, min = 9223372036854.78ms, total = 0.00ms
Execution time:  mean = -nanms, total = 0.00ms
Event stats:

-----------------
Task Event stats:

IO Service Stats:

Global stats: 2 total (1 active)
Queueing time: mean = 0.00ms, max = 0.01ms, min = 0.01ms, total = 0.01ms
Execution time:  mean = 0.01ms, total = 0.03ms
Event stats:
	PeriodicalRunner.RunFnPeriodically - 1 total (0 active), Execution time: mean = 0.03ms, total = 0.03ms, Queueing time: mean = 0.01ms, max = 0.01ms, min = 0.01ms, total = 0.01ms
	CoreWorker.deadline_timer.flush_task_events - 1 total (1 active), Execution time: mean = 0.00ms, total = 0.00ms, Queueing time: mean = 0.00ms, max = -0.00ms, min = 9223372036854.78ms, total = 0.00ms
Other Stats:
	gcs_grpc_in_progress:0
	event_aggregator_grpc_in_progress:0
	current number of task status events in buffer: 0
	current number of profile events in buffer: 0
	current number of dropped task attempts tracked: 0
	total task events sent: 0 MiB
	total number of task attempts sent: 0
	total number of task attempts dropped reported: 0
	total number of sent failure: 0
	num status task events dropped: 0
	num profile task events dropped: 0
	num ray task events reported to aggregator: 0
	num ray task events failed to report to aggregator: 0
	num of task attempts dropped reported to aggregator: 0
	num of failed requests to aggregator: 0

[2026-09-04 00:58:47,418 I 858 858] actor_task_submitter.cc:75: Set actor max pending calls to -1 actor_id=8dae30371bc91c9a2918000601000000
[2026-09-04 00:58:47,418 I 858 858] core_worker.cc:3112: Creating actor actor_id=8dae30371bc91c9a2918000601000000
[2026-09-04 00:59:13,702 I 858 858] task_receiver.cc:117: Actor creation task finished, task_id: ffffffffffffffff8dae30371bc91c9a2918000601000000, actor_id: 8dae30371bc91c9a2918000601000000, actor_repr_name: 
[2026-09-04 00:59:47,416 I 858 886] core_worker.cc:498: Event stats:


Global stats: 835 total (9 active)
Queueing time: mean = 0.01ms, max = 0.46ms, min = -0.00ms, total = 11.65ms
Execution time:  mean = 31.49ms, total = 26290.45ms
Event stats:
	CoreWorker.RecoverObjects - 600 total (1 active), Execution time: mean = 0.00ms, total = 0.87ms, Queueing time: mean = 0.01ms, max = 0.04ms, min = -0.00ms, total = 8.12ms
	CoreWorker.ReportWorkerBacklog - 60 total (1 active), Execution time: mean = 0.00ms, total = 0.11ms, Queueing time: mean = 0.02ms, max = 0.46ms, min = 0.00ms, total = 0.92ms
	CoreWorker.ExitIfParentRayletDies - 60 total (1 active), Execution time: mean = 0.00ms, total = 0.25ms, Queueing time: mean = 0.01ms, max = 0.03ms, min = 0.00ms, total = 0.87ms
	CoreWorker.InternalHeartbeat - 60 total (1 active), Execution time: mean = 0.00ms, total = 0.10ms, Queueing time: mean = 0.02ms, max = 0.46ms, min = 0.00ms, total = 0.92ms
	CoreWorker.RecordMetrics - 12 total (1 active), Execution time: mean = 0.07ms, total = 0.84ms, Queueing time: mean = 0.00ms, max = 0.02ms, min = 0.00ms, total = 0.05ms
	PeriodicalRunner.RunFnPeriodically - 8 total (0 active), Execution time: mean = 0.01ms, total = 0.12ms, Queueing time: mean = 0.06ms, max = 0.10ms, min = 0.00ms, total = 0.48ms
	CoreWorkerService.grpc_server.PushTask.HandleRequestImpl - 8 total (0 active), Execution time: mean = 0.03ms, total = 0.24ms, Queueing time: mean = 0.01ms, max = 0.02ms, min = 0.01ms, total = 0.11ms
	CoreWorkerService.grpc_server.PushTask - 8 total (1 active), Execution time: mean = 3285.77ms, total = 26286.14ms, Queueing time: mean = 0.00ms, max = -0.00ms, min = 9223372036854.78ms, total = 0.00ms
	CoreWorker.TryDelPendingObjectRefStreams - 6 total (1 active), Execution time: mean = 0.00ms, total = 0.01ms, Queueing time: mean = 0.01ms, max = 0.03ms, min = 0.01ms, total = 0.07ms
	CoreWorkerService.grpc_server.GetCoreWorkerStats.HandleRequestImpl - 4 total (0 active), Execution time: mean = 0.07ms, total = 0.28ms, Queueing time: mean = 0.02ms, max = 0.03ms, min = 0.02ms, total = 0.09ms
	CoreWorkerService.grpc_server.GetCoreWorkerStats - 4 total (0 active), Execution time: mean = 0.23ms, total = 0.91ms, Queueing time: mean = 0.00ms, max = -0.00ms, min = 9223372036854.78ms, total = 0.00ms
	Publisher.CheckDeadSubscribers - 1 total (1 active), Execution time: mean = 0.00ms, total = 0.00ms, Queueing time: mean = 0.00ms, max = -0.00ms, min = 9223372036854.78ms, total = 0.00ms
	CoreWorker.PrintEventStats - 1 total (1 active, 1 running), Execution time: mean = 0.00ms, total = 0.00ms, Queueing time: mean = 0.00ms, max = -0.00ms, min = 9223372036854.78ms, total = 0.00ms
	ray::rpc::WorkerInfoGcsService.grpc_client.AddWorkerInfo - 1 total (0 active), Execution time: mean = 0.57ms, total = 0.57ms, Queueing time: mean = 0.00ms, max = -0.00ms, min = 9223372036854.78ms, total = 0.00ms
	ray::rpc::WorkerInfoGcsService.grpc_client.AddWorkerInfo.OnReplyReceived - 1 total (0 active), Execution time: mean = 0.02ms, total = 0.02ms, Queueing time: mean = 0.01ms, max = 0.01ms, min = 0.01ms, total = 0.01ms
	Publisher.PublishFailure.WORKER_OBJECT_LOCATIONS_CHANNEL - 1 total (0 active), Execution time: mean = 0.01ms, total = 0.01ms, Queueing time: mean = 0.00ms, max = 0.00ms, min = 0.00ms, total = 0.00ms

-----------------
Task execution event stats:

Global stats: 57 total (2 active)
Queueing time: mean = 460.99ms, max = 26275.20ms, min = 0.00ms, total = 26276.23ms
Execution time:  mean = 461.15ms, total = 26285.30ms
Event stats:
	CoreWorker.CheckSignal - 48 total (1 active), Execution time: mean = 0.00ms, total = 0.15ms, Queueing time: mean = 547.42ms, max = 26275.20ms, min = 0.00ms, total = 26276.16ms
	CoreWorker.HandlePushTaskActor - 7 total (1 active, 1 running), Execution time: mean = 0.16ms, total = 1.13ms, Queueing time: mean = 0.01ms, max = 0.01ms, min = 0.01ms, total = 0.06ms
	PeriodicalRunner.RunFnPeriodically - 1 total (0 active), Execution time: mean = 0.01ms, total = 0.01ms, Queueing time: mean = 0.00ms, max = 0.00ms, min = 0.00ms, total = 0.00ms
	CoreWorker.HandlePushTask - 1 total (0 active), Execution time: mean = 26284.01ms, total = 26284.01ms, Queueing time: mean = 0.00ms, max = 0.00ms, min = 0.00ms, total = 0.00ms

-----------------
Task Event stats:

IO Service Stats:

Global stats: 65 total (1 active)
Queueing time: mean = 0.02ms, max = 0.05ms, min = 0.01ms, total = 1.42ms
Execution time:  mean = 0.04ms, total = 2.72ms
Event stats:
	CoreWorker.deadline_timer.flush_task_events - 60 total (1 active), Execution time: mean = 0.02ms, total = 1.02ms, Queueing time: mean = 0.02ms, max = 0.05ms, min = 0.01ms, total = 1.38ms
	ray::rpc::TaskInfoGcsService.grpc_client.AddTaskEventData - 2 total (0 active), Execution time: mean = 0.78ms, total = 1.57ms, Queueing time: mean = 0.00ms, max = -0.00ms, min = 9223372036854.78ms, total = 0.00ms
	ray::rpc::TaskInfoGcsService.grpc_client.AddTaskEventData.OnReplyReceived - 2 total (0 active), Execution time: mean = 0.05ms, total = 0.10ms, Queueing time: mean = 0.02ms, max = 0.02ms, min = 0.02ms, total = 0.04ms
	PeriodicalRunner.RunFnPeriodically - 1 total (0 active), Execution time: mean = 0.03ms, total = 0.03ms, Queueing time: mean = 0.01ms, max = 0.01ms, min = 0.01ms, total = 0.01ms
Other Stats:
	gcs_grpc_in_progress:0
	event_aggregator_grpc_in_progress:0
	current number of task status events in buffer: 0
	current number of profile events in buffer: 0
	current number of dropped task attempts tracked: 0
	total task events sent: 0.00317001 MiB
	total number of task attempts sent: 9
	total number of task attempts dropped reported: 0
	total number of sent failure: 0
	num status task events dropped: 0
	num profile task events dropped: 0
	num ray task events reported to aggregator: 0
	num ray task events failed to report to aggregator: 0
	num of task attempts dropped reported to aggregator: 0
	num of failed requests to aggregator: 0

[2026-09-04 01:00:47,416 I 858 886] core_worker.cc:498: Event stats:


Global stats: 1642 total (9 active)
Queueing time: mean = 0.01ms, max = 0.46ms, min = -0.00ms, total = 22.15ms
Execution time:  mean = 16.01ms, total = 26294.01ms
Event stats:
	CoreWorker.RecoverObjects - 1200 total (1 active), Execution time: mean = 0.00ms, total = 1.66ms, Queueing time: mean = 0.01ms, max = 0.05ms, min = -0.00ms, total = 16.03ms
	CoreWorker.ReportWorkerBacklog - 120 total (1 active), Execution time: mean = 0.00ms, total = 0.24ms, Queueing time: mean = 0.01ms, max = 0.46ms, min = 0.00ms, total = 1.62ms
	CoreWorker.ExitIfParentRayletDies - 120 total (1 active), Execution time: mean = 0.00ms, total = 0.50ms, Queueing time: mean = 0.01ms, max = 0.05ms, min = 0.00ms, total = 1.45ms
	CoreWorker.InternalHeartbeat - 120 total (1 active), Execution time: mean = 0.00ms, total = 0.24ms, Queueing time: mean = 0.01ms, max = 0.46ms, min = 0.00ms, total = 1.62ms
	CoreWorker.RecordMetrics - 24 total (1 active), Execution time: mean = 0.06ms, total = 1.32ms, Queueing time: mean = 0.01ms, max = 0.03ms, min = 0.00ms, total = 0.20ms
	CoreWorker.TryDelPendingObjectRefStreams - 12 total (1 active), Execution time: mean = 0.00ms, total = 0.02ms, Queueing time: mean = 0.03ms, max = 0.26ms, min = 0.01ms, total = 0.38ms
	CoreWorkerService.grpc_server.GetCoreWorkerStats.HandleRequestImpl - 8 total (0 active), Execution time: mean = 0.06ms, total = 0.46ms, Queueing time: mean = 0.03ms, max = 0.05ms, min = 0.02ms, total = 0.22ms
	CoreWorkerService.grpc_server.GetCoreWorkerStats - 8 total (0 active), Execution time: mean = 0.27ms, total = 2.14ms, Queueing time: mean = 0.00ms, max = -0.00ms, min = 9223372036854.78ms, total = 0.00ms
	PeriodicalRunner.RunFnPeriodically - 8 total (0 active), Execution time: mean = 0.01ms, total = 0.12ms, Queueing time: mean = 0.06ms, max = 0.10ms, min = 0.00ms, total = 0.48ms
	CoreWorkerService.grpc_server.PushTask.HandleRequestImpl - 8 total (0 active), Execution time: mean = 0.03ms, total = 0.24ms, Queueing time: mean = 0.01ms, max = 0.02ms, min = 0.01ms, total = 0.11ms
	CoreWorkerService.grpc_server.PushTask - 8 total (1 active), Execution time: mean = 3285.77ms, total = 26286.14ms, Queueing time: mean = 0.00ms, max = -0.00ms, min = 9223372036854.78ms, total = 0.00ms
	CoreWorker.PrintEventStats - 2 total (1 active, 1 running), Execution time: mean = 0.17ms, total = 0.33ms, Queueing time: mean = 0.01ms, max = 0.02ms, min = 0.02ms, total = 0.02ms
	Publisher.CheckDeadSubscribers - 1 total (1 active), Execution time: mean = 0.00ms, total = 0.00ms, Queueing time: mean = 0.00ms, max = -0.00ms, min = 9223372036854.78ms, total = 0.00ms
	ray::rpc::WorkerInfoGcsService.grpc_client.AddWorkerInfo - 1 total (0 active), Execution time: mean = 0.57ms, total = 0.57ms, Queueing time: mean = 0.00ms, max = -0.00ms, min = 9223372036854.78ms, total = 0.00ms
	ray::rpc::WorkerInfoGcsService.grpc_client.AddWorkerInfo.OnReplyReceived - 1 total (0 active), Execution time: mean = 0.02ms, total = 0.02ms, Queueing time: mean = 0.01ms, max = 0.01ms, min = 0.01ms, total = 0.01ms
	Publisher.PublishFailure.WORKER_OBJECT_LOCATIONS_CHANNEL - 1 total (0 active), Execution time: mean = 0.01ms, total = 0.01ms, Queueing time: mean = 0.00ms, max = 0.00ms, min = 0.00ms, total = 0.00ms

-----------------
Task execution event stats:

Global stats: 57 total (2 active)
Queueing time: mean = 460.99ms, max = 26275.20ms, min = 0.00ms, total = 26276.23ms
Execution time:  mean = 461.15ms, total = 26285.30ms
Event stats:
	CoreWorker.CheckSignal - 48 total (1 active), Execution time: mean = 0.00ms, total = 0.15ms, Queueing time: mean = 547.42ms, max = 26275.20ms, min = 0.00ms, total = 26276.16ms
	CoreWorker.HandlePushTaskActor - 7 total (1 active, 1 running), Execution time: mean = 0.16ms, total = 1.13ms, Queueing time: mean = 0.01ms, max = 0.01ms, min = 0.01ms, total = 0.06ms
	PeriodicalRunner.RunFnPeriodically - 1 total (0 active), Execution time: mean = 0.01ms, total = 0.01ms, Queueing time: mean = 0.00ms, max = 0.00ms, min = 0.00ms, total = 0.00ms
	CoreWorker.HandlePushTask - 1 total (0 active), Execution time: mean = 26284.01ms, total = 26284.01ms, Queueing time: mean = 0.00ms, max = 0.00ms, min = 0.00ms, total = 0.00ms

-----------------
Task Event stats:

IO Service Stats:

Global stats: 125 total (1 active)
Queueing time: mean = 0.02ms, max = 0.05ms, min = 0.01ms, total = 3.02ms
Execution time:  mean = 0.03ms, total = 3.26ms
Event stats:
	CoreWorker.deadline_timer.flush_task_events - 120 total (1 active), Execution time: mean = 0.01ms, total = 1.56ms, Queueing time: mean = 0.02ms, max = 0.05ms, min = 0.01ms, total = 2.98ms
	ray::rpc::TaskInfoGcsService.grpc_client.AddTaskEventData - 2 total (0 active), Execution time: mean = 0.78ms, total = 1.57ms, Queueing time: mean = 0.00ms, max = -0.00ms, min = 9223372036854.78ms, total = 0.00ms
	ray::rpc::TaskInfoGcsService.grpc_client.AddTaskEventData.OnReplyReceived - 2 total (0 active), Execution time: mean = 0.05ms, total = 0.10ms, Queueing time: mean = 0.02ms, max = 0.02ms, min = 0.02ms, total = 0.04ms
	PeriodicalRunner.RunFnPeriodically - 1 total (0 active), Execution time: mean = 0.03ms, total = 0.03ms, Queueing time: mean = 0.01ms, max = 0.01ms, min = 0.01ms, total = 0.01ms
Other Stats:
	gcs_grpc_in_progress:0
	event_aggregator_grpc_in_progress:0
	current number of task status events in buffer: 0
	current number of profile events in buffer: 0
	current number of dropped task attempts tracked: 0
	total task events sent: 0.00317001 MiB
	total number of task attempts sent: 9
	total number of task attempts dropped reported: 0
	total number of sent failure: 0
	num status task events dropped: 0
	num profile task events dropped: 0
	num ray task events reported to aggregator: 0
	num ray task events failed to report to aggregator: 0
	num of task attempts dropped reported to aggregator: 0
	num of failed requests to aggregator: 0

[2026-09-04 01:01:47,428 I 858 886] core_worker.cc:498: Event stats:


Global stats: 2723 total (8 active)
Queueing time: mean = 0.03ms, max = 11.92ms, min = -0.00ms, total = 89.15ms
Execution time:  mean = 49.87ms, total = 135807.36ms
Event stats:
	CoreWorker.RecoverObjects - 1800 total (1 active), Execution time: mean = 0.00ms, total = 3.24ms, Queueing time: mean = 0.01ms, max = 0.09ms, min = -0.00ms, total = 24.21ms
	CoreWorker.ReportWorkerBacklog - 180 total (1 active), Execution time: mean = 0.00ms, total = 0.47ms, Queueing time: mean = 0.07ms, max = 10.53ms, min = 0.00ms, total = 12.97ms
	CoreWorker.ExitIfParentRayletDies - 180 total (1 active), Execution time: mean = 0.00ms, total = 0.82ms, Queueing time: mean = 0.07ms, max = 10.54ms, min = 0.00ms, total = 12.71ms
	CoreWorker.InternalHeartbeat - 180 total (1 active), Execution time: mean = 0.00ms, total = 0.49ms, Queueing time: mean = 0.07ms, max = 10.55ms, min = -0.00ms, total = 12.97ms
	CoreWorkerService.grpc_server.PushTask.HandleRequestImpl - 145 total (0 active), Execution time: mean = 0.03ms, total = 3.83ms, Queueing time: mean = 0.01ms, max = 0.02ms, min = 0.00ms, total = 2.02ms
	CoreWorkerService.grpc_server.PushTask - 145 total (0 active), Execution time: mean = 936.41ms, total = 135779.85ms, Queueing time: mean = 0.00ms, max = -0.00ms, min = 9223372036854.78ms, total = 0.00ms
	CoreWorker.RecordMetrics - 36 total (1 active), Execution time: mean = 0.05ms, total = 1.94ms, Queueing time: mean = 0.31ms, max = 10.80ms, min = 0.00ms, total = 11.10ms
	CoreWorker.TryDelPendingObjectRefStreams - 18 total (1 active), Execution time: mean = 0.00ms, total = 0.04ms, Queueing time: mean = 0.69ms, max = 11.92ms, min = 0.01ms, total = 12.36ms
	CoreWorkerService.grpc_server.GetCoreWorkerStats.HandleRequestImpl - 12 total (0 active), Execution time: mean = 0.05ms, total = 0.66ms, Queueing time: mean = 0.02ms, max = 0.05ms, min = 0.01ms, total = 0.29ms
	CoreWorkerService.grpc_server.GetCoreWorkerStats - 12 total (0 active), Execution time: mean = 0.25ms, total = 3.01ms, Queueing time: mean = 0.00ms, max = -0.00ms, min = 9223372036854.78ms, total = 0.00ms
	PeriodicalRunner.RunFnPeriodically - 8 total (0 active), Execution time: mean = 0.01ms, total = 0.12ms, Queueing time: mean = 0.06ms, max = 0.10ms, min = 0.00ms, total = 0.48ms
	CoreWorker.PrintEventStats - 3 total (1 active, 1 running), Execution time: mean = 4.10ms, total = 12.30ms, Queueing time: mean = 0.01ms, max = 0.02ms, min = 0.01ms, total = 0.03ms
	Publisher.CheckDeadSubscribers - 1 total (1 active), Execution time: mean = 0.00ms, total = 0.00ms, Queueing time: mean = 0.00ms, max = -0.00ms, min = 9223372036854.78ms, total = 0.00ms
	ray::rpc::WorkerInfoGcsService.grpc_client.AddWorkerInfo - 1 total (0 active), Execution time: mean = 0.57ms, total = 0.57ms, Queueing time: mean = 0.00ms, max = -0.00ms, min = 9223372036854.78ms, total = 0.00ms
	ray::rpc::WorkerInfoGcsService.grpc_client.AddWorkerInfo.OnReplyReceived - 1 total (0 active), Execution time: mean = 0.02ms, total = 0.02ms, Queueing time: mean = 0.01ms, max = 0.01ms, min = 0.01ms, total = 0.01ms
	Publisher.PublishFailure.WORKER_OBJECT_LOCATIONS_CHANNEL - 1 total (0 active), Execution time: mean = 0.01ms, total = 0.01ms, Queueing time: mean = 0.00ms, max = 0.00ms, min = 0.00ms, total = 0.00ms

-----------------
Task execution event stats:

Global stats: 4615 total (1 active)
Queueing time: mean = 29.32ms, max = 106200.04ms, min = -0.02ms, total = 135319.55ms
Execution time:  mean = 29.42ms, total = 135770.65ms
Event stats:
	CoreWorker.CheckSignal - 4469 total (1 active), Execution time: mean = 0.00ms, total = 6.78ms, Queueing time: mean = 30.28ms, max = 106200.04ms, min = -0.02ms, total = 135318.32ms
	CoreWorker.HandlePushTaskActor - 144 total (0 active), Execution time: mean = 760.28ms, total = 109479.85ms, Queueing time: mean = 0.01ms, max = 0.03ms, min = 0.00ms, total = 1.22ms
	PeriodicalRunner.RunFnPeriodically - 1 total (0 active), Execution time: mean = 0.01ms, total = 0.01ms, Queueing time: mean = 0.00ms, max = 0.00ms, min = 0.00ms, total = 0.00ms
	CoreWorker.HandlePushTask - 1 total (0 active), Execution time: mean = 26284.01ms, total = 26284.01ms, Queueing time: mean = 0.00ms, max = 0.00ms, min = 0.00ms, total = 0.00ms

-----------------
Task Event stats:

IO Service Stats:

Global stats: 202 total (1 active)
Queueing time: mean = 0.02ms, max = 0.17ms, min = 0.01ms, total = 4.53ms
Execution time:  mean = 0.06ms, total = 12.26ms
Event stats:
	CoreWorker.deadline_timer.flush_task_events - 181 total (1 active), Execution time: mean = 0.02ms, total = 4.42ms, Queueing time: mean = 0.02ms, max = 0.17ms, min = 0.01ms, total = 4.37ms
	ray::rpc::TaskInfoGcsService.grpc_client.AddTaskEventData - 10 total (0 active), Execution time: mean = 0.75ms, total = 7.45ms, Queueing time: mean = 0.00ms, max = -0.00ms, min = 9223372036854.78ms, total = 0.00ms
	ray::rpc::TaskInfoGcsService.grpc_client.AddTaskEventData.OnReplyReceived - 10 total (0 active), Execution time: mean = 0.04ms, total = 0.36ms, Queueing time: mean = 0.02ms, max = 0.02ms, min = 0.01ms, total = 0.15ms
	PeriodicalRunner.RunFnPeriodically - 1 total (0 active), Execution time: mean = 0.03ms, total = 0.03ms, Queueing time: mean = 0.01ms, max = 0.01ms, min = 0.01ms, total = 0.01ms
Other Stats:
	gcs_grpc_in_progress:0
	event_aggregator_grpc_in_progress:0
	current number of task status events in buffer: 0
	current number of profile events in buffer: 0
	current number of dropped task attempts tracked: 0
	total task events sent: 0.0620794 MiB
	total number of task attempts sent: 150
	total number of task attempts dropped reported: 0
	total number of sent failure: 0
	num status task events dropped: 0
	num profile task events dropped: 0
	num ray task events reported to aggregator: 0
	num ray task events failed to report to aggregator: 0
	num of task attempts dropped reported to aggregator: 0
	num of failed requests to aggregator: 0

[2026-09-04 01:02:47,429 I 858 886] core_worker.cc:498: Event stats:


Global stats: 3530 total (8 active)
Queueing time: mean = 0.03ms, max = 11.92ms, min = -0.01ms, total = 98.29ms
Execution time:  mean = 38.47ms, total = 135811.35ms
Event stats:
	CoreWorker.RecoverObjects - 2400 total (1 active), Execution time: mean = 0.00ms, total = 4.35ms, Queueing time: mean = 0.01ms, max = 0.09ms, min = -0.01ms, total = 31.18ms
	CoreWorker.ReportWorkerBacklog - 240 total (1 active), Execution time: mean = 0.00ms, total = 0.71ms, Queueing time: mean = 0.06ms, max = 10.53ms, min = 0.00ms, total = 13.59ms
	CoreWorker.ExitIfParentRayletDies - 240 total (1 active), Execution time: mean = 0.00ms, total = 1.17ms, Queueing time: mean = 0.06ms, max = 10.54ms, min = 0.00ms, total = 13.22ms
	CoreWorker.InternalHeartbeat - 240 total (1 active), Execution time: mean = 0.00ms, total = 0.78ms, Queueing time: mean = 0.06ms, max = 10.55ms, min = -0.00ms, total = 13.55ms
	CoreWorkerService.grpc_server.PushTask.HandleRequestImpl - 145 total (0 active), Execution time: mean = 0.03ms, total = 3.83ms, Queueing time: mean = 0.01ms, max = 0.02ms, min = 0.00ms, total = 2.02ms
	CoreWorkerService.grpc_server.PushTask - 145 total (0 active), Execution time: mean = 936.41ms, total = 135779.85ms, Queueing time: mean = 0.00ms, max = -0.00ms, min = 9223372036854.78ms, total = 0.00ms
	CoreWorker.RecordMetrics - 48 total (1 active), Execution time: mean = 0.05ms, total = 2.52ms, Queueing time: mean = 0.23ms, max = 10.80ms, min = 0.00ms, total = 11.21ms
	CoreWorker.TryDelPendingObjectRefStreams - 24 total (1 active), Execution time: mean = 0.00ms, total = 0.06ms, Queueing time: mean = 0.52ms, max = 11.92ms, min = 0.01ms, total = 12.60ms
	CoreWorkerService.grpc_server.GetCoreWorkerStats.HandleRequestImpl - 16 total (0 active), Execution time: mean = 0.05ms, total = 0.88ms, Queueing time: mean = 0.02ms, max = 0.05ms, min = 0.01ms, total = 0.38ms
	CoreWorkerService.grpc_server.GetCoreWorkerStats - 16 total (0 active), Execution time: mean = 0.25ms, total = 3.96ms, Queueing time: mean = 0.00ms, max = -0.00ms, min = 9223372036854.78ms, total = 0.00ms
	PeriodicalRunner.RunFnPeriodically - 8 total (0 active), Execution time: mean = 0.01ms, total = 0.12ms, Queueing time: mean = 0.06ms, max = 0.10ms, min = 0.00ms, total = 0.48ms
	CoreWorker.PrintEventStats - 4 total (1 active, 1 running), Execution time: mean = 3.13ms, total = 12.52ms, Queueing time: mean = 0.01ms, max = 0.02ms, min = 0.01ms, total = 0.05ms
	Publisher.CheckDeadSubscribers - 1 total (1 active), Execution time: mean = 0.00ms, total = 0.00ms, Queueing time: mean = 0.00ms, max = -0.00ms, min = 9223372036854.78ms, total = 0.00ms
	ray::rpc::WorkerInfoGcsService.grpc_client.AddWorkerInfo - 1 total (0 active), Execution time: mean = 0.57ms, total = 0.57ms, Queueing time: mean = 0.00ms, max = -0.00ms, min = 9223372036854.78ms, total = 0.00ms
	ray::rpc::WorkerInfoGcsService.grpc_client.AddWorkerInfo.OnReplyReceived - 1 total (0 active), Execution time: mean = 0.02ms, total = 0.02ms, Queueing time: mean = 0.01ms, max = 0.01ms, min = 0.01ms, total = 0.01ms
	Publisher.PublishFailure.WORKER_OBJECT_LOCATIONS_CHANNEL - 1 total (0 active), Execution time: mean = 0.01ms, total = 0.01ms, Queueing time: mean = 0.00ms, max = 0.00ms, min = 0.00ms, total = 0.00ms

-----------------
Task execution event stats:

Global stats: 10608 total (1 active)
Queueing time: mean = 12.76ms, max = 106200.04ms, min = -0.02ms, total = 135384.27ms
Execution time:  mean = 12.80ms, total = 135778.38ms
Event stats:
	CoreWorker.CheckSignal - 10462 total (1 active), Execution time: mean = 0.00ms, total = 14.51ms, Queueing time: mean = 12.94ms, max = 106200.04ms, min = -0.02ms, total = 135383.05ms
	CoreWorker.HandlePushTaskActor - 144 total (0 active), Execution time: mean = 760.28ms, total = 109479.85ms, Queueing time: mean = 0.01ms, max = 0.03ms, min = 0.00ms, total = 1.22ms
	PeriodicalRunner.RunFnPeriodically - 1 total (0 active), Execution time: mean = 0.01ms, total = 0.01ms, Queueing time: mean = 0.00ms, max = 0.00ms, min = 0.00ms, total = 0.00ms
	CoreWorker.HandlePushTask - 1 total (0 active), Execution time: mean = 26284.01ms, total = 26284.01ms, Queueing time: mean = 0.00ms, max = 0.00ms, min = 0.00ms, total = 0.00ms

-----------------
Task Event stats:

IO Service Stats:

Global stats: 262 total (1 active)
Queueing time: mean = 0.02ms, max = 0.17ms, min = 0.01ms, total = 6.09ms
Execution time:  mean = 0.05ms, total = 13.07ms
Event stats:
	CoreWorker.deadline_timer.flush_task_events - 241 total (1 active), Execution time: mean = 0.02ms, total = 5.23ms, Queueing time: mean = 0.02ms, max = 0.17ms, min = 0.01ms, total = 5.93ms
	ray::rpc::TaskInfoGcsService.grpc_client.AddTaskEventData - 10 total (0 active), Execution time: mean = 0.75ms, total = 7.45ms, Queueing time: mean = 0.00ms, max = -0.00ms, min = 9223372036854.78ms, total = 0.00ms
	ray::rpc::TaskInfoGcsService.grpc_client.AddTaskEventData.OnReplyReceived - 10 total (0 active), Execution time: mean = 0.04ms, total = 0.36ms, Queueing time: mean = 0.02ms, max = 0.02ms, min = 0.01ms, total = 0.15ms
	PeriodicalRunner.RunFnPeriodically - 1 total (0 active), Execution time: mean = 0.03ms, total = 0.03ms, Queueing time: mean = 0.01ms, max = 0.01ms, min = 0.01ms, total = 0.01ms
Other Stats:
	gcs_grpc_in_progress:0
	event_aggregator_grpc_in_progress:0
	current number of task status events in buffer: 0
	current number of profile events in buffer: 0
	current number of dropped task attempts tracked: 0
	total task events sent: 0.0620794 MiB
	total number of task attempts sent: 150
	total number of task attempts dropped reported: 0
	total number of sent failure: 0
	num status task events dropped: 0
	num profile task events dropped: 0
	num ray task events reported to aggregator: 0
	num ray task events failed to report to aggregator: 0
	num of task attempts dropped reported to aggregator: 0
	num of failed requests to aggregator: 0

[2026-09-04 01:03:47,429 I 858 886] core_worker.cc:498: Event stats:


Global stats: 4338 total (8 active)
Queueing time: mean = 0.02ms, max = 11.92ms, min = -0.01ms, total = 106.03ms
Execution time:  mean = 31.31ms, total = 135814.66ms
Event stats:
	CoreWorker.RecoverObjects - 3000 total (1 active), Execution time: mean = 0.00ms, total = 5.11ms, Queueing time: mean = 0.01ms, max = 0.09ms, min = -0.01ms, total = 36.96ms
	CoreWorker.ReportWorkerBacklog - 300 total (1 active), Execution time: mean = 0.00ms, total = 0.86ms, Queueing time: mean = 0.05ms, max = 10.53ms, min = 0.00ms, total = 14.15ms
	CoreWorker.ExitIfParentRayletDies - 300 total (1 active), Execution time: mean = 0.00ms, total = 1.42ms, Queueing time: mean = 0.05ms, max = 10.54ms, min = 0.00ms, total = 13.68ms
	CoreWorker.InternalHeartbeat - 300 total (1 active), Execution time: mean = 0.00ms, total = 0.97ms, Queueing time: mean = 0.05ms, max = 10.55ms, min = -0.00ms, total = 14.09ms
	CoreWorkerService.grpc_server.PushTask.HandleRequestImpl - 145 total (0 active), Execution time: mean = 0.03ms, total = 3.83ms, Queueing time: mean = 0.01ms, max = 0.02ms, min = 0.00ms, total = 2.02ms
	CoreWorkerService.grpc_server.PushTask - 145 total (0 active), Execution time: mean = 936.41ms, total = 135779.85ms, Queueing time: mean = 0.00ms, max = -0.00ms, min = 9223372036854.78ms, total = 0.00ms
	CoreWorker.RecordMetrics - 60 total (1 active), Execution time: mean = 0.05ms, total = 3.09ms, Queueing time: mean = 0.19ms, max = 10.80ms, min = 0.00ms, total = 11.30ms
	CoreWorker.TryDelPendingObjectRefStreams - 30 total (1 active), Execution time: mean = 0.00ms, total = 0.07ms, Queueing time: mean = 0.43ms, max = 11.92ms, min = 0.00ms, total = 12.81ms
	CoreWorkerService.grpc_server.GetCoreWorkerStats.HandleRequestImpl - 20 total (0 active), Execution time: mean = 0.05ms, total = 1.09ms, Queueing time: mean = 0.02ms, max = 0.05ms, min = 0.01ms, total = 0.45ms
	CoreWorkerService.grpc_server.GetCoreWorkerStats - 20 total (0 active), Execution time: mean = 0.24ms, total = 4.90ms, Queueing time: mean = 0.00ms, max = -0.00ms, min = 9223372036854.78ms, total = 0.00ms
	PeriodicalRunner.RunFnPeriodically - 8 total (0 active), Execution time: mean = 0.01ms, total = 0.12ms, Queueing time: mean = 0.06ms, max = 0.10ms, min = 0.00ms, total = 0.48ms
	CoreWorker.PrintEventStats - 5 total (1 active, 1 running), Execution time: mean = 2.55ms, total = 12.76ms, Queueing time: mean = 0.01ms, max = 0.02ms, min = 0.01ms, total = 0.07ms
	Publisher.CheckDeadSubscribers - 2 total (1 active), Execution time: mean = 0.00ms, total = 0.00ms, Queueing time: mean = 0.00ms, max = 0.00ms, min = 0.00ms, total = 0.00ms
	ray::rpc::WorkerInfoGcsService.grpc_client.AddWorkerInfo - 1 total (0 active), Execution time: mean = 0.57ms, total = 0.57ms, Queueing time: mean = 0.00ms, max = -0.00ms, min = 9223372036854.78ms, total = 0.00ms
	ray::rpc::WorkerInfoGcsService.grpc_client.AddWorkerInfo.OnReplyReceived - 1 total (0 active), Execution time: mean = 0.02ms, total = 0.02ms, Queueing time: mean = 0.01ms, max = 0.01ms, min = 0.01ms, total = 0.01ms
	Publisher.PublishFailure.WORKER_OBJECT_LOCATIONS_CHANNEL - 1 total (0 active), Execution time: mean = 0.01ms, total = 0.01ms, Queueing time: mean = 0.00ms, max = 0.00ms, min = 0.00ms, total = 0.00ms

-----------------
Task execution event stats:

Global stats: 16600 total (1 active)
Queueing time: mean = 8.16ms, max = 106200.04ms, min = -0.02ms, total = 135465.15ms
Execution time:  mean = 8.18ms, total = 135786.23ms
Event stats:
	CoreWorker.CheckSignal - 16454 total (1 active), Execution time: mean = 0.00ms, total = 22.36ms, Queueing time: mean = 8.23ms, max = 106200.04ms, min = -0.02ms, total = 135463.92ms
	CoreWorker.HandlePushTaskActor - 144 total (0 active), Execution time: mean = 760.28ms, total = 109479.85ms, Queueing time: mean = 0.01ms, max = 0.03ms, min = 0.00ms, total = 1.22ms
	PeriodicalRunner.RunFnPeriodically - 1 total (0 active), Execution time: mean = 0.01ms, total = 0.01ms, Queueing time: mean = 0.00ms, max = 0.00ms, min = 0.00ms, total = 0.00ms
	CoreWorker.HandlePushTask - 1 total (0 active), Execution time: mean = 26284.01ms, total = 26284.01ms, Queueing time: mean = 0.00ms, max = 0.00ms, min = 0.00ms, total = 0.00ms

-----------------
Task Event stats:

IO Service Stats:

Global stats: 322 total (1 active)
Queueing time: mean = 0.02ms, max = 0.17ms, min = 0.00ms, total = 7.02ms
Execution time:  mean = 0.04ms, total = 13.39ms
Event stats:
	CoreWorker.deadline_timer.flush_task_events - 301 total (1 active), Execution time: mean = 0.02ms, total = 5.55ms, Queueing time: mean = 0.02ms, max = 0.17ms, min = 0.00ms, total = 6.86ms
	ray::rpc::TaskInfoGcsService.grpc_client.AddTaskEventData - 10 total (0 active), Execution time: mean = 0.75ms, total = 7.45ms, Queueing time: mean = 0.00ms, max = -0.00ms, min = 9223372036854.78ms, total = 0.00ms
	ray::rpc::TaskInfoGcsService.grpc_client.AddTaskEventData.OnReplyReceived - 10 total (0 active), Execution time: mean = 0.04ms, total = 0.36ms, Queueing time: mean = 0.02ms, max = 0.02ms, min = 0.01ms, total = 0.15ms
	PeriodicalRunner.RunFnPeriodically - 1 total (0 active), Execution time: mean = 0.03ms, total = 0.03ms, Queueing time: mean = 0.01ms, max = 0.01ms, min = 0.01ms, total = 0.01ms
Other Stats:
	gcs_grpc_in_progress:0
	event_aggregator_grpc_in_progress:0
	current number of task status events in buffer: 0
	current number of profile events in buffer: 0
	current number of dropped task attempts tracked: 0
	total task events sent: 0.0620794 MiB
	total number of task attempts sent: 150
	total number of task attempts dropped reported: 0
	total number of sent failure: 0
	num status task events dropped: 0
	num profile task events dropped: 0
	num ray task events reported to aggregator: 0
	num ray task events failed to report to aggregator: 0
	num of task attempts dropped reported to aggregator: 0
	num of failed requests to aggregator: 0

[2026-09-04 01:04:47,429 I 858 886] core_worker.cc:498: Event stats:


Global stats: 5145 total (8 active)
Queueing time: mean = 0.02ms, max = 11.92ms, min = -0.01ms, total = 114.41ms
Execution time:  mean = 26.40ms, total = 135817.93ms
Event stats:
	CoreWorker.RecoverObjects - 3600 total (1 active), Execution time: mean = 0.00ms, total = 5.80ms, Queueing time: mean = 0.01ms, max = 0.09ms, min = -0.01ms, total = 43.09ms
	CoreWorker.ReportWorkerBacklog - 360 total (1 active), Execution time: mean = 0.00ms, total = 1.00ms, Queueing time: mean = 0.04ms, max = 10.53ms, min = 0.00ms, total = 14.79ms
	CoreWorker.ExitIfParentRayletDies - 360 total (1 active), Execution time: mean = 0.00ms, total = 1.61ms, Queueing time: mean = 0.04ms, max = 10.54ms, min = 0.00ms, total = 14.26ms
	CoreWorker.InternalHeartbeat - 360 total (1 active), Execution time: mean = 0.00ms, total = 1.12ms, Queueing time: mean = 0.04ms, max = 10.55ms, min = -0.00ms, total = 14.72ms
	CoreWorkerService.grpc_server.PushTask.HandleRequestImpl - 145 total (0 active), Execution time: mean = 0.03ms, total = 3.83ms, Queueing time: mean = 0.01ms, max = 0.02ms, min = 0.00ms, total = 2.02ms
	CoreWorkerService.grpc_server.PushTask - 145 total (0 active), Execution time: mean = 936.41ms, total = 135779.85ms, Queueing time: mean = 0.00ms, max = -0.00ms, min = 9223372036854.78ms, total = 0.00ms
	CoreWorker.RecordMetrics - 72 total (1 active), Execution time: mean = 0.05ms, total = 3.59ms, Queueing time: mean = 0.16ms, max = 10.80ms, min = 0.00ms, total = 11.39ms
	CoreWorker.TryDelPendingObjectRefStreams - 36 total (1 active), Execution time: mean = 0.00ms, total = 0.09ms, Queueing time: mean = 0.36ms, max = 11.92ms, min = 0.00ms, total = 13.04ms
	CoreWorkerService.grpc_server.GetCoreWorkerStats.HandleRequestImpl - 24 total (0 active), Execution time: mean = 0.05ms, total = 1.30ms, Queueing time: mean = 0.02ms, max = 0.05ms, min = 0.01ms, total = 0.53ms
	CoreWorkerService.grpc_server.GetCoreWorkerStats - 24 total (0 active), Execution time: mean = 0.25ms, total = 6.04ms, Queueing time: mean = 0.00ms, max = -0.00ms, min = 9223372036854.78ms, total = 0.00ms
	PeriodicalRunner.RunFnPeriodically - 8 total (0 active), Execution time: mean = 0.01ms, total = 0.12ms, Queueing time: mean = 0.06ms, max = 0.10ms, min = 0.00ms, total = 0.48ms
	CoreWorker.PrintEventStats - 6 total (1 active, 1 running), Execution time: mean = 2.16ms, total = 12.99ms, Queueing time: mean = 0.01ms, max = 0.02ms, min = 0.01ms, total = 0.08ms
	Publisher.CheckDeadSubscribers - 2 total (1 active), Execution time: mean = 0.00ms, total = 0.00ms, Queueing time: mean = 0.00ms, max = 0.00ms, min = 0.00ms, total = 0.00ms
	ray::rpc::WorkerInfoGcsService.grpc_client.AddWorkerInfo - 1 total (0 active), Execution time: mean = 0.57ms, total = 0.57ms, Queueing time: mean = 0.00ms, max = -0.00ms, min = 9223372036854.78ms, total = 0.00ms
	ray::rpc::WorkerInfoGcsService.grpc_client.AddWorkerInfo.OnReplyReceived - 1 total (0 active), Execution time: mean = 0.02ms, total = 0.02ms, Queueing time: mean = 0.01ms, max = 0.01ms, min = 0.01ms, total = 0.01ms
	Publisher.PublishFailure.WORKER_OBJECT_LOCATIONS_CHANNEL - 1 total (0 active), Execution time: mean = 0.01ms, total = 0.01ms, Queueing time: mean = 0.00ms, max = 0.00ms, min = 0.00ms, total = 0.00ms

-----------------
Task execution event stats:

Global stats: 22593 total (1 active)
Queueing time: mean = 6.00ms, max = 106200.04ms, min = -0.02ms, total = 135530.84ms
Execution time:  mean = 6.01ms, total = 135793.67ms
Event stats:
	CoreWorker.CheckSignal - 22447 total (1 active), Execution time: mean = 0.00ms, total = 29.80ms, Queueing time: mean = 6.04ms, max = 106200.04ms, min = -0.02ms, total = 135529.62ms
	CoreWorker.HandlePushTaskActor - 144 total (0 active), Execution time: mean = 760.28ms, total = 109479.85ms, Queueing time: mean = 0.01ms, max = 0.03ms, min = 0.00ms, total = 1.22ms
	PeriodicalRunner.RunFnPeriodically - 1 total (0 active), Execution time: mean = 0.01ms, total = 0.01ms, Queueing time: mean = 0.00ms, max = 0.00ms, min = 0.00ms, total = 0.00ms
	CoreWorker.HandlePushTask - 1 total (0 active), Execution time: mean = 26284.01ms, total = 26284.01ms, Queueing time: mean = 0.00ms, max = 0.00ms, min = 0.00ms, total = 0.00ms

-----------------
Task Event stats:

IO Service Stats:

Global stats: 381 total (1 active)
Queueing time: mean = 0.02ms, max = 0.17ms, min = 0.00ms, total = 8.24ms
Execution time:  mean = 0.04ms, total = 14.00ms
Event stats:
	CoreWorker.deadline_timer.flush_task_events - 360 total (1 active, 1 running), Execution time: mean = 0.02ms, total = 6.16ms, Queueing time: mean = 0.02ms, max = 0.17ms, min = 0.00ms, total = 8.08ms
	ray::rpc::TaskInfoGcsService.grpc_client.AddTaskEventData - 10 total (0 active), Execution time: mean = 0.75ms, total = 7.45ms, Queueing time: mean = 0.00ms, max = -0.00ms, min = 9223372036854.78ms, total = 0.00ms
	ray::rpc::TaskInfoGcsService.grpc_client.AddTaskEventData.OnReplyReceived - 10 total (0 active), Execution time: mean = 0.04ms, total = 0.36ms, Queueing time: mean = 0.02ms, max = 0.02ms, min = 0.01ms, total = 0.15ms
	PeriodicalRunner.RunFnPeriodically - 1 total (0 active), Execution time: mean = 0.03ms, total = 0.03ms, Queueing time: mean = 0.01ms, max = 0.01ms, min = 0.01ms, total = 0.01ms
Other Stats:
	gcs_grpc_in_progress:0
	event_aggregator_grpc_in_progress:0
	current number of task status events in buffer: 0
	current number of profile events in buffer: 0
	current number of dropped task attempts tracked: 0
	total task events sent: 0.0620794 MiB
	total number of task attempts sent: 150
	total number of task attempts dropped reported: 0
	total number of sent failure: 0
	num status task events dropped: 0
	num profile task events dropped: 0
	num ray task events reported to aggregator: 0
	num ray task events failed to report to aggregator: 0
	num of task attempts dropped reported to aggregator: 0
	num of failed requests to aggregator: 0

[2026-09-04 01:05:47,429 I 858 886] core_worker.cc:498: Event stats:


Global stats: 5952 total (8 active)
Queueing time: mean = 0.02ms, max = 11.92ms, min = -0.01ms, total = 124.49ms
Execution time:  mean = 22.82ms, total = 135821.94ms
Event stats:
	CoreWorker.RecoverObjects - 4200 total (1 active), Execution time: mean = 0.00ms, total = 7.02ms, Queueing time: mean = 0.01ms, max = 0.09ms, min = -0.01ms, total = 50.61ms
	CoreWorker.ReportWorkerBacklog - 420 total (1 active), Execution time: mean = 0.00ms, total = 1.17ms, Queueing time: mean = 0.04ms, max = 10.53ms, min = 0.00ms, total = 15.54ms
	CoreWorker.ExitIfParentRayletDies - 420 total (1 active), Execution time: mean = 0.00ms, total = 1.87ms, Queueing time: mean = 0.04ms, max = 10.54ms, min = 0.00ms, total = 14.92ms
	CoreWorker.InternalHeartbeat - 420 total (1 active), Execution time: mean = 0.00ms, total = 1.35ms, Queueing time: mean = 0.04ms, max = 10.55ms, min = -0.00ms, total = 15.43ms
	CoreWorkerService.grpc_server.PushTask.HandleRequestImpl - 145 total (0 active), Execution time: mean = 0.03ms, total = 3.83ms, Queueing time: mean = 0.01ms, max = 0.02ms, min = 0.00ms, total = 2.02ms
	CoreWorkerService.grpc_server.PushTask - 145 total (0 active), Execution time: mean = 936.41ms, total = 135779.85ms, Queueing time: mean = 0.00ms, max = -0.00ms, min = 9223372036854.78ms, total = 0.00ms
	CoreWorker.RecordMetrics - 84 total (1 active), Execution time: mean = 0.05ms, total = 4.13ms, Queueing time: mean = 0.14ms, max = 10.80ms, min = 0.00ms, total = 11.54ms
	CoreWorker.TryDelPendingObjectRefStreams - 42 total (1 active), Execution time: mean = 0.00ms, total = 0.10ms, Queueing time: mean = 0.32ms, max = 11.92ms, min = 0.00ms, total = 13.23ms
	CoreWorkerService.grpc_server.GetCoreWorkerStats.HandleRequestImpl - 28 total (0 active), Execution time: mean = 0.05ms, total = 1.54ms, Queueing time: mean = 0.02ms, max = 0.05ms, min = 0.01ms, total = 0.62ms
	CoreWorkerService.grpc_server.GetCoreWorkerStats - 28 total (0 active), Execution time: mean = 0.26ms, total = 7.16ms, Queueing time: mean = 0.00ms, max = -0.00ms, min = 9223372036854.78ms, total = 0.00ms
	PeriodicalRunner.RunFnPeriodically - 8 total (0 active), Execution time: mean = 0.01ms, total = 0.12ms, Queueing time: mean = 0.06ms, max = 0.10ms, min = 0.00ms, total = 0.48ms
	CoreWorker.PrintEventStats - 7 total (1 active, 1 running), Execution time: mean = 1.88ms, total = 13.19ms, Queueing time: mean = 0.01ms, max = 0.02ms, min = 0.01ms, total = 0.09ms
	Publisher.CheckDeadSubscribers - 2 total (1 active), Execution time: mean = 0.00ms, total = 0.00ms, Queueing time: mean = 0.00ms, max = 0.00ms, min = 0.00ms, total = 0.00ms
	ray::rpc::WorkerInfoGcsService.grpc_client.AddWorkerInfo - 1 total (0 active), Execution time: mean = 0.57ms, total = 0.57ms, Queueing time: mean = 0.00ms, max = -0.00ms, min = 9223372036854.78ms, total = 0.00ms
	ray::rpc::WorkerInfoGcsService.grpc_client.AddWorkerInfo.OnReplyReceived - 1 total (0 active), Execution time: mean = 0.02ms, total = 0.02ms, Queueing time: mean = 0.01ms, max = 0.01ms, min = 0.01ms, total = 0.01ms
	Publisher.PublishFailure.WORKER_OBJECT_LOCATIONS_CHANNEL - 1 total (0 active), Execution time: mean = 0.01ms, total = 0.01ms, Queueing time: mean = 0.00ms, max = 0.00ms, min = 0.00ms, total = 0.00ms

-----------------
Task execution event stats:

Global stats: 28586 total (1 active)
Queueing time: mean = 4.74ms, max = 106200.04ms, min = -0.02ms, total = 135590.63ms
Execution time:  mean = 4.75ms, total = 135803.97ms
Event stats:
	CoreWorker.CheckSignal - 28440 total (1 active), Execution time: mean = 0.00ms, total = 40.10ms, Queueing time: mean = 4.77ms, max = 106200.04ms, min = -0.02ms, total = 135589.40ms
	CoreWorker.HandlePushTaskActor - 144 total (0 active), Execution time: mean = 760.28ms, total = 109479.85ms, Queueing time: mean = 0.01ms, max = 0.03ms, min = 0.00ms, total = 1.22ms
	PeriodicalRunner.RunFnPeriodically - 1 total (0 active), Execution time: mean = 0.01ms, total = 0.01ms, Queueing time: mean = 0.00ms, max = 0.00ms, min = 0.00ms, total = 0.00ms
	CoreWorker.HandlePushTask - 1 total (0 active), Execution time: mean = 26284.01ms, total = 26284.01ms, Queueing time: mean = 0.00ms, max = 0.00ms, min = 0.00ms, total = 0.00ms

-----------------
Task Event stats:

IO Service Stats:

Global stats: 441 total (1 active)
Queueing time: mean = 0.02ms, max = 0.17ms, min = 0.00ms, total = 9.25ms
Execution time:  mean = 0.03ms, total = 14.41ms
Event stats:
	CoreWorker.deadline_timer.flush_task_events - 420 total (1 active), Execution time: mean = 0.02ms, total = 6.57ms, Queueing time: mean = 0.02ms, max = 0.17ms, min = 0.00ms, total = 9.09ms
	ray::rpc::TaskInfoGcsService.grpc_client.AddTaskEventData - 10 total (0 active), Execution time: mean = 0.75ms, total = 7.45ms, Queueing time: mean = 0.00ms, max = -0.00ms, min = 9223372036854.78ms, total = 0.00ms
	ray::rpc::TaskInfoGcsService.grpc_client.AddTaskEventData.OnReplyReceived - 10 total (0 active), Execution time: mean = 0.04ms, total = 0.36ms, Queueing time: mean = 0.02ms, max = 0.02ms, min = 0.01ms, total = 0.15ms
	PeriodicalRunner.RunFnPeriodically - 1 total (0 active), Execution time: mean = 0.03ms, total = 0.03ms, Queueing time: mean = 0.01ms, max = 0.01ms, min = 0.01ms, total = 0.01ms
Other Stats:
	gcs_grpc_in_progress:0
	event_aggregator_grpc_in_progress:0
	current number of task status events in buffer: 0
	current number of profile events in buffer: 0
	current number of dropped task attempts tracked: 0
	total task events sent: 0.0620794 MiB
	total number of task attempts sent: 150
	total number of task attempts dropped reported: 0
	total number of sent failure: 0
	num status task events dropped: 0
	num profile task events dropped: 0
	num ray task events reported to aggregator: 0
	num ray task events failed to report to aggregator: 0
	num of task attempts dropped reported to aggregator: 0
	num of failed requests to aggregator: 0

[2026-09-04 01:06:47,430 I 858 886] core_worker.cc:498: Event stats:


Global stats: 7029 total (8 active)
Queueing time: mean = 0.02ms, max = 11.92ms, min = -0.01ms, total = 134.03ms
Execution time:  mean = 19.59ms, total = 137663.77ms
Event stats:
	CoreWorker.RecoverObjects - 4800 total (1 active), Execution time: mean = 0.00ms, total = 8.36ms, Queueing time: mean = 0.01ms, max = 0.09ms, min = -0.01ms, total = 56.77ms
	CoreWorker.ReportWorkerBacklog - 480 total (1 active), Execution time: mean = 0.00ms, total = 1.40ms, Queueing time: mean = 0.03ms, max = 10.53ms, min = 0.00ms, total = 16.15ms
	CoreWorker.ExitIfParentRayletDies - 480 total (1 active), Execution time: mean = 0.00ms, total = 2.19ms, Queueing time: mean = 0.03ms, max = 10.54ms, min = 0.00ms, total = 15.44ms
	CoreWorker.InternalHeartbeat - 480 total (1 active), Execution time: mean = 0.00ms, total = 1.65ms, Queueing time: mean = 0.03ms, max = 10.55ms, min = -0.00ms, total = 15.97ms
	CoreWorkerService.grpc_server.PushTask.HandleRequestImpl - 280 total (0 active), Execution time: mean = 0.03ms, total = 8.04ms, Queueing time: mean = 0.01ms, max = 0.02ms, min = 0.00ms, total = 3.27ms
	CoreWorkerService.grpc_server.PushTask - 280 total (0 active), Execution time: mean = 491.47ms, total = 137612.58ms, Queueing time: mean = 0.00ms, max = -0.00ms, min = 9223372036854.78ms, total = 0.00ms
	CoreWorker.RecordMetrics - 96 total (1 active), Execution time: mean = 0.05ms, total = 4.86ms, Queueing time: mean = 0.12ms, max = 10.80ms, min = 0.00ms, total = 11.63ms
	CoreWorker.TryDelPendingObjectRefStreams - 48 total (1 active), Execution time: mean = 0.00ms, total = 0.12ms, Queueing time: mean = 0.28ms, max = 11.92ms, min = 0.00ms, total = 13.47ms
	CoreWorkerService.grpc_server.GetCoreWorkerStats.HandleRequestImpl - 32 total (0 active), Execution time: mean = 0.06ms, total = 1.81ms, Queueing time: mean = 0.02ms, max = 0.05ms, min = 0.01ms, total = 0.71ms
	CoreWorkerService.grpc_server.GetCoreWorkerStats - 32 total (0 active), Execution time: mean = 0.27ms, total = 8.62ms, Queueing time: mean = 0.00ms, max = -0.00ms, min = 9223372036854.78ms, total = 0.00ms
	CoreWorker.PrintEventStats - 8 total (1 active, 1 running), Execution time: mean = 1.68ms, total = 13.41ms, Queueing time: mean = 0.01ms, max = 0.03ms, min = 0.01ms, total = 0.11ms
	PeriodicalRunner.RunFnPeriodically - 8 total (0 active), Execution time: mean = 0.01ms, total = 0.12ms, Queueing time: mean = 0.06ms, max = 0.10ms, min = 0.00ms, total = 0.48ms
	Publisher.CheckDeadSubscribers - 2 total (1 active), Execution time: mean = 0.00ms, total = 0.00ms, Queueing time: mean = 0.00ms, max = 0.00ms, min = 0.00ms, total = 0.00ms
	ray::rpc::WorkerInfoGcsService.grpc_client.AddWorkerInfo - 1 total (0 active), Execution time: mean = 0.57ms, total = 0.57ms, Queueing time: mean = 0.00ms, max = -0.00ms, min = 9223372036854.78ms, total = 0.00ms
	ray::rpc::WorkerInfoGcsService.grpc_client.AddWorkerInfo.OnReplyReceived - 1 total (0 active), Execution time: mean = 0.02ms, total = 0.02ms, Queueing time: mean = 0.01ms, max = 0.01ms, min = 0.01ms, total = 0.01ms
	Publisher.PublishFailure.WORKER_OBJECT_LOCATIONS_CHANNEL - 1 total (0 active), Execution time: mean = 0.01ms, total = 0.01ms, Queueing time: mean = 0.00ms, max = 0.00ms, min = 0.00ms, total = 0.00ms

-----------------
Task execution event stats:

Global stats: 34593 total (1 active)
Queueing time: mean = 3.96ms, max = 106200.04ms, min = -0.02ms, total = 136871.90ms
Execution time:  mean = 3.98ms, total = 137634.78ms
Event stats:
	CoreWorker.CheckSignal - 34312 total (1 active), Execution time: mean = 0.00ms, total = 50.66ms, Queueing time: mean = 3.99ms, max = 106200.04ms, min = -0.02ms, total = 136869.83ms
	CoreWorker.HandlePushTaskActor - 279 total (0 active), Execution time: mean = 398.93ms, total = 111300.10ms, Queueing time: mean = 0.01ms, max = 0.03ms, min = 0.00ms, total = 2.06ms
	PeriodicalRunner.RunFnPeriodically - 1 total (0 active), Execution time: mean = 0.01ms, total = 0.01ms, Queueing time: mean = 0.00ms, max = 0.00ms, min = 0.00ms, total = 0.00ms
	CoreWorker.HandlePushTask - 1 total (0 active), Execution time: mean = 26284.01ms, total = 26284.01ms, Queueing time: mean = 0.00ms, max = 0.00ms, min = 0.00ms, total = 0.00ms

-----------------
Task Event stats:

IO Service Stats:

Global stats: 509 total (1 active)
Queueing time: mean = 0.02ms, max = 0.17ms, min = 0.00ms, total = 10.31ms
Execution time:  mean = 0.04ms, total = 20.29ms
Event stats:
	CoreWorker.deadline_timer.flush_task_events - 480 total (1 active), Execution time: mean = 0.02ms, total = 9.10ms, Queueing time: mean = 0.02ms, max = 0.17ms, min = 0.00ms, total = 10.10ms
	ray::rpc::TaskInfoGcsService.grpc_client.AddTaskEventData - 14 total (0 active), Execution time: mean = 0.76ms, total = 10.61ms, Queueing time: mean = 0.00ms, max = -0.00ms, min = 9223372036854.78ms, total = 0.00ms
	ray::rpc::TaskInfoGcsService.grpc_client.AddTaskEventData.OnReplyReceived - 14 total (0 active), Execution time: mean = 0.04ms, total = 0.55ms, Queueing time: mean = 0.01ms, max = 0.02ms, min = 0.01ms, total = 0.20ms
	PeriodicalRunner.RunFnPeriodically - 1 total (0 active), Execution time: mean = 0.03ms, total = 0.03ms, Queueing time: mean = 0.01ms, max = 0.01ms, min = 0.01ms, total = 0.01ms
Other Stats:
	gcs_grpc_in_progress:0
	event_aggregator_grpc_in_progress:0
	current number of task status events in buffer: 0
	current number of profile events in buffer: 0
	current number of dropped task attempts tracked: 0
	total task events sent: 0.119773 MiB
	total number of task attempts sent: 287
	total number of task attempts dropped reported: 0
	total number of sent failure: 0
	num status task events dropped: 0
	num profile task events dropped: 0
	num ray task events reported to aggregator: 0
	num ray task events failed to report to aggregator: 0
	num of task attempts dropped reported to aggregator: 0
	num of failed requests to aggregator: 0

[2026-09-04 01:07:47,430 I 858 886] core_worker.cc:498: Event stats:


Global stats: 7836 total (8 active)
Queueing time: mean = 0.02ms, max = 11.92ms, min = -0.02ms, total = 143.97ms
Execution time:  mean = 17.57ms, total = 137669.43ms
Event stats:
	CoreWorker.RecoverObjects - 5400 total (1 active), Execution time: mean = 0.00ms, total = 10.50ms, Queueing time: mean = 0.01ms, max = 0.09ms, min = -0.02ms, total = 64.25ms
	CoreWorker.ReportWorkerBacklog - 540 total (1 active), Execution time: mean = 0.00ms, total = 1.71ms, Queueing time: mean = 0.03ms, max = 10.53ms, min = 0.00ms, total = 16.86ms
	CoreWorker.ExitIfParentRayletDies - 540 total (1 active), Execution time: mean = 0.00ms, total = 2.64ms, Queueing time: mean = 0.03ms, max = 10.54ms, min = 0.00ms, total = 16.01ms
	CoreWorker.InternalHeartbeat - 540 total (1 active), Execution time: mean = 0.00ms, total = 2.04ms, Queueing time: mean = 0.03ms, max = 10.55ms, min = -0.01ms, total = 16.63ms
	CoreWorkerService.grpc_server.PushTask.HandleRequestImpl - 280 total (0 active), Execution time: mean = 0.03ms, total = 8.04ms, Queueing time: mean = 0.01ms, max = 0.02ms, min = 0.00ms, total = 3.27ms
	CoreWorkerService.grpc_server.PushTask - 280 total (0 active), Execution time: mean = 491.47ms, total = 137612.58ms, Queueing time: mean = 0.00ms, max = -0.00ms, min = 9223372036854.78ms, total = 0.00ms
	CoreWorker.RecordMetrics - 108 total (1 active), Execution time: mean = 0.05ms, total = 5.67ms, Queueing time: mean = 0.11ms, max = 10.80ms, min = 0.00ms, total = 11.76ms
	CoreWorker.TryDelPendingObjectRefStreams - 54 total (1 active), Execution time: mean = 0.00ms, total = 0.14ms, Queueing time: mean = 0.26ms, max = 11.92ms, min = 0.00ms, total = 13.79ms
	CoreWorkerService.grpc_server.GetCoreWorkerStats.HandleRequestImpl - 36 total (0 active), Execution time: mean = 0.06ms, total = 2.06ms, Queueing time: mean = 0.02ms, max = 0.05ms, min = 0.01ms, total = 0.78ms
	CoreWorkerService.grpc_server.GetCoreWorkerStats - 36 total (0 active), Execution time: mean = 0.27ms, total = 9.59ms, Queueing time: mean = 0.00ms, max = -0.00ms, min = 9223372036854.78ms, total = 0.00ms
	CoreWorker.PrintEventStats - 9 total (1 active, 1 running), Execution time: mean = 1.53ms, total = 13.73ms, Queueing time: mean = 0.01ms, max = 0.03ms, min = 0.01ms, total = 0.12ms
	PeriodicalRunner.RunFnPeriodically - 8 total (0 active), Execution time: mean = 0.01ms, total = 0.12ms, Queueing time: mean = 0.06ms, max = 0.10ms, min = 0.00ms, total = 0.48ms
	Publisher.CheckDeadSubscribers - 2 total (1 active), Execution time: mean = 0.00ms, total = 0.00ms, Queueing time: mean = 0.00ms, max = 0.00ms, min = 0.00ms, total = 0.00ms
	ray::rpc::WorkerInfoGcsService.grpc_client.AddWorkerInfo - 1 total (0 active), Execution time: mean = 0.57ms, total = 0.57ms, Queueing time: mean = 0.00ms, max = -0.00ms, min = 9223372036854.78ms, total = 0.00ms
	ray::rpc::WorkerInfoGcsService.grpc_client.AddWorkerInfo.OnReplyReceived - 1 total (0 active), Execution time: mean = 0.02ms, total = 0.02ms, Queueing time: mean = 0.01ms, max = 0.01ms, min = 0.01ms, total = 0.01ms
	Publisher.PublishFailure.WORKER_OBJECT_LOCATIONS_CHANNEL - 1 total (0 active), Execution time: mean = 0.01ms, total = 0.01ms, Queueing time: mean = 0.00ms, max = 0.00ms, min = 0.00ms, total = 0.00ms

-----------------
Task execution event stats:

Global stats: 40586 total (1 active)
Queueing time: mean = 3.37ms, max = 106200.04ms, min = -0.02ms, total = 136932.39ms
Execution time:  mean = 3.39ms, total = 137643.51ms
Event stats:
	CoreWorker.CheckSignal - 40305 total (1 active), Execution time: mean = 0.00ms, total = 59.38ms, Queueing time: mean = 3.40ms, max = 106200.04ms, min = -0.02ms, total = 136930.32ms
	CoreWorker.HandlePushTaskActor - 279 total (0 active), Execution time: mean = 398.93ms, total = 111300.10ms, Queueing time: mean = 0.01ms, max = 0.03ms, min = 0.00ms, total = 2.06ms
	PeriodicalRunner.RunFnPeriodically - 1 total (0 active), Execution time: mean = 0.01ms, total = 0.01ms, Queueing time: mean = 0.00ms, max = 0.00ms, min = 0.00ms, total = 0.00ms
	CoreWorker.HandlePushTask - 1 total (0 active), Execution time: mean = 26284.01ms, total = 26284.01ms, Queueing time: mean = 0.00ms, max = 0.00ms, min = 0.00ms, total = 0.00ms

-----------------
Task Event stats:

IO Service Stats:

Global stats: 569 total (1 active)
Queueing time: mean = 0.02ms, max = 0.17ms, min = 0.00ms, total = 11.75ms
Execution time:  mean = 0.04ms, total = 21.09ms
Event stats:
	CoreWorker.deadline_timer.flush_task_events - 540 total (1 active), Execution time: mean = 0.02ms, total = 9.90ms, Queueing time: mean = 0.02ms, max = 0.17ms, min = 0.00ms, total = 11.54ms
	ray::rpc::TaskInfoGcsService.grpc_client.AddTaskEventData - 14 total (0 active), Execution time: mean = 0.76ms, total = 10.61ms, Queueing time: mean = 0.00ms, max = -0.00ms, min = 9223372036854.78ms, total = 0.00ms
	ray::rpc::TaskInfoGcsService.grpc_client.AddTaskEventData.OnReplyReceived - 14 total (0 active), Execution time: mean = 0.04ms, total = 0.55ms, Queueing time: mean = 0.01ms, max = 0.02ms, min = 0.01ms, total = 0.20ms
	PeriodicalRunner.RunFnPeriodically - 1 total (0 active), Execution time: mean = 0.03ms, total = 0.03ms, Queueing time: mean = 0.01ms, max = 0.01ms, min = 0.01ms, total = 0.01ms
Other Stats:
	gcs_grpc_in_progress:0
	event_aggregator_grpc_in_progress:0
	current number of task status events in buffer: 0
	current number of profile events in buffer: 0
	current number of dropped task attempts tracked: 0
	total task events sent: 0.119773 MiB
	total number of task attempts sent: 287
	total number of task attempts dropped reported: 0
	total number of sent failure: 0
	num status task events dropped: 0
	num profile task events dropped: 0
	num ray task events reported to aggregator: 0
	num ray task events failed to report to aggregator: 0
	num of task attempts dropped reported to aggregator: 0
	num of failed requests to aggregator: 0

[2026-09-04 01:08:47,430 I 858 886] core_worker.cc:498: Event stats:


Global stats: 8644 total (8 active)
Queueing time: mean = 0.02ms, max = 11.92ms, min = -0.02ms, total = 150.99ms
Execution time:  mean = 15.93ms, total = 137673.41ms
Event stats:
	CoreWorker.RecoverObjects - 6000 total (1 active), Execution time: mean = 0.00ms, total = 11.68ms, Queueing time: mean = 0.01ms, max = 0.09ms, min = -0.02ms, total = 69.47ms
	CoreWorker.ReportWorkerBacklog - 600 total (1 active), Execution time: mean = 0.00ms, total = 1.95ms, Queueing time: mean = 0.03ms, max = 10.53ms, min = 0.00ms, total = 17.36ms
	CoreWorker.ExitIfParentRayletDies - 600 total (1 active), Execution time: mean = 0.00ms, total = 2.95ms, Queueing time: mean = 0.03ms, max = 10.54ms, min = 0.00ms, total = 16.44ms
	CoreWorker.InternalHeartbeat - 600 total (1 active), Execution time: mean = 0.00ms, total = 2.31ms, Queueing time: mean = 0.03ms, max = 10.55ms, min = -0.01ms, total = 17.11ms
	CoreWorkerService.grpc_server.PushTask.HandleRequestImpl - 280 total (0 active), Execution time: mean = 0.03ms, total = 8.04ms, Queueing time: mean = 0.01ms, max = 0.02ms, min = 0.00ms, total = 3.27ms
	CoreWorkerService.grpc_server.PushTask - 280 total (0 active), Execution time: mean = 491.47ms, total = 137612.58ms, Queueing time: mean = 0.00ms, max = -0.00ms, min = 9223372036854.78ms, total = 0.00ms
	CoreWorker.RecordMetrics - 120 total (1 active), Execution time: mean = 0.05ms, total = 6.22ms, Queueing time: mean = 0.10ms, max = 10.80ms, min = 0.00ms, total = 11.84ms
	CoreWorker.TryDelPendingObjectRefStreams - 60 total (1 active), Execution time: mean = 0.00ms, total = 0.15ms, Queueing time: mean = 0.23ms, max = 11.92ms, min = 0.00ms, total = 14.00ms
	CoreWorkerService.grpc_server.GetCoreWorkerStats.HandleRequestImpl - 40 total (0 active), Execution time: mean = 0.06ms, total = 2.27ms, Queueing time: mean = 0.02ms, max = 0.05ms, min = 0.01ms, total = 0.86ms
	CoreWorkerService.grpc_server.GetCoreWorkerStats - 40 total (0 active), Execution time: mean = 0.26ms, total = 10.57ms, Queueing time: mean = 0.00ms, max = -0.00ms, min = 9223372036854.78ms, total = 0.00ms
	CoreWorker.PrintEventStats - 10 total (1 active, 1 running), Execution time: mean = 1.40ms, total = 13.96ms, Queueing time: mean = 0.01ms, max = 0.03ms, min = 0.01ms, total = 0.13ms
	PeriodicalRunner.RunFnPeriodically - 8 total (0 active), Execution time: mean = 0.01ms, total = 0.12ms, Queueing time: mean = 0.06ms, max = 0.10ms, min = 0.00ms, total = 0.48ms
	Publisher.CheckDeadSubscribers - 3 total (1 active), Execution time: mean = 0.00ms, total = 0.00ms, Queueing time: mean = 0.00ms, max = 0.00ms, min = 0.00ms, total = 0.01ms
	ray::rpc::WorkerInfoGcsService.grpc_client.AddWorkerInfo - 1 total (0 active), Execution time: mean = 0.57ms, total = 0.57ms, Queueing time: mean = 0.00ms, max = -0.00ms, min = 9223372036854.78ms, total = 0.00ms
	ray::rpc::WorkerInfoGcsService.grpc_client.AddWorkerInfo.OnReplyReceived - 1 total (0 active), Execution time: mean = 0.02ms, total = 0.02ms, Queueing time: mean = 0.01ms, max = 0.01ms, min = 0.01ms, total = 0.01ms
	Publisher.PublishFailure.WORKER_OBJECT_LOCATIONS_CHANNEL - 1 total (0 active), Execution time: mean = 0.01ms, total = 0.01ms, Queueing time: mean = 0.00ms, max = 0.00ms, min = 0.00ms, total = 0.00ms

-----------------
Task execution event stats:

Global stats: 46577 total (1 active)
Queueing time: mean = 2.94ms, max = 106200.04ms, min = -0.02ms, total = 137011.68ms
Execution time:  mean = 2.96ms, total = 137654.43ms
Event stats:
	CoreWorker.CheckSignal - 46296 total (1 active), Execution time: mean = 0.00ms, total = 70.31ms, Queueing time: mean = 2.96ms, max = 106200.04ms, min = -0.02ms, total = 137009.61ms
	CoreWorker.HandlePushTaskActor - 279 total (0 active), Execution time: mean = 398.93ms, total = 111300.10ms, Queueing time: mean = 0.01ms, max = 0.03ms, min = 0.00ms, total = 2.06ms
	PeriodicalRunner.RunFnPeriodically - 1 total (0 active), Execution time: mean = 0.01ms, total = 0.01ms, Queueing time: mean = 0.00ms, max = 0.00ms, min = 0.00ms, total = 0.00ms
	CoreWorker.HandlePushTask - 1 total (0 active), Execution time: mean = 26284.01ms, total = 26284.01ms, Queueing time: mean = 0.00ms, max = 0.00ms, min = 0.00ms, total = 0.00ms

-----------------
Task Event stats:

IO Service Stats:

Global stats: 629 total (1 active)
Queueing time: mean = 0.02ms, max = 0.17ms, min = 0.00ms, total = 13.24ms
Execution time:  mean = 0.03ms, total = 21.87ms
Event stats:
	CoreWorker.deadline_timer.flush_task_events - 600 total (1 active), Execution time: mean = 0.02ms, total = 10.68ms, Queueing time: mean = 0.02ms, max = 0.17ms, min = 0.00ms, total = 13.03ms
	ray::rpc::TaskInfoGcsService.grpc_client.AddTaskEventData - 14 total (0 active), Execution time: mean = 0.76ms, total = 10.61ms, Queueing time: mean = 0.00ms, max = -0.00ms, min = 9223372036854.78ms, total = 0.00ms
	ray::rpc::TaskInfoGcsService.grpc_client.AddTaskEventData.OnReplyReceived - 14 total (0 active), Execution time: mean = 0.04ms, total = 0.55ms, Queueing time: mean = 0.01ms, max = 0.02ms, min = 0.01ms, total = 0.20ms
	PeriodicalRunner.RunFnPeriodically - 1 total (0 active), Execution time: mean = 0.03ms, total = 0.03ms, Queueing time: mean = 0.01ms, max = 0.01ms, min = 0.01ms, total = 0.01ms
Other Stats:
	gcs_grpc_in_progress:0
	event_aggregator_grpc_in_progress:0
	current number of task status events in buffer: 0
	current number of profile events in buffer: 0
	current number of dropped task attempts tracked: 0
	total task events sent: 0.119773 MiB
	total number of task attempts sent: 287
	total number of task attempts dropped reported: 0
	total number of sent failure: 0
	num status task events dropped: 0
	num profile task events dropped: 0
	num ray task events reported to aggregator: 0
	num ray task events failed to report to aggregator: 0
	num of task attempts dropped reported to aggregator: 0
	num of failed requests to aggregator: 0

[2026-09-04 01:09:47,430 I 858 886] core_worker.cc:498: Event stats:


Global stats: 9451 total (8 active)
Queueing time: mean = 0.02ms, max = 11.92ms, min = -0.02ms, total = 157.67ms
Execution time:  mean = 14.57ms, total = 137676.76ms
Event stats:
	CoreWorker.RecoverObjects - 6600 total (1 active), Execution time: mean = 0.00ms, total = 12.38ms, Queueing time: mean = 0.01ms, max = 0.09ms, min = -0.02ms, total = 74.45ms
	CoreWorker.ReportWorkerBacklog - 660 total (1 active), Execution time: mean = 0.00ms, total = 2.12ms, Queueing time: mean = 0.03ms, max = 10.53ms, min = 0.00ms, total = 17.82ms
	CoreWorker.ExitIfParentRayletDies - 660 total (1 active), Execution time: mean = 0.00ms, total = 3.21ms, Queueing time: mean = 0.03ms, max = 10.54ms, min = 0.00ms, total = 16.80ms
	CoreWorker.InternalHeartbeat - 660 total (1 active), Execution time: mean = 0.00ms, total = 2.48ms, Queueing time: mean = 0.03ms, max = 10.55ms, min = -0.01ms, total = 17.57ms
	CoreWorkerService.grpc_server.PushTask.HandleRequestImpl - 280 total (0 active), Execution time: mean = 0.03ms, total = 8.04ms, Queueing time: mean = 0.01ms, max = 0.02ms, min = 0.00ms, total = 3.27ms
	CoreWorkerService.grpc_server.PushTask - 280 total (0 active), Execution time: mean = 491.47ms, total = 137612.58ms, Queueing time: mean = 0.00ms, max = -0.00ms, min = 9223372036854.78ms, total = 0.00ms
	CoreWorker.RecordMetrics - 132 total (1 active), Execution time: mean = 0.05ms, total = 6.62ms, Queueing time: mean = 0.09ms, max = 10.80ms, min = 0.00ms, total = 11.95ms
	CoreWorker.TryDelPendingObjectRefStreams - 66 total (1 active), Execution time: mean = 0.00ms, total = 0.16ms, Queueing time: mean = 0.22ms, max = 11.92ms, min = 0.00ms, total = 14.27ms
	CoreWorkerService.grpc_server.GetCoreWorkerStats.HandleRequestImpl - 44 total (0 active), Execution time: mean = 0.05ms, total = 2.42ms, Queueing time: mean = 0.02ms, max = 0.05ms, min = 0.01ms, total = 0.90ms
	CoreWorkerService.grpc_server.GetCoreWorkerStats - 44 total (0 active), Execution time: mean = 0.27ms, total = 11.77ms, Queueing time: mean = 0.00ms, max = -0.00ms, min = 9223372036854.78ms, total = 0.00ms
	CoreWorker.PrintEventStats - 11 total (1 active, 1 running), Execution time: mean = 1.29ms, total = 14.24ms, Queueing time: mean = 0.01ms, max = 0.03ms, min = 0.00ms, total = 0.14ms
	PeriodicalRunner.RunFnPeriodically - 8 total (0 active), Execution time: mean = 0.01ms, total = 0.12ms, Queueing time: mean = 0.06ms, max = 0.10ms, min = 0.00ms, total = 0.48ms
	Publisher.CheckDeadSubscribers - 3 total (1 active), Execution time: mean = 0.00ms, total = 0.00ms, Queueing time: mean = 0.00ms, max = 0.00ms, min = 0.00ms, total = 0.01ms
	ray::rpc::WorkerInfoGcsService.grpc_client.AddWorkerInfo - 1 total (0 active), Execution time: mean = 0.57ms, total = 0.57ms, Queueing time: mean = 0.00ms, max = -0.00ms, min = 9223372036854.78ms, total = 0.00ms
	ray::rpc::WorkerInfoGcsService.grpc_client.AddWorkerInfo.OnReplyReceived - 1 total (0 active), Execution time: mean = 0.02ms, total = 0.02ms, Queueing time: mean = 0.01ms, max = 0.01ms, min = 0.01ms, total = 0.01ms
	Publisher.PublishFailure.WORKER_OBJECT_LOCATIONS_CHANNEL - 1 total (0 active), Execution time: mean = 0.01ms, total = 0.01ms, Queueing time: mean = 0.00ms, max = 0.00ms, min = 0.00ms, total = 0.00ms

-----------------
Task execution event stats:

Global stats: 52568 total (1 active)
Queueing time: mean = 2.61ms, max = 106200.04ms, min = -0.02ms, total = 137099.36ms
Execution time:  mean = 2.62ms, total = 137665.90ms
Event stats:
	CoreWorker.CheckSignal - 52287 total (1 active), Execution time: mean = 0.00ms, total = 81.77ms, Queueing time: mean = 2.62ms, max = 106200.04ms, min = -0.02ms, total = 137097.29ms
	CoreWorker.HandlePushTaskActor - 279 total (0 active), Execution time: mean = 398.93ms, total = 111300.10ms, Queueing time: mean = 0.01ms, max = 0.03ms, min = 0.00ms, total = 2.06ms
	PeriodicalRunner.RunFnPeriodically - 1 total (0 active), Execution time: mean = 0.01ms, total = 0.01ms, Queueing time: mean = 0.00ms, max = 0.00ms, min = 0.00ms, total = 0.00ms
	CoreWorker.HandlePushTask - 1 total (0 active), Execution time: mean = 26284.01ms, total = 26284.01ms, Queueing time: mean = 0.00ms, max = 0.00ms, min = 0.00ms, total = 0.00ms

-----------------
Task Event stats:

IO Service Stats:

Global stats: 689 total (1 active)
Queueing time: mean = 0.02ms, max = 0.17ms, min = 0.00ms, total = 14.24ms
Execution time:  mean = 0.03ms, total = 22.33ms
Event stats:
	CoreWorker.deadline_timer.flush_task_events - 660 total (1 active), Execution time: mean = 0.02ms, total = 11.14ms, Queueing time: mean = 0.02ms, max = 0.17ms, min = 0.00ms, total = 14.04ms
	ray::rpc::TaskInfoGcsService.grpc_client.AddTaskEventData - 14 total (0 active), Execution time: mean = 0.76ms, total = 10.61ms, Queueing time: mean = 0.00ms, max = -0.00ms, min = 9223372036854.78ms, total = 0.00ms
	ray::rpc::TaskInfoGcsService.grpc_client.AddTaskEventData.OnReplyReceived - 14 total (0 active), Execution time: mean = 0.04ms, total = 0.55ms, Queueing time: mean = 0.01ms, max = 0.02ms, min = 0.01ms, total = 0.20ms
	PeriodicalRunner.RunFnPeriodically - 1 total (0 active), Execution time: mean = 0.03ms, total = 0.03ms, Queueing time: mean = 0.01ms, max = 0.01ms, min = 0.01ms, total = 0.01ms
Other Stats:
	gcs_grpc_in_progress:0
	event_aggregator_grpc_in_progress:0
	current number of task status events in buffer: 0
	current number of profile events in buffer: 0
	current number of dropped task attempts tracked: 0
	total task events sent: 0.119773 MiB
	total number of task attempts sent: 287
	total number of task attempts dropped reported: 0
	total number of sent failure: 0
	num status task events dropped: 0
	num profile task events dropped: 0
	num ray task events reported to aggregator: 0
	num ray task events failed to report to aggregator: 0
	num of task attempts dropped reported to aggregator: 0
	num of failed requests to aggregator: 0

[2026-09-04 01:10:47,431 I 858 886] core_worker.cc:498: Event stats:


Global stats: 10258 total (8 active)
Queueing time: mean = 0.02ms, max = 11.92ms, min = -0.02ms, total = 169.74ms
Execution time:  mean = 13.42ms, total = 137680.21ms
Event stats:
	CoreWorker.RecoverObjects - 7200 total (1 active), Execution time: mean = 0.00ms, total = 13.37ms, Queueing time: mean = 0.01ms, max = 0.09ms, min = -0.02ms, total = 83.60ms
	CoreWorker.ReportWorkerBacklog - 720 total (1 active), Execution time: mean = 0.00ms, total = 2.32ms, Queueing time: mean = 0.03ms, max = 10.53ms, min = 0.00ms, total = 18.64ms
	CoreWorker.ExitIfParentRayletDies - 720 total (1 active), Execution time: mean = 0.00ms, total = 3.47ms, Queueing time: mean = 0.02ms, max = 10.54ms, min = 0.00ms, total = 17.53ms
	CoreWorker.InternalHeartbeat - 720 total (1 active), Execution time: mean = 0.00ms, total = 2.63ms, Queueing time: mean = 0.03ms, max = 10.55ms, min = -0.01ms, total = 18.42ms
	CoreWorkerService.grpc_server.PushTask.HandleRequestImpl - 280 total (0 active), Execution time: mean = 0.03ms, total = 8.04ms, Queueing time: mean = 0.01ms, max = 0.02ms, min = 0.00ms, total = 3.27ms
	CoreWorkerService.grpc_server.PushTask - 280 total (0 active), Execution time: mean = 491.47ms, total = 137612.58ms, Queueing time: mean = 0.00ms, max = -0.00ms, min = 9223372036854.78ms, total = 0.00ms
	CoreWorker.RecordMetrics - 144 total (1 active), Execution time: mean = 0.05ms, total = 7.02ms, Queueing time: mean = 0.08ms, max = 10.80ms, min = 0.00ms, total = 12.14ms
	CoreWorker.TryDelPendingObjectRefStreams - 72 total (1 active), Execution time: mean = 0.00ms, total = 0.17ms, Queueing time: mean = 0.20ms, max = 11.92ms, min = 0.00ms, total = 14.50ms
	CoreWorkerService.grpc_server.GetCoreWorkerStats.HandleRequestImpl - 48 total (0 active), Execution time: mean = 0.05ms, total = 2.58ms, Queueing time: mean = 0.02ms, max = 0.05ms, min = 0.01ms, total = 0.99ms
	CoreWorkerService.grpc_server.GetCoreWorkerStats - 48 total (0 active), Execution time: mean = 0.27ms, total = 12.84ms, Queueing time: mean = 0.00ms, max = -0.00ms, min = 9223372036854.78ms, total = 0.00ms
	CoreWorker.PrintEventStats - 12 total (1 active, 1 running), Execution time: mean = 1.20ms, total = 14.45ms, Queueing time: mean = 0.01ms, max = 0.03ms, min = 0.00ms, total = 0.15ms
	PeriodicalRunner.RunFnPeriodically - 8 total (0 active), Execution time: mean = 0.01ms, total = 0.12ms, Queueing time: mean = 0.06ms, max = 0.10ms, min = 0.00ms, total = 0.48ms
	Publisher.CheckDeadSubscribers - 3 total (1 active), Execution time: mean = 0.00ms, total = 0.00ms, Queueing time: mean = 0.00ms, max = 0.00ms, min = 0.00ms, total = 0.01ms
	ray::rpc::WorkerInfoGcsService.grpc_client.AddWorkerInfo - 1 total (0 active), Execution time: mean = 0.57ms, total = 0.57ms, Queueing time: mean = 0.00ms, max = -0.00ms, min = 9223372036854.78ms, total = 0.00ms
	ray::rpc::WorkerInfoGcsService.grpc_client.AddWorkerInfo.OnReplyReceived - 1 total (0 active), Execution time: mean = 0.02ms, total = 0.02ms, Queueing time: mean = 0.01ms, max = 0.01ms, min = 0.01ms, total = 0.01ms
	Publisher.PublishFailure.WORKER_OBJECT_LOCATIONS_CHANNEL - 1 total (0 active), Execution time: mean = 0.01ms, total = 0.01ms, Queueing time: mean = 0.00ms, max = 0.00ms, min = 0.00ms, total = 0.00ms

-----------------
Task execution event stats:

Global stats: 58560 total (1 active)
Queueing time: mean = 2.34ms, max = 106200.04ms, min = -0.02ms, total = 137170.09ms
Execution time:  mean = 2.35ms, total = 137676.88ms
Event stats:
	CoreWorker.CheckSignal - 58279 total (1 active), Execution time: mean = 0.00ms, total = 92.76ms, Queueing time: mean = 2.35ms, max = 106200.04ms, min = -0.02ms, total = 137168.02ms
	CoreWorker.HandlePushTaskActor - 279 total (0 active), Execution time: mean = 398.93ms, total = 111300.10ms, Queueing time: mean = 0.01ms, max = 0.03ms, min = 0.00ms, total = 2.06ms
	PeriodicalRunner.RunFnPeriodically - 1 total (0 active), Execution time: mean = 0.01ms, total = 0.01ms, Queueing time: mean = 0.00ms, max = 0.00ms, min = 0.00ms, total = 0.00ms
	CoreWorker.HandlePushTask - 1 total (0 active), Execution time: mean = 26284.01ms, total = 26284.01ms, Queueing time: mean = 0.00ms, max = 0.00ms, min = 0.00ms, total = 0.00ms

-----------------
Task Event stats:

IO Service Stats:

Global stats: 749 total (1 active)
Queueing time: mean = 0.02ms, max = 0.17ms, min = 0.00ms, total = 15.17ms
Execution time:  mean = 0.03ms, total = 22.79ms
Event stats:
	CoreWorker.deadline_timer.flush_task_events - 720 total (1 active), Execution time: mean = 0.02ms, total = 11.60ms, Queueing time: mean = 0.02ms, max = 0.17ms, min = 0.00ms, total = 14.97ms
	ray::rpc::TaskInfoGcsService.grpc_client.AddTaskEventData - 14 total (0 active), Execution time: mean = 0.76ms, total = 10.61ms, Queueing time: mean = 0.00ms, max = -0.00ms, min = 9223372036854.78ms, total = 0.00ms
	ray::rpc::TaskInfoGcsService.grpc_client.AddTaskEventData.OnReplyReceived - 14 total (0 active), Execution time: mean = 0.04ms, total = 0.55ms, Queueing time: mean = 0.01ms, max = 0.02ms, min = 0.01ms, total = 0.20ms
	PeriodicalRunner.RunFnPeriodically - 1 total (0 active), Execution time: mean = 0.03ms, total = 0.03ms, Queueing time: mean = 0.01ms, max = 0.01ms, min = 0.01ms, total = 0.01ms
Other Stats:
	gcs_grpc_in_progress:0
	event_aggregator_grpc_in_progress:0
	current number of task status events in buffer: 0
	current number of profile events in buffer: 0
	current number of dropped task attempts tracked: 0
	total task events sent: 0.119773 MiB
	total number of task attempts sent: 287
	total number of task attempts dropped reported: 0
	total number of sent failure: 0
	num status task events dropped: 0
	num profile task events dropped: 0
	num ray task events reported to aggregator: 0
	num ray task events failed to report to aggregator: 0
	num of task attempts dropped reported to aggregator: 0
	num of failed requests to aggregator: 0

[2026-09-04 01:11:47,431 I 858 886] core_worker.cc:498: Event stats:


Global stats: 11119 total (8 active)
Queueing time: mean = 0.02ms, max = 11.92ms, min = -0.02ms, total = 181.52ms
Execution time:  mean = 12.42ms, total = 138077.34ms
Event stats:
	CoreWorker.RecoverObjects - 7800 total (1 active), Execution time: mean = 0.00ms, total = 14.23ms, Queueing time: mean = 0.01ms, max = 0.09ms, min = -0.02ms, total = 91.59ms
	CoreWorker.ReportWorkerBacklog - 780 total (1 active), Execution time: mean = 0.00ms, total = 2.49ms, Queueing time: mean = 0.03ms, max = 10.53ms, min = 0.00ms, total = 19.52ms
	CoreWorker.ExitIfParentRayletDies - 780 total (1 active), Execution time: mean = 0.00ms, total = 3.72ms, Queueing time: mean = 0.02ms, max = 10.54ms, min = 0.00ms, total = 18.33ms
	CoreWorker.InternalHeartbeat - 780 total (1 active), Execution time: mean = 0.00ms, total = 2.81ms, Queueing time: mean = 0.02ms, max = 10.55ms, min = -0.01ms, total = 19.30ms
	CoreWorkerService.grpc_server.PushTask.HandleRequestImpl - 307 total (0 active), Execution time: mean = 0.03ms, total = 8.83ms, Queueing time: mean = 0.01ms, max = 0.03ms, min = 0.00ms, total = 3.75ms
	CoreWorkerService.grpc_server.PushTask - 307 total (0 active), Execution time: mean = 449.53ms, total = 138005.45ms, Queueing time: mean = 0.00ms, max = -0.00ms, min = 9223372036854.78ms, total = 0.00ms
	CoreWorker.RecordMetrics - 156 total (1 active), Execution time: mean = 0.05ms, total = 7.47ms, Queueing time: mean = 0.08ms, max = 10.80ms, min = 0.00ms, total = 12.33ms
	CoreWorker.TryDelPendingObjectRefStreams - 78 total (1 active), Execution time: mean = 0.00ms, total = 0.18ms, Queueing time: mean = 0.19ms, max = 11.92ms, min = 0.00ms, total = 14.94ms
	CoreWorkerService.grpc_server.GetCoreWorkerStats.HandleRequestImpl - 52 total (0 active), Execution time: mean = 0.05ms, total = 2.76ms, Queueing time: mean = 0.02ms, max = 0.05ms, min = 0.01ms, total = 1.08ms
	CoreWorkerService.grpc_server.GetCoreWorkerStats - 52 total (0 active), Execution time: mean = 0.27ms, total = 13.80ms, Queueing time: mean = 0.00ms, max = -0.00ms, min = 9223372036854.78ms, total = 0.00ms
	CoreWorker.PrintEventStats - 13 total (1 active, 1 running), Execution time: mean = 1.14ms, total = 14.87ms, Queueing time: mean = 0.01ms, max = 0.03ms, min = 0.00ms, total = 0.18ms
	PeriodicalRunner.RunFnPeriodically - 8 total (0 active), Execution time: mean = 0.01ms, total = 0.12ms, Queueing time: mean = 0.06ms, max = 0.10ms, min = 0.00ms, total = 0.48ms
	Publisher.CheckDeadSubscribers - 3 total (1 active), Execution time: mean = 0.00ms, total = 0.00ms, Queueing time: mean = 0.00ms, max = 0.00ms, min = 0.00ms, total = 0.01ms
	ray::rpc::WorkerInfoGcsService.grpc_client.AddWorkerInfo - 1 total (0 active), Execution time: mean = 0.57ms, total = 0.57ms, Queueing time: mean = 0.00ms, max = -0.00ms, min = 9223372036854.78ms, total = 0.00ms
	ray::rpc::WorkerInfoGcsService.grpc_client.AddWorkerInfo.OnReplyReceived - 1 total (0 active), Execution time: mean = 0.02ms, total = 0.02ms, Queueing time: mean = 0.01ms, max = 0.01ms, min = 0.01ms, total = 0.01ms
	Publisher.PublishFailure.WORKER_OBJECT_LOCATIONS_CHANNEL - 1 total (0 active), Execution time: mean = 0.01ms, total = 0.01ms, Queueing time: mean = 0.00ms, max = 0.00ms, min = 0.00ms, total = 0.00ms

-----------------
Task execution event stats:

Global stats: 64556 total (1 active)
Queueing time: mean = 2.13ms, max = 106200.04ms, min = -0.02ms, total = 137482.89ms
Execution time:  mean = 2.14ms, total = 138073.25ms
Event stats:
	CoreWorker.CheckSignal - 64248 total (1 active), Execution time: mean = 0.00ms, total = 99.33ms, Queueing time: mean = 2.14ms, max = 106200.04ms, min = -0.02ms, total = 137480.53ms
	CoreWorker.HandlePushTaskActor - 306 total (0 active), Execution time: mean = 365.00ms, total = 111689.90ms, Queueing time: mean = 0.01ms, max = 0.03ms, min = 0.00ms, total = 2.35ms
	PeriodicalRunner.RunFnPeriodically - 1 total (0 active), Execution time: mean = 0.01ms, total = 0.01ms, Queueing time: mean = 0.00ms, max = 0.00ms, min = 0.00ms, total = 0.00ms
	CoreWorker.HandlePushTask - 1 total (0 active), Execution time: mean = 26284.01ms, total = 26284.01ms, Queueing time: mean = 0.00ms, max = 0.00ms, min = 0.00ms, total = 0.00ms

-----------------
Task Event stats:

IO Service Stats:

Global stats: 811 total (1 active)
Queueing time: mean = 0.02ms, max = 0.17ms, min = 0.00ms, total = 16.03ms
Execution time:  mean = 0.03ms, total = 24.05ms
Event stats:
	CoreWorker.deadline_timer.flush_task_events - 780 total (1 active), Execution time: mean = 0.02ms, total = 12.24ms, Queueing time: mean = 0.02ms, max = 0.17ms, min = 0.00ms, total = 15.80ms
	ray::rpc::TaskInfoGcsService.grpc_client.AddTaskEventData - 15 total (0 active), Execution time: mean = 0.75ms, total = 11.20ms, Queueing time: mean = 0.00ms, max = -0.00ms, min = 9223372036854.78ms, total = 0.00ms
	ray::rpc::TaskInfoGcsService.grpc_client.AddTaskEventData.OnReplyReceived - 15 total (0 active), Execution time: mean = 0.04ms, total = 0.58ms, Queueing time: mean = 0.01ms, max = 0.02ms, min = 0.01ms, total = 0.22ms
	PeriodicalRunner.RunFnPeriodically - 1 total (0 active), Execution time: mean = 0.03ms, total = 0.03ms, Queueing time: mean = 0.01ms, max = 0.01ms, min = 0.01ms, total = 0.01ms
Other Stats:
	gcs_grpc_in_progress:0
	event_aggregator_grpc_in_progress:0
	current number of task status events in buffer: 34
	current number of profile events in buffer: 68
	current number of dropped task attempts tracked: 0
	total task events sent: 0.123956 MiB
	total number of task attempts sent: 297
	total number of task attempts dropped reported: 0
	total number of sent failure: 0
	num status task events dropped: 0
	num profile task events dropped: 0
	num ray task events reported to aggregator: 0
	num ray task events failed to report to aggregator: 0
	num of task attempts dropped reported to aggregator: 0
	num of failed requests to aggregator: 0

[2026-09-04 01:12:01,032 I 858 886] core_worker.cc:4493: Force kill actor request has received. exiting immediately... The actor is dead because its owner has died. Owner Id: 1f61894151c20b14da0063ae691350a000753e7579d127b187fb3a27 Owner Ip address: 10.244.18.139 Owner worker exit type: INTENDED_SYSTEM_EXIT Worker exit detail: Owner's worker process has crashed.
[2026-09-04 01:12:01,033 I 858 886] core_worker_shutdown_executor.cc:303: Try killing all child processes of this worker as it exits. Child process pids: 952,953
[2026-09-04 01:12:01,033 I 858 886] core_worker_shutdown_executor.cc:312: Kill result for child pid 952: Success, bool 0
[2026-09-04 01:12:01,033 I 858 886] core_worker_shutdown_executor.cc:312: Kill result for child pid 953: Success, bool 0
[2026-09-04 01:12:01,034 I 858 886] core_worker_shutdown_executor.cc:368: Sending disconnect message to the local raylet.
[2026-09-04 01:12:01,034 I 858 886] raylet_ipc_client.cc:133: RayletIpcClient::Disconnect, exit_type=INTENDED_SYSTEM_EXIT, exit_detail=Worker exits because the actor is killed. The actor is dead because its owner has died. Owner Id: 1f61894151c20b14da0063ae691350a000753e7579d127b187fb3a27 Owner Ip address: 10.244.18.139 Owner worker exit type: INTENDED_SYSTEM_EXIT Worker exit detail: Owner's worker process has crashed., has creation_task_exception_pb_bytes=0
[2026-09-04 01:12:01,034 I 858 886] core_worker_shutdown_executor.cc:384: Disconnected from the local raylet.
[2026-09-04 01:12:01,034 W 858 886] core_worker_shutdown_executor.cc:393: Quick exit - terminating process immediately
